== run_capacity_full: machine=upgrade core=5 coarse_max=67108864 seed=12345 ==
== timestamp=20260908T231109Z ==
-- coarse sweep 1024-67108864 bytes --
  wrote 129002 lines -> data_raw/upgrade/capacity/capacity_coarse_random_20260908T231109Z.csv
  wrote 129002 lines -> data_raw/upgrade/capacity/capacity_coarse_sequential_20260908T231109Z.csv
Wrote 129 summary rows to data_processed/upgrade/capacity/coarse_random_summary.csv
Wrote 129 summary rows to data_processed/upgrade/capacity/coarse_sequential_summary.csv
-- tail-extension sweep 67108864-268435456 bytes --
  wrote 17002 lines -> data_raw/upgrade/capacity/capacity_coarse_ext_random_20260908T231109Z.csv
  wrote 17002 lines -> data_raw/upgrade/capacity/capacity_coarse_ext_sequential_20260908T231109Z.csv
Wrote 17 summary rows to data_processed/upgrade/capacity/coarse_ext_random_summary.csv
Wrote 17 summary rows to data_processed/upgrade/capacity/coarse_ext_sequential_summary.csv
-- detected boundaries (bytes): 185360 311744 9975792 11863280 18295680 21757352 --
-- dense sweep around boundary 185360 bytes: 23170-1482880 --
  wrote 289002 lines -> data_raw/upgrade/capacity/capacity_dense0_random_20260908T231109Z.csv
  wrote 289002 lines -> data_raw/upgrade/capacity/capacity_dense0_sequential_20260908T231109Z.csv
Wrote 289 summary rows to data_processed/upgrade/capacity/dense0_random_summary.csv
Wrote 289 summary rows to data_processed/upgrade/capacity/dense0_sequential_summary.csv
-- dense sweep around boundary 311744 bytes: 38968-2493952 --
  wrote 289002 lines -> data_raw/upgrade/capacity/capacity_dense1_random_20260908T231109Z.csv
  wrote 289002 lines -> data_raw/upgrade/capacity/capacity_dense1_sequential_20260908T231109Z.csv
Wrote 289 summary rows to data_processed/upgrade/capacity/dense1_random_summary.csv
Wrote 289 summary rows to data_processed/upgrade/capacity/dense1_sequential_summary.csv
-- dense sweep around boundary 9975792 bytes: 1246974-79806336 --
  wrote 289002 lines -> data_raw/upgrade/capacity/capacity_dense2_random_20260908T231109Z.csv
  wrote 289002 lines -> data_raw/upgrade/capacity/capacity_dense2_sequential_20260908T231109Z.csv
Wrote 289 summary rows to data_processed/upgrade/capacity/dense2_random_summary.csv
Wrote 289 summary rows to data_processed/upgrade/capacity/dense2_sequential_summary.csv
-- dense sweep around boundary 11863280 bytes: 1482910-94906240 --
  wrote 289002 lines -> data_raw/upgrade/capacity/capacity_dense3_random_20260908T231109Z.csv
  wrote 289002 lines -> data_raw/upgrade/capacity/capacity_dense3_sequential_20260908T231109Z.csv
Wrote 289 summary rows to data_processed/upgrade/capacity/dense3_random_summary.csv
Wrote 289 summary rows to data_processed/upgrade/capacity/dense3_sequential_summary.csv
-- dense sweep around boundary 18295680 bytes: 2286960-146365440 --
  wrote 289002 lines -> data_raw/upgrade/capacity/capacity_dense4_random_20260908T231109Z.csv
  wrote 289002 lines -> data_raw/upgrade/capacity/capacity_dense4_sequential_20260908T231109Z.csv
Wrote 289 summary rows to data_processed/upgrade/capacity/dense4_random_summary.csv
Wrote 289 summary rows to data_processed/upgrade/capacity/dense4_sequential_summary.csv
-- dense sweep around boundary 21757352 bytes: 2719669-174058816 --
  wrote 289002 lines -> data_raw/upgrade/capacity/capacity_dense5_random_20260908T231109Z.csv
  wrote 289002 lines -> data_raw/upgrade/capacity/capacity_dense5_sequential_20260908T231109Z.csv
Wrote 289 summary rows to data_processed/upgrade/capacity/dense5_random_summary.csv
Wrote 289 summary rows to data_processed/upgrade/capacity/dense5_sequential_summary.csv
  -- repeat 1/2 of deepest boundary's dense window --
  wrote 289002 lines -> data_raw/upgrade/capacity/capacity_dense5_rep1_random_20260908T231109Z.csv
  wrote 289002 lines -> data_raw/upgrade/capacity/capacity_dense5_rep1_sequential_20260908T231109Z.csv
Wrote 289 summary rows to data_processed/upgrade/capacity/dense5_rep1_random_summary.csv
Wrote 289 summary rows to data_processed/upgrade/capacity/dense5_rep1_sequential_summary.csv
  -- repeat 2/2 of deepest boundary's dense window --
  wrote 289002 lines -> data_raw/upgrade/capacity/capacity_dense5_rep2_random_20260908T231109Z.csv
  wrote 289002 lines -> data_raw/upgrade/capacity/capacity_dense5_rep2_sequential_20260908T231109Z.csv
Wrote 289 summary rows to data_processed/upgrade/capacity/dense5_rep2_random_summary.csv
Wrote 289 summary rows to data_processed/upgrade/capacity/dense5_rep2_sequential_summary.csv
-- dense sweep past deepest boundary, checking for a further plateau: 67108864-268435456 --
  wrote 97002 lines -> data_raw/upgrade/capacity/capacity_denseTail_random_20260908T231109Z.csv
  wrote 97002 lines -> data_raw/upgrade/capacity/capacity_denseTail_sequential_20260908T231109Z.csv
Wrote 97 summary rows to data_processed/upgrade/capacity/denseTail_random_summary.csv
Wrote 97 summary rows to data_processed/upgrade/capacity/denseTail_sequential_summary.csv
-- generating plots --
Traceback (most recent call last):
  File "/home/nsngo/ECE592/Proj1-Cache-Reverse-Engineering/scripts/plot_capacity.py", line 33, in <module>
    import matplotlib
ModuleNotFoundError: No module named 'matplotlib'
