== run_line_size: machine=hazel_icelake_8358 core=32 seed=12345 ==
== timestamp=20260915T022749Z boundaries=32768,1310720,50331648 coarse_strides=8,16,32,64,128,256 ==

############################################################
## LEVEL boundary=32768B -- Method A window=[4096,131072] bytes
############################################################
-- [L32768 A coarse] stride=8B pattern=random offset=0B --
  wrote 31002 lines -> data_raw/hazel_icelake_8358/line_size/level_32768/family_8_random_20260915T022749Z.csv
Wrote 31 summary rows to data_processed/hazel_icelake_8358/line_size/level_32768/family_8_random_summary.csv
-- [L32768 A coarse] stride=8B pattern=sequential offset=0B --
  wrote 31002 lines -> data_raw/hazel_icelake_8358/line_size/level_32768/family_8_sequential_20260915T022749Z.csv
Wrote 31 summary rows to data_processed/hazel_icelake_8358/line_size/level_32768/family_8_sequential_summary.csv
-- [L32768 A coarse] stride=16B pattern=random offset=0B --
  wrote 31002 lines -> data_raw/hazel_icelake_8358/line_size/level_32768/family_16_random_20260915T022749Z.csv
Wrote 31 summary rows to data_processed/hazel_icelake_8358/line_size/level_32768/family_16_random_summary.csv
-- [L32768 A coarse] stride=16B pattern=sequential offset=0B --
  wrote 31002 lines -> data_raw/hazel_icelake_8358/line_size/level_32768/family_16_sequential_20260915T022749Z.csv
Wrote 31 summary rows to data_processed/hazel_icelake_8358/line_size/level_32768/family_16_sequential_summary.csv
-- [L32768 A coarse] stride=32B pattern=random offset=0B --
  wrote 31002 lines -> data_raw/hazel_icelake_8358/line_size/level_32768/family_32_random_20260915T022749Z.csv
Wrote 31 summary rows to data_processed/hazel_icelake_8358/line_size/level_32768/family_32_random_summary.csv
-- [L32768 A coarse] stride=32B pattern=sequential offset=0B --
  wrote 31002 lines -> data_raw/hazel_icelake_8358/line_size/level_32768/family_32_sequential_20260915T022749Z.csv
Wrote 31 summary rows to data_processed/hazel_icelake_8358/line_size/level_32768/family_32_sequential_summary.csv
-- [L32768 A coarse] stride=64B pattern=random offset=0B --
  wrote 31002 lines -> data_raw/hazel_icelake_8358/line_size/level_32768/family_64_random_20260915T022749Z.csv
Wrote 31 summary rows to data_processed/hazel_icelake_8358/line_size/level_32768/family_64_random_summary.csv
-- [L32768 A coarse] stride=64B pattern=sequential offset=0B --
  wrote 31002 lines -> data_raw/hazel_icelake_8358/line_size/level_32768/family_64_sequential_20260915T022749Z.csv
Wrote 31 summary rows to data_processed/hazel_icelake_8358/line_size/level_32768/family_64_sequential_summary.csv
-- [L32768 A coarse] stride=128B pattern=random offset=0B --
  wrote 31002 lines -> data_raw/hazel_icelake_8358/line_size/level_32768/family_128_random_20260915T022749Z.csv
Wrote 31 summary rows to data_processed/hazel_icelake_8358/line_size/level_32768/family_128_random_summary.csv
-- [L32768 A coarse] stride=128B pattern=sequential offset=0B --
  wrote 31002 lines -> data_raw/hazel_icelake_8358/line_size/level_32768/family_128_sequential_20260915T022749Z.csv
Wrote 31 summary rows to data_processed/hazel_icelake_8358/line_size/level_32768/family_128_sequential_summary.csv
-- [L32768 A coarse] stride=256B pattern=random offset=0B --
  wrote 31002 lines -> data_raw/hazel_icelake_8358/line_size/level_32768/family_256_random_20260915T022749Z.csv
Wrote 31 summary rows to data_processed/hazel_icelake_8358/line_size/level_32768/family_256_random_summary.csv
-- [L32768 A coarse] stride=256B pattern=sequential offset=0B --
  wrote 31002 lines -> data_raw/hazel_icelake_8358/line_size/level_32768/family_256_sequential_20260915T022749Z.csv
Wrote 31 summary rows to data_processed/hazel_icelake_8358/line_size/level_32768/family_256_sequential_summary.csv
-- [L32768 A steps 1-3] generating coarse family-of-curves plots --
Wrote data_processed/hazel_icelake_8358/line_size/level_32768/plots/line_size_family_curve.pdf and .png
-- per-stride elbow (bytes): {8B: None, 16B: None, 32B: None, 64B: None, 128B: None, 256B: None}
-- no candidate stride's elbow agreed with the largest tested stride's within the swept footprint range -- either every tested stride is below the true line size, or the footprint ceiling needs raising
Wrote data_processed/hazel_icelake_8358/line_size/level_32768/plots/line_size_family_boxplots.pdf and .png
   (the per-stride elbow / line-size-estimate lines just above are
   plot_line_size_family.py's own diagnostic guess from ONE un-repeated coarse
   sweep -- NOT auto-applied below; see data_processed/hazel_icelake_8358/line_size/level_32768/plots/line_size_family_curve.png
   and decide the step-4 candidate yourself)
== [L32768 A] no candidate given for this level -- inspect
   data_processed/hazel_icelake_8358/line_size/level_32768/plots/line_size_family_curve.png yourself and re-run with an
   explicit candidate stride in candidate_overrides_csv for this level (no
   auto-detection: it proved unreliable across runs/cores, see the script's
   header comment). Skipping Method-A step 4.

-- [L32768 B] single-curve method, footprint_bytes=65536 (2.0x boundary) --
-- [L32768 B coarse] stride 8-1024 bytes (step 8) --
  wrote 128002 lines -> data_raw/hazel_icelake_8358/line_size/level_32768/singlecurve_coarse_random_20260915T022749Z.csv
  wrote 128002 lines -> data_raw/hazel_icelake_8358/line_size/level_32768/singlecurve_coarse_sequential_20260915T022749Z.csv
Wrote 128 summary rows to data_processed/hazel_icelake_8358/line_size/level_32768/singlecurve_coarse_random_summary.csv
Wrote 128 summary rows to data_processed/hazel_icelake_8358/line_size/level_32768/singlecurve_coarse_sequential_summary.csv
-- [L32768 B] detected line-size estimate (bytes): none --
-- [L32768 B] no transition detected in the coarse sweep; skipping dense/repeat stages --
-- [L32768 B] generating single-curve plots --
  note: flagged 5 isolated spike stride(s) as probable page-aliasing artifacts: [8, 128, 256, 512, 1024]
Wrote data_processed/hazel_icelake_8358/line_size/level_32768/plots/line_size_curve.pdf and .png
Wrote data_processed/hazel_icelake_8358/line_size/level_32768/plots/line_size_boxplots.pdf and .png
-- compressing raw CSVs for level 32768 --

############################################################
## LEVEL boundary=1310720B -- Method A window=[163840,5242880] bytes
############################################################
-- [L1310720 A coarse] stride=8B pattern=random offset=0B --
  wrote 31002 lines -> data_raw/hazel_icelake_8358/line_size/level_1310720/family_8_random_20260915T022749Z.csv
Wrote 31 summary rows to data_processed/hazel_icelake_8358/line_size/level_1310720/family_8_random_summary.csv
-- [L1310720 A coarse] stride=8B pattern=sequential offset=0B --
  wrote 31002 lines -> data_raw/hazel_icelake_8358/line_size/level_1310720/family_8_sequential_20260915T022749Z.csv
Wrote 31 summary rows to data_processed/hazel_icelake_8358/line_size/level_1310720/family_8_sequential_summary.csv
-- [L1310720 A coarse] stride=16B pattern=random offset=0B --
  wrote 31002 lines -> data_raw/hazel_icelake_8358/line_size/level_1310720/family_16_random_20260915T022749Z.csv
Wrote 31 summary rows to data_processed/hazel_icelake_8358/line_size/level_1310720/family_16_random_summary.csv
-- [L1310720 A coarse] stride=16B pattern=sequential offset=0B --
  wrote 31002 lines -> data_raw/hazel_icelake_8358/line_size/level_1310720/family_16_sequential_20260915T022749Z.csv
Wrote 31 summary rows to data_processed/hazel_icelake_8358/line_size/level_1310720/family_16_sequential_summary.csv
-- [L1310720 A coarse] stride=32B pattern=random offset=0B --
  wrote 31002 lines -> data_raw/hazel_icelake_8358/line_size/level_1310720/family_32_random_20260915T022749Z.csv
Wrote 31 summary rows to data_processed/hazel_icelake_8358/line_size/level_1310720/family_32_random_summary.csv
-- [L1310720 A coarse] stride=32B pattern=sequential offset=0B --
  wrote 31002 lines -> data_raw/hazel_icelake_8358/line_size/level_1310720/family_32_sequential_20260915T022749Z.csv
Wrote 31 summary rows to data_processed/hazel_icelake_8358/line_size/level_1310720/family_32_sequential_summary.csv
-- [L1310720 A coarse] stride=64B pattern=random offset=0B --
  wrote 31002 lines -> data_raw/hazel_icelake_8358/line_size/level_1310720/family_64_random_20260915T022749Z.csv
Wrote 31 summary rows to data_processed/hazel_icelake_8358/line_size/level_1310720/family_64_random_summary.csv
-- [L1310720 A coarse] stride=64B pattern=sequential offset=0B --
  wrote 31002 lines -> data_raw/hazel_icelake_8358/line_size/level_1310720/family_64_sequential_20260915T022749Z.csv
Wrote 31 summary rows to data_processed/hazel_icelake_8358/line_size/level_1310720/family_64_sequential_summary.csv
-- [L1310720 A coarse] stride=128B pattern=random offset=0B --
  wrote 31002 lines -> data_raw/hazel_icelake_8358/line_size/level_1310720/family_128_random_20260915T022749Z.csv
Wrote 31 summary rows to data_processed/hazel_icelake_8358/line_size/level_1310720/family_128_random_summary.csv
-- [L1310720 A coarse] stride=128B pattern=sequential offset=0B --
  wrote 31002 lines -> data_raw/hazel_icelake_8358/line_size/level_1310720/family_128_sequential_20260915T022749Z.csv
Wrote 31 summary rows to data_processed/hazel_icelake_8358/line_size/level_1310720/family_128_sequential_summary.csv
-- [L1310720 A coarse] stride=256B pattern=random offset=0B --
  wrote 31002 lines -> data_raw/hazel_icelake_8358/line_size/level_1310720/family_256_random_20260915T022749Z.csv
Wrote 31 summary rows to data_processed/hazel_icelake_8358/line_size/level_1310720/family_256_random_summary.csv
-- [L1310720 A coarse] stride=256B pattern=sequential offset=0B --
  wrote 31002 lines -> data_raw/hazel_icelake_8358/line_size/level_1310720/family_256_sequential_20260915T022749Z.csv
Wrote 31 summary rows to data_processed/hazel_icelake_8358/line_size/level_1310720/family_256_sequential_summary.csv
-- [L1310720 A steps 1-3] generating coarse family-of-curves plots --
Wrote data_processed/hazel_icelake_8358/line_size/level_1310720/plots/line_size_family_curve.pdf and .png
-- per-stride elbow (bytes): {8B: 3302800, 16B: 2942464, 32B: 2335424, 64B: 3707264, 128B: 1853568, 256B: 1853440}
-- line-size estimate: smallest candidate stride whose elbow agrees with largest tested stride (~1853440 bytes) is 128B -- see infer_line_size's docstring caveat on the fixed grid resolution before citing this as a clean line-size number on its own
Wrote data_processed/hazel_icelake_8358/line_size/level_1310720/plots/line_size_family_boxplots.pdf and .png
   (the per-stride elbow / line-size-estimate lines just above are
   plot_line_size_family.py's own diagnostic guess from ONE un-repeated coarse
   sweep -- NOT auto-applied below; see data_processed/hazel_icelake_8358/line_size/level_1310720/plots/line_size_family_curve.png
   and decide the step-4 candidate yourself)
== [L1310720 A] no candidate given for this level -- inspect
   data_processed/hazel_icelake_8358/line_size/level_1310720/plots/line_size_family_curve.png yourself and re-run with an
   explicit candidate stride in candidate_overrides_csv for this level (no
   auto-detection: it proved unreliable across runs/cores, see the script's
   header comment). Skipping Method-A step 4.

-- [L1310720 B] single-curve method, footprint_bytes=2621440 (2.0x boundary) --
-- [L1310720 B coarse] stride 8-1024 bytes (step 8) --
  wrote 128002 lines -> data_raw/hazel_icelake_8358/line_size/level_1310720/singlecurve_coarse_random_20260915T022749Z.csv
  wrote 128002 lines -> data_raw/hazel_icelake_8358/line_size/level_1310720/singlecurve_coarse_sequential_20260915T022749Z.csv
Wrote 128 summary rows to data_processed/hazel_icelake_8358/line_size/level_1310720/singlecurve_coarse_random_summary.csv
Wrote 128 summary rows to data_processed/hazel_icelake_8358/line_size/level_1310720/singlecurve_coarse_sequential_summary.csv
-- [L1310720 B] detected line-size estimate (bytes): none --
-- [L1310720 B] no transition detected in the coarse sweep; skipping dense/repeat stages --
-- [L1310720 B] generating single-curve plots --
  note: flagged 10 isolated spike stride(s) as probable page-aliasing artifacts: [8, 32, 128, 176, 256, 392, 408, 512, 792, 1024]
Wrote data_processed/hazel_icelake_8358/line_size/level_1310720/plots/line_size_curve.pdf and .png
Wrote data_processed/hazel_icelake_8358/line_size/level_1310720/plots/line_size_boxplots.pdf and .png
-- compressing raw CSVs for level 1310720 --

############################################################
## LEVEL boundary=50331648B -- Method A window=[6291456,201326592] bytes
############################################################
-- [L50331648 A coarse] stride=8B pattern=random offset=0B --
  wrote 31002 lines -> data_raw/hazel_icelake_8358/line_size/level_50331648/family_8_random_20260915T022749Z.csv
Wrote 31 summary rows to data_processed/hazel_icelake_8358/line_size/level_50331648/family_8_random_summary.csv
-- [L50331648 A coarse] stride=8B pattern=sequential offset=0B --
  wrote 31002 lines -> data_raw/hazel_icelake_8358/line_size/level_50331648/family_8_sequential_20260915T022749Z.csv
Wrote 31 summary rows to data_processed/hazel_icelake_8358/line_size/level_50331648/family_8_sequential_summary.csv
-- [L50331648 A coarse] stride=16B pattern=random offset=0B --
  wrote 31002 lines -> data_raw/hazel_icelake_8358/line_size/level_50331648/family_16_random_20260915T022749Z.csv
Wrote 31 summary rows to data_processed/hazel_icelake_8358/line_size/level_50331648/family_16_random_summary.csv
-- [L50331648 A coarse] stride=16B pattern=sequential offset=0B --
  wrote 31002 lines -> data_raw/hazel_icelake_8358/line_size/level_50331648/family_16_sequential_20260915T022749Z.csv
Wrote 31 summary rows to data_processed/hazel_icelake_8358/line_size/level_50331648/family_16_sequential_summary.csv
-- [L50331648 A coarse] stride=32B pattern=random offset=0B --
  wrote 31002 lines -> data_raw/hazel_icelake_8358/line_size/level_50331648/family_32_random_20260915T022749Z.csv
Wrote 31 summary rows to data_processed/hazel_icelake_8358/line_size/level_50331648/family_32_random_summary.csv
-- [L50331648 A coarse] stride=32B pattern=sequential offset=0B --
  wrote 31002 lines -> data_raw/hazel_icelake_8358/line_size/level_50331648/family_32_sequential_20260915T022749Z.csv
Wrote 31 summary rows to data_processed/hazel_icelake_8358/line_size/level_50331648/family_32_sequential_summary.csv
-- [L50331648 A coarse] stride=64B pattern=random offset=0B --
  wrote 31002 lines -> data_raw/hazel_icelake_8358/line_size/level_50331648/family_64_random_20260915T022749Z.csv
Wrote 31 summary rows to data_processed/hazel_icelake_8358/line_size/level_50331648/family_64_random_summary.csv
-- [L50331648 A coarse] stride=64B pattern=sequential offset=0B --
  wrote 31002 lines -> data_raw/hazel_icelake_8358/line_size/level_50331648/family_64_sequential_20260915T022749Z.csv
Wrote 31 summary rows to data_processed/hazel_icelake_8358/line_size/level_50331648/family_64_sequential_summary.csv
-- [L50331648 A coarse] stride=128B pattern=random offset=0B --
  wrote 31002 lines -> data_raw/hazel_icelake_8358/line_size/level_50331648/family_128_random_20260915T022749Z.csv
Wrote 31 summary rows to data_processed/hazel_icelake_8358/line_size/level_50331648/family_128_random_summary.csv
-- [L50331648 A coarse] stride=128B pattern=sequential offset=0B --
  wrote 31002 lines -> data_raw/hazel_icelake_8358/line_size/level_50331648/family_128_sequential_20260915T022749Z.csv
Wrote 31 summary rows to data_processed/hazel_icelake_8358/line_size/level_50331648/family_128_sequential_summary.csv
-- [L50331648 A coarse] stride=256B pattern=random offset=0B --
  wrote 31002 lines -> data_raw/hazel_icelake_8358/line_size/level_50331648/family_256_random_20260915T022749Z.csv
Wrote 31 summary rows to data_processed/hazel_icelake_8358/line_size/level_50331648/family_256_random_summary.csv
-- [L50331648 A coarse] stride=256B pattern=sequential offset=0B --
  wrote 31002 lines -> data_raw/hazel_icelake_8358/line_size/level_50331648/family_256_sequential_20260915T022749Z.csv
Wrote 31 summary rows to data_processed/hazel_icelake_8358/line_size/level_50331648/family_256_sequential_summary.csv
-- [L50331648 A steps 1-3] generating coarse family-of-curves plots --
Wrote data_processed/hazel_icelake_8358/line_size/level_50331648/plots/line_size_family_curve.pdf and .png
-- per-stride elbow (bytes): {8B: 56495360, 16B: 63413888, 32B: 35589824, 64B: 31706944, 128B: 39948160, 256B: 50331648}
-- line-size estimate: smallest candidate stride whose elbow agrees with largest tested stride (~50331648 bytes) is 8B -- see infer_line_size's docstring caveat on the fixed grid resolution before citing this as a clean line-size number on its own
Wrote data_processed/hazel_icelake_8358/line_size/level_50331648/plots/line_size_family_boxplots.pdf and .png
   (the per-stride elbow / line-size-estimate lines just above are
   plot_line_size_family.py's own diagnostic guess from ONE un-repeated coarse
   sweep -- NOT auto-applied below; see data_processed/hazel_icelake_8358/line_size/level_50331648/plots/line_size_family_curve.png
   and decide the step-4 candidate yourself)
== [L50331648 A] no candidate given for this level -- inspect
   data_processed/hazel_icelake_8358/line_size/level_50331648/plots/line_size_family_curve.png yourself and re-run with an
   explicit candidate stride in candidate_overrides_csv for this level (no
   auto-detection: it proved unreliable across runs/cores, see the script's
   header comment). Skipping Method-A step 4.

-- [L50331648 B] single-curve method, footprint_bytes=100663296 (2.0x boundary) --
-- [L50331648 B coarse] stride 8-1024 bytes (step 8) --
  wrote 128002 lines -> data_raw/hazel_icelake_8358/line_size/level_50331648/singlecurve_coarse_random_20260915T022749Z.csv
  wrote 128002 lines -> data_raw/hazel_icelake_8358/line_size/level_50331648/singlecurve_coarse_sequential_20260915T022749Z.csv
Wrote 128 summary rows to data_processed/hazel_icelake_8358/line_size/level_50331648/singlecurve_coarse_random_summary.csv
Wrote 128 summary rows to data_processed/hazel_icelake_8358/line_size/level_50331648/singlecurve_coarse_sequential_summary.csv
-- [L50331648 B] detected line-size estimate (bytes): none --
-- [L50331648 B] no transition detected in the coarse sweep; skipping dense/repeat stages --
-- [L50331648 B] generating single-curve plots --
  note: flagged 14 isolated spike stride(s) as probable page-aliasing artifacts: [336, 376, 472, 488, 592, 664, 704, 712, 720, 736, 768, 976, 1008, 1024]
Wrote data_processed/hazel_icelake_8358/line_size/level_50331648/plots/line_size_curve.pdf and .png
Wrote data_processed/hazel_icelake_8358/line_size/level_50331648/plots/line_size_boxplots.pdf and .png
-- compressing raw CSVs for level 50331648 --

############################################################
## step 5: cross-level, cross-method agreement summary
############################################################
   level boundary=32768B -> method A (family of curves) = noneB, method B (single curve) = noneB
   level boundary=1310720B -> method A (family of curves) = noneB, method B (single curve) = noneB
   level boundary=50331648B -> method A (family of curves) = noneB, method B (single curve) = noneB
== no level/method produced a usable estimate -- widen windows or strides before citing anything
== done: all levels, both methods, complete ==
== this is a FROZEN PHASE-I TIMING-ONLY result -- compare against PMU counters
   and the documented/system-reported line size in Phase II before treating it as
   confirmed (see README.md's Phase I/II/III discipline).
== plots per level: data_processed/hazel_icelake_8358/line_size/level_<boundary>/plots/line_size_family_{curve,boxplots}.{png,pdf} (A, steps 1-3),
          .../line_size_offset_{elbow,boxplots}.{png,pdf} (A, step 4), .../line_size_{curve,boxplots}.{png,pdf} (B) ==
== record in data_raw/hazel_icelake_8358/README.md: boundaries=32768,1310720,50331648, core=32,
   seed=12345, samples=1000000, coarse_strides=8,16,32,64,128,256, per-level/per-method estimates as above,
   timestamp=20260915T022749Z ==
== full transcript saved to: data_raw/hazel_icelake_8358/line_size/run_line_size_20260915T022749Z.log ==
