== run_hit_latency_full: machine=hazel_broadwell/phase1_v2 core=12 base_seed=12345 ==
== timestamp=20260916T044219Z ==

== level L1: footprint_bytes=32768 ==
-- base (seed=12345) --
  wrote 1002 lines -> data_raw/hazel_broadwell/phase1_v2/latency/hit/L1/hit_latency_base_dependent_random_20260916T044219Z.csv (mode=dependent pattern=random seed=12345)
Wrote 1 summary rows to data_processed/hazel_broadwell/phase1_v2/latency/hit/L1/base_dependent_random_summary_20260916T044219Z.csv
  wrote 1002 lines -> data_raw/hazel_broadwell/phase1_v2/latency/hit/L1/hit_latency_base_dependent_sequential_20260916T044219Z.csv (mode=dependent pattern=sequential seed=12345)
Wrote 1 summary rows to data_processed/hazel_broadwell/phase1_v2/latency/hit/L1/base_dependent_sequential_summary_20260916T044219Z.csv
  wrote 1002 lines -> data_raw/hazel_broadwell/phase1_v2/latency/hit/L1/hit_latency_base_independent_random_20260916T044219Z.csv (mode=independent pattern=random seed=12345)
Wrote 1 summary rows to data_processed/hazel_broadwell/phase1_v2/latency/hit/L1/base_independent_random_summary_20260916T044219Z.csv
  wrote 1002 lines -> data_raw/hazel_broadwell/phase1_v2/latency/hit/L1/hit_latency_base_independent_sequential_20260916T044219Z.csv (mode=independent pattern=sequential seed=12345)
Wrote 1 summary rows to data_processed/hazel_broadwell/phase1_v2/latency/hit/L1/base_independent_sequential_summary_20260916T044219Z.csv
-- rep1 (seed=12346) --
  wrote 1002 lines -> data_raw/hazel_broadwell/phase1_v2/latency/hit/L1/hit_latency_rep1_dependent_random_20260916T044219Z.csv (mode=dependent pattern=random seed=12346)
Wrote 1 summary rows to data_processed/hazel_broadwell/phase1_v2/latency/hit/L1/rep1_dependent_random_summary_20260916T044219Z.csv
  wrote 1002 lines -> data_raw/hazel_broadwell/phase1_v2/latency/hit/L1/hit_latency_rep1_dependent_sequential_20260916T044219Z.csv (mode=dependent pattern=sequential seed=12346)
Wrote 1 summary rows to data_processed/hazel_broadwell/phase1_v2/latency/hit/L1/rep1_dependent_sequential_summary_20260916T044219Z.csv
  wrote 1002 lines -> data_raw/hazel_broadwell/phase1_v2/latency/hit/L1/hit_latency_rep1_independent_random_20260916T044219Z.csv (mode=independent pattern=random seed=12346)
Wrote 1 summary rows to data_processed/hazel_broadwell/phase1_v2/latency/hit/L1/rep1_independent_random_summary_20260916T044219Z.csv
  wrote 1002 lines -> data_raw/hazel_broadwell/phase1_v2/latency/hit/L1/hit_latency_rep1_independent_sequential_20260916T044219Z.csv (mode=independent pattern=sequential seed=12346)
Wrote 1 summary rows to data_processed/hazel_broadwell/phase1_v2/latency/hit/L1/rep1_independent_sequential_summary_20260916T044219Z.csv
-- rep2 (seed=12347) --
  wrote 1002 lines -> data_raw/hazel_broadwell/phase1_v2/latency/hit/L1/hit_latency_rep2_dependent_random_20260916T044219Z.csv (mode=dependent pattern=random seed=12347)
Wrote 1 summary rows to data_processed/hazel_broadwell/phase1_v2/latency/hit/L1/rep2_dependent_random_summary_20260916T044219Z.csv
  wrote 1002 lines -> data_raw/hazel_broadwell/phase1_v2/latency/hit/L1/hit_latency_rep2_dependent_sequential_20260916T044219Z.csv (mode=dependent pattern=sequential seed=12347)
Wrote 1 summary rows to data_processed/hazel_broadwell/phase1_v2/latency/hit/L1/rep2_dependent_sequential_summary_20260916T044219Z.csv
  wrote 1002 lines -> data_raw/hazel_broadwell/phase1_v2/latency/hit/L1/hit_latency_rep2_independent_random_20260916T044219Z.csv (mode=independent pattern=random seed=12347)
Wrote 1 summary rows to data_processed/hazel_broadwell/phase1_v2/latency/hit/L1/rep2_independent_random_summary_20260916T044219Z.csv
  wrote 1002 lines -> data_raw/hazel_broadwell/phase1_v2/latency/hit/L1/hit_latency_rep2_independent_sequential_20260916T044219Z.csv (mode=independent pattern=sequential seed=12347)
Wrote 1 summary rows to data_processed/hazel_broadwell/phase1_v2/latency/hit/L1/rep2_independent_sequential_summary_20260916T044219Z.csv
-- generating plots for L1 --
random: independent < dependent (7.45 vs 9.09 ticks) [expected]
sequential: independent < dependent (7.35 vs 8.99 ticks) [expected]
Wrote data_processed/hazel_broadwell/phase1_v2/latency/hit/L1/plots/hit_latency_boxplots.pdf and .png
-- compressing raw CSVs for L1 --

== level L2: footprint_bytes=262144 ==
-- base (seed=12345) --
  wrote 1002 lines -> data_raw/hazel_broadwell/phase1_v2/latency/hit/L2/hit_latency_base_dependent_random_20260916T044219Z.csv (mode=dependent pattern=random seed=12345)
Wrote 1 summary rows to data_processed/hazel_broadwell/phase1_v2/latency/hit/L2/base_dependent_random_summary_20260916T044219Z.csv
  wrote 1002 lines -> data_raw/hazel_broadwell/phase1_v2/latency/hit/L2/hit_latency_base_dependent_sequential_20260916T044219Z.csv (mode=dependent pattern=sequential seed=12345)
Wrote 1 summary rows to data_processed/hazel_broadwell/phase1_v2/latency/hit/L2/base_dependent_sequential_summary_20260916T044219Z.csv
  wrote 1002 lines -> data_raw/hazel_broadwell/phase1_v2/latency/hit/L2/hit_latency_base_independent_random_20260916T044219Z.csv (mode=independent pattern=random seed=12345)
Wrote 1 summary rows to data_processed/hazel_broadwell/phase1_v2/latency/hit/L2/base_independent_random_summary_20260916T044219Z.csv
  wrote 1002 lines -> data_raw/hazel_broadwell/phase1_v2/latency/hit/L2/hit_latency_base_independent_sequential_20260916T044219Z.csv (mode=independent pattern=sequential seed=12345)
Wrote 1 summary rows to data_processed/hazel_broadwell/phase1_v2/latency/hit/L2/base_independent_sequential_summary_20260916T044219Z.csv
-- rep1 (seed=12346) --
  wrote 1002 lines -> data_raw/hazel_broadwell/phase1_v2/latency/hit/L2/hit_latency_rep1_dependent_random_20260916T044219Z.csv (mode=dependent pattern=random seed=12346)
Wrote 1 summary rows to data_processed/hazel_broadwell/phase1_v2/latency/hit/L2/rep1_dependent_random_summary_20260916T044219Z.csv
  wrote 1002 lines -> data_raw/hazel_broadwell/phase1_v2/latency/hit/L2/hit_latency_rep1_dependent_sequential_20260916T044219Z.csv (mode=dependent pattern=sequential seed=12346)
Wrote 1 summary rows to data_processed/hazel_broadwell/phase1_v2/latency/hit/L2/rep1_dependent_sequential_summary_20260916T044219Z.csv
  wrote 1002 lines -> data_raw/hazel_broadwell/phase1_v2/latency/hit/L2/hit_latency_rep1_independent_random_20260916T044219Z.csv (mode=independent pattern=random seed=12346)
Wrote 1 summary rows to data_processed/hazel_broadwell/phase1_v2/latency/hit/L2/rep1_independent_random_summary_20260916T044219Z.csv
  wrote 1002 lines -> data_raw/hazel_broadwell/phase1_v2/latency/hit/L2/hit_latency_rep1_independent_sequential_20260916T044219Z.csv (mode=independent pattern=sequential seed=12346)
Wrote 1 summary rows to data_processed/hazel_broadwell/phase1_v2/latency/hit/L2/rep1_independent_sequential_summary_20260916T044219Z.csv
-- rep2 (seed=12347) --
  wrote 1002 lines -> data_raw/hazel_broadwell/phase1_v2/latency/hit/L2/hit_latency_rep2_dependent_random_20260916T044219Z.csv (mode=dependent pattern=random seed=12347)
Wrote 1 summary rows to data_processed/hazel_broadwell/phase1_v2/latency/hit/L2/rep2_dependent_random_summary_20260916T044219Z.csv
  wrote 1002 lines -> data_raw/hazel_broadwell/phase1_v2/latency/hit/L2/hit_latency_rep2_dependent_sequential_20260916T044219Z.csv (mode=dependent pattern=sequential seed=12347)
Wrote 1 summary rows to data_processed/hazel_broadwell/phase1_v2/latency/hit/L2/rep2_dependent_sequential_summary_20260916T044219Z.csv
  wrote 1002 lines -> data_raw/hazel_broadwell/phase1_v2/latency/hit/L2/hit_latency_rep2_independent_random_20260916T044219Z.csv (mode=independent pattern=random seed=12347)
Wrote 1 summary rows to data_processed/hazel_broadwell/phase1_v2/latency/hit/L2/rep2_independent_random_summary_20260916T044219Z.csv
  wrote 1002 lines -> data_raw/hazel_broadwell/phase1_v2/latency/hit/L2/hit_latency_rep2_independent_sequential_20260916T044219Z.csv (mode=independent pattern=sequential seed=12347)
Wrote 1 summary rows to data_processed/hazel_broadwell/phase1_v2/latency/hit/L2/rep2_independent_sequential_summary_20260916T044219Z.csv
-- generating plots for L2 --
random: independent < dependent (9.82 vs 17.18 ticks) [expected]
sequential: independent < dependent (7.36 vs 8.51 ticks) [expected]
Wrote data_processed/hazel_broadwell/phase1_v2/latency/hit/L2/plots/hit_latency_boxplots.pdf and .png
-- compressing raw CSVs for L2 --

== level LLC: footprint_bytes=33554432 ==
-- base (seed=12345) --
  wrote 1002 lines -> data_raw/hazel_broadwell/phase1_v2/latency/hit/LLC/hit_latency_base_dependent_random_20260916T044219Z.csv (mode=dependent pattern=random seed=12345)
Wrote 1 summary rows to data_processed/hazel_broadwell/phase1_v2/latency/hit/LLC/base_dependent_random_summary_20260916T044219Z.csv
  wrote 1002 lines -> data_raw/hazel_broadwell/phase1_v2/latency/hit/LLC/hit_latency_base_dependent_sequential_20260916T044219Z.csv (mode=dependent pattern=sequential seed=12345)
Wrote 1 summary rows to data_processed/hazel_broadwell/phase1_v2/latency/hit/LLC/base_dependent_sequential_summary_20260916T044219Z.csv
  wrote 1002 lines -> data_raw/hazel_broadwell/phase1_v2/latency/hit/LLC/hit_latency_base_independent_random_20260916T044219Z.csv (mode=independent pattern=random seed=12345)
Wrote 1 summary rows to data_processed/hazel_broadwell/phase1_v2/latency/hit/LLC/base_independent_random_summary_20260916T044219Z.csv
  wrote 1002 lines -> data_raw/hazel_broadwell/phase1_v2/latency/hit/LLC/hit_latency_base_independent_sequential_20260916T044219Z.csv (mode=independent pattern=sequential seed=12345)
Wrote 1 summary rows to data_processed/hazel_broadwell/phase1_v2/latency/hit/LLC/base_independent_sequential_summary_20260916T044219Z.csv
-- rep1 (seed=12346) --
  wrote 1002 lines -> data_raw/hazel_broadwell/phase1_v2/latency/hit/LLC/hit_latency_rep1_dependent_random_20260916T044219Z.csv (mode=dependent pattern=random seed=12346)
Wrote 1 summary rows to data_processed/hazel_broadwell/phase1_v2/latency/hit/LLC/rep1_dependent_random_summary_20260916T044219Z.csv
  wrote 1002 lines -> data_raw/hazel_broadwell/phase1_v2/latency/hit/LLC/hit_latency_rep1_dependent_sequential_20260916T044219Z.csv (mode=dependent pattern=sequential seed=12346)
Wrote 1 summary rows to data_processed/hazel_broadwell/phase1_v2/latency/hit/LLC/rep1_dependent_sequential_summary_20260916T044219Z.csv
  wrote 1002 lines -> data_raw/hazel_broadwell/phase1_v2/latency/hit/LLC/hit_latency_rep1_independent_random_20260916T044219Z.csv (mode=independent pattern=random seed=12346)
Wrote 1 summary rows to data_processed/hazel_broadwell/phase1_v2/latency/hit/LLC/rep1_independent_random_summary_20260916T044219Z.csv
  wrote 1002 lines -> data_raw/hazel_broadwell/phase1_v2/latency/hit/LLC/hit_latency_rep1_independent_sequential_20260916T044219Z.csv (mode=independent pattern=sequential seed=12346)
Wrote 1 summary rows to data_processed/hazel_broadwell/phase1_v2/latency/hit/LLC/rep1_independent_sequential_summary_20260916T044219Z.csv
-- rep2 (seed=12347) --
  wrote 1002 lines -> data_raw/hazel_broadwell/phase1_v2/latency/hit/LLC/hit_latency_rep2_dependent_random_20260916T044219Z.csv (mode=dependent pattern=random seed=12347)
Wrote 1 summary rows to data_processed/hazel_broadwell/phase1_v2/latency/hit/LLC/rep2_dependent_random_summary_20260916T044219Z.csv
  wrote 1002 lines -> data_raw/hazel_broadwell/phase1_v2/latency/hit/LLC/hit_latency_rep2_dependent_sequential_20260916T044219Z.csv (mode=dependent pattern=sequential seed=12347)
Wrote 1 summary rows to data_processed/hazel_broadwell/phase1_v2/latency/hit/LLC/rep2_dependent_sequential_summary_20260916T044219Z.csv
  wrote 1002 lines -> data_raw/hazel_broadwell/phase1_v2/latency/hit/LLC/hit_latency_rep2_independent_random_20260916T044219Z.csv (mode=independent pattern=random seed=12347)
Wrote 1 summary rows to data_processed/hazel_broadwell/phase1_v2/latency/hit/LLC/rep2_independent_random_summary_20260916T044219Z.csv
  wrote 1002 lines -> data_raw/hazel_broadwell/phase1_v2/latency/hit/LLC/hit_latency_rep2_independent_sequential_20260916T044219Z.csv (mode=independent pattern=sequential seed=12347)
Wrote 1 summary rows to data_processed/hazel_broadwell/phase1_v2/latency/hit/LLC/rep2_independent_sequential_summary_20260916T044219Z.csv
-- generating plots for LLC --
random: independent < dependent (29.88 vs 104.49 ticks) [expected]
sequential: independent < dependent (7.36 vs 8.92 ticks) [expected]
Wrote data_processed/hazel_broadwell/phase1_v2/latency/hit/LLC/plots/hit_latency_boxplots.pdf and .png
-- compressing raw CSVs for LLC --

== level DRAM: footprint_bytes=536870912 ==
-- base (seed=12345) --
  wrote 1002 lines -> data_raw/hazel_broadwell/phase1_v2/latency/hit/DRAM/hit_latency_base_dependent_random_20260916T044219Z.csv (mode=dependent pattern=random seed=12345)
Wrote 1 summary rows to data_processed/hazel_broadwell/phase1_v2/latency/hit/DRAM/base_dependent_random_summary_20260916T044219Z.csv
  wrote 1002 lines -> data_raw/hazel_broadwell/phase1_v2/latency/hit/DRAM/hit_latency_base_dependent_sequential_20260916T044219Z.csv (mode=dependent pattern=sequential seed=12345)
Wrote 1 summary rows to data_processed/hazel_broadwell/phase1_v2/latency/hit/DRAM/base_dependent_sequential_summary_20260916T044219Z.csv
  wrote 1002 lines -> data_raw/hazel_broadwell/phase1_v2/latency/hit/DRAM/hit_latency_base_independent_random_20260916T044219Z.csv (mode=independent pattern=random seed=12345)
Wrote 1 summary rows to data_processed/hazel_broadwell/phase1_v2/latency/hit/DRAM/base_independent_random_summary_20260916T044219Z.csv
  wrote 1002 lines -> data_raw/hazel_broadwell/phase1_v2/latency/hit/DRAM/hit_latency_base_independent_sequential_20260916T044219Z.csv (mode=independent pattern=sequential seed=12345)
Wrote 1 summary rows to data_processed/hazel_broadwell/phase1_v2/latency/hit/DRAM/base_independent_sequential_summary_20260916T044219Z.csv
-- rep1 (seed=12346) --
  wrote 1002 lines -> data_raw/hazel_broadwell/phase1_v2/latency/hit/DRAM/hit_latency_rep1_dependent_random_20260916T044219Z.csv (mode=dependent pattern=random seed=12346)
Wrote 1 summary rows to data_processed/hazel_broadwell/phase1_v2/latency/hit/DRAM/rep1_dependent_random_summary_20260916T044219Z.csv
  wrote 1002 lines -> data_raw/hazel_broadwell/phase1_v2/latency/hit/DRAM/hit_latency_rep1_dependent_sequential_20260916T044219Z.csv (mode=dependent pattern=sequential seed=12346)
Wrote 1 summary rows to data_processed/hazel_broadwell/phase1_v2/latency/hit/DRAM/rep1_dependent_sequential_summary_20260916T044219Z.csv
  wrote 1002 lines -> data_raw/hazel_broadwell/phase1_v2/latency/hit/DRAM/hit_latency_rep1_independent_random_20260916T044219Z.csv (mode=independent pattern=random seed=12346)
Wrote 1 summary rows to data_processed/hazel_broadwell/phase1_v2/latency/hit/DRAM/rep1_independent_random_summary_20260916T044219Z.csv
  wrote 1002 lines -> data_raw/hazel_broadwell/phase1_v2/latency/hit/DRAM/hit_latency_rep1_independent_sequential_20260916T044219Z.csv (mode=independent pattern=sequential seed=12346)
Wrote 1 summary rows to data_processed/hazel_broadwell/phase1_v2/latency/hit/DRAM/rep1_independent_sequential_summary_20260916T044219Z.csv
-- rep2 (seed=12347) --
  wrote 1002 lines -> data_raw/hazel_broadwell/phase1_v2/latency/hit/DRAM/hit_latency_rep2_dependent_random_20260916T044219Z.csv (mode=dependent pattern=random seed=12347)
Wrote 1 summary rows to data_processed/hazel_broadwell/phase1_v2/latency/hit/DRAM/rep2_dependent_random_summary_20260916T044219Z.csv
  wrote 1002 lines -> data_raw/hazel_broadwell/phase1_v2/latency/hit/DRAM/hit_latency_rep2_dependent_sequential_20260916T044219Z.csv (mode=dependent pattern=sequential seed=12347)
Wrote 1 summary rows to data_processed/hazel_broadwell/phase1_v2/latency/hit/DRAM/rep2_dependent_sequential_summary_20260916T044219Z.csv
  wrote 1002 lines -> data_raw/hazel_broadwell/phase1_v2/latency/hit/DRAM/hit_latency_rep2_independent_random_20260916T044219Z.csv (mode=independent pattern=random seed=12347)
Wrote 1 summary rows to data_processed/hazel_broadwell/phase1_v2/latency/hit/DRAM/rep2_independent_random_summary_20260916T044219Z.csv
  wrote 1002 lines -> data_raw/hazel_broadwell/phase1_v2/latency/hit/DRAM/hit_latency_rep2_independent_sequential_20260916T044219Z.csv (mode=independent pattern=sequential seed=12347)
Wrote 1 summary rows to data_processed/hazel_broadwell/phase1_v2/latency/hit/DRAM/rep2_independent_sequential_summary_20260916T044219Z.csv
-- generating plots for DRAM --
random: independent < dependent (33.12 vs 179.38 ticks) [expected]
sequential: independent < dependent (6.38 vs 7.69 ticks) [expected]
Wrote data_processed/hazel_broadwell/phase1_v2/latency/hit/DRAM/plots/hit_latency_boxplots.pdf and .png
-- compressing raw CSVs for DRAM --

== done ==
== L1: footprint_bytes=32768 ==
== L2: footprint_bytes=262144 ==
== LLC: footprint_bytes=33554432 ==
== DRAM: footprint_bytes=536870912 ==
== record in data_raw/hazel_broadwell/phase1_v2/README.md: core=12, base_seed=12345 (repeats use base_seed+index), samples=1000000, timestamp=20260916T044219Z ==
== full transcript saved to: data_raw/hazel_broadwell/phase1_v2/latency/run_hit_latency_full_20260916T044219Z.log ==
