== run_capacity_full: machine=hazel_broadwell/capacity_rerun core=22 coarse_max=67108864 seed=12345 ==
== timestamp=20260915T143525Z ==
-- coarse sweep 1024-67108864 bytes --
  wrote 129002 lines -> data_raw/hazel_broadwell/capacity_rerun/capacity/capacity_coarse_random_20260915T143525Z.csv
  wrote 129002 lines -> data_raw/hazel_broadwell/capacity_rerun/capacity/capacity_coarse_sequential_20260915T143525Z.csv
Wrote 129 summary rows to data_processed/hazel_broadwell/capacity_rerun/capacity/coarse_random_summary.csv
Wrote 129 summary rows to data_processed/hazel_broadwell/capacity_rerun/capacity/coarse_sequential_summary.csv
-- tail-extension sweep 67108864-268435456 bytes --
  wrote 17002 lines -> data_raw/hazel_broadwell/capacity_rerun/capacity/capacity_coarse_ext_random_20260915T143525Z.csv
  wrote 17002 lines -> data_raw/hazel_broadwell/capacity_rerun/capacity/capacity_coarse_ext_sequential_20260915T143525Z.csv
Wrote 17 summary rows to data_processed/hazel_broadwell/capacity_rerun/capacity/coarse_ext_random_summary.csv
Wrote 17 summary rows to data_processed/hazel_broadwell/capacity_rerun/capacity/coarse_ext_sequential_summary.csv
-- detected boundaries (bytes): 240384 404280 2493944 19951584 39903168 --
-- dense sweep around boundary 240384 bytes: 30048-1923072 --
  wrote 289002 lines -> data_raw/hazel_broadwell/capacity_rerun/capacity/capacity_dense0_random_20260915T143525Z.csv
  wrote 289002 lines -> data_raw/hazel_broadwell/capacity_rerun/capacity/capacity_dense0_sequential_20260915T143525Z.csv
Wrote 289 summary rows to data_processed/hazel_broadwell/capacity_rerun/capacity/dense0_random_summary.csv
Wrote 289 summary rows to data_processed/hazel_broadwell/capacity_rerun/capacity/dense0_sequential_summary.csv
-- dense sweep around boundary 404280 bytes: 50535-3234240 --
  wrote 289002 lines -> data_raw/hazel_broadwell/capacity_rerun/capacity/capacity_dense1_random_20260915T143525Z.csv
  wrote 289002 lines -> data_raw/hazel_broadwell/capacity_rerun/capacity/capacity_dense1_sequential_20260915T143525Z.csv
Wrote 289 summary rows to data_processed/hazel_broadwell/capacity_rerun/capacity/dense1_random_summary.csv
Wrote 289 summary rows to data_processed/hazel_broadwell/capacity_rerun/capacity/dense1_sequential_summary.csv
-- dense sweep around boundary 2493944 bytes: 311743-19951552 --
  wrote 289002 lines -> data_raw/hazel_broadwell/capacity_rerun/capacity/capacity_dense2_random_20260915T143525Z.csv
  wrote 289002 lines -> data_raw/hazel_broadwell/capacity_rerun/capacity/capacity_dense2_sequential_20260915T143525Z.csv
Wrote 289 summary rows to data_processed/hazel_broadwell/capacity_rerun/capacity/dense2_random_summary.csv
Wrote 289 summary rows to data_processed/hazel_broadwell/capacity_rerun/capacity/dense2_sequential_summary.csv
-- dense sweep around boundary 19951584 bytes: 2493948-159612672 --
  wrote 289002 lines -> data_raw/hazel_broadwell/capacity_rerun/capacity/capacity_dense3_random_20260915T143525Z.csv
  wrote 289002 lines -> data_raw/hazel_broadwell/capacity_rerun/capacity/capacity_dense3_sequential_20260915T143525Z.csv
Wrote 289 summary rows to data_processed/hazel_broadwell/capacity_rerun/capacity/dense3_random_summary.csv
Wrote 289 summary rows to data_processed/hazel_broadwell/capacity_rerun/capacity/dense3_sequential_summary.csv
-- dense sweep around boundary 39903168 bytes: 4987896-268435456 --
  wrote 277002 lines -> data_raw/hazel_broadwell/capacity_rerun/capacity/capacity_dense4_random_20260915T143525Z.csv
  wrote 277002 lines -> data_raw/hazel_broadwell/capacity_rerun/capacity/capacity_dense4_sequential_20260915T143525Z.csv
Wrote 277 summary rows to data_processed/hazel_broadwell/capacity_rerun/capacity/dense4_random_summary.csv
Wrote 277 summary rows to data_processed/hazel_broadwell/capacity_rerun/capacity/dense4_sequential_summary.csv
  -- repeat 1/2 of deepest boundary's dense window --
  wrote 277002 lines -> data_raw/hazel_broadwell/capacity_rerun/capacity/capacity_dense4_rep1_random_20260915T143525Z.csv
  wrote 277002 lines -> data_raw/hazel_broadwell/capacity_rerun/capacity/capacity_dense4_rep1_sequential_20260915T143525Z.csv
Wrote 277 summary rows to data_processed/hazel_broadwell/capacity_rerun/capacity/dense4_rep1_random_summary.csv
Wrote 277 summary rows to data_processed/hazel_broadwell/capacity_rerun/capacity/dense4_rep1_sequential_summary.csv
  -- repeat 2/2 of deepest boundary's dense window --
  wrote 277002 lines -> data_raw/hazel_broadwell/capacity_rerun/capacity/capacity_dense4_rep2_random_20260915T143525Z.csv
  wrote 277002 lines -> data_raw/hazel_broadwell/capacity_rerun/capacity/capacity_dense4_rep2_sequential_20260915T143525Z.csv
Wrote 277 summary rows to data_processed/hazel_broadwell/capacity_rerun/capacity/dense4_rep2_random_summary.csv
Wrote 277 summary rows to data_processed/hazel_broadwell/capacity_rerun/capacity/dense4_rep2_sequential_summary.csv
-- dense sweep past deepest boundary, checking for a further plateau: 79806336-268435456 --
  wrote 85002 lines -> data_raw/hazel_broadwell/capacity_rerun/capacity/capacity_denseTail_random_20260915T143525Z.csv
  wrote 85002 lines -> data_raw/hazel_broadwell/capacity_rerun/capacity/capacity_denseTail_sequential_20260915T143525Z.csv
Wrote 85 summary rows to data_processed/hazel_broadwell/capacity_rerun/capacity/denseTail_random_summary.csv
Wrote 85 summary rows to data_processed/hazel_broadwell/capacity_rerun/capacity/denseTail_sequential_summary.csv
-- generating plots --
  note: 2.37841 MiB (random) has 3 overlapping summary rows with medians [64.2, 73.0, 43.2] (spread 29.8 ticks, 49.5%) -- averaging, widening whiskers to the union
  note: 2.59367 MiB (random) has 3 overlapping summary rows with medians [89.8, 90.8, 44.0] (spread 46.7 ticks, 62.4%) -- averaging, widening whiskers to the union
  note: 2.82842 MiB (random) has 3 overlapping summary rows with medians [108.7, 44.4, 44.5] (spread 64.3 ticks, 97.6%) -- averaging, widening whiskers to the union
  note: 3.08442 MiB (random) has 2 overlapping summary rows with medians [120.4, 45.0] (spread 75.4 ticks, 91.2%) -- averaging, widening whiskers to the union
  note: 3.36358 MiB (random) has 3 overlapping summary rows with medians [129.7, 45.5, 45.6] (spread 84.1 ticks, 114.3%) -- averaging, widening whiskers to the union
  note: 3.66801 MiB (random) has 2 overlapping summary rows with medians [135.2, 46.1] (spread 89.2 ticks, 98.4%) -- averaging, widening whiskers to the union
  note: 4 MiB (random) has 2 overlapping summary rows with medians [137.5, 43.5] (spread 94.1 ticks, 103.9%) -- averaging, widening whiskers to the union
  note: 4.36203 MiB (random) has 2 overlapping summary rows with medians [148.3, 43.8] (spread 104.5 ticks, 108.7%) -- averaging, widening whiskers to the union
  note: 4.75683 MiB (random) has 5 overlapping summary rows with medians [157.1, 44.5, 158.1, 158.1, 154.1] (spread 113.6 ticks, 84.5%) -- averaging, widening whiskers to the union
  note: 5.18736 MiB (random) has 5 overlapping summary rows with medians [164.4, 45.1, 160.9, 45.5, 160.0] (spread 119.2 ticks, 103.5%) -- averaging, widening whiskers to the union
  note: 5.65685 MiB (random) has 5 overlapping summary rows with medians [165.8, 45.8, 166.5, 168.3, 165.4] (spread 122.6 ticks, 86.1%) -- averaging, widening whiskers to the union
  note: 6.16884 MiB (random) has 5 overlapping summary rows with medians [168.6, 44.1, 169.0, 167.7, 165.9] (spread 124.9 ticks, 87.3%) -- averaging, widening whiskers to the union
  note: 6.72717 MiB (random) has 5 overlapping summary rows with medians [170.1, 44.7, 44.7, 172.0, 171.8] (spread 127.3 ticks, 105.5%) -- averaging, widening whiskers to the union
  note: 7.33603 MiB (random) has 5 overlapping summary rows with medians [176.0, 317.9, 162.0, 176.2, 175.9] (spread 155.8 ticks, 77.3%) -- averaging, widening whiskers to the union
  note: 8 MiB (random) has 5 overlapping summary rows with medians [177.7, 271.0, 48.1, 176.5, 48.5] (spread 223.0 ticks, 154.5%) -- averaging, widening whiskers to the union
  note: 8.72406 MiB (random) has 5 overlapping summary rows with medians [180.4, 172.8, 52.1, 179.3, 52.7] (spread 128.3 ticks, 100.6%) -- averaging, widening whiskers to the union
  note: 9.51366 MiB (random) has 5 overlapping summary rows with medians [180.8, 46.0, 63.7, 180.6, 58.5] (spread 134.8 ticks, 127.2%) -- averaging, widening whiskers to the union
  note: 10.3747 MiB (random) has 5 overlapping summary rows with medians [183.3, 44.6, 59.7, 65.7, 54.5] (spread 138.7 ticks, 170.0%) -- averaging, widening whiskers to the union
  note: 11.3137 MiB (random) has 5 overlapping summary rows with medians [185.9, 45.3, 61.1, 81.1, 60.6] (spread 140.6 ticks, 162.0%) -- averaging, widening whiskers to the union
  note: 12.3377 MiB (random) has 5 overlapping summary rows with medians [185.7, 44.7, 60.4, 71.7, 59.4] (spread 141.0 ticks, 167.1%) -- averaging, widening whiskers to the union
  note: 13.4543 MiB (random) has 5 overlapping summary rows with medians [187.1, 45.3, 56.5, 74.1, 57.8] (spread 141.8 ticks, 168.4%) -- averaging, widening whiskers to the union
  note: 14.6721 MiB (random) has 5 overlapping summary rows with medians [188.9, 44.9, 47.9, 66.5, 49.2] (spread 144.0 ticks, 181.1%) -- averaging, widening whiskers to the union
  note: 17.4481 MiB (random) has 5 overlapping summary rows with medians [45.3, 191.0, 45.3, 45.3, 45.4] (spread 145.8 ticks, 195.8%) -- averaging, widening whiskers to the union
  note: 19.0273 MiB (random) has 5 overlapping summary rows with medians [45.1, 110.1, 45.1, 45.1, 45.1] (spread 65.0 ticks, 111.9%) -- averaging, widening whiskers to the union
  note: 20.7494 MiB (random) has 5 overlapping summary rows with medians [192.3, 192.2, 141.8, 45.0, 141.0] (spread 147.3 ticks, 103.4%) -- averaging, widening whiskers to the union
  note: 22.6274 MiB (random) has 5 overlapping summary rows with medians [193.1, 193.1, 138.1, 146.2, 138.4] (spread 55.0 ticks, 34.0%) -- averaging, widening whiskers to the union
  note: 24.6754 MiB (random) has 5 overlapping summary rows with medians [194.4, 45.1, 52.7, 139.2, 71.1] (spread 149.2 ticks, 148.5%) -- averaging, widening whiskers to the union
  note: 26.9087 MiB (random) has 5 overlapping summary rows with medians [194.8, 195.1, 48.6, 46.0, 47.7] (spread 149.1 ticks, 140.1%) -- averaging, widening whiskers to the union
  note: 29.3441 MiB (random) has 5 overlapping summary rows with medians [142.8, 195.0, 258.8, 50.3, 52.5] (spread 208.4 ticks, 149.0%) -- averaging, widening whiskers to the union
  note: 38.0546 MiB (random) has 5 overlapping summary rows with medians [84.2, 84.0, 197.1, 196.8, 196.2] (spread 113.1 ticks, 74.6%) -- averaging, widening whiskers to the union
  note: 41.4989 MiB (random) has 5 overlapping summary rows with medians [197.6, 149.5, 94.0, 195.5, 194.2] (spread 103.6 ticks, 62.4%) -- averaging, widening whiskers to the union
  note: 45.2548 MiB (random) has 5 overlapping summary rows with medians [197.7, 294.6, 198.4, 197.7, 102.4] (spread 192.2 ticks, 97.0%) -- averaging, widening whiskers to the union
  note: 53.8174 MiB (random) has 5 overlapping summary rows with medians [197.9, 119.3, 178.8, 174.0, 117.2] (spread 80.7 ticks, 51.3%) -- averaging, widening whiskers to the union
  note: 58.6883 MiB (random) has 5 overlapping summary rows with medians [123.3, 198.6, 125.0, 123.4, 122.8] (spread 75.8 ticks, 54.7%) -- averaging, widening whiskers to the union
  note: 76.1093 MiB (random) has 6 overlapping summary rows with medians [141.8, 139.5, 184.7, 201.3, 184.8, 200.1] (spread 61.8 ticks, 35.2%) -- averaging, widening whiskers to the union
  note: 82.9977 MiB (random) has 6 overlapping summary rows with medians [266.0, 201.1, 183.9, 184.7, 183.9, 181.2] (spread 84.8 ticks, 42.4%) -- averaging, widening whiskers to the union
  note: 107.635 MiB (random) has 6 overlapping summary rows with medians [156.2, 203.9, 157.0, 265.8, 188.9, 188.9] (spread 109.6 ticks, 56.7%) -- averaging, widening whiskers to the union
  note: 117.377 MiB (random) has 6 overlapping summary rows with medians [288.2, 187.4, 159.7, 204.6, 159.5, 302.3] (spread 142.8 ticks, 65.8%) -- averaging, widening whiskers to the union
  note: 139.585 MiB (random) has 6 overlapping summary rows with medians [166.0, 205.5, 320.1, 234.2, 281.6, 186.0] (spread 154.0 ticks, 66.3%) -- averaging, widening whiskers to the union
  note: 152.219 MiB (random) has 6 overlapping summary rows with medians [173.6, 259.3, 204.9, 204.9, 205.9, 205.1] (spread 85.8 ticks, 41.1%) -- averaging, widening whiskers to the union
  note: 2.18101 MiB (random) has 2 overlapping summary rows with medians [67.3, 53.4] (spread 13.9 ticks, 23.0%) -- averaging, widening whiskers to the union
  note: 2.413 MiB (random) has 2 overlapping summary rows with medians [78.8, 43.3] (spread 35.5 ticks, 58.1%) -- averaging, widening whiskers to the union
  note: 2.48371 MiB (random) has 2 overlapping summary rows with medians [80.8, 43.6] (spread 37.2 ticks, 59.7%) -- averaging, widening whiskers to the union
  note: 2.51984 MiB (random) has 2 overlapping summary rows with medians [78.3, 43.8] (spread 34.5 ticks, 56.5%) -- averaging, widening whiskers to the union
  note: 2.55649 MiB (random) has 2 overlapping summary rows with medians [77.0, 43.9] (spread 33.1 ticks, 54.7%) -- averaging, widening whiskers to the union
  note: 2.6314 MiB (random) has 2 overlapping summary rows with medians [82.1, 44.2] (spread 38.0 ticks, 60.1%) -- averaging, widening whiskers to the union
  note: 4.82601 MiB (random) has 4 overlapping summary rows with medians [44.6, 159.7, 159.9, 154.8] (spread 115.3 ticks, 88.8%) -- averaging, widening whiskers to the union
  note: 4.89621 MiB (random) has 4 overlapping summary rows with medians [44.7, 160.9, 159.7, 155.1] (spread 116.2 ticks, 89.3%) -- averaging, widening whiskers to the union
  note: 4.96743 MiB (random) has 4 overlapping summary rows with medians [44.8, 156.4, 156.0, 158.0] (spread 113.2 ticks, 87.9%) -- averaging, widening whiskers to the union
  note: 5.03968 MiB (random) has 4 overlapping summary rows with medians [44.9, 161.8, 44.9, 162.9] (spread 118.0 ticks, 113.8%) -- averaging, widening whiskers to the union
  note: 5.11298 MiB (random) has 4 overlapping summary rows with medians [45.1, 159.8, 45.1, 159.5] (spread 114.7 ticks, 112.1%) -- averaging, widening whiskers to the union
  note: 5.26281 MiB (random) has 4 overlapping summary rows with medians [45.2, 164.5, 45.3, 159.1] (spread 119.3 ticks, 115.2%) -- averaging, widening whiskers to the union
  note: 5.33936 MiB (random) has 4 overlapping summary rows with medians [45.4, 166.6, 45.4, 163.2] (spread 121.3 ticks, 115.3%) -- averaging, widening whiskers to the union
  note: 5.41702 MiB (random) has 4 overlapping summary rows with medians [45.4, 162.1, 159.3, 164.3] (spread 118.9 ticks, 89.5%) -- averaging, widening whiskers to the union
  note: 5.49581 MiB (random) has 4 overlapping summary rows with medians [45.6, 164.1, 163.2, 161.0] (spread 118.5 ticks, 88.8%) -- averaging, widening whiskers to the union
  note: 5.57575 MiB (random) has 4 overlapping summary rows with medians [45.6, 162.7, 166.3, 165.8] (spread 120.6 ticks, 89.3%) -- averaging, widening whiskers to the union
  note: 5.73913 MiB (random) has 4 overlapping summary rows with medians [45.8, 165.2, 168.3, 166.6] (spread 122.5 ticks, 89.7%) -- averaging, widening whiskers to the union
  note: 5.82261 MiB (random) has 4 overlapping summary rows with medians [45.9, 168.5, 169.6, 168.5] (spread 123.6 ticks, 89.5%) -- averaging, widening whiskers to the union
  note: 5.9073 MiB (random) has 4 overlapping summary rows with medians [46.0, 169.1, 164.6, 171.4] (spread 125.4 ticks, 91.0%) -- averaging, widening whiskers to the union
  note: 5.99323 MiB (random) has 4 overlapping summary rows with medians [46.1, 168.7, 168.8, 168.4] (spread 122.7 ticks, 88.9%) -- averaging, widening whiskers to the union
  note: 6.0804 MiB (random) has 4 overlapping summary rows with medians [44.1, 169.4, 165.1, 164.9] (spread 125.3 ticks, 92.2%) -- averaging, widening whiskers to the union
  note: 6.25857 MiB (random) has 4 overlapping summary rows with medians [44.1, 168.6, 168.5, 169.0] (spread 124.8 ticks, 90.7%) -- averaging, widening whiskers to the union
  note: 6.3496 MiB (random) has 4 overlapping summary rows with medians [44.2, 170.1, 157.3, 170.3] (spread 126.0 ticks, 93.0%) -- averaging, widening whiskers to the union
  note: 6.44196 MiB (random) has 4 overlapping summary rows with medians [44.3, 170.9, 166.8, 166.8] (spread 126.6 ticks, 92.3%) -- averaging, widening whiskers to the union
  note: 6.53566 MiB (random) has 4 overlapping summary rows with medians [44.5, 46.5, 167.9, 174.2] (spread 129.7 ticks, 119.8%) -- averaging, widening whiskers to the union
  note: 6.63072 MiB (random) has 4 overlapping summary rows with medians [44.6, 44.6, 170.1, 172.6] (spread 128.0 ticks, 118.6%) -- averaging, widening whiskers to the union
  note: 6.82502 MiB (random) has 4 overlapping summary rows with medians [44.8, 44.8, 171.4, 173.7] (spread 129.0 ticks, 118.7%) -- averaging, widening whiskers to the union
  note: 6.92429 MiB (random) has 4 overlapping summary rows with medians [44.9, 44.9, 173.5, 172.6] (spread 128.6 ticks, 118.1%) -- averaging, widening whiskers to the union
  note: 7.025 MiB (random) has 4 overlapping summary rows with medians [45.0, 45.0, 170.3, 170.7] (spread 125.7 ticks, 116.6%) -- averaging, widening whiskers to the union
  note: 7.12719 MiB (random) has 4 overlapping summary rows with medians [45.1, 45.1, 174.5, 175.6] (spread 130.5 ticks, 118.6%) -- averaging, widening whiskers to the union
  note: 7.23085 MiB (random) has 4 overlapping summary rows with medians [254.4, 45.2, 175.3, 175.7] (spread 209.2 ticks, 128.6%) -- averaging, widening whiskers to the union
  note: 7.44273 MiB (random) has 4 overlapping summary rows with medians [305.4, 174.7, 174.6, 48.7] (spread 256.7 ticks, 146.0%) -- averaging, widening whiskers to the union
  note: 7.55099 MiB (random) has 4 overlapping summary rows with medians [299.4, 49.3, 177.8, 49.0] (spread 250.4 ticks, 174.0%) -- averaging, widening whiskers to the union
  note: 7.66082 MiB (random) has 4 overlapping summary rows with medians [294.0, 49.9, 45.6, 49.6] (spread 248.4 ticks, 226.3%) -- averaging, widening whiskers to the union
  note: 7.77225 MiB (random) has 4 overlapping summary rows with medians [286.1, 50.4, 45.7, 49.8] (spread 240.4 ticks, 222.6%) -- averaging, widening whiskers to the union
  note: 7.8853 MiB (random) has 4 overlapping summary rows with medians [277.1, 50.8, 45.8, 50.4] (spread 231.4 ticks, 218.2%) -- averaging, widening whiskers to the union
  note: 8.11636 MiB (random) has 4 overlapping summary rows with medians [255.7, 48.7, 176.7, 48.8] (spread 207.0 ticks, 156.2%) -- averaging, widening whiskers to the union
  note: 8.23441 MiB (random) has 4 overlapping summary rows with medians [245.1, 49.2, 177.7, 49.8] (spread 195.9 ticks, 150.2%) -- averaging, widening whiskers to the union
  note: 8.35419 MiB (random) has 4 overlapping summary rows with medians [247.0, 51.6, 178.7, 50.1] (spread 196.9 ticks, 149.4%) -- averaging, widening whiskers to the union
  note: 8.4757 MiB (random) has 4 overlapping summary rows with medians [250.6, 50.8, 177.1, 51.8] (spread 199.8 ticks, 150.7%) -- averaging, widening whiskers to the union
  note: 8.59898 MiB (random) has 4 overlapping summary rows with medians [245.8, 52.6, 178.7, 51.0] (spread 194.8 ticks, 147.6%) -- averaging, widening whiskers to the union
  note: 8.85095 MiB (random) has 4 overlapping summary rows with medians [47.3, 54.0, 179.3, 52.8] (spread 132.0 ticks, 158.4%) -- averaging, widening whiskers to the union
  note: 8.97969 MiB (random) has 4 overlapping summary rows with medians [48.1, 56.3, 180.0, 53.8] (spread 131.9 ticks, 156.0%) -- averaging, widening whiskers to the union
  note: 9.11031 MiB (random) has 4 overlapping summary rows with medians [49.1, 57.4, 181.5, 55.5] (spread 132.4 ticks, 154.2%) -- averaging, widening whiskers to the union
  note: 9.24282 MiB (random) has 4 overlapping summary rows with medians [45.8, 59.0, 180.5, 56.2] (spread 134.7 ticks, 157.8%) -- averaging, widening whiskers to the union
  note: 9.37726 MiB (random) has 4 overlapping summary rows with medians [46.0, 60.6, 180.7, 56.0] (spread 134.7 ticks, 157.0%) -- averaging, widening whiskers to the union
  note: 9.65203 MiB (random) has 4 overlapping summary rows with medians [46.2, 59.6, 56.6, 59.3] (spread 13.3 ticks, 24.1%) -- averaging, widening whiskers to the union
  note: 9.79243 MiB (random) has 4 overlapping summary rows with medians [45.7, 61.5, 58.7, 59.6] (spread 15.8 ticks, 28.1%) -- averaging, widening whiskers to the union
  note: 9.93486 MiB (random) has 4 overlapping summary rows with medians [45.8, 72.4, 61.9, 59.9] (spread 26.7 ticks, 44.5%) -- averaging, widening whiskers to the union
  note: 10.0794 MiB (random) has 4 overlapping summary rows with medians [44.6, 58.5, 60.2, 59.6] (spread 15.6 ticks, 28.0%) -- averaging, widening whiskers to the union
  note: 10.226 MiB (random) has 4 overlapping summary rows with medians [44.6, 61.3, 61.6, 59.6] (spread 17.0 ticks, 29.9%) -- averaging, widening whiskers to the union
  note: 10.5256 MiB (random) has 4 overlapping summary rows with medians [44.7, 55.7, 66.5, 55.4] (spread 21.8 ticks, 39.2%) -- averaging, widening whiskers to the union
  note: 10.6787 MiB (random) has 4 overlapping summary rows with medians [44.8, 59.3, 83.4, 58.0] (spread 38.6 ticks, 62.8%) -- averaging, widening whiskers to the union
  note: 10.834 MiB (random) has 4 overlapping summary rows with medians [44.9, 57.9, 73.3, 57.3] (spread 28.3 ticks, 48.5%) -- averaging, widening whiskers to the union
  note: 10.9916 MiB (random) has 4 overlapping summary rows with medians [45.0, 59.7, 94.6, 59.4] (spread 49.6 ticks, 76.7%) -- averaging, widening whiskers to the union
  note: 11.1515 MiB (random) has 4 overlapping summary rows with medians [45.1, 58.4, 76.5, 60.9] (spread 31.4 ticks, 52.1%) -- averaging, widening whiskers to the union
  note: 11.4783 MiB (random) has 4 overlapping summary rows with medians [45.4, 63.0, 84.5, 62.2] (spread 39.2 ticks, 61.5%) -- averaging, widening whiskers to the union
  note: 11.6452 MiB (random) has 4 overlapping summary rows with medians [45.4, 58.8, 81.3, 59.3] (spread 35.9 ticks, 58.6%) -- averaging, widening whiskers to the union
  note: 11.8146 MiB (random) has 4 overlapping summary rows with medians [45.5, 58.2, 88.2, 60.1] (spread 42.7 ticks, 67.7%) -- averaging, widening whiskers to the union
  note: 11.9865 MiB (random) has 4 overlapping summary rows with medians [45.6, 67.0, 73.7, 59.0] (spread 28.0 ticks, 45.7%) -- averaging, widening whiskers to the union
  note: 12.1608 MiB (random) has 4 overlapping summary rows with medians [44.6, 58.5, 68.9, 60.0] (spread 24.3 ticks, 41.8%) -- averaging, widening whiskers to the union
  note: 12.5171 MiB (random) has 4 overlapping summary rows with medians [44.8, 53.3, 79.7, 54.2] (spread 34.9 ticks, 60.2%) -- averaging, widening whiskers to the union
  note: 12.6992 MiB (random) has 4 overlapping summary rows with medians [44.9, 58.3, 76.1, 57.1] (spread 31.3 ticks, 52.9%) -- averaging, widening whiskers to the union
  note: 12.8839 MiB (random) has 4 overlapping summary rows with medians [45.0, 61.4, 79.8, 57.5] (spread 34.7 ticks, 57.0%) -- averaging, widening whiskers to the union
  note: 13.0713 MiB (random) has 4 overlapping summary rows with medians [45.1, 64.6, 69.8, 56.8] (spread 24.7 ticks, 41.8%) -- averaging, widening whiskers to the union
  note: 13.2614 MiB (random) has 4 overlapping summary rows with medians [45.2, 54.2, 74.3, 54.8] (spread 29.1 ticks, 50.9%) -- averaging, widening whiskers to the union
  note: 13.65 MiB (random) has 4 overlapping summary rows with medians [45.4, 50.9, 78.7, 50.2] (spread 33.3 ticks, 59.1%) -- averaging, widening whiskers to the union
  note: 13.8486 MiB (random) has 4 overlapping summary rows with medians [45.5, 50.9, 67.1, 52.4] (spread 21.6 ticks, 40.0%) -- averaging, widening whiskers to the union
  note: 14.05 MiB (random) has 4 overlapping summary rows with medians [44.7, 46.9, 69.4, 47.5] (spread 24.7 ticks, 47.4%) -- averaging, widening whiskers to the union
  note: 14.2544 MiB (random) has 4 overlapping summary rows with medians [44.7, 47.2, 68.0, 47.6] (spread 23.2 ticks, 44.8%) -- averaging, widening whiskers to the union
  note: 14.4617 MiB (random) has 4 overlapping summary rows with medians [44.8, 47.6, 65.9, 48.3] (spread 21.1 ticks, 40.8%) -- averaging, widening whiskers to the union
  note: 17.7019 MiB (random) has 4 overlapping summary rows with medians [191.4, 45.4, 45.4, 45.4] (spread 146.1 ticks, 178.4%) -- averaging, widening whiskers to the union
  note: 17.9594 MiB (random) has 4 overlapping summary rows with medians [191.3, 45.5, 45.5, 45.5] (spread 145.9 ticks, 178.0%) -- averaging, widening whiskers to the union
  note: 18.2206 MiB (random) has 4 overlapping summary rows with medians [190.8, 44.8, 44.8, 44.8] (spread 146.0 ticks, 179.6%) -- averaging, widening whiskers to the union
  note: 18.4856 MiB (random) has 4 overlapping summary rows with medians [190.6, 44.9, 44.9, 44.9] (spread 145.7 ticks, 179.1%) -- averaging, widening whiskers to the union
  note: 18.7545 MiB (random) has 4 overlapping summary rows with medians [191.6, 45.0, 45.0, 45.0] (spread 146.6 ticks, 179.5%) -- averaging, widening whiskers to the union
  note: 19.8697 MiB (random) has 4 overlapping summary rows with medians [187.4, 45.4, 45.4, 45.5] (spread 142.0 ticks, 175.5%) -- averaging, widening whiskers to the union
  note: 20.1587 MiB (random) has 4 overlapping summary rows with medians [191.9, 44.8, 44.8, 44.8] (spread 147.1 ticks, 180.2%) -- averaging, widening whiskers to the union
  note: 20.452 MiB (random) has 4 overlapping summary rows with medians [192.0, 240.8, 83.0, 251.1] (spread 168.1 ticks, 87.7%) -- averaging, widening whiskers to the union
  note: 21.0512 MiB (random) has 4 overlapping summary rows with medians [192.0, 142.1, 45.1, 142.6] (spread 146.9 ticks, 112.6%) -- averaging, widening whiskers to the union
  note: 21.3574 MiB (random) has 4 overlapping summary rows with medians [193.3, 151.9, 108.6, 156.9] (spread 84.7 ticks, 55.5%) -- averaging, widening whiskers to the union
  note: 21.6681 MiB (random) has 4 overlapping summary rows with medians [46.0, 157.5, 141.5, 144.5] (spread 111.5 ticks, 91.1%) -- averaging, widening whiskers to the union
  note: 21.9833 MiB (random) has 4 overlapping summary rows with medians [45.4, 138.1, 146.1, 137.9] (spread 100.6 ticks, 86.1%) -- averaging, widening whiskers to the union
  note: 22.303 MiB (random) has 4 overlapping summary rows with medians [45.3, 137.8, 145.1, 138.6] (spread 99.8 ticks, 85.6%) -- averaging, widening whiskers to the union
  note: 22.9565 MiB (random) has 4 overlapping summary rows with medians [193.7, 132.8, 146.5, 133.1] (spread 60.9 ticks, 40.2%) -- averaging, widening whiskers to the union
  note: 23.6292 MiB (random) has 4 overlapping summary rows with medians [45.4, 135.9, 141.0, 121.1] (spread 95.6 ticks, 86.2%) -- averaging, widening whiskers to the union
  note: 23.9729 MiB (random) has 4 overlapping summary rows with medians [45.5, 101.8, 137.5, 101.4] (spread 92.0 ticks, 95.2%) -- averaging, widening whiskers to the union
  note: 24.3216 MiB (random) has 4 overlapping summary rows with medians [45.1, 98.2, 137.0, 99.1] (spread 91.9 ticks, 96.9%) -- averaging, widening whiskers to the union
  note: 25.0343 MiB (random) has 4 overlapping summary rows with medians [45.4, 50.0, 105.7, 49.7] (spread 60.4 ticks, 96.3%) -- averaging, widening whiskers to the union
  note: 25.3984 MiB (random) has 4 overlapping summary rows with medians [45.5, 47.0, 105.0, 47.0] (spread 59.5 ticks, 97.4%) -- averaging, widening whiskers to the union
  note: 25.7678 MiB (random) has 4 overlapping summary rows with medians [46.0, 46.2, 65.1, 46.3] (spread 19.0 ticks, 37.4%) -- averaging, widening whiskers to the union
  note: 26.1426 MiB (random) has 4 overlapping summary rows with medians [194.5, 46.6, 51.2, 46.5] (spread 148.0 ticks, 174.7%) -- averaging, widening whiskers to the union
  note: 26.5229 MiB (random) has 4 overlapping summary rows with medians [193.9, 45.6, 45.5, 46.1] (spread 148.3 ticks, 179.2%) -- averaging, widening whiskers to the union
  note: 27.3001 MiB (random) has 4 overlapping summary rows with medians [194.6, 47.8, 48.5, 47.7] (spread 146.9 ticks, 173.5%) -- averaging, widening whiskers to the union
  note: 27.6972 MiB (random) has 4 overlapping summary rows with medians [195.3, 51.4, 47.2, 49.3] (spread 148.0 ticks, 172.5%) -- averaging, widening whiskers to the union
  note: 28.9234 MiB (random) has 4 overlapping summary rows with medians [195.3, 51.2, 54.0, 51.4] (spread 144.1 ticks, 163.8%) -- averaging, widening whiskers to the union
  note: 29.7709 MiB (random) has 4 overlapping summary rows with medians [195.9, 296.3, 56.3, 296.8] (spread 240.5 ticks, 113.8%) -- averaging, widening whiskers to the union
  note: 30.204 MiB (random) has 4 overlapping summary rows with medians [195.7, 275.9, 104.0, 277.1] (spread 173.1 ticks, 81.2%) -- averaging, widening whiskers to the union
  note: 30.6433 MiB (random) has 4 overlapping summary rows with medians [195.6, 250.8, 293.7, 243.3] (spread 98.2 ticks, 39.9%) -- averaging, widening whiskers to the union
  note: 31.089 MiB (random) has 4 overlapping summary rows with medians [69.5, 167.6, 274.9, 255.1] (spread 205.4 ticks, 107.1%) -- averaging, widening whiskers to the union
  note: 31.5412 MiB (random) has 4 overlapping summary rows with medians [196.2, 103.3, 247.5, 119.5] (spread 144.2 ticks, 86.6%) -- averaging, widening whiskers to the union
  note: 32 MiB (random) has 4 overlapping summary rows with medians [161.4, 61.6, 194.8, 82.6] (spread 133.2 ticks, 106.5%) -- averaging, widening whiskers to the union
  note: 32.4654 MiB (random) has 4 overlapping summary rows with medians [170.3, 62.5, 122.4, 63.5] (spread 107.8 ticks, 103.0%) -- averaging, widening whiskers to the union
  note: 32.9377 MiB (random) has 4 overlapping summary rows with medians [169.3, 66.2, 65.2, 140.9] (spread 104.1 ticks, 94.3%) -- averaging, widening whiskers to the union
  note: 33.4168 MiB (random) has 4 overlapping summary rows with medians [157.0, 68.8, 66.4, 67.8] (spread 90.6 ticks, 100.6%) -- averaging, widening whiskers to the union
  note: 33.9028 MiB (random) has 4 overlapping summary rows with medians [154.5, 70.0, 68.4, 68.5] (spread 86.2 ticks, 95.4%) -- averaging, widening whiskers to the union
  note: 34.3959 MiB (random) has 4 overlapping summary rows with medians [156.5, 70.8, 69.7, 70.7] (spread 86.8 ticks, 94.4%) -- averaging, widening whiskers to the union
  note: 34.8962 MiB (random) has 4 overlapping summary rows with medians [131.6, 73.9, 72.3, 73.8] (spread 59.3 ticks, 67.5%) -- averaging, widening whiskers to the union
  note: 35.4038 MiB (random) has 4 overlapping summary rows with medians [90.1, 74.5, 74.4, 74.7] (spread 15.7 ticks, 20.1%) -- averaging, widening whiskers to the union
  note: 36.4412 MiB (random) has 4 overlapping summary rows with medians [78.2, 196.7, 78.2, 77.9] (spread 118.9 ticks, 110.3%) -- averaging, widening whiskers to the union
  note: 36.9713 MiB (random) has 4 overlapping summary rows with medians [80.5, 80.0, 196.6, 80.7] (spread 116.7 ticks, 106.6%) -- averaging, widening whiskers to the union
  note: 37.509 MiB (random) has 4 overlapping summary rows with medians [83.8, 197.2, 197.2, 82.0] (spread 115.1 ticks, 82.2%) -- averaging, widening whiskers to the union
  note: 39.1697 MiB (random) has 4 overlapping summary rows with medians [174.7, 196.5, 87.4, 196.7] (spread 109.3 ticks, 66.7%) -- averaging, widening whiskers to the union
  note: 39.7394 MiB (random) has 4 overlapping summary rows with medians [174.3, 197.9, 89.4, 197.3] (spread 108.5 ticks, 65.8%) -- averaging, widening whiskers to the union
  note: 40.3175 MiB (random) has 4 overlapping summary rows with medians [170.8, 196.9, 90.5, 101.9] (spread 106.4 ticks, 76.0%) -- averaging, widening whiskers to the union
  note: 42.1025 MiB (random) has 4 overlapping summary rows with medians [127.8, 95.6, 197.9, 196.7] (spread 102.3 ticks, 66.2%) -- averaging, widening whiskers to the union
  note: 42.7149 MiB (random) has 4 overlapping summary rows with medians [96.4, 96.6, 97.0, 196.8] (spread 100.5 ticks, 82.5%) -- averaging, widening whiskers to the union
  note: 43.3362 MiB (random) has 4 overlapping summary rows with medians [98.7, 197.9, 196.8, 198.0] (spread 99.3 ticks, 57.5%) -- averaging, widening whiskers to the union
  note: 43.9665 MiB (random) has 4 overlapping summary rows with medians [100.4, 99.7, 197.4, 198.2] (spread 98.5 ticks, 66.2%) -- averaging, widening whiskers to the union
  note: 44.606 MiB (random) has 4 overlapping summary rows with medians [100.8, 197.2, 198.0, 196.9] (spread 97.2 ticks, 56.1%) -- averaging, widening whiskers to the union
  note: 45.9131 MiB (random) has 4 overlapping summary rows with medians [269.2, 197.8, 197.5, 104.1] (spread 165.1 ticks, 85.9%) -- averaging, widening whiskers to the union
  note: 47.2584 MiB (random) has 4 overlapping summary rows with medians [119.9, 197.5, 197.7, 197.2] (spread 77.7 ticks, 43.6%) -- averaging, widening whiskers to the union
  note: 47.9458 MiB (random) has 4 overlapping summary rows with medians [110.8, 171.7, 172.6, 198.7] (spread 87.9 ticks, 53.8%) -- averaging, widening whiskers to the union
  note: 48.6432 MiB (random) has 4 overlapping summary rows with medians [108.9, 176.7, 178.2, 170.9] (spread 69.3 ticks, 43.7%) -- averaging, widening whiskers to the union
  note: 49.3507 MiB (random) has 4 overlapping summary rows with medians [110.0, 176.0, 170.9, 178.4] (spread 68.4 ticks, 43.0%) -- averaging, widening whiskers to the union
  note: 50.0686 MiB (random) has 4 overlapping summary rows with medians [111.2, 171.3, 171.3, 175.8] (spread 64.6 ticks, 41.0%) -- averaging, widening whiskers to the union
  note: 50.7968 MiB (random) has 4 overlapping summary rows with medians [198.6, 157.6, 151.3, 173.6] (spread 47.3 ticks, 27.8%) -- averaging, widening whiskers to the union
  note: 51.5357 MiB (random) has 4 overlapping summary rows with medians [198.2, 113.6, 113.7, 160.5] (spread 84.6 ticks, 57.7%) -- averaging, widening whiskers to the union
  note: 52.2853 MiB (random) has 4 overlapping summary rows with medians [198.5, 114.6, 114.5, 114.6] (spread 84.0 ticks, 62.0%) -- averaging, widening whiskers to the union
  note: 57.0175 MiB (random) has 4 overlapping summary rows with medians [198.3, 146.2, 144.8, 174.4] (spread 53.5 ticks, 32.3%) -- averaging, widening whiskers to the union
  note: 57.8469 MiB (random) has 4 overlapping summary rows with medians [198.9, 124.5, 122.0, 146.3] (spread 76.9 ticks, 52.0%) -- averaging, widening whiskers to the union
  note: 59.5419 MiB (random) has 4 overlapping summary rows with medians [199.3, 317.4, 297.1, 124.2] (spread 193.2 ticks, 82.4%) -- averaging, widening whiskers to the union
  note: 60.408 MiB (random) has 4 overlapping summary rows with medians [198.6, 268.0, 262.0, 314.1] (spread 115.5 ticks, 44.3%) -- averaging, widening whiskers to the union
  note: 61.2866 MiB (random) has 4 overlapping summary rows with medians [198.3, 187.6, 163.5, 270.1] (spread 106.6 ticks, 52.0%) -- averaging, widening whiskers to the union
  note: 62.178 MiB (random) has 4 overlapping summary rows with medians [181.2, 126.9, 126.9, 163.4] (spread 54.4 ticks, 36.3%) -- averaging, widening whiskers to the union
  note: 63.0824 MiB (random) has 4 overlapping summary rows with medians [178.8, 129.6, 128.7, 127.8] (spread 51.0 ticks, 36.1%) -- averaging, widening whiskers to the union
  note: 64 MiB (random) has 4 overlapping summary rows with medians [173.5, 128.8, 128.7, 128.8] (spread 44.8 ticks, 32.0%) -- averaging, widening whiskers to the union
  note: 64.9309 MiB (random) has 4 overlapping summary rows with medians [138.1, 197.9, 129.5, 129.6] (spread 68.5 ticks, 46.0%) -- averaging, widening whiskers to the union
  note: 65.8753 MiB (random) has 4 overlapping summary rows with medians [130.5, 198.5, 198.7, 199.6] (spread 69.1 ticks, 38.0%) -- averaging, widening whiskers to the union
  note: 66.8335 MiB (random) has 4 overlapping summary rows with medians [132.4, 199.1, 200.1, 198.9] (spread 67.6 ticks, 37.0%) -- averaging, widening whiskers to the union
  note: 67.8056 MiB (random) has 4 overlapping summary rows with medians [182.5, 132.2, 199.3, 199.3] (spread 67.1 ticks, 37.6%) -- averaging, widening whiskers to the union
  note: 70.8076 MiB (random) has 4 overlapping summary rows with medians [135.1, 135.1, 200.5, 135.2] (spread 65.3 ticks, 43.1%) -- averaging, widening whiskers to the union
  note: 71.8376 MiB (random) has 4 overlapping summary rows with medians [137.6, 200.5, 200.2, 200.5] (spread 62.9 ticks, 34.1%) -- averaging, widening whiskers to the union
  note: 72.8825 MiB (random) has 4 overlapping summary rows with medians [317.4, 200.8, 137.1, 199.0] (spread 180.3 ticks, 84.4%) -- averaging, widening whiskers to the union
  note: 73.9426 MiB (random) has 4 overlapping summary rows with medians [252.9, 200.8, 200.8, 200.8] (spread 52.2 ticks, 24.4%) -- averaging, widening whiskers to the union
  note: 75.0181 MiB (random) has 4 overlapping summary rows with medians [139.5, 200.7, 201.1, 200.7] (spread 61.6 ticks, 33.2%) -- averaging, widening whiskers to the union
  note: 77.2163 MiB (random) has 5 overlapping summary rows with medians [140.4, 182.4, 184.8, 182.9, 171.5] (spread 44.4 ticks, 25.7%) -- averaging, widening whiskers to the union
  note: 78.3394 MiB (random) has 5 overlapping summary rows with medians [141.2, 175.1, 181.7, 178.1, 141.1] (spread 40.6 ticks, 24.9%) -- averaging, widening whiskers to the union
  note: 79.4789 MiB (random) has 5 overlapping summary rows with medians [200.7, 141.8, 171.9, 141.7, 200.7] (spread 59.0 ticks, 34.4%) -- averaging, widening whiskers to the union
  note: 80.6349 MiB (random) has 5 overlapping summary rows with medians [142.7, 143.7, 142.7, 143.3, 179.9] (spread 37.2 ticks, 24.7%) -- averaging, widening whiskers to the union
  note: 81.8078 MiB (random) has 5 overlapping summary rows with medians [201.3, 185.6, 267.8, 185.6, 185.3] (spread 82.5 ticks, 40.2%) -- averaging, widening whiskers to the union
  note: 84.205 MiB (random) has 5 overlapping summary rows with medians [202.5, 173.7, 181.5, 173.9, 144.9] (spread 57.6 ticks, 32.9%) -- averaging, widening whiskers to the union
  note: 85.4297 MiB (random) has 5 overlapping summary rows with medians [202.0, 146.8, 145.6, 145.8, 145.8] (spread 56.4 ticks, 35.9%) -- averaging, widening whiskers to the union
  note: 86.6723 MiB (random) has 5 overlapping summary rows with medians [146.5, 301.8, 146.5, 306.7, 186.5] (spread 160.3 ticks, 73.6%) -- averaging, widening whiskers to the union
  note: 87.933 MiB (random) has 5 overlapping summary rows with medians [202.4, 255.2, 286.6, 254.5, 183.5] (spread 103.2 ticks, 43.6%) -- averaging, widening whiskers to the union
  note: 89.212 MiB (random) has 5 overlapping summary rows with medians [202.5, 148.0, 177.4, 148.2, 173.3] (spread 54.6 ticks, 32.1%) -- averaging, widening whiskers to the union
  note: 90.5097 MiB (random) has 5 overlapping summary rows with medians [186.8, 149.7, 149.4, 148.6, 149.7] (spread 38.1 ticks, 24.3%) -- averaging, widening whiskers to the union
  note: 91.8262 MiB (random) has 5 overlapping summary rows with medians [182.2, 150.1, 202.8, 201.1, 302.3] (spread 152.2 ticks, 73.3%) -- averaging, widening whiskers to the union
  note: 93.1618 MiB (random) has 5 overlapping summary rows with medians [150.0, 202.9, 203.2, 202.1, 255.6] (spread 105.6 ticks, 52.1%) -- averaging, widening whiskers to the union
  note: 94.5169 MiB (random) has 5 overlapping summary rows with medians [258.5, 202.0, 201.8, 151.5, 150.8] (spread 107.6 ticks, 55.8%) -- averaging, widening whiskers to the union
  note: 95.8916 MiB (random) has 5 overlapping summary rows with medians [187.4, 201.8, 202.8, 203.2, 151.4] (spread 51.8 ticks, 27.4%) -- averaging, widening whiskers to the union
  note: 97.2864 MiB (random) has 5 overlapping summary rows with medians [182.0, 203.3, 153.1, 202.2, 162.6] (spread 50.2 ticks, 27.8%) -- averaging, widening whiskers to the union
  note: 98.7015 MiB (random) has 5 overlapping summary rows with medians [152.6, 202.3, 152.4, 164.5, 202.5] (spread 50.1 ticks, 28.7%) -- averaging, widening whiskers to the union
  note: 100.137 MiB (random) has 5 overlapping summary rows with medians [317.5, 153.1, 203.6, 201.0, 203.2] (spread 164.5 ticks, 76.3%) -- averaging, widening whiskers to the union
  note: 101.594 MiB (random) has 5 overlapping summary rows with medians [254.7, 203.4, 202.7, 204.5, 154.1] (spread 100.6 ticks, 49.4%) -- averaging, widening whiskers to the union
  note: 103.071 MiB (random) has 5 overlapping summary rows with medians [154.3, 203.6, 188.3, 188.5, 203.2] (spread 49.2 ticks, 26.2%) -- averaging, widening whiskers to the union
  note: 104.571 MiB (random) has 5 overlapping summary rows with medians [155.5, 187.0, 185.8, 183.1, 203.2] (spread 47.7 ticks, 26.1%) -- averaging, widening whiskers to the union
  note: 106.092 MiB (random) has 5 overlapping summary rows with medians [203.7, 179.5, 156.2, 155.5, 172.9] (spread 48.1 ticks, 27.7%) -- averaging, widening whiskers to the union
  note: 110.789 MiB (random) has 5 overlapping summary rows with medians [203.3, 185.4, 179.0, 159.2, 157.2] (spread 46.1 ticks, 26.1%) -- averaging, widening whiskers to the union
  note: 112.4 MiB (random) has 5 overlapping summary rows with medians [204.0, 157.7, 157.8, 157.8, 189.4] (spread 46.4 ticks, 26.7%) -- averaging, widening whiskers to the union
  note: 114.035 MiB (random) has 5 overlapping summary rows with medians [204.0, 302.4, 248.6, 257.6, 187.1] (spread 115.3 ticks, 48.1%) -- averaging, widening whiskers to the union
  note: 119.084 MiB (random) has 5 overlapping summary rows with medians [159.8, 205.1, 203.3, 203.6, 179.4] (spread 45.3 ticks, 23.8%) -- averaging, widening whiskers to the union
  note: 120.816 MiB (random) has 5 overlapping summary rows with medians [190.1, 203.8, 203.9, 188.5, 164.7] (spread 39.2 ticks, 20.6%) -- averaging, widening whiskers to the union
  note: 124.356 MiB (random) has 5 overlapping summary rows with medians [162.1, 204.1, 204.1, 204.8, 161.5] (spread 43.3 ticks, 23.1%) -- averaging, widening whiskers to the union
  note: 126.165 MiB (random) has 5 overlapping summary rows with medians [316.5, 203.2, 203.4, 162.1, 204.1] (spread 154.4 ticks, 70.9%) -- averaging, widening whiskers to the union
  note: 128 MiB (random) has 5 overlapping summary rows with medians [167.5, 203.5, 190.5, 204.0, 162.3] (spread 41.7 ticks, 22.5%) -- averaging, widening whiskers to the union
  note: 129.862 MiB (random) has 5 overlapping summary rows with medians [163.3, 190.7, 187.3, 189.5, 204.1] (spread 40.8 ticks, 21.8%) -- averaging, widening whiskers to the union
  note: 131.751 MiB (random) has 5 overlapping summary rows with medians [203.8, 182.6, 163.3, 169.6, 204.8] (spread 41.5 ticks, 22.4%) -- averaging, widening whiskers to the union
  note: 133.667 MiB (random) has 5 overlapping summary rows with medians [204.1, 163.8, 190.8, 188.2, 188.7] (spread 40.3 ticks, 21.5%) -- averaging, widening whiskers to the union
  note: 135.611 MiB (random) has 5 overlapping summary rows with medians [205.2, 189.5, 184.5, 188.8, 164.2] (spread 40.9 ticks, 21.9%) -- averaging, widening whiskers to the union
  note: 137.584 MiB (random) has 5 overlapping summary rows with medians [205.9, 165.3, 164.2, 166.1, 191.0] (spread 41.7 ticks, 23.4%) -- averaging, widening whiskers to the union
  note: 143.675 MiB (random) has 5 overlapping summary rows with medians [178.9, 204.0, 205.9, 204.7, 234.9] (spread 56.0 ticks, 27.2%) -- averaging, widening whiskers to the union
  note: 145.765 MiB (random) has 5 overlapping summary rows with medians [268.4, 198.4, 205.7, 204.8, 167.0] (spread 101.4 ticks, 48.5%) -- averaging, widening whiskers to the union
  note: 150.036 MiB (random) has 5 overlapping summary rows with medians [167.8, 205.6, 205.0, 197.3, 167.3] (spread 38.3 ticks, 20.3%) -- averaging, widening whiskers to the union
  note: 158.958 MiB (random) has 4 overlapping summary rows with medians [268.5, 265.3, 168.8, 192.2] (spread 99.7 ticks, 44.6%) -- averaging, widening whiskers to the union
  note: 165.995 MiB (random) has 4 overlapping summary rows with medians [190.8, 182.4, 276.8, 187.3] (spread 94.3 ticks, 45.1%) -- averaging, widening whiskers to the union
  note: 183.652 MiB (random) has 4 overlapping summary rows with medians [172.6, 267.7, 172.8, 193.3] (spread 95.1 ticks, 47.2%) -- averaging, widening whiskers to the union
  note: 189.034 MiB (random) has 4 overlapping summary rows with medians [173.2, 305.4, 173.7, 173.2] (spread 132.3 ticks, 64.1%) -- averaging, widening whiskers to the union
  note: 191.783 MiB (random) has 4 overlapping summary rows with medians [235.2, 173.8, 248.4, 190.8] (spread 74.7 ticks, 35.2%) -- averaging, widening whiskers to the union
  note: 215.269 MiB (random) has 4 overlapping summary rows with medians [310.1, 187.2, 176.5, 176.6] (spread 133.7 ticks, 62.9%) -- averaging, widening whiskers to the union
  note: 241.632 MiB (random) has 4 overlapping summary rows with medians [178.3, 178.4, 258.2, 180.7] (spread 79.9 ticks, 40.2%) -- averaging, widening whiskers to the union
Wrote data_processed/hazel_broadwell/capacity_rerun/capacity/plots/capacity_curve.pdf and .png
Wrote data_processed/hazel_broadwell/capacity_rerun/capacity/plots/capacity_boxplots.pdf and .png
-- compressing raw CSVs --
== done ==
== plots: data_processed/hazel_broadwell/capacity_rerun/capacity/plots/capacity_curve.{png,pdf}, data_processed/hazel_broadwell/capacity_rerun/capacity/plots/capacity_boxplots.{png,pdf} ==
== detected boundaries (bytes): 240384 404280 2493944 19951584 39903168 ==
== record in data_raw/hazel_broadwell/capacity_rerun/README.md: core=22, seed=12345, samples=1000000, timestamp=20260915T143525Z ==
== full transcript saved to: data_raw/hazel_broadwell/capacity_rerun/capacity/run_capacity_full_20260915T143525Z.log ==
