== run_line_size: machine=charnwood core=3 seed=12345 ==
== timestamp=20260913T144937Z boundaries=8388608 coarse_strides=8,16,32,64,128,256 ==

############################################################
## LEVEL boundary=8388608B -- Method A window=[1048576,33554432] bytes
############################################################
-- [L8388608 A coarse] stride=8B pattern=random offset=0B --
  wrote 31002 lines -> data_raw/charnwood/line_size/level_8388608/family_8_random_20260913T144937Z.csv
Wrote 31 summary rows to data_processed/charnwood/line_size/level_8388608/family_8_random_summary.csv
-- [L8388608 A coarse] stride=8B pattern=sequential offset=0B --
  wrote 31002 lines -> data_raw/charnwood/line_size/level_8388608/family_8_sequential_20260913T144937Z.csv
Wrote 31 summary rows to data_processed/charnwood/line_size/level_8388608/family_8_sequential_summary.csv
-- [L8388608 A coarse] stride=16B pattern=random offset=0B --
  wrote 31002 lines -> data_raw/charnwood/line_size/level_8388608/family_16_random_20260913T144937Z.csv
Wrote 31 summary rows to data_processed/charnwood/line_size/level_8388608/family_16_random_summary.csv
-- [L8388608 A coarse] stride=16B pattern=sequential offset=0B --
  wrote 31002 lines -> data_raw/charnwood/line_size/level_8388608/family_16_sequential_20260913T144937Z.csv
Wrote 31 summary rows to data_processed/charnwood/line_size/level_8388608/family_16_sequential_summary.csv
-- [L8388608 A coarse] stride=32B pattern=random offset=0B --
  wrote 31002 lines -> data_raw/charnwood/line_size/level_8388608/family_32_random_20260913T144937Z.csv
Wrote 31 summary rows to data_processed/charnwood/line_size/level_8388608/family_32_random_summary.csv
-- [L8388608 A coarse] stride=32B pattern=sequential offset=0B --
  wrote 31002 lines -> data_raw/charnwood/line_size/level_8388608/family_32_sequential_20260913T144937Z.csv
Wrote 31 summary rows to data_processed/charnwood/line_size/level_8388608/family_32_sequential_summary.csv
-- [L8388608 A coarse] stride=64B pattern=random offset=0B --
  wrote 31002 lines -> data_raw/charnwood/line_size/level_8388608/family_64_random_20260913T144937Z.csv
Wrote 31 summary rows to data_processed/charnwood/line_size/level_8388608/family_64_random_summary.csv
-- [L8388608 A coarse] stride=64B pattern=sequential offset=0B --
  wrote 31002 lines -> data_raw/charnwood/line_size/level_8388608/family_64_sequential_20260913T144937Z.csv
Wrote 31 summary rows to data_processed/charnwood/line_size/level_8388608/family_64_sequential_summary.csv
-- [L8388608 A coarse] stride=128B pattern=random offset=0B --
  wrote 31002 lines -> data_raw/charnwood/line_size/level_8388608/family_128_random_20260913T144937Z.csv
Wrote 31 summary rows to data_processed/charnwood/line_size/level_8388608/family_128_random_summary.csv
-- [L8388608 A coarse] stride=128B pattern=sequential offset=0B --
  wrote 31002 lines -> data_raw/charnwood/line_size/level_8388608/family_128_sequential_20260913T144937Z.csv
Wrote 31 summary rows to data_processed/charnwood/line_size/level_8388608/family_128_sequential_summary.csv
-- [L8388608 A coarse] stride=256B pattern=random offset=0B --
  wrote 31002 lines -> data_raw/charnwood/line_size/level_8388608/family_256_random_20260913T144937Z.csv
Wrote 31 summary rows to data_processed/charnwood/line_size/level_8388608/family_256_random_summary.csv
-- [L8388608 A coarse] stride=256B pattern=sequential offset=0B --
  wrote 31002 lines -> data_raw/charnwood/line_size/level_8388608/family_256_sequential_20260913T144937Z.csv
Wrote 31 summary rows to data_processed/charnwood/line_size/level_8388608/family_256_sequential_summary.csv
-- [L8388608 A steps 1-3] generating coarse family-of-curves plots --
Wrote data_processed/charnwood/line_size/level_8388608/plots/line_size_family_curve.pdf and .png
-- per-stride elbow (bytes): {8B: 21137968, 16B: 21137968, 32B: 18831776, 64B: 14946752, 128B: 16777216, 256B: 33554432}
-- line-size estimate: smallest candidate stride whose elbow agrees with largest tested stride (~33554432 bytes) is 256B -- see infer_line_size's docstring caveat on the fixed grid resolution before citing this as a clean line-size number on its own
Wrote data_processed/charnwood/line_size/level_8388608/plots/line_size_family_boxplots.pdf and .png
   (the per-stride elbow / line-size-estimate lines just above are
   plot_line_size_family.py's own diagnostic guess from ONE un-repeated coarse
   sweep -- NOT auto-applied below; see data_processed/charnwood/line_size/level_8388608/plots/line_size_family_curve.png
   and decide the step-4 candidate yourself)
== [L8388608 A step 4] candidate=64B (manual, from line_size_family_curve.png) ==
== [L8388608 A step 4] bracket=40,48,56,64,72,80,88B (8B granularity) offsets=0,8,16,24,32,40,48,56B pattern=random ==
-- [L8388608 A refine] stride=40B offset=0B pattern=random --
  wrote 31002 lines -> data_raw/charnwood/line_size/level_8388608/refine_40_off0_20260913T144937Z.csv
Wrote 31 summary rows to data_processed/charnwood/line_size/level_8388608/refine_40_off0_summary.csv
-- [L8388608 A refine] stride=48B offset=0B pattern=random --
  wrote 31002 lines -> data_raw/charnwood/line_size/level_8388608/refine_48_off0_20260913T144937Z.csv
Wrote 31 summary rows to data_processed/charnwood/line_size/level_8388608/refine_48_off0_summary.csv
-- [L8388608 A refine] stride=56B offset=0B pattern=random --
  wrote 31002 lines -> data_raw/charnwood/line_size/level_8388608/refine_56_off0_20260913T144937Z.csv
Wrote 31 summary rows to data_processed/charnwood/line_size/level_8388608/refine_56_off0_summary.csv
-- [L8388608 A refine] stride=64B offset=0B pattern=random --
  wrote 31002 lines -> data_raw/charnwood/line_size/level_8388608/refine_64_off0_20260913T144937Z.csv
Wrote 31 summary rows to data_processed/charnwood/line_size/level_8388608/refine_64_off0_summary.csv
-- [L8388608 A refine] stride=72B offset=0B pattern=random --
  wrote 31002 lines -> data_raw/charnwood/line_size/level_8388608/refine_72_off0_20260913T144937Z.csv
Wrote 31 summary rows to data_processed/charnwood/line_size/level_8388608/refine_72_off0_summary.csv
-- [L8388608 A refine] stride=80B offset=0B pattern=random --
  wrote 31002 lines -> data_raw/charnwood/line_size/level_8388608/refine_80_off0_20260913T144937Z.csv
Wrote 31 summary rows to data_processed/charnwood/line_size/level_8388608/refine_80_off0_summary.csv
-- [L8388608 A refine] stride=88B offset=0B pattern=random --
  wrote 31002 lines -> data_raw/charnwood/line_size/level_8388608/refine_88_off0_20260913T144937Z.csv
Wrote 31 summary rows to data_processed/charnwood/line_size/level_8388608/refine_88_off0_summary.csv
-- [L8388608 A refine] stride=40B offset=8B pattern=random --
  wrote 31002 lines -> data_raw/charnwood/line_size/level_8388608/refine_40_off8_20260913T144937Z.csv
Wrote 31 summary rows to data_processed/charnwood/line_size/level_8388608/refine_40_off8_summary.csv
-- [L8388608 A refine] stride=48B offset=8B pattern=random --
  wrote 31002 lines -> data_raw/charnwood/line_size/level_8388608/refine_48_off8_20260913T144937Z.csv
Wrote 31 summary rows to data_processed/charnwood/line_size/level_8388608/refine_48_off8_summary.csv
-- [L8388608 A refine] stride=56B offset=8B pattern=random --
  wrote 31002 lines -> data_raw/charnwood/line_size/level_8388608/refine_56_off8_20260913T144937Z.csv
Wrote 31 summary rows to data_processed/charnwood/line_size/level_8388608/refine_56_off8_summary.csv
-- [L8388608 A refine] stride=64B offset=8B pattern=random --
  wrote 31002 lines -> data_raw/charnwood/line_size/level_8388608/refine_64_off8_20260913T144937Z.csv
Wrote 31 summary rows to data_processed/charnwood/line_size/level_8388608/refine_64_off8_summary.csv
-- [L8388608 A refine] stride=72B offset=8B pattern=random --
  wrote 31002 lines -> data_raw/charnwood/line_size/level_8388608/refine_72_off8_20260913T144937Z.csv
Wrote 31 summary rows to data_processed/charnwood/line_size/level_8388608/refine_72_off8_summary.csv
-- [L8388608 A refine] stride=80B offset=8B pattern=random --
  wrote 31002 lines -> data_raw/charnwood/line_size/level_8388608/refine_80_off8_20260913T144937Z.csv
Wrote 31 summary rows to data_processed/charnwood/line_size/level_8388608/refine_80_off8_summary.csv
-- [L8388608 A refine] stride=88B offset=8B pattern=random --
  wrote 31002 lines -> data_raw/charnwood/line_size/level_8388608/refine_88_off8_20260913T144937Z.csv
Wrote 31 summary rows to data_processed/charnwood/line_size/level_8388608/refine_88_off8_summary.csv
-- [L8388608 A refine] stride=40B offset=16B pattern=random --
  wrote 31002 lines -> data_raw/charnwood/line_size/level_8388608/refine_40_off16_20260913T144937Z.csv
Wrote 31 summary rows to data_processed/charnwood/line_size/level_8388608/refine_40_off16_summary.csv
-- [L8388608 A refine] stride=48B offset=16B pattern=random --
  wrote 31002 lines -> data_raw/charnwood/line_size/level_8388608/refine_48_off16_20260913T144937Z.csv
Wrote 31 summary rows to data_processed/charnwood/line_size/level_8388608/refine_48_off16_summary.csv
-- [L8388608 A refine] stride=56B offset=16B pattern=random --
  wrote 31002 lines -> data_raw/charnwood/line_size/level_8388608/refine_56_off16_20260913T144937Z.csv
Wrote 31 summary rows to data_processed/charnwood/line_size/level_8388608/refine_56_off16_summary.csv
-- [L8388608 A refine] stride=64B offset=16B pattern=random --
  wrote 31002 lines -> data_raw/charnwood/line_size/level_8388608/refine_64_off16_20260913T144937Z.csv
Wrote 31 summary rows to data_processed/charnwood/line_size/level_8388608/refine_64_off16_summary.csv
-- [L8388608 A refine] stride=72B offset=16B pattern=random --
  wrote 31002 lines -> data_raw/charnwood/line_size/level_8388608/refine_72_off16_20260913T144937Z.csv
Wrote 31 summary rows to data_processed/charnwood/line_size/level_8388608/refine_72_off16_summary.csv
-- [L8388608 A refine] stride=80B offset=16B pattern=random --
  wrote 31002 lines -> data_raw/charnwood/line_size/level_8388608/refine_80_off16_20260913T144937Z.csv
Wrote 31 summary rows to data_processed/charnwood/line_size/level_8388608/refine_80_off16_summary.csv
-- [L8388608 A refine] stride=88B offset=16B pattern=random --
  wrote 31002 lines -> data_raw/charnwood/line_size/level_8388608/refine_88_off16_20260913T144937Z.csv
Wrote 31 summary rows to data_processed/charnwood/line_size/level_8388608/refine_88_off16_summary.csv
-- [L8388608 A refine] stride=40B offset=24B pattern=random --
  wrote 31002 lines -> data_raw/charnwood/line_size/level_8388608/refine_40_off24_20260913T144937Z.csv
Wrote 31 summary rows to data_processed/charnwood/line_size/level_8388608/refine_40_off24_summary.csv
-- [L8388608 A refine] stride=48B offset=24B pattern=random --
  wrote 31002 lines -> data_raw/charnwood/line_size/level_8388608/refine_48_off24_20260913T144937Z.csv
Wrote 31 summary rows to data_processed/charnwood/line_size/level_8388608/refine_48_off24_summary.csv
-- [L8388608 A refine] stride=56B offset=24B pattern=random --
  wrote 31002 lines -> data_raw/charnwood/line_size/level_8388608/refine_56_off24_20260913T144937Z.csv
Wrote 31 summary rows to data_processed/charnwood/line_size/level_8388608/refine_56_off24_summary.csv
-- [L8388608 A refine] stride=64B offset=24B pattern=random --
  wrote 31002 lines -> data_raw/charnwood/line_size/level_8388608/refine_64_off24_20260913T144937Z.csv
Wrote 31 summary rows to data_processed/charnwood/line_size/level_8388608/refine_64_off24_summary.csv
-- [L8388608 A refine] stride=72B offset=24B pattern=random --
  wrote 31002 lines -> data_raw/charnwood/line_size/level_8388608/refine_72_off24_20260913T144937Z.csv
Wrote 31 summary rows to data_processed/charnwood/line_size/level_8388608/refine_72_off24_summary.csv
-- [L8388608 A refine] stride=80B offset=24B pattern=random --
  wrote 31002 lines -> data_raw/charnwood/line_size/level_8388608/refine_80_off24_20260913T144937Z.csv
Wrote 31 summary rows to data_processed/charnwood/line_size/level_8388608/refine_80_off24_summary.csv
-- [L8388608 A refine] stride=88B offset=24B pattern=random --
  wrote 31002 lines -> data_raw/charnwood/line_size/level_8388608/refine_88_off24_20260913T144937Z.csv
Wrote 31 summary rows to data_processed/charnwood/line_size/level_8388608/refine_88_off24_summary.csv
-- [L8388608 A refine] stride=40B offset=32B pattern=random --
  wrote 31002 lines -> data_raw/charnwood/line_size/level_8388608/refine_40_off32_20260913T144937Z.csv
Wrote 31 summary rows to data_processed/charnwood/line_size/level_8388608/refine_40_off32_summary.csv
-- [L8388608 A refine] stride=48B offset=32B pattern=random --
  wrote 31002 lines -> data_raw/charnwood/line_size/level_8388608/refine_48_off32_20260913T144937Z.csv
Wrote 31 summary rows to data_processed/charnwood/line_size/level_8388608/refine_48_off32_summary.csv
-- [L8388608 A refine] stride=56B offset=32B pattern=random --
  wrote 31002 lines -> data_raw/charnwood/line_size/level_8388608/refine_56_off32_20260913T144937Z.csv
Wrote 31 summary rows to data_processed/charnwood/line_size/level_8388608/refine_56_off32_summary.csv
-- [L8388608 A refine] stride=64B offset=32B pattern=random --
  wrote 31002 lines -> data_raw/charnwood/line_size/level_8388608/refine_64_off32_20260913T144937Z.csv
Wrote 31 summary rows to data_processed/charnwood/line_size/level_8388608/refine_64_off32_summary.csv
-- [L8388608 A refine] stride=72B offset=32B pattern=random --
  wrote 31002 lines -> data_raw/charnwood/line_size/level_8388608/refine_72_off32_20260913T144937Z.csv
Wrote 31 summary rows to data_processed/charnwood/line_size/level_8388608/refine_72_off32_summary.csv
-- [L8388608 A refine] stride=80B offset=32B pattern=random --
  wrote 31002 lines -> data_raw/charnwood/line_size/level_8388608/refine_80_off32_20260913T144937Z.csv
Wrote 31 summary rows to data_processed/charnwood/line_size/level_8388608/refine_80_off32_summary.csv
-- [L8388608 A refine] stride=88B offset=32B pattern=random --
  wrote 31002 lines -> data_raw/charnwood/line_size/level_8388608/refine_88_off32_20260913T144937Z.csv
Wrote 31 summary rows to data_processed/charnwood/line_size/level_8388608/refine_88_off32_summary.csv
-- [L8388608 A refine] stride=40B offset=40B pattern=random --
  wrote 31002 lines -> data_raw/charnwood/line_size/level_8388608/refine_40_off40_20260913T144937Z.csv
Wrote 31 summary rows to data_processed/charnwood/line_size/level_8388608/refine_40_off40_summary.csv
-- [L8388608 A refine] stride=48B offset=40B pattern=random --
  wrote 31002 lines -> data_raw/charnwood/line_size/level_8388608/refine_48_off40_20260913T144937Z.csv
Wrote 31 summary rows to data_processed/charnwood/line_size/level_8388608/refine_48_off40_summary.csv
-- [L8388608 A refine] stride=56B offset=40B pattern=random --
  wrote 31002 lines -> data_raw/charnwood/line_size/level_8388608/refine_56_off40_20260913T144937Z.csv
Wrote 31 summary rows to data_processed/charnwood/line_size/level_8388608/refine_56_off40_summary.csv
-- [L8388608 A refine] stride=64B offset=40B pattern=random --
  wrote 31002 lines -> data_raw/charnwood/line_size/level_8388608/refine_64_off40_20260913T144937Z.csv
Wrote 31 summary rows to data_processed/charnwood/line_size/level_8388608/refine_64_off40_summary.csv
-- [L8388608 A refine] stride=72B offset=40B pattern=random --
  wrote 31002 lines -> data_raw/charnwood/line_size/level_8388608/refine_72_off40_20260913T144937Z.csv
Wrote 31 summary rows to data_processed/charnwood/line_size/level_8388608/refine_72_off40_summary.csv
-- [L8388608 A refine] stride=80B offset=40B pattern=random --
  wrote 31002 lines -> data_raw/charnwood/line_size/level_8388608/refine_80_off40_20260913T144937Z.csv
Wrote 31 summary rows to data_processed/charnwood/line_size/level_8388608/refine_80_off40_summary.csv
-- [L8388608 A refine] stride=88B offset=40B pattern=random --
  wrote 31002 lines -> data_raw/charnwood/line_size/level_8388608/refine_88_off40_20260913T144937Z.csv
Wrote 31 summary rows to data_processed/charnwood/line_size/level_8388608/refine_88_off40_summary.csv
-- [L8388608 A refine] stride=40B offset=48B pattern=random --
  wrote 31002 lines -> data_raw/charnwood/line_size/level_8388608/refine_40_off48_20260913T144937Z.csv
Wrote 31 summary rows to data_processed/charnwood/line_size/level_8388608/refine_40_off48_summary.csv
-- [L8388608 A refine] stride=48B offset=48B pattern=random --
  wrote 31002 lines -> data_raw/charnwood/line_size/level_8388608/refine_48_off48_20260913T144937Z.csv
Wrote 31 summary rows to data_processed/charnwood/line_size/level_8388608/refine_48_off48_summary.csv
-- [L8388608 A refine] stride=56B offset=48B pattern=random --
  wrote 31002 lines -> data_raw/charnwood/line_size/level_8388608/refine_56_off48_20260913T144937Z.csv
Wrote 31 summary rows to data_processed/charnwood/line_size/level_8388608/refine_56_off48_summary.csv
-- [L8388608 A refine] stride=64B offset=48B pattern=random --
  wrote 31002 lines -> data_raw/charnwood/line_size/level_8388608/refine_64_off48_20260913T144937Z.csv
Wrote 31 summary rows to data_processed/charnwood/line_size/level_8388608/refine_64_off48_summary.csv
-- [L8388608 A refine] stride=72B offset=48B pattern=random --
  wrote 31002 lines -> data_raw/charnwood/line_size/level_8388608/refine_72_off48_20260913T144937Z.csv
Wrote 31 summary rows to data_processed/charnwood/line_size/level_8388608/refine_72_off48_summary.csv
-- [L8388608 A refine] stride=80B offset=48B pattern=random --
  wrote 31002 lines -> data_raw/charnwood/line_size/level_8388608/refine_80_off48_20260913T144937Z.csv
Wrote 31 summary rows to data_processed/charnwood/line_size/level_8388608/refine_80_off48_summary.csv
-- [L8388608 A refine] stride=88B offset=48B pattern=random --
  wrote 31002 lines -> data_raw/charnwood/line_size/level_8388608/refine_88_off48_20260913T144937Z.csv
Wrote 31 summary rows to data_processed/charnwood/line_size/level_8388608/refine_88_off48_summary.csv
-- [L8388608 A refine] stride=40B offset=56B pattern=random --
  wrote 31002 lines -> data_raw/charnwood/line_size/level_8388608/refine_40_off56_20260913T144937Z.csv
Wrote 31 summary rows to data_processed/charnwood/line_size/level_8388608/refine_40_off56_summary.csv
-- [L8388608 A refine] stride=48B offset=56B pattern=random --
  wrote 31002 lines -> data_raw/charnwood/line_size/level_8388608/refine_48_off56_20260913T144937Z.csv
Wrote 31 summary rows to data_processed/charnwood/line_size/level_8388608/refine_48_off56_summary.csv
-- [L8388608 A refine] stride=56B offset=56B pattern=random --
  wrote 31002 lines -> data_raw/charnwood/line_size/level_8388608/refine_56_off56_20260913T144937Z.csv
Wrote 31 summary rows to data_processed/charnwood/line_size/level_8388608/refine_56_off56_summary.csv
-- [L8388608 A refine] stride=64B offset=56B pattern=random --
  wrote 31002 lines -> data_raw/charnwood/line_size/level_8388608/refine_64_off56_20260913T144937Z.csv
Wrote 31 summary rows to data_processed/charnwood/line_size/level_8388608/refine_64_off56_summary.csv
-- [L8388608 A refine] stride=72B offset=56B pattern=random --
  wrote 31002 lines -> data_raw/charnwood/line_size/level_8388608/refine_72_off56_20260913T144937Z.csv
Wrote 31 summary rows to data_processed/charnwood/line_size/level_8388608/refine_72_off56_summary.csv
-- [L8388608 A refine] stride=80B offset=56B pattern=random --
  wrote 31002 lines -> data_raw/charnwood/line_size/level_8388608/refine_80_off56_20260913T144937Z.csv
Wrote 31 summary rows to data_processed/charnwood/line_size/level_8388608/refine_80_off56_summary.csv
-- [L8388608 A refine] stride=88B offset=56B pattern=random --
  wrote 31002 lines -> data_raw/charnwood/line_size/level_8388608/refine_88_off56_20260913T144937Z.csv
Wrote 31 summary rows to data_processed/charnwood/line_size/level_8388608/refine_88_off56_summary.csv
-- [L8388608 A step 4] generating cross-alignment confirmation plots --
Wrote data_processed/charnwood/line_size/level_8388608/plots/line_size_offset_elbow.pdf and .png
Wrote data_processed/charnwood/line_size/level_8388608/plots/line_size_offset_boxplots.pdf and .png
-- elbow footprint by (offset, stride):
   offset=0B: {40: 18831760, 48: 18831744, 56: 16777208, 64: 21137920, 72: 14946768, 80: 14946800, 88: 14946800}
   offset=8B: {40: 18831760, 48: 18831744, 56: 29893584, 64: 33554432, 72: 29893536, 80: 14946800, 88: 14946800}
   offset=16B: {40: 18831760, 48: 18831744, 56: 16777208, 64: 14946752, 72: 14946768, 80: 14946800, 88: 14946800}
   offset=24B: {40: 18831760, 48: 18831744, 56: 14946792, 64: 13316032, 72: 14946768, 80: 14946800, 88: 14946800}
   offset=32B: {40: 18831760, 48: 16777200, 56: 16777208, 64: 14946752, 72: 14946768, 80: 14946800, 88: 14946800}
   offset=40B: {40: 18831760, 48: 18831744, 56: 16777208, 64: 14946752, 72: 14946768, 80: 14946800, 88: 14946800}
   offset=48B: {40: 18831760, 48: 18831744, 56: 16777208, 64: 14946752, 72: 14946768, 80: 16777200, 88: 14946800}
   offset=56B: {40: 16777200, 48: 29893584, 56: 16777208, 64: 14946752, 72: 14946768, 80: 14946800, 88: 14946800}
-- candidate stride 64B: elbow varies 2.52x across offsets (13316032-33554432 bytes) -- transition may be alignment-sensitive, do not cite this candidate as a clean line-size result without further investigation

-- [L8388608 B] single-curve method, footprint_bytes=16777216 (2.0x boundary) --
-- [L8388608 B coarse] stride 8-1024 bytes (step 8) --
  wrote 128002 lines -> data_raw/charnwood/line_size/level_8388608/singlecurve_coarse_random_20260913T144937Z.csv
  wrote 128002 lines -> data_raw/charnwood/line_size/level_8388608/singlecurve_coarse_sequential_20260913T144937Z.csv
Wrote 128 summary rows to data_processed/charnwood/line_size/level_8388608/singlecurve_coarse_random_summary.csv
Wrote 128 summary rows to data_processed/charnwood/line_size/level_8388608/singlecurve_coarse_sequential_summary.csv
-- [L8388608 B] detected line-size estimate (bytes): none --
-- [L8388608 B] no transition detected in the coarse sweep; skipping dense/repeat stages --
-- [L8388608 B] generating single-curve plots --
  note: flagged 6 isolated spike stride(s) as probable page-aliasing artifacts: [256, 384, 512, 856, 976, 1024]
Wrote data_processed/charnwood/line_size/level_8388608/plots/line_size_curve.pdf and .png
Wrote data_processed/charnwood/line_size/level_8388608/plots/line_size_boxplots.pdf and .png

############################################################
## step 5: cross-level, cross-method agreement summary
############################################################
   level boundary=8388608B -> method A (family of curves) = 64B, method B (single curve) = noneB
== every level/method that produced an estimate AGREES on 64B -- strong Phase-I evidence ==
== done: all levels, both methods, complete ==
== this is a FROZEN PHASE-I TIMING-ONLY result -- compare against PMU counters
   and the documented/system-reported line size in Phase II before treating it as
   confirmed (see README.md's Phase I/II/III discipline).
== plots per level: data_processed/charnwood/line_size/level_<boundary>/plots/line_size_family_{curve,boxplots}.{png,pdf} (A, steps 1-3),
          .../line_size_offset_{elbow,boxplots}.{png,pdf} (A, step 4), .../line_size_{curve,boxplots}.{png,pdf} (B) ==
== record in data_raw/charnwood/README.md: boundaries=8388608, core=3,
   seed=12345, samples=1000000, coarse_strides=8,16,32,64,128,256, per-level/per-method estimates as above,
   timestamp=20260913T144937Z ==
== full transcript saved to: data_raw/charnwood/line_size/run_line_size_20260913T144937Z.log ==
