== run_line_size: machine=charnwood core=3 seed=12345 ==
== timestamp=20260913T135833Z boundaries=262144,8388608 coarse_strides=8,16,32,64,128,256 ==

############################################################
## LEVEL boundary=262144B -- Method A window=[32768,1048576] bytes
############################################################
-- [L262144 A coarse] stride=8B pattern=random offset=0B --
  wrote 31002 lines -> data_raw/charnwood/line_size/level_262144/family_8_random_20260913T135833Z.csv
Wrote 31 summary rows to data_processed/charnwood/line_size/level_262144/family_8_random_summary.csv
-- [L262144 A coarse] stride=8B pattern=sequential offset=0B --
  wrote 31002 lines -> data_raw/charnwood/line_size/level_262144/family_8_sequential_20260913T135833Z.csv
Wrote 31 summary rows to data_processed/charnwood/line_size/level_262144/family_8_sequential_summary.csv
-- [L262144 A coarse] stride=16B pattern=random offset=0B --
  wrote 31002 lines -> data_raw/charnwood/line_size/level_262144/family_16_random_20260913T135833Z.csv
Wrote 31 summary rows to data_processed/charnwood/line_size/level_262144/family_16_random_summary.csv
-- [L262144 A coarse] stride=16B pattern=sequential offset=0B --
  wrote 31002 lines -> data_raw/charnwood/line_size/level_262144/family_16_sequential_20260913T135833Z.csv
Wrote 31 summary rows to data_processed/charnwood/line_size/level_262144/family_16_sequential_summary.csv
-- [L262144 A coarse] stride=32B pattern=random offset=0B --
  wrote 31002 lines -> data_raw/charnwood/line_size/level_262144/family_32_random_20260913T135833Z.csv
Wrote 31 summary rows to data_processed/charnwood/line_size/level_262144/family_32_random_summary.csv
-- [L262144 A coarse] stride=32B pattern=sequential offset=0B --
  wrote 31002 lines -> data_raw/charnwood/line_size/level_262144/family_32_sequential_20260913T135833Z.csv
Wrote 31 summary rows to data_processed/charnwood/line_size/level_262144/family_32_sequential_summary.csv
-- [L262144 A coarse] stride=64B pattern=random offset=0B --
  wrote 31002 lines -> data_raw/charnwood/line_size/level_262144/family_64_random_20260913T135833Z.csv
Wrote 31 summary rows to data_processed/charnwood/line_size/level_262144/family_64_random_summary.csv
-- [L262144 A coarse] stride=64B pattern=sequential offset=0B --
  wrote 31002 lines -> data_raw/charnwood/line_size/level_262144/family_64_sequential_20260913T135833Z.csv
Wrote 31 summary rows to data_processed/charnwood/line_size/level_262144/family_64_sequential_summary.csv
-- [L262144 A coarse] stride=128B pattern=random offset=0B --
  wrote 31002 lines -> data_raw/charnwood/line_size/level_262144/family_128_random_20260913T135833Z.csv
Wrote 31 summary rows to data_processed/charnwood/line_size/level_262144/family_128_random_summary.csv
-- [L262144 A coarse] stride=128B pattern=sequential offset=0B --
  wrote 31002 lines -> data_raw/charnwood/line_size/level_262144/family_128_sequential_20260913T135833Z.csv
Wrote 31 summary rows to data_processed/charnwood/line_size/level_262144/family_128_sequential_summary.csv
-- [L262144 A coarse] stride=256B pattern=random offset=0B --
  wrote 31002 lines -> data_raw/charnwood/line_size/level_262144/family_256_random_20260913T135833Z.csv
Wrote 31 summary rows to data_processed/charnwood/line_size/level_262144/family_256_random_summary.csv
-- [L262144 A coarse] stride=256B pattern=sequential offset=0B --
  wrote 31002 lines -> data_raw/charnwood/line_size/level_262144/family_256_sequential_20260913T135833Z.csv
Wrote 31 summary rows to data_processed/charnwood/line_size/level_262144/family_256_sequential_summary.csv
-- [L262144 A steps 1-3] generating coarse family-of-curves plots --
Wrote data_processed/charnwood/line_size/level_262144/plots/line_size_family_curve.pdf and .png
-- per-stride elbow (bytes): {8B: 588488, 16B: 588480, 32B: 588480, 64B: 524288, 128B: 467072, 256B: 466944}
-- line-size estimate: smallest candidate stride whose elbow agrees with largest tested stride (~466944 bytes) is 64B -- see infer_line_size's docstring caveat on the fixed grid resolution before citing this as a clean line-size number on its own
Wrote data_processed/charnwood/line_size/level_262144/plots/line_size_family_boxplots.pdf and .png
   (the per-stride elbow / line-size-estimate lines just above are
   plot_line_size_family.py's own diagnostic guess from ONE un-repeated coarse
   sweep -- NOT auto-applied below; see data_processed/charnwood/line_size/level_262144/plots/line_size_family_curve.png
   and decide the step-4 candidate yourself)
== [L262144 A] no candidate given for this level -- inspect
   data_processed/charnwood/line_size/level_262144/plots/line_size_family_curve.png yourself and re-run with an
   explicit candidate stride in candidate_overrides_csv for this level (no
   auto-detection: it proved unreliable across runs/cores, see the script's
   header comment). Skipping Method-A step 4.

-- [L262144 B] single-curve method, footprint_bytes=524288 (2.0x boundary) --
-- [L262144 B coarse] stride 8-1024 bytes (step 8) --
  wrote 128002 lines -> data_raw/charnwood/line_size/level_262144/singlecurve_coarse_random_20260913T135833Z.csv
  wrote 128002 lines -> data_raw/charnwood/line_size/level_262144/singlecurve_coarse_sequential_20260913T135833Z.csv
Wrote 128 summary rows to data_processed/charnwood/line_size/level_262144/singlecurve_coarse_random_summary.csv
Wrote 128 summary rows to data_processed/charnwood/line_size/level_262144/singlecurve_coarse_sequential_summary.csv
-- [L262144 B] detected line-size estimate (bytes): 64 --
-- [L262144 B] dense sweep around estimate 64 bytes: 32-129 (step 1) --
  wrote 98002 lines -> data_raw/charnwood/line_size/level_262144/singlecurve_dense_random_20260913T135833Z.csv
  wrote 98002 lines -> data_raw/charnwood/line_size/level_262144/singlecurve_dense_sequential_20260913T135833Z.csv
Wrote 98 summary rows to data_processed/charnwood/line_size/level_262144/singlecurve_dense_random_summary.csv
Wrote 98 summary rows to data_processed/charnwood/line_size/level_262144/singlecurve_dense_sequential_summary.csv
  -- [L262144 B] repeat 1/2 of the dense window --
  wrote 98002 lines -> data_raw/charnwood/line_size/level_262144/singlecurve_dense_rep1_random_20260913T135833Z.csv
  wrote 98002 lines -> data_raw/charnwood/line_size/level_262144/singlecurve_dense_rep1_sequential_20260913T135833Z.csv
Wrote 98 summary rows to data_processed/charnwood/line_size/level_262144/singlecurve_dense_rep1_random_summary.csv
Wrote 98 summary rows to data_processed/charnwood/line_size/level_262144/singlecurve_dense_rep1_sequential_summary.csv
  -- [L262144 B] repeat 2/2 of the dense window --
  wrote 98002 lines -> data_raw/charnwood/line_size/level_262144/singlecurve_dense_rep2_random_20260913T135833Z.csv
  wrote 98002 lines -> data_raw/charnwood/line_size/level_262144/singlecurve_dense_rep2_sequential_20260913T135833Z.csv
Wrote 98 summary rows to data_processed/charnwood/line_size/level_262144/singlecurve_dense_rep2_random_summary.csv
Wrote 98 summary rows to data_processed/charnwood/line_size/level_262144/singlecurve_dense_rep2_sequential_summary.csv
-- [L262144 B] generating single-curve plots --
  note: 32B (sequential) has 4 overlapping summary rows with medians [8.4, 11.6, 8.4, 8.4] (spread 3.2 ticks, 34.8%) -- averaging, widening whiskers to the union
  note: 33B (sequential) has 3 overlapping summary rows with medians [12.9, 9.3, 9.4] (spread 3.5 ticks, 33.6%) -- averaging, widening whiskers to the union
  note: 34B (sequential) has 3 overlapping summary rows with medians [12.8, 9.4, 9.4] (spread 3.5 ticks, 33.1%) -- averaging, widening whiskers to the union
  note: 35B (sequential) has 3 overlapping summary rows with medians [13.1, 9.6, 9.6] (spread 3.6 ticks, 33.2%) -- averaging, widening whiskers to the union
  note: flagged 3 isolated spike stride(s) as probable page-aliasing artifacts: [256, 512, 1024]
Wrote data_processed/charnwood/line_size/level_262144/plots/line_size_curve.pdf and .png
Wrote data_processed/charnwood/line_size/level_262144/plots/line_size_boxplots.pdf and .png

############################################################
## LEVEL boundary=8388608B -- Method A window=[1048576,33554432] bytes
############################################################
-- [L8388608 A coarse] stride=8B pattern=random offset=0B --
  wrote 31002 lines -> data_raw/charnwood/line_size/level_8388608/family_8_random_20260913T135833Z.csv
Wrote 31 summary rows to data_processed/charnwood/line_size/level_8388608/family_8_random_summary.csv
-- [L8388608 A coarse] stride=8B pattern=sequential offset=0B --
  wrote 31002 lines -> data_raw/charnwood/line_size/level_8388608/family_8_sequential_20260913T135833Z.csv
Wrote 31 summary rows to data_processed/charnwood/line_size/level_8388608/family_8_sequential_summary.csv
-- [L8388608 A coarse] stride=16B pattern=random offset=0B --
  wrote 31002 lines -> data_raw/charnwood/line_size/level_8388608/family_16_random_20260913T135833Z.csv
Wrote 31 summary rows to data_processed/charnwood/line_size/level_8388608/family_16_random_summary.csv
-- [L8388608 A coarse] stride=16B pattern=sequential offset=0B --
  wrote 31002 lines -> data_raw/charnwood/line_size/level_8388608/family_16_sequential_20260913T135833Z.csv
Wrote 31 summary rows to data_processed/charnwood/line_size/level_8388608/family_16_sequential_summary.csv
-- [L8388608 A coarse] stride=32B pattern=random offset=0B --
  wrote 31002 lines -> data_raw/charnwood/line_size/level_8388608/family_32_random_20260913T135833Z.csv
Wrote 31 summary rows to data_processed/charnwood/line_size/level_8388608/family_32_random_summary.csv
-- [L8388608 A coarse] stride=32B pattern=sequential offset=0B --
  wrote 31002 lines -> data_raw/charnwood/line_size/level_8388608/family_32_sequential_20260913T135833Z.csv
Wrote 31 summary rows to data_processed/charnwood/line_size/level_8388608/family_32_sequential_summary.csv
-- [L8388608 A coarse] stride=64B pattern=random offset=0B --
  wrote 31002 lines -> data_raw/charnwood/line_size/level_8388608/family_64_random_20260913T135833Z.csv
Wrote 31 summary rows to data_processed/charnwood/line_size/level_8388608/family_64_random_summary.csv
-- [L8388608 A coarse] stride=64B pattern=sequential offset=0B --
  wrote 31002 lines -> data_raw/charnwood/line_size/level_8388608/family_64_sequential_20260913T135833Z.csv
Wrote 31 summary rows to data_processed/charnwood/line_size/level_8388608/family_64_sequential_summary.csv
-- [L8388608 A coarse] stride=128B pattern=random offset=0B --
  wrote 31002 lines -> data_raw/charnwood/line_size/level_8388608/family_128_random_20260913T135833Z.csv
Wrote 31 summary rows to data_processed/charnwood/line_size/level_8388608/family_128_random_summary.csv
-- [L8388608 A coarse] stride=128B pattern=sequential offset=0B --
  wrote 31002 lines -> data_raw/charnwood/line_size/level_8388608/family_128_sequential_20260913T135833Z.csv
Wrote 31 summary rows to data_processed/charnwood/line_size/level_8388608/family_128_sequential_summary.csv
-- [L8388608 A coarse] stride=256B pattern=random offset=0B --
  wrote 31002 lines -> data_raw/charnwood/line_size/level_8388608/family_256_random_20260913T135833Z.csv
Wrote 31 summary rows to data_processed/charnwood/line_size/level_8388608/family_256_random_summary.csv
-- [L8388608 A coarse] stride=256B pattern=sequential offset=0B --
  wrote 31002 lines -> data_raw/charnwood/line_size/level_8388608/family_256_sequential_20260913T135833Z.csv
Wrote 31 summary rows to data_processed/charnwood/line_size/level_8388608/family_256_sequential_summary.csv
-- [L8388608 A steps 1-3] generating coarse family-of-curves plots --
Wrote data_processed/charnwood/line_size/level_8388608/plots/line_size_family_curve.pdf and .png
-- per-stride elbow (bytes): {8B: 21137968, 16B: 21137968, 32B: 18831776, 64B: 14946752, 128B: 18831744, 256B: 18831616}
-- line-size estimate: smallest candidate stride whose elbow agrees with largest tested stride (~18831616 bytes) is 8B -- see infer_line_size's docstring caveat on the fixed grid resolution before citing this as a clean line-size number on its own
Wrote data_processed/charnwood/line_size/level_8388608/plots/line_size_family_boxplots.pdf and .png
   (the per-stride elbow / line-size-estimate lines just above are
   plot_line_size_family.py's own diagnostic guess from ONE un-repeated coarse
   sweep -- NOT auto-applied below; see data_processed/charnwood/line_size/level_8388608/plots/line_size_family_curve.png
   and decide the step-4 candidate yourself)
== [L8388608 A] no candidate given for this level -- inspect
   data_processed/charnwood/line_size/level_8388608/plots/line_size_family_curve.png yourself and re-run with an
   explicit candidate stride in candidate_overrides_csv for this level (no
   auto-detection: it proved unreliable across runs/cores, see the script's
   header comment). Skipping Method-A step 4.

-- [L8388608 B] single-curve method, footprint_bytes=16777216 (2.0x boundary) --
-- [L8388608 B coarse] stride 8-1024 bytes (step 8) --
  wrote 128002 lines -> data_raw/charnwood/line_size/level_8388608/singlecurve_coarse_random_20260913T135833Z.csv
  wrote 128002 lines -> data_raw/charnwood/line_size/level_8388608/singlecurve_coarse_sequential_20260913T135833Z.csv
Wrote 128 summary rows to data_processed/charnwood/line_size/level_8388608/singlecurve_coarse_random_summary.csv
Wrote 128 summary rows to data_processed/charnwood/line_size/level_8388608/singlecurve_coarse_sequential_summary.csv
-- [L8388608 B] detected line-size estimate (bytes): none --
-- [L8388608 B] no transition detected in the coarse sweep; skipping dense/repeat stages --
-- [L8388608 B] generating single-curve plots --
  note: flagged 6 isolated spike stride(s) as probable page-aliasing artifacts: [256, 384, 512, 704, 800, 1024]
Wrote data_processed/charnwood/line_size/level_8388608/plots/line_size_curve.pdf and .png
Wrote data_processed/charnwood/line_size/level_8388608/plots/line_size_boxplots.pdf and .png

############################################################
## step 5: cross-level, cross-method agreement summary
############################################################
   level boundary=262144B -> method A (family of curves) = noneB, method B (single curve) = 64B
   level boundary=8388608B -> method A (family of curves) = noneB, method B (single curve) = noneB
== every level/method that produced an estimate AGREES on 64B -- strong Phase-I evidence ==
== done: all levels, both methods, complete ==
== this is a FROZEN PHASE-I TIMING-ONLY result -- compare against PMU counters
   and the documented/system-reported line size in Phase II before treating it as
   confirmed (see README.md's Phase I/II/III discipline).
== plots per level: data_processed/charnwood/line_size/level_<boundary>/plots/line_size_family_{curve,boxplots}.{png,pdf} (A, steps 1-3),
          .../line_size_offset_{elbow,boxplots}.{png,pdf} (A, step 4), .../line_size_{curve,boxplots}.{png,pdf} (B) ==
== record in data_raw/charnwood/README.md: boundaries=262144,8388608, core=3,
   seed=12345, samples=1000000, coarse_strides=8,16,32,64,128,256, per-level/per-method estimates as above,
   timestamp=20260913T135833Z ==
== full transcript saved to: data_raw/charnwood/line_size/run_line_size_20260913T135833Z.log ==
