== run_hit_latency_full: machine=thunderbird core=4 base_seed=12345 ==
== timestamp=20260913T061114Z ==

== level L1: footprint_bytes=65536 ==
-- base (seed=12345) --
  wrote 1002 lines -> data_raw/thunderbird/latency/hit/L1/hit_latency_base_dependent_random_20260913T061114Z.csv (mode=dependent pattern=random seed=12345)
Wrote 1 summary rows to data_processed/thunderbird/latency/hit/L1/base_dependent_random_summary_20260913T061114Z.csv
  wrote 1002 lines -> data_raw/thunderbird/latency/hit/L1/hit_latency_base_dependent_sequential_20260913T061114Z.csv (mode=dependent pattern=sequential seed=12345)
Wrote 1 summary rows to data_processed/thunderbird/latency/hit/L1/base_dependent_sequential_summary_20260913T061114Z.csv
  wrote 1002 lines -> data_raw/thunderbird/latency/hit/L1/hit_latency_base_independent_random_20260913T061114Z.csv (mode=independent pattern=random seed=12345)
Wrote 1 summary rows to data_processed/thunderbird/latency/hit/L1/base_independent_random_summary_20260913T061114Z.csv
  wrote 1002 lines -> data_raw/thunderbird/latency/hit/L1/hit_latency_base_independent_sequential_20260913T061114Z.csv (mode=independent pattern=sequential seed=12345)
Wrote 1 summary rows to data_processed/thunderbird/latency/hit/L1/base_independent_sequential_summary_20260913T061114Z.csv
-- rep1 (seed=12346) --
  wrote 1002 lines -> data_raw/thunderbird/latency/hit/L1/hit_latency_rep1_dependent_random_20260913T061114Z.csv (mode=dependent pattern=random seed=12346)
Wrote 1 summary rows to data_processed/thunderbird/latency/hit/L1/rep1_dependent_random_summary_20260913T061114Z.csv
  wrote 1002 lines -> data_raw/thunderbird/latency/hit/L1/hit_latency_rep1_dependent_sequential_20260913T061114Z.csv (mode=dependent pattern=sequential seed=12346)
Wrote 1 summary rows to data_processed/thunderbird/latency/hit/L1/rep1_dependent_sequential_summary_20260913T061114Z.csv
  wrote 1002 lines -> data_raw/thunderbird/latency/hit/L1/hit_latency_rep1_independent_random_20260913T061114Z.csv (mode=independent pattern=random seed=12346)
Wrote 1 summary rows to data_processed/thunderbird/latency/hit/L1/rep1_independent_random_summary_20260913T061114Z.csv
  wrote 1002 lines -> data_raw/thunderbird/latency/hit/L1/hit_latency_rep1_independent_sequential_20260913T061114Z.csv (mode=independent pattern=sequential seed=12346)
Wrote 1 summary rows to data_processed/thunderbird/latency/hit/L1/rep1_independent_sequential_summary_20260913T061114Z.csv
-- rep2 (seed=12347) --
  wrote 1002 lines -> data_raw/thunderbird/latency/hit/L1/hit_latency_rep2_dependent_random_20260913T061114Z.csv (mode=dependent pattern=random seed=12347)
Wrote 1 summary rows to data_processed/thunderbird/latency/hit/L1/rep2_dependent_random_summary_20260913T061114Z.csv
  wrote 1002 lines -> data_raw/thunderbird/latency/hit/L1/hit_latency_rep2_dependent_sequential_20260913T061114Z.csv (mode=dependent pattern=sequential seed=12347)
Wrote 1 summary rows to data_processed/thunderbird/latency/hit/L1/rep2_dependent_sequential_summary_20260913T061114Z.csv
  wrote 1002 lines -> data_raw/thunderbird/latency/hit/L1/hit_latency_rep2_independent_random_20260913T061114Z.csv (mode=independent pattern=random seed=12347)
Wrote 1 summary rows to data_processed/thunderbird/latency/hit/L1/rep2_independent_random_summary_20260913T061114Z.csv
  wrote 1002 lines -> data_raw/thunderbird/latency/hit/L1/hit_latency_rep2_independent_sequential_20260913T061114Z.csv (mode=independent pattern=sequential seed=12347)
Wrote 1 summary rows to data_processed/thunderbird/latency/hit/L1/rep2_independent_sequential_summary_20260913T061114Z.csv
-- generating plots for L1 --
  note: ('independent', 'sequential') has 3 overlapping summary rows with medians [0.1, 0.1, 0.1] (spread 0.0 ticks, 32.6%) -- averaging, widening whiskers to the union
random: independent < dependent (0.11 vs 0.13 ticks) [expected]
sequential: independent < dependent (0.09 vs 0.12 ticks) [expected]
Wrote data_processed/thunderbird/latency/hit/L1/plots/hit_latency_boxplots.pdf and .png
-- compressing raw CSVs for L1 --

== level L2: footprint_bytes=1048576 ==
-- base (seed=12345) --
  wrote 1002 lines -> data_raw/thunderbird/latency/hit/L2/hit_latency_base_dependent_random_20260913T061114Z.csv (mode=dependent pattern=random seed=12345)
Wrote 1 summary rows to data_processed/thunderbird/latency/hit/L2/base_dependent_random_summary_20260913T061114Z.csv
  wrote 1002 lines -> data_raw/thunderbird/latency/hit/L2/hit_latency_base_dependent_sequential_20260913T061114Z.csv (mode=dependent pattern=sequential seed=12345)
Wrote 1 summary rows to data_processed/thunderbird/latency/hit/L2/base_dependent_sequential_summary_20260913T061114Z.csv
  wrote 1002 lines -> data_raw/thunderbird/latency/hit/L2/hit_latency_base_independent_random_20260913T061114Z.csv (mode=independent pattern=random seed=12345)
Wrote 1 summary rows to data_processed/thunderbird/latency/hit/L2/base_independent_random_summary_20260913T061114Z.csv
  wrote 1002 lines -> data_raw/thunderbird/latency/hit/L2/hit_latency_base_independent_sequential_20260913T061114Z.csv (mode=independent pattern=sequential seed=12345)
Wrote 1 summary rows to data_processed/thunderbird/latency/hit/L2/base_independent_sequential_summary_20260913T061114Z.csv
-- rep1 (seed=12346) --
  wrote 1002 lines -> data_raw/thunderbird/latency/hit/L2/hit_latency_rep1_dependent_random_20260913T061114Z.csv (mode=dependent pattern=random seed=12346)
Wrote 1 summary rows to data_processed/thunderbird/latency/hit/L2/rep1_dependent_random_summary_20260913T061114Z.csv
  wrote 1002 lines -> data_raw/thunderbird/latency/hit/L2/hit_latency_rep1_dependent_sequential_20260913T061114Z.csv (mode=dependent pattern=sequential seed=12346)
Wrote 1 summary rows to data_processed/thunderbird/latency/hit/L2/rep1_dependent_sequential_summary_20260913T061114Z.csv
  wrote 1002 lines -> data_raw/thunderbird/latency/hit/L2/hit_latency_rep1_independent_random_20260913T061114Z.csv (mode=independent pattern=random seed=12346)
Wrote 1 summary rows to data_processed/thunderbird/latency/hit/L2/rep1_independent_random_summary_20260913T061114Z.csv
  wrote 1002 lines -> data_raw/thunderbird/latency/hit/L2/hit_latency_rep1_independent_sequential_20260913T061114Z.csv (mode=independent pattern=sequential seed=12346)
Wrote 1 summary rows to data_processed/thunderbird/latency/hit/L2/rep1_independent_sequential_summary_20260913T061114Z.csv
-- rep2 (seed=12347) --
  wrote 1002 lines -> data_raw/thunderbird/latency/hit/L2/hit_latency_rep2_dependent_random_20260913T061114Z.csv (mode=dependent pattern=random seed=12347)
Wrote 1 summary rows to data_processed/thunderbird/latency/hit/L2/rep2_dependent_random_summary_20260913T061114Z.csv
  wrote 1002 lines -> data_raw/thunderbird/latency/hit/L2/hit_latency_rep2_dependent_sequential_20260913T061114Z.csv (mode=dependent pattern=sequential seed=12347)
Wrote 1 summary rows to data_processed/thunderbird/latency/hit/L2/rep2_dependent_sequential_summary_20260913T061114Z.csv
  wrote 1002 lines -> data_raw/thunderbird/latency/hit/L2/hit_latency_rep2_independent_random_20260913T061114Z.csv (mode=independent pattern=random seed=12347)
Wrote 1 summary rows to data_processed/thunderbird/latency/hit/L2/rep2_independent_random_summary_20260913T061114Z.csv
  wrote 1002 lines -> data_raw/thunderbird/latency/hit/L2/hit_latency_rep2_independent_sequential_20260913T061114Z.csv (mode=independent pattern=sequential seed=12347)
Wrote 1 summary rows to data_processed/thunderbird/latency/hit/L2/rep2_independent_sequential_summary_20260913T061114Z.csv
-- generating plots for L2 --
random: independent < dependent (0.23 vs 0.29 ticks) [expected]
sequential: independent < dependent (0.07 vs 0.09 ticks) [expected]
Wrote data_processed/thunderbird/latency/hit/L2/plots/hit_latency_boxplots.pdf and .png
-- compressing raw CSVs for L2 --

== level LLC: footprint_bytes=31457280 ==
-- base (seed=12345) --
  wrote 1002 lines -> data_raw/thunderbird/latency/hit/LLC/hit_latency_base_dependent_random_20260913T061114Z.csv (mode=dependent pattern=random seed=12345)
Wrote 1 summary rows to data_processed/thunderbird/latency/hit/LLC/base_dependent_random_summary_20260913T061114Z.csv
  wrote 1002 lines -> data_raw/thunderbird/latency/hit/LLC/hit_latency_base_dependent_sequential_20260913T061114Z.csv (mode=dependent pattern=sequential seed=12345)
Wrote 1 summary rows to data_processed/thunderbird/latency/hit/LLC/base_dependent_sequential_summary_20260913T061114Z.csv
  wrote 1002 lines -> data_raw/thunderbird/latency/hit/LLC/hit_latency_base_independent_random_20260913T061114Z.csv (mode=independent pattern=random seed=12345)
Wrote 1 summary rows to data_processed/thunderbird/latency/hit/LLC/base_independent_random_summary_20260913T061114Z.csv
  wrote 1002 lines -> data_raw/thunderbird/latency/hit/LLC/hit_latency_base_independent_sequential_20260913T061114Z.csv (mode=independent pattern=sequential seed=12345)
Wrote 1 summary rows to data_processed/thunderbird/latency/hit/LLC/base_independent_sequential_summary_20260913T061114Z.csv
-- rep1 (seed=12346) --
  wrote 1002 lines -> data_raw/thunderbird/latency/hit/LLC/hit_latency_rep1_dependent_random_20260913T061114Z.csv (mode=dependent pattern=random seed=12346)
Wrote 1 summary rows to data_processed/thunderbird/latency/hit/LLC/rep1_dependent_random_summary_20260913T061114Z.csv
  wrote 1002 lines -> data_raw/thunderbird/latency/hit/LLC/hit_latency_rep1_dependent_sequential_20260913T061114Z.csv (mode=dependent pattern=sequential seed=12346)
Wrote 1 summary rows to data_processed/thunderbird/latency/hit/LLC/rep1_dependent_sequential_summary_20260913T061114Z.csv
  wrote 1002 lines -> data_raw/thunderbird/latency/hit/LLC/hit_latency_rep1_independent_random_20260913T061114Z.csv (mode=independent pattern=random seed=12346)
Wrote 1 summary rows to data_processed/thunderbird/latency/hit/LLC/rep1_independent_random_summary_20260913T061114Z.csv
  wrote 1002 lines -> data_raw/thunderbird/latency/hit/LLC/hit_latency_rep1_independent_sequential_20260913T061114Z.csv (mode=independent pattern=sequential seed=12346)
Wrote 1 summary rows to data_processed/thunderbird/latency/hit/LLC/rep1_independent_sequential_summary_20260913T061114Z.csv
-- rep2 (seed=12347) --
  wrote 1002 lines -> data_raw/thunderbird/latency/hit/LLC/hit_latency_rep2_dependent_random_20260913T061114Z.csv (mode=dependent pattern=random seed=12347)
Wrote 1 summary rows to data_processed/thunderbird/latency/hit/LLC/rep2_dependent_random_summary_20260913T061114Z.csv
  wrote 1002 lines -> data_raw/thunderbird/latency/hit/LLC/hit_latency_rep2_dependent_sequential_20260913T061114Z.csv (mode=dependent pattern=sequential seed=12347)
Wrote 1 summary rows to data_processed/thunderbird/latency/hit/LLC/rep2_dependent_sequential_summary_20260913T061114Z.csv
  wrote 1002 lines -> data_raw/thunderbird/latency/hit/LLC/hit_latency_rep2_independent_random_20260913T061114Z.csv (mode=independent pattern=random seed=12347)
Wrote 1 summary rows to data_processed/thunderbird/latency/hit/LLC/rep2_independent_random_summary_20260913T061114Z.csv
  wrote 1002 lines -> data_raw/thunderbird/latency/hit/LLC/hit_latency_rep2_independent_sequential_20260913T061114Z.csv (mode=independent pattern=sequential seed=12347)
Wrote 1 summary rows to data_processed/thunderbird/latency/hit/LLC/rep2_independent_sequential_summary_20260913T061114Z.csv
-- generating plots for LLC --
  note: ('dependent', 'random') has 3 overlapping summary rows with medians [1.6, 0.9, 0.9] (spread 0.8 ticks, 65.4%) -- averaging, widening whiskers to the union
random: independent < dependent (0.81 vs 1.15 ticks) [expected]
sequential: independent < dependent (0.07 vs 0.09 ticks) [expected]
Wrote data_processed/thunderbird/latency/hit/LLC/plots/hit_latency_boxplots.pdf and .png
-- compressing raw CSVs for LLC --

== level DRAM: footprint_bytes=536870912 ==
-- base (seed=12345) --
  wrote 1002 lines -> data_raw/thunderbird/latency/hit/DRAM/hit_latency_base_dependent_random_20260913T061114Z.csv (mode=dependent pattern=random seed=12345)
Wrote 1 summary rows to data_processed/thunderbird/latency/hit/DRAM/base_dependent_random_summary_20260913T061114Z.csv
  wrote 1002 lines -> data_raw/thunderbird/latency/hit/DRAM/hit_latency_base_dependent_sequential_20260913T061114Z.csv (mode=dependent pattern=sequential seed=12345)
Wrote 1 summary rows to data_processed/thunderbird/latency/hit/DRAM/base_dependent_sequential_summary_20260913T061114Z.csv
  wrote 1002 lines -> data_raw/thunderbird/latency/hit/DRAM/hit_latency_base_independent_random_20260913T061114Z.csv (mode=independent pattern=random seed=12345)
Wrote 1 summary rows to data_processed/thunderbird/latency/hit/DRAM/base_independent_random_summary_20260913T061114Z.csv
  wrote 1002 lines -> data_raw/thunderbird/latency/hit/DRAM/hit_latency_base_independent_sequential_20260913T061114Z.csv (mode=independent pattern=sequential seed=12345)
Wrote 1 summary rows to data_processed/thunderbird/latency/hit/DRAM/base_independent_sequential_summary_20260913T061114Z.csv
-- rep1 (seed=12346) --
  wrote 1002 lines -> data_raw/thunderbird/latency/hit/DRAM/hit_latency_rep1_dependent_random_20260913T061114Z.csv (mode=dependent pattern=random seed=12346)
Wrote 1 summary rows to data_processed/thunderbird/latency/hit/DRAM/rep1_dependent_random_summary_20260913T061114Z.csv
  wrote 1002 lines -> data_raw/thunderbird/latency/hit/DRAM/hit_latency_rep1_dependent_sequential_20260913T061114Z.csv (mode=dependent pattern=sequential seed=12346)
Wrote 1 summary rows to data_processed/thunderbird/latency/hit/DRAM/rep1_dependent_sequential_summary_20260913T061114Z.csv
  wrote 1002 lines -> data_raw/thunderbird/latency/hit/DRAM/hit_latency_rep1_independent_random_20260913T061114Z.csv (mode=independent pattern=random seed=12346)
Wrote 1 summary rows to data_processed/thunderbird/latency/hit/DRAM/rep1_independent_random_summary_20260913T061114Z.csv
  wrote 1002 lines -> data_raw/thunderbird/latency/hit/DRAM/hit_latency_rep1_independent_sequential_20260913T061114Z.csv (mode=independent pattern=sequential seed=12346)
Wrote 1 summary rows to data_processed/thunderbird/latency/hit/DRAM/rep1_independent_sequential_summary_20260913T061114Z.csv
-- rep2 (seed=12347) --
  wrote 1002 lines -> data_raw/thunderbird/latency/hit/DRAM/hit_latency_rep2_dependent_random_20260913T061114Z.csv (mode=dependent pattern=random seed=12347)
Wrote 1 summary rows to data_processed/thunderbird/latency/hit/DRAM/rep2_dependent_random_summary_20260913T061114Z.csv
  wrote 1002 lines -> data_raw/thunderbird/latency/hit/DRAM/hit_latency_rep2_dependent_sequential_20260913T061114Z.csv (mode=dependent pattern=sequential seed=12347)
Wrote 1 summary rows to data_processed/thunderbird/latency/hit/DRAM/rep2_dependent_sequential_summary_20260913T061114Z.csv
  wrote 1002 lines -> data_raw/thunderbird/latency/hit/DRAM/hit_latency_rep2_independent_random_20260913T061114Z.csv (mode=independent pattern=random seed=12347)
Wrote 1 summary rows to data_processed/thunderbird/latency/hit/DRAM/rep2_independent_random_summary_20260913T061114Z.csv
  wrote 1002 lines -> data_raw/thunderbird/latency/hit/DRAM/hit_latency_rep2_independent_sequential_20260913T061114Z.csv (mode=independent pattern=sequential seed=12347)
Wrote 1 summary rows to data_processed/thunderbird/latency/hit/DRAM/rep2_independent_sequential_summary_20260913T061114Z.csv
-- generating plots for DRAM --
random: independent < dependent (1.15 vs 2.34 ticks) [expected]
sequential: independent < dependent (0.07 vs 0.09 ticks) [expected]
Wrote data_processed/thunderbird/latency/hit/DRAM/plots/hit_latency_boxplots.pdf and .png
-- compressing raw CSVs for DRAM --

== done ==
== L1: footprint_bytes=65536 ==
== L2: footprint_bytes=1048576 ==
== LLC: footprint_bytes=31457280 ==
== DRAM: footprint_bytes=536870912 ==
== record in data_raw/thunderbird/README.md: core=4, base_seed=12345 (repeats use base_seed+index), samples=1000000, timestamp=20260913T061114Z ==
== full transcript saved to: data_raw/thunderbird/latency/run_hit_latency_full_20260913T061114Z.log ==
