== run_line_size: machine=hazel_skylake core=16 seed=12345 ==
== timestamp=20260915T021913Z boundaries=32768,1048576,23726560 coarse_strides=8,16,32,64,128,256 ==

############################################################
## LEVEL boundary=32768B -- Method A window=[4096,131072] bytes
############################################################
-- [L32768 A coarse] stride=8B pattern=random offset=0B --
  wrote 31002 lines -> data_raw/hazel_skylake/line_size/level_32768/family_8_random_20260915T021913Z.csv
Wrote 31 summary rows to data_processed/hazel_skylake/line_size/level_32768/family_8_random_summary.csv
-- [L32768 A coarse] stride=8B pattern=sequential offset=0B --
  wrote 31002 lines -> data_raw/hazel_skylake/line_size/level_32768/family_8_sequential_20260915T021913Z.csv
Wrote 31 summary rows to data_processed/hazel_skylake/line_size/level_32768/family_8_sequential_summary.csv
-- [L32768 A coarse] stride=16B pattern=random offset=0B --
  wrote 31002 lines -> data_raw/hazel_skylake/line_size/level_32768/family_16_random_20260915T021913Z.csv
Wrote 31 summary rows to data_processed/hazel_skylake/line_size/level_32768/family_16_random_summary.csv
-- [L32768 A coarse] stride=16B pattern=sequential offset=0B --
  wrote 31002 lines -> data_raw/hazel_skylake/line_size/level_32768/family_16_sequential_20260915T021913Z.csv
Wrote 31 summary rows to data_processed/hazel_skylake/line_size/level_32768/family_16_sequential_summary.csv
-- [L32768 A coarse] stride=32B pattern=random offset=0B --
  wrote 31002 lines -> data_raw/hazel_skylake/line_size/level_32768/family_32_random_20260915T021913Z.csv
Wrote 31 summary rows to data_processed/hazel_skylake/line_size/level_32768/family_32_random_summary.csv
-- [L32768 A coarse] stride=32B pattern=sequential offset=0B --
  wrote 31002 lines -> data_raw/hazel_skylake/line_size/level_32768/family_32_sequential_20260915T021913Z.csv
Wrote 31 summary rows to data_processed/hazel_skylake/line_size/level_32768/family_32_sequential_summary.csv
-- [L32768 A coarse] stride=64B pattern=random offset=0B --
  wrote 31002 lines -> data_raw/hazel_skylake/line_size/level_32768/family_64_random_20260915T021913Z.csv
Wrote 31 summary rows to data_processed/hazel_skylake/line_size/level_32768/family_64_random_summary.csv
-- [L32768 A coarse] stride=64B pattern=sequential offset=0B --
  wrote 31002 lines -> data_raw/hazel_skylake/line_size/level_32768/family_64_sequential_20260915T021913Z.csv
Wrote 31 summary rows to data_processed/hazel_skylake/line_size/level_32768/family_64_sequential_summary.csv
-- [L32768 A coarse] stride=128B pattern=random offset=0B --
  wrote 31002 lines -> data_raw/hazel_skylake/line_size/level_32768/family_128_random_20260915T021913Z.csv
Wrote 31 summary rows to data_processed/hazel_skylake/line_size/level_32768/family_128_random_summary.csv
-- [L32768 A coarse] stride=128B pattern=sequential offset=0B --
  wrote 31002 lines -> data_raw/hazel_skylake/line_size/level_32768/family_128_sequential_20260915T021913Z.csv
Wrote 31 summary rows to data_processed/hazel_skylake/line_size/level_32768/family_128_sequential_summary.csv
-- [L32768 A coarse] stride=256B pattern=random offset=0B --
  wrote 31002 lines -> data_raw/hazel_skylake/line_size/level_32768/family_256_random_20260915T021913Z.csv
Wrote 31 summary rows to data_processed/hazel_skylake/line_size/level_32768/family_256_random_summary.csv
-- [L32768 A coarse] stride=256B pattern=sequential offset=0B --
  wrote 31002 lines -> data_raw/hazel_skylake/line_size/level_32768/family_256_sequential_20260915T021913Z.csv
Wrote 31 summary rows to data_processed/hazel_skylake/line_size/level_32768/family_256_sequential_summary.csv
-- [L32768 A steps 1-3] generating coarse family-of-curves plots --
Wrote data_processed/hazel_skylake/line_size/level_32768/plots/line_size_family_curve.pdf and .png
-- per-stride elbow (bytes): {8B: None, 16B: 58384, 32B: 52000, 64B: 36736, 128B: 36736, 256B: 36608}
-- line-size estimate: smallest candidate stride whose elbow agrees with largest tested stride (~36608 bytes) is 64B -- see infer_line_size's docstring caveat on the fixed grid resolution before citing this as a clean line-size number on its own
Wrote data_processed/hazel_skylake/line_size/level_32768/plots/line_size_family_boxplots.pdf and .png
   (the per-stride elbow / line-size-estimate lines just above are
   plot_line_size_family.py's own diagnostic guess from ONE un-repeated coarse
   sweep -- NOT auto-applied below; see data_processed/hazel_skylake/line_size/level_32768/plots/line_size_family_curve.png
   and decide the step-4 candidate yourself)
== [L32768 A] no candidate given for this level -- inspect
   data_processed/hazel_skylake/line_size/level_32768/plots/line_size_family_curve.png yourself and re-run with an
   explicit candidate stride in candidate_overrides_csv for this level (no
   auto-detection: it proved unreliable across runs/cores, see the script's
   header comment). Skipping Method-A step 4.

-- [L32768 B] single-curve method, footprint_bytes=65536 (2.0x boundary) --
-- [L32768 B coarse] stride 8-1024 bytes (step 8) --
  wrote 128002 lines -> data_raw/hazel_skylake/line_size/level_32768/singlecurve_coarse_random_20260915T021913Z.csv
  wrote 128002 lines -> data_raw/hazel_skylake/line_size/level_32768/singlecurve_coarse_sequential_20260915T021913Z.csv
Wrote 128 summary rows to data_processed/hazel_skylake/line_size/level_32768/singlecurve_coarse_random_summary.csv
Wrote 128 summary rows to data_processed/hazel_skylake/line_size/level_32768/singlecurve_coarse_sequential_summary.csv
-- [L32768 B] detected line-size estimate (bytes): none --
-- [L32768 B] no transition detected in the coarse sweep; skipping dense/repeat stages --
-- [L32768 B] generating single-curve plots --
  note: flagged 3 isolated spike stride(s) as probable page-aliasing artifacts: [256, 512, 1024]
Wrote data_processed/hazel_skylake/line_size/level_32768/plots/line_size_curve.pdf and .png
Wrote data_processed/hazel_skylake/line_size/level_32768/plots/line_size_boxplots.pdf and .png
-- compressing raw CSVs for level 32768 --

############################################################
## LEVEL boundary=1048576B -- Method A window=[131072,4194304] bytes
############################################################
-- [L1048576 A coarse] stride=8B pattern=random offset=0B --
  wrote 31002 lines -> data_raw/hazel_skylake/line_size/level_1048576/family_8_random_20260915T021913Z.csv
Wrote 31 summary rows to data_processed/hazel_skylake/line_size/level_1048576/family_8_random_summary.csv
-- [L1048576 A coarse] stride=8B pattern=sequential offset=0B --
  wrote 31002 lines -> data_raw/hazel_skylake/line_size/level_1048576/family_8_sequential_20260915T021913Z.csv
Wrote 31 summary rows to data_processed/hazel_skylake/line_size/level_1048576/family_8_sequential_summary.csv
-- [L1048576 A coarse] stride=16B pattern=random offset=0B --
  wrote 31002 lines -> data_raw/hazel_skylake/line_size/level_1048576/family_16_random_20260915T021913Z.csv
Wrote 31 summary rows to data_processed/hazel_skylake/line_size/level_1048576/family_16_random_summary.csv
-- [L1048576 A coarse] stride=16B pattern=sequential offset=0B --
  wrote 31002 lines -> data_raw/hazel_skylake/line_size/level_1048576/family_16_sequential_20260915T021913Z.csv
Wrote 31 summary rows to data_processed/hazel_skylake/line_size/level_1048576/family_16_sequential_summary.csv
-- [L1048576 A coarse] stride=32B pattern=random offset=0B --
  wrote 31002 lines -> data_raw/hazel_skylake/line_size/level_1048576/family_32_random_20260915T021913Z.csv
Wrote 31 summary rows to data_processed/hazel_skylake/line_size/level_1048576/family_32_random_summary.csv
-- [L1048576 A coarse] stride=32B pattern=sequential offset=0B --
  wrote 31002 lines -> data_raw/hazel_skylake/line_size/level_1048576/family_32_sequential_20260915T021913Z.csv
Wrote 31 summary rows to data_processed/hazel_skylake/line_size/level_1048576/family_32_sequential_summary.csv
-- [L1048576 A coarse] stride=64B pattern=random offset=0B --
  wrote 31002 lines -> data_raw/hazel_skylake/line_size/level_1048576/family_64_random_20260915T021913Z.csv
Wrote 31 summary rows to data_processed/hazel_skylake/line_size/level_1048576/family_64_random_summary.csv
-- [L1048576 A coarse] stride=64B pattern=sequential offset=0B --
  wrote 31002 lines -> data_raw/hazel_skylake/line_size/level_1048576/family_64_sequential_20260915T021913Z.csv
Wrote 31 summary rows to data_processed/hazel_skylake/line_size/level_1048576/family_64_sequential_summary.csv
-- [L1048576 A coarse] stride=128B pattern=random offset=0B --
  wrote 31002 lines -> data_raw/hazel_skylake/line_size/level_1048576/family_128_random_20260915T021913Z.csv
Wrote 31 summary rows to data_processed/hazel_skylake/line_size/level_1048576/family_128_random_summary.csv
-- [L1048576 A coarse] stride=128B pattern=sequential offset=0B --
  wrote 31002 lines -> data_raw/hazel_skylake/line_size/level_1048576/family_128_sequential_20260915T021913Z.csv
Wrote 31 summary rows to data_processed/hazel_skylake/line_size/level_1048576/family_128_sequential_summary.csv
-- [L1048576 A coarse] stride=256B pattern=random offset=0B --
  wrote 31002 lines -> data_raw/hazel_skylake/line_size/level_1048576/family_256_random_20260915T021913Z.csv
Wrote 31 summary rows to data_processed/hazel_skylake/line_size/level_1048576/family_256_random_summary.csv
-- [L1048576 A coarse] stride=256B pattern=sequential offset=0B --
  wrote 31002 lines -> data_raw/hazel_skylake/line_size/level_1048576/family_256_sequential_20260915T021913Z.csv
Wrote 31 summary rows to data_processed/hazel_skylake/line_size/level_1048576/family_256_sequential_summary.csv
-- [L1048576 A steps 1-3] generating coarse family-of-curves plots --
Wrote data_processed/hazel_skylake/line_size/level_1048576/plots/line_size_family_curve.pdf and .png
-- per-stride elbow (bytes): {8B: 2642240, 16B: 2642240, 32B: 1664480, 64B: 1482880, 128B: 1482880, 256B: 1664256}
-- line-size estimate: smallest candidate stride whose elbow agrees with largest tested stride (~1664256 bytes) is 32B -- see infer_line_size's docstring caveat on the fixed grid resolution before citing this as a clean line-size number on its own
Wrote data_processed/hazel_skylake/line_size/level_1048576/plots/line_size_family_boxplots.pdf and .png
   (the per-stride elbow / line-size-estimate lines just above are
   plot_line_size_family.py's own diagnostic guess from ONE un-repeated coarse
   sweep -- NOT auto-applied below; see data_processed/hazel_skylake/line_size/level_1048576/plots/line_size_family_curve.png
   and decide the step-4 candidate yourself)
== [L1048576 A] no candidate given for this level -- inspect
   data_processed/hazel_skylake/line_size/level_1048576/plots/line_size_family_curve.png yourself and re-run with an
   explicit candidate stride in candidate_overrides_csv for this level (no
   auto-detection: it proved unreliable across runs/cores, see the script's
   header comment). Skipping Method-A step 4.

-- [L1048576 B] single-curve method, footprint_bytes=2097152 (2.0x boundary) --
-- [L1048576 B coarse] stride 8-1024 bytes (step 8) --
  wrote 128002 lines -> data_raw/hazel_skylake/line_size/level_1048576/singlecurve_coarse_random_20260915T021913Z.csv
  wrote 128002 lines -> data_raw/hazel_skylake/line_size/level_1048576/singlecurve_coarse_sequential_20260915T021913Z.csv
Wrote 128 summary rows to data_processed/hazel_skylake/line_size/level_1048576/singlecurve_coarse_random_summary.csv
Wrote 128 summary rows to data_processed/hazel_skylake/line_size/level_1048576/singlecurve_coarse_sequential_summary.csv
-- [L1048576 B] detected line-size estimate (bytes): none --
-- [L1048576 B] no transition detected in the coarse sweep; skipping dense/repeat stages --
-- [L1048576 B] generating single-curve plots --
  note: flagged 4 isolated spike stride(s) as probable page-aliasing artifacts: [128, 256, 512, 1024]
Wrote data_processed/hazel_skylake/line_size/level_1048576/plots/line_size_curve.pdf and .png
Wrote data_processed/hazel_skylake/line_size/level_1048576/plots/line_size_boxplots.pdf and .png
-- compressing raw CSVs for level 1048576 --

############################################################
## LEVEL boundary=23726560B -- Method A window=[2965820,94906240] bytes
############################################################
-- [L23726560 A coarse] stride=8B pattern=random offset=0B --
  wrote 31002 lines -> data_raw/hazel_skylake/line_size/level_23726560/family_8_random_20260915T021913Z.csv
Wrote 31 summary rows to data_processed/hazel_skylake/line_size/level_23726560/family_8_random_summary.csv
-- [L23726560 A coarse] stride=8B pattern=sequential offset=0B --
  wrote 31002 lines -> data_raw/hazel_skylake/line_size/level_23726560/family_8_sequential_20260915T021913Z.csv
Wrote 31 summary rows to data_processed/hazel_skylake/line_size/level_23726560/family_8_sequential_summary.csv
-- [L23726560 A coarse] stride=16B pattern=random offset=0B --
  wrote 31002 lines -> data_raw/hazel_skylake/line_size/level_23726560/family_16_random_20260915T021913Z.csv
Wrote 31 summary rows to data_processed/hazel_skylake/line_size/level_23726560/family_16_random_summary.csv
-- [L23726560 A coarse] stride=16B pattern=sequential offset=0B --
  wrote 31002 lines -> data_raw/hazel_skylake/line_size/level_23726560/family_16_sequential_20260915T021913Z.csv
Wrote 31 summary rows to data_processed/hazel_skylake/line_size/level_23726560/family_16_sequential_summary.csv
-- [L23726560 A coarse] stride=32B pattern=random offset=0B --
  wrote 31002 lines -> data_raw/hazel_skylake/line_size/level_23726560/family_32_random_20260915T021913Z.csv
Wrote 31 summary rows to data_processed/hazel_skylake/line_size/level_23726560/family_32_random_summary.csv
-- [L23726560 A coarse] stride=32B pattern=sequential offset=0B --
  wrote 31002 lines -> data_raw/hazel_skylake/line_size/level_23726560/family_32_sequential_20260915T021913Z.csv
Wrote 31 summary rows to data_processed/hazel_skylake/line_size/level_23726560/family_32_sequential_summary.csv
-- [L23726560 A coarse] stride=64B pattern=random offset=0B --
  wrote 31002 lines -> data_raw/hazel_skylake/line_size/level_23726560/family_64_random_20260915T021913Z.csv
Wrote 31 summary rows to data_processed/hazel_skylake/line_size/level_23726560/family_64_random_summary.csv
-- [L23726560 A coarse] stride=64B pattern=sequential offset=0B --
  wrote 31002 lines -> data_raw/hazel_skylake/line_size/level_23726560/family_64_sequential_20260915T021913Z.csv
Wrote 31 summary rows to data_processed/hazel_skylake/line_size/level_23726560/family_64_sequential_summary.csv
-- [L23726560 A coarse] stride=128B pattern=random offset=0B --
  wrote 31002 lines -> data_raw/hazel_skylake/line_size/level_23726560/family_128_random_20260915T021913Z.csv
Wrote 31 summary rows to data_processed/hazel_skylake/line_size/level_23726560/family_128_random_summary.csv
-- [L23726560 A coarse] stride=128B pattern=sequential offset=0B --
  wrote 31002 lines -> data_raw/hazel_skylake/line_size/level_23726560/family_128_sequential_20260915T021913Z.csv
Wrote 31 summary rows to data_processed/hazel_skylake/line_size/level_23726560/family_128_sequential_summary.csv
-- [L23726560 A coarse] stride=256B pattern=random offset=0B --
  wrote 31002 lines -> data_raw/hazel_skylake/line_size/level_23726560/family_256_random_20260915T021913Z.csv
Wrote 31 summary rows to data_processed/hazel_skylake/line_size/level_23726560/family_256_random_summary.csv
-- [L23726560 A coarse] stride=256B pattern=sequential offset=0B --
  wrote 31002 lines -> data_raw/hazel_skylake/line_size/level_23726560/family_256_sequential_20260915T021913Z.csv
Wrote 31 summary rows to data_processed/hazel_skylake/line_size/level_23726560/family_256_sequential_summary.csv
-- [L23726560 A steps 1-3] generating coarse family-of-curves plots --
Wrote data_processed/hazel_skylake/line_size/level_23726560/plots/line_size_family_curve.pdf and .png
-- per-stride elbow (bytes): {8B: 33554416, 16B: 26632160, 32B: 23726560, 64B: 23726528, 128B: 33554304, 256B: 33554176}
-- line-size estimate: smallest candidate stride whose elbow agrees with largest tested stride (~33554176 bytes) is 8B -- see infer_line_size's docstring caveat on the fixed grid resolution before citing this as a clean line-size number on its own
Wrote data_processed/hazel_skylake/line_size/level_23726560/plots/line_size_family_boxplots.pdf and .png
   (the per-stride elbow / line-size-estimate lines just above are
   plot_line_size_family.py's own diagnostic guess from ONE un-repeated coarse
   sweep -- NOT auto-applied below; see data_processed/hazel_skylake/line_size/level_23726560/plots/line_size_family_curve.png
   and decide the step-4 candidate yourself)
== [L23726560 A] no candidate given for this level -- inspect
   data_processed/hazel_skylake/line_size/level_23726560/plots/line_size_family_curve.png yourself and re-run with an
   explicit candidate stride in candidate_overrides_csv for this level (no
   auto-detection: it proved unreliable across runs/cores, see the script's
   header comment). Skipping Method-A step 4.

-- [L23726560 B] single-curve method, footprint_bytes=47453120 (2.0x boundary) --
-- [L23726560 B coarse] stride 8-1024 bytes (step 8) --
  wrote 128002 lines -> data_raw/hazel_skylake/line_size/level_23726560/singlecurve_coarse_random_20260915T021913Z.csv
  wrote 128002 lines -> data_raw/hazel_skylake/line_size/level_23726560/singlecurve_coarse_sequential_20260915T021913Z.csv
Wrote 128 summary rows to data_processed/hazel_skylake/line_size/level_23726560/singlecurve_coarse_random_summary.csv
Wrote 128 summary rows to data_processed/hazel_skylake/line_size/level_23726560/singlecurve_coarse_sequential_summary.csv
-- [L23726560 B] detected line-size estimate (bytes): none --
-- [L23726560 B] no transition detected in the coarse sweep; skipping dense/repeat stages --
-- [L23726560 B] generating single-curve plots --
  note: flagged 3 isolated spike stride(s) as probable page-aliasing artifacts: [256, 512, 1024]
Wrote data_processed/hazel_skylake/line_size/level_23726560/plots/line_size_curve.pdf and .png
Wrote data_processed/hazel_skylake/line_size/level_23726560/plots/line_size_boxplots.pdf and .png
-- compressing raw CSVs for level 23726560 --

############################################################
## step 5: cross-level, cross-method agreement summary
############################################################
   level boundary=32768B -> method A (family of curves) = noneB, method B (single curve) = noneB
   level boundary=1048576B -> method A (family of curves) = noneB, method B (single curve) = noneB
   level boundary=23726560B -> method A (family of curves) = noneB, method B (single curve) = noneB
== no level/method produced a usable estimate -- widen windows or strides before citing anything
== done: all levels, both methods, complete ==
== this is a FROZEN PHASE-I TIMING-ONLY result -- compare against PMU counters
   and the documented/system-reported line size in Phase II before treating it as
   confirmed (see README.md's Phase I/II/III discipline).
== plots per level: data_processed/hazel_skylake/line_size/level_<boundary>/plots/line_size_family_{curve,boxplots}.{png,pdf} (A, steps 1-3),
          .../line_size_offset_{elbow,boxplots}.{png,pdf} (A, step 4), .../line_size_{curve,boxplots}.{png,pdf} (B) ==
== record in data_raw/hazel_skylake/README.md: boundaries=32768,1048576,23726560, core=16,
   seed=12345, samples=1000000, coarse_strides=8,16,32,64,128,256, per-level/per-method estimates as above,
   timestamp=20260915T021913Z ==
== full transcript saved to: data_raw/hazel_skylake/line_size/run_line_size_20260915T021913Z.log ==
