== run_software_hit_rate_sweep: machine=sunbird core=1 seed=12345 ==
== timestamp=20260914T015025Z ==
== test_bytes=4096 ==
  # result tau_ticks=80.0000 sensitivity=0.9929 specificity=1.0000 p_obs=1.0000 Hhat=1.0000 ci_lower=1.0000 ci_upper=1.0000 bootstrap_mean=1.0000 bootstrap_std=0.0000 bootstrap_reps=2000
== test_bytes=16384 ==
  # result tau_ticks=80.0000 sensitivity=0.9929 specificity=1.0000 p_obs=0.9997 Hhat=1.0000 ci_lower=1.0000 ci_upper=1.0000 bootstrap_mean=1.0000 bootstrap_std=0.0000 bootstrap_reps=2000
== test_bytes=32768 ==
  # result tau_ticks=84.0000 sensitivity=0.9911 specificity=1.0000 p_obs=0.8587 Hhat=0.8664 ci_lower=0.7306 ci_upper=0.8694 bootstrap_mean=0.8371 bootstrap_std=0.0465 bootstrap_reps=2000
== test_bytes=65536 ==
  # result tau_ticks=76.0000 sensitivity=0.9929 specificity=1.0000 p_obs=0.9949 Hhat=1.0000 ci_lower=1.0000 ci_upper=1.0000 bootstrap_mean=1.0000 bootstrap_std=0.0000 bootstrap_reps=2000
== test_bytes=131072 ==
  # result tau_ticks=92.0000 sensitivity=0.9925 specificity=1.0000 p_obs=0.9633 Hhat=0.9706 ci_lower=0.9675 ci_upper=0.9871 bootstrap_mean=0.9743 bootstrap_std=0.0069 bootstrap_reps=2000
== test_bytes=262144 ==
  # result tau_ticks=80.0000 sensitivity=0.9926 specificity=1.0000 p_obs=0.7349 Hhat=0.7404 ci_lower=0.7363 ci_upper=0.7446 bootstrap_mean=0.7404 bootstrap_std=0.0021 bootstrap_reps=2000
== test_bytes=1048576 ==
  # result tau_ticks=80.0000 sensitivity=0.9928 specificity=1.0000 p_obs=0.1909 Hhat=0.1923 ci_lower=0.1887 ci_upper=0.1957 bootstrap_mean=0.1923 bootstrap_std=0.0018 bootstrap_reps=2000
== test_bytes=4194304 ==
  # result tau_ticks=80.0000 sensitivity=0.9929 specificity=1.0000 p_obs=0.0490 Hhat=0.0493 ci_lower=0.0474 ci_upper=0.0512 bootstrap_mean=0.0493 bootstrap_std=0.0009 bootstrap_reps=2000
== test_bytes=8388608 ==
  # result tau_ticks=80.0000 sensitivity=0.9929 specificity=1.0000 p_obs=0.0251 Hhat=0.0252 ci_lower=0.0238 ci_upper=0.0266 bootstrap_mean=0.0252 bootstrap_std=0.0007 bootstrap_reps=2000
== test_bytes=16777216 ==
  # result tau_ticks=80.0000 sensitivity=0.9930 specificity=1.0000 p_obs=0.0113 Hhat=0.0114 ci_lower=0.0104 ci_upper=0.0123 bootstrap_mean=0.0114 bootstrap_std=0.0005 bootstrap_reps=2000
== test_bytes=31457280 ==
  # result tau_ticks=80.0000 sensitivity=0.9927 specificity=1.0000 p_obs=0.0064 Hhat=0.0064 ci_lower=0.0057 ci_upper=0.0070 bootstrap_mean=0.0067 bootstrap_std=0.0105 bootstrap_reps=2000
== test_bytes=67108864 ==
  # result tau_ticks=116.0000 sensitivity=0.9925 specificity=0.9994 p_obs=0.3491 Hhat=0.3514 ci_lower=0.3426 ci_upper=0.3554 bootstrap_mean=0.3502 bootstrap_std=0.0058 bootstrap_reps=2000
== test_bytes=134217728 ==
  # result tau_ticks=76.0000 sensitivity=0.9929 specificity=1.0000 p_obs=0.0014 Hhat=0.0014 ci_lower=0.0011 ci_upper=0.0018 bootstrap_mean=0.0014 bootstrap_std=0.0002 bootstrap_reps=2000
== test_bytes=268435456 ==
  # result tau_ticks=80.0000 sensitivity=0.9928 specificity=1.0000 p_obs=0.0006 Hhat=0.0006 ci_lower=0.0004 ci_upper=0.0009 bootstrap_mean=0.0006 bootstrap_std=0.0001 bootstrap_reps=2000
== test_bytes=536870912 ==
  # result tau_ticks=84.0000 sensitivity=0.9911 specificity=1.0000 p_obs=0.0001 Hhat=0.0001 ci_lower=0.0000 ci_upper=0.0002 bootstrap_mean=0.0001 bootstrap_std=0.0001 bootstrap_reps=2000
wrote 15 rows -> data_raw/sunbird/software_hit_rate/hit_rate_sweep_20260914T015025Z.csv
-- generating plots --
wrote data_processed/sunbird/software_hit_rate/plots/calibration_distributions.{png,pdf}
wrote data_processed/sunbird/software_hit_rate/plots/hit_rate_sweep.{png,pdf}
-- compressing raw per-access CSVs --

== done ==
== summary: data_raw/sunbird/software_hit_rate/hit_rate_sweep_20260914T015025Z.csv ==
== record in data_raw/sunbird/README.md: core=1, seed=12345, timestamp=20260914T015025Z ==
== full transcript saved to: data_raw/sunbird/software_hit_rate/run_software_hit_rate_sweep_20260914T015025Z.log ==
