== run_capacity_full: machine=artemisia core=20 coarse_max=67108864 seed=12345 ==
== timestamp=20260909T160641Z ==
-- coarse sweep 1024-67108864 bytes --
  wrote 129002 lines -> data_raw/artemisia/capacity/capacity_coarse_random_20260909T160641Z.csv
  wrote 129002 lines -> data_raw/artemisia/capacity/capacity_coarse_sequential_20260909T160641Z.csv
Wrote 129 summary rows to data_processed/artemisia/capacity/coarse_random_summary.csv
Wrote 129 summary rows to data_processed/artemisia/capacity/coarse_sequential_summary.csv
-- tail-extension sweep 67108864-268435456 bytes --
  wrote 17002 lines -> data_raw/artemisia/capacity/capacity_coarse_ext_random_20260909T160641Z.csv
  wrote 17002 lines -> data_raw/artemisia/capacity/capacity_coarse_ext_sequential_20260909T160641Z.csv
Wrote 17 summary rows to data_processed/artemisia/capacity/coarse_ext_random_summary.csv
Wrote 17 summary rows to data_processed/artemisia/capacity/coarse_ext_sequential_summary.csv
-- detected boundaries (bytes): 1720 3440 30048 2097152 3234248 33554432 39903168 --
-- dense sweep around boundary 1720 bytes: 1024-13760 --
  wrote 180002 lines -> data_raw/artemisia/capacity/capacity_dense0_random_20260909T160641Z.csv
  wrote 180002 lines -> data_raw/artemisia/capacity/capacity_dense0_sequential_20260909T160641Z.csv
Wrote 180 summary rows to data_processed/artemisia/capacity/dense0_random_summary.csv
Wrote 180 summary rows to data_processed/artemisia/capacity/dense0_sequential_summary.csv
-- dense sweep around boundary 3440 bytes: 1024-27520 --
  wrote 228002 lines -> data_raw/artemisia/capacity/capacity_dense1_random_20260909T160641Z.csv
  wrote 228002 lines -> data_raw/artemisia/capacity/capacity_dense1_sequential_20260909T160641Z.csv
Wrote 228 summary rows to data_processed/artemisia/capacity/dense1_random_summary.csv
Wrote 228 summary rows to data_processed/artemisia/capacity/dense1_sequential_summary.csv
-- dense sweep around boundary 30048 bytes: 3756-240384 --
  wrote 289002 lines -> data_raw/artemisia/capacity/capacity_dense2_random_20260909T160641Z.csv
  wrote 289002 lines -> data_raw/artemisia/capacity/capacity_dense2_sequential_20260909T160641Z.csv
Wrote 289 summary rows to data_processed/artemisia/capacity/dense2_random_summary.csv
Wrote 289 summary rows to data_processed/artemisia/capacity/dense2_sequential_summary.csv
-- dense sweep around boundary 2097152 bytes: 262144-16777216 --
  wrote 289002 lines -> data_raw/artemisia/capacity/capacity_dense3_random_20260909T160641Z.csv
  wrote 289002 lines -> data_raw/artemisia/capacity/capacity_dense3_sequential_20260909T160641Z.csv
Wrote 289 summary rows to data_processed/artemisia/capacity/dense3_random_summary.csv
Wrote 289 summary rows to data_processed/artemisia/capacity/dense3_sequential_summary.csv
-- dense sweep around boundary 3234248 bytes: 404281-25873984 --
  wrote 289002 lines -> data_raw/artemisia/capacity/capacity_dense4_random_20260909T160641Z.csv
  wrote 289002 lines -> data_raw/artemisia/capacity/capacity_dense4_sequential_20260909T160641Z.csv
Wrote 289 summary rows to data_processed/artemisia/capacity/dense4_random_summary.csv
Wrote 289 summary rows to data_processed/artemisia/capacity/dense4_sequential_summary.csv
-- dense sweep around boundary 33554432 bytes: 4194304-268435456 --
  wrote 289002 lines -> data_raw/artemisia/capacity/capacity_dense5_random_20260909T160641Z.csv
  wrote 289002 lines -> data_raw/artemisia/capacity/capacity_dense5_sequential_20260909T160641Z.csv
Wrote 289 summary rows to data_processed/artemisia/capacity/dense5_random_summary.csv
Wrote 289 summary rows to data_processed/artemisia/capacity/dense5_sequential_summary.csv
-- dense sweep around boundary 39903168 bytes: 4987896-268435456 --
  wrote 277002 lines -> data_raw/artemisia/capacity/capacity_dense6_random_20260909T160641Z.csv
  wrote 277002 lines -> data_raw/artemisia/capacity/capacity_dense6_sequential_20260909T160641Z.csv
Wrote 277 summary rows to data_processed/artemisia/capacity/dense6_random_summary.csv
Wrote 277 summary rows to data_processed/artemisia/capacity/dense6_sequential_summary.csv
  -- repeat 1/2 of deepest boundary's dense window --
  wrote 277002 lines -> data_raw/artemisia/capacity/capacity_dense6_rep1_random_20260909T160641Z.csv
  wrote 277002 lines -> data_raw/artemisia/capacity/capacity_dense6_rep1_sequential_20260909T160641Z.csv
Wrote 277 summary rows to data_processed/artemisia/capacity/dense6_rep1_random_summary.csv
Wrote 277 summary rows to data_processed/artemisia/capacity/dense6_rep1_sequential_summary.csv
  -- repeat 2/2 of deepest boundary's dense window --
  wrote 277002 lines -> data_raw/artemisia/capacity/capacity_dense6_rep2_random_20260909T160641Z.csv
  wrote 277002 lines -> data_raw/artemisia/capacity/capacity_dense6_rep2_sequential_20260909T160641Z.csv
Wrote 277 summary rows to data_processed/artemisia/capacity/dense6_rep2_random_summary.csv
Wrote 277 summary rows to data_processed/artemisia/capacity/dense6_rep2_sequential_summary.csv
-- dense sweep past deepest boundary, checking for a further plateau: 79806336-268435456 --
  wrote 85002 lines -> data_raw/artemisia/capacity/capacity_denseTail_random_20260909T160641Z.csv
  wrote 85002 lines -> data_raw/artemisia/capacity/capacity_denseTail_sequential_20260909T160641Z.csv
Wrote 85 summary rows to data_processed/artemisia/capacity/denseTail_random_summary.csv
Wrote 85 summary rows to data_processed/artemisia/capacity/denseTail_sequential_summary.csv
-- generating plots --
  note: 1 KiB (random) has 3 overlapping summary rows with medians [6.3, 8.5, 9.5] (spread 3.3 ticks, 40.2%) -- averaging, widening whiskers to the union
  note: 1.08594 KiB (random) has 3 overlapping summary rows with medians [5.1, 5.1, 7.7] (spread 2.6 ticks, 43.5%) -- averaging, widening whiskers to the union
  note: 1.1875 KiB (random) has 3 overlapping summary rows with medians [5.6, 5.6, 9.7] (spread 4.1 ticks, 58.2%) -- averaging, widening whiskers to the union
  note: 1.41406 KiB (random) has 3 overlapping summary rows with medians [6.0, 9.6, 5.1] (spread 4.5 ticks, 65.5%) -- averaging, widening whiskers to the union
  note: 1.53906 KiB (random) has 3 overlapping summary rows with medians [5.4, 9.5, 5.5] (spread 4.1 ticks, 60.2%) -- averaging, widening whiskers to the union
  note: 1.82812 KiB (random) has 3 overlapping summary rows with medians [9.6, 5.1, 9.6] (spread 4.6 ticks, 56.0%) -- averaging, widening whiskers to the union
  note: 2 KiB (random) has 3 overlapping summary rows with medians [9.6, 6.5, 5.9] (spread 3.8 ticks, 51.6%) -- averaging, widening whiskers to the union
  note: 2.17969 KiB (random) has 3 overlapping summary rows with medians [9.6, 5.9, 9.6] (spread 3.7 ticks, 44.5%) -- averaging, widening whiskers to the union
  note: 2.375 KiB (random) has 3 overlapping summary rows with medians [5.5, 5.8, 9.7] (spread 4.2 ticks, 59.9%) -- averaging, widening whiskers to the union
  note: 3.07812 KiB (random) has 3 overlapping summary rows with medians [9.7, 5.7, 6.2] (spread 3.9 ticks, 54.3%) -- averaging, widening whiskers to the union
  note: 3.66406 KiB (random) has 4 overlapping summary rows with medians [9.6, 5.1, 9.5, 5.5] (spread 4.5 ticks, 60.8%) -- averaging, widening whiskers to the union
  note: 4.35938 KiB (random) has 4 overlapping summary rows with medians [9.6, 5.1, 5.7, 6.2] (spread 4.5 ticks, 67.9%) -- averaging, widening whiskers to the union
  note: 4.75 KiB (random) has 4 overlapping summary rows with medians [9.6, 9.7, 5.1, 5.5] (spread 4.6 ticks, 61.0%) -- averaging, widening whiskers to the union
  note: 5.1875 KiB (random) has 4 overlapping summary rows with medians [9.6, 5.5, 5.5, 9.6] (spread 4.1 ticks, 54.8%) -- averaging, widening whiskers to the union
  note: 5.65625 KiB (random) has 4 overlapping summary rows with medians [5.5, 5.5, 7.8, 8.2] (spread 2.7 ticks, 40.2%) -- averaging, widening whiskers to the union
  note: 6.16406 KiB (random) has 4 overlapping summary rows with medians [9.6, 9.7, 6.0, 5.5] (spread 4.2 ticks, 54.0%) -- averaging, widening whiskers to the union
  note: 6.72656 KiB (random) has 4 overlapping summary rows with medians [9.6, 9.7, 9.3, 5.1] (spread 4.6 ticks, 54.2%) -- averaging, widening whiskers to the union
  note: 7.33594 KiB (random) has 4 overlapping summary rows with medians [6.0, 5.5, 9.6, 5.3] (spread 4.3 ticks, 65.4%) -- averaging, widening whiskers to the union
  note: 8 KiB (random) has 4 overlapping summary rows with medians [9.7, 9.6, 5.6, 5.5] (spread 4.2 ticks, 54.9%) -- averaging, widening whiskers to the union
  note: 8.71875 KiB (random) has 4 overlapping summary rows with medians [5.5, 5.1, 9.6, 7.2] (spread 4.5 ticks, 65.9%) -- averaging, widening whiskers to the union
  note: 10.375 KiB (random) has 4 overlapping summary rows with medians [5.1, 9.6, 6.0, 9.6] (spread 4.5 ticks, 60.1%) -- averaging, widening whiskers to the union
  note: 11.3125 KiB (random) has 4 overlapping summary rows with medians [9.7, 7.0, 6.5, 6.8] (spread 3.2 ticks, 42.7%) -- averaging, widening whiskers to the union
  note: 12.3359 KiB (random) has 4 overlapping summary rows with medians [6.1, 5.1, 5.1, 9.5] (spread 4.4 ticks, 68.7%) -- averaging, widening whiskers to the union
  note: 14.6719 KiB (random) has 3 overlapping summary rows with medians [9.7, 5.1, 9.5] (spread 4.6 ticks, 56.4%) -- averaging, widening whiskers to the union
  note: 17.4453 KiB (random) has 3 overlapping summary rows with medians [6.0, 6.6, 9.6] (spread 3.6 ticks, 48.7%) -- averaging, widening whiskers to the union
  note: 19.0234 KiB (random) has 3 overlapping summary rows with medians [9.6, 6.2, 8.5] (spread 3.4 ticks, 42.1%) -- averaging, widening whiskers to the union
  note: 20.7422 KiB (random) has 3 overlapping summary rows with medians [5.9, 9.8, 6.0] (spread 3.9 ticks, 54.1%) -- averaging, widening whiskers to the union
  note: 22.625 KiB (random) has 3 overlapping summary rows with medians [9.6, 9.6, 5.6] (spread 4.0 ticks, 48.1%) -- averaging, widening whiskers to the union
  note: 24.6719 KiB (random) has 3 overlapping summary rows with medians [5.5, 9.7, 9.6] (spread 4.2 ticks, 50.9%) -- averaging, widening whiskers to the union
  note: 29.3438 KiB (random) has 2 overlapping summary rows with medians [5.5, 8.8] (spread 3.3 ticks, 46.1%) -- averaging, widening whiskers to the union
  note: 45.25 KiB (random) has 2 overlapping summary rows with medians [5.6, 8.2] (spread 2.6 ticks, 37.8%) -- averaging, widening whiskers to the union
  note: 24.6754 MiB (random) has 5 overlapping summary rows with medians [119.2, 81.8, 99.4, 80.6, 81.4] (spread 38.6 ticks, 41.7%) -- averaging, widening whiskers to the union
  note: 26.9087 MiB (random) has 5 overlapping summary rows with medians [85.0, 85.8, 109.9, 83.3, 82.5] (spread 27.4 ticks, 30.7%) -- averaging, widening whiskers to the union
  note: 29.3441 MiB (random) has 5 overlapping summary rows with medians [91.1, 89.0, 147.6, 86.4, 94.5] (spread 61.1 ticks, 60.1%) -- averaging, widening whiskers to the union
  note: 38.0546 MiB (random) has 5 overlapping summary rows with medians [140.1, 135.8, 110.4, 154.5, 99.1] (spread 55.4 ticks, 43.3%) -- averaging, widening whiskers to the union
  note: 41.4989 MiB (random) has 5 overlapping summary rows with medians [163.8, 126.3, 124.1, 107.7, 104.9] (spread 58.9 ticks, 47.0%) -- averaging, widening whiskers to the union
  note: 45.2548 MiB (random) has 5 overlapping summary rows with medians [191.2, 136.9, 137.4, 116.0, 216.1] (spread 100.1 ticks, 62.8%) -- averaging, widening whiskers to the union
  note: 49.3507 MiB (random) has 2 overlapping summary rows with medians [195.5, 254.9] (spread 59.4 ticks, 26.4%) -- averaging, widening whiskers to the union
  note: 53.8174 MiB (random) has 5 overlapping summary rows with medians [148.8, 199.9, 199.3, 167.5, 142.0] (spread 57.9 ticks, 33.8%) -- averaging, widening whiskers to the union
  note: 58.6883 MiB (random) has 5 overlapping summary rows with medians [181.9, 188.6, 228.7, 172.9, 195.5] (spread 55.9 ticks, 28.9%) -- averaging, widening whiskers to the union
  note: 69.7925 MiB (random) has 5 overlapping summary rows with medians [232.1, 198.9, 241.4, 190.8, 198.9] (spread 50.7 ticks, 23.8%) -- averaging, widening whiskers to the union
  note: 76.1093 MiB (random) has 6 overlapping summary rows with medians [270.7, 216.8, 245.9, 192.3, 199.8, 246.9] (spread 78.4 ticks, 34.3%) -- averaging, widening whiskers to the union
  note: 82.9977 MiB (random) has 6 overlapping summary rows with medians [221.5, 238.7, 221.8, 197.9, 214.3, 193.7] (spread 45.0 ticks, 20.9%) -- averaging, widening whiskers to the union
  note: 107.635 MiB (random) has 6 overlapping summary rows with medians [245.2, 276.3, 221.0, 276.7, 263.7, 229.0] (spread 55.6 ticks, 22.1%) -- averaging, widening whiskers to the union
  note: 1.07031 KiB (random) has 2 overlapping summary rows with medians [9.4, 5.1] (spread 4.3 ticks, 59.3%) -- averaging, widening whiskers to the union
  note: 1.11719 KiB (random) has 2 overlapping summary rows with medians [7.7, 9.7] (spread 2.0 ticks, 22.6%) -- averaging, widening whiskers to the union
  note: 1.13281 KiB (random) has 2 overlapping summary rows with medians [5.5, 9.7] (spread 4.2 ticks, 55.4%) -- averaging, widening whiskers to the union
  note: 1.17188 KiB (random) has 2 overlapping summary rows with medians [7.2, 9.7] (spread 2.5 ticks, 29.4%) -- averaging, widening whiskers to the union
  note: 1.24219 KiB (random) has 2 overlapping summary rows with medians [6.6, 9.5] (spread 2.9 ticks, 35.5%) -- averaging, widening whiskers to the union
  note: 1.25781 KiB (random) has 2 overlapping summary rows with medians [9.5, 5.5] (spread 4.1 ticks, 54.0%) -- averaging, widening whiskers to the union
  note: 1.32812 KiB (random) has 2 overlapping summary rows with medians [5.9, 9.6] (spread 3.7 ticks, 47.9%) -- averaging, widening whiskers to the union
  note: 1.36719 KiB (random) has 2 overlapping summary rows with medians [6.0, 9.6] (spread 3.6 ticks, 46.6%) -- averaging, widening whiskers to the union
  note: 1.39062 KiB (random) has 2 overlapping summary rows with medians [6.3, 5.1] (spread 1.2 ticks, 20.7%) -- averaging, widening whiskers to the union
  note: 1.51562 KiB (random) has 2 overlapping summary rows with medians [9.6, 5.5] (spread 4.1 ticks, 54.6%) -- averaging, widening whiskers to the union
  note: 1.5625 KiB (random) has 2 overlapping summary rows with medians [5.5, 9.7] (spread 4.2 ticks, 55.2%) -- averaging, widening whiskers to the union
  note: 1.58594 KiB (random) has 2 overlapping summary rows with medians [5.8, 10.1] (spread 4.3 ticks, 54.1%) -- averaging, widening whiskers to the union
  note: 1.63281 KiB (random) has 2 overlapping summary rows with medians [5.8, 9.7] (spread 3.8 ticks, 49.4%) -- averaging, widening whiskers to the union
  note: 1.78125 KiB (random) has 2 overlapping summary rows with medians [7.9, 5.5] (spread 2.4 ticks, 35.4%) -- averaging, widening whiskers to the union
  note: 1.80469 KiB (random) has 2 overlapping summary rows with medians [5.7, 9.6] (spread 3.9 ticks, 51.0%) -- averaging, widening whiskers to the union
  note: 1.88281 KiB (random) has 2 overlapping summary rows with medians [5.5, 9.6] (spread 4.1 ticks, 54.8%) -- averaging, widening whiskers to the union
  note: 1.91406 KiB (random) has 2 overlapping summary rows with medians [8.2, 5.1] (spread 3.2 ticks, 47.3%) -- averaging, widening whiskers to the union
  note: 2.05469 KiB (random) has 2 overlapping summary rows with medians [5.1, 9.7] (spread 4.6 ticks, 61.8%) -- averaging, widening whiskers to the union
  note: 2.08594 KiB (random) has 2 overlapping summary rows with medians [9.6, 7.7] (spread 1.9 ticks, 22.5%) -- averaging, widening whiskers to the union
  note: 2.27344 KiB (random) has 2 overlapping summary rows with medians [9.6, 5.1] (spread 4.5 ticks, 61.6%) -- averaging, widening whiskers to the union
  note: 2.30469 KiB (random) has 2 overlapping summary rows with medians [9.7, 5.1] (spread 4.6 ticks, 62.0%) -- averaging, widening whiskers to the union
  note: 2.44531 KiB (random) has 2 overlapping summary rows with medians [6.3, 10.1] (spread 3.8 ticks, 47.0%) -- averaging, widening whiskers to the union
  note: 2.47656 KiB (random) has 2 overlapping summary rows with medians [5.1, 9.7] (spread 4.6 ticks, 62.3%) -- averaging, widening whiskers to the union
  note: 2.51562 KiB (random) has 2 overlapping summary rows with medians [9.7, 5.1] (spread 4.6 ticks, 61.9%) -- averaging, widening whiskers to the union
  note: 2.55469 KiB (random) has 2 overlapping summary rows with medians [9.6, 6.4] (spread 3.2 ticks, 40.4%) -- averaging, widening whiskers to the union
  note: 2.625 KiB (random) has 2 overlapping summary rows with medians [5.1, 7.8] (spread 2.7 ticks, 41.7%) -- averaging, widening whiskers to the union
  note: 2.66406 KiB (random) has 2 overlapping summary rows with medians [5.1, 9.6] (spread 4.5 ticks, 61.1%) -- averaging, widening whiskers to the union
  note: 2.74219 KiB (random) has 2 overlapping summary rows with medians [10.1, 6.2] (spread 3.8 ticks, 47.0%) -- averaging, widening whiskers to the union
  note: 2.78125 KiB (random) has 2 overlapping summary rows with medians [5.1, 9.6] (spread 4.5 ticks, 61.1%) -- averaging, widening whiskers to the union
  note: 2.86719 KiB (random) has 2 overlapping summary rows with medians [5.1, 9.5] (spread 4.4 ticks, 60.2%) -- averaging, widening whiskers to the union
  note: 2.90625 KiB (random) has 2 overlapping summary rows with medians [9.7, 6.8] (spread 2.9 ticks, 35.2%) -- averaging, widening whiskers to the union
  note: 2.95312 KiB (random) has 2 overlapping summary rows with medians [9.6, 6.5] (spread 3.1 ticks, 38.7%) -- averaging, widening whiskers to the union
  note: 2.99219 KiB (random) has 2 overlapping summary rows with medians [5.1, 9.6] (spread 4.5 ticks, 61.0%) -- averaging, widening whiskers to the union
  note: 3.03906 KiB (random) has 2 overlapping summary rows with medians [9.6, 6.0] (spread 3.6 ticks, 46.4%) -- averaging, widening whiskers to the union
  note: 3.17188 KiB (random) has 2 overlapping summary rows with medians [5.5, 9.6] (spread 4.1 ticks, 54.2%) -- averaging, widening whiskers to the union
  note: 3.21875 KiB (random) has 2 overlapping summary rows with medians [5.5, 7.5] (spread 2.0 ticks, 30.4%) -- averaging, widening whiskers to the union
  note: 3.3125 KiB (random) has 2 overlapping summary rows with medians [5.5, 9.6] (spread 4.1 ticks, 54.7%) -- averaging, widening whiskers to the union
  note: 3.40625 KiB (random) has 2 overlapping summary rows with medians [9.6, 6.7] (spread 3.0 ticks, 36.2%) -- averaging, widening whiskers to the union
  note: 3.46094 KiB (random) has 2 overlapping summary rows with medians [5.1, 9.5] (spread 4.4 ticks, 60.3%) -- averaging, widening whiskers to the union
  note: 3.50781 KiB (random) has 2 overlapping summary rows with medians [5.1, 9.6] (spread 4.5 ticks, 61.3%) -- averaging, widening whiskers to the union
  note: 3.5625 KiB (random) has 2 overlapping summary rows with medians [9.6, 5.8] (spread 3.8 ticks, 49.7%) -- averaging, widening whiskers to the union
  note: 3.60938 KiB (random) has 2 overlapping summary rows with medians [5.5, 9.6] (spread 4.1 ticks, 54.5%) -- averaging, widening whiskers to the union
  note: 3.71875 KiB (random) has 3 overlapping summary rows with medians [5.1, 9.6, 6.4] (spread 4.5 ticks, 63.9%) -- averaging, widening whiskers to the union
  note: 3.77344 KiB (random) has 3 overlapping summary rows with medians [5.1, 9.7, 5.6] (spread 4.6 ticks, 67.8%) -- averaging, widening whiskers to the union
  note: 3.82812 KiB (random) has 3 overlapping summary rows with medians [9.7, 9.6, 5.5] (spread 4.2 ticks, 50.3%) -- averaging, widening whiskers to the union
  note: 3.88281 KiB (random) has 3 overlapping summary rows with medians [5.5, 5.1, 9.5] (spread 4.4 ticks, 65.5%) -- averaging, widening whiskers to the union
  note: 3.9375 KiB (random) has 3 overlapping summary rows with medians [10.1, 5.1, 5.5] (spread 5.0 ticks, 72.5%) -- averaging, widening whiskers to the union
  note: 4.05469 KiB (random) has 3 overlapping summary rows with medians [9.7, 9.7, 5.5] (spread 4.2 ticks, 50.7%) -- averaging, widening whiskers to the union
  note: 4.17188 KiB (random) has 3 overlapping summary rows with medians [9.6, 9.5, 6.5] (spread 3.1 ticks, 36.6%) -- averaging, widening whiskers to the union
  note: 4.23438 KiB (random) has 3 overlapping summary rows with medians [5.8, 9.7, 6.5] (spread 3.9 ticks, 53.3%) -- averaging, widening whiskers to the union
  note: 4.42188 KiB (random) has 3 overlapping summary rows with medians [7.7, 5.1, 6.8] (spread 2.6 ticks, 40.3%) -- averaging, widening whiskers to the union
  note: 4.48438 KiB (random) has 3 overlapping summary rows with medians [10.1, 9.6, 6.4] (spread 3.7 ticks, 42.3%) -- averaging, widening whiskers to the union
  note: 4.55469 KiB (random) has 3 overlapping summary rows with medians [9.7, 5.5, 5.7] (spread 4.2 ticks, 61.0%) -- averaging, widening whiskers to the union
  note: 4.61719 KiB (random) has 3 overlapping summary rows with medians [9.7, 5.8, 9.6] (spread 3.8 ticks, 45.8%) -- averaging, widening whiskers to the union
  note: 4.6875 KiB (random) has 3 overlapping summary rows with medians [9.7, 5.5, 6.7] (spread 4.2 ticks, 57.3%) -- averaging, widening whiskers to the union
  note: 4.82031 KiB (random) has 3 overlapping summary rows with medians [5.5, 9.7, 9.0] (spread 4.2 ticks, 52.0%) -- averaging, widening whiskers to the union
  note: 4.89062 KiB (random) has 3 overlapping summary rows with medians [5.5, 5.1, 9.6] (spread 4.5 ticks, 66.5%) -- averaging, widening whiskers to the union
  note: 4.96094 KiB (random) has 3 overlapping summary rows with medians [5.1, 9.6, 5.5] (spread 4.5 ticks, 66.9%) -- averaging, widening whiskers to the union
  note: 5.03906 KiB (random) has 3 overlapping summary rows with medians [9.7, 5.6, 7.6] (spread 4.1 ticks, 53.5%) -- averaging, widening whiskers to the union
  note: 5.10938 KiB (random) has 3 overlapping summary rows with medians [5.5, 5.5, 9.5] (spread 4.1 ticks, 59.5%) -- averaging, widening whiskers to the union
  note: 5.33594 KiB (random) has 3 overlapping summary rows with medians [5.5, 9.6, 6.1] (spread 4.1 ticks, 57.7%) -- averaging, widening whiskers to the union
  note: 5.41406 KiB (random) has 3 overlapping summary rows with medians [9.6, 9.6, 5.1] (spread 4.5 ticks, 55.6%) -- averaging, widening whiskers to the union
  note: 5.49219 KiB (random) has 3 overlapping summary rows with medians [5.1, 7.0, 5.9] (spread 1.9 ticks, 31.1%) -- averaging, widening whiskers to the union
  note: 5.73438 KiB (random) has 3 overlapping summary rows with medians [5.5, 9.5, 5.6] (spread 4.0 ticks, 58.4%) -- averaging, widening whiskers to the union
  note: 5.82031 KiB (random) has 3 overlapping summary rows with medians [5.5, 6.2, 9.6] (spread 4.1 ticks, 57.1%) -- averaging, widening whiskers to the union
  note: 5.99219 KiB (random) has 3 overlapping summary rows with medians [9.7, 6.2, 6.1] (spread 3.6 ticks, 48.7%) -- averaging, widening whiskers to the union
  note: 6.07812 KiB (random) has 3 overlapping summary rows with medians [9.7, 9.5, 5.4] (spread 4.2 ticks, 51.5%) -- averaging, widening whiskers to the union
  note: 6.25781 KiB (random) has 3 overlapping summary rows with medians [6.2, 9.5, 6.0] (spread 3.5 ticks, 48.8%) -- averaging, widening whiskers to the union
  note: 6.4375 KiB (random) has 3 overlapping summary rows with medians [9.6, 6.1, 9.5] (spread 3.6 ticks, 42.5%) -- averaging, widening whiskers to the union
  note: 6.53125 KiB (random) has 3 overlapping summary rows with medians [9.5, 5.5, 9.5] (spread 4.1 ticks, 49.9%) -- averaging, widening whiskers to the union
  note: 6.625 KiB (random) has 3 overlapping summary rows with medians [9.7, 9.7, 6.2] (spread 3.5 ticks, 41.4%) -- averaging, widening whiskers to the union
  note: 6.82031 KiB (random) has 3 overlapping summary rows with medians [5.5, 9.7, 5.1] (spread 4.6 ticks, 67.7%) -- averaging, widening whiskers to the union
  note: 6.92188 KiB (random) has 3 overlapping summary rows with medians [9.7, 9.6, 5.8] (spread 3.9 ticks, 46.3%) -- averaging, widening whiskers to the union
  note: 7.125 KiB (random) has 3 overlapping summary rows with medians [5.1, 9.6, 9.6] (spread 4.5 ticks, 55.7%) -- averaging, widening whiskers to the union
  note: 7.22656 KiB (random) has 3 overlapping summary rows with medians [9.6, 5.5, 5.1] (spread 4.5 ticks, 66.6%) -- averaging, widening whiskers to the union
  note: 7.4375 KiB (random) has 3 overlapping summary rows with medians [9.6, 5.1, 6.7] (spread 4.6 ticks, 63.8%) -- averaging, widening whiskers to the union
  note: 7.54688 KiB (random) has 3 overlapping summary rows with medians [5.6, 10.1, 5.9] (spread 4.5 ticks, 63.1%) -- averaging, widening whiskers to the union
  note: 7.76562 KiB (random) has 3 overlapping summary rows with medians [10.1, 5.8, 5.1] (spread 5.0 ticks, 71.5%) -- averaging, widening whiskers to the union
  note: 7.88281 KiB (random) has 3 overlapping summary rows with medians [5.8, 5.5, 9.5] (spread 4.1 ticks, 58.5%) -- averaging, widening whiskers to the union
  note: 8.10938 KiB (random) has 3 overlapping summary rows with medians [9.6, 5.5, 7.0] (spread 4.2 ticks, 56.5%) -- averaging, widening whiskers to the union
  note: 8.23438 KiB (random) has 3 overlapping summary rows with medians [5.1, 9.7, 8.1] (spread 4.6 ticks, 59.8%) -- averaging, widening whiskers to the union
  note: 8.35156 KiB (random) has 3 overlapping summary rows with medians [9.6, 9.5, 6.8] (spread 2.8 ticks, 32.5%) -- averaging, widening whiskers to the union
  note: 8.46875 KiB (random) has 3 overlapping summary rows with medians [9.7, 5.5, 8.9] (spread 4.2 ticks, 52.5%) -- averaging, widening whiskers to the union
  note: 8.59375 KiB (random) has 3 overlapping summary rows with medians [9.6, 6.1, 6.1] (spread 3.5 ticks, 48.1%) -- averaging, widening whiskers to the union
  note: 8.84375 KiB (random) has 3 overlapping summary rows with medians [5.5, 9.6, 5.5] (spread 4.1 ticks, 59.7%) -- averaging, widening whiskers to the union
  note: 8.97656 KiB (random) has 3 overlapping summary rows with medians [9.7, 7.6, 5.5] (spread 4.2 ticks, 54.8%) -- averaging, widening whiskers to the union
  note: 9.10938 KiB (random) has 3 overlapping summary rows with medians [7.7, 9.6, 5.6] (spread 4.0 ticks, 52.4%) -- averaging, widening whiskers to the union
  note: 9.24219 KiB (random) has 3 overlapping summary rows with medians [6.1, 5.9, 9.5] (spread 3.6 ticks, 50.0%) -- averaging, widening whiskers to the union
  note: 9.375 KiB (random) has 3 overlapping summary rows with medians [5.5, 6.0, 9.6] (spread 4.2 ticks, 59.1%) -- averaging, widening whiskers to the union
  note: 9.78906 KiB (random) has 3 overlapping summary rows with medians [5.5, 9.6, 5.6] (spread 4.1 ticks, 59.3%) -- averaging, widening whiskers to the union
  note: 9.92969 KiB (random) has 3 overlapping summary rows with medians [9.7, 9.6, 5.5] (spread 4.2 ticks, 50.4%) -- averaging, widening whiskers to the union
  note: 10.2188 KiB (random) has 3 overlapping summary rows with medians [9.6, 5.5, 5.5] (spread 4.1 ticks, 59.7%) -- averaging, widening whiskers to the union
  note: 10.5234 KiB (random) has 3 overlapping summary rows with medians [6.3, 9.6, 9.6] (spread 3.3 ticks, 38.9%) -- averaging, widening whiskers to the union
  note: 10.6719 KiB (random) has 3 overlapping summary rows with medians [9.6, 9.6, 6.3] (spread 3.3 ticks, 38.9%) -- averaging, widening whiskers to the union
  note: 10.8281 KiB (random) has 3 overlapping summary rows with medians [5.6, 9.5, 9.1] (spread 3.9 ticks, 49.0%) -- averaging, widening whiskers to the union
  note: 10.9844 KiB (random) has 3 overlapping summary rows with medians [9.6, 5.8, 6.4] (spread 3.8 ticks, 51.6%) -- averaging, widening whiskers to the union
  note: 11.1484 KiB (random) has 3 overlapping summary rows with medians [5.5, 5.6, 7.4] (spread 2.0 ticks, 32.1%) -- averaging, widening whiskers to the union
  note: 11.4766 KiB (random) has 3 overlapping summary rows with medians [9.7, 6.2, 9.5] (spread 3.5 ticks, 41.1%) -- averaging, widening whiskers to the union
  note: 11.6406 KiB (random) has 3 overlapping summary rows with medians [9.7, 9.6, 5.6] (spread 4.1 ticks, 49.8%) -- averaging, widening whiskers to the union
  note: 11.8125 KiB (random) has 3 overlapping summary rows with medians [9.7, 9.6, 5.6] (spread 4.0 ticks, 48.6%) -- averaging, widening whiskers to the union
  note: 11.9844 KiB (random) has 3 overlapping summary rows with medians [9.7, 5.9, 9.6] (spread 3.8 ticks, 45.9%) -- averaging, widening whiskers to the union
  note: 12.1562 KiB (random) has 3 overlapping summary rows with medians [5.5, 7.7, 5.6] (spread 2.2 ticks, 35.7%) -- averaging, widening whiskers to the union
  note: 12.5156 KiB (random) has 3 overlapping summary rows with medians [9.7, 5.9, 9.6] (spread 3.8 ticks, 45.0%) -- averaging, widening whiskers to the union
  note: 12.8828 KiB (random) has 3 overlapping summary rows with medians [5.1, 9.7, 6.7] (spread 4.6 ticks, 63.9%) -- averaging, widening whiskers to the union
  note: 13.2578 KiB (random) has 3 overlapping summary rows with medians [5.1, 5.6, 9.6] (spread 4.5 ticks, 66.3%) -- averaging, widening whiskers to the union
  note: 14.4609 KiB (random) has 2 overlapping summary rows with medians [9.5, 7.4] (spread 2.1 ticks, 25.1%) -- averaging, widening whiskers to the union
  note: 14.8828 KiB (random) has 2 overlapping summary rows with medians [5.1, 9.6] (spread 4.5 ticks, 61.5%) -- averaging, widening whiskers to the union
  note: 15.3203 KiB (random) has 2 overlapping summary rows with medians [9.5, 5.1] (spread 4.4 ticks, 60.6%) -- averaging, widening whiskers to the union
  note: 16.4688 KiB (random) has 2 overlapping summary rows with medians [5.5, 9.5] (spread 4.0 ticks, 53.6%) -- averaging, widening whiskers to the union
  note: 16.7031 KiB (random) has 2 overlapping summary rows with medians [10.1, 5.6] (spread 4.5 ticks, 57.4%) -- averaging, widening whiskers to the union
  note: 18.2188 KiB (random) has 2 overlapping summary rows with medians [5.1, 9.6] (spread 4.5 ticks, 61.1%) -- averaging, widening whiskers to the union
  note: 18.4844 KiB (random) has 2 overlapping summary rows with medians [5.4, 9.5] (spread 4.1 ticks, 54.7%) -- averaging, widening whiskers to the union
  note: 18.75 KiB (random) has 2 overlapping summary rows with medians [9.6, 5.5] (spread 4.2 ticks, 55.0%) -- averaging, widening whiskers to the union
  note: 19.2969 KiB (random) has 2 overlapping summary rows with medians [8.6, 5.6] (spread 3.0 ticks, 42.6%) -- averaging, widening whiskers to the union
  note: 21.3516 KiB (random) has 2 overlapping summary rows with medians [9.6, 5.5] (spread 4.1 ticks, 54.7%) -- averaging, widening whiskers to the union
  note: 22.9531 KiB (random) has 2 overlapping summary rows with medians [7.7, 5.6] (spread 2.0 ticks, 30.2%) -- averaging, widening whiskers to the union
  note: 23.2891 KiB (random) has 2 overlapping summary rows with medians [6.9, 5.6] (spread 1.3 ticks, 20.7%) -- averaging, widening whiskers to the union
  note: 23.9688 KiB (random) has 2 overlapping summary rows with medians [5.5, 9.6] (spread 4.1 ticks, 54.2%) -- averaging, widening whiskers to the union
  note: 24.3203 KiB (random) has 2 overlapping summary rows with medians [5.8, 9.6] (spread 3.8 ticks, 49.5%) -- averaging, widening whiskers to the union
  note: 25.0312 KiB (random) has 2 overlapping summary rows with medians [5.4, 9.5] (spread 4.1 ticks, 55.1%) -- averaging, widening whiskers to the union
  note: 25.3984 KiB (random) has 2 overlapping summary rows with medians [9.6, 5.7] (spread 3.9 ticks, 51.2%) -- averaging, widening whiskers to the union
  note: 25.7656 KiB (random) has 2 overlapping summary rows with medians [5.6, 9.5] (spread 3.8 ticks, 50.9%) -- averaging, widening whiskers to the union
  note: 17.7019 MiB (random) has 4 overlapping summary rows with medians [76.6, 92.4, 76.8, 76.2] (spread 16.2 ticks, 20.1%) -- averaging, widening whiskers to the union
  note: 21.0512 MiB (random) has 4 overlapping summary rows with medians [80.7, 86.6, 98.1, 78.6] (spread 19.5 ticks, 22.7%) -- averaging, widening whiskers to the union
  note: 21.3574 MiB (random) has 4 overlapping summary rows with medians [79.8, 98.2, 79.0, 78.9] (spread 19.3 ticks, 22.9%) -- averaging, widening whiskers to the union
  note: 22.9565 MiB (random) has 4 overlapping summary rows with medians [82.3, 100.4, 81.8, 80.7] (spread 19.7 ticks, 22.8%) -- averaging, widening whiskers to the union
  note: 24.3216 MiB (random) has 4 overlapping summary rows with medians [91.3, 106.7, 83.6, 81.0] (spread 25.7 ticks, 28.4%) -- averaging, widening whiskers to the union
  note: 25.0343 MiB (random) has 4 overlapping summary rows with medians [82.5, 105.0, 81.7, 81.5] (spread 23.4 ticks, 26.7%) -- averaging, widening whiskers to the union
  note: 25.3984 MiB (random) has 4 overlapping summary rows with medians [94.4, 113.9, 82.3, 85.5] (spread 31.6 ticks, 33.6%) -- averaging, widening whiskers to the union
  note: 26.5229 MiB (random) has 4 overlapping summary rows with medians [84.1, 119.9, 82.2, 83.3] (spread 37.7 ticks, 40.8%) -- averaging, widening whiskers to the union
  note: 27.3001 MiB (random) has 4 overlapping summary rows with medians [96.0, 109.2, 87.2, 85.1] (spread 24.0 ticks, 25.4%) -- averaging, widening whiskers to the union
  note: 27.6972 MiB (random) has 4 overlapping summary rows with medians [85.9, 117.7, 83.7, 83.3] (spread 34.3 ticks, 37.1%) -- averaging, widening whiskers to the union
  note: 28.1 MiB (random) has 4 overlapping summary rows with medians [86.2, 116.7, 116.8, 93.2] (spread 30.6 ticks, 29.6%) -- averaging, widening whiskers to the union
  note: 28.5088 MiB (random) has 4 overlapping summary rows with medians [104.1, 129.0, 85.0, 83.8] (spread 45.3 ticks, 45.1%) -- averaging, widening whiskers to the union
  note: 28.9234 MiB (random) has 4 overlapping summary rows with medians [91.3, 139.2, 84.2, 85.2] (spread 54.9 ticks, 54.9%) -- averaging, widening whiskers to the union
  note: 29.7709 MiB (random) has 4 overlapping summary rows with medians [88.6, 147.2, 90.8, 84.7] (spread 62.4 ticks, 60.7%) -- averaging, widening whiskers to the union
  note: 30.204 MiB (random) has 4 overlapping summary rows with medians [104.4, 150.9, 87.7, 88.4] (spread 63.2 ticks, 58.6%) -- averaging, widening whiskers to the union
  note: 30.6433 MiB (random) has 4 overlapping summary rows with medians [91.5, 154.8, 85.5, 94.2] (spread 69.3 ticks, 65.0%) -- averaging, widening whiskers to the union
  note: 31.089 MiB (random) has 4 overlapping summary rows with medians [91.7, 155.8, 105.9, 99.2] (spread 64.1 ticks, 56.6%) -- averaging, widening whiskers to the union
  note: 31.5412 MiB (random) has 4 overlapping summary rows with medians [91.8, 157.2, 92.0, 87.2] (spread 69.9 ticks, 65.3%) -- averaging, widening whiskers to the union
  note: 32.4654 MiB (random) has 4 overlapping summary rows with medians [115.7, 148.1, 87.2, 96.6] (spread 60.9 ticks, 54.5%) -- averaging, widening whiskers to the union
  note: 32.9377 MiB (random) has 4 overlapping summary rows with medians [96.0, 153.9, 87.6, 103.7] (spread 66.3 ticks, 60.1%) -- averaging, widening whiskers to the union
  note: 33.4168 MiB (random) has 4 overlapping summary rows with medians [95.4, 168.3, 116.4, 106.2] (spread 72.9 ticks, 60.0%) -- averaging, widening whiskers to the union
  note: 33.9028 MiB (random) has 4 overlapping summary rows with medians [102.0, 166.1, 101.2, 90.2] (spread 75.9 ticks, 66.1%) -- averaging, widening whiskers to the union
  note: 34.3959 MiB (random) has 4 overlapping summary rows with medians [103.3, 157.4, 90.7, 90.1] (spread 67.3 ticks, 61.0%) -- averaging, widening whiskers to the union
  note: 35.4038 MiB (random) has 4 overlapping summary rows with medians [103.9, 168.4, 91.6, 93.1] (spread 76.8 ticks, 67.2%) -- averaging, widening whiskers to the union
  note: 36.4412 MiB (random) has 4 overlapping summary rows with medians [102.1, 178.3, 93.9, 95.3] (spread 84.4 ticks, 71.8%) -- averaging, widening whiskers to the union
  note: 36.9713 MiB (random) has 4 overlapping summary rows with medians [103.8, 180.6, 95.3, 122.8] (spread 85.4 ticks, 68.0%) -- averaging, widening whiskers to the union
  note: 37.509 MiB (random) has 4 overlapping summary rows with medians [106.7, 173.1, 98.3, 97.9] (spread 75.2 ticks, 63.2%) -- averaging, widening whiskers to the union
  note: 38.6081 MiB (random) has 4 overlapping summary rows with medians [135.7, 118.9, 189.6, 112.6] (spread 77.0 ticks, 55.3%) -- averaging, widening whiskers to the union
  note: 39.1697 MiB (random) has 4 overlapping summary rows with medians [107.9, 112.5, 168.7, 103.1] (spread 65.7 ticks, 53.4%) -- averaging, widening whiskers to the union
  note: 39.7394 MiB (random) has 4 overlapping summary rows with medians [112.5, 153.9, 123.4, 104.4] (spread 49.6 ticks, 40.1%) -- averaging, widening whiskers to the union
  note: 40.3175 MiB (random) has 4 overlapping summary rows with medians [132.3, 142.9, 134.1, 112.0] (spread 31.0 ticks, 23.8%) -- averaging, widening whiskers to the union
  note: 40.9039 MiB (random) has 4 overlapping summary rows with medians [150.0, 119.6, 137.6, 140.9] (spread 30.3 ticks, 22.1%) -- averaging, widening whiskers to the union
  note: 42.1025 MiB (random) has 4 overlapping summary rows with medians [158.3, 153.9, 120.7, 111.4] (spread 46.9 ticks, 34.5%) -- averaging, widening whiskers to the union
  note: 42.7149 MiB (random) has 4 overlapping summary rows with medians [125.6, 123.6, 144.4, 117.8] (spread 26.7 ticks, 20.9%) -- averaging, widening whiskers to the union
  note: 43.3362 MiB (random) has 4 overlapping summary rows with medians [167.3, 156.1, 125.5, 145.7] (spread 41.8 ticks, 28.1%) -- averaging, widening whiskers to the union
  note: 44.606 MiB (random) has 4 overlapping summary rows with medians [168.2, 165.3, 157.9, 114.8] (spread 53.4 ticks, 35.2%) -- averaging, widening whiskers to the union
  note: 45.9131 MiB (random) has 4 overlapping summary rows with medians [189.9, 165.9, 156.1, 117.5] (spread 72.4 ticks, 46.0%) -- averaging, widening whiskers to the union
  note: 47.2584 MiB (random) has 4 overlapping summary rows with medians [148.3, 187.6, 150.0, 122.2] (spread 65.4 ticks, 43.0%) -- averaging, widening whiskers to the union
  note: 47.9458 MiB (random) has 4 overlapping summary rows with medians [143.5, 183.4, 167.6, 128.0] (spread 55.4 ticks, 35.6%) -- averaging, widening whiskers to the union
  note: 48.6432 MiB (random) has 4 overlapping summary rows with medians [144.1, 183.4, 123.5, 155.4] (spread 59.9 ticks, 39.5%) -- averaging, widening whiskers to the union
  note: 50.0686 MiB (random) has 4 overlapping summary rows with medians [149.9, 187.8, 146.1, 136.2] (spread 51.7 ticks, 33.3%) -- averaging, widening whiskers to the union
  note: 50.7968 MiB (random) has 4 overlapping summary rows with medians [151.1, 188.2, 174.1, 166.7] (spread 37.2 ticks, 21.9%) -- averaging, widening whiskers to the union
  note: 53.0458 MiB (random) has 4 overlapping summary rows with medians [162.6, 192.3, 147.4, 141.3] (spread 51.1 ticks, 31.7%) -- averaging, widening whiskers to the union
  note: 54.6002 MiB (random) has 4 overlapping summary rows with medians [170.6, 196.6, 150.4, 168.3] (spread 46.3 ticks, 27.0%) -- averaging, widening whiskers to the union
  note: 57.8469 MiB (random) has 4 overlapping summary rows with medians [207.5, 206.8, 163.9, 159.5] (spread 48.0 ticks, 26.0%) -- averaging, widening whiskers to the union
  note: 59.5419 MiB (random) has 4 overlapping summary rows with medians [187.4, 223.1, 179.6, 167.3] (spread 55.9 ticks, 29.5%) -- averaging, widening whiskers to the union
  note: 60.408 MiB (random) has 4 overlapping summary rows with medians [216.4, 221.5, 156.6, 200.6] (spread 64.8 ticks, 32.6%) -- averaging, widening whiskers to the union
  note: 61.2866 MiB (random) has 4 overlapping summary rows with medians [185.0, 223.4, 201.8, 165.4] (spread 57.9 ticks, 29.9%) -- averaging, widening whiskers to the union
  note: 62.178 MiB (random) has 4 overlapping summary rows with medians [184.3, 265.2, 169.8, 204.5] (spread 95.3 ticks, 46.3%) -- averaging, widening whiskers to the union
  note: 66.8335 MiB (random) has 4 overlapping summary rows with medians [227.1, 232.5, 187.2, 181.8] (spread 50.7 ticks, 24.5%) -- averaging, widening whiskers to the union
  note: 67.8056 MiB (random) has 4 overlapping summary rows with medians [266.1, 226.1, 202.2, 269.4] (spread 67.1 ticks, 27.9%) -- averaging, widening whiskers to the union
  note: 70.8076 MiB (random) has 4 overlapping summary rows with medians [266.0, 229.6, 194.8, 261.4] (spread 71.2 ticks, 29.9%) -- averaging, widening whiskers to the union
  note: 72.8825 MiB (random) has 4 overlapping summary rows with medians [269.5, 240.3, 210.2, 196.3] (spread 73.2 ticks, 31.9%) -- averaging, widening whiskers to the union
  note: 73.9426 MiB (random) has 4 overlapping summary rows with medians [231.3, 247.2, 185.2, 207.2] (spread 62.1 ticks, 28.5%) -- averaging, widening whiskers to the union
  note: 75.0181 MiB (random) has 4 overlapping summary rows with medians [212.2, 249.4, 192.0, 212.0] (spread 57.4 ticks, 26.5%) -- averaging, widening whiskers to the union
  note: 77.2163 MiB (random) has 5 overlapping summary rows with medians [240.7, 244.7, 192.6, 221.8, 204.5] (spread 52.1 ticks, 23.6%) -- averaging, widening whiskers to the union
  note: 79.4789 MiB (random) has 5 overlapping summary rows with medians [219.3, 251.5, 202.6, 245.5, 205.0] (spread 48.9 ticks, 21.7%) -- averaging, widening whiskers to the union
  note: 80.6349 MiB (random) has 5 overlapping summary rows with medians [246.9, 219.3, 250.8, 241.8, 196.6] (spread 54.1 ticks, 23.4%) -- averaging, widening whiskers to the union
  note: 84.205 MiB (random) has 5 overlapping summary rows with medians [257.7, 255.9, 202.0, 220.5, 193.7] (spread 64.0 ticks, 28.3%) -- averaging, widening whiskers to the union
  note: 86.6723 MiB (random) has 5 overlapping summary rows with medians [236.8, 201.2, 231.5, 228.4, 257.5] (spread 56.3 ticks, 24.4%) -- averaging, widening whiskers to the union
  note: 87.933 MiB (random) has 5 overlapping summary rows with medians [233.5, 203.9, 206.3, 251.2, 209.1] (spread 47.4 ticks, 21.5%) -- averaging, widening whiskers to the union
  note: 93.1618 MiB (random) has 5 overlapping summary rows with medians [252.0, 203.9, 241.6, 253.2, 270.1] (spread 66.2 ticks, 27.1%) -- averaging, widening whiskers to the union
  note: 94.5169 MiB (random) has 5 overlapping summary rows with medians [264.5, 210.6, 213.6, 252.3, 218.5] (spread 53.9 ticks, 23.3%) -- averaging, widening whiskers to the union
  note: 95.8916 MiB (random) has 5 overlapping summary rows with medians [257.4, 276.2, 214.4, 256.5, 209.8] (spread 66.4 ticks, 27.3%) -- averaging, widening whiskers to the union
  note: 97.2864 MiB (random) has 5 overlapping summary rows with medians [262.4, 228.7, 219.3, 231.9, 212.2] (spread 50.1 ticks, 21.7%) -- averaging, widening whiskers to the union
  note: 25.7678 MiB (random) has 3 overlapping summary rows with medians [101.5, 86.2, 82.2] (spread 19.3 ticks, 21.4%) -- averaging, widening whiskers to the union
  note: 32 MiB (random) has 3 overlapping summary rows with medians [152.0, 87.7, 89.1] (spread 64.3 ticks, 58.6%) -- averaging, widening whiskers to the union
  note: 34.8962 MiB (random) has 3 overlapping summary rows with medians [176.8, 90.9, 92.2] (spread 86.0 ticks, 71.7%) -- averaging, widening whiskers to the union
  note: 35.9188 MiB (random) has 3 overlapping summary rows with medians [170.3, 92.2, 95.8] (spread 78.0 ticks, 65.3%) -- averaging, widening whiskers to the union
  note: 46.5809 MiB (random) has 3 overlapping summary rows with medians [175.6, 121.1, 137.3] (spread 54.5 ticks, 37.7%) -- averaging, widening whiskers to the union
  note: 49.3507 MiB (random) has 3 overlapping summary rows with medians [184.1, 134.8, 130.3] (spread 53.7 ticks, 35.9%) -- averaging, widening whiskers to the union
  note: 51.5357 MiB (random) has 3 overlapping summary rows with medians [203.3, 136.1, 172.9] (spread 67.2 ticks, 39.4%) -- averaging, widening whiskers to the union
  note: 52.2853 MiB (random) has 3 overlapping summary rows with medians [190.7, 141.6, 171.7] (spread 49.1 ticks, 29.2%) -- averaging, widening whiskers to the union
  note: 57.0175 MiB (random) has 3 overlapping summary rows with medians [201.3, 156.9, 158.5] (spread 44.4 ticks, 25.8%) -- averaging, widening whiskers to the union
  note: 63.0824 MiB (random) has 3 overlapping summary rows with medians [215.1, 170.5, 190.1] (spread 44.6 ticks, 23.2%) -- averaging, widening whiskers to the union
  note: 64 MiB (random) has 3 overlapping summary rows with medians [223.7, 173.3, 176.0] (spread 50.4 ticks, 26.4%) -- averaging, widening whiskers to the union
  note: 64.9309 MiB (random) has 3 overlapping summary rows with medians [232.3, 169.2, 178.5] (spread 63.1 ticks, 32.6%) -- averaging, widening whiskers to the union
  note: 65.8753 MiB (random) has 3 overlapping summary rows with medians [222.0, 172.4, 179.7] (spread 49.5 ticks, 25.9%) -- averaging, widening whiskers to the union
  note: 68.7919 MiB (random) has 3 overlapping summary rows with medians [236.5, 197.5, 189.3] (spread 47.3 ticks, 22.8%) -- averaging, widening whiskers to the union
  note: 71.8376 MiB (random) has 3 overlapping summary rows with medians [246.2, 183.7, 209.6] (spread 62.5 ticks, 29.3%) -- averaging, widening whiskers to the union
  note: 81.8078 MiB (random) has 4 overlapping summary rows with medians [218.4, 270.5, 242.7, 210.9] (spread 59.6 ticks, 25.3%) -- averaging, widening whiskers to the union
  note: 101.594 MiB (random) has 4 overlapping summary rows with medians [216.9, 255.8, 281.0, 256.4] (spread 64.0 ticks, 25.4%) -- averaging, widening whiskers to the union
  note: 1 KiB (sequential) has 3 overlapping summary rows with medians [5.5, 5.6, 9.6] (spread 4.1 ticks, 59.1%) -- averaging, widening whiskers to the union
  note: 1.08594 KiB (sequential) has 3 overlapping summary rows with medians [9.7, 5.8, 5.5] (spread 4.2 ticks, 60.0%) -- averaging, widening whiskers to the union
  note: 1.1875 KiB (sequential) has 3 overlapping summary rows with medians [5.1, 9.7, 5.8] (spread 4.6 ticks, 67.1%) -- averaging, widening whiskers to the union
  note: 1.29688 KiB (sequential) has 3 overlapping summary rows with medians [5.5, 5.4, 9.5] (spread 4.1 ticks, 60.2%) -- averaging, widening whiskers to the union
  note: 1.53906 KiB (sequential) has 3 overlapping summary rows with medians [9.6, 5.9, 9.6] (spread 3.8 ticks, 45.1%) -- averaging, widening whiskers to the union
  note: 1.67969 KiB (sequential) has 3 overlapping summary rows with medians [9.9, 5.9, 6.8] (spread 3.9 ticks, 52.1%) -- averaging, widening whiskers to the union
  note: 1.82812 KiB (sequential) has 3 overlapping summary rows with medians [5.1, 9.7, 9.8] (spread 4.7 ticks, 57.0%) -- averaging, widening whiskers to the union
  note: 2 KiB (sequential) has 3 overlapping summary rows with medians [5.1, 9.7, 9.5] (spread 4.6 ticks, 56.5%) -- averaging, widening whiskers to the union
  note: 2.375 KiB (sequential) has 3 overlapping summary rows with medians [5.1, 9.6, 5.9] (spread 4.5 ticks, 65.5%) -- averaging, widening whiskers to the union
  note: 2.59375 KiB (sequential) has 3 overlapping summary rows with medians [9.7, 9.7, 5.7] (spread 4.0 ticks, 48.0%) -- averaging, widening whiskers to the union
  note: 2.82812 KiB (sequential) has 3 overlapping summary rows with medians [9.6, 9.6, 7.2] (spread 2.4 ticks, 27.2%) -- averaging, widening whiskers to the union
  note: 3.66406 KiB (sequential) has 4 overlapping summary rows with medians [9.7, 9.6, 9.6, 6.2] (spread 3.4 ticks, 39.2%) -- averaging, widening whiskers to the union
  note: 4 KiB (sequential) has 4 overlapping summary rows with medians [9.6, 9.6, 6.4, 9.6] (spread 3.2 ticks, 36.3%) -- averaging, widening whiskers to the union
  note: 4.35938 KiB (sequential) has 4 overlapping summary rows with medians [5.6, 9.5, 6.6, 5.5] (spread 4.0 ticks, 59.2%) -- averaging, widening whiskers to the union
  note: 4.75 KiB (sequential) has 4 overlapping summary rows with medians [6.1, 5.5, 6.6, 5.1] (spread 1.5 ticks, 25.3%) -- averaging, widening whiskers to the union
  note: 5.1875 KiB (sequential) has 4 overlapping summary rows with medians [9.7, 5.8, 5.1, 5.5] (spread 4.6 ticks, 70.0%) -- averaging, widening whiskers to the union
  note: 5.65625 KiB (sequential) has 4 overlapping summary rows with medians [5.5, 9.6, 9.6, 9.5] (spread 4.1 ticks, 48.0%) -- averaging, widening whiskers to the union
  note: 6.16406 KiB (sequential) has 4 overlapping summary rows with medians [9.6, 9.6, 6.7, 5.1] (spread 4.5 ticks, 58.3%) -- averaging, widening whiskers to the union
  note: 6.72656 KiB (sequential) has 4 overlapping summary rows with medians [5.1, 5.7, 9.5, 6.9] (spread 4.4 ticks, 65.4%) -- averaging, widening whiskers to the union
  note: 7.33594 KiB (sequential) has 4 overlapping summary rows with medians [5.6, 9.6, 5.6, 5.8] (spread 4.1 ticks, 61.1%) -- averaging, widening whiskers to the union
  note: 8 KiB (sequential) has 4 overlapping summary rows with medians [5.5, 5.6, 6.2, 9.5] (spread 4.0 ticks, 59.4%) -- averaging, widening whiskers to the union
  note: 8.71875 KiB (sequential) has 4 overlapping summary rows with medians [9.7, 5.9, 6.1, 6.9] (spread 3.8 ticks, 52.6%) -- averaging, widening whiskers to the union
  note: 9.50781 KiB (sequential) has 4 overlapping summary rows with medians [5.5, 5.5, 9.7, 9.5] (spread 4.2 ticks, 55.8%) -- averaging, widening whiskers to the union
  note: 10.375 KiB (sequential) has 4 overlapping summary rows with medians [5.5, 6.1, 6.5, 9.6] (spread 4.1 ticks, 59.9%) -- averaging, widening whiskers to the union
  note: 11.3125 KiB (sequential) has 4 overlapping summary rows with medians [5.5, 7.4, 5.1, 9.5] (spread 4.4 ticks, 64.1%) -- averaging, widening whiskers to the union
  note: 12.3359 KiB (sequential) has 4 overlapping summary rows with medians [10.1, 5.7, 5.5, 5.6] (spread 4.6 ticks, 68.8%) -- averaging, widening whiskers to the union
  note: 13.4531 KiB (sequential) has 3 overlapping summary rows with medians [6.0, 9.4, 6.4] (spread 3.5 ticks, 47.9%) -- averaging, widening whiskers to the union
  note: 14.6719 KiB (sequential) has 3 overlapping summary rows with medians [5.1, 9.5, 9.6] (spread 4.5 ticks, 55.9%) -- averaging, widening whiskers to the union
  note: 16 KiB (sequential) has 3 overlapping summary rows with medians [6.0, 9.6, 9.5] (spread 3.6 ticks, 42.7%) -- averaging, widening whiskers to the union
  note: 17.4453 KiB (sequential) has 3 overlapping summary rows with medians [7.7, 8.8, 5.5] (spread 3.3 ticks, 45.4%) -- averaging, widening whiskers to the union
  note: 20.7422 KiB (sequential) has 3 overlapping summary rows with medians [5.5, 5.9, 9.6] (spread 4.1 ticks, 58.9%) -- averaging, widening whiskers to the union
  note: 22.625 KiB (sequential) has 3 overlapping summary rows with medians [7.8, 7.4, 6.0] (spread 1.8 ticks, 25.9%) -- averaging, widening whiskers to the union
  note: 24.6719 KiB (sequential) has 3 overlapping summary rows with medians [5.1, 9.6, 5.7] (spread 4.5 ticks, 65.7%) -- averaging, widening whiskers to the union
  note: 32 KiB (sequential) has 2 overlapping summary rows with medians [9.7, 5.6] (spread 4.1 ticks, 54.3%) -- averaging, widening whiskers to the union
  note: 45.25 KiB (sequential) has 2 overlapping summary rows with medians [9.6, 5.2] (spread 4.5 ticks, 60.2%) -- averaging, widening whiskers to the union
  note: 69.7891 KiB (sequential) has 2 overlapping summary rows with medians [11.4, 6.5] (spread 5.0 ticks, 55.4%) -- averaging, widening whiskers to the union
  note: 19.0273 MiB (sequential) has 5 overlapping summary rows with medians [12.9, 12.5, 16.7, 12.4, 13.4] (spread 4.2 ticks, 31.1%) -- averaging, widening whiskers to the union
  note: 22.6274 MiB (sequential) has 5 overlapping summary rows with medians [17.7, 12.5, 12.8, 12.5, 13.0] (spread 5.2 ticks, 38.0%) -- averaging, widening whiskers to the union
  note: 32 MiB (sequential) has 2 overlapping summary rows with medians [14.2, 22.0] (spread 7.8 ticks, 43.0%) -- averaging, widening whiskers to the union
  note: 38.0546 MiB (sequential) has 5 overlapping summary rows with medians [20.6, 16.4, 14.7, 15.8, 14.6] (spread 6.0 ticks, 36.6%) -- averaging, widening whiskers to the union
  note: 41.4989 MiB (sequential) has 5 overlapping summary rows with medians [22.0, 16.0, 20.3, 16.1, 28.8] (spread 12.8 ticks, 61.8%) -- averaging, widening whiskers to the union
  note: 45.2548 MiB (sequential) has 5 overlapping summary rows with medians [32.6, 31.8, 20.4, 17.6, 17.4] (spread 15.2 ticks, 63.6%) -- averaging, widening whiskers to the union
  note: 53.8174 MiB (sequential) has 5 overlapping summary rows with medians [31.4, 29.0, 25.5, 19.5, 32.3] (spread 12.9 ticks, 46.7%) -- averaging, widening whiskers to the union
  note: 58.6883 MiB (sequential) has 5 overlapping summary rows with medians [32.1, 24.1, 26.9, 30.0, 28.9] (spread 8.0 ticks, 28.2%) -- averaging, widening whiskers to the union
  note: 69.7925 MiB (sequential) has 5 overlapping summary rows with medians [32.2, 35.3, 34.7, 26.7, 26.2] (spread 9.1 ticks, 29.5%) -- averaging, widening whiskers to the union
  note: 82.9977 MiB (sequential) has 6 overlapping summary rows with medians [32.5, 31.9, 31.5, 27.2, 32.6, 35.4] (spread 8.2 ticks, 25.7%) -- averaging, widening whiskers to the union
  note: 1.00781 KiB (sequential) has 2 overlapping summary rows with medians [9.7, 6.3] (spread 3.4 ticks, 41.9%) -- averaging, widening whiskers to the union
  note: 1.02344 KiB (sequential) has 2 overlapping summary rows with medians [7.8, 9.6] (spread 1.8 ticks, 20.8%) -- averaging, widening whiskers to the union
  note: 1.03906 KiB (sequential) has 2 overlapping summary rows with medians [5.5, 9.7] (spread 4.1 ticks, 54.6%) -- averaging, widening whiskers to the union
  note: 1.05469 KiB (sequential) has 2 overlapping summary rows with medians [7.8, 5.8] (spread 2.0 ticks, 29.0%) -- averaging, widening whiskers to the union
  note: 1.07031 KiB (sequential) has 2 overlapping summary rows with medians [5.6, 9.7] (spread 4.1 ticks, 53.0%) -- averaging, widening whiskers to the union
  note: 1.10156 KiB (sequential) has 2 overlapping summary rows with medians [5.5, 9.6] (spread 4.1 ticks, 53.8%) -- averaging, widening whiskers to the union
  note: 1.11719 KiB (sequential) has 2 overlapping summary rows with medians [5.6, 8.3] (spread 2.8 ticks, 39.8%) -- averaging, widening whiskers to the union
  note: 1.13281 KiB (sequential) has 2 overlapping summary rows with medians [5.1, 9.6] (spread 4.5 ticks, 60.9%) -- averaging, widening whiskers to the union
  note: 1.17188 KiB (sequential) has 2 overlapping summary rows with medians [6.0, 9.0] (spread 3.0 ticks, 40.2%) -- averaging, widening whiskers to the union
  note: 1.20312 KiB (sequential) has 2 overlapping summary rows with medians [9.6, 5.1] (spread 4.5 ticks, 61.6%) -- averaging, widening whiskers to the union
  note: 1.25781 KiB (sequential) has 2 overlapping summary rows with medians [9.6, 6.5] (spread 3.2 ticks, 39.1%) -- averaging, widening whiskers to the union
  note: 1.3125 KiB (sequential) has 2 overlapping summary rows with medians [9.6, 7.7] (spread 1.9 ticks, 21.9%) -- averaging, widening whiskers to the union
  note: 1.32812 KiB (sequential) has 2 overlapping summary rows with medians [6.1, 9.6] (spread 3.5 ticks, 44.9%) -- averaging, widening whiskers to the union
  note: 1.35156 KiB (sequential) has 2 overlapping summary rows with medians [9.7, 6.3] (spread 3.3 ticks, 41.6%) -- averaging, widening whiskers to the union
  note: 1.39062 KiB (sequential) has 2 overlapping summary rows with medians [5.5, 9.6] (spread 4.1 ticks, 54.2%) -- averaging, widening whiskers to the union
  note: 1.42969 KiB (sequential) has 2 overlapping summary rows with medians [10.1, 5.1] (spread 5.0 ticks, 65.8%) -- averaging, widening whiskers to the union
  note: 1.45312 KiB (sequential) has 2 overlapping summary rows with medians [9.7, 5.5] (spread 4.2 ticks, 55.2%) -- averaging, widening whiskers to the union
  note: 1.47656 KiB (sequential) has 2 overlapping summary rows with medians [5.1, 9.6] (spread 4.5 ticks, 61.7%) -- averaging, widening whiskers to the union
  note: 1.51562 KiB (sequential) has 2 overlapping summary rows with medians [7.6, 5.5] (spread 2.2 ticks, 33.2%) -- averaging, widening whiskers to the union
  note: 1.60938 KiB (sequential) has 2 overlapping summary rows with medians [9.7, 5.5] (spread 4.2 ticks, 55.5%) -- averaging, widening whiskers to the union
  note: 1.63281 KiB (sequential) has 2 overlapping summary rows with medians [9.7, 5.7] (spread 4.0 ticks, 51.6%) -- averaging, widening whiskers to the union
  note: 1.65625 KiB (sequential) has 2 overlapping summary rows with medians [5.8, 9.6] (spread 3.7 ticks, 48.4%) -- averaging, widening whiskers to the union
  note: 1.70312 KiB (sequential) has 2 overlapping summary rows with medians [5.1, 9.7] (spread 4.6 ticks, 62.2%) -- averaging, widening whiskers to the union
  note: 1.72656 KiB (sequential) has 2 overlapping summary rows with medians [5.5, 9.6] (spread 4.2 ticks, 54.9%) -- averaging, widening whiskers to the union
  note: 1.80469 KiB (sequential) has 2 overlapping summary rows with medians [6.4, 9.7] (spread 3.2 ticks, 40.1%) -- averaging, widening whiskers to the union
  note: 1.85938 KiB (sequential) has 2 overlapping summary rows with medians [9.7, 5.5] (spread 4.2 ticks, 55.5%) -- averaging, widening whiskers to the union
  note: 1.88281 KiB (sequential) has 2 overlapping summary rows with medians [9.6, 5.5] (spread 4.1 ticks, 54.1%) -- averaging, widening whiskers to the union
  note: 1.91406 KiB (sequential) has 2 overlapping summary rows with medians [5.1, 9.6] (spread 4.5 ticks, 61.7%) -- averaging, widening whiskers to the union
  note: 1.9375 KiB (sequential) has 2 overlapping summary rows with medians [8.7, 5.1] (spread 3.6 ticks, 52.0%) -- averaging, widening whiskers to the union
  note: 2.05469 KiB (sequential) has 2 overlapping summary rows with medians [6.0, 7.7] (spread 1.7 ticks, 24.2%) -- averaging, widening whiskers to the union
  note: 2.08594 KiB (sequential) has 2 overlapping summary rows with medians [5.1, 9.6] (spread 4.5 ticks, 61.1%) -- averaging, widening whiskers to the union
  note: 2.14844 KiB (sequential) has 2 overlapping summary rows with medians [9.6, 6.1] (spread 3.5 ticks, 45.0%) -- averaging, widening whiskers to the union
  note: 2.24219 KiB (sequential) has 2 overlapping summary rows with medians [9.6, 5.1] (spread 4.5 ticks, 61.0%) -- averaging, widening whiskers to the union
  note: 2.27344 KiB (sequential) has 2 overlapping summary rows with medians [6.4, 9.6] (spread 3.2 ticks, 39.4%) -- averaging, widening whiskers to the union
  note: 2.30469 KiB (sequential) has 2 overlapping summary rows with medians [9.6, 5.9] (spread 3.7 ticks, 47.3%) -- averaging, widening whiskers to the union
  note: 2.34375 KiB (sequential) has 2 overlapping summary rows with medians [5.7, 8.9] (spread 3.2 ticks, 43.4%) -- averaging, widening whiskers to the union
  note: 2.40625 KiB (sequential) has 2 overlapping summary rows with medians [5.5, 9.6] (spread 4.1 ticks, 54.7%) -- averaging, widening whiskers to the union
  note: 2.44531 KiB (sequential) has 2 overlapping summary rows with medians [9.5, 7.7] (spread 1.9 ticks, 21.5%) -- averaging, widening whiskers to the union
  note: 2.74219 KiB (sequential) has 2 overlapping summary rows with medians [5.6, 9.7] (spread 4.2 ticks, 54.6%) -- averaging, widening whiskers to the union
  note: 2.86719 KiB (sequential) has 2 overlapping summary rows with medians [5.5, 10.1] (spread 4.6 ticks, 59.3%) -- averaging, widening whiskers to the union
  note: 2.95312 KiB (sequential) has 2 overlapping summary rows with medians [5.6, 7.7] (spread 2.1 ticks, 32.1%) -- averaging, widening whiskers to the union
  note: 2.99219 KiB (sequential) has 2 overlapping summary rows with medians [6.8, 9.6] (spread 2.7 ticks, 33.4%) -- averaging, widening whiskers to the union
  note: 3.21875 KiB (sequential) has 2 overlapping summary rows with medians [7.7, 9.8] (spread 2.1 ticks, 23.8%) -- averaging, widening whiskers to the union
  note: 3.46094 KiB (sequential) has 2 overlapping summary rows with medians [8.8, 5.5] (spread 3.4 ticks, 47.1%) -- averaging, widening whiskers to the union
  note: 3.50781 KiB (sequential) has 2 overlapping summary rows with medians [9.5, 5.1] (spread 4.5 ticks, 60.9%) -- averaging, widening whiskers to the union
  note: 3.60938 KiB (sequential) has 2 overlapping summary rows with medians [5.6, 9.6] (spread 4.0 ticks, 53.3%) -- averaging, widening whiskers to the union
  note: 3.71875 KiB (sequential) has 3 overlapping summary rows with medians [5.1, 9.6, 9.6] (spread 4.5 ticks, 55.9%) -- averaging, widening whiskers to the union
  note: 3.77344 KiB (sequential) has 3 overlapping summary rows with medians [9.6, 5.6, 7.4] (spread 4.0 ticks, 53.2%) -- averaging, widening whiskers to the union
  note: 3.82812 KiB (sequential) has 3 overlapping summary rows with medians [5.5, 5.1, 6.8] (spread 1.7 ticks, 30.0%) -- averaging, widening whiskers to the union
  note: 3.88281 KiB (sequential) has 3 overlapping summary rows with medians [5.9, 5.5, 9.5] (spread 4.0 ticks, 58.0%) -- averaging, widening whiskers to the union
  note: 3.9375 KiB (sequential) has 3 overlapping summary rows with medians [9.6, 6.1, 7.5] (spread 3.5 ticks, 45.3%) -- averaging, widening whiskers to the union
  note: 4.05469 KiB (sequential) has 3 overlapping summary rows with medians [9.6, 5.5, 9.6] (spread 4.1 ticks, 49.5%) -- averaging, widening whiskers to the union
  note: 4.11719 KiB (sequential) has 3 overlapping summary rows with medians [5.9, 9.6, 6.1] (spread 3.7 ticks, 50.7%) -- averaging, widening whiskers to the union
  note: 4.17188 KiB (sequential) has 3 overlapping summary rows with medians [9.6, 5.1, 5.9] (spread 4.5 ticks, 65.8%) -- averaging, widening whiskers to the union
  note: 4.23438 KiB (sequential) has 3 overlapping summary rows with medians [5.3, 9.5, 9.6] (spread 4.3 ticks, 52.9%) -- averaging, widening whiskers to the union
  note: 4.29688 KiB (sequential) has 3 overlapping summary rows with medians [9.6, 6.5, 5.1] (spread 4.5 ticks, 63.2%) -- averaging, widening whiskers to the union
  note: 4.42188 KiB (sequential) has 3 overlapping summary rows with medians [5.6, 9.6, 5.5] (spread 4.2 ticks, 60.3%) -- averaging, widening whiskers to the union
  note: 4.48438 KiB (sequential) has 3 overlapping summary rows with medians [5.5, 7.7, 5.1] (spread 2.6 ticks, 42.8%) -- averaging, widening whiskers to the union
  note: 4.55469 KiB (sequential) has 3 overlapping summary rows with medians [9.5, 5.8, 5.1] (spread 4.4 ticks, 64.9%) -- averaging, widening whiskers to the union
  note: 4.89062 KiB (sequential) has 3 overlapping summary rows with medians [9.6, 5.5, 9.6] (spread 4.2 ticks, 50.7%) -- averaging, widening whiskers to the union
  note: 4.96094 KiB (sequential) has 3 overlapping summary rows with medians [9.6, 6.7, 9.5] (spread 3.0 ticks, 34.3%) -- averaging, widening whiskers to the union
  note: 5.03906 KiB (sequential) has 3 overlapping summary rows with medians [5.6, 8.0, 9.6] (spread 3.9 ticks, 50.6%) -- averaging, widening whiskers to the union
  note: 5.10938 KiB (sequential) has 3 overlapping summary rows with medians [9.6, 5.5, 6.2] (spread 4.1 ticks, 57.9%) -- averaging, widening whiskers to the union
  note: 5.33594 KiB (sequential) has 3 overlapping summary rows with medians [5.1, 6.6, 5.6] (spread 1.5 ticks, 26.0%) -- averaging, widening whiskers to the union
  note: 5.41406 KiB (sequential) has 3 overlapping summary rows with medians [9.6, 6.9, 5.6] (spread 3.9 ticks, 53.5%) -- averaging, widening whiskers to the union
  note: 5.49219 KiB (sequential) has 3 overlapping summary rows with medians [9.6, 5.8, 9.5] (spread 3.8 ticks, 45.6%) -- averaging, widening whiskers to the union
  note: 5.57031 KiB (sequential) has 3 overlapping summary rows with medians [9.5, 6.4, 9.5] (spread 3.1 ticks, 36.4%) -- averaging, widening whiskers to the union
  note: 5.73438 KiB (sequential) has 3 overlapping summary rows with medians [7.7, 9.6, 5.5] (spread 4.2 ticks, 54.8%) -- averaging, widening whiskers to the union
  note: 5.82031 KiB (sequential) has 3 overlapping summary rows with medians [9.5, 5.5, 8.5] (spread 4.0 ticks, 51.7%) -- averaging, widening whiskers to the union
  note: 5.90625 KiB (sequential) has 3 overlapping summary rows with medians [5.5, 8.4, 9.6] (spread 4.1 ticks, 52.1%) -- averaging, widening whiskers to the union
  note: 5.99219 KiB (sequential) has 3 overlapping summary rows with medians [5.6, 9.6, 9.6] (spread 3.9 ticks, 47.6%) -- averaging, widening whiskers to the union
  note: 6.07812 KiB (sequential) has 3 overlapping summary rows with medians [9.6, 8.5, 6.6] (spread 3.0 ticks, 36.6%) -- averaging, widening whiskers to the union
  note: 6.4375 KiB (sequential) has 3 overlapping summary rows with medians [5.5, 9.5, 5.5] (spread 4.1 ticks, 59.6%) -- averaging, widening whiskers to the union
  note: 6.53125 KiB (sequential) has 3 overlapping summary rows with medians [6.0, 5.5, 9.6] (spread 4.1 ticks, 58.5%) -- averaging, widening whiskers to the union
  note: 6.625 KiB (sequential) has 3 overlapping summary rows with medians [5.5, 9.5, 9.6] (spread 4.1 ticks, 49.5%) -- averaging, widening whiskers to the union
  note: 6.82031 KiB (sequential) has 3 overlapping summary rows with medians [9.6, 9.6, 5.5] (spread 4.1 ticks, 49.8%) -- averaging, widening whiskers to the union
  note: 6.92188 KiB (sequential) has 3 overlapping summary rows with medians [9.6, 5.6, 5.6] (spread 3.9 ticks, 56.6%) -- averaging, widening whiskers to the union
  note: 7.02344 KiB (sequential) has 3 overlapping summary rows with medians [6.6, 6.0, 9.6] (spread 3.7 ticks, 49.5%) -- averaging, widening whiskers to the union
  note: 7.125 KiB (sequential) has 3 overlapping summary rows with medians [9.6, 9.6, 5.1] (spread 4.5 ticks, 55.9%) -- averaging, widening whiskers to the union
  note: 7.22656 KiB (sequential) has 3 overlapping summary rows with medians [5.1, 9.5, 9.6] (spread 4.5 ticks, 55.6%) -- averaging, widening whiskers to the union
  note: 7.54688 KiB (sequential) has 3 overlapping summary rows with medians [9.6, 5.7, 9.5] (spread 3.8 ticks, 46.4%) -- averaging, widening whiskers to the union
  note: 7.76562 KiB (sequential) has 3 overlapping summary rows with medians [9.7, 5.8, 6.3] (spread 3.9 ticks, 53.6%) -- averaging, widening whiskers to the union
  note: 7.88281 KiB (sequential) has 3 overlapping summary rows with medians [9.6, 6.4, 5.9] (spread 3.8 ticks, 51.9%) -- averaging, widening whiskers to the union
  note: 8.23438 KiB (sequential) has 3 overlapping summary rows with medians [9.7, 5.7, 5.1] (spread 4.6 ticks, 67.3%) -- averaging, widening whiskers to the union
  note: 8.35156 KiB (sequential) has 3 overlapping summary rows with medians [9.6, 5.8, 9.6] (spread 3.8 ticks, 46.0%) -- averaging, widening whiskers to the union
  note: 8.46875 KiB (sequential) has 3 overlapping summary rows with medians [9.6, 9.6, 7.7] (spread 1.9 ticks, 21.2%) -- averaging, widening whiskers to the union
  note: 8.59375 KiB (sequential) has 3 overlapping summary rows with medians [9.6, 9.5, 5.1] (spread 4.5 ticks, 55.7%) -- averaging, widening whiskers to the union
  note: 8.84375 KiB (sequential) has 3 overlapping summary rows with medians [5.5, 9.7, 9.6] (spread 4.2 ticks, 50.7%) -- averaging, widening whiskers to the union
  note: 8.97656 KiB (sequential) has 3 overlapping summary rows with medians [5.5, 5.7, 7.3] (spread 1.9 ticks, 30.0%) -- averaging, widening whiskers to the union
  note: 9.10938 KiB (sequential) has 3 overlapping summary rows with medians [5.1, 9.6, 5.1] (spread 4.5 ticks, 67.9%) -- averaging, widening whiskers to the union
  note: 9.24219 KiB (sequential) has 3 overlapping summary rows with medians [9.6, 5.1, 9.3] (spread 4.5 ticks, 56.3%) -- averaging, widening whiskers to the union
  note: 9.375 KiB (sequential) has 3 overlapping summary rows with medians [9.6, 6.0, 9.5] (spread 3.6 ticks, 43.3%) -- averaging, widening whiskers to the union
  note: 9.64844 KiB (sequential) has 3 overlapping summary rows with medians [9.5, 6.4, 5.9] (spread 3.7 ticks, 50.6%) -- averaging, widening whiskers to the union
  note: 10.0781 KiB (sequential) has 3 overlapping summary rows with medians [5.6, 5.1, 9.6] (spread 4.5 ticks, 66.8%) -- averaging, widening whiskers to the union
  note: 10.2188 KiB (sequential) has 3 overlapping summary rows with medians [5.1, 5.5, 9.6] (spread 4.5 ticks, 67.4%) -- averaging, widening whiskers to the union
  note: 10.5234 KiB (sequential) has 3 overlapping summary rows with medians [9.6, 5.8, 5.6] (spread 4.0 ticks, 57.3%) -- averaging, widening whiskers to the union
  note: 10.8281 KiB (sequential) has 3 overlapping summary rows with medians [8.5, 5.8, 5.7] (spread 2.8 ticks, 42.2%) -- averaging, widening whiskers to the union
  note: 10.9844 KiB (sequential) has 3 overlapping summary rows with medians [6.2, 9.6, 9.6] (spread 3.4 ticks, 40.5%) -- averaging, widening whiskers to the union
  note: 11.1484 KiB (sequential) has 3 overlapping summary rows with medians [9.5, 6.0, 9.6] (spread 3.7 ticks, 43.8%) -- averaging, widening whiskers to the union
  note: 11.4766 KiB (sequential) has 3 overlapping summary rows with medians [9.5, 5.4, 9.5] (spread 4.2 ticks, 51.4%) -- averaging, widening whiskers to the union
  note: 11.6406 KiB (sequential) has 3 overlapping summary rows with medians [9.6, 9.6, 5.5] (spread 4.1 ticks, 49.9%) -- averaging, widening whiskers to the union
  note: 11.8125 KiB (sequential) has 3 overlapping summary rows with medians [6.7, 7.0, 5.6] (spread 1.4 ticks, 22.6%) -- averaging, widening whiskers to the union
  note: 11.9844 KiB (sequential) has 3 overlapping summary rows with medians [5.5, 5.5, 9.1] (spread 3.6 ticks, 53.6%) -- averaging, widening whiskers to the union
  note: 12.1562 KiB (sequential) has 3 overlapping summary rows with medians [6.4, 9.6, 6.4] (spread 3.2 ticks, 42.8%) -- averaging, widening whiskers to the union
  note: 12.5156 KiB (sequential) has 3 overlapping summary rows with medians [7.7, 6.4, 6.0] (spread 1.7 ticks, 26.0%) -- averaging, widening whiskers to the union
  note: 12.6953 KiB (sequential) has 3 overlapping summary rows with medians [5.1, 9.6, 6.7] (spread 4.5 ticks, 63.1%) -- averaging, widening whiskers to the union
  note: 12.8828 KiB (sequential) has 3 overlapping summary rows with medians [5.6, 9.6, 9.5] (spread 4.0 ticks, 48.9%) -- averaging, widening whiskers to the union
  note: 13.2578 KiB (sequential) has 3 overlapping summary rows with medians [5.5, 9.5, 5.9] (spread 4.0 ticks, 57.0%) -- averaging, widening whiskers to the union
  note: 13.6484 KiB (sequential) has 2 overlapping summary rows with medians [6.2, 9.5] (spread 3.3 ticks, 41.5%) -- averaging, widening whiskers to the union
  note: 13.8438 KiB (sequential) has 2 overlapping summary rows with medians [6.4, 9.4] (spread 3.0 ticks, 37.9%) -- averaging, widening whiskers to the union
  note: 14.0469 KiB (sequential) has 2 overlapping summary rows with medians [6.7, 5.3] (spread 1.4 ticks, 23.6%) -- averaging, widening whiskers to the union
  note: 14.25 KiB (sequential) has 2 overlapping summary rows with medians [9.6, 6.2] (spread 3.4 ticks, 43.7%) -- averaging, widening whiskers to the union
  note: 15.3203 KiB (sequential) has 2 overlapping summary rows with medians [7.7, 6.3] (spread 1.5 ticks, 20.8%) -- averaging, widening whiskers to the union
  note: 16.2266 KiB (sequential) has 2 overlapping summary rows with medians [9.5, 6.2] (spread 3.3 ticks, 41.6%) -- averaging, widening whiskers to the union
  note: 18.2188 KiB (sequential) has 2 overlapping summary rows with medians [6.8, 5.5] (spread 1.3 ticks, 20.5%) -- averaging, widening whiskers to the union
  note: 18.75 KiB (sequential) has 2 overlapping summary rows with medians [9.6, 6.9] (spread 2.7 ticks, 32.8%) -- averaging, widening whiskers to the union
  note: 19.5781 KiB (sequential) has 2 overlapping summary rows with medians [9.6, 5.1] (spread 4.5 ticks, 60.9%) -- averaging, widening whiskers to the union
  note: 19.8672 KiB (sequential) has 2 overlapping summary rows with medians [5.5, 8.8] (spread 3.3 ticks, 46.2%) -- averaging, widening whiskers to the union
  note: 20.4453 KiB (sequential) has 2 overlapping summary rows with medians [9.5, 6.3] (spread 3.2 ticks, 41.0%) -- averaging, widening whiskers to the union
  note: 21.0469 KiB (sequential) has 2 overlapping summary rows with medians [6.3, 9.6] (spread 3.3 ticks, 41.3%) -- averaging, widening whiskers to the union
  note: 21.6641 KiB (sequential) has 2 overlapping summary rows with medians [8.5, 5.6] (spread 2.9 ticks, 40.8%) -- averaging, widening whiskers to the union
  note: 23.625 KiB (sequential) has 2 overlapping summary rows with medians [5.7, 9.6] (spread 3.9 ticks, 51.1%) -- averaging, widening whiskers to the union
  note: 23.9688 KiB (sequential) has 2 overlapping summary rows with medians [6.4, 9.6] (spread 3.2 ticks, 39.3%) -- averaging, widening whiskers to the union
  note: 25.0312 KiB (sequential) has 2 overlapping summary rows with medians [9.6, 7.8] (spread 1.8 ticks, 20.8%) -- averaging, widening whiskers to the union
  note: 25.3984 KiB (sequential) has 2 overlapping summary rows with medians [6.0, 7.8] (spread 1.7 ticks, 25.0%) -- averaging, widening whiskers to the union
  note: 25.7656 KiB (sequential) has 2 overlapping summary rows with medians [9.6, 5.7] (spread 3.9 ticks, 50.9%) -- averaging, widening whiskers to the union
  note: 26.5156 KiB (sequential) has 2 overlapping summary rows with medians [7.0, 9.6] (spread 2.6 ticks, 31.4%) -- averaging, widening whiskers to the union
  note: 756.133 KiB (sequential) has 2 overlapping summary rows with medians [7.1, 11.5] (spread 4.3 ticks, 46.7%) -- averaging, widening whiskers to the union
  note: 6.53566 MiB (sequential) has 5 overlapping summary rows with medians [12.5, 12.5, 12.7, 15.9, 12.8] (spread 3.4 ticks, 25.8%) -- averaging, widening whiskers to the union
  note: 8.23441 MiB (sequential) has 5 overlapping summary rows with medians [12.5, 12.6, 17.4, 12.6, 12.5] (spread 4.9 ticks, 36.3%) -- averaging, widening whiskers to the union
  note: 18.4856 MiB (sequential) has 4 overlapping summary rows with medians [12.4, 16.7, 12.4, 12.5] (spread 4.3 ticks, 31.7%) -- averaging, widening whiskers to the union
  note: 18.7545 MiB (sequential) has 4 overlapping summary rows with medians [12.4, 17.2, 12.4, 13.0] (spread 4.8 ticks, 34.6%) -- averaging, widening whiskers to the union
  note: 19.3041 MiB (sequential) has 4 overlapping summary rows with medians [12.4, 15.3, 12.5, 13.1] (spread 2.9 ticks, 21.9%) -- averaging, widening whiskers to the union
  note: 19.5849 MiB (sequential) has 4 overlapping summary rows with medians [12.7, 17.0, 12.6, 13.0] (spread 4.4 ticks, 31.8%) -- averaging, widening whiskers to the union
  note: 19.8697 MiB (sequential) has 4 overlapping summary rows with medians [12.5, 16.5, 12.6, 12.4] (spread 4.1 ticks, 30.1%) -- averaging, widening whiskers to the union
  note: 22.303 MiB (sequential) has 4 overlapping summary rows with medians [12.5, 13.3, 12.4, 15.3] (spread 2.8 ticks, 21.0%) -- averaging, widening whiskers to the union
  note: 31.089 MiB (sequential) has 4 overlapping summary rows with medians [16.1, 13.2, 14.8, 13.4] (spread 2.9 ticks, 20.5%) -- averaging, widening whiskers to the union
  note: 31.5412 MiB (sequential) has 4 overlapping summary rows with medians [21.5, 13.4, 13.8, 13.2] (spread 8.4 ticks, 54.1%) -- averaging, widening whiskers to the union
  note: 32.4654 MiB (sequential) has 4 overlapping summary rows with medians [17.4, 15.7, 12.9, 13.9] (spread 4.5 ticks, 30.3%) -- averaging, widening whiskers to the union
  note: 32.9377 MiB (sequential) has 4 overlapping summary rows with medians [18.3, 14.3, 12.9, 15.4] (spread 5.4 ticks, 35.4%) -- averaging, widening whiskers to the union
  note: 33.4168 MiB (sequential) has 4 overlapping summary rows with medians [16.2, 13.4, 13.4, 20.9] (spread 7.5 ticks, 46.9%) -- averaging, widening whiskers to the union
  note: 34.3959 MiB (sequential) has 4 overlapping summary rows with medians [16.9, 13.5, 14.1, 13.8] (spread 3.4 ticks, 23.1%) -- averaging, widening whiskers to the union
  note: 35.4038 MiB (sequential) has 4 overlapping summary rows with medians [14.3, 16.1, 13.4, 33.1] (spread 19.7 ticks, 102.7%) -- averaging, widening whiskers to the union
  note: 36.4412 MiB (sequential) has 4 overlapping summary rows with medians [14.5, 14.4, 13.1, 18.4] (spread 5.2 ticks, 34.7%) -- averaging, widening whiskers to the union
  note: 36.9713 MiB (sequential) has 4 overlapping summary rows with medians [16.4, 14.6, 13.4, 15.6] (spread 3.1 ticks, 20.4%) -- averaging, widening whiskers to the union
  note: 37.509 MiB (sequential) has 4 overlapping summary rows with medians [18.2, 14.4, 14.7, 14.7] (spread 3.8 ticks, 24.3%) -- averaging, widening whiskers to the union
  note: 39.1697 MiB (sequential) has 4 overlapping summary rows with medians [16.4, 23.1, 14.3, 17.4] (spread 8.8 ticks, 49.3%) -- averaging, widening whiskers to the union
  note: 39.7394 MiB (sequential) has 4 overlapping summary rows with medians [15.8, 20.5, 14.9, 14.8] (spread 5.7 ticks, 34.5%) -- averaging, widening whiskers to the union
  note: 40.3175 MiB (sequential) has 4 overlapping summary rows with medians [20.5, 19.8, 14.5, 14.5] (spread 6.0 ticks, 34.5%) -- averaging, widening whiskers to the union
  note: 40.9039 MiB (sequential) has 4 overlapping summary rows with medians [17.1, 20.0, 18.3, 27.7] (spread 10.6 ticks, 51.0%) -- averaging, widening whiskers to the union
  note: 42.1025 MiB (sequential) has 4 overlapping summary rows with medians [18.5, 17.0, 14.4, 28.1] (spread 13.7 ticks, 70.0%) -- averaging, widening whiskers to the union
  note: 42.7149 MiB (sequential) has 4 overlapping summary rows with medians [21.5, 17.1, 15.2, 28.5] (spread 13.4 ticks, 65.0%) -- averaging, widening whiskers to the union
  note: 43.3362 MiB (sequential) has 4 overlapping summary rows with medians [33.5, 18.4, 14.9, 25.5] (spread 18.5 ticks, 80.4%) -- averaging, widening whiskers to the union
  note: 43.9665 MiB (sequential) has 4 overlapping summary rows with medians [25.5, 22.5, 17.7, 20.5] (spread 7.8 ticks, 36.2%) -- averaging, widening whiskers to the union
  note: 44.606 MiB (sequential) has 4 overlapping summary rows with medians [22.0, 18.6, 16.7, 16.4] (spread 5.6 ticks, 30.3%) -- averaging, widening whiskers to the union
  note: 45.9131 MiB (sequential) has 4 overlapping summary rows with medians [26.6, 19.3, 15.7, 20.8] (spread 11.0 ticks, 53.2%) -- averaging, widening whiskers to the union
  note: 47.2584 MiB (sequential) has 4 overlapping summary rows with medians [27.2, 19.4, 18.0, 19.3] (spread 9.2 ticks, 43.8%) -- averaging, widening whiskers to the union
  note: 47.9458 MiB (sequential) has 4 overlapping summary rows with medians [23.9, 20.3, 16.3, 20.5] (spread 7.6 ticks, 37.5%) -- averaging, widening whiskers to the union
  note: 48.6432 MiB (sequential) has 4 overlapping summary rows with medians [20.5, 23.6, 16.1, 29.0] (spread 12.9 ticks, 57.9%) -- averaging, widening whiskers to the union
  note: 50.0686 MiB (sequential) has 4 overlapping summary rows with medians [21.5, 21.7, 18.5, 30.7] (spread 12.2 ticks, 52.9%) -- averaging, widening whiskers to the union
  note: 50.7968 MiB (sequential) has 4 overlapping summary rows with medians [21.7, 22.1, 16.5, 31.1] (spread 14.6 ticks, 64.1%) -- averaging, widening whiskers to the union
  note: 53.0458 MiB (sequential) has 4 overlapping summary rows with medians [20.4, 22.2, 19.9, 27.2] (spread 7.2 ticks, 32.3%) -- averaging, widening whiskers to the union
  note: 54.6002 MiB (sequential) has 4 overlapping summary rows with medians [21.3, 25.5, 27.3, 30.2] (spread 9.0 ticks, 34.4%) -- averaging, widening whiskers to the union
  note: 66.8335 MiB (sequential) has 4 overlapping summary rows with medians [27.1, 29.6, 23.0, 27.9] (spread 6.7 ticks, 24.8%) -- averaging, widening whiskers to the union
  note: 67.8056 MiB (sequential) has 4 overlapping summary rows with medians [33.1, 34.0, 25.6, 29.9] (spread 8.4 ticks, 27.4%) -- averaging, widening whiskers to the union
  note: 70.8076 MiB (sequential) has 4 overlapping summary rows with medians [35.6, 33.5, 25.6, 27.7] (spread 10.0 ticks, 32.8%) -- averaging, widening whiskers to the union
  note: 72.8825 MiB (sequential) has 4 overlapping summary rows with medians [35.3, 31.8, 25.7, 35.7] (spread 10.0 ticks, 31.1%) -- averaging, widening whiskers to the union
  note: 73.9426 MiB (sequential) has 4 overlapping summary rows with medians [35.4, 32.0, 25.9, 32.8] (spread 9.4 ticks, 29.9%) -- averaging, widening whiskers to the union
  note: 75.0181 MiB (sequential) has 4 overlapping summary rows with medians [34.1, 31.5, 24.7, 32.3] (spread 9.4 ticks, 30.6%) -- averaging, widening whiskers to the union
  note: 79.4789 MiB (sequential) has 5 overlapping summary rows with medians [29.9, 31.3, 26.0, 28.0, 35.8] (spread 9.7 ticks, 32.2%) -- averaging, widening whiskers to the union
  note: 80.6349 MiB (sequential) has 5 overlapping summary rows with medians [33.4, 30.7, 27.9, 31.0, 35.0] (spread 7.1 ticks, 22.5%) -- averaging, widening whiskers to the union
  note: 86.6723 MiB (sequential) has 5 overlapping summary rows with medians [32.7, 35.1, 27.3, 35.1, 34.6] (spread 7.7 ticks, 23.5%) -- averaging, widening whiskers to the union
  note: 89.212 MiB (sequential) has 5 overlapping summary rows with medians [34.7, 32.5, 25.2, 32.9, 31.5] (spread 9.5 ticks, 30.2%) -- averaging, widening whiskers to the union
  note: 106.092 MiB (sequential) has 5 overlapping summary rows with medians [33.8, 32.8, 27.9, 34.8, 34.8] (spread 6.9 ticks, 20.9%) -- averaging, widening whiskers to the union
  note: 35.9188 MiB (sequential) has 3 overlapping summary rows with medians [16.3, 13.0, 28.5] (spread 15.5 ticks, 80.4%) -- averaging, widening whiskers to the union
  note: 64.9309 MiB (sequential) has 3 overlapping summary rows with medians [32.0, 25.0, 34.6] (spread 9.6 ticks, 31.5%) -- averaging, widening whiskers to the union
  note: 68.7919 MiB (sequential) has 3 overlapping summary rows with medians [30.6, 22.9, 26.2] (spread 7.7 ticks, 29.1%) -- averaging, widening whiskers to the union
  note: 71.8376 MiB (sequential) has 3 overlapping summary rows with medians [33.5, 25.1, 32.0] (spread 8.3 ticks, 27.6%) -- averaging, widening whiskers to the union
  note: 98.7015 MiB (sequential) has 4 overlapping summary rows with medians [32.2, 26.6, 34.2, 35.8] (spread 9.1 ticks, 28.4%) -- averaging, widening whiskers to the union
Wrote data_processed/artemisia/capacity/plots/capacity_curve.pdf and .png
Wrote data_processed/artemisia/capacity/plots/capacity_boxplots.pdf and .png
== done ==
== plots: data_processed/artemisia/capacity/plots/capacity_curve.{png,pdf}, data_processed/artemisia/capacity/plots/capacity_boxplots.{png,pdf} ==
== detected boundaries (bytes): 1720 3440 30048 2097152 3234248 33554432 39903168 ==
== record in data_raw/artemisia/README.md: core=20, seed=12345, samples=1000000, timestamp=20260909T160641Z ==
== full transcript saved to: data_raw/artemisia/capacity/run_capacity_full_20260909T160641Z.log ==
