== run_capacity_full: machine=artemisia core=23 coarse_max=67108864 seed=12345 ==
== timestamp=20260908T220941Z ==
-- coarse sweep 1024-67108864 bytes --
  wrote 129002 lines -> data_raw/artemisia/capacity/capacity_coarse_random_20260908T220941Z.csv
  wrote 129002 lines -> data_raw/artemisia/capacity/capacity_coarse_sequential_20260908T220941Z.csv
Wrote 129 summary rows to data_processed/artemisia/capacity/coarse_random_summary.csv
Wrote 129 summary rows to data_processed/artemisia/capacity/coarse_sequential_summary.csv
-- tail-extension sweep 67108864-268435456 bytes --
  wrote 17002 lines -> data_raw/artemisia/capacity/capacity_coarse_ext_random_20260908T220941Z.csv
  wrote 17002 lines -> data_raw/artemisia/capacity/capacity_coarse_ext_sequential_20260908T220941Z.csv
Wrote 17 summary rows to data_processed/artemisia/capacity/coarse_ext_random_summary.csv
Wrote 17 summary rows to data_processed/artemisia/capacity/coarse_ext_sequential_summary.csv
-- detected boundaries (bytes): 16384 30048 2097152 3234248 15384768 23726560 56431600 --
-- dense sweep around boundary 16384 bytes: 2048-131072 --
  wrote 289002 lines -> data_raw/artemisia/capacity/capacity_dense0_random_20260908T220941Z.csv
  wrote 289002 lines -> data_raw/artemisia/capacity/capacity_dense0_sequential_20260908T220941Z.csv
Wrote 289 summary rows to data_processed/artemisia/capacity/dense0_random_summary.csv
Wrote 289 summary rows to data_processed/artemisia/capacity/dense0_sequential_summary.csv
-- dense sweep around boundary 30048 bytes: 3756-240384 --
  wrote 289002 lines -> data_raw/artemisia/capacity/capacity_dense1_random_20260908T220941Z.csv
  wrote 289002 lines -> data_raw/artemisia/capacity/capacity_dense1_sequential_20260908T220941Z.csv
Wrote 289 summary rows to data_processed/artemisia/capacity/dense1_random_summary.csv
Wrote 289 summary rows to data_processed/artemisia/capacity/dense1_sequential_summary.csv
-- dense sweep around boundary 2097152 bytes: 262144-16777216 --
  wrote 289002 lines -> data_raw/artemisia/capacity/capacity_dense2_random_20260908T220941Z.csv
  wrote 289002 lines -> data_raw/artemisia/capacity/capacity_dense2_sequential_20260908T220941Z.csv
Wrote 289 summary rows to data_processed/artemisia/capacity/dense2_random_summary.csv
Wrote 289 summary rows to data_processed/artemisia/capacity/dense2_sequential_summary.csv
-- dense sweep around boundary 3234248 bytes: 404281-25873984 --
  wrote 289002 lines -> data_raw/artemisia/capacity/capacity_dense3_random_20260908T220941Z.csv
  wrote 289002 lines -> data_raw/artemisia/capacity/capacity_dense3_sequential_20260908T220941Z.csv
Wrote 289 summary rows to data_processed/artemisia/capacity/dense3_random_summary.csv
Wrote 289 summary rows to data_processed/artemisia/capacity/dense3_sequential_summary.csv
-- dense sweep around boundary 15384768 bytes: 1923096-123078144 --
  wrote 289002 lines -> data_raw/artemisia/capacity/capacity_dense4_random_20260908T220941Z.csv
  wrote 289002 lines -> data_raw/artemisia/capacity/capacity_dense4_sequential_20260908T220941Z.csv
Wrote 289 summary rows to data_processed/artemisia/capacity/dense4_random_summary.csv
Wrote 289 summary rows to data_processed/artemisia/capacity/dense4_sequential_summary.csv
-- dense sweep around boundary 23726560 bytes: 2965820-189812480 --
  wrote 289002 lines -> data_raw/artemisia/capacity/capacity_dense5_random_20260908T220941Z.csv
  wrote 289002 lines -> data_raw/artemisia/capacity/capacity_dense5_sequential_20260908T220941Z.csv
Wrote 289 summary rows to data_processed/artemisia/capacity/dense5_random_summary.csv
Wrote 289 summary rows to data_processed/artemisia/capacity/dense5_sequential_summary.csv
-- dense sweep around boundary 56431600 bytes: 7053950-268435456 --
  wrote 253002 lines -> data_raw/artemisia/capacity/capacity_dense6_random_20260908T220941Z.csv
  wrote 253002 lines -> data_raw/artemisia/capacity/capacity_dense6_sequential_20260908T220941Z.csv
Wrote 253 summary rows to data_processed/artemisia/capacity/dense6_random_summary.csv
Wrote 253 summary rows to data_processed/artemisia/capacity/dense6_sequential_summary.csv
  -- repeat 1/2 of deepest boundary's dense window --
  wrote 253002 lines -> data_raw/artemisia/capacity/capacity_dense6_rep1_random_20260908T220941Z.csv
  wrote 253002 lines -> data_raw/artemisia/capacity/capacity_dense6_rep1_sequential_20260908T220941Z.csv
Wrote 253 summary rows to data_processed/artemisia/capacity/dense6_rep1_random_summary.csv
Wrote 253 summary rows to data_processed/artemisia/capacity/dense6_rep1_sequential_summary.csv
  -- repeat 2/2 of deepest boundary's dense window --
  wrote 253002 lines -> data_raw/artemisia/capacity/capacity_dense6_rep2_random_20260908T220941Z.csv
  wrote 253002 lines -> data_raw/artemisia/capacity/capacity_dense6_rep2_sequential_20260908T220941Z.csv
Wrote 253 summary rows to data_processed/artemisia/capacity/dense6_rep2_random_summary.csv
Wrote 253 summary rows to data_processed/artemisia/capacity/dense6_rep2_sequential_summary.csv
-- dense sweep past deepest boundary, checking for a further plateau: 112863200-268435456 --
  wrote 61002 lines -> data_raw/artemisia/capacity/capacity_denseTail_random_20260908T220941Z.csv
  wrote 61002 lines -> data_raw/artemisia/capacity/capacity_denseTail_sequential_20260908T220941Z.csv
Wrote 61 summary rows to data_processed/artemisia/capacity/denseTail_random_summary.csv
Wrote 61 summary rows to data_processed/artemisia/capacity/denseTail_sequential_summary.csv
-- generating plots --
  note: 2 KiB (random) has 2 overlapping summary rows with medians [9.6, 5.8] (spread 3.8 ticks, 49.2%) -- averaging, widening whiskers to the union
  note: 2.17969 KiB (random) has 2 overlapping summary rows with medians [6.3, 9.6] (spread 3.3 ticks, 41.7%) -- averaging, widening whiskers to the union
  note: 2.59375 KiB (random) has 2 overlapping summary rows with medians [5.7, 9.6] (spread 3.9 ticks, 50.7%) -- averaging, widening whiskers to the union
  note: 2.82812 KiB (random) has 2 overlapping summary rows with medians [6.9, 9.6] (spread 2.6 ticks, 32.0%) -- averaging, widening whiskers to the union
  note: 3.07812 KiB (random) has 2 overlapping summary rows with medians [8.5, 5.8] (spread 2.7 ticks, 37.6%) -- averaging, widening whiskers to the union
  note: 3.35938 KiB (random) has 2 overlapping summary rows with medians [6.4, 9.5] (spread 3.1 ticks, 38.9%) -- averaging, widening whiskers to the union
  note: 3.66406 KiB (random) has 3 overlapping summary rows with medians [6.1, 5.5, 9.6] (spread 4.1 ticks, 58.2%) -- averaging, widening whiskers to the union
  note: 4.35938 KiB (random) has 3 overlapping summary rows with medians [5.9, 5.1, 7.8] (spread 2.7 ticks, 42.6%) -- averaging, widening whiskers to the union
  note: 5.1875 KiB (random) has 3 overlapping summary rows with medians [5.5, 9.0, 9.6] (spread 4.1 ticks, 51.4%) -- averaging, widening whiskers to the union
  note: 5.65625 KiB (random) has 3 overlapping summary rows with medians [6.9, 5.1, 5.5] (spread 1.8 ticks, 30.6%) -- averaging, widening whiskers to the union
  note: 6.16406 KiB (random) has 3 overlapping summary rows with medians [6.5, 5.1, 5.5] (spread 1.4 ticks, 24.1%) -- averaging, widening whiskers to the union
  note: 6.72656 KiB (random) has 3 overlapping summary rows with medians [7.1, 9.6, 7.8] (spread 2.4 ticks, 29.9%) -- averaging, widening whiskers to the union
  note: 7.33594 KiB (random) has 3 overlapping summary rows with medians [9.6, 5.5, 5.6] (spread 4.1 ticks, 59.3%) -- averaging, widening whiskers to the union
  note: 8.71875 KiB (random) has 3 overlapping summary rows with medians [5.6, 9.7, 5.1] (spread 4.6 ticks, 67.5%) -- averaging, widening whiskers to the union
  note: 9.50781 KiB (random) has 3 overlapping summary rows with medians [9.6, 9.6, 5.1] (spread 4.5 ticks, 55.5%) -- averaging, widening whiskers to the union
  note: 10.375 KiB (random) has 3 overlapping summary rows with medians [9.6, 5.8, 9.6] (spread 3.8 ticks, 45.3%) -- averaging, widening whiskers to the union
  note: 11.3125 KiB (random) has 3 overlapping summary rows with medians [9.6, 5.1, 9.7] (spread 4.6 ticks, 56.5%) -- averaging, widening whiskers to the union
  note: 12.3359 KiB (random) has 3 overlapping summary rows with medians [6.3, 5.1, 9.7] (spread 4.6 ticks, 65.8%) -- averaging, widening whiskers to the union
  note: 13.4531 KiB (random) has 3 overlapping summary rows with medians [5.5, 9.6, 7.7] (spread 4.1 ticks, 54.4%) -- averaging, widening whiskers to the union
  note: 14.6719 KiB (random) has 3 overlapping summary rows with medians [7.4, 5.1, 5.1] (spread 2.3 ticks, 39.6%) -- averaging, widening whiskers to the union
  note: 16 KiB (random) has 3 overlapping summary rows with medians [5.5, 9.7, 5.1] (spread 4.6 ticks, 67.7%) -- averaging, widening whiskers to the union
  note: 17.4453 KiB (random) has 3 overlapping summary rows with medians [9.5, 5.5, 9.7] (spread 4.2 ticks, 51.4%) -- averaging, widening whiskers to the union
  note: 19.0234 KiB (random) has 3 overlapping summary rows with medians [9.6, 5.1, 5.8] (spread 4.5 ticks, 66.1%) -- averaging, widening whiskers to the union
  note: 20.7422 KiB (random) has 3 overlapping summary rows with medians [5.1, 9.6, 9.6] (spread 4.5 ticks, 55.9%) -- averaging, widening whiskers to the union
  note: 22.625 KiB (random) has 3 overlapping summary rows with medians [9.6, 5.5, 9.6] (spread 4.1 ticks, 49.9%) -- averaging, widening whiskers to the union
  note: 24.6719 KiB (random) has 3 overlapping summary rows with medians [5.7, 9.7, 5.1] (spread 4.6 ticks, 67.4%) -- averaging, widening whiskers to the union
  note: 26.9062 KiB (random) has 3 overlapping summary rows with medians [9.6, 5.1, 5.1] (spread 4.5 ticks, 68.4%) -- averaging, widening whiskers to the union
  note: 29.3438 KiB (random) has 3 overlapping summary rows with medians [5.9, 9.6, 5.9] (spread 3.8 ticks, 52.6%) -- averaging, widening whiskers to the union
  note: 32 KiB (random) has 3 overlapping summary rows with medians [9.6, 5.5, 9.6] (spread 4.1 ticks, 49.6%) -- averaging, widening whiskers to the union
  note: 34.8906 KiB (random) has 3 overlapping summary rows with medians [8.5, 6.0, 9.7] (spread 3.7 ticks, 46.0%) -- averaging, widening whiskers to the union
  note: 38.0547 KiB (random) has 2 overlapping summary rows with medians [9.6, 5.1] (spread 4.4 ticks, 60.2%) -- averaging, widening whiskers to the union
  note: 41.4922 KiB (random) has 3 overlapping summary rows with medians [5.6, 9.7, 9.7] (spread 4.2 ticks, 50.1%) -- averaging, widening whiskers to the union
  note: 45.25 KiB (random) has 3 overlapping summary rows with medians [6.2, 9.7, 5.2] (spread 4.5 ticks, 64.0%) -- averaging, widening whiskers to the union
  note: 19.0273 MiB (random) has 4 overlapping summary rows with medians [103.6, 81.9, 93.8, 81.1] (spread 22.5 ticks, 24.9%) -- averaging, widening whiskers to the union
  note: 20.7494 MiB (random) has 4 overlapping summary rows with medians [104.8, 79.8, 109.6, 81.2] (spread 29.8 ticks, 31.7%) -- averaging, widening whiskers to the union
  note: 22.6274 MiB (random) has 5 overlapping summary rows with medians [202.6, 109.7, 110.1, 109.0, 116.8] (spread 93.6 ticks, 72.2%) -- averaging, widening whiskers to the union
  note: 24.6754 MiB (random) has 4 overlapping summary rows with medians [143.6, 132.5, 90.4, 114.3] (spread 53.1 ticks, 44.2%) -- averaging, widening whiskers to the union
  note: 26.9087 MiB (random) has 4 overlapping summary rows with medians [153.8, 187.5, 112.4, 90.3] (spread 97.2 ticks, 71.5%) -- averaging, widening whiskers to the union
  note: 29.3441 MiB (random) has 4 overlapping summary rows with medians [183.3, 103.6, 162.1, 92.0] (spread 91.3 ticks, 67.5%) -- averaging, widening whiskers to the union
  note: 41.4989 MiB (random) has 4 overlapping summary rows with medians [195.5, 127.6, 193.4, 128.4] (spread 67.9 ticks, 42.1%) -- averaging, widening whiskers to the union
  note: 45.2548 MiB (random) has 4 overlapping summary rows with medians [180.4, 230.3, 132.9, 231.0] (spread 98.1 ticks, 50.6%) -- averaging, widening whiskers to the union
  note: 53.8174 MiB (random) has 4 overlapping summary rows with medians [228.8, 230.4, 239.1, 189.7] (spread 49.4 ticks, 22.3%) -- averaging, widening whiskers to the union
  note: 58.6883 MiB (random) has 4 overlapping summary rows with medians [251.1, 237.9, 254.2, 199.4] (spread 54.9 ticks, 23.3%) -- averaging, widening whiskers to the union
  note: 3.9375 KiB (random) has 2 overlapping summary rows with medians [5.1, 9.7] (spread 4.6 ticks, 61.9%) -- averaging, widening whiskers to the union
  note: 4.11719 KiB (random) has 2 overlapping summary rows with medians [5.5, 7.7] (spread 2.3 ticks, 34.3%) -- averaging, widening whiskers to the union
  note: 4.17188 KiB (random) has 2 overlapping summary rows with medians [5.1, 9.6] (spread 4.5 ticks, 61.5%) -- averaging, widening whiskers to the union
  note: 4.23438 KiB (random) has 2 overlapping summary rows with medians [9.6, 5.5] (spread 4.1 ticks, 54.4%) -- averaging, widening whiskers to the union
  note: 4.29688 KiB (random) has 2 overlapping summary rows with medians [9.6, 6.0] (spread 3.7 ticks, 46.8%) -- averaging, widening whiskers to the union
  note: 4.42188 KiB (random) has 2 overlapping summary rows with medians [9.6, 5.5] (spread 4.1 ticks, 54.7%) -- averaging, widening whiskers to the union
  note: 4.55469 KiB (random) has 2 overlapping summary rows with medians [9.6, 5.1] (spread 4.5 ticks, 61.6%) -- averaging, widening whiskers to the union
  note: 5.10938 KiB (random) has 2 overlapping summary rows with medians [6.0, 9.6] (spread 3.6 ticks, 45.9%) -- averaging, widening whiskers to the union
  note: 5.49219 KiB (random) has 2 overlapping summary rows with medians [7.7, 5.9] (spread 1.8 ticks, 26.2%) -- averaging, widening whiskers to the union
  note: 5.73438 KiB (random) has 2 overlapping summary rows with medians [9.7, 5.5] (spread 4.2 ticks, 54.8%) -- averaging, widening whiskers to the union
  note: 5.82031 KiB (random) has 2 overlapping summary rows with medians [9.7, 5.5] (spread 4.1 ticks, 54.4%) -- averaging, widening whiskers to the union
  note: 5.99219 KiB (random) has 2 overlapping summary rows with medians [7.7, 9.7] (spread 2.0 ticks, 23.1%) -- averaging, widening whiskers to the union
  note: 6.25781 KiB (random) has 2 overlapping summary rows with medians [5.1, 7.7] (spread 2.6 ticks, 40.4%) -- averaging, widening whiskers to the union
  note: 6.4375 KiB (random) has 2 overlapping summary rows with medians [5.6, 9.6] (spread 4.1 ticks, 53.6%) -- averaging, widening whiskers to the union
  note: 6.82031 KiB (random) has 2 overlapping summary rows with medians [5.1, 9.6] (spread 4.5 ticks, 61.6%) -- averaging, widening whiskers to the union
  note: 7.22656 KiB (random) has 2 overlapping summary rows with medians [9.7, 5.1] (spread 4.6 ticks, 62.0%) -- averaging, widening whiskers to the union
  note: 7.4375 KiB (random) has 2 overlapping summary rows with medians [9.7, 5.6] (spread 4.1 ticks, 53.3%) -- averaging, widening whiskers to the union
  note: 7.54688 KiB (random) has 2 overlapping summary rows with medians [9.7, 5.1] (spread 4.6 ticks, 62.6%) -- averaging, widening whiskers to the union
  note: 7.65625 KiB (random) has 2 overlapping summary rows with medians [5.1, 9.7] (spread 4.6 ticks, 61.9%) -- averaging, widening whiskers to the union
  note: 7.76562 KiB (random) has 2 overlapping summary rows with medians [5.1, 9.7] (spread 4.6 ticks, 62.1%) -- averaging, widening whiskers to the union
  note: 8.10938 KiB (random) has 2 overlapping summary rows with medians [5.5, 9.7] (spread 4.2 ticks, 55.2%) -- averaging, widening whiskers to the union
  note: 8.23438 KiB (random) has 2 overlapping summary rows with medians [9.7, 5.1] (spread 4.6 ticks, 62.1%) -- averaging, widening whiskers to the union
  note: 8.35156 KiB (random) has 2 overlapping summary rows with medians [9.6, 5.1] (spread 4.5 ticks, 61.0%) -- averaging, widening whiskers to the union
  note: 8.46875 KiB (random) has 2 overlapping summary rows with medians [5.7, 9.7] (spread 4.0 ticks, 51.4%) -- averaging, widening whiskers to the union
  note: 8.84375 KiB (random) has 2 overlapping summary rows with medians [9.6, 5.8] (spread 3.8 ticks, 48.9%) -- averaging, widening whiskers to the union
  note: 8.97656 KiB (random) has 2 overlapping summary rows with medians [9.7, 5.5] (spread 4.2 ticks, 55.4%) -- averaging, widening whiskers to the union
  note: 9.10938 KiB (random) has 2 overlapping summary rows with medians [7.7, 5.7] (spread 2.0 ticks, 29.8%) -- averaging, widening whiskers to the union
  note: 10.9844 KiB (random) has 2 overlapping summary rows with medians [6.3, 9.7] (spread 3.4 ticks, 42.1%) -- averaging, widening whiskers to the union
  note: 11.4766 KiB (random) has 2 overlapping summary rows with medians [9.7, 5.1] (spread 4.6 ticks, 62.5%) -- averaging, widening whiskers to the union
  note: 11.6406 KiB (random) has 2 overlapping summary rows with medians [9.7, 5.5] (spread 4.2 ticks, 55.5%) -- averaging, widening whiskers to the union
  note: 11.8125 KiB (random) has 2 overlapping summary rows with medians [5.1, 9.6] (spread 4.5 ticks, 61.5%) -- averaging, widening whiskers to the union
  note: 11.9844 KiB (random) has 2 overlapping summary rows with medians [5.9, 9.7] (spread 3.8 ticks, 49.1%) -- averaging, widening whiskers to the union
  note: 12.1562 KiB (random) has 2 overlapping summary rows with medians [5.5, 9.5] (spread 4.0 ticks, 52.6%) -- averaging, widening whiskers to the union
  note: 12.6953 KiB (random) has 2 overlapping summary rows with medians [5.1, 9.7] (spread 4.6 ticks, 62.2%) -- averaging, widening whiskers to the union
  note: 13.0703 KiB (random) has 2 overlapping summary rows with medians [5.4, 9.6] (spread 4.2 ticks, 56.3%) -- averaging, widening whiskers to the union
  note: 13.6484 KiB (random) has 2 overlapping summary rows with medians [9.6, 6.0] (spread 3.6 ticks, 46.7%) -- averaging, widening whiskers to the union
  note: 13.8438 KiB (random) has 2 overlapping summary rows with medians [5.6, 9.6] (spread 4.0 ticks, 53.1%) -- averaging, widening whiskers to the union
  note: 14.0469 KiB (random) has 2 overlapping summary rows with medians [9.7, 5.1] (spread 4.6 ticks, 62.3%) -- averaging, widening whiskers to the union
  note: 14.4609 KiB (random) has 2 overlapping summary rows with medians [5.5, 9.7] (spread 4.2 ticks, 55.1%) -- averaging, widening whiskers to the union
  note: 15.1016 KiB (random) has 2 overlapping summary rows with medians [5.5, 9.7] (spread 4.2 ticks, 55.2%) -- averaging, widening whiskers to the union
  note: 15.3203 KiB (random) has 2 overlapping summary rows with medians [5.1, 9.6] (spread 4.5 ticks, 61.2%) -- averaging, widening whiskers to the union
  note: 15.5391 KiB (random) has 2 overlapping summary rows with medians [5.1, 9.7] (spread 4.6 ticks, 62.0%) -- averaging, widening whiskers to the union
  note: 16.4688 KiB (random) has 2 overlapping summary rows with medians [5.5, 9.7] (spread 4.2 ticks, 55.1%) -- averaging, widening whiskers to the union
  note: 17.6953 KiB (random) has 2 overlapping summary rows with medians [5.9, 9.5] (spread 3.6 ticks, 46.7%) -- averaging, widening whiskers to the union
  note: 17.9531 KiB (random) has 2 overlapping summary rows with medians [5.6, 9.6] (spread 4.0 ticks, 52.9%) -- averaging, widening whiskers to the union
  note: 18.4844 KiB (random) has 2 overlapping summary rows with medians [9.7, 5.1] (spread 4.5 ticks, 61.7%) -- averaging, widening whiskers to the union
  note: 19.2969 KiB (random) has 2 overlapping summary rows with medians [6.2, 9.7] (spread 3.4 ticks, 42.9%) -- averaging, widening whiskers to the union
  note: 19.8672 KiB (random) has 2 overlapping summary rows with medians [9.7, 5.6] (spread 4.1 ticks, 53.7%) -- averaging, widening whiskers to the union
  note: 21.6641 KiB (random) has 2 overlapping summary rows with medians [6.1, 9.7] (spread 3.6 ticks, 45.8%) -- averaging, widening whiskers to the union
  note: 22.2969 KiB (random) has 2 overlapping summary rows with medians [5.5, 7.7] (spread 2.2 ticks, 33.5%) -- averaging, widening whiskers to the union
  note: 22.9531 KiB (random) has 2 overlapping summary rows with medians [5.1, 9.7] (spread 4.6 ticks, 61.8%) -- averaging, widening whiskers to the union
  note: 23.2891 KiB (random) has 2 overlapping summary rows with medians [9.5, 5.5] (spread 4.0 ticks, 53.6%) -- averaging, widening whiskers to the union
  note: 23.9688 KiB (random) has 2 overlapping summary rows with medians [5.1, 9.6] (spread 4.5 ticks, 61.5%) -- averaging, widening whiskers to the union
  note: 24.3203 KiB (random) has 2 overlapping summary rows with medians [9.6, 5.5] (spread 4.2 ticks, 55.2%) -- averaging, widening whiskers to the union
  note: 25.0312 KiB (random) has 2 overlapping summary rows with medians [9.5, 5.5] (spread 4.0 ticks, 53.8%) -- averaging, widening whiskers to the union
  note: 25.7656 KiB (random) has 2 overlapping summary rows with medians [10.1, 5.1] (spread 5.0 ticks, 65.8%) -- averaging, widening whiskers to the union
  note: 27.2969 KiB (random) has 2 overlapping summary rows with medians [9.6, 5.6] (spread 4.0 ticks, 53.0%) -- averaging, widening whiskers to the union
  note: 27.6953 KiB (random) has 2 overlapping summary rows with medians [9.7, 5.1] (spread 4.6 ticks, 62.1%) -- averaging, widening whiskers to the union
  note: 28.5078 KiB (random) has 2 overlapping summary rows with medians [5.1, 9.6] (spread 4.6 ticks, 61.8%) -- averaging, widening whiskers to the union
  note: 28.9219 KiB (random) has 2 overlapping summary rows with medians [5.1, 9.6] (spread 4.5 ticks, 61.6%) -- averaging, widening whiskers to the union
  note: 30.2031 KiB (random) has 2 overlapping summary rows with medians [5.5, 10.1] (spread 4.6 ticks, 59.7%) -- averaging, widening whiskers to the union
  note: 30.6406 KiB (random) has 2 overlapping summary rows with medians [5.1, 9.7] (spread 4.6 ticks, 61.9%) -- averaging, widening whiskers to the union
  note: 31.0859 KiB (random) has 2 overlapping summary rows with medians [5.4, 9.6] (spread 4.3 ticks, 56.9%) -- averaging, widening whiskers to the union
  note: 31.5391 KiB (random) has 2 overlapping summary rows with medians [5.1, 9.7] (spread 4.6 ticks, 62.3%) -- averaging, widening whiskers to the union
  note: 32.9375 KiB (random) has 2 overlapping summary rows with medians [5.7, 9.7] (spread 4.0 ticks, 52.3%) -- averaging, widening whiskers to the union
  note: 34.3906 KiB (random) has 2 overlapping summary rows with medians [6.1, 9.6] (spread 3.5 ticks, 44.3%) -- averaging, widening whiskers to the union
  note: 36.9688 KiB (random) has 2 overlapping summary rows with medians [5.8, 9.7] (spread 3.8 ticks, 49.2%) -- averaging, widening whiskers to the union
  note: 37.5078 KiB (random) has 2 overlapping summary rows with medians [7.6, 5.5] (spread 2.1 ticks, 32.1%) -- averaging, widening whiskers to the union
  note: 39.1641 KiB (random) has 2 overlapping summary rows with medians [5.9, 9.7] (spread 3.8 ticks, 48.4%) -- averaging, widening whiskers to the union
  note: 39.7344 KiB (random) has 2 overlapping summary rows with medians [9.7, 5.1] (spread 4.5 ticks, 61.1%) -- averaging, widening whiskers to the union
  note: 40.3125 KiB (random) has 2 overlapping summary rows with medians [9.8, 5.5] (spread 4.3 ticks, 55.8%) -- averaging, widening whiskers to the union
  note: 42.7109 KiB (random) has 2 overlapping summary rows with medians [6.8, 9.7] (spread 2.9 ticks, 35.6%) -- averaging, widening whiskers to the union
  note: 44.6016 KiB (random) has 2 overlapping summary rows with medians [5.6, 9.7] (spread 4.1 ticks, 53.7%) -- averaging, widening whiskers to the union
  note: 47.2578 KiB (random) has 2 overlapping summary rows with medians [9.7, 5.2] (spread 4.5 ticks, 60.0%) -- averaging, widening whiskers to the union
  note: 48.6406 KiB (random) has 2 overlapping summary rows with medians [9.9, 5.4] (spread 4.6 ticks, 59.5%) -- averaging, widening whiskers to the union
  note: 4.42548 MiB (random) has 3 overlapping summary rows with medians [43.9, 53.5, 43.9] (spread 9.6 ticks, 20.5%) -- averaging, widening whiskers to the union
  note: 4.48985 MiB (random) has 3 overlapping summary rows with medians [44.1, 55.0, 44.3] (spread 10.9 ticks, 22.9%) -- averaging, widening whiskers to the union
  note: 10.5256 MiB (random) has 3 overlapping summary rows with medians [68.0, 54.9, 68.6] (spread 13.7 ticks, 21.5%) -- averaging, widening whiskers to the union
  note: 10.6787 MiB (random) has 3 overlapping summary rows with medians [68.3, 55.2, 69.0] (spread 13.8 ticks, 21.4%) -- averaging, widening whiskers to the union
  note: 19.0273 MiB (random) has 2 overlapping summary rows with medians [109.6, 77.6] (spread 32.0 ticks, 34.2%) -- averaging, widening whiskers to the union
  note: 19.5848 MiB (random) has 2 overlapping summary rows with medians [101.4, 81.0] (spread 20.5 ticks, 22.4%) -- averaging, widening whiskers to the union
  note: 19.8697 MiB (random) has 2 overlapping summary rows with medians [97.7, 78.6] (spread 19.1 ticks, 21.7%) -- averaging, widening whiskers to the union
  note: 20.7494 MiB (random) has 2 overlapping summary rows with medians [131.3, 79.3] (spread 52.0 ticks, 49.4%) -- averaging, widening whiskers to the union
  note: 21.9832 MiB (random) has 2 overlapping summary rows with medians [88.2, 116.4] (spread 28.2 ticks, 27.6%) -- averaging, widening whiskers to the union
  note: 22.303 MiB (random) has 2 overlapping summary rows with medians [80.3, 103.8] (spread 23.5 ticks, 25.5%) -- averaging, widening whiskers to the union
  note: 22.9565 MiB (random) has 2 overlapping summary rows with medians [82.0, 162.5] (spread 80.6 ticks, 65.9%) -- averaging, widening whiskers to the union
  note: 23.9729 MiB (random) has 2 overlapping summary rows with medians [88.2, 122.3] (spread 34.1 ticks, 32.4%) -- averaging, widening whiskers to the union
  note: 24.3216 MiB (random) has 2 overlapping summary rows with medians [84.6, 142.1] (spread 57.5 ticks, 50.7%) -- averaging, widening whiskers to the union
  note: 24.6754 MiB (random) has 2 overlapping summary rows with medians [83.1, 136.2] (spread 53.1 ticks, 48.4%) -- averaging, widening whiskers to the union
  note: 25.0343 MiB (random) has 2 overlapping summary rows with medians [83.3, 121.3] (spread 38.0 ticks, 37.1%) -- averaging, widening whiskers to the union
  note: 26.5229 MiB (random) has 2 overlapping summary rows with medians [151.6, 65.2] (spread 86.4 ticks, 79.7%) -- averaging, widening whiskers to the union
  note: 28.1 MiB (random) has 2 overlapping summary rows with medians [181.6, 88.9] (spread 92.7 ticks, 68.6%) -- averaging, widening whiskers to the union
  note: 29.3441 MiB (random) has 2 overlapping summary rows with medians [188.0, 90.5] (spread 97.5 ticks, 70.0%) -- averaging, widening whiskers to the union
  note: 29.7709 MiB (random) has 2 overlapping summary rows with medians [187.7, 96.3] (spread 91.5 ticks, 64.4%) -- averaging, widening whiskers to the union
  note: 30.204 MiB (random) has 2 overlapping summary rows with medians [121.0, 163.6] (spread 42.6 ticks, 30.0%) -- averaging, widening whiskers to the union
  note: 32 MiB (random) has 2 overlapping summary rows with medians [97.9, 249.1] (spread 151.2 ticks, 87.1%) -- averaging, widening whiskers to the union
  note: 35.4038 MiB (random) has 2 overlapping summary rows with medians [183.2, 96.3] (spread 86.9 ticks, 62.2%) -- averaging, widening whiskers to the union
  note: 35.9188 MiB (random) has 2 overlapping summary rows with medians [191.9, 120.9] (spread 71.0 ticks, 45.4%) -- averaging, widening whiskers to the union
  note: 20.1587 MiB (random) has 4 overlapping summary rows with medians [81.5, 79.8, 126.3, 81.7] (spread 46.5 ticks, 50.4%) -- averaging, widening whiskers to the union
  note: 21.3574 MiB (random) has 4 overlapping summary rows with medians [105.9, 81.4, 111.1, 93.4] (spread 29.7 ticks, 30.3%) -- averaging, widening whiskers to the union
  note: 21.6681 MiB (random) has 4 overlapping summary rows with medians [98.9, 84.3, 102.9, 158.2] (spread 73.9 ticks, 66.5%) -- averaging, widening whiskers to the union
  note: 23.6292 MiB (random) has 4 overlapping summary rows with medians [104.9, 146.4, 82.2, 118.2] (spread 64.2 ticks, 56.9%) -- averaging, widening whiskers to the union
  note: 25.7678 MiB (random) has 4 overlapping summary rows with medians [106.3, 164.9, 89.2, 148.5] (spread 75.6 ticks, 59.4%) -- averaging, widening whiskers to the union
  note: 26.1426 MiB (random) has 4 overlapping summary rows with medians [107.0, 162.0, 99.1, 99.0] (spread 63.0 ticks, 54.0%) -- averaging, widening whiskers to the union
  note: 28.5088 MiB (random) has 4 overlapping summary rows with medians [108.7, 109.3, 167.5, 85.7] (spread 81.8 ticks, 69.4%) -- averaging, widening whiskers to the union
  note: 31.5412 MiB (random) has 4 overlapping summary rows with medians [247.9, 260.0, 99.3, 183.5] (spread 160.7 ticks, 81.3%) -- averaging, widening whiskers to the union
  note: 17.9594 MiB (random) has 3 overlapping summary rows with medians [83.8, 102.0, 77.5] (spread 24.5 ticks, 27.9%) -- averaging, widening whiskers to the union
  note: 18.4856 MiB (random) has 3 overlapping summary rows with medians [58.4, 95.2, 77.9] (spread 36.8 ticks, 47.7%) -- averaging, widening whiskers to the union
  note: 21.0512 MiB (random) has 3 overlapping summary rows with medians [123.3, 101.0, 79.6] (spread 43.7 ticks, 43.2%) -- averaging, widening whiskers to the union
  note: 21.9833 MiB (random) has 3 overlapping summary rows with medians [81.8, 100.0, 167.8] (spread 86.0 ticks, 73.8%) -- averaging, widening whiskers to the union
  note: 22.303 MiB (random) has 3 overlapping summary rows with medians [84.1, 117.8, 179.7] (spread 95.7 ticks, 75.2%) -- averaging, widening whiskers to the union
  note: 23.9729 MiB (random) has 3 overlapping summary rows with medians [124.0, 89.7, 130.0] (spread 40.2 ticks, 35.1%) -- averaging, widening whiskers to the union
  note: 24.3216 MiB (random) has 3 overlapping summary rows with medians [119.3, 85.3, 115.0] (spread 33.9 ticks, 31.9%) -- averaging, widening whiskers to the union
  note: 25.0343 MiB (random) has 3 overlapping summary rows with medians [150.4, 85.3, 116.8] (spread 65.1 ticks, 55.4%) -- averaging, widening whiskers to the union
  note: 25.3984 MiB (random) has 3 overlapping summary rows with medians [170.4, 83.3, 123.2] (spread 87.0 ticks, 69.3%) -- averaging, widening whiskers to the union
  note: 26.5229 MiB (random) has 3 overlapping summary rows with medians [173.6, 134.3, 94.1] (spread 79.5 ticks, 59.3%) -- averaging, widening whiskers to the union
  note: 27.3001 MiB (random) has 3 overlapping summary rows with medians [91.9, 229.7, 154.9] (spread 137.9 ticks, 86.8%) -- averaging, widening whiskers to the union
  note: 27.6972 MiB (random) has 3 overlapping summary rows with medians [100.3, 170.3, 118.9] (spread 69.9 ticks, 53.9%) -- averaging, widening whiskers to the union
  note: 28.1 MiB (random) has 3 overlapping summary rows with medians [96.2, 159.8, 110.2] (spread 63.6 ticks, 52.1%) -- averaging, widening whiskers to the union
  note: 28.9234 MiB (random) has 3 overlapping summary rows with medians [91.6, 173.9, 115.6] (spread 82.3 ticks, 64.8%) -- averaging, widening whiskers to the union
  note: 29.7709 MiB (random) has 3 overlapping summary rows with medians [110.0, 159.9, 101.7] (spread 58.2 ticks, 47.0%) -- averaging, widening whiskers to the union
  note: 30.204 MiB (random) has 3 overlapping summary rows with medians [110.9, 146.0, 149.5] (spread 38.6 ticks, 28.5%) -- averaging, widening whiskers to the union
  note: 31.089 MiB (random) has 3 overlapping summary rows with medians [248.7, 97.7, 167.4] (spread 151.0 ticks, 88.2%) -- averaging, widening whiskers to the union
  note: 32 MiB (random) has 3 overlapping summary rows with medians [157.6, 99.9, 157.9] (spread 58.0 ticks, 41.9%) -- averaging, widening whiskers to the union
  note: 32.4654 MiB (random) has 3 overlapping summary rows with medians [171.0, 94.9, 151.3] (spread 76.1 ticks, 54.7%) -- averaging, widening whiskers to the union
  note: 32.9377 MiB (random) has 3 overlapping summary rows with medians [202.3, 90.4, 186.7] (spread 111.9 ticks, 70.0%) -- averaging, widening whiskers to the union
  note: 33.4168 MiB (random) has 3 overlapping summary rows with medians [168.6, 118.9, 163.8] (spread 49.8 ticks, 33.1%) -- averaging, widening whiskers to the union
  note: 33.9028 MiB (random) has 3 overlapping summary rows with medians [173.9, 117.2, 182.5] (spread 65.3 ticks, 41.4%) -- averaging, widening whiskers to the union
  note: 34.3959 MiB (random) has 3 overlapping summary rows with medians [114.2, 176.0, 117.5] (spread 61.8 ticks, 45.4%) -- averaging, widening whiskers to the union
  note: 34.8962 MiB (random) has 3 overlapping summary rows with medians [153.2, 170.1, 131.1] (spread 39.0 ticks, 25.7%) -- averaging, widening whiskers to the union
  note: 35.4038 MiB (random) has 3 overlapping summary rows with medians [156.2, 183.8, 117.4] (spread 66.4 ticks, 43.6%) -- averaging, widening whiskers to the union
  note: 35.9188 MiB (random) has 3 overlapping summary rows with medians [112.8, 187.0, 105.7] (spread 81.3 ticks, 60.1%) -- averaging, widening whiskers to the union
  note: 36.4412 MiB (random) has 3 overlapping summary rows with medians [124.3, 239.5, 110.5] (spread 129.0 ticks, 81.6%) -- averaging, widening whiskers to the union
  note: 36.9713 MiB (random) has 3 overlapping summary rows with medians [116.2, 226.5, 123.9] (spread 110.4 ticks, 71.0%) -- averaging, widening whiskers to the union
  note: 38.0546 MiB (random) has 3 overlapping summary rows with medians [191.2, 147.1, 208.9] (spread 61.8 ticks, 33.9%) -- averaging, widening whiskers to the union
  note: 39.1697 MiB (random) has 3 overlapping summary rows with medians [227.2, 114.5, 231.4] (spread 117.0 ticks, 61.2%) -- averaging, widening whiskers to the union
  note: 39.7394 MiB (random) has 3 overlapping summary rows with medians [216.4, 154.7, 192.7] (spread 61.6 ticks, 32.8%) -- averaging, widening whiskers to the union
  note: 40.3175 MiB (random) has 3 overlapping summary rows with medians [190.9, 105.5, 189.6] (spread 85.4 ticks, 52.7%) -- averaging, widening whiskers to the union
  note: 40.9039 MiB (random) has 3 overlapping summary rows with medians [166.0, 198.1, 162.5] (spread 35.7 ticks, 20.3%) -- averaging, widening whiskers to the union
  note: 42.1025 MiB (random) has 3 overlapping summary rows with medians [153.1, 197.2, 114.9] (spread 82.3 ticks, 53.1%) -- averaging, widening whiskers to the union
  note: 42.7149 MiB (random) has 3 overlapping summary rows with medians [131.7, 192.0, 136.2] (spread 60.3 ticks, 39.3%) -- averaging, widening whiskers to the union
  note: 43.9665 MiB (random) has 3 overlapping summary rows with medians [208.0, 152.7, 227.1] (spread 74.4 ticks, 38.0%) -- averaging, widening whiskers to the union
  note: 44.606 MiB (random) has 3 overlapping summary rows with medians [197.8, 195.3, 254.5] (spread 59.2 ticks, 27.4%) -- averaging, widening whiskers to the union
  note: 45.9131 MiB (random) has 3 overlapping summary rows with medians [231.7, 152.4, 219.5] (spread 79.3 ticks, 39.4%) -- averaging, widening whiskers to the union
  note: 46.5809 MiB (random) has 3 overlapping summary rows with medians [197.9, 214.0, 165.4] (spread 48.5 ticks, 25.2%) -- averaging, widening whiskers to the union
  note: 47.2584 MiB (random) has 3 overlapping summary rows with medians [162.5, 239.9, 158.5] (spread 81.3 ticks, 43.5%) -- averaging, widening whiskers to the union
  note: 47.9458 MiB (random) has 3 overlapping summary rows with medians [223.2, 221.7, 177.3] (spread 45.8 ticks, 22.1%) -- averaging, widening whiskers to the union
  note: 48.6432 MiB (random) has 3 overlapping summary rows with medians [219.0, 242.4, 139.4] (spread 103.1 ticks, 51.5%) -- averaging, widening whiskers to the union
  note: 49.3507 MiB (random) has 3 overlapping summary rows with medians [239.8, 184.7, 227.5] (spread 55.0 ticks, 25.3%) -- averaging, widening whiskers to the union
  note: 50.0686 MiB (random) has 3 overlapping summary rows with medians [237.8, 148.2, 225.1] (spread 89.7 ticks, 44.0%) -- averaging, widening whiskers to the union
  note: 50.7968 MiB (random) has 3 overlapping summary rows with medians [260.6, 200.1, 232.9] (spread 60.4 ticks, 26.1%) -- averaging, widening whiskers to the union
  note: 53.0458 MiB (random) has 3 overlapping summary rows with medians [176.4, 230.5, 178.2] (spread 54.1 ticks, 27.7%) -- averaging, widening whiskers to the union
  note: 54.6002 MiB (random) has 3 overlapping summary rows with medians [220.9, 173.1, 246.4] (spread 73.3 ticks, 34.3%) -- averaging, widening whiskers to the union
  note: 56.2001 MiB (random) has 3 overlapping summary rows with medians [233.8, 169.7, 255.1] (spread 85.4 ticks, 38.9%) -- averaging, widening whiskers to the union
  note: 57.0175 MiB (random) has 3 overlapping summary rows with medians [166.5, 240.2, 208.7] (spread 73.7 ticks, 35.9%) -- averaging, widening whiskers to the union
  note: 61.2866 MiB (random) has 3 overlapping summary rows with medians [241.6, 205.6, 257.2] (spread 51.6 ticks, 22.0%) -- averaging, widening whiskers to the union
  note: 62.178 MiB (random) has 3 overlapping summary rows with medians [177.5, 253.6, 188.6] (spread 76.1 ticks, 36.9%) -- averaging, widening whiskers to the union
  note: 68.7919 MiB (random) has 3 overlapping summary rows with medians [274.7, 210.5, 240.9] (spread 64.2 ticks, 26.5%) -- averaging, widening whiskers to the union
  note: 75.0181 MiB (random) has 3 overlapping summary rows with medians [258.3, 206.0, 275.6] (spread 69.5 ticks, 28.2%) -- averaging, widening whiskers to the union
  note: 85.4297 MiB (random) has 3 overlapping summary rows with medians [224.1, 271.3, 206.0] (spread 65.3 ticks, 27.9%) -- averaging, widening whiskers to the union
  note: 2.375 KiB (sequential) has 2 overlapping summary rows with medians [6.5, 5.1] (spread 1.4 ticks, 24.0%) -- averaging, widening whiskers to the union
  note: 2.82812 KiB (sequential) has 2 overlapping summary rows with medians [9.5, 5.5] (spread 4.0 ticks, 53.4%) -- averaging, widening whiskers to the union
  note: 3.07812 KiB (sequential) has 2 overlapping summary rows with medians [10.1, 5.5] (spread 4.6 ticks, 59.1%) -- averaging, widening whiskers to the union
  note: 3.35938 KiB (sequential) has 2 overlapping summary rows with medians [7.7, 5.8] (spread 1.9 ticks, 28.0%) -- averaging, widening whiskers to the union
  note: 3.66406 KiB (sequential) has 3 overlapping summary rows with medians [9.5, 9.6, 5.7] (spread 4.0 ticks, 47.9%) -- averaging, widening whiskers to the union
  note: 4 KiB (sequential) has 3 overlapping summary rows with medians [9.7, 9.6, 5.1] (spread 4.6 ticks, 56.1%) -- averaging, widening whiskers to the union
  note: 4.35938 KiB (sequential) has 3 overlapping summary rows with medians [5.1, 10.1, 5.1] (spread 5.0 ticks, 74.1%) -- averaging, widening whiskers to the union
  note: 4.75 KiB (sequential) has 3 overlapping summary rows with medians [6.4, 5.1, 5.1] (spread 1.3 ticks, 23.9%) -- averaging, widening whiskers to the union
  note: 5.1875 KiB (sequential) has 3 overlapping summary rows with medians [6.5, 9.7, 5.1] (spread 4.6 ticks, 64.9%) -- averaging, widening whiskers to the union
  note: 5.65625 KiB (sequential) has 3 overlapping summary rows with medians [6.0, 10.1, 9.7] (spread 4.1 ticks, 47.8%) -- averaging, widening whiskers to the union
  note: 6.16406 KiB (sequential) has 3 overlapping summary rows with medians [5.8, 5.5, 7.7] (spread 2.2 ticks, 34.2%) -- averaging, widening whiskers to the union
  note: 6.72656 KiB (sequential) has 3 overlapping summary rows with medians [9.6, 5.5, 5.1] (spread 4.5 ticks, 66.7%) -- averaging, widening whiskers to the union
  note: 7.33594 KiB (sequential) has 3 overlapping summary rows with medians [9.6, 7.7, 5.1] (spread 4.5 ticks, 59.8%) -- averaging, widening whiskers to the union
  note: 8 KiB (sequential) has 3 overlapping summary rows with medians [6.8, 5.4, 9.7] (spread 4.3 ticks, 58.8%) -- averaging, widening whiskers to the union
  note: 8.71875 KiB (sequential) has 3 overlapping summary rows with medians [5.9, 7.6, 9.6] (spread 3.7 ticks, 47.8%) -- averaging, widening whiskers to the union
  note: 10.375 KiB (sequential) has 3 overlapping summary rows with medians [9.5, 9.7, 5.5] (spread 4.2 ticks, 51.1%) -- averaging, widening whiskers to the union
  note: 11.3125 KiB (sequential) has 3 overlapping summary rows with medians [9.6, 7.6, 9.6] (spread 2.1 ticks, 23.4%) -- averaging, widening whiskers to the union
  note: 12.3359 KiB (sequential) has 3 overlapping summary rows with medians [5.1, 5.1, 9.7] (spread 4.6 ticks, 68.9%) -- averaging, widening whiskers to the union
  note: 13.4531 KiB (sequential) has 3 overlapping summary rows with medians [9.6, 7.7, 9.6] (spread 1.9 ticks, 21.6%) -- averaging, widening whiskers to the union
  note: 14.6719 KiB (sequential) has 3 overlapping summary rows with medians [5.5, 5.8, 10.1] (spread 4.6 ticks, 64.3%) -- averaging, widening whiskers to the union
  note: 16 KiB (sequential) has 3 overlapping summary rows with medians [9.5, 9.6, 5.5] (spread 4.1 ticks, 50.5%) -- averaging, widening whiskers to the union
  note: 17.4453 KiB (sequential) has 3 overlapping summary rows with medians [7.2, 9.6, 5.9] (spread 3.7 ticks, 48.8%) -- averaging, widening whiskers to the union
  note: 19.0234 KiB (sequential) has 3 overlapping summary rows with medians [5.6, 9.7, 9.6] (spread 4.1 ticks, 49.1%) -- averaging, widening whiskers to the union
  note: 20.7422 KiB (sequential) has 3 overlapping summary rows with medians [5.5, 9.6, 5.1] (spread 4.5 ticks, 67.1%) -- averaging, widening whiskers to the union
  note: 22.625 KiB (sequential) has 3 overlapping summary rows with medians [9.6, 9.6, 7.8] (spread 1.9 ticks, 20.7%) -- averaging, widening whiskers to the union
  note: 24.6719 KiB (sequential) has 3 overlapping summary rows with medians [8.0, 5.1, 9.5] (spread 4.4 ticks, 58.6%) -- averaging, widening whiskers to the union
  note: 26.9062 KiB (sequential) has 3 overlapping summary rows with medians [7.4, 9.7, 9.7] (spread 2.3 ticks, 25.9%) -- averaging, widening whiskers to the union
  note: 29.3438 KiB (sequential) has 3 overlapping summary rows with medians [5.6, 5.1, 9.6] (spread 4.5 ticks, 66.4%) -- averaging, widening whiskers to the union
  note: 32 KiB (sequential) has 3 overlapping summary rows with medians [6.8, 5.5, 5.1] (spread 1.7 ticks, 29.2%) -- averaging, widening whiskers to the union
  note: 34.8906 KiB (sequential) has 3 overlapping summary rows with medians [5.8, 9.8, 5.5] (spread 4.2 ticks, 59.8%) -- averaging, widening whiskers to the union
  note: 38.0547 KiB (sequential) has 2 overlapping summary rows with medians [5.1, 9.7] (spread 4.5 ticks, 61.5%) -- averaging, widening whiskers to the union
  note: 2 MiB (sequential) has 2 overlapping summary rows with medians [8.6, 6.6] (spread 2.0 ticks, 26.1%) -- averaging, widening whiskers to the union
  note: 10.3747 MiB (sequential) has 7 overlapping summary rows with medians [12.7, 12.5, 12.5, 12.6, 12.4, 12.5, 17.8] (spread 5.4 ticks, 40.7%) -- averaging, widening whiskers to the union
  note: 17.4481 MiB (sequential) has 4 overlapping summary rows with medians [14.1, 16.9, 12.5, 12.7] (spread 4.4 ticks, 31.3%) -- averaging, widening whiskers to the union
  note: 20.7494 MiB (sequential) has 4 overlapping summary rows with medians [18.5, 14.2, 12.5, 23.8] (spread 11.2 ticks, 65.1%) -- averaging, widening whiskers to the union
  note: 22.6274 MiB (sequential) has 5 overlapping summary rows with medians [20.7, 16.9, 21.7, 12.7, 34.5] (spread 21.8 ticks, 102.6%) -- averaging, widening whiskers to the union
  note: 24.6754 MiB (sequential) has 4 overlapping summary rows with medians [23.7, 21.4, 13.0, 35.5] (spread 22.5 ticks, 96.0%) -- averaging, widening whiskers to the union
  note: 26.9087 MiB (sequential) has 4 overlapping summary rows with medians [25.8, 26.7, 13.0, 33.7] (spread 20.8 ticks, 83.8%) -- averaging, widening whiskers to the union
  note: 29.3441 MiB (sequential) has 4 overlapping summary rows with medians [27.9, 34.0, 12.7, 34.7] (spread 22.0 ticks, 80.4%) -- averaging, widening whiskers to the union
  note: 45.2548 MiB (sequential) has 4 overlapping summary rows with medians [33.4, 28.8, 34.3, 35.8] (spread 7.0 ticks, 21.1%) -- averaging, widening whiskers to the union
  note: 58.6883 MiB (sequential) has 4 overlapping summary rows with medians [32.8, 34.9, 25.7, 35.6] (spread 9.9 ticks, 30.9%) -- averaging, widening whiskers to the union
  note: 3.77344 KiB (sequential) has 2 overlapping summary rows with medians [5.1, 9.7] (spread 4.6 ticks, 61.8%) -- averaging, widening whiskers to the union
  note: 3.82812 KiB (sequential) has 2 overlapping summary rows with medians [5.5, 9.6] (spread 4.2 ticks, 55.1%) -- averaging, widening whiskers to the union
  note: 3.9375 KiB (sequential) has 2 overlapping summary rows with medians [5.9, 9.6] (spread 3.8 ticks, 48.8%) -- averaging, widening whiskers to the union
  note: 4.05469 KiB (sequential) has 2 overlapping summary rows with medians [5.5, 9.6] (spread 4.1 ticks, 54.7%) -- averaging, widening whiskers to the union
  note: 4.11719 KiB (sequential) has 2 overlapping summary rows with medians [5.5, 9.6] (spread 4.1 ticks, 54.5%) -- averaging, widening whiskers to the union
  note: 4.23438 KiB (sequential) has 2 overlapping summary rows with medians [9.7, 5.5] (spread 4.1 ticks, 54.5%) -- averaging, widening whiskers to the union
  note: 4.42188 KiB (sequential) has 2 overlapping summary rows with medians [9.7, 5.8] (spread 3.9 ticks, 50.7%) -- averaging, widening whiskers to the union
  note: 4.55469 KiB (sequential) has 2 overlapping summary rows with medians [5.5, 9.7] (spread 4.2 ticks, 55.6%) -- averaging, widening whiskers to the union
  note: 4.6875 KiB (sequential) has 2 overlapping summary rows with medians [9.7, 5.5] (spread 4.1 ticks, 54.8%) -- averaging, widening whiskers to the union
  note: 4.82031 KiB (sequential) has 2 overlapping summary rows with medians [5.1, 9.8] (spread 4.7 ticks, 62.8%) -- averaging, widening whiskers to the union
  note: 4.89062 KiB (sequential) has 2 overlapping summary rows with medians [9.7, 5.6] (spread 4.1 ticks, 54.1%) -- averaging, widening whiskers to the union
  note: 5.25781 KiB (sequential) has 2 overlapping summary rows with medians [7.7, 9.6] (spread 1.9 ticks, 22.1%) -- averaging, widening whiskers to the union
  note: 5.49219 KiB (sequential) has 2 overlapping summary rows with medians [5.1, 9.7] (spread 4.6 ticks, 62.3%) -- averaging, widening whiskers to the union
  note: 5.73438 KiB (sequential) has 2 overlapping summary rows with medians [9.7, 5.1] (spread 4.6 ticks, 62.2%) -- averaging, widening whiskers to the union
  note: 5.82031 KiB (sequential) has 2 overlapping summary rows with medians [5.6, 9.7] (spread 4.1 ticks, 54.0%) -- averaging, widening whiskers to the union
  note: 5.90625 KiB (sequential) has 2 overlapping summary rows with medians [5.6, 9.6] (spread 4.0 ticks, 52.6%) -- averaging, widening whiskers to the union
  note: 5.99219 KiB (sequential) has 2 overlapping summary rows with medians [5.6, 9.6] (spread 4.0 ticks, 52.7%) -- averaging, widening whiskers to the union
  note: 6.25781 KiB (sequential) has 2 overlapping summary rows with medians [5.5, 9.7] (spread 4.1 ticks, 54.7%) -- averaging, widening whiskers to the union
  note: 6.4375 KiB (sequential) has 2 overlapping summary rows with medians [6.4, 5.1] (spread 1.3 ticks, 22.0%) -- averaging, widening whiskers to the union
  note: 6.625 KiB (sequential) has 2 overlapping summary rows with medians [5.5, 9.5] (spread 4.1 ticks, 54.2%) -- averaging, widening whiskers to the union
  note: 7.02344 KiB (sequential) has 2 overlapping summary rows with medians [9.6, 5.1] (spread 4.5 ticks, 61.4%) -- averaging, widening whiskers to the union
  note: 7.125 KiB (sequential) has 2 overlapping summary rows with medians [5.1, 9.7] (spread 4.6 ticks, 62.7%) -- averaging, widening whiskers to the union
  note: 7.22656 KiB (sequential) has 2 overlapping summary rows with medians [5.1, 9.6] (spread 4.5 ticks, 61.5%) -- averaging, widening whiskers to the union
  note: 7.4375 KiB (sequential) has 2 overlapping summary rows with medians [9.6, 5.1] (spread 4.5 ticks, 61.7%) -- averaging, widening whiskers to the union
  note: 7.65625 KiB (sequential) has 2 overlapping summary rows with medians [9.6, 5.1] (spread 4.5 ticks, 61.5%) -- averaging, widening whiskers to the union
  note: 8.23438 KiB (sequential) has 2 overlapping summary rows with medians [9.7, 5.1] (spread 4.6 ticks, 62.2%) -- averaging, widening whiskers to the union
  note: 8.35156 KiB (sequential) has 2 overlapping summary rows with medians [9.7, 5.6] (spread 4.1 ticks, 53.9%) -- averaging, widening whiskers to the union
  note: 8.46875 KiB (sequential) has 2 overlapping summary rows with medians [9.7, 5.4] (spread 4.3 ticks, 57.1%) -- averaging, widening whiskers to the union
  note: 8.97656 KiB (sequential) has 2 overlapping summary rows with medians [5.1, 9.7] (spread 4.6 ticks, 61.9%) -- averaging, widening whiskers to the union
  note: 9.64844 KiB (sequential) has 2 overlapping summary rows with medians [9.6, 5.1] (spread 4.5 ticks, 61.1%) -- averaging, widening whiskers to the union
  note: 9.78906 KiB (sequential) has 2 overlapping summary rows with medians [10.1, 5.1] (spread 5.0 ticks, 65.7%) -- averaging, widening whiskers to the union
  note: 10.0781 KiB (sequential) has 2 overlapping summary rows with medians [5.5, 9.7] (spread 4.2 ticks, 55.4%) -- averaging, widening whiskers to the union
  note: 10.8281 KiB (sequential) has 2 overlapping summary rows with medians [9.6, 7.8] (spread 1.8 ticks, 20.1%) -- averaging, widening whiskers to the union
  note: 11.6406 KiB (sequential) has 2 overlapping summary rows with medians [5.9, 9.6] (spread 3.6 ticks, 46.9%) -- averaging, widening whiskers to the union
  note: 11.9844 KiB (sequential) has 2 overlapping summary rows with medians [5.1, 9.6] (spread 4.5 ticks, 61.4%) -- averaging, widening whiskers to the union
  note: 12.1562 KiB (sequential) has 2 overlapping summary rows with medians [5.8, 10.1] (spread 4.3 ticks, 53.7%) -- averaging, widening whiskers to the union
  note: 12.8828 KiB (sequential) has 2 overlapping summary rows with medians [9.7, 5.1] (spread 4.6 ticks, 62.2%) -- averaging, widening whiskers to the union
  note: 13.0703 KiB (sequential) has 2 overlapping summary rows with medians [5.6, 9.6] (spread 4.0 ticks, 53.1%) -- averaging, widening whiskers to the union
  note: 13.6484 KiB (sequential) has 2 overlapping summary rows with medians [5.5, 9.7] (spread 4.3 ticks, 56.0%) -- averaging, widening whiskers to the union
  note: 13.8438 KiB (sequential) has 2 overlapping summary rows with medians [7.6, 5.1] (spread 2.5 ticks, 39.9%) -- averaging, widening whiskers to the union
  note: 14.0469 KiB (sequential) has 2 overlapping summary rows with medians [5.8, 10.1] (spread 4.3 ticks, 53.5%) -- averaging, widening whiskers to the union
  note: 14.4609 KiB (sequential) has 2 overlapping summary rows with medians [5.6, 9.6] (spread 4.0 ticks, 52.3%) -- averaging, widening whiskers to the union
  note: 15.1016 KiB (sequential) has 2 overlapping summary rows with medians [9.7, 5.1] (spread 4.6 ticks, 61.9%) -- averaging, widening whiskers to the union
  note: 15.7656 KiB (sequential) has 2 overlapping summary rows with medians [5.1, 9.6] (spread 4.5 ticks, 61.6%) -- averaging, widening whiskers to the union
  note: 16.2266 KiB (sequential) has 2 overlapping summary rows with medians [5.5, 9.7] (spread 4.2 ticks, 55.4%) -- averaging, widening whiskers to the union
  note: 17.6953 KiB (sequential) has 2 overlapping summary rows with medians [7.8, 5.8] (spread 2.0 ticks, 29.0%) -- averaging, widening whiskers to the union
  note: 17.9531 KiB (sequential) has 2 overlapping summary rows with medians [5.1, 9.6] (spread 4.5 ticks, 61.5%) -- averaging, widening whiskers to the union
  note: 19.8672 KiB (sequential) has 2 overlapping summary rows with medians [5.1, 9.6] (spread 4.5 ticks, 61.3%) -- averaging, widening whiskers to the union
  note: 20.1562 KiB (sequential) has 2 overlapping summary rows with medians [5.1, 9.5] (spread 4.4 ticks, 60.8%) -- averaging, widening whiskers to the union
  note: 20.4453 KiB (sequential) has 2 overlapping summary rows with medians [5.1, 9.7] (spread 4.6 ticks, 62.0%) -- averaging, widening whiskers to the union
  note: 21.0469 KiB (sequential) has 2 overlapping summary rows with medians [7.7, 5.1] (spread 2.6 ticks, 40.6%) -- averaging, widening whiskers to the union
  note: 21.3516 KiB (sequential) has 2 overlapping summary rows with medians [9.6, 6.1] (spread 3.5 ticks, 44.8%) -- averaging, widening whiskers to the union
  note: 21.9766 KiB (sequential) has 2 overlapping summary rows with medians [9.7, 5.5] (spread 4.2 ticks, 54.6%) -- averaging, widening whiskers to the union
  note: 22.9531 KiB (sequential) has 2 overlapping summary rows with medians [7.4, 9.6] (spread 2.2 ticks, 26.1%) -- averaging, widening whiskers to the union
  note: 24.3203 KiB (sequential) has 2 overlapping summary rows with medians [9.6, 5.1] (spread 4.5 ticks, 61.8%) -- averaging, widening whiskers to the union
  note: 25.0312 KiB (sequential) has 2 overlapping summary rows with medians [9.7, 5.5] (spread 4.2 ticks, 55.1%) -- averaging, widening whiskers to the union
  note: 26.1406 KiB (sequential) has 2 overlapping summary rows with medians [6.0, 9.6] (spread 3.7 ticks, 47.2%) -- averaging, widening whiskers to the union
  note: 30.2031 KiB (sequential) has 2 overlapping summary rows with medians [5.1, 9.6] (spread 4.5 ticks, 61.0%) -- averaging, widening whiskers to the union
  note: 30.6406 KiB (sequential) has 2 overlapping summary rows with medians [5.8, 9.6] (spread 3.8 ticks, 48.8%) -- averaging, widening whiskers to the union
  note: 31.0859 KiB (sequential) has 2 overlapping summary rows with medians [5.1, 9.7] (spread 4.6 ticks, 62.2%) -- averaging, widening whiskers to the union
  note: 31.5391 KiB (sequential) has 2 overlapping summary rows with medians [9.7, 6.1] (spread 3.6 ticks, 45.7%) -- averaging, widening whiskers to the union
  note: 32.9375 KiB (sequential) has 2 overlapping summary rows with medians [5.1, 10.0] (spread 4.9 ticks, 65.0%) -- averaging, widening whiskers to the union
  note: 33.4141 KiB (sequential) has 2 overlapping summary rows with medians [5.5, 9.7] (spread 4.2 ticks, 55.2%) -- averaging, widening whiskers to the union
  note: 35.3984 KiB (sequential) has 2 overlapping summary rows with medians [5.1, 9.6] (spread 4.5 ticks, 60.8%) -- averaging, widening whiskers to the union
  note: 35.9141 KiB (sequential) has 2 overlapping summary rows with medians [5.1, 9.7] (spread 4.6 ticks, 61.9%) -- averaging, widening whiskers to the union
  note: 36.4375 KiB (sequential) has 2 overlapping summary rows with medians [5.5, 9.6] (spread 4.1 ticks, 54.2%) -- averaging, widening whiskers to the union
  note: 36.9688 KiB (sequential) has 2 overlapping summary rows with medians [9.6, 5.1] (spread 4.5 ticks, 61.7%) -- averaging, widening whiskers to the union
  note: 37.5078 KiB (sequential) has 2 overlapping summary rows with medians [5.1, 9.7] (spread 4.5 ticks, 61.4%) -- averaging, widening whiskers to the union
  note: 38.6016 KiB (sequential) has 2 overlapping summary rows with medians [7.6, 5.1] (spread 2.5 ticks, 39.7%) -- averaging, widening whiskers to the union
  note: 39.1641 KiB (sequential) has 2 overlapping summary rows with medians [5.9, 9.6] (spread 3.6 ticks, 46.7%) -- averaging, widening whiskers to the union
  note: 40.3125 KiB (sequential) has 2 overlapping summary rows with medians [9.7, 5.8] (spread 3.9 ticks, 50.2%) -- averaging, widening whiskers to the union
  note: 40.8984 KiB (sequential) has 2 overlapping summary rows with medians [9.7, 5.1] (spread 4.6 ticks, 61.9%) -- averaging, widening whiskers to the union
  note: 42.1016 KiB (sequential) has 2 overlapping summary rows with medians [5.1, 9.7] (spread 4.6 ticks, 61.4%) -- averaging, widening whiskers to the union
  note: 43.3359 KiB (sequential) has 2 overlapping summary rows with medians [5.1, 9.7] (spread 4.5 ticks, 61.2%) -- averaging, widening whiskers to the union
  note: 45.9062 KiB (sequential) has 2 overlapping summary rows with medians [9.7, 5.2] (spread 4.6 ticks, 61.5%) -- averaging, widening whiskers to the union
  note: 46.5781 KiB (sequential) has 2 overlapping summary rows with medians [5.3, 9.7] (spread 4.5 ticks, 59.6%) -- averaging, widening whiskers to the union
  note: 47.2578 KiB (sequential) has 2 overlapping summary rows with medians [7.5, 5.6] (spread 1.9 ticks, 29.3%) -- averaging, widening whiskers to the union
  note: 47.9453 KiB (sequential) has 2 overlapping summary rows with medians [5.2, 9.6] (spread 4.4 ticks, 59.8%) -- averaging, widening whiskers to the union
  note: 55.3906 KiB (sequential) has 2 overlapping summary rows with medians [6.4, 11.4] (spread 5.0 ticks, 55.6%) -- averaging, widening whiskers to the union
  note: 109.195 KiB (sequential) has 2 overlapping summary rows with medians [11.4, 6.4] (spread 5.0 ticks, 55.8%) -- averaging, widening whiskers to the union
  note: 115.688 KiB (sequential) has 2 overlapping summary rows with medians [11.4, 6.5] (spread 5.0 ticks, 55.7%) -- averaging, widening whiskers to the union
  note: 519.445 KiB (sequential) has 2 overlapping summary rows with medians [6.5, 11.5] (spread 5.0 ticks, 55.6%) -- averaging, widening whiskers to the union
  note: 1.58739 MiB (sequential) has 2 overlapping summary rows with medians [6.9, 11.1] (spread 4.2 ticks, 46.6%) -- averaging, widening whiskers to the union
  note: 2.3107 MiB (sequential) has 3 overlapping summary rows with medians [9.6, 10.0, 11.9] (spread 2.3 ticks, 22.0%) -- averaging, widening whiskers to the union
  note: 12.5171 MiB (sequential) has 6 overlapping summary rows with medians [12.5, 12.5, 12.5, 12.5, 17.0, 12.4] (spread 4.5 ticks, 34.2%) -- averaging, widening whiskers to the union
  note: 12.6992 MiB (sequential) has 5 overlapping summary rows with medians [12.4, 12.5, 12.6, 12.8, 16.6] (spread 4.2 ticks, 31.3%) -- averaging, widening whiskers to the union
  note: 12.3377 MiB (sequential) has 3 overlapping summary rows with medians [15.4, 12.5, 12.6] (spread 2.9 ticks, 21.2%) -- averaging, widening whiskers to the union
  note: 12.6992 MiB (sequential) has 2 overlapping summary rows with medians [15.8, 12.6] (spread 3.2 ticks, 22.7%) -- averaging, widening whiskers to the union
  note: 13.4543 MiB (sequential) has 2 overlapping summary rows with medians [16.1, 12.7] (spread 3.4 ticks, 23.6%) -- averaging, widening whiskers to the union
  note: 15.3216 MiB (sequential) has 2 overlapping summary rows with medians [24.4, 13.5] (spread 10.9 ticks, 57.4%) -- averaging, widening whiskers to the union
  note: 15.7706 MiB (sequential) has 2 overlapping summary rows with medians [22.1, 12.6] (spread 9.5 ticks, 54.7%) -- averaging, widening whiskers to the union
  note: 21.0512 MiB (sequential) has 2 overlapping summary rows with medians [29.8, 18.3] (spread 11.5 ticks, 47.8%) -- averaging, widening whiskers to the union
  note: 20.4519 MiB (sequential) has 2 overlapping summary rows with medians [19.2, 15.0] (spread 4.3 ticks, 24.9%) -- averaging, widening whiskers to the union
  note: 21.9832 MiB (sequential) has 2 overlapping summary rows with medians [15.7, 19.9] (spread 4.2 ticks, 23.5%) -- averaging, widening whiskers to the union
  note: 22.303 MiB (sequential) has 2 overlapping summary rows with medians [15.1, 18.7] (spread 3.7 ticks, 21.7%) -- averaging, widening whiskers to the union
  note: 24.3216 MiB (sequential) has 2 overlapping summary rows with medians [19.8, 25.3] (spread 5.6 ticks, 24.7%) -- averaging, widening whiskers to the union
  note: 26.5229 MiB (sequential) has 2 overlapping summary rows with medians [24.3, 32.3] (spread 8.0 ticks, 28.2%) -- averaging, widening whiskers to the union
  note: 29.7709 MiB (sequential) has 2 overlapping summary rows with medians [32.5, 24.0] (spread 8.5 ticks, 30.1%) -- averaging, widening whiskers to the union
  note: 35.9188 MiB (sequential) has 2 overlapping summary rows with medians [26.6, 16.6] (spread 10.1 ticks, 46.6%) -- averaging, widening whiskers to the union
  note: 16.2327 MiB (sequential) has 4 overlapping summary rows with medians [13.4, 16.0, 12.7, 12.7] (spread 3.3 ticks, 23.7%) -- averaging, widening whiskers to the union
  note: 16.7084 MiB (sequential) has 4 overlapping summary rows with medians [13.2, 19.2, 12.6, 12.7] (spread 6.7 ticks, 46.1%) -- averaging, widening whiskers to the union
  note: 21.3574 MiB (sequential) has 4 overlapping summary rows with medians [18.3, 16.2, 14.7, 19.6] (spread 4.9 ticks, 28.6%) -- averaging, widening whiskers to the union
  note: 21.6681 MiB (sequential) has 4 overlapping summary rows with medians [18.3, 16.3, 13.6, 29.0] (spread 15.3 ticks, 79.5%) -- averaging, widening whiskers to the union
  note: 23.2904 MiB (sequential) has 4 overlapping summary rows with medians [17.6, 18.5, 12.6, 35.3] (spread 22.7 ticks, 108.3%) -- averaging, widening whiskers to the union
  note: 23.6292 MiB (sequential) has 4 overlapping summary rows with medians [18.0, 17.3, 14.5, 35.4] (spread 20.9 ticks, 98.1%) -- averaging, widening whiskers to the union
  note: 25.7678 MiB (sequential) has 4 overlapping summary rows with medians [21.1, 23.3, 12.9, 35.5] (spread 22.6 ticks, 97.4%) -- averaging, widening whiskers to the union
  note: 26.1426 MiB (sequential) has 4 overlapping summary rows with medians [28.4, 22.8, 13.1, 34.9] (spread 21.9 ticks, 88.2%) -- averaging, widening whiskers to the union
  note: 28.5088 MiB (sequential) has 4 overlapping summary rows with medians [28.7, 26.0, 13.7, 34.9] (spread 21.2 ticks, 82.0%) -- averaging, widening whiskers to the union
  note: 31.5412 MiB (sequential) has 4 overlapping summary rows with medians [29.0, 27.2, 22.9, 35.8] (spread 12.9 ticks, 44.8%) -- averaging, widening whiskers to the union
  note: 16.4688 MiB (sequential) has 3 overlapping summary rows with medians [18.3, 12.5, 12.7] (spread 5.8 ticks, 40.1%) -- averaging, widening whiskers to the union
  note: 16.9514 MiB (sequential) has 3 overlapping summary rows with medians [18.4, 12.5, 12.8] (spread 5.9 ticks, 40.3%) -- averaging, widening whiskers to the union
  note: 19.5849 MiB (sequential) has 3 overlapping summary rows with medians [16.2, 12.5, 12.9] (spread 3.7 ticks, 26.7%) -- averaging, widening whiskers to the union
  note: 19.8697 MiB (sequential) has 3 overlapping summary rows with medians [15.9, 12.8, 13.0] (spread 3.1 ticks, 22.2%) -- averaging, widening whiskers to the union
  note: 21.0512 MiB (sequential) has 3 overlapping summary rows with medians [16.3, 12.7, 21.5] (spread 8.8 ticks, 52.2%) -- averaging, widening whiskers to the union
  note: 21.9833 MiB (sequential) has 3 overlapping summary rows with medians [18.9, 13.1, 29.6] (spread 16.5 ticks, 80.5%) -- averaging, widening whiskers to the union
  note: 22.303 MiB (sequential) has 3 overlapping summary rows with medians [20.3, 12.6, 31.7] (spread 19.1 ticks, 88.5%) -- averaging, widening whiskers to the union
  note: 22.9565 MiB (sequential) has 3 overlapping summary rows with medians [19.9, 12.5, 35.4] (spread 22.9 ticks, 101.2%) -- averaging, widening whiskers to the union
  note: 23.9729 MiB (sequential) has 3 overlapping summary rows with medians [17.0, 13.1, 35.6] (spread 22.4 ticks, 102.5%) -- averaging, widening whiskers to the union
  note: 24.3216 MiB (sequential) has 3 overlapping summary rows with medians [18.5, 12.8, 35.7] (spread 22.9 ticks, 102.3%) -- averaging, widening whiskers to the union
  note: 25.0343 MiB (sequential) has 3 overlapping summary rows with medians [22.9, 29.0, 35.8] (spread 12.9 ticks, 44.2%) -- averaging, widening whiskers to the union
  note: 25.3984 MiB (sequential) has 3 overlapping summary rows with medians [23.7, 13.3, 35.3] (spread 22.0 ticks, 91.2%) -- averaging, widening whiskers to the union
  note: 26.5229 MiB (sequential) has 3 overlapping summary rows with medians [22.7, 14.1, 35.2] (spread 21.1 ticks, 87.9%) -- averaging, widening whiskers to the union
  note: 27.3001 MiB (sequential) has 3 overlapping summary rows with medians [33.7, 12.7, 34.2] (spread 21.5 ticks, 80.1%) -- averaging, widening whiskers to the union
  note: 27.6972 MiB (sequential) has 3 overlapping summary rows with medians [27.3, 13.1, 33.3] (spread 20.1 ticks, 82.0%) -- averaging, widening whiskers to the union
  note: 28.1 MiB (sequential) has 3 overlapping summary rows with medians [24.6, 13.5, 35.6] (spread 22.1 ticks, 89.9%) -- averaging, widening whiskers to the union
  note: 28.9234 MiB (sequential) has 3 overlapping summary rows with medians [31.5, 13.0, 35.0] (spread 21.9 ticks, 82.8%) -- averaging, widening whiskers to the union
  note: 29.7709 MiB (sequential) has 3 overlapping summary rows with medians [32.0, 12.7, 35.0] (spread 22.3 ticks, 84.0%) -- averaging, widening whiskers to the union
  note: 30.204 MiB (sequential) has 3 overlapping summary rows with medians [29.7, 12.6, 35.8] (spread 23.2 ticks, 89.1%) -- averaging, widening whiskers to the union
  note: 30.6433 MiB (sequential) has 3 overlapping summary rows with medians [28.2, 12.7, 35.6] (spread 22.9 ticks, 89.9%) -- averaging, widening whiskers to the union
  note: 31.089 MiB (sequential) has 3 overlapping summary rows with medians [29.5, 12.8, 35.8] (spread 23.0 ticks, 88.3%) -- averaging, widening whiskers to the union
  note: 32 MiB (sequential) has 3 overlapping summary rows with medians [27.2, 30.7, 35.9] (spread 8.6 ticks, 27.6%) -- averaging, widening whiskers to the union
  note: 32.4654 MiB (sequential) has 3 overlapping summary rows with medians [26.0, 31.1, 35.7] (spread 9.8 ticks, 31.5%) -- averaging, widening whiskers to the union
  note: 32.9377 MiB (sequential) has 3 overlapping summary rows with medians [32.6, 28.2, 35.7] (spread 7.5 ticks, 23.2%) -- averaging, widening whiskers to the union
  note: 35.4038 MiB (sequential) has 3 overlapping summary rows with medians [27.1, 33.6, 35.9] (spread 8.8 ticks, 27.3%) -- averaging, widening whiskers to the union
  note: 35.9188 MiB (sequential) has 3 overlapping summary rows with medians [26.0, 30.9, 34.2] (spread 8.2 ticks, 27.1%) -- averaging, widening whiskers to the union
  note: 36.4412 MiB (sequential) has 3 overlapping summary rows with medians [28.1, 29.8, 35.2] (spread 7.1 ticks, 23.0%) -- averaging, widening whiskers to the union
  note: 37.509 MiB (sequential) has 3 overlapping summary rows with medians [24.4, 32.9, 36.4] (spread 12.0 ticks, 38.3%) -- averaging, widening whiskers to the union
  note: 38.0546 MiB (sequential) has 3 overlapping summary rows with medians [16.3, 32.3, 35.8] (spread 19.5 ticks, 69.2%) -- averaging, widening whiskers to the union
  note: 38.6081 MiB (sequential) has 3 overlapping summary rows with medians [16.3, 34.1, 35.7] (spread 19.5 ticks, 67.8%) -- averaging, widening whiskers to the union
  note: 39.1697 MiB (sequential) has 3 overlapping summary rows with medians [27.6, 34.0, 35.8] (spread 8.2 ticks, 25.3%) -- averaging, widening whiskers to the union
  note: 39.7394 MiB (sequential) has 3 overlapping summary rows with medians [28.2, 31.7, 35.8] (spread 7.6 ticks, 23.8%) -- averaging, widening whiskers to the union
  note: 40.3175 MiB (sequential) has 3 overlapping summary rows with medians [22.3, 32.1, 35.6] (spread 13.3 ticks, 44.3%) -- averaging, widening whiskers to the union
  note: 40.9039 MiB (sequential) has 3 overlapping summary rows with medians [23.2, 34.5, 35.4] (spread 12.3 ticks, 39.5%) -- averaging, widening whiskers to the union
  note: 42.1025 MiB (sequential) has 3 overlapping summary rows with medians [27.3, 30.8, 34.8] (spread 7.5 ticks, 24.2%) -- averaging, widening whiskers to the union
  note: 42.7149 MiB (sequential) has 3 overlapping summary rows with medians [24.5, 34.4, 35.0] (spread 10.5 ticks, 33.6%) -- averaging, widening whiskers to the union
  note: 43.3362 MiB (sequential) has 3 overlapping summary rows with medians [27.7, 32.7, 35.0] (spread 7.3 ticks, 23.0%) -- averaging, widening whiskers to the union
  note: 43.9665 MiB (sequential) has 3 overlapping summary rows with medians [23.4, 32.0, 34.4] (spread 11.0 ticks, 36.8%) -- averaging, widening whiskers to the union
  note: 46.5809 MiB (sequential) has 3 overlapping summary rows with medians [23.4, 34.2, 35.6] (spread 12.2 ticks, 39.3%) -- averaging, widening whiskers to the union
  note: 47.2584 MiB (sequential) has 3 overlapping summary rows with medians [28.8, 33.0, 35.6] (spread 6.8 ticks, 20.8%) -- averaging, widening whiskers to the union
  note: 54.6002 MiB (sequential) has 3 overlapping summary rows with medians [35.1, 25.3, 35.8] (spread 10.4 ticks, 32.6%) -- averaging, widening whiskers to the union
  note: 62.178 MiB (sequential) has 3 overlapping summary rows with medians [35.1, 26.0, 35.8] (spread 9.8 ticks, 30.3%) -- averaging, widening whiskers to the union
Wrote data_processed/artemisia/capacity/plots/capacity_curve.pdf and .png
Wrote data_processed/artemisia/capacity/plots/capacity_boxplots.pdf and .png
== done ==
== plots: data_processed/artemisia/capacity/plots/capacity_curve.{png,pdf}, data_processed/artemisia/capacity/plots/capacity_boxplots.{png,pdf} ==
== detected boundaries (bytes): 16384 30048 2097152 3234248 15384768 23726560 56431600 ==
== record in data_raw/artemisia/README.md: core=23, seed=12345, samples=1000000, timestamp=20260908T220941Z ==
== full transcript saved to: data_raw/artemisia/capacity/run_capacity_full_20260908T220941Z.log ==
