== run_hit_latency_full: machine=hazel_cascadelake core=1 base_seed=12345 ==
== timestamp=20260915T014348Z ==

== level L1: footprint_bytes=32768 ==
-- base (seed=12345) --
  wrote 1002 lines -> data_raw/hazel_cascadelake/latency/hit/L1/hit_latency_base_dependent_random_20260915T014348Z.csv (mode=dependent pattern=random seed=12345)
Wrote 1 summary rows to data_processed/hazel_cascadelake/latency/hit/L1/base_dependent_random_summary_20260915T014348Z.csv
  wrote 1002 lines -> data_raw/hazel_cascadelake/latency/hit/L1/hit_latency_base_dependent_sequential_20260915T014348Z.csv (mode=dependent pattern=sequential seed=12345)
Wrote 1 summary rows to data_processed/hazel_cascadelake/latency/hit/L1/base_dependent_sequential_summary_20260915T014348Z.csv
  wrote 1002 lines -> data_raw/hazel_cascadelake/latency/hit/L1/hit_latency_base_independent_random_20260915T014348Z.csv (mode=independent pattern=random seed=12345)
Wrote 1 summary rows to data_processed/hazel_cascadelake/latency/hit/L1/base_independent_random_summary_20260915T014348Z.csv
  wrote 1002 lines -> data_raw/hazel_cascadelake/latency/hit/L1/hit_latency_base_independent_sequential_20260915T014348Z.csv (mode=independent pattern=sequential seed=12345)
Wrote 1 summary rows to data_processed/hazel_cascadelake/latency/hit/L1/base_independent_sequential_summary_20260915T014348Z.csv
-- rep1 (seed=12346) --
  wrote 1002 lines -> data_raw/hazel_cascadelake/latency/hit/L1/hit_latency_rep1_dependent_random_20260915T014348Z.csv (mode=dependent pattern=random seed=12346)
Wrote 1 summary rows to data_processed/hazel_cascadelake/latency/hit/L1/rep1_dependent_random_summary_20260915T014348Z.csv
  wrote 1002 lines -> data_raw/hazel_cascadelake/latency/hit/L1/hit_latency_rep1_dependent_sequential_20260915T014348Z.csv (mode=dependent pattern=sequential seed=12346)
Wrote 1 summary rows to data_processed/hazel_cascadelake/latency/hit/L1/rep1_dependent_sequential_summary_20260915T014348Z.csv
  wrote 1002 lines -> data_raw/hazel_cascadelake/latency/hit/L1/hit_latency_rep1_independent_random_20260915T014348Z.csv (mode=independent pattern=random seed=12346)
Wrote 1 summary rows to data_processed/hazel_cascadelake/latency/hit/L1/rep1_independent_random_summary_20260915T014348Z.csv
  wrote 1002 lines -> data_raw/hazel_cascadelake/latency/hit/L1/hit_latency_rep1_independent_sequential_20260915T014348Z.csv (mode=independent pattern=sequential seed=12346)
Wrote 1 summary rows to data_processed/hazel_cascadelake/latency/hit/L1/rep1_independent_sequential_summary_20260915T014348Z.csv
-- rep2 (seed=12347) --
  wrote 1002 lines -> data_raw/hazel_cascadelake/latency/hit/L1/hit_latency_rep2_dependent_random_20260915T014348Z.csv (mode=dependent pattern=random seed=12347)
Wrote 1 summary rows to data_processed/hazel_cascadelake/latency/hit/L1/rep2_dependent_random_summary_20260915T014348Z.csv
  wrote 1002 lines -> data_raw/hazel_cascadelake/latency/hit/L1/hit_latency_rep2_dependent_sequential_20260915T014348Z.csv (mode=dependent pattern=sequential seed=12347)
Wrote 1 summary rows to data_processed/hazel_cascadelake/latency/hit/L1/rep2_dependent_sequential_summary_20260915T014348Z.csv
  wrote 1002 lines -> data_raw/hazel_cascadelake/latency/hit/L1/hit_latency_rep2_independent_random_20260915T014348Z.csv (mode=independent pattern=random seed=12347)
Wrote 1 summary rows to data_processed/hazel_cascadelake/latency/hit/L1/rep2_independent_random_summary_20260915T014348Z.csv
  wrote 1002 lines -> data_raw/hazel_cascadelake/latency/hit/L1/hit_latency_rep2_independent_sequential_20260915T014348Z.csv (mode=independent pattern=sequential seed=12347)
Wrote 1 summary rows to data_processed/hazel_cascadelake/latency/hit/L1/rep2_independent_sequential_summary_20260915T014348Z.csv
-- generating plots for L1 --
  note: ('dependent', 'sequential') has 3 overlapping summary rows with medians [9.5, 9.5, 7.7] (spread 1.8 ticks, 20.0%) -- averaging, widening whiskers to the union
  note: ('independent', 'random') has 3 overlapping summary rows with medians [6.6, 8.7, 6.9] (spread 2.1 ticks, 28.7%) -- averaging, widening whiskers to the union
  note: ('independent', 'sequential') has 3 overlapping summary rows with medians [6.5, 6.5, 9.4] (spread 2.9 ticks, 38.7%) -- averaging, widening whiskers to the union
random: independent >= dependent (7.39 vs 7.24 ticks) [UNEXPECTED -- investigate]
sequential: independent < dependent (7.47 vs 8.94 ticks) [expected]
Wrote data_processed/hazel_cascadelake/latency/hit/L1/plots/hit_latency_boxplots.pdf and .png
-- compressing raw CSVs for L1 --

== level L2: footprint_bytes=1048576 ==
-- base (seed=12345) --
  wrote 1002 lines -> data_raw/hazel_cascadelake/latency/hit/L2/hit_latency_base_dependent_random_20260915T014348Z.csv (mode=dependent pattern=random seed=12345)
Wrote 1 summary rows to data_processed/hazel_cascadelake/latency/hit/L2/base_dependent_random_summary_20260915T014348Z.csv
  wrote 1002 lines -> data_raw/hazel_cascadelake/latency/hit/L2/hit_latency_base_dependent_sequential_20260915T014348Z.csv (mode=dependent pattern=sequential seed=12345)
Wrote 1 summary rows to data_processed/hazel_cascadelake/latency/hit/L2/base_dependent_sequential_summary_20260915T014348Z.csv
  wrote 1002 lines -> data_raw/hazel_cascadelake/latency/hit/L2/hit_latency_base_independent_random_20260915T014348Z.csv (mode=independent pattern=random seed=12345)
Wrote 1 summary rows to data_processed/hazel_cascadelake/latency/hit/L2/base_independent_random_summary_20260915T014348Z.csv
  wrote 1002 lines -> data_raw/hazel_cascadelake/latency/hit/L2/hit_latency_base_independent_sequential_20260915T014348Z.csv (mode=independent pattern=sequential seed=12345)
Wrote 1 summary rows to data_processed/hazel_cascadelake/latency/hit/L2/base_independent_sequential_summary_20260915T014348Z.csv
-- rep1 (seed=12346) --
  wrote 1002 lines -> data_raw/hazel_cascadelake/latency/hit/L2/hit_latency_rep1_dependent_random_20260915T014348Z.csv (mode=dependent pattern=random seed=12346)
Wrote 1 summary rows to data_processed/hazel_cascadelake/latency/hit/L2/rep1_dependent_random_summary_20260915T014348Z.csv
  wrote 1002 lines -> data_raw/hazel_cascadelake/latency/hit/L2/hit_latency_rep1_dependent_sequential_20260915T014348Z.csv (mode=dependent pattern=sequential seed=12346)
Wrote 1 summary rows to data_processed/hazel_cascadelake/latency/hit/L2/rep1_dependent_sequential_summary_20260915T014348Z.csv
  wrote 1002 lines -> data_raw/hazel_cascadelake/latency/hit/L2/hit_latency_rep1_independent_random_20260915T014348Z.csv (mode=independent pattern=random seed=12346)
Wrote 1 summary rows to data_processed/hazel_cascadelake/latency/hit/L2/rep1_independent_random_summary_20260915T014348Z.csv
  wrote 1002 lines -> data_raw/hazel_cascadelake/latency/hit/L2/hit_latency_rep1_independent_sequential_20260915T014348Z.csv (mode=independent pattern=sequential seed=12346)
Wrote 1 summary rows to data_processed/hazel_cascadelake/latency/hit/L2/rep1_independent_sequential_summary_20260915T014348Z.csv
-- rep2 (seed=12347) --
  wrote 1002 lines -> data_raw/hazel_cascadelake/latency/hit/L2/hit_latency_rep2_dependent_random_20260915T014348Z.csv (mode=dependent pattern=random seed=12347)
Wrote 1 summary rows to data_processed/hazel_cascadelake/latency/hit/L2/rep2_dependent_random_summary_20260915T014348Z.csv
  wrote 1002 lines -> data_raw/hazel_cascadelake/latency/hit/L2/hit_latency_rep2_dependent_sequential_20260915T014348Z.csv (mode=dependent pattern=sequential seed=12347)
Wrote 1 summary rows to data_processed/hazel_cascadelake/latency/hit/L2/rep2_dependent_sequential_summary_20260915T014348Z.csv
  wrote 1002 lines -> data_raw/hazel_cascadelake/latency/hit/L2/hit_latency_rep2_independent_random_20260915T014348Z.csv (mode=independent pattern=random seed=12347)
Wrote 1 summary rows to data_processed/hazel_cascadelake/latency/hit/L2/rep2_independent_random_summary_20260915T014348Z.csv
  wrote 1002 lines -> data_raw/hazel_cascadelake/latency/hit/L2/hit_latency_rep2_independent_sequential_20260915T014348Z.csv (mode=independent pattern=sequential seed=12347)
Wrote 1 summary rows to data_processed/hazel_cascadelake/latency/hit/L2/rep2_independent_sequential_summary_20260915T014348Z.csv
-- generating plots for L2 --
  note: ('dependent', 'sequential') has 3 overlapping summary rows with medians [7.2, 9.5, 7.0] (spread 2.5 ticks, 31.2%) -- averaging, widening whiskers to the union
  note: ('independent', 'random') has 3 overlapping summary rows with medians [11.9, 11.9, 17.0] (spread 5.1 ticks, 37.5%) -- averaging, widening whiskers to the union
random: independent < dependent (13.58 vs 25.78 ticks) [expected]
sequential: independent < dependent (6.64 vs 7.91 ticks) [expected]
Wrote data_processed/hazel_cascadelake/latency/hit/L2/plots/hit_latency_boxplots.pdf and .png
-- compressing raw CSVs for L2 --

== level LLC: footprint_bytes=16777216 ==
-- base (seed=12345) --
  wrote 1002 lines -> data_raw/hazel_cascadelake/latency/hit/LLC/hit_latency_base_dependent_random_20260915T014348Z.csv (mode=dependent pattern=random seed=12345)
Wrote 1 summary rows to data_processed/hazel_cascadelake/latency/hit/LLC/base_dependent_random_summary_20260915T014348Z.csv
  wrote 1002 lines -> data_raw/hazel_cascadelake/latency/hit/LLC/hit_latency_base_dependent_sequential_20260915T014348Z.csv (mode=dependent pattern=sequential seed=12345)
Wrote 1 summary rows to data_processed/hazel_cascadelake/latency/hit/LLC/base_dependent_sequential_summary_20260915T014348Z.csv
  wrote 1002 lines -> data_raw/hazel_cascadelake/latency/hit/LLC/hit_latency_base_independent_random_20260915T014348Z.csv (mode=independent pattern=random seed=12345)
Wrote 1 summary rows to data_processed/hazel_cascadelake/latency/hit/LLC/base_independent_random_summary_20260915T014348Z.csv
  wrote 1002 lines -> data_raw/hazel_cascadelake/latency/hit/LLC/hit_latency_base_independent_sequential_20260915T014348Z.csv (mode=independent pattern=sequential seed=12345)
Wrote 1 summary rows to data_processed/hazel_cascadelake/latency/hit/LLC/base_independent_sequential_summary_20260915T014348Z.csv
-- rep1 (seed=12346) --
  wrote 1002 lines -> data_raw/hazel_cascadelake/latency/hit/LLC/hit_latency_rep1_dependent_random_20260915T014348Z.csv (mode=dependent pattern=random seed=12346)
Wrote 1 summary rows to data_processed/hazel_cascadelake/latency/hit/LLC/rep1_dependent_random_summary_20260915T014348Z.csv
  wrote 1002 lines -> data_raw/hazel_cascadelake/latency/hit/LLC/hit_latency_rep1_dependent_sequential_20260915T014348Z.csv (mode=dependent pattern=sequential seed=12346)
Wrote 1 summary rows to data_processed/hazel_cascadelake/latency/hit/LLC/rep1_dependent_sequential_summary_20260915T014348Z.csv
  wrote 1002 lines -> data_raw/hazel_cascadelake/latency/hit/LLC/hit_latency_rep1_independent_random_20260915T014348Z.csv (mode=independent pattern=random seed=12346)
Wrote 1 summary rows to data_processed/hazel_cascadelake/latency/hit/LLC/rep1_independent_random_summary_20260915T014348Z.csv
  wrote 1002 lines -> data_raw/hazel_cascadelake/latency/hit/LLC/hit_latency_rep1_independent_sequential_20260915T014348Z.csv (mode=independent pattern=sequential seed=12346)
Wrote 1 summary rows to data_processed/hazel_cascadelake/latency/hit/LLC/rep1_independent_sequential_summary_20260915T014348Z.csv
-- rep2 (seed=12347) --
  wrote 1002 lines -> data_raw/hazel_cascadelake/latency/hit/LLC/hit_latency_rep2_dependent_random_20260915T014348Z.csv (mode=dependent pattern=random seed=12347)
Wrote 1 summary rows to data_processed/hazel_cascadelake/latency/hit/LLC/rep2_dependent_random_summary_20260915T014348Z.csv
  wrote 1002 lines -> data_raw/hazel_cascadelake/latency/hit/LLC/hit_latency_rep2_dependent_sequential_20260915T014348Z.csv (mode=dependent pattern=sequential seed=12347)
Wrote 1 summary rows to data_processed/hazel_cascadelake/latency/hit/LLC/rep2_dependent_sequential_summary_20260915T014348Z.csv
  wrote 1002 lines -> data_raw/hazel_cascadelake/latency/hit/LLC/hit_latency_rep2_independent_random_20260915T014348Z.csv (mode=independent pattern=random seed=12347)
Wrote 1 summary rows to data_processed/hazel_cascadelake/latency/hit/LLC/rep2_independent_random_summary_20260915T014348Z.csv
  wrote 1002 lines -> data_raw/hazel_cascadelake/latency/hit/LLC/hit_latency_rep2_independent_sequential_20260915T014348Z.csv (mode=independent pattern=sequential seed=12347)
Wrote 1 summary rows to data_processed/hazel_cascadelake/latency/hit/LLC/rep2_independent_sequential_summary_20260915T014348Z.csv
-- generating plots for LLC --
random: independent < dependent (49.40 vs 218.61 ticks) [expected]
sequential: independent < dependent (6.82 vs 6.93 ticks) [expected]
Wrote data_processed/hazel_cascadelake/latency/hit/LLC/plots/hit_latency_boxplots.pdf and .png
-- compressing raw CSVs for LLC --

== level DRAM: footprint_bytes=536870912 ==
-- base (seed=12345) --
  wrote 1002 lines -> data_raw/hazel_cascadelake/latency/hit/DRAM/hit_latency_base_dependent_random_20260915T014348Z.csv (mode=dependent pattern=random seed=12345)
Wrote 1 summary rows to data_processed/hazel_cascadelake/latency/hit/DRAM/base_dependent_random_summary_20260915T014348Z.csv
  wrote 1002 lines -> data_raw/hazel_cascadelake/latency/hit/DRAM/hit_latency_base_dependent_sequential_20260915T014348Z.csv (mode=dependent pattern=sequential seed=12345)
Wrote 1 summary rows to data_processed/hazel_cascadelake/latency/hit/DRAM/base_dependent_sequential_summary_20260915T014348Z.csv
  wrote 1002 lines -> data_raw/hazel_cascadelake/latency/hit/DRAM/hit_latency_base_independent_random_20260915T014348Z.csv (mode=independent pattern=random seed=12345)
Wrote 1 summary rows to data_processed/hazel_cascadelake/latency/hit/DRAM/base_independent_random_summary_20260915T014348Z.csv
  wrote 1002 lines -> data_raw/hazel_cascadelake/latency/hit/DRAM/hit_latency_base_independent_sequential_20260915T014348Z.csv (mode=independent pattern=sequential seed=12345)
Wrote 1 summary rows to data_processed/hazel_cascadelake/latency/hit/DRAM/base_independent_sequential_summary_20260915T014348Z.csv
-- rep1 (seed=12346) --
  wrote 1002 lines -> data_raw/hazel_cascadelake/latency/hit/DRAM/hit_latency_rep1_dependent_random_20260915T014348Z.csv (mode=dependent pattern=random seed=12346)
Wrote 1 summary rows to data_processed/hazel_cascadelake/latency/hit/DRAM/rep1_dependent_random_summary_20260915T014348Z.csv
  wrote 1002 lines -> data_raw/hazel_cascadelake/latency/hit/DRAM/hit_latency_rep1_dependent_sequential_20260915T014348Z.csv (mode=dependent pattern=sequential seed=12346)
Wrote 1 summary rows to data_processed/hazel_cascadelake/latency/hit/DRAM/rep1_dependent_sequential_summary_20260915T014348Z.csv
  wrote 1002 lines -> data_raw/hazel_cascadelake/latency/hit/DRAM/hit_latency_rep1_independent_random_20260915T014348Z.csv (mode=independent pattern=random seed=12346)
Wrote 1 summary rows to data_processed/hazel_cascadelake/latency/hit/DRAM/rep1_independent_random_summary_20260915T014348Z.csv
  wrote 1002 lines -> data_raw/hazel_cascadelake/latency/hit/DRAM/hit_latency_rep1_independent_sequential_20260915T014348Z.csv (mode=independent pattern=sequential seed=12346)
Wrote 1 summary rows to data_processed/hazel_cascadelake/latency/hit/DRAM/rep1_independent_sequential_summary_20260915T014348Z.csv
-- rep2 (seed=12347) --
  wrote 1002 lines -> data_raw/hazel_cascadelake/latency/hit/DRAM/hit_latency_rep2_dependent_random_20260915T014348Z.csv (mode=dependent pattern=random seed=12347)
Wrote 1 summary rows to data_processed/hazel_cascadelake/latency/hit/DRAM/rep2_dependent_random_summary_20260915T014348Z.csv
  wrote 1002 lines -> data_raw/hazel_cascadelake/latency/hit/DRAM/hit_latency_rep2_dependent_sequential_20260915T014348Z.csv (mode=dependent pattern=sequential seed=12347)
Wrote 1 summary rows to data_processed/hazel_cascadelake/latency/hit/DRAM/rep2_dependent_sequential_summary_20260915T014348Z.csv
  wrote 1002 lines -> data_raw/hazel_cascadelake/latency/hit/DRAM/hit_latency_rep2_independent_random_20260915T014348Z.csv (mode=independent pattern=random seed=12347)
Wrote 1 summary rows to data_processed/hazel_cascadelake/latency/hit/DRAM/rep2_independent_random_summary_20260915T014348Z.csv
  wrote 1002 lines -> data_raw/hazel_cascadelake/latency/hit/DRAM/hit_latency_rep2_independent_sequential_20260915T014348Z.csv (mode=independent pattern=sequential seed=12347)
Wrote 1 summary rows to data_processed/hazel_cascadelake/latency/hit/DRAM/rep2_independent_sequential_summary_20260915T014348Z.csv
-- generating plots for DRAM --
random: independent < dependent (54.66 vs 252.82 ticks) [expected]
sequential: independent < dependent (6.67 vs 7.01 ticks) [expected]
Wrote data_processed/hazel_cascadelake/latency/hit/DRAM/plots/hit_latency_boxplots.pdf and .png
-- compressing raw CSVs for DRAM --

== done ==
== L1: footprint_bytes=32768 ==
== L2: footprint_bytes=1048576 ==
== LLC: footprint_bytes=16777216 ==
== DRAM: footprint_bytes=536870912 ==
== record in data_raw/hazel_cascadelake/README.md: core=1, base_seed=12345 (repeats use base_seed+index), samples=1000000, timestamp=20260915T014348Z ==
== full transcript saved to: data_raw/hazel_cascadelake/latency/run_hit_latency_full_20260915T014348Z.log ==
