== run_miss_latency_full: machine=hazel_cascadelake core=2 base_seed=12345 ==
== timestamp=20260915T014348Z ==

== transition L1_to_L2: target_bytes=32768 evict_bytes=1048576 ==
-- base (seed=12345) --
  wrote 202 lines -> data_raw/hazel_cascadelake/latency/miss/L1_to_L2/miss_latency_base_random_20260915T014348Z.csv (pattern=random seed=12345)
Wrote 1 summary rows to data_processed/hazel_cascadelake/latency/miss/L1_to_L2/base_random_summary_20260915T014348Z.csv
  wrote 202 lines -> data_raw/hazel_cascadelake/latency/miss/L1_to_L2/miss_latency_base_sequential_20260915T014348Z.csv (pattern=sequential seed=12345)
Wrote 1 summary rows to data_processed/hazel_cascadelake/latency/miss/L1_to_L2/base_sequential_summary_20260915T014348Z.csv
-- rep1 (seed=12346) --
  wrote 202 lines -> data_raw/hazel_cascadelake/latency/miss/L1_to_L2/miss_latency_rep1_random_20260915T014348Z.csv (pattern=random seed=12346)
Wrote 1 summary rows to data_processed/hazel_cascadelake/latency/miss/L1_to_L2/rep1_random_summary_20260915T014348Z.csv
  wrote 202 lines -> data_raw/hazel_cascadelake/latency/miss/L1_to_L2/miss_latency_rep1_sequential_20260915T014348Z.csv (pattern=sequential seed=12346)
Wrote 1 summary rows to data_processed/hazel_cascadelake/latency/miss/L1_to_L2/rep1_sequential_summary_20260915T014348Z.csv
-- rep2 (seed=12347) --
  wrote 202 lines -> data_raw/hazel_cascadelake/latency/miss/L1_to_L2/miss_latency_rep2_random_20260915T014348Z.csv (pattern=random seed=12347)
Wrote 1 summary rows to data_processed/hazel_cascadelake/latency/miss/L1_to_L2/rep2_random_summary_20260915T014348Z.csv
  wrote 202 lines -> data_raw/hazel_cascadelake/latency/miss/L1_to_L2/miss_latency_rep2_sequential_20260915T014348Z.csv (pattern=sequential seed=12347)
Wrote 1 summary rows to data_processed/hazel_cascadelake/latency/miss/L1_to_L2/rep2_sequential_summary_20260915T014348Z.csv
-- found source-level (L1) hit_latency data for penalty annotation: data_processed/hazel_cascadelake/latency/hit/L1/base_dependent_random_summary_20260915T014348Z.csv data_processed/hazel_cascadelake/latency/hit/L1/rep1_dependent_random_summary_20260915T014348Z.csv --
-- generating plots for L1_to_L2 --
  note: pattern=random has 3 overlapping summary rows with medians [194.0, 202.0, 112.0] (spread 90.0 ticks, 53.1%) -- averaging, widening whiskers to the union
  note: pattern=sequential has 3 overlapping summary rows with medians [182.0, 120.0, 128.0] (spread 62.0 ticks, 43.3%) -- averaging, widening whiskers to the union
Wrote data_processed/hazel_cascadelake/latency/miss/L1_to_L2/plots/miss_latency_boxplots.pdf and .png
-- compressing raw CSVs for L1_to_L2 --

== transition L2_to_LLC: target_bytes=1048576 evict_bytes=16777216 ==
-- base (seed=12345) --
  wrote 202 lines -> data_raw/hazel_cascadelake/latency/miss/L2_to_LLC/miss_latency_base_random_20260915T014348Z.csv (pattern=random seed=12345)
Wrote 1 summary rows to data_processed/hazel_cascadelake/latency/miss/L2_to_LLC/base_random_summary_20260915T014348Z.csv
  wrote 202 lines -> data_raw/hazel_cascadelake/latency/miss/L2_to_LLC/miss_latency_base_sequential_20260915T014348Z.csv (pattern=sequential seed=12345)
Wrote 1 summary rows to data_processed/hazel_cascadelake/latency/miss/L2_to_LLC/base_sequential_summary_20260915T014348Z.csv
-- rep1 (seed=12346) --
  wrote 202 lines -> data_raw/hazel_cascadelake/latency/miss/L2_to_LLC/miss_latency_rep1_random_20260915T014348Z.csv (pattern=random seed=12346)
Wrote 1 summary rows to data_processed/hazel_cascadelake/latency/miss/L2_to_LLC/rep1_random_summary_20260915T014348Z.csv
  wrote 202 lines -> data_raw/hazel_cascadelake/latency/miss/L2_to_LLC/miss_latency_rep1_sequential_20260915T014348Z.csv (pattern=sequential seed=12346)
Wrote 1 summary rows to data_processed/hazel_cascadelake/latency/miss/L2_to_LLC/rep1_sequential_summary_20260915T014348Z.csv
-- rep2 (seed=12347) --
  wrote 202 lines -> data_raw/hazel_cascadelake/latency/miss/L2_to_LLC/miss_latency_rep2_random_20260915T014348Z.csv (pattern=random seed=12347)
Wrote 1 summary rows to data_processed/hazel_cascadelake/latency/miss/L2_to_LLC/rep2_random_summary_20260915T014348Z.csv
  wrote 202 lines -> data_raw/hazel_cascadelake/latency/miss/L2_to_LLC/miss_latency_rep2_sequential_20260915T014348Z.csv (pattern=sequential seed=12347)
Wrote 1 summary rows to data_processed/hazel_cascadelake/latency/miss/L2_to_LLC/rep2_sequential_summary_20260915T014348Z.csv
-- found source-level (L2) hit_latency data for penalty annotation: data_processed/hazel_cascadelake/latency/hit/L2/base_dependent_random_summary_20260915T014348Z.csv data_processed/hazel_cascadelake/latency/hit/L2/rep1_dependent_random_summary_20260915T014348Z.csv data_processed/hazel_cascadelake/latency/hit/L2/rep2_dependent_random_summary_20260915T014348Z.csv --
-- generating plots for L2_to_LLC --
  note: pattern=random has 3 overlapping summary rows with medians [574.0, 314.0, 492.0] (spread 260.0 ticks, 56.5%) -- averaging, widening whiskers to the union
  note: pattern=sequential has 3 overlapping summary rows with medians [536.0, 295.0, 416.0] (spread 241.0 ticks, 58.0%) -- averaging, widening whiskers to the union
Wrote data_processed/hazel_cascadelake/latency/miss/L2_to_LLC/plots/miss_latency_boxplots.pdf and .png
-- compressing raw CSVs for L2_to_LLC --

== transition LLC_to_DRAM: target_bytes=16777216 evict_bytes=536870912 ==
-- base (seed=12345) --
