=== Machine identification (Phase Discipline whitelist only) ===
c205n06
Linux c205n06 5.14.0-611.5.1.el9_7.x86_64 #1 SMP PREEMPT_DYNAMIC Fri Oct 17 14:16:35 EDT 2025 x86_64 x86_64 x86_64 GNU/Linux
model name	: Intel(R) Xeon(R) CPU E5-2650 v4 @ 2.20GHz
Assigned logical CPU: 15, SLURM_JOB_ID=848666

=== Running scripts/run_software_hit_rate_sweep.sh (HAZEL_MODE=1) for hazel_broadwell/phase1_v2 ===
== run_software_hit_rate_sweep: machine=hazel_broadwell/phase1_v2 core=15 seed=12345 ==
== boundaries=L1:32768,L2:262144,LLC:33554432,DRAM:536870912 ==
== timestamp=20260916T042737Z ==
== test_bytes=4096 ==
  # result tau_ticks=70.0000 sensitivity=0.9929 specificity=0.9997 p_obs=0.9999 Hhat=1.0000 ci_lower=1.0000 ci_upper=1.0000 bootstrap_mean=1.0000 bootstrap_std=0.0000 bootstrap_reps=2000
== test_bytes=16384 ==
  # result tau_ticks=70.0000 sensitivity=0.9927 specificity=0.9998 p_obs=0.9994 Hhat=1.0000 ci_lower=1.0000 ci_upper=1.0000 bootstrap_mean=1.0000 bootstrap_std=0.0000 bootstrap_reps=2000
== test_bytes=32768 ==
  # result tau_ticks=73.0000 sensitivity=0.9928 specificity=0.9996 p_obs=0.9992 Hhat=1.0000 ci_lower=1.0000 ci_upper=1.0000 bootstrap_mean=1.0000 bootstrap_std=0.0000 bootstrap_reps=2000
== test_bytes=65536 ==
  # result tau_ticks=70.0000 sensitivity=0.9928 specificity=0.9998 p_obs=0.9647 Hhat=0.9718 ci_lower=0.9697 ci_upper=0.9739 bootstrap_mean=0.9718 bootstrap_std=0.0011 bootstrap_reps=2000
== test_bytes=131072 ==
  # result tau_ticks=70.0000 sensitivity=0.9923 specificity=0.9998 p_obs=0.9192 Hhat=0.9263 ci_lower=0.9237 ci_upper=0.9383 bootstrap_mean=0.9277 bootstrap_std=0.0039 bootstrap_reps=2000
== test_bytes=262144 ==
srun: Job step aborted: Waiting up to 32 seconds for job step to finish.
[2026-09-16T00:31:52.558] error: *** STEP 848666.5 ON c205n06 CANCELLED AT 2026-09-16T00:31:52 DUE to SIGNAL Terminated ***
srun: error: c205n06: task 0: Terminated

------------------------------------------------------------
Resource usage summary:

    Job ID            : 848666
    Job name          : hw1_swhitrate_relook
    User / Account    : krchen / ece592f26_cpu
    Partition / QOS   : compute_partners / short
    Submitted         : 2026-09-16T00:27:20
    Started           : 2026-09-16T00:27:35
    Wait time         : 15 sec
    Elapsed (wall)    : 00:04:17
    Nodes             : 1 (c205n06)
    CPUs allocated    : 1
    Tasks             : 1
    CPU time (total)  : 253.04 sec  (user 244.97, sys 8.09)
    CPU efficiency    : 98.5%
    Memory in use     : 1.02 GB  (sampled at job end; see seff for peak)
    Memory requested  : 8G
    Working directory : /gpfs_common/share01/titan/krchen/Proj1-Cache-Reverse-Engineering
    Exit code         : 0:0

    For final accounting (Slurm's MaxRSS, billing, etc.):  seff 848666
------------------------------------------------------------
