=== Machine identification (Phase Discipline whitelist only) ===
c202n02
Linux c202n02 5.14.0-611.5.1.el9_7.x86_64 #1 SMP PREEMPT_DYNAMIC Fri Oct 17 14:16:35 EDT 2025 x86_64 x86_64 x86_64 GNU/Linux
model name	: Intel(R) Xeon(R) CPU E5-2650 v4 @ 2.20GHz
Assigned logical CPU: 22, SLURM_JOB_ID=838235

=== Running scripts/run_miss_latency_full.sh (HAZEL_MODE=1) ===
== run_miss_latency_full: machine=hazel_broadwell core=22 base_seed=12345 ==
== timestamp=20260915T023857Z ==

== transition L1_to_L2: target_bytes=32768 evict_bytes=262144 ==
-- base (seed=12345) --
  wrote 202 lines -> data_raw/hazel_broadwell/latency/miss/L1_to_L2/miss_latency_base_random_20260915T023857Z.csv (pattern=random seed=12345)
Wrote 1 summary rows to data_processed/hazel_broadwell/latency/miss/L1_to_L2/base_random_summary_20260915T023857Z.csv
  wrote 202 lines -> data_raw/hazel_broadwell/latency/miss/L1_to_L2/miss_latency_base_sequential_20260915T023857Z.csv (pattern=sequential seed=12345)
Wrote 1 summary rows to data_processed/hazel_broadwell/latency/miss/L1_to_L2/base_sequential_summary_20260915T023857Z.csv
-- rep1 (seed=12346) --
  wrote 202 lines -> data_raw/hazel_broadwell/latency/miss/L1_to_L2/miss_latency_rep1_random_20260915T023857Z.csv (pattern=random seed=12346)
Wrote 1 summary rows to data_processed/hazel_broadwell/latency/miss/L1_to_L2/rep1_random_summary_20260915T023857Z.csv
  wrote 202 lines -> data_raw/hazel_broadwell/latency/miss/L1_to_L2/miss_latency_rep1_sequential_20260915T023857Z.csv (pattern=sequential seed=12346)
Wrote 1 summary rows to data_processed/hazel_broadwell/latency/miss/L1_to_L2/rep1_sequential_summary_20260915T023857Z.csv
-- rep2 (seed=12347) --
  wrote 202 lines -> data_raw/hazel_broadwell/latency/miss/L1_to_L2/miss_latency_rep2_random_20260915T023857Z.csv (pattern=random seed=12347)
Wrote 1 summary rows to data_processed/hazel_broadwell/latency/miss/L1_to_L2/rep2_random_summary_20260915T023857Z.csv
  wrote 202 lines -> data_raw/hazel_broadwell/latency/miss/L1_to_L2/miss_latency_rep2_sequential_20260915T023857Z.csv (pattern=sequential seed=12347)
Wrote 1 summary rows to data_processed/hazel_broadwell/latency/miss/L1_to_L2/rep2_sequential_summary_20260915T023857Z.csv
-- found source-level (L1) hit_latency data for penalty annotation: data_processed/hazel_broadwell/latency/hit/L1/base_dependent_random_summary_20260915T023857Z.csv data_processed/hazel_broadwell/latency/hit/L1/rep1_dependent_random_summary_20260915T023857Z.csv --
-- generating plots for L1_to_L2 --
  note: pattern=random has 3 overlapping summary rows with medians [76.0, 76.0, 109.0] (spread 33.0 ticks, 37.9%) -- averaging, widening whiskers to the union
  note: pattern=sequential has 3 overlapping summary rows with medians [127.0, 76.0, 76.0] (spread 51.0 ticks, 54.8%) -- averaging, widening whiskers to the union
Wrote data_processed/hazel_broadwell/latency/miss/L1_to_L2/plots/miss_latency_boxplots.pdf and .png
-- compressing raw CSVs for L1_to_L2 --

== transition L2_to_LLC: target_bytes=262144 evict_bytes=25874000 ==
-- base (seed=12345) --
  wrote 202 lines -> data_raw/hazel_broadwell/latency/miss/L2_to_LLC/miss_latency_base_random_20260915T023857Z.csv (pattern=random seed=12345)
Wrote 1 summary rows to data_processed/hazel_broadwell/latency/miss/L2_to_LLC/base_random_summary_20260915T023857Z.csv
  wrote 202 lines -> data_raw/hazel_broadwell/latency/miss/L2_to_LLC/miss_latency_base_sequential_20260915T023857Z.csv (pattern=sequential seed=12345)
Wrote 1 summary rows to data_processed/hazel_broadwell/latency/miss/L2_to_LLC/base_sequential_summary_20260915T023857Z.csv
-- rep1 (seed=12346) --
  wrote 202 lines -> data_raw/hazel_broadwell/latency/miss/L2_to_LLC/miss_latency_rep1_random_20260915T023857Z.csv (pattern=random seed=12346)
Wrote 1 summary rows to data_processed/hazel_broadwell/latency/miss/L2_to_LLC/rep1_random_summary_20260915T023857Z.csv
  wrote 202 lines -> data_raw/hazel_broadwell/latency/miss/L2_to_LLC/miss_latency_rep1_sequential_20260915T023857Z.csv (pattern=sequential seed=12346)
Wrote 1 summary rows to data_processed/hazel_broadwell/latency/miss/L2_to_LLC/rep1_sequential_summary_20260915T023857Z.csv
-- rep2 (seed=12347) --
  wrote 202 lines -> data_raw/hazel_broadwell/latency/miss/L2_to_LLC/miss_latency_rep2_random_20260915T023857Z.csv (pattern=random seed=12347)
Wrote 1 summary rows to data_processed/hazel_broadwell/latency/miss/L2_to_LLC/rep2_random_summary_20260915T023857Z.csv
  wrote 202 lines -> data_raw/hazel_broadwell/latency/miss/L2_to_LLC/miss_latency_rep2_sequential_20260915T023857Z.csv (pattern=sequential seed=12347)
Wrote 1 summary rows to data_processed/hazel_broadwell/latency/miss/L2_to_LLC/rep2_sequential_summary_20260915T023857Z.csv
-- found source-level (L2) hit_latency data for penalty annotation: data_processed/hazel_broadwell/latency/hit/L2/base_dependent_random_summary_20260915T023857Z.csv data_processed/hazel_broadwell/latency/hit/L2/rep1_dependent_random_summary_20260915T023857Z.csv data_processed/hazel_broadwell/latency/hit/L2/rep2_dependent_random_summary_20260915T023857Z.csv --
-- generating plots for L2_to_LLC --
  note: pattern=random has 3 overlapping summary rows with medians [289.5, 282.0, 413.0] (spread 131.0 ticks, 39.9%) -- averaging, widening whiskers to the union
  note: pattern=sequential has 3 overlapping summary rows with medians [364.0, 261.0, 261.0] (spread 103.0 ticks, 34.9%) -- averaging, widening whiskers to the union
Wrote data_processed/hazel_broadwell/latency/miss/L2_to_LLC/plots/miss_latency_boxplots.pdf and .png
-- compressing raw CSVs for L2_to_LLC --

== transition LLC_to_DRAM: target_bytes=25874000 evict_bytes=536870912 ==
-- base (seed=12345) --
  wrote 202 lines -> data_raw/hazel_broadwell/latency/miss/LLC_to_DRAM/miss_latency_base_random_20260915T023857Z.csv (pattern=random seed=12345)
Wrote 1 summary rows to data_processed/hazel_broadwell/latency/miss/LLC_to_DRAM/base_random_summary_20260915T023857Z.csv
  wrote 202 lines -> data_raw/hazel_broadwell/latency/miss/LLC_to_DRAM/miss_latency_base_sequential_20260915T023857Z.csv (pattern=sequential seed=12345)
Wrote 1 summary rows to data_processed/hazel_broadwell/latency/miss/LLC_to_DRAM/base_sequential_summary_20260915T023857Z.csv
-- rep1 (seed=12346) --
  wrote 202 lines -> data_raw/hazel_broadwell/latency/miss/LLC_to_DRAM/miss_latency_rep1_random_20260915T023857Z.csv (pattern=random seed=12346)
Wrote 1 summary rows to data_processed/hazel_broadwell/latency/miss/LLC_to_DRAM/rep1_random_summary_20260915T023857Z.csv
  wrote 202 lines -> data_raw/hazel_broadwell/latency/miss/LLC_to_DRAM/miss_latency_rep1_sequential_20260915T023857Z.csv (pattern=sequential seed=12346)
Wrote 1 summary rows to data_processed/hazel_broadwell/latency/miss/LLC_to_DRAM/rep1_sequential_summary_20260915T023857Z.csv
-- rep2 (seed=12347) --
  wrote 202 lines -> data_raw/hazel_broadwell/latency/miss/LLC_to_DRAM/miss_latency_rep2_random_20260915T023857Z.csv (pattern=random seed=12347)
Wrote 1 summary rows to data_processed/hazel_broadwell/latency/miss/LLC_to_DRAM/rep2_random_summary_20260915T023857Z.csv
  wrote 202 lines -> data_raw/hazel_broadwell/latency/miss/LLC_to_DRAM/miss_latency_rep2_sequential_20260915T023857Z.csv (pattern=sequential seed=12347)
Wrote 1 summary rows to data_processed/hazel_broadwell/latency/miss/LLC_to_DRAM/rep2_sequential_summary_20260915T023857Z.csv
-- found source-level (LLC) hit_latency data for penalty annotation: data_processed/hazel_broadwell/latency/hit/LLC/base_dependent_random_summary_20260915T023857Z.csv data_processed/hazel_broadwell/latency/hit/LLC/rep1_dependent_random_summary_20260915T023857Z.csv data_processed/hazel_broadwell/latency/hit/LLC/rep2_dependent_random_summary_20260915T023857Z.csv --
-- generating plots for LLC_to_DRAM --
  note: pattern=random has 3 overlapping summary rows with medians [1001.0, 1453.5, 1321.5] (spread 452.5 ticks, 36.0%) -- averaging, widening whiskers to the union
  note: pattern=sequential has 3 overlapping summary rows with medians [309.0, 393.5, 349.0] (spread 84.5 ticks, 24.1%) -- averaging, widening whiskers to the union
Wrote data_processed/hazel_broadwell/latency/miss/LLC_to_DRAM/plots/miss_latency_boxplots.pdf and .png
-- compressing raw CSVs for LLC_to_DRAM --

== done ==
== L1_to_L2: target_bytes=32768 evict_bytes=262144 ==
== L2_to_LLC: target_bytes=262144 evict_bytes=25874000 ==
== LLC_to_DRAM: target_bytes=25874000 evict_bytes=536870912 ==
== record in data_raw/hazel_broadwell/README.md: core=22, base_seed=12345 (repeats use base_seed+index), trials=200, timestamp=20260915T023857Z ==
== full transcript saved to: data_raw/hazel_broadwell/latency/run_miss_latency_full_20260915T023857Z.log ==

=== Done ===

------------------------------------------------------------
Resource usage summary:

    Job ID            : 838235
    Job name          : hw1_miss_latency
    User / Account    : krchen / ece592f26_cpu
    Partition / QOS   : compute_partners / short
    Submitted         : 2026-09-14T22:38:51
    Started           : 2026-09-14T22:38:56
    Wait time         : 5 sec
    Elapsed (wall)    : 01:23:01
    Nodes             : 1 (c202n02)
    CPUs allocated    : 1
    Tasks             : 1
    CPU time (total)  : 4954.15 sec  (user 4950.27, sys 3.89)
    CPU efficiency    : 99.5%
    Memory in use     : 1.04 GB  (sampled at job end; see seff for peak)
    Memory requested  : 8G
    Working directory : /gpfs_common/share01/titan/krchen/Proj1-Cache-Reverse-Engineering
    Exit code         : 0:0

    For final accounting (Slurm's MaxRSS, billing, etc.):  seff 838235
------------------------------------------------------------
