=== Machine identification (Phase Discipline whitelist only) ===
c205n03
Linux c205n03 5.14.0-611.5.1.el9_7.x86_64 #1 SMP PREEMPT_DYNAMIC Fri Oct 17 14:16:35 EDT 2025 x86_64 x86_64 x86_64 GNU/Linux
model name	: Intel(R) Xeon(R) CPU E5-2650 v4 @ 2.20GHz
Assigned logical CPU: 12, SLURM_JOB_ID=848748

=== Running scripts/run_associativity_full.sh (HAZEL_MODE=1) for hazel_broadwell/phase1_v2, cache_bytes=32768,262144,33554432 ===
== run_associativity_full: machine=hazel_broadwell/phase1_v2 core=12 base_seed=12345 max_ways=40 ==
== timestamp=20260916T044119Z ==
-- using explicit cache_bytes override: 32768 262144 33554432 --

== level L1: cache_bytes=32768 ==
-- base sweep num_ways=2-40 --
  wrote 39002 lines -> data_raw/hazel_broadwell/phase1_v2/associativity/L1/associativity_base_random_20260916T044119Z.csv (seed=12345)
  wrote 39002 lines -> data_raw/hazel_broadwell/phase1_v2/associativity/L1/associativity_base_sequential_20260916T044119Z.csv (seed=12345)
Wrote 39 summary rows to data_processed/hazel_broadwell/phase1_v2/associativity/L1/base_random_summary_20260916T044119Z.csv
Wrote 39 summary rows to data_processed/hazel_broadwell/phase1_v2/associativity/L1/base_sequential_summary_20260916T044119Z.csv
-- detected associativity estimate: 8 --
  -- repeat 1/2 (seed=12346) --
  wrote 39002 lines -> data_raw/hazel_broadwell/phase1_v2/associativity/L1/associativity_rep1_random_20260916T044119Z.csv (seed=12346)
  wrote 39002 lines -> data_raw/hazel_broadwell/phase1_v2/associativity/L1/associativity_rep1_sequential_20260916T044119Z.csv (seed=12346)
Wrote 39 summary rows to data_processed/hazel_broadwell/phase1_v2/associativity/L1/rep1_random_summary_20260916T044119Z.csv
Wrote 39 summary rows to data_processed/hazel_broadwell/phase1_v2/associativity/L1/rep1_sequential_summary_20260916T044119Z.csv
     repeat 1 detected estimate: 8
  -- repeat 2/2 (seed=12347) --
  wrote 39002 lines -> data_raw/hazel_broadwell/phase1_v2/associativity/L1/associativity_rep2_random_20260916T044119Z.csv (seed=12347)
  wrote 39002 lines -> data_raw/hazel_broadwell/phase1_v2/associativity/L1/associativity_rep2_sequential_20260916T044119Z.csv (seed=12347)
Wrote 39 summary rows to data_processed/hazel_broadwell/phase1_v2/associativity/L1/rep2_random_summary_20260916T044119Z.csv
Wrote 39 summary rows to data_processed/hazel_broadwell/phase1_v2/associativity/L1/rep2_sequential_summary_20260916T044119Z.csv
     repeat 2 detected estimate: 8
-- generating plots for L1 --
  note: num_ways=38 (random) has 3 overlapping summary rows with medians [28.8, 22.1, 29.2] (spread 7.1 ticks, 26.8%) -- averaging, widening whiskers to the union
  note: num_ways=39 (random) has 3 overlapping summary rows with medians [29.2, 22.1, 29.7] (spread 7.6 ticks, 28.3%) -- averaging, widening whiskers to the union
  note: num_ways=40 (random) has 3 overlapping summary rows with medians [29.4, 22.1, 36.9] (spread 14.8 ticks, 50.4%) -- averaging, widening whiskers to the union
  note: num_ways=8 (sequential) has 3 overlapping summary rows with medians [12.7, 8.9, 8.9] (spread 3.8 ticks, 37.3%) -- averaging, widening whiskers to the union
  note: num_ways=26 (sequential) has 3 overlapping summary rows with medians [21.6, 22.1, 32.6] (spread 11.0 ticks, 43.1%) -- averaging, widening whiskers to the union
  note: num_ways=27 (sequential) has 3 overlapping summary rows with medians [21.6, 22.1, 32.2] (spread 10.5 ticks, 41.7%) -- averaging, widening whiskers to the union
  note: num_ways=28 (sequential) has 3 overlapping summary rows with medians [21.7, 22.1, 31.8] (spread 10.1 ticks, 40.3%) -- averaging, widening whiskers to the union
  note: num_ways=29 (sequential) has 3 overlapping summary rows with medians [21.7, 22.1, 31.4] (spread 9.7 ticks, 38.7%) -- averaging, widening whiskers to the union
  note: num_ways=30 (sequential) has 3 overlapping summary rows with medians [21.7, 22.1, 31.3] (spread 9.6 ticks, 38.2%) -- averaging, widening whiskers to the union
  note: num_ways=31 (sequential) has 3 overlapping summary rows with medians [21.7, 22.1, 30.8] (spread 9.2 ticks, 36.8%) -- averaging, widening whiskers to the union
  note: num_ways=32 (sequential) has 3 overlapping summary rows with medians [21.7, 22.1, 30.0] (spread 8.3 ticks, 33.7%) -- averaging, widening whiskers to the union
  note: num_ways=33 (sequential) has 3 overlapping summary rows with medians [21.8, 22.0, 29.6] (spread 7.8 ticks, 31.8%) -- averaging, widening whiskers to the union
  note: num_ways=34 (sequential) has 3 overlapping summary rows with medians [21.8, 22.1, 30.2] (spread 8.5 ticks, 34.3%) -- averaging, widening whiskers to the union
  note: num_ways=35 (sequential) has 3 overlapping summary rows with medians [21.8, 22.1, 29.8] (spread 8.0 ticks, 32.8%) -- averaging, widening whiskers to the union
  note: num_ways=36 (sequential) has 3 overlapping summary rows with medians [21.8, 29.3, 29.7] (spread 7.9 ticks, 29.5%) -- averaging, widening whiskers to the union
  note: num_ways=37 (sequential) has 3 overlapping summary rows with medians [21.8, 29.5, 29.6] (spread 7.8 ticks, 28.8%) -- averaging, widening whiskers to the union
  note: num_ways=38 (sequential) has 3 overlapping summary rows with medians [21.8, 29.3, 29.3] (spread 7.5 ticks, 28.0%) -- averaging, widening whiskers to the union
  note: num_ways=39 (sequential) has 3 overlapping summary rows with medians [21.8, 29.1, 28.5] (spread 7.3 ticks, 27.5%) -- averaging, widening whiskers to the union
  note: num_ways=40 (sequential) has 3 overlapping summary rows with medians [21.8, 29.0, 29.0] (spread 7.2 ticks, 27.0%) -- averaging, widening whiskers to the union
Wrote data_processed/hazel_broadwell/phase1_v2/associativity/L1/plots/associativity_curve.pdf and .png
Wrote data_processed/hazel_broadwell/phase1_v2/associativity/L1/plots/associativity_boxplots.pdf and .png
-- compressing raw CSVs for L1 --

== level L2: cache_bytes=262144 ==
-- base sweep num_ways=2-40 --
  wrote 39002 lines -> data_raw/hazel_broadwell/phase1_v2/associativity/L2/associativity_base_random_20260916T044119Z.csv (seed=12345)
  wrote 39002 lines -> data_raw/hazel_broadwell/phase1_v2/associativity/L2/associativity_base_sequential_20260916T044119Z.csv (seed=12345)
Wrote 39 summary rows to data_processed/hazel_broadwell/phase1_v2/associativity/L2/base_random_summary_20260916T044119Z.csv
Wrote 39 summary rows to data_processed/hazel_broadwell/phase1_v2/associativity/L2/base_sequential_summary_20260916T044119Z.csv
-- detected associativity estimate: 4 --
  -- repeat 1/2 (seed=12346) --
  wrote 39002 lines -> data_raw/hazel_broadwell/phase1_v2/associativity/L2/associativity_rep1_random_20260916T044119Z.csv (seed=12346)
  wrote 39002 lines -> data_raw/hazel_broadwell/phase1_v2/associativity/L2/associativity_rep1_sequential_20260916T044119Z.csv (seed=12346)
Wrote 39 summary rows to data_processed/hazel_broadwell/phase1_v2/associativity/L2/rep1_random_summary_20260916T044119Z.csv
Wrote 39 summary rows to data_processed/hazel_broadwell/phase1_v2/associativity/L2/rep1_sequential_summary_20260916T044119Z.csv
     repeat 1 detected estimate: 4
  -- repeat 2/2 (seed=12347) --
  wrote 39002 lines -> data_raw/hazel_broadwell/phase1_v2/associativity/L2/associativity_rep2_random_20260916T044119Z.csv (seed=12347)
  wrote 39002 lines -> data_raw/hazel_broadwell/phase1_v2/associativity/L2/associativity_rep2_sequential_20260916T044119Z.csv (seed=12347)
Wrote 39 summary rows to data_processed/hazel_broadwell/phase1_v2/associativity/L2/rep2_random_summary_20260916T044119Z.csv
Wrote 39 summary rows to data_processed/hazel_broadwell/phase1_v2/associativity/L2/rep2_sequential_summary_20260916T044119Z.csv
     repeat 2 detected estimate: 4
-- generating plots for L2 --
  note: num_ways=10 (random) has 3 overlapping summary rows with medians [40.7, 43.5, 15.1] (spread 28.4 ticks, 86.0%) -- averaging, widening whiskers to the union
  note: num_ways=11 (random) has 3 overlapping summary rows with medians [38.7, 39.7, 15.0] (spread 24.7 ticks, 79.2%) -- averaging, widening whiskers to the union
  note: num_ways=12 (random) has 3 overlapping summary rows with medians [36.4, 38.8, 15.1] (spread 23.7 ticks, 78.7%) -- averaging, widening whiskers to the union
  note: num_ways=13 (random) has 3 overlapping summary rows with medians [37.4, 39.7, 17.7] (spread 21.9 ticks, 69.4%) -- averaging, widening whiskers to the union
  note: num_ways=14 (random) has 3 overlapping summary rows with medians [37.1, 38.3, 18.0] (spread 20.3 ticks, 65.1%) -- averaging, widening whiskers to the union
  note: num_ways=15 (random) has 3 overlapping summary rows with medians [36.0, 37.3, 18.3] (spread 19.0 ticks, 62.3%) -- averaging, widening whiskers to the union
  note: num_ways=16 (random) has 3 overlapping summary rows with medians [35.1, 36.2, 18.6] (spread 17.7 ticks, 59.0%) -- averaging, widening whiskers to the union
  note: num_ways=9 (sequential) has 3 overlapping summary rows with medians [10.8, 20.4, 10.8] (spread 9.5 ticks, 67.9%) -- averaging, widening whiskers to the union
  note: num_ways=10 (sequential) has 3 overlapping summary rows with medians [15.1, 41.1, 15.1] (spread 26.1 ticks, 109.8%) -- averaging, widening whiskers to the union
  note: num_ways=11 (sequential) has 3 overlapping summary rows with medians [15.1, 40.0, 15.1] (spread 25.0 ticks, 106.8%) -- averaging, widening whiskers to the union
  note: num_ways=12 (sequential) has 3 overlapping summary rows with medians [15.0, 38.0, 15.1] (spread 22.9 ticks, 101.0%) -- averaging, widening whiskers to the union
  note: num_ways=13 (sequential) has 3 overlapping summary rows with medians [17.7, 39.5, 17.7] (spread 21.7 ticks, 86.9%) -- averaging, widening whiskers to the union
  note: num_ways=14 (sequential) has 3 overlapping summary rows with medians [18.1, 39.0, 18.0] (spread 21.0 ticks, 83.8%) -- averaging, widening whiskers to the union
  note: num_ways=15 (sequential) has 3 overlapping summary rows with medians [18.3, 38.2, 18.3] (spread 19.9 ticks, 79.8%) -- averaging, widening whiskers to the union
  note: num_ways=16 (sequential) has 3 overlapping summary rows with medians [18.5, 36.9, 18.5] (spread 18.3 ticks, 74.5%) -- averaging, widening whiskers to the union
Wrote data_processed/hazel_broadwell/phase1_v2/associativity/L2/plots/associativity_curve.pdf and .png
Wrote data_processed/hazel_broadwell/phase1_v2/associativity/L2/plots/associativity_boxplots.pdf and .png
-- compressing raw CSVs for L2 --

== level L3_LLC: cache_bytes=33554432 ==
-- base sweep num_ways=2-40 --
  wrote 39002 lines -> data_raw/hazel_broadwell/phase1_v2/associativity/L3_LLC/associativity_base_random_20260916T044119Z.csv (seed=12345)
  wrote 39002 lines -> data_raw/hazel_broadwell/phase1_v2/associativity/L3_LLC/associativity_base_sequential_20260916T044119Z.csv (seed=12345)
Wrote 39 summary rows to data_processed/hazel_broadwell/phase1_v2/associativity/L3_LLC/base_random_summary_20260916T044119Z.csv
Wrote 39 summary rows to data_processed/hazel_broadwell/phase1_v2/associativity/L3_LLC/base_sequential_summary_20260916T044119Z.csv
-- detected associativity estimate: 5 --
  -- repeat 1/2 (seed=12346) --
  wrote 39002 lines -> data_raw/hazel_broadwell/phase1_v2/associativity/L3_LLC/associativity_rep1_random_20260916T044119Z.csv (seed=12346)
  wrote 39002 lines -> data_raw/hazel_broadwell/phase1_v2/associativity/L3_LLC/associativity_rep1_sequential_20260916T044119Z.csv (seed=12346)
Wrote 39 summary rows to data_processed/hazel_broadwell/phase1_v2/associativity/L3_LLC/rep1_random_summary_20260916T044119Z.csv
Wrote 39 summary rows to data_processed/hazel_broadwell/phase1_v2/associativity/L3_LLC/rep1_sequential_summary_20260916T044119Z.csv
     repeat 1 detected estimate: 5
  -- repeat 2/2 (seed=12347) --
  wrote 39002 lines -> data_raw/hazel_broadwell/phase1_v2/associativity/L3_LLC/associativity_rep2_random_20260916T044119Z.csv (seed=12347)
  wrote 39002 lines -> data_raw/hazel_broadwell/phase1_v2/associativity/L3_LLC/associativity_rep2_sequential_20260916T044119Z.csv (seed=12347)
Wrote 39 summary rows to data_processed/hazel_broadwell/phase1_v2/associativity/L3_LLC/rep2_random_summary_20260916T044119Z.csv
Wrote 39 summary rows to data_processed/hazel_broadwell/phase1_v2/associativity/L3_LLC/rep2_sequential_summary_20260916T044119Z.csv
     repeat 2 detected estimate: 5
-- generating plots for L3_LLC --
Wrote data_processed/hazel_broadwell/phase1_v2/associativity/L3_LLC/plots/associativity_curve.pdf and .png
Wrote data_processed/hazel_broadwell/phase1_v2/associativity/L3_LLC/plots/associativity_boxplots.pdf and .png
-- compressing raw CSVs for L3_LLC --

== done ==
== L1: cache_bytes=32768 -> associativity=8 (repeats: 8 8) ==
== L2: cache_bytes=262144 -> associativity=4 (repeats: 4 4) ==
== L3_LLC: cache_bytes=33554432 -> associativity=5 (repeats: 5 5) ==
== record in data_raw/hazel_broadwell/phase1_v2/README.md: core=12, base_seed=12345 (repeats use base_seed+index), samples=1000000, max_ways=40, timestamp=20260916T044119Z ==
== full transcript saved to: data_raw/hazel_broadwell/phase1_v2/associativity/run_associativity_full_20260916T044119Z.log ==

=== Done ===

------------------------------------------------------------
Resource usage summary:

    Job ID            : 848748
    Job name          : hw1_assoc_relook
    User / Account    : krchen / ece592f26_cpu
    Partition / QOS   : compute_partners / short
    Submitted         : 2026-09-16T00:34:12
    Started           : 2026-09-16T00:41:17
    Wait time         : 425 sec
    Elapsed (wall)    : 00:00:36
    Nodes             : 1 (c205n03)
    CPUs allocated    : 1
    Tasks             : 1
    CPU time (total)  : 31.95 sec  (user 24.95, sys 7.01)
    CPU efficiency    : 88.8%
    Memory in use     : 87.54 MB  (sampled at job end; see seff for peak)
    Memory requested  : 8G
    Working directory : /gpfs_common/share01/titan/krchen/Proj1-Cache-Reverse-Engineering
    Exit code         : 0:0

    For final accounting (Slurm's MaxRSS, billing, etc.):  seff 848748
------------------------------------------------------------
