=== Machine identification (Phase Discipline whitelist only) ===
c205n06
Linux c205n06 5.14.0-611.5.1.el9_7.x86_64 #1 SMP PREEMPT_DYNAMIC Fri Oct 17 14:16:35 EDT 2025 x86_64 x86_64 x86_64 GNU/Linux
model name	: Intel(R) Xeon(R) CPU E5-2650 v4 @ 2.20GHz
Assigned logical CPU: 13, SLURM_JOB_ID=848664

=== Running scripts/run_hit_latency_full.sh (HAZEL_MODE=1) for hazel_broadwell/phase1_v2, boundaries=L1:32768,L2:262144,LLC:33554432,DRAM:536870912 ===
== run_hit_latency_full: machine=hazel_broadwell/phase1_v2 core=13 base_seed=12345 ==
== timestamp=20260916T042737Z ==

== level L1: footprint_bytes=32768 ==
-- base (seed=12345) --
  wrote 1002 lines -> data_raw/hazel_broadwell/phase1_v2/latency/hit/L1/hit_latency_base_dependent_random_20260916T042737Z.csv (mode=dependent pattern=random seed=12345)
Wrote 1 summary rows to data_processed/hazel_broadwell/phase1_v2/latency/hit/L1/base_dependent_random_summary_20260916T042737Z.csv
  wrote 1002 lines -> data_raw/hazel_broadwell/phase1_v2/latency/hit/L1/hit_latency_base_dependent_sequential_20260916T042737Z.csv (mode=dependent pattern=sequential seed=12345)
Wrote 1 summary rows to data_processed/hazel_broadwell/phase1_v2/latency/hit/L1/base_dependent_sequential_summary_20260916T042737Z.csv
  wrote 1002 lines -> data_raw/hazel_broadwell/phase1_v2/latency/hit/L1/hit_latency_base_independent_random_20260916T042737Z.csv (mode=independent pattern=random seed=12345)
Wrote 1 summary rows to data_processed/hazel_broadwell/phase1_v2/latency/hit/L1/base_independent_random_summary_20260916T042737Z.csv
  wrote 1002 lines -> data_raw/hazel_broadwell/phase1_v2/latency/hit/L1/hit_latency_base_independent_sequential_20260916T042737Z.csv (mode=independent pattern=sequential seed=12345)
Wrote 1 summary rows to data_processed/hazel_broadwell/phase1_v2/latency/hit/L1/base_independent_sequential_summary_20260916T042737Z.csv
-- rep1 (seed=12346) --
  wrote 1002 lines -> data_raw/hazel_broadwell/phase1_v2/latency/hit/L1/hit_latency_rep1_dependent_random_20260916T042737Z.csv (mode=dependent pattern=random seed=12346)
Wrote 1 summary rows to data_processed/hazel_broadwell/phase1_v2/latency/hit/L1/rep1_dependent_random_summary_20260916T042737Z.csv
  wrote 1002 lines -> data_raw/hazel_broadwell/phase1_v2/latency/hit/L1/hit_latency_rep1_dependent_sequential_20260916T042737Z.csv (mode=dependent pattern=sequential seed=12346)
Wrote 1 summary rows to data_processed/hazel_broadwell/phase1_v2/latency/hit/L1/rep1_dependent_sequential_summary_20260916T042737Z.csv
  wrote 1002 lines -> data_raw/hazel_broadwell/phase1_v2/latency/hit/L1/hit_latency_rep1_independent_random_20260916T042737Z.csv (mode=independent pattern=random seed=12346)
Wrote 1 summary rows to data_processed/hazel_broadwell/phase1_v2/latency/hit/L1/rep1_independent_random_summary_20260916T042737Z.csv
  wrote 1002 lines -> data_raw/hazel_broadwell/phase1_v2/latency/hit/L1/hit_latency_rep1_independent_sequential_20260916T042737Z.csv (mode=independent pattern=sequential seed=12346)
Wrote 1 summary rows to data_processed/hazel_broadwell/phase1_v2/latency/hit/L1/rep1_independent_sequential_summary_20260916T042737Z.csv
-- rep2 (seed=12347) --
  wrote 1002 lines -> data_raw/hazel_broadwell/phase1_v2/latency/hit/L1/hit_latency_rep2_dependent_random_20260916T042737Z.csv (mode=dependent pattern=random seed=12347)
Wrote 1 summary rows to data_processed/hazel_broadwell/phase1_v2/latency/hit/L1/rep2_dependent_random_summary_20260916T042737Z.csv
  wrote 1002 lines -> data_raw/hazel_broadwell/phase1_v2/latency/hit/L1/hit_latency_rep2_dependent_sequential_20260916T042737Z.csv (mode=dependent pattern=sequential seed=12347)
Wrote 1 summary rows to data_processed/hazel_broadwell/phase1_v2/latency/hit/L1/rep2_dependent_sequential_summary_20260916T042737Z.csv
  wrote 1002 lines -> data_raw/hazel_broadwell/phase1_v2/latency/hit/L1/hit_latency_rep2_independent_random_20260916T042737Z.csv (mode=independent pattern=random seed=12347)
Wrote 1 summary rows to data_processed/hazel_broadwell/phase1_v2/latency/hit/L1/rep2_independent_random_summary_20260916T042737Z.csv
  wrote 1002 lines -> data_raw/hazel_broadwell/phase1_v2/latency/hit/L1/hit_latency_rep2_independent_sequential_20260916T042737Z.csv (mode=independent pattern=sequential seed=12347)
Wrote 1 summary rows to data_processed/hazel_broadwell/phase1_v2/latency/hit/L1/rep2_independent_sequential_summary_20260916T042737Z.csv
-- generating plots for L1 --
  note: ('dependent', 'random') has 3 overlapping summary rows with medians [9.1, 9.1, 19.0] (spread 9.9 ticks, 79.9%) -- averaging, widening whiskers to the union
  note: ('independent', 'random') has 3 overlapping summary rows with medians [7.5, 15.5, 8.5] (spread 8.0 ticks, 76.8%) -- averaging, widening whiskers to the union
random: independent < dependent (10.47 vs 12.41 ticks) [expected]
sequential: independent < dependent (8.02 vs 9.41 ticks) [expected]
Wrote data_processed/hazel_broadwell/phase1_v2/latency/hit/L1/plots/hit_latency_boxplots.pdf and .png
-- compressing raw CSVs for L1 --

== level L2: footprint_bytes=262144 ==
-- base (seed=12345) --
  wrote 1002 lines -> data_raw/hazel_broadwell/phase1_v2/latency/hit/L2/hit_latency_base_dependent_random_20260916T042737Z.csv (mode=dependent pattern=random seed=12345)
Wrote 1 summary rows to data_processed/hazel_broadwell/phase1_v2/latency/hit/L2/base_dependent_random_summary_20260916T042737Z.csv
  wrote 1002 lines -> data_raw/hazel_broadwell/phase1_v2/latency/hit/L2/hit_latency_base_dependent_sequential_20260916T042737Z.csv (mode=dependent pattern=sequential seed=12345)
Wrote 1 summary rows to data_processed/hazel_broadwell/phase1_v2/latency/hit/L2/base_dependent_sequential_summary_20260916T042737Z.csv
  wrote 1002 lines -> data_raw/hazel_broadwell/phase1_v2/latency/hit/L2/hit_latency_base_independent_random_20260916T042737Z.csv (mode=independent pattern=random seed=12345)
Wrote 1 summary rows to data_processed/hazel_broadwell/phase1_v2/latency/hit/L2/base_independent_random_summary_20260916T042737Z.csv
  wrote 1002 lines -> data_raw/hazel_broadwell/phase1_v2/latency/hit/L2/hit_latency_base_independent_sequential_20260916T042737Z.csv (mode=independent pattern=sequential seed=12345)
Wrote 1 summary rows to data_processed/hazel_broadwell/phase1_v2/latency/hit/L2/base_independent_sequential_summary_20260916T042737Z.csv
-- rep1 (seed=12346) --
  wrote 1002 lines -> data_raw/hazel_broadwell/phase1_v2/latency/hit/L2/hit_latency_rep1_dependent_random_20260916T042737Z.csv (mode=dependent pattern=random seed=12346)
Wrote 1 summary rows to data_processed/hazel_broadwell/phase1_v2/latency/hit/L2/rep1_dependent_random_summary_20260916T042737Z.csv
  wrote 1002 lines -> data_raw/hazel_broadwell/phase1_v2/latency/hit/L2/hit_latency_rep1_dependent_sequential_20260916T042737Z.csv (mode=dependent pattern=sequential seed=12346)
Wrote 1 summary rows to data_processed/hazel_broadwell/phase1_v2/latency/hit/L2/rep1_dependent_sequential_summary_20260916T042737Z.csv
  wrote 1002 lines -> data_raw/hazel_broadwell/phase1_v2/latency/hit/L2/hit_latency_rep1_independent_random_20260916T042737Z.csv (mode=independent pattern=random seed=12346)
Wrote 1 summary rows to data_processed/hazel_broadwell/phase1_v2/latency/hit/L2/rep1_independent_random_summary_20260916T042737Z.csv
  wrote 1002 lines -> data_raw/hazel_broadwell/phase1_v2/latency/hit/L2/hit_latency_rep1_independent_sequential_20260916T042737Z.csv (mode=independent pattern=sequential seed=12346)
Wrote 1 summary rows to data_processed/hazel_broadwell/phase1_v2/latency/hit/L2/rep1_independent_sequential_summary_20260916T042737Z.csv
-- rep2 (seed=12347) --
  wrote 1002 lines -> data_raw/hazel_broadwell/phase1_v2/latency/hit/L2/hit_latency_rep2_dependent_random_20260916T042737Z.csv (mode=dependent pattern=random seed=12347)
Wrote 1 summary rows to data_processed/hazel_broadwell/phase1_v2/latency/hit/L2/rep2_dependent_random_summary_20260916T042737Z.csv
  wrote 1002 lines -> data_raw/hazel_broadwell/phase1_v2/latency/hit/L2/hit_latency_rep2_dependent_sequential_20260916T042737Z.csv (mode=dependent pattern=sequential seed=12347)
Wrote 1 summary rows to data_processed/hazel_broadwell/phase1_v2/latency/hit/L2/rep2_dependent_sequential_summary_20260916T042737Z.csv
  wrote 1002 lines -> data_raw/hazel_broadwell/phase1_v2/latency/hit/L2/hit_latency_rep2_independent_random_20260916T042737Z.csv (mode=independent pattern=random seed=12347)
Wrote 1 summary rows to data_processed/hazel_broadwell/phase1_v2/latency/hit/L2/rep2_independent_random_summary_20260916T042737Z.csv
  wrote 1002 lines -> data_raw/hazel_broadwell/phase1_v2/latency/hit/L2/hit_latency_rep2_independent_sequential_20260916T042737Z.csv (mode=independent pattern=sequential seed=12347)
Wrote 1 summary rows to data_processed/hazel_broadwell/phase1_v2/latency/hit/L2/rep2_independent_sequential_summary_20260916T042737Z.csv
-- generating plots for L2 --
random: independent < dependent (10.00 vs 20.17 ticks) [expected]
sequential: independent < dependent (7.36 vs 8.92 ticks) [expected]
Wrote data_processed/hazel_broadwell/phase1_v2/latency/hit/L2/plots/hit_latency_boxplots.pdf and .png
-- compressing raw CSVs for L2 --

== level LLC: footprint_bytes=33554432 ==
-- base (seed=12345) --
  wrote 1002 lines -> data_raw/hazel_broadwell/phase1_v2/latency/hit/LLC/hit_latency_base_dependent_random_20260916T042737Z.csv (mode=dependent pattern=random seed=12345)
Wrote 1 summary rows to data_processed/hazel_broadwell/phase1_v2/latency/hit/LLC/base_dependent_random_summary_20260916T042737Z.csv
  wrote 1002 lines -> data_raw/hazel_broadwell/phase1_v2/latency/hit/LLC/hit_latency_base_dependent_sequential_20260916T042737Z.csv (mode=dependent pattern=sequential seed=12345)
Wrote 1 summary rows to data_processed/hazel_broadwell/phase1_v2/latency/hit/LLC/base_dependent_sequential_summary_20260916T042737Z.csv
  wrote 1002 lines -> data_raw/hazel_broadwell/phase1_v2/latency/hit/LLC/hit_latency_base_independent_random_20260916T042737Z.csv (mode=independent pattern=random seed=12345)
Wrote 1 summary rows to data_processed/hazel_broadwell/phase1_v2/latency/hit/LLC/base_independent_random_summary_20260916T042737Z.csv
  wrote 1002 lines -> data_raw/hazel_broadwell/phase1_v2/latency/hit/LLC/hit_latency_base_independent_sequential_20260916T042737Z.csv (mode=independent pattern=sequential seed=12345)
Wrote 1 summary rows to data_processed/hazel_broadwell/phase1_v2/latency/hit/LLC/base_independent_sequential_summary_20260916T042737Z.csv
-- rep1 (seed=12346) --
  wrote 1002 lines -> data_raw/hazel_broadwell/phase1_v2/latency/hit/LLC/hit_latency_rep1_dependent_random_20260916T042737Z.csv (mode=dependent pattern=random seed=12346)
Wrote 1 summary rows to data_processed/hazel_broadwell/phase1_v2/latency/hit/LLC/rep1_dependent_random_summary_20260916T042737Z.csv
  wrote 1002 lines -> data_raw/hazel_broadwell/phase1_v2/latency/hit/LLC/hit_latency_rep1_dependent_sequential_20260916T042737Z.csv (mode=dependent pattern=sequential seed=12346)
Wrote 1 summary rows to data_processed/hazel_broadwell/phase1_v2/latency/hit/LLC/rep1_dependent_sequential_summary_20260916T042737Z.csv
  wrote 1002 lines -> data_raw/hazel_broadwell/phase1_v2/latency/hit/LLC/hit_latency_rep1_independent_random_20260916T042737Z.csv (mode=independent pattern=random seed=12346)
Wrote 1 summary rows to data_processed/hazel_broadwell/phase1_v2/latency/hit/LLC/rep1_independent_random_summary_20260916T042737Z.csv
  wrote 1002 lines -> data_raw/hazel_broadwell/phase1_v2/latency/hit/LLC/hit_latency_rep1_independent_sequential_20260916T042737Z.csv (mode=independent pattern=sequential seed=12346)
Wrote 1 summary rows to data_processed/hazel_broadwell/phase1_v2/latency/hit/LLC/rep1_independent_sequential_summary_20260916T042737Z.csv
-- rep2 (seed=12347) --
  wrote 1002 lines -> data_raw/hazel_broadwell/phase1_v2/latency/hit/LLC/hit_latency_rep2_dependent_random_20260916T042737Z.csv (mode=dependent pattern=random seed=12347)
Wrote 1 summary rows to data_processed/hazel_broadwell/phase1_v2/latency/hit/LLC/rep2_dependent_random_summary_20260916T042737Z.csv
  wrote 1002 lines -> data_raw/hazel_broadwell/phase1_v2/latency/hit/LLC/hit_latency_rep2_dependent_sequential_20260916T042737Z.csv (mode=dependent pattern=sequential seed=12347)
Wrote 1 summary rows to data_processed/hazel_broadwell/phase1_v2/latency/hit/LLC/rep2_dependent_sequential_summary_20260916T042737Z.csv
  wrote 1002 lines -> data_raw/hazel_broadwell/phase1_v2/latency/hit/LLC/hit_latency_rep2_independent_random_20260916T042737Z.csv (mode=independent pattern=random seed=12347)
Wrote 1 summary rows to data_processed/hazel_broadwell/phase1_v2/latency/hit/LLC/rep2_independent_random_summary_20260916T042737Z.csv
  wrote 1002 lines -> data_raw/hazel_broadwell/phase1_v2/latency/hit/LLC/hit_latency_rep2_independent_sequential_20260916T042737Z.csv (mode=independent pattern=sequential seed=12347)
Wrote 1 summary rows to data_processed/hazel_broadwell/phase1_v2/latency/hit/LLC/rep2_independent_sequential_summary_20260916T042737Z.csv
-- generating plots for LLC --
random: independent < dependent (32.30 vs 159.16 ticks) [expected]
sequential: independent < dependent (7.37 vs 8.92 ticks) [expected]
Wrote data_processed/hazel_broadwell/phase1_v2/latency/hit/LLC/plots/hit_latency_boxplots.pdf and .png
-- compressing raw CSVs for LLC --

== level DRAM: footprint_bytes=536870912 ==
-- base (seed=12345) --
  wrote 1002 lines -> data_raw/hazel_broadwell/phase1_v2/latency/hit/DRAM/hit_latency_base_dependent_random_20260916T042737Z.csv (mode=dependent pattern=random seed=12345)
Wrote 1 summary rows to data_processed/hazel_broadwell/phase1_v2/latency/hit/DRAM/base_dependent_random_summary_20260916T042737Z.csv
  wrote 1002 lines -> data_raw/hazel_broadwell/phase1_v2/latency/hit/DRAM/hit_latency_base_dependent_sequential_20260916T042737Z.csv (mode=dependent pattern=sequential seed=12345)
Wrote 1 summary rows to data_processed/hazel_broadwell/phase1_v2/latency/hit/DRAM/base_dependent_sequential_summary_20260916T042737Z.csv
  wrote 1002 lines -> data_raw/hazel_broadwell/phase1_v2/latency/hit/DRAM/hit_latency_base_independent_random_20260916T042737Z.csv (mode=independent pattern=random seed=12345)
Wrote 1 summary rows to data_processed/hazel_broadwell/phase1_v2/latency/hit/DRAM/base_independent_random_summary_20260916T042737Z.csv
  wrote 1002 lines -> data_raw/hazel_broadwell/phase1_v2/latency/hit/DRAM/hit_latency_base_independent_sequential_20260916T042737Z.csv (mode=independent pattern=sequential seed=12345)
Wrote 1 summary rows to data_processed/hazel_broadwell/phase1_v2/latency/hit/DRAM/base_independent_sequential_summary_20260916T042737Z.csv
-- rep1 (seed=12346) --
  wrote 1002 lines -> data_raw/hazel_broadwell/phase1_v2/latency/hit/DRAM/hit_latency_rep1_dependent_random_20260916T042737Z.csv (mode=dependent pattern=random seed=12346)
Wrote 1 summary rows to data_processed/hazel_broadwell/phase1_v2/latency/hit/DRAM/rep1_dependent_random_summary_20260916T042737Z.csv
  wrote 1002 lines -> data_raw/hazel_broadwell/phase1_v2/latency/hit/DRAM/hit_latency_rep1_dependent_sequential_20260916T042737Z.csv (mode=dependent pattern=sequential seed=12346)
Wrote 1 summary rows to data_processed/hazel_broadwell/phase1_v2/latency/hit/DRAM/rep1_dependent_sequential_summary_20260916T042737Z.csv
  wrote 1002 lines -> data_raw/hazel_broadwell/phase1_v2/latency/hit/DRAM/hit_latency_rep1_independent_random_20260916T042737Z.csv (mode=independent pattern=random seed=12346)
Wrote 1 summary rows to data_processed/hazel_broadwell/phase1_v2/latency/hit/DRAM/rep1_independent_random_summary_20260916T042737Z.csv
  wrote 1002 lines -> data_raw/hazel_broadwell/phase1_v2/latency/hit/DRAM/hit_latency_rep1_independent_sequential_20260916T042737Z.csv (mode=independent pattern=sequential seed=12346)
Wrote 1 summary rows to data_processed/hazel_broadwell/phase1_v2/latency/hit/DRAM/rep1_independent_sequential_summary_20260916T042737Z.csv
-- rep2 (seed=12347) --
srun: Job step aborted: Waiting up to 32 seconds for job step to finish.
[2026-09-16T00:31:52.583] error: *** STEP 848664.44 ON c205n06 CANCELLED AT 2026-09-16T00:31:52 DUE to SIGNAL Terminated ***
srun: error: c205n06: task 0: Terminated

------------------------------------------------------------
Resource usage summary:

    Job ID            : 848664
    Job name          : hw1_hitlat_relook
    User / Account    : krchen / ece592f26_cpu
    Partition / QOS   : compute_partners / short
    Submitted         : 2026-09-16T00:27:20
    Started           : 2026-09-16T00:27:35
    Wait time         : 15 sec
    Elapsed (wall)    : 00:04:17
    Nodes             : 1 (c205n06)
    CPUs allocated    : 1
    Tasks             : 1
    CPU time (total)  : 158.28 sec  (user 152.36, sys 5.93)
    CPU efficiency    : 61.6%
    Memory in use     : 1.02 GB  (sampled at job end; see seff for peak)
    Memory requested  : 8G
    Working directory : /gpfs_common/share01/titan/krchen/Proj1-Cache-Reverse-Engineering
    Exit code         : 0:0

    For final accounting (Slurm's MaxRSS, billing, etc.):  seff 848664
------------------------------------------------------------
