=== Machine identification (Phase Discipline whitelist only) ===
c205n03
Linux c205n03 5.14.0-611.5.1.el9_7.x86_64 #1 SMP PREEMPT_DYNAMIC Fri Oct 17 14:16:35 EDT 2025 x86_64 x86_64 x86_64 GNU/Linux
model name	: Intel(R) Xeon(R) CPU E5-2650 v4 @ 2.20GHz
Assigned logical CPU: 12, SLURM_JOB_ID=848751

=== Running scripts/run_inclusion_policy_full.sh (HAZEL_MODE=1) for hazel_broadwell/phase1_v2, pairings=L1_vs_L2:32768:262144:L1_to_L2,L2_vs_LLC:262144:33554432:L2_to_LLC,L1_vs_LLC:32768:33554432:LLC_to_DRAM, assumed_line_size_bytes=64 ===
== run_inclusion_policy_full: machine=hazel_broadwell/phase1_v2 core=12 base_seed=12345 ==
== assumed_line_size_bytes=64 (confirmed for Sunbird 2026-09-11; verify for other machines) ==
== timestamp=20260916T054744Z ==

== L1_vs_L2: target_bytes=32768 lower_level_bytes=262144 -> evict_bytes=16777216 (scaled 4096/64x) ==
-- survived-class calibration (evict_bytes=target_bytes, nothing evicted) --
  survived-class (single-shot, calibrated here): 46.28 ticks
  invalidated-class (from data_processed/hazel_broadwell/phase1_v2/latency/miss/L1_to_L2/base_random_summary_20260916T044552Z.csv): 100.0 ticks
-- base (seed=12345) --
  wrote 402 lines -> data_raw/hazel_broadwell/phase1_v2/inclusion_policy/L1_vs_L2/inclusion_policy_base_random_20260916T054744Z.csv (pattern=random seed=12345)
Wrote 2 summary rows to data_processed/hazel_broadwell/phase1_v2/inclusion_policy/L1_vs_L2/base_random_summary_20260916T054744Z.csv
  wrote 402 lines -> data_raw/hazel_broadwell/phase1_v2/inclusion_policy/L1_vs_L2/inclusion_policy_base_sequential_20260916T054744Z.csv (pattern=sequential seed=12345)
Wrote 2 summary rows to data_processed/hazel_broadwell/phase1_v2/inclusion_policy/L1_vs_L2/base_sequential_summary_20260916T054744Z.csv
-- rep1 (seed=12346) --
  wrote 402 lines -> data_raw/hazel_broadwell/phase1_v2/inclusion_policy/L1_vs_L2/inclusion_policy_rep1_random_20260916T054744Z.csv (pattern=random seed=12346)
Wrote 2 summary rows to data_processed/hazel_broadwell/phase1_v2/inclusion_policy/L1_vs_L2/rep1_random_summary_20260916T054744Z.csv
  wrote 402 lines -> data_raw/hazel_broadwell/phase1_v2/inclusion_policy/L1_vs_L2/inclusion_policy_rep1_sequential_20260916T054744Z.csv (pattern=sequential seed=12346)
Wrote 2 summary rows to data_processed/hazel_broadwell/phase1_v2/inclusion_policy/L1_vs_L2/rep1_sequential_summary_20260916T054744Z.csv
-- rep2 (seed=12347) --
  wrote 402 lines -> data_raw/hazel_broadwell/phase1_v2/inclusion_policy/L1_vs_L2/inclusion_policy_rep2_random_20260916T054744Z.csv (pattern=random seed=12347)
Wrote 2 summary rows to data_processed/hazel_broadwell/phase1_v2/inclusion_policy/L1_vs_L2/rep2_random_summary_20260916T054744Z.csv
  wrote 402 lines -> data_raw/hazel_broadwell/phase1_v2/inclusion_policy/L1_vs_L2/inclusion_policy_rep2_sequential_20260916T054744Z.csv (pattern=sequential seed=12347)
Wrote 2 summary rows to data_processed/hazel_broadwell/phase1_v2/inclusion_policy/L1_vs_L2/rep2_sequential_summary_20260916T054744Z.csv
Survived-class (upper-level hit) median:       46.28 ticks
Invalidated-class (beyond-lower-level) median: 100.00 ticks
Classification boundary (geometric mean):      68.03 ticks

TARGET channel  (n=200): median=57.0 mean=58.9 ticks -- 112 survived-like (56.0%), 85 ambiguous, 3 invalidated-like (1.5%)
CONTROL channel (n=200): median=43.0 mean=44.7 ticks -- 193 survived-like (96.5%), 6 ambiguous, 1 invalidated-like (0.5%)
Paired check: target read slower than its own trial's control in 99.5% of trials (distribution-free, independent of the class boundary above)

VERDICT: UNCERTAIN (mixed result -- do not claim a global policy from this alone)
-- generating plots for L1_vs_L2 --
Wrote data_processed/hazel_broadwell/phase1_v2/inclusion_policy/L1_vs_L2/plots/inclusion_policy_boxplots.pdf and .png
-- compressing raw CSVs for L1_vs_L2 --

== L2_vs_LLC: target_bytes=262144 lower_level_bytes=33554432 -> evict_bytes=2147483648 (scaled 4096/64x) ==
-- survived-class calibration (evict_bytes=target_bytes, nothing evicted) --
  survived-class (single-shot, calibrated here): 62.772 ticks
  invalidated-class (from data_processed/hazel_broadwell/phase1_v2/latency/miss/L2_to_LLC/base_random_summary_20260916T044552Z.csv): 252.0 ticks
-- base (seed=12345) --
  wrote 402 lines -> data_raw/hazel_broadwell/phase1_v2/inclusion_policy/L2_vs_LLC/inclusion_policy_base_random_20260916T054744Z.csv (pattern=random seed=12345)
Wrote 2 summary rows to data_processed/hazel_broadwell/phase1_v2/inclusion_policy/L2_vs_LLC/base_random_summary_20260916T054744Z.csv
  wrote 402 lines -> data_raw/hazel_broadwell/phase1_v2/inclusion_policy/L2_vs_LLC/inclusion_policy_base_sequential_20260916T054744Z.csv (pattern=sequential seed=12345)
Wrote 2 summary rows to data_processed/hazel_broadwell/phase1_v2/inclusion_policy/L2_vs_LLC/base_sequential_summary_20260916T054744Z.csv
-- rep1 (seed=12346) --
  wrote 402 lines -> data_raw/hazel_broadwell/phase1_v2/inclusion_policy/L2_vs_LLC/inclusion_policy_rep1_random_20260916T054744Z.csv (pattern=random seed=12346)
Wrote 2 summary rows to data_processed/hazel_broadwell/phase1_v2/inclusion_policy/L2_vs_LLC/rep1_random_summary_20260916T054744Z.csv
  wrote 402 lines -> data_raw/hazel_broadwell/phase1_v2/inclusion_policy/L2_vs_LLC/inclusion_policy_rep1_sequential_20260916T054744Z.csv (pattern=sequential seed=12346)
Wrote 2 summary rows to data_processed/hazel_broadwell/phase1_v2/inclusion_policy/L2_vs_LLC/rep1_sequential_summary_20260916T054744Z.csv
-- rep2 (seed=12347) --
  wrote 402 lines -> data_raw/hazel_broadwell/phase1_v2/inclusion_policy/L2_vs_LLC/inclusion_policy_rep2_random_20260916T054744Z.csv (pattern=random seed=12347)
Wrote 2 summary rows to data_processed/hazel_broadwell/phase1_v2/inclusion_policy/L2_vs_LLC/rep2_random_summary_20260916T054744Z.csv
  wrote 402 lines -> data_raw/hazel_broadwell/phase1_v2/inclusion_policy/L2_vs_LLC/inclusion_policy_rep2_sequential_20260916T054744Z.csv (pattern=sequential seed=12347)
Wrote 2 summary rows to data_processed/hazel_broadwell/phase1_v2/inclusion_policy/L2_vs_LLC/rep2_sequential_summary_20260916T054744Z.csv
Survived-class (upper-level hit) median:       62.77 ticks
Invalidated-class (beyond-lower-level) median: 252.00 ticks
Classification boundary (geometric mean):      125.77 ticks

TARGET channel  (n=200): median=91.0 mean=108.2 ticks -- 150 survived-like (75.0%), 17 ambiguous, 33 invalidated-like (16.5%)
CONTROL channel (n=200): median=85.0 mean=81.8 ticks -- 165 survived-like (82.5%), 25 ambiguous, 10 invalidated-like (5.0%)
Paired check: target read slower than its own trial's control in 83.5% of trials (distribution-free, independent of the class boundary above)

VERDICT: UNCERTAIN (mixed result -- do not claim a global policy from this alone)
-- generating plots for L2_vs_LLC --
  note: ('target', 'random') has 3 overlapping summary rows with medians [91.0, 57.0, 115.0] (spread 58.0 ticks, 66.2%) -- averaging, widening whiskers to the union
  note: ('target', 'sequential') has 3 overlapping summary rows with medians [100.0, 97.0, 261.0] (spread 164.0 ticks, 107.4%) -- averaging, widening whiskers to the union
  note: ('control', 'sequential') has 3 overlapping summary rows with medians [54.0, 58.0, 85.0] (spread 31.0 ticks, 47.2%) -- averaging, widening whiskers to the union
Wrote data_processed/hazel_broadwell/phase1_v2/inclusion_policy/L2_vs_LLC/plots/inclusion_policy_boxplots.pdf and .png
-- compressing raw CSVs for L2_vs_LLC --

== L1_vs_LLC: target_bytes=32768 lower_level_bytes=33554432 -> evict_bytes=2147483648 (scaled 4096/64x) ==
-- survived-class calibration (evict_bytes=target_bytes, nothing evicted) --
  survived-class (single-shot, calibrated here): 109.706 ticks
  invalidated-class (from data_processed/hazel_broadwell/phase1_v2/latency/miss/LLC_to_DRAM/base_random_summary_20260916T044552Z.csv): 243.0 ticks
-- base (seed=12345) --
  wrote 402 lines -> data_raw/hazel_broadwell/phase1_v2/inclusion_policy/L1_vs_LLC/inclusion_policy_base_random_20260916T054744Z.csv (pattern=random seed=12345)
Wrote 2 summary rows to data_processed/hazel_broadwell/phase1_v2/inclusion_policy/L1_vs_LLC/base_random_summary_20260916T054744Z.csv
  wrote 402 lines -> data_raw/hazel_broadwell/phase1_v2/inclusion_policy/L1_vs_LLC/inclusion_policy_base_sequential_20260916T054744Z.csv (pattern=sequential seed=12345)
Wrote 2 summary rows to data_processed/hazel_broadwell/phase1_v2/inclusion_policy/L1_vs_LLC/base_sequential_summary_20260916T054744Z.csv
-- rep1 (seed=12346) --
  wrote 402 lines -> data_raw/hazel_broadwell/phase1_v2/inclusion_policy/L1_vs_LLC/inclusion_policy_rep1_random_20260916T054744Z.csv (pattern=random seed=12346)
Wrote 2 summary rows to data_processed/hazel_broadwell/phase1_v2/inclusion_policy/L1_vs_LLC/rep1_random_summary_20260916T054744Z.csv
  wrote 402 lines -> data_raw/hazel_broadwell/phase1_v2/inclusion_policy/L1_vs_LLC/inclusion_policy_rep1_sequential_20260916T054744Z.csv (pattern=sequential seed=12346)
Wrote 2 summary rows to data_processed/hazel_broadwell/phase1_v2/inclusion_policy/L1_vs_LLC/rep1_sequential_summary_20260916T054744Z.csv
-- rep2 (seed=12347) --
  wrote 402 lines -> data_raw/hazel_broadwell/phase1_v2/inclusion_policy/L1_vs_LLC/inclusion_policy_rep2_random_20260916T054744Z.csv (pattern=random seed=12347)
Wrote 2 summary rows to data_processed/hazel_broadwell/phase1_v2/inclusion_policy/L1_vs_LLC/rep2_random_summary_20260916T054744Z.csv
  wrote 402 lines -> data_raw/hazel_broadwell/phase1_v2/inclusion_policy/L1_vs_LLC/inclusion_policy_rep2_sequential_20260916T054744Z.csv (pattern=sequential seed=12347)
Wrote 2 summary rows to data_processed/hazel_broadwell/phase1_v2/inclusion_policy/L1_vs_LLC/rep2_sequential_summary_20260916T054744Z.csv
Survived-class (upper-level hit) median:       109.71 ticks
Invalidated-class (beyond-lower-level) median: 243.00 ticks
Classification boundary (geometric mean):      163.27 ticks

TARGET channel  (n=200): median=61.0 mean=67.7 ticks -- 199 survived-like (99.5%), 0 ambiguous, 1 invalidated-like (0.5%)
CONTROL channel (n=200): median=64.0 mean=71.6 ticks -- 198 survived-like (99.0%), 1 ambiguous, 1 invalidated-like (0.5%)
Paired check: target read slower than its own trial's control in 63.5% of trials (distribution-free, independent of the class boundary above)

VERDICT: EXCLUSIVE / NON-INCLUSIVE (upper-level copy consistently survived lower-level eviction)
-- generating plots for L1_vs_LLC --
  note: ('control', 'random') has 3 overlapping summary rows with medians [64.0, 55.0, 52.0] (spread 12.0 ticks, 21.1%) -- averaging, widening whiskers to the union
Wrote data_processed/hazel_broadwell/phase1_v2/inclusion_policy/L1_vs_LLC/plots/inclusion_policy_boxplots.pdf and .png
-- compressing raw CSVs for L1_vs_LLC --

== done ==
== L1_vs_L2: VERDICT: UNCERTAIN (mixed result -- do not claim a global policy from this alone) ==
== L2_vs_LLC: VERDICT: UNCERTAIN (mixed result -- do not claim a global policy from this alone) ==
== L1_vs_LLC: VERDICT: EXCLUSIVE / NON-INCLUSIVE (upper-level copy consistently survived lower-level eviction) ==
== record in data_raw/hazel_broadwell/phase1_v2/README.md: core=12, base_seed=12345 (repeats use base_seed+index), trials=200, assumed_line_size_bytes=64, timestamp=20260916T054744Z ==
== full transcript saved to: data_raw/hazel_broadwell/phase1_v2/inclusion_policy/run_inclusion_policy_full_20260916T054744Z.log ==

=== Done ===

------------------------------------------------------------
Resource usage summary:

    Job ID            : 848751
    Job name          : hw1_inclpol_relook
    User / Account    : krchen / ece592f26_cpu
    Partition / QOS   : compute_partners / short
    Submitted         : 2026-09-16T00:34:12
    Started           : 2026-09-16T01:47:43
    Wait time         : 4411 sec
    Elapsed (wall)    : 00:01:56
    Nodes             : 1 (c205n03)
    CPUs allocated    : 1
    Tasks             : 1
    CPU time (total)  : 113.10 sec  (user 105.83, sys 7.27)
    CPU efficiency    : 97.5%
    Memory in use     : 2.02 GB  (sampled at job end; see seff for peak)
    Memory requested  : 8G
    Working directory : /gpfs_common/share01/titan/krchen/Proj1-Cache-Reverse-Engineering
    Exit code         : 0:0

    For final accounting (Slurm's MaxRSS, billing, etc.):  seff 848751
------------------------------------------------------------
