=== Machine identification (Phase Discipline whitelist only) ===
c205n03
Linux c205n03 5.14.0-611.5.1.el9_7.x86_64 #1 SMP PREEMPT_DYNAMIC Fri Oct 17 14:16:35 EDT 2025 x86_64 x86_64 x86_64 GNU/Linux
model name	: Intel(R) Xeon(R) CPU E5-2650 v4 @ 2.20GHz
Assigned core (informational): 0, SLURM_JOB_ID=848710

=== Running scripts/run_line_size.sh (HAZEL_MODE=1) for hazel_broadwell/phase1_v2, boundaries=32768,262144,33554432 ===
== run_line_size: machine=hazel_broadwell/phase1_v2 core=0 seed=12345 ==
== timestamp=20260916T042938Z boundaries=32768,262144,33554432 coarse_strides=8,16,32,64,128,256 ==

############################################################
## LEVEL boundary=32768B -- Method A window=[4096,131072] bytes
############################################################
-- [L32768 A coarse] stride=8B pattern=random offset=0B --
  wrote 31002 lines -> data_raw/hazel_broadwell/phase1_v2/line_size/level_32768/family_8_random_20260916T042938Z.csv
Wrote 31 summary rows to data_processed/hazel_broadwell/phase1_v2/line_size/level_32768/family_8_random_summary.csv
-- [L32768 A coarse] stride=8B pattern=sequential offset=0B --
  wrote 31002 lines -> data_raw/hazel_broadwell/phase1_v2/line_size/level_32768/family_8_sequential_20260916T042938Z.csv
Wrote 31 summary rows to data_processed/hazel_broadwell/phase1_v2/line_size/level_32768/family_8_sequential_summary.csv
-- [L32768 A coarse] stride=16B pattern=random offset=0B --
  wrote 31002 lines -> data_raw/hazel_broadwell/phase1_v2/line_size/level_32768/family_16_random_20260916T042938Z.csv
Wrote 31 summary rows to data_processed/hazel_broadwell/phase1_v2/line_size/level_32768/family_16_random_summary.csv
-- [L32768 A coarse] stride=16B pattern=sequential offset=0B --
  wrote 31002 lines -> data_raw/hazel_broadwell/phase1_v2/line_size/level_32768/family_16_sequential_20260916T042938Z.csv
Wrote 31 summary rows to data_processed/hazel_broadwell/phase1_v2/line_size/level_32768/family_16_sequential_summary.csv
-- [L32768 A coarse] stride=32B pattern=random offset=0B --
  wrote 31002 lines -> data_raw/hazel_broadwell/phase1_v2/line_size/level_32768/family_32_random_20260916T042938Z.csv
Wrote 31 summary rows to data_processed/hazel_broadwell/phase1_v2/line_size/level_32768/family_32_random_summary.csv
-- [L32768 A coarse] stride=32B pattern=sequential offset=0B --
  wrote 31002 lines -> data_raw/hazel_broadwell/phase1_v2/line_size/level_32768/family_32_sequential_20260916T042938Z.csv
Wrote 31 summary rows to data_processed/hazel_broadwell/phase1_v2/line_size/level_32768/family_32_sequential_summary.csv
-- [L32768 A coarse] stride=64B pattern=random offset=0B --
  wrote 31002 lines -> data_raw/hazel_broadwell/phase1_v2/line_size/level_32768/family_64_random_20260916T042938Z.csv
Wrote 31 summary rows to data_processed/hazel_broadwell/phase1_v2/line_size/level_32768/family_64_random_summary.csv
-- [L32768 A coarse] stride=64B pattern=sequential offset=0B --
  wrote 31002 lines -> data_raw/hazel_broadwell/phase1_v2/line_size/level_32768/family_64_sequential_20260916T042938Z.csv
Wrote 31 summary rows to data_processed/hazel_broadwell/phase1_v2/line_size/level_32768/family_64_sequential_summary.csv
-- [L32768 A coarse] stride=128B pattern=random offset=0B --
  wrote 31002 lines -> data_raw/hazel_broadwell/phase1_v2/line_size/level_32768/family_128_random_20260916T042938Z.csv
Wrote 31 summary rows to data_processed/hazel_broadwell/phase1_v2/line_size/level_32768/family_128_random_summary.csv
-- [L32768 A coarse] stride=128B pattern=sequential offset=0B --
  wrote 31002 lines -> data_raw/hazel_broadwell/phase1_v2/line_size/level_32768/family_128_sequential_20260916T042938Z.csv
Wrote 31 summary rows to data_processed/hazel_broadwell/phase1_v2/line_size/level_32768/family_128_sequential_summary.csv
-- [L32768 A coarse] stride=256B pattern=random offset=0B --
  wrote 31002 lines -> data_raw/hazel_broadwell/phase1_v2/line_size/level_32768/family_256_random_20260916T042938Z.csv
Wrote 31 summary rows to data_processed/hazel_broadwell/phase1_v2/line_size/level_32768/family_256_random_summary.csv
-- [L32768 A coarse] stride=256B pattern=sequential offset=0B --
  wrote 31002 lines -> data_raw/hazel_broadwell/phase1_v2/line_size/level_32768/family_256_sequential_20260916T042938Z.csv
Wrote 31 summary rows to data_processed/hazel_broadwell/phase1_v2/line_size/level_32768/family_256_sequential_summary.csv
-- [L32768 A steps 1-3] generating coarse family-of-curves plots --
Wrote data_processed/hazel_broadwell/phase1_v2/line_size/level_32768/plots/line_size_family_curve.pdf and .png
-- per-stride elbow (bytes): {8B: None, 16B: 52016, 32B: 52000, 64B: None, 128B: None, 256B: None}
-- line-size estimate: smallest candidate stride whose elbow agrees with largest tested stride (~52000 bytes) is 16B -- see infer_line_size's docstring caveat on the fixed grid resolution before citing this as a clean line-size number on its own
Wrote data_processed/hazel_broadwell/phase1_v2/line_size/level_32768/plots/line_size_family_boxplots.pdf and .png
   (the per-stride elbow / line-size-estimate lines just above are
   plot_line_size_family.py's own diagnostic guess from ONE un-repeated coarse
   sweep -- NOT auto-applied below; see data_processed/hazel_broadwell/phase1_v2/line_size/level_32768/plots/line_size_family_curve.png
   and decide the step-4 candidate yourself)
== [L32768 A] no candidate given for this level -- inspect
   data_processed/hazel_broadwell/phase1_v2/line_size/level_32768/plots/line_size_family_curve.png yourself and re-run with an
   explicit candidate stride in candidate_overrides_csv for this level (no
   auto-detection: it proved unreliable across runs/cores, see the script's
   header comment). Skipping Method-A step 4.

-- [L32768 B] single-curve method, footprint_bytes=65536 (2.0x boundary) --
-- [L32768 B coarse] stride 8-1024 bytes (step 8) --
  wrote 128002 lines -> data_raw/hazel_broadwell/phase1_v2/line_size/level_32768/singlecurve_coarse_random_20260916T042938Z.csv
  wrote 128002 lines -> data_raw/hazel_broadwell/phase1_v2/line_size/level_32768/singlecurve_coarse_sequential_20260916T042938Z.csv
Wrote 128 summary rows to data_processed/hazel_broadwell/phase1_v2/line_size/level_32768/singlecurve_coarse_random_summary.csv
Wrote 128 summary rows to data_processed/hazel_broadwell/phase1_v2/line_size/level_32768/singlecurve_coarse_sequential_summary.csv
-- [L32768 B] detected line-size estimate (bytes): none --
-- [L32768 B] no transition detected in the coarse sweep; skipping dense/repeat stages --
-- [L32768 B] generating single-curve plots --
  note: flagged 3 isolated spike stride(s) as probable page-aliasing artifacts: [256, 512, 1024]
Wrote data_processed/hazel_broadwell/phase1_v2/line_size/level_32768/plots/line_size_curve.pdf and .png
Wrote data_processed/hazel_broadwell/phase1_v2/line_size/level_32768/plots/line_size_boxplots.pdf and .png
-- compressing raw CSVs for level 32768 --

############################################################
## LEVEL boundary=262144B -- Method A window=[32768,1048576] bytes
############################################################
-- [L262144 A coarse] stride=8B pattern=random offset=0B --
  wrote 31002 lines -> data_raw/hazel_broadwell/phase1_v2/line_size/level_262144/family_8_random_20260916T042938Z.csv
Wrote 31 summary rows to data_processed/hazel_broadwell/phase1_v2/line_size/level_262144/family_8_random_summary.csv
-- [L262144 A coarse] stride=8B pattern=sequential offset=0B --
  wrote 31002 lines -> data_raw/hazel_broadwell/phase1_v2/line_size/level_262144/family_8_sequential_20260916T042938Z.csv
Wrote 31 summary rows to data_processed/hazel_broadwell/phase1_v2/line_size/level_262144/family_8_sequential_summary.csv
-- [L262144 A coarse] stride=16B pattern=random offset=0B --
  wrote 31002 lines -> data_raw/hazel_broadwell/phase1_v2/line_size/level_262144/family_16_random_20260916T042938Z.csv
Wrote 31 summary rows to data_processed/hazel_broadwell/phase1_v2/line_size/level_262144/family_16_random_summary.csv
-- [L262144 A coarse] stride=16B pattern=sequential offset=0B --
  wrote 31002 lines -> data_raw/hazel_broadwell/phase1_v2/line_size/level_262144/family_16_sequential_20260916T042938Z.csv
Wrote 31 summary rows to data_processed/hazel_broadwell/phase1_v2/line_size/level_262144/family_16_sequential_summary.csv
-- [L262144 A coarse] stride=32B pattern=random offset=0B --
  wrote 31002 lines -> data_raw/hazel_broadwell/phase1_v2/line_size/level_262144/family_32_random_20260916T042938Z.csv
Wrote 31 summary rows to data_processed/hazel_broadwell/phase1_v2/line_size/level_262144/family_32_random_summary.csv
-- [L262144 A coarse] stride=32B pattern=sequential offset=0B --
  wrote 31002 lines -> data_raw/hazel_broadwell/phase1_v2/line_size/level_262144/family_32_sequential_20260916T042938Z.csv
Wrote 31 summary rows to data_processed/hazel_broadwell/phase1_v2/line_size/level_262144/family_32_sequential_summary.csv
-- [L262144 A coarse] stride=64B pattern=random offset=0B --
  wrote 31002 lines -> data_raw/hazel_broadwell/phase1_v2/line_size/level_262144/family_64_random_20260916T042938Z.csv
Wrote 31 summary rows to data_processed/hazel_broadwell/phase1_v2/line_size/level_262144/family_64_random_summary.csv
-- [L262144 A coarse] stride=64B pattern=sequential offset=0B --
  wrote 31002 lines -> data_raw/hazel_broadwell/phase1_v2/line_size/level_262144/family_64_sequential_20260916T042938Z.csv
Wrote 31 summary rows to data_processed/hazel_broadwell/phase1_v2/line_size/level_262144/family_64_sequential_summary.csv
-- [L262144 A coarse] stride=128B pattern=random offset=0B --
  wrote 31002 lines -> data_raw/hazel_broadwell/phase1_v2/line_size/level_262144/family_128_random_20260916T042938Z.csv
Wrote 31 summary rows to data_processed/hazel_broadwell/phase1_v2/line_size/level_262144/family_128_random_summary.csv
-- [L262144 A coarse] stride=128B pattern=sequential offset=0B --
  wrote 31002 lines -> data_raw/hazel_broadwell/phase1_v2/line_size/level_262144/family_128_sequential_20260916T042938Z.csv
Wrote 31 summary rows to data_processed/hazel_broadwell/phase1_v2/line_size/level_262144/family_128_sequential_summary.csv
-- [L262144 A coarse] stride=256B pattern=random offset=0B --
  wrote 31002 lines -> data_raw/hazel_broadwell/phase1_v2/line_size/level_262144/family_256_random_20260916T042938Z.csv
Wrote 31 summary rows to data_processed/hazel_broadwell/phase1_v2/line_size/level_262144/family_256_random_summary.csv
-- [L262144 A coarse] stride=256B pattern=sequential offset=0B --
  wrote 31002 lines -> data_raw/hazel_broadwell/phase1_v2/line_size/level_262144/family_256_sequential_20260916T042938Z.csv
Wrote 31 summary rows to data_processed/hazel_broadwell/phase1_v2/line_size/level_262144/family_256_sequential_summary.csv
-- [L262144 A steps 1-3] generating coarse family-of-curves plots --
Wrote data_processed/hazel_broadwell/phase1_v2/line_size/level_262144/plots/line_size_family_curve.pdf and .png
-- per-stride elbow (bytes): {8B: 524288, 16B: 588480, 32B: 524288, 64B: 330240, 128B: 330240, 256B: 370688}
-- line-size estimate: smallest candidate stride whose elbow agrees with largest tested stride (~370688 bytes) is 64B -- see infer_line_size's docstring caveat on the fixed grid resolution before citing this as a clean line-size number on its own
Wrote data_processed/hazel_broadwell/phase1_v2/line_size/level_262144/plots/line_size_family_boxplots.pdf and .png
   (the per-stride elbow / line-size-estimate lines just above are
   plot_line_size_family.py's own diagnostic guess from ONE un-repeated coarse
   sweep -- NOT auto-applied below; see data_processed/hazel_broadwell/phase1_v2/line_size/level_262144/plots/line_size_family_curve.png
   and decide the step-4 candidate yourself)
== [L262144 A] no candidate given for this level -- inspect
   data_processed/hazel_broadwell/phase1_v2/line_size/level_262144/plots/line_size_family_curve.png yourself and re-run with an
   explicit candidate stride in candidate_overrides_csv for this level (no
   auto-detection: it proved unreliable across runs/cores, see the script's
   header comment). Skipping Method-A step 4.

-- [L262144 B] single-curve method, footprint_bytes=524288 (2.0x boundary) --
-- [L262144 B coarse] stride 8-1024 bytes (step 8) --
  wrote 128002 lines -> data_raw/hazel_broadwell/phase1_v2/line_size/level_262144/singlecurve_coarse_random_20260916T042938Z.csv
  wrote 128002 lines -> data_raw/hazel_broadwell/phase1_v2/line_size/level_262144/singlecurve_coarse_sequential_20260916T042938Z.csv
Wrote 128 summary rows to data_processed/hazel_broadwell/phase1_v2/line_size/level_262144/singlecurve_coarse_random_summary.csv
Wrote 128 summary rows to data_processed/hazel_broadwell/phase1_v2/line_size/level_262144/singlecurve_coarse_sequential_summary.csv
-- [L262144 B] detected line-size estimate (bytes): none --
-- [L262144 B] no transition detected in the coarse sweep; skipping dense/repeat stages --
-- [L262144 B] generating single-curve plots --
  note: flagged 4 isolated spike stride(s) as probable page-aliasing artifacts: [256, 512, 768, 1024]
Wrote data_processed/hazel_broadwell/phase1_v2/line_size/level_262144/plots/line_size_curve.pdf and .png
Wrote data_processed/hazel_broadwell/phase1_v2/line_size/level_262144/plots/line_size_boxplots.pdf and .png
-- compressing raw CSVs for level 262144 --

############################################################
## LEVEL boundary=33554432B -- Method A window=[4194304,134217728] bytes
############################################################
-- [L33554432 A coarse] stride=8B pattern=random offset=0B --
[2026-09-16T00:31:55.576] error: *** STEP 848710.28 ON c205n03 CANCELLED AT 2026-09-16T00:31:55 DUE to SIGNAL Terminated ***
srun: Job step aborted: Waiting up to 32 seconds for job step to finish.
srun: error: c205n03: task 0: Terminated

------------------------------------------------------------
Resource usage summary:

    Job ID            : 848710
    Job name          : hw1_ls_relook
    User / Account    : krchen / ece592f26_cpu
    Partition / QOS   : compute_partners / short
    Submitted         : 2026-09-16T00:29:13
    Started           : 2026-09-16T00:29:37
    Wait time         : 24 sec
    Elapsed (wall)    : 00:02:18
    Nodes             : 1 (c205n03)
    CPUs allocated    : 1
    Tasks             : 1
    CPU time (total)  : 50.31 sec  (user 40.57, sys 9.76)
    CPU efficiency    : 36.5%
    Memory in use     : 133.41 MB  (sampled at job end; see seff for peak)
    Memory requested  : 8G
    Working directory : /gpfs_common/share01/titan/krchen/Proj1-Cache-Reverse-Engineering
    Exit code         : 0:0

    For final accounting (Slurm's MaxRSS, billing, etc.):  seff 848710
------------------------------------------------------------
