=== Machine identification (Phase Discipline whitelist only) ===
c205n03
Linux c205n03 5.14.0-611.5.1.el9_7.x86_64 #1 SMP PREEMPT_DYNAMIC Fri Oct 17 14:16:35 EDT 2025 x86_64 x86_64 x86_64 GNU/Linux
model name	: Intel(R) Xeon(R) CPU E5-2650 v4 @ 2.20GHz
Assigned core (informational): 0, SLURM_JOB_ID=848747

=== Running scripts/run_line_size.sh (HAZEL_MODE=1) for hazel_broadwell/phase1_v2, boundaries=32768,262144,33554432 ===
== run_line_size: machine=hazel_broadwell/phase1_v2 core=0 seed=12345 ==
== timestamp=20260916T043444Z boundaries=32768,262144,33554432 coarse_strides=8,16,32,64,128,256 ==

############################################################
## LEVEL boundary=32768B -- Method A window=[4096,131072] bytes
############################################################
-- [L32768 A coarse] stride=8B pattern=random offset=0B --
  wrote 31002 lines -> data_raw/hazel_broadwell/phase1_v2/line_size/level_32768/family_8_random_20260916T043444Z.csv
Wrote 31 summary rows to data_processed/hazel_broadwell/phase1_v2/line_size/level_32768/family_8_random_summary.csv
-- [L32768 A coarse] stride=8B pattern=sequential offset=0B --
  wrote 31002 lines -> data_raw/hazel_broadwell/phase1_v2/line_size/level_32768/family_8_sequential_20260916T043444Z.csv
Wrote 31 summary rows to data_processed/hazel_broadwell/phase1_v2/line_size/level_32768/family_8_sequential_summary.csv
-- [L32768 A coarse] stride=16B pattern=random offset=0B --
  wrote 31002 lines -> data_raw/hazel_broadwell/phase1_v2/line_size/level_32768/family_16_random_20260916T043444Z.csv
Wrote 31 summary rows to data_processed/hazel_broadwell/phase1_v2/line_size/level_32768/family_16_random_summary.csv
-- [L32768 A coarse] stride=16B pattern=sequential offset=0B --
  wrote 31002 lines -> data_raw/hazel_broadwell/phase1_v2/line_size/level_32768/family_16_sequential_20260916T043444Z.csv
Wrote 31 summary rows to data_processed/hazel_broadwell/phase1_v2/line_size/level_32768/family_16_sequential_summary.csv
-- [L32768 A coarse] stride=32B pattern=random offset=0B --
  wrote 31002 lines -> data_raw/hazel_broadwell/phase1_v2/line_size/level_32768/family_32_random_20260916T043444Z.csv
Wrote 31 summary rows to data_processed/hazel_broadwell/phase1_v2/line_size/level_32768/family_32_random_summary.csv
-- [L32768 A coarse] stride=32B pattern=sequential offset=0B --
  wrote 31002 lines -> data_raw/hazel_broadwell/phase1_v2/line_size/level_32768/family_32_sequential_20260916T043444Z.csv
Wrote 31 summary rows to data_processed/hazel_broadwell/phase1_v2/line_size/level_32768/family_32_sequential_summary.csv
-- [L32768 A coarse] stride=64B pattern=random offset=0B --
  wrote 31002 lines -> data_raw/hazel_broadwell/phase1_v2/line_size/level_32768/family_64_random_20260916T043444Z.csv
Wrote 31 summary rows to data_processed/hazel_broadwell/phase1_v2/line_size/level_32768/family_64_random_summary.csv
-- [L32768 A coarse] stride=64B pattern=sequential offset=0B --
  wrote 31002 lines -> data_raw/hazel_broadwell/phase1_v2/line_size/level_32768/family_64_sequential_20260916T043444Z.csv
Wrote 31 summary rows to data_processed/hazel_broadwell/phase1_v2/line_size/level_32768/family_64_sequential_summary.csv
-- [L32768 A coarse] stride=128B pattern=random offset=0B --
  wrote 31002 lines -> data_raw/hazel_broadwell/phase1_v2/line_size/level_32768/family_128_random_20260916T043444Z.csv
Wrote 31 summary rows to data_processed/hazel_broadwell/phase1_v2/line_size/level_32768/family_128_random_summary.csv
-- [L32768 A coarse] stride=128B pattern=sequential offset=0B --
  wrote 31002 lines -> data_raw/hazel_broadwell/phase1_v2/line_size/level_32768/family_128_sequential_20260916T043444Z.csv
Wrote 31 summary rows to data_processed/hazel_broadwell/phase1_v2/line_size/level_32768/family_128_sequential_summary.csv
-- [L32768 A coarse] stride=256B pattern=random offset=0B --
  wrote 31002 lines -> data_raw/hazel_broadwell/phase1_v2/line_size/level_32768/family_256_random_20260916T043444Z.csv
Wrote 31 summary rows to data_processed/hazel_broadwell/phase1_v2/line_size/level_32768/family_256_random_summary.csv
-- [L32768 A coarse] stride=256B pattern=sequential offset=0B --
  wrote 31002 lines -> data_raw/hazel_broadwell/phase1_v2/line_size/level_32768/family_256_sequential_20260916T043444Z.csv
Wrote 31 summary rows to data_processed/hazel_broadwell/phase1_v2/line_size/level_32768/family_256_sequential_summary.csv
-- [L32768 A steps 1-3] generating coarse family-of-curves plots --
Wrote data_processed/hazel_broadwell/phase1_v2/line_size/level_32768/plots/line_size_family_curve.pdf and .png
-- per-stride elbow (bytes): {8B: 58384, 16B: None, 32B: 52000, 64B: 36736, 128B: 36736, 256B: 36608}
-- line-size estimate: smallest candidate stride whose elbow agrees with largest tested stride (~36608 bytes) is 64B -- see infer_line_size's docstring caveat on the fixed grid resolution before citing this as a clean line-size number on its own
Wrote data_processed/hazel_broadwell/phase1_v2/line_size/level_32768/plots/line_size_family_boxplots.pdf and .png
   (the per-stride elbow / line-size-estimate lines just above are
   plot_line_size_family.py's own diagnostic guess from ONE un-repeated coarse
   sweep -- NOT auto-applied below; see data_processed/hazel_broadwell/phase1_v2/line_size/level_32768/plots/line_size_family_curve.png
   and decide the step-4 candidate yourself)
== [L32768 A] no candidate given for this level -- inspect
   data_processed/hazel_broadwell/phase1_v2/line_size/level_32768/plots/line_size_family_curve.png yourself and re-run with an
   explicit candidate stride in candidate_overrides_csv for this level (no
   auto-detection: it proved unreliable across runs/cores, see the script's
   header comment). Skipping Method-A step 4.

-- [L32768 B] single-curve method, footprint_bytes=65536 (2.0x boundary) --
-- [L32768 B coarse] stride 8-1024 bytes (step 8) --
  wrote 128002 lines -> data_raw/hazel_broadwell/phase1_v2/line_size/level_32768/singlecurve_coarse_random_20260916T043444Z.csv
  wrote 128002 lines -> data_raw/hazel_broadwell/phase1_v2/line_size/level_32768/singlecurve_coarse_sequential_20260916T043444Z.csv
Wrote 128 summary rows to data_processed/hazel_broadwell/phase1_v2/line_size/level_32768/singlecurve_coarse_random_summary.csv
Wrote 128 summary rows to data_processed/hazel_broadwell/phase1_v2/line_size/level_32768/singlecurve_coarse_sequential_summary.csv
-- [L32768 B] detected line-size estimate (bytes): 64 --
-- [L32768 B] dense sweep around estimate 64 bytes: 32-129 (step 1) --
  wrote 98002 lines -> data_raw/hazel_broadwell/phase1_v2/line_size/level_32768/singlecurve_dense_random_20260916T043444Z.csv
  wrote 98002 lines -> data_raw/hazel_broadwell/phase1_v2/line_size/level_32768/singlecurve_dense_sequential_20260916T043444Z.csv
Wrote 98 summary rows to data_processed/hazel_broadwell/phase1_v2/line_size/level_32768/singlecurve_dense_random_summary.csv
Wrote 98 summary rows to data_processed/hazel_broadwell/phase1_v2/line_size/level_32768/singlecurve_dense_sequential_summary.csv
  -- [L32768 B] repeat 1/2 of the dense window --
  wrote 98002 lines -> data_raw/hazel_broadwell/phase1_v2/line_size/level_32768/singlecurve_dense_rep1_random_20260916T043444Z.csv
  wrote 98002 lines -> data_raw/hazel_broadwell/phase1_v2/line_size/level_32768/singlecurve_dense_rep1_sequential_20260916T043444Z.csv
Wrote 98 summary rows to data_processed/hazel_broadwell/phase1_v2/line_size/level_32768/singlecurve_dense_rep1_random_summary.csv
Wrote 98 summary rows to data_processed/hazel_broadwell/phase1_v2/line_size/level_32768/singlecurve_dense_rep1_sequential_summary.csv
  -- [L32768 B] repeat 2/2 of the dense window --
  wrote 98002 lines -> data_raw/hazel_broadwell/phase1_v2/line_size/level_32768/singlecurve_dense_rep2_random_20260916T043444Z.csv
  wrote 98002 lines -> data_raw/hazel_broadwell/phase1_v2/line_size/level_32768/singlecurve_dense_rep2_sequential_20260916T043444Z.csv
Wrote 98 summary rows to data_processed/hazel_broadwell/phase1_v2/line_size/level_32768/singlecurve_dense_rep2_random_summary.csv
Wrote 98 summary rows to data_processed/hazel_broadwell/phase1_v2/line_size/level_32768/singlecurve_dense_rep2_sequential_summary.csv
-- [L32768 B] generating single-curve plots --
  note: 32B (sequential) has 4 overlapping summary rows with medians [8.9, 9.0, 18.7, 9.0] (spread 9.7 ticks, 85.4%) -- averaging, widening whiskers to the union
  note: 33B (sequential) has 3 overlapping summary rows with medians [9.7, 20.3, 9.7] (spread 10.5 ticks, 79.6%) -- averaging, widening whiskers to the union
  note: 34B (sequential) has 3 overlapping summary rows with medians [9.6, 20.1, 9.6] (spread 10.4 ticks, 79.6%) -- averaging, widening whiskers to the union
  note: 35B (sequential) has 3 overlapping summary rows with medians [9.8, 20.5, 9.8] (spread 10.7 ticks, 79.7%) -- averaging, widening whiskers to the union
  note: 36B (sequential) has 3 overlapping summary rows with medians [9.4, 19.7, 9.4] (spread 10.2 ticks, 79.7%) -- averaging, widening whiskers to the union
  note: 37B (sequential) has 3 overlapping summary rows with medians [9.8, 20.4, 9.8] (spread 10.6 ticks, 79.3%) -- averaging, widening whiskers to the union
  note: 38B (sequential) has 3 overlapping summary rows with medians [9.7, 13.5, 9.7] (spread 3.8 ticks, 34.4%) -- averaging, widening whiskers to the union
  note: flagged 3 isolated spike stride(s) as probable page-aliasing artifacts: [256, 512, 1024]
Wrote data_processed/hazel_broadwell/phase1_v2/line_size/level_32768/plots/line_size_curve.pdf and .png
Wrote data_processed/hazel_broadwell/phase1_v2/line_size/level_32768/plots/line_size_boxplots.pdf and .png
-- compressing raw CSVs for level 32768 --

############################################################
## LEVEL boundary=262144B -- Method A window=[32768,1048576] bytes
############################################################
-- [L262144 A coarse] stride=8B pattern=random offset=0B --
  wrote 31002 lines -> data_raw/hazel_broadwell/phase1_v2/line_size/level_262144/family_8_random_20260916T043444Z.csv
Wrote 31 summary rows to data_processed/hazel_broadwell/phase1_v2/line_size/level_262144/family_8_random_summary.csv
-- [L262144 A coarse] stride=8B pattern=sequential offset=0B --
  wrote 31002 lines -> data_raw/hazel_broadwell/phase1_v2/line_size/level_262144/family_8_sequential_20260916T043444Z.csv
Wrote 31 summary rows to data_processed/hazel_broadwell/phase1_v2/line_size/level_262144/family_8_sequential_summary.csv
-- [L262144 A coarse] stride=16B pattern=random offset=0B --
  wrote 31002 lines -> data_raw/hazel_broadwell/phase1_v2/line_size/level_262144/family_16_random_20260916T043444Z.csv
Wrote 31 summary rows to data_processed/hazel_broadwell/phase1_v2/line_size/level_262144/family_16_random_summary.csv
-- [L262144 A coarse] stride=16B pattern=sequential offset=0B --
  wrote 31002 lines -> data_raw/hazel_broadwell/phase1_v2/line_size/level_262144/family_16_sequential_20260916T043444Z.csv
Wrote 31 summary rows to data_processed/hazel_broadwell/phase1_v2/line_size/level_262144/family_16_sequential_summary.csv
-- [L262144 A coarse] stride=32B pattern=random offset=0B --
  wrote 31002 lines -> data_raw/hazel_broadwell/phase1_v2/line_size/level_262144/family_32_random_20260916T043444Z.csv
Wrote 31 summary rows to data_processed/hazel_broadwell/phase1_v2/line_size/level_262144/family_32_random_summary.csv
-- [L262144 A coarse] stride=32B pattern=sequential offset=0B --
  wrote 31002 lines -> data_raw/hazel_broadwell/phase1_v2/line_size/level_262144/family_32_sequential_20260916T043444Z.csv
Wrote 31 summary rows to data_processed/hazel_broadwell/phase1_v2/line_size/level_262144/family_32_sequential_summary.csv
-- [L262144 A coarse] stride=64B pattern=random offset=0B --
  wrote 31002 lines -> data_raw/hazel_broadwell/phase1_v2/line_size/level_262144/family_64_random_20260916T043444Z.csv
Wrote 31 summary rows to data_processed/hazel_broadwell/phase1_v2/line_size/level_262144/family_64_random_summary.csv
-- [L262144 A coarse] stride=64B pattern=sequential offset=0B --
  wrote 31002 lines -> data_raw/hazel_broadwell/phase1_v2/line_size/level_262144/family_64_sequential_20260916T043444Z.csv
Wrote 31 summary rows to data_processed/hazel_broadwell/phase1_v2/line_size/level_262144/family_64_sequential_summary.csv
-- [L262144 A coarse] stride=128B pattern=random offset=0B --
  wrote 31002 lines -> data_raw/hazel_broadwell/phase1_v2/line_size/level_262144/family_128_random_20260916T043444Z.csv
Wrote 31 summary rows to data_processed/hazel_broadwell/phase1_v2/line_size/level_262144/family_128_random_summary.csv
-- [L262144 A coarse] stride=128B pattern=sequential offset=0B --
  wrote 31002 lines -> data_raw/hazel_broadwell/phase1_v2/line_size/level_262144/family_128_sequential_20260916T043444Z.csv
Wrote 31 summary rows to data_processed/hazel_broadwell/phase1_v2/line_size/level_262144/family_128_sequential_summary.csv
-- [L262144 A coarse] stride=256B pattern=random offset=0B --
  wrote 31002 lines -> data_raw/hazel_broadwell/phase1_v2/line_size/level_262144/family_256_random_20260916T043444Z.csv
Wrote 31 summary rows to data_processed/hazel_broadwell/phase1_v2/line_size/level_262144/family_256_random_summary.csv
-- [L262144 A coarse] stride=256B pattern=sequential offset=0B --
  wrote 31002 lines -> data_raw/hazel_broadwell/phase1_v2/line_size/level_262144/family_256_sequential_20260916T043444Z.csv
Wrote 31 summary rows to data_processed/hazel_broadwell/phase1_v2/line_size/level_262144/family_256_sequential_summary.csv
-- [L262144 A steps 1-3] generating coarse family-of-curves plots --
Wrote data_processed/hazel_broadwell/phase1_v2/line_size/level_262144/plots/line_size_family_curve.pdf and .png
-- per-stride elbow (bytes): {8B: 588488, 16B: 588480, 32B: 524288, 64B: 416128, 128B: 416128, 256B: 370688}
-- line-size estimate: smallest candidate stride whose elbow agrees with largest tested stride (~370688 bytes) is 64B -- see infer_line_size's docstring caveat on the fixed grid resolution before citing this as a clean line-size number on its own
Wrote data_processed/hazel_broadwell/phase1_v2/line_size/level_262144/plots/line_size_family_boxplots.pdf and .png
   (the per-stride elbow / line-size-estimate lines just above are
   plot_line_size_family.py's own diagnostic guess from ONE un-repeated coarse
   sweep -- NOT auto-applied below; see data_processed/hazel_broadwell/phase1_v2/line_size/level_262144/plots/line_size_family_curve.png
   and decide the step-4 candidate yourself)
== [L262144 A] no candidate given for this level -- inspect
   data_processed/hazel_broadwell/phase1_v2/line_size/level_262144/plots/line_size_family_curve.png yourself and re-run with an
   explicit candidate stride in candidate_overrides_csv for this level (no
   auto-detection: it proved unreliable across runs/cores, see the script's
   header comment). Skipping Method-A step 4.

-- [L262144 B] single-curve method, footprint_bytes=524288 (2.0x boundary) --
-- [L262144 B coarse] stride 8-1024 bytes (step 8) --
  wrote 128002 lines -> data_raw/hazel_broadwell/phase1_v2/line_size/level_262144/singlecurve_coarse_random_20260916T043444Z.csv
  wrote 128002 lines -> data_raw/hazel_broadwell/phase1_v2/line_size/level_262144/singlecurve_coarse_sequential_20260916T043444Z.csv
Wrote 128 summary rows to data_processed/hazel_broadwell/phase1_v2/line_size/level_262144/singlecurve_coarse_random_summary.csv
Wrote 128 summary rows to data_processed/hazel_broadwell/phase1_v2/line_size/level_262144/singlecurve_coarse_sequential_summary.csv
-- [L262144 B] detected line-size estimate (bytes): none --
-- [L262144 B] no transition detected in the coarse sweep; skipping dense/repeat stages --
-- [L262144 B] generating single-curve plots --
  note: flagged 3 isolated spike stride(s) as probable page-aliasing artifacts: [256, 512, 1024]
Wrote data_processed/hazel_broadwell/phase1_v2/line_size/level_262144/plots/line_size_curve.pdf and .png
Wrote data_processed/hazel_broadwell/phase1_v2/line_size/level_262144/plots/line_size_boxplots.pdf and .png
-- compressing raw CSVs for level 262144 --

############################################################
## LEVEL boundary=33554432B -- Method A window=[4194304,134217728] bytes
############################################################
-- [L33554432 A coarse] stride=8B pattern=random offset=0B --
  wrote 31002 lines -> data_raw/hazel_broadwell/phase1_v2/line_size/level_33554432/family_8_random_20260916T043444Z.csv
Wrote 31 summary rows to data_processed/hazel_broadwell/phase1_v2/line_size/level_33554432/family_8_random_summary.csv
-- [L33554432 A coarse] stride=8B pattern=sequential offset=0B --
  wrote 31002 lines -> data_raw/hazel_broadwell/phase1_v2/line_size/level_33554432/family_8_sequential_20260916T043444Z.csv
Wrote 31 summary rows to data_processed/hazel_broadwell/phase1_v2/line_size/level_33554432/family_8_sequential_summary.csv
-- [L33554432 A coarse] stride=16B pattern=random offset=0B --
  wrote 31002 lines -> data_raw/hazel_broadwell/phase1_v2/line_size/level_33554432/family_16_random_20260916T043444Z.csv
Wrote 31 summary rows to data_processed/hazel_broadwell/phase1_v2/line_size/level_33554432/family_16_random_summary.csv
-- [L33554432 A coarse] stride=16B pattern=sequential offset=0B --
  wrote 31002 lines -> data_raw/hazel_broadwell/phase1_v2/line_size/level_33554432/family_16_sequential_20260916T043444Z.csv
Wrote 31 summary rows to data_processed/hazel_broadwell/phase1_v2/line_size/level_33554432/family_16_sequential_summary.csv
-- [L33554432 A coarse] stride=32B pattern=random offset=0B --
  wrote 31002 lines -> data_raw/hazel_broadwell/phase1_v2/line_size/level_33554432/family_32_random_20260916T043444Z.csv
Wrote 31 summary rows to data_processed/hazel_broadwell/phase1_v2/line_size/level_33554432/family_32_random_summary.csv
-- [L33554432 A coarse] stride=32B pattern=sequential offset=0B --
  wrote 31002 lines -> data_raw/hazel_broadwell/phase1_v2/line_size/level_33554432/family_32_sequential_20260916T043444Z.csv
Wrote 31 summary rows to data_processed/hazel_broadwell/phase1_v2/line_size/level_33554432/family_32_sequential_summary.csv
-- [L33554432 A coarse] stride=64B pattern=random offset=0B --
  wrote 31002 lines -> data_raw/hazel_broadwell/phase1_v2/line_size/level_33554432/family_64_random_20260916T043444Z.csv
Wrote 31 summary rows to data_processed/hazel_broadwell/phase1_v2/line_size/level_33554432/family_64_random_summary.csv
-- [L33554432 A coarse] stride=64B pattern=sequential offset=0B --
  wrote 31002 lines -> data_raw/hazel_broadwell/phase1_v2/line_size/level_33554432/family_64_sequential_20260916T043444Z.csv
Wrote 31 summary rows to data_processed/hazel_broadwell/phase1_v2/line_size/level_33554432/family_64_sequential_summary.csv
-- [L33554432 A coarse] stride=128B pattern=random offset=0B --
  wrote 31002 lines -> data_raw/hazel_broadwell/phase1_v2/line_size/level_33554432/family_128_random_20260916T043444Z.csv
Wrote 31 summary rows to data_processed/hazel_broadwell/phase1_v2/line_size/level_33554432/family_128_random_summary.csv
-- [L33554432 A coarse] stride=128B pattern=sequential offset=0B --
  wrote 31002 lines -> data_raw/hazel_broadwell/phase1_v2/line_size/level_33554432/family_128_sequential_20260916T043444Z.csv
Wrote 31 summary rows to data_processed/hazel_broadwell/phase1_v2/line_size/level_33554432/family_128_sequential_summary.csv
-- [L33554432 A coarse] stride=256B pattern=random offset=0B --
  wrote 31002 lines -> data_raw/hazel_broadwell/phase1_v2/line_size/level_33554432/family_256_random_20260916T043444Z.csv
Wrote 31 summary rows to data_processed/hazel_broadwell/phase1_v2/line_size/level_33554432/family_256_random_summary.csv
-- [L33554432 A coarse] stride=256B pattern=sequential offset=0B --
  wrote 31002 lines -> data_raw/hazel_broadwell/phase1_v2/line_size/level_33554432/family_256_sequential_20260916T043444Z.csv
Wrote 31 summary rows to data_processed/hazel_broadwell/phase1_v2/line_size/level_33554432/family_256_sequential_summary.csv
-- [L33554432 A steps 1-3] generating coarse family-of-curves plots --
Wrote data_processed/hazel_broadwell/phase1_v2/line_size/level_33554432/plots/line_size_family_curve.pdf and .png
-- per-stride elbow (bytes): {8B: 67108864, 16B: 94906256, 32B: 53264320, 64B: 7473344, 128B: 42275840, 256B: 21137920}
-- line-size estimate: smallest candidate stride whose elbow agrees with largest tested stride (~21137920 bytes) is 256B -- see infer_line_size's docstring caveat on the fixed grid resolution before citing this as a clean line-size number on its own
Wrote data_processed/hazel_broadwell/phase1_v2/line_size/level_33554432/plots/line_size_family_boxplots.pdf and .png
   (the per-stride elbow / line-size-estimate lines just above are
   plot_line_size_family.py's own diagnostic guess from ONE un-repeated coarse
   sweep -- NOT auto-applied below; see data_processed/hazel_broadwell/phase1_v2/line_size/level_33554432/plots/line_size_family_curve.png
   and decide the step-4 candidate yourself)
== [L33554432 A] no candidate given for this level -- inspect
   data_processed/hazel_broadwell/phase1_v2/line_size/level_33554432/plots/line_size_family_curve.png yourself and re-run with an
   explicit candidate stride in candidate_overrides_csv for this level (no
   auto-detection: it proved unreliable across runs/cores, see the script's
   header comment). Skipping Method-A step 4.

-- [L33554432 B] single-curve method, footprint_bytes=67108864 (2.0x boundary) --
-- [L33554432 B coarse] stride 8-1024 bytes (step 8) --
  wrote 128002 lines -> data_raw/hazel_broadwell/phase1_v2/line_size/level_33554432/singlecurve_coarse_random_20260916T043444Z.csv
  wrote 128002 lines -> data_raw/hazel_broadwell/phase1_v2/line_size/level_33554432/singlecurve_coarse_sequential_20260916T043444Z.csv
Wrote 128 summary rows to data_processed/hazel_broadwell/phase1_v2/line_size/level_33554432/singlecurve_coarse_random_summary.csv
Wrote 128 summary rows to data_processed/hazel_broadwell/phase1_v2/line_size/level_33554432/singlecurve_coarse_sequential_summary.csv
-- [L33554432 B] detected line-size estimate (bytes): 64 --
-- [L33554432 B] dense sweep around estimate 64 bytes: 32-129 (step 1) --
  wrote 98002 lines -> data_raw/hazel_broadwell/phase1_v2/line_size/level_33554432/singlecurve_dense_random_20260916T043444Z.csv
  wrote 98002 lines -> data_raw/hazel_broadwell/phase1_v2/line_size/level_33554432/singlecurve_dense_sequential_20260916T043444Z.csv
Wrote 98 summary rows to data_processed/hazel_broadwell/phase1_v2/line_size/level_33554432/singlecurve_dense_random_summary.csv
Wrote 98 summary rows to data_processed/hazel_broadwell/phase1_v2/line_size/level_33554432/singlecurve_dense_sequential_summary.csv
  -- [L33554432 B] repeat 1/2 of the dense window --
  wrote 98002 lines -> data_raw/hazel_broadwell/phase1_v2/line_size/level_33554432/singlecurve_dense_rep1_random_20260916T043444Z.csv
  wrote 98002 lines -> data_raw/hazel_broadwell/phase1_v2/line_size/level_33554432/singlecurve_dense_rep1_sequential_20260916T043444Z.csv
Wrote 98 summary rows to data_processed/hazel_broadwell/phase1_v2/line_size/level_33554432/singlecurve_dense_rep1_random_summary.csv
Wrote 98 summary rows to data_processed/hazel_broadwell/phase1_v2/line_size/level_33554432/singlecurve_dense_rep1_sequential_summary.csv
  -- [L33554432 B] repeat 2/2 of the dense window --
  wrote 98002 lines -> data_raw/hazel_broadwell/phase1_v2/line_size/level_33554432/singlecurve_dense_rep2_random_20260916T043444Z.csv
  wrote 98002 lines -> data_raw/hazel_broadwell/phase1_v2/line_size/level_33554432/singlecurve_dense_rep2_sequential_20260916T043444Z.csv
Wrote 98 summary rows to data_processed/hazel_broadwell/phase1_v2/line_size/level_33554432/singlecurve_dense_rep2_random_summary.csv
Wrote 98 summary rows to data_processed/hazel_broadwell/phase1_v2/line_size/level_33554432/singlecurve_dense_rep2_sequential_summary.csv
-- [L33554432 B] generating single-curve plots --
  note: flagged 4 isolated spike stride(s) as probable page-aliasing artifacts: [384, 512, 768, 1024]
Wrote data_processed/hazel_broadwell/phase1_v2/line_size/level_33554432/plots/line_size_curve.pdf and .png
Wrote data_processed/hazel_broadwell/phase1_v2/line_size/level_33554432/plots/line_size_boxplots.pdf and .png
-- compressing raw CSVs for level 33554432 --

############################################################
## step 5: cross-level, cross-method agreement summary
############################################################
   level boundary=32768B -> method A (family of curves) = noneB, method B (single curve) = 64B
   level boundary=262144B -> method A (family of curves) = noneB, method B (single curve) = noneB
   level boundary=33554432B -> method A (family of curves) = noneB, method B (single curve) = 64B
== every level/method that produced an estimate AGREES on 64B -- strong Phase-I evidence ==
== done: all levels, both methods, complete ==
== this is a FROZEN PHASE-I TIMING-ONLY result -- compare against PMU counters
   and the documented/system-reported line size in Phase II before treating it as
   confirmed (see README.md's Phase I/II/III discipline).
== plots per level: data_processed/hazel_broadwell/phase1_v2/line_size/level_<boundary>/plots/line_size_family_{curve,boxplots}.{png,pdf} (A, steps 1-3),
          .../line_size_offset_{elbow,boxplots}.{png,pdf} (A, step 4), .../line_size_{curve,boxplots}.{png,pdf} (B) ==
== record in data_raw/hazel_broadwell/phase1_v2/README.md: boundaries=32768,262144,33554432, core=0,
   seed=12345, samples=1000000, coarse_strides=8,16,32,64,128,256, per-level/per-method estimates as above,
   timestamp=20260916T043444Z ==
== full transcript saved to: data_raw/hazel_broadwell/phase1_v2/line_size/run_line_size_20260916T043444Z.log ==

=== Done ===

------------------------------------------------------------
Resource usage summary:

    Job ID            : 848747
    Job name          : hw1_ls_relook
    User / Account    : krchen / ece592f26_cpu
    Partition / QOS   : compute_partners / short
    Submitted         : 2026-09-16T00:34:12
    Started           : 2026-09-16T00:34:42
    Wait time         : 30 sec
    Elapsed (wall)    : 00:06:20
    Nodes             : 1 (c205n03)
    CPUs allocated    : 1
    Tasks             : 1
    CPU time (total)  : 359.10 sec  (user 324.39, sys 34.72)
    CPU efficiency    : 94.5%
    Memory in use     : 266.62 MB  (sampled at job end; see seff for peak)
    Memory requested  : 8G
    Working directory : /gpfs_common/share01/titan/krchen/Proj1-Cache-Reverse-Engineering
    Exit code         : 0:0

    For final accounting (Slurm's MaxRSS, billing, etc.):  seff 848747
------------------------------------------------------------
