=== Machine identification (Phase Discipline whitelist only) ===
c205n06
Linux c205n06 5.14.0-611.5.1.el9_7.x86_64 #1 SMP PREEMPT_DYNAMIC Fri Oct 17 14:16:35 EDT 2025 x86_64 x86_64 x86_64 GNU/Linux
model name	: Intel(R) Xeon(R) CPU E5-2650 v4 @ 2.20GHz
Assigned logical CPU: 14, SLURM_JOB_ID=848665

=== Running scripts/run_miss_latency_full.sh (HAZEL_MODE=1) for hazel_broadwell/phase1_v2, transitions=L1_to_L2:32768:262144,L2_to_LLC:262144:33554432,LLC_to_DRAM:33554432:536870912 ===
== run_miss_latency_full: machine=hazel_broadwell/phase1_v2 core=14 base_seed=12345 ==
== timestamp=20260916T042737Z ==

== transition L1_to_L2: target_bytes=32768 evict_bytes=262144 ==
-- base (seed=12345) --
  wrote 202 lines -> data_raw/hazel_broadwell/phase1_v2/latency/miss/L1_to_L2/miss_latency_base_random_20260916T042737Z.csv (pattern=random seed=12345)
Wrote 1 summary rows to data_processed/hazel_broadwell/phase1_v2/latency/miss/L1_to_L2/base_random_summary_20260916T042737Z.csv
  wrote 202 lines -> data_raw/hazel_broadwell/phase1_v2/latency/miss/L1_to_L2/miss_latency_base_sequential_20260916T042737Z.csv (pattern=sequential seed=12345)
Wrote 1 summary rows to data_processed/hazel_broadwell/phase1_v2/latency/miss/L1_to_L2/base_sequential_summary_20260916T042737Z.csv
-- rep1 (seed=12346) --
  wrote 202 lines -> data_raw/hazel_broadwell/phase1_v2/latency/miss/L1_to_L2/miss_latency_rep1_random_20260916T042737Z.csv (pattern=random seed=12346)
Wrote 1 summary rows to data_processed/hazel_broadwell/phase1_v2/latency/miss/L1_to_L2/rep1_random_summary_20260916T042737Z.csv
  wrote 202 lines -> data_raw/hazel_broadwell/phase1_v2/latency/miss/L1_to_L2/miss_latency_rep1_sequential_20260916T042737Z.csv (pattern=sequential seed=12346)
Wrote 1 summary rows to data_processed/hazel_broadwell/phase1_v2/latency/miss/L1_to_L2/rep1_sequential_summary_20260916T042737Z.csv
-- rep2 (seed=12347) --
  wrote 202 lines -> data_raw/hazel_broadwell/phase1_v2/latency/miss/L1_to_L2/miss_latency_rep2_random_20260916T042737Z.csv (pattern=random seed=12347)
Wrote 1 summary rows to data_processed/hazel_broadwell/phase1_v2/latency/miss/L1_to_L2/rep2_random_summary_20260916T042737Z.csv
  wrote 202 lines -> data_raw/hazel_broadwell/phase1_v2/latency/miss/L1_to_L2/miss_latency_rep2_sequential_20260916T042737Z.csv (pattern=sequential seed=12347)
Wrote 1 summary rows to data_processed/hazel_broadwell/phase1_v2/latency/miss/L1_to_L2/rep2_sequential_summary_20260916T042737Z.csv
-- found source-level (L1) hit_latency data for penalty annotation: data_processed/hazel_broadwell/phase1_v2/latency/hit/L1/base_dependent_random_summary_20260916T042737Z.csv data_processed/hazel_broadwell/phase1_v2/latency/hit/L1/rep1_dependent_random_summary_20260916T042737Z.csv --
-- generating plots for L1_to_L2 --
  note: pattern=random has 3 overlapping summary rows with medians [76.0, 115.0, 126.0] (spread 50.0 ticks, 47.3%) -- averaging, widening whiskers to the union
  note: pattern=sequential has 3 overlapping summary rows with medians [124.0, 94.0, 146.0] (spread 52.0 ticks, 42.9%) -- averaging, widening whiskers to the union
Wrote data_processed/hazel_broadwell/phase1_v2/latency/miss/L1_to_L2/plots/miss_latency_boxplots.pdf and .png
-- compressing raw CSVs for L1_to_L2 --

== transition L2_to_LLC: target_bytes=262144 evict_bytes=33554432 ==
-- base (seed=12345) --
  wrote 202 lines -> data_raw/hazel_broadwell/phase1_v2/latency/miss/L2_to_LLC/miss_latency_base_random_20260916T042737Z.csv (pattern=random seed=12345)
Wrote 1 summary rows to data_processed/hazel_broadwell/phase1_v2/latency/miss/L2_to_LLC/base_random_summary_20260916T042737Z.csv
  wrote 202 lines -> data_raw/hazel_broadwell/phase1_v2/latency/miss/L2_to_LLC/miss_latency_base_sequential_20260916T042737Z.csv (pattern=sequential seed=12345)
Wrote 1 summary rows to data_processed/hazel_broadwell/phase1_v2/latency/miss/L2_to_LLC/base_sequential_summary_20260916T042737Z.csv
-- rep1 (seed=12346) --
  wrote 202 lines -> data_raw/hazel_broadwell/phase1_v2/latency/miss/L2_to_LLC/miss_latency_rep1_random_20260916T042737Z.csv (pattern=random seed=12346)
Wrote 1 summary rows to data_processed/hazel_broadwell/phase1_v2/latency/miss/L2_to_LLC/rep1_random_summary_20260916T042737Z.csv
  wrote 202 lines -> data_raw/hazel_broadwell/phase1_v2/latency/miss/L2_to_LLC/miss_latency_rep1_sequential_20260916T042737Z.csv (pattern=sequential seed=12346)
Wrote 1 summary rows to data_processed/hazel_broadwell/phase1_v2/latency/miss/L2_to_LLC/rep1_sequential_summary_20260916T042737Z.csv
-- rep2 (seed=12347) --
  wrote 202 lines -> data_raw/hazel_broadwell/phase1_v2/latency/miss/L2_to_LLC/miss_latency_rep2_random_20260916T042737Z.csv (pattern=random seed=12347)
Wrote 1 summary rows to data_processed/hazel_broadwell/phase1_v2/latency/miss/L2_to_LLC/rep2_random_summary_20260916T042737Z.csv
  wrote 202 lines -> data_raw/hazel_broadwell/phase1_v2/latency/miss/L2_to_LLC/miss_latency_rep2_sequential_20260916T042737Z.csv (pattern=sequential seed=12347)
Wrote 1 summary rows to data_processed/hazel_broadwell/phase1_v2/latency/miss/L2_to_LLC/rep2_sequential_summary_20260916T042737Z.csv
-- found source-level (L2) hit_latency data for penalty annotation: data_processed/hazel_broadwell/phase1_v2/latency/hit/L2/base_dependent_random_summary_20260916T042737Z.csv data_processed/hazel_broadwell/phase1_v2/latency/hit/L2/rep1_dependent_random_summary_20260916T042737Z.csv data_processed/hazel_broadwell/phase1_v2/latency/hit/L2/rep2_dependent_random_summary_20260916T042737Z.csv --
-- generating plots for L2_to_LLC --
  note: pattern=random has 3 overlapping summary rows with medians [401.0, 286.0, 419.0] (spread 133.0 ticks, 36.1%) -- averaging, widening whiskers to the union
Wrote data_processed/hazel_broadwell/phase1_v2/latency/miss/L2_to_LLC/plots/miss_latency_boxplots.pdf and .png
-- compressing raw CSVs for L2_to_LLC --

== transition LLC_to_DRAM: target_bytes=33554432 evict_bytes=536870912 ==
-- base (seed=12345) --
srun: Job step aborted: Waiting up to 32 seconds for job step to finish.
[2026-09-16T00:31:52.589] error: *** STEP 848665.12 ON c205n06 CANCELLED AT 2026-09-16T00:31:52 DUE to SIGNAL Terminated ***
srun: error: c205n06: task 0: Terminated

------------------------------------------------------------
Resource usage summary:

    Job ID            : 848665
    Job name          : hw1_misslat_relook
    User / Account    : krchen / ece592f26_cpu
    Partition / QOS   : compute_partners / short
    Submitted         : 2026-09-16T00:27:20
    Started           : 2026-09-16T00:27:35
    Wait time         : 15 sec
    Elapsed (wall)    : 00:04:17
    Nodes             : 1 (c205n06)
    CPUs allocated    : 1
    Tasks             : 1
    CPU time (total)  : 223.93 sec  (user 222.05, sys 1.90)
    CPU efficiency    : 87.1%
    Memory in use     : 1.05 GB  (sampled at job end; see seff for peak)
    Memory requested  : 8G
    Working directory : /gpfs_common/share01/titan/krchen/Proj1-Cache-Reverse-Engineering
    Exit code         : 0:0

    For final accounting (Slurm's MaxRSS, billing, etc.):  seff 848665
------------------------------------------------------------
