=== Machine identification (Phase Discipline whitelist only) ===
c205n06
Linux c205n06 5.14.0-611.5.1.el9_7.x86_64 #1 SMP PREEMPT_DYNAMIC Fri Oct 17 14:16:35 EDT 2025 x86_64 x86_64 x86_64 GNU/Linux
model name	: Intel(R) Xeon(R) CPU E5-2650 v4 @ 2.20GHz
Assigned logical CPU: 12, SLURM_JOB_ID=848663

=== Running scripts/run_associativity_full.sh (HAZEL_MODE=1) for hazel_broadwell/phase1_v2, cache_bytes=32768,262144,33554432 ===
== run_associativity_full: machine=hazel_broadwell/phase1_v2 core=12 base_seed=12345 max_ways=40 ==
== timestamp=20260916T042737Z ==
-- using explicit cache_bytes override: 32768 262144 33554432 --

== level L1: cache_bytes=32768 ==
-- base sweep num_ways=2-40 --
  wrote 39002 lines -> data_raw/hazel_broadwell/phase1_v2/associativity/L1/associativity_base_random_20260916T042737Z.csv (seed=12345)
  wrote 39002 lines -> data_raw/hazel_broadwell/phase1_v2/associativity/L1/associativity_base_sequential_20260916T042737Z.csv (seed=12345)
Wrote 39 summary rows to data_processed/hazel_broadwell/phase1_v2/associativity/L1/base_random_summary_20260916T042737Z.csv
Wrote 39 summary rows to data_processed/hazel_broadwell/phase1_v2/associativity/L1/base_sequential_summary_20260916T042737Z.csv
-- detected associativity estimate: 8 --
  -- repeat 1/2 (seed=12346) --
  wrote 39002 lines -> data_raw/hazel_broadwell/phase1_v2/associativity/L1/associativity_rep1_random_20260916T042737Z.csv (seed=12346)
  wrote 39002 lines -> data_raw/hazel_broadwell/phase1_v2/associativity/L1/associativity_rep1_sequential_20260916T042737Z.csv (seed=12346)
Wrote 39 summary rows to data_processed/hazel_broadwell/phase1_v2/associativity/L1/rep1_random_summary_20260916T042737Z.csv
Wrote 39 summary rows to data_processed/hazel_broadwell/phase1_v2/associativity/L1/rep1_sequential_summary_20260916T042737Z.csv
     repeat 1 detected estimate: 8
  -- repeat 2/2 (seed=12347) --
  wrote 39002 lines -> data_raw/hazel_broadwell/phase1_v2/associativity/L1/associativity_rep2_random_20260916T042737Z.csv (seed=12347)
  wrote 39002 lines -> data_raw/hazel_broadwell/phase1_v2/associativity/L1/associativity_rep2_sequential_20260916T042737Z.csv (seed=12347)
Wrote 39 summary rows to data_processed/hazel_broadwell/phase1_v2/associativity/L1/rep2_random_summary_20260916T042737Z.csv
Wrote 39 summary rows to data_processed/hazel_broadwell/phase1_v2/associativity/L1/rep2_sequential_summary_20260916T042737Z.csv
     repeat 2 detected estimate: 8
-- generating plots for L1 --
  note: num_ways=24 (random) has 3 overlapping summary rows with medians [22.1, 33.0, 22.1] (spread 11.0 ticks, 42.7%) -- averaging, widening whiskers to the union
  note: num_ways=25 (random) has 3 overlapping summary rows with medians [22.1, 32.6, 22.0] (spread 10.6 ticks, 41.5%) -- averaging, widening whiskers to the union
  note: num_ways=26 (random) has 3 overlapping summary rows with medians [22.1, 32.2, 22.0] (spread 10.2 ticks, 40.2%) -- averaging, widening whiskers to the union
  note: num_ways=27 (random) has 3 overlapping summary rows with medians [22.1, 30.9, 22.1] (spread 8.9 ticks, 35.5%) -- averaging, widening whiskers to the union
  note: num_ways=28 (random) has 3 overlapping summary rows with medians [22.0, 31.5, 22.1] (spread 9.5 ticks, 37.6%) -- averaging, widening whiskers to the union
  note: num_ways=29 (random) has 3 overlapping summary rows with medians [22.0, 30.3, 22.1] (spread 8.3 ticks, 33.4%) -- averaging, widening whiskers to the union
  note: num_ways=30 (random) has 3 overlapping summary rows with medians [22.0, 30.0, 22.0] (spread 8.0 ticks, 32.6%) -- averaging, widening whiskers to the union
  note: num_ways=31 (random) has 3 overlapping summary rows with medians [22.1, 30.6, 22.0] (spread 8.6 ticks, 34.5%) -- averaging, widening whiskers to the union
  note: num_ways=32 (random) has 3 overlapping summary rows with medians [22.1, 30.3, 22.1] (spread 8.2 ticks, 33.2%) -- averaging, widening whiskers to the union
  note: num_ways=33 (random) has 3 overlapping summary rows with medians [22.1, 30.1, 22.0] (spread 8.1 ticks, 32.7%) -- averaging, widening whiskers to the union
  note: num_ways=34 (random) has 3 overlapping summary rows with medians [22.1, 29.1, 22.0] (spread 7.2 ticks, 29.3%) -- averaging, widening whiskers to the union
  note: num_ways=35 (random) has 3 overlapping summary rows with medians [22.1, 29.6, 22.1] (spread 7.6 ticks, 30.8%) -- averaging, widening whiskers to the union
  note: num_ways=36 (random) has 3 overlapping summary rows with medians [29.4, 30.2, 22.1] (spread 8.1 ticks, 29.9%) -- averaging, widening whiskers to the union
  note: num_ways=37 (random) has 3 overlapping summary rows with medians [29.2, 30.0, 22.0] (spread 8.0 ticks, 29.7%) -- averaging, widening whiskers to the union
  note: num_ways=38 (random) has 3 overlapping summary rows with medians [36.8, 29.9, 29.0] (spread 7.8 ticks, 24.4%) -- averaging, widening whiskers to the union
  note: num_ways=39 (random) has 3 overlapping summary rows with medians [36.3, 29.6, 28.2] (spread 8.0 ticks, 25.6%) -- averaging, widening whiskers to the union
  note: num_ways=40 (random) has 3 overlapping summary rows with medians [37.1, 29.4, 29.7] (spread 7.7 ticks, 24.0%) -- averaging, widening whiskers to the union
  note: num_ways=27 (sequential) has 3 overlapping summary rows with medians [32.1, 22.1, 21.8] (spread 10.3 ticks, 40.7%) -- averaging, widening whiskers to the union
  note: num_ways=28 (sequential) has 3 overlapping summary rows with medians [32.7, 22.1, 21.7] (spread 11.0 ticks, 43.0%) -- averaging, widening whiskers to the union
  note: num_ways=29 (sequential) has 3 overlapping summary rows with medians [31.9, 22.1, 21.8] (spread 10.1 ticks, 40.0%) -- averaging, widening whiskers to the union
  note: num_ways=30 (sequential) has 3 overlapping summary rows with medians [31.9, 22.0, 21.8] (spread 10.1 ticks, 40.0%) -- averaging, widening whiskers to the union
  note: num_ways=31 (sequential) has 3 overlapping summary rows with medians [32.6, 22.0, 21.8] (spread 10.8 ticks, 42.3%) -- averaging, widening whiskers to the union
  note: num_ways=32 (sequential) has 3 overlapping summary rows with medians [33.0, 22.1, 21.8] (spread 11.2 ticks, 43.7%) -- averaging, widening whiskers to the union
  note: num_ways=33 (sequential) has 3 overlapping summary rows with medians [33.9, 22.0, 29.0] (spread 11.9 ticks, 42.0%) -- averaging, widening whiskers to the union
  note: num_ways=34 (sequential) has 3 overlapping summary rows with medians [33.6, 22.1, 28.2] (spread 11.5 ticks, 41.2%) -- averaging, widening whiskers to the union
  note: num_ways=37 (sequential) has 3 overlapping summary rows with medians [32.7, 36.5, 29.6] (spread 7.0 ticks, 21.1%) -- averaging, widening whiskers to the union
  note: num_ways=38 (sequential) has 3 overlapping summary rows with medians [32.4, 36.4, 29.4] (spread 7.0 ticks, 21.4%) -- averaging, widening whiskers to the union
  note: num_ways=39 (sequential) has 3 overlapping summary rows with medians [32.1, 37.8, 29.2] (spread 8.6 ticks, 26.1%) -- averaging, widening whiskers to the union
  note: num_ways=40 (sequential) has 3 overlapping summary rows with medians [31.9, 37.6, 29.0] (spread 8.6 ticks, 26.2%) -- averaging, widening whiskers to the union
Wrote data_processed/hazel_broadwell/phase1_v2/associativity/L1/plots/associativity_curve.pdf and .png
Wrote data_processed/hazel_broadwell/phase1_v2/associativity/L1/plots/associativity_boxplots.pdf and .png
-- compressing raw CSVs for L1 --

== level L2: cache_bytes=262144 ==
-- base sweep num_ways=2-40 --
  wrote 39002 lines -> data_raw/hazel_broadwell/phase1_v2/associativity/L2/associativity_base_random_20260916T042737Z.csv (seed=12345)
  wrote 39002 lines -> data_raw/hazel_broadwell/phase1_v2/associativity/L2/associativity_base_sequential_20260916T042737Z.csv (seed=12345)
Wrote 39 summary rows to data_processed/hazel_broadwell/phase1_v2/associativity/L2/base_random_summary_20260916T042737Z.csv
Wrote 39 summary rows to data_processed/hazel_broadwell/phase1_v2/associativity/L2/base_sequential_summary_20260916T042737Z.csv
-- detected associativity estimate: 4 --
  -- repeat 1/2 (seed=12346) --
  wrote 39002 lines -> data_raw/hazel_broadwell/phase1_v2/associativity/L2/associativity_rep1_random_20260916T042737Z.csv (seed=12346)
  wrote 39002 lines -> data_raw/hazel_broadwell/phase1_v2/associativity/L2/associativity_rep1_sequential_20260916T042737Z.csv (seed=12346)
Wrote 39 summary rows to data_processed/hazel_broadwell/phase1_v2/associativity/L2/rep1_random_summary_20260916T042737Z.csv
Wrote 39 summary rows to data_processed/hazel_broadwell/phase1_v2/associativity/L2/rep1_sequential_summary_20260916T042737Z.csv
     repeat 1 detected estimate: 4
  -- repeat 2/2 (seed=12347) --
  wrote 39002 lines -> data_raw/hazel_broadwell/phase1_v2/associativity/L2/associativity_rep2_random_20260916T042737Z.csv (seed=12347)
  wrote 39002 lines -> data_raw/hazel_broadwell/phase1_v2/associativity/L2/associativity_rep2_sequential_20260916T042737Z.csv (seed=12347)
Wrote 39 summary rows to data_processed/hazel_broadwell/phase1_v2/associativity/L2/rep2_random_summary_20260916T042737Z.csv
Wrote 39 summary rows to data_processed/hazel_broadwell/phase1_v2/associativity/L2/rep2_sequential_summary_20260916T042737Z.csv
     repeat 2 detected estimate: 4
-- generating plots for L2 --
  note: num_ways=2 (random) has 3 overlapping summary rows with medians [8.9, 18.5, 8.9] (spread 9.6 ticks, 79.6%) -- averaging, widening whiskers to the union
  note: num_ways=3 (random) has 3 overlapping summary rows with medians [8.9, 18.5, 8.9] (spread 9.6 ticks, 79.6%) -- averaging, widening whiskers to the union
  note: num_ways=4 (random) has 3 overlapping summary rows with medians [8.9, 18.5, 8.9] (spread 9.6 ticks, 79.6%) -- averaging, widening whiskers to the union
  note: num_ways=5 (random) has 3 overlapping summary rows with medians [15.9, 33.1, 15.9] (spread 17.2 ticks, 79.6%) -- averaging, widening whiskers to the union
  note: num_ways=6 (random) has 3 overlapping summary rows with medians [15.9, 30.6, 15.9] (spread 14.7 ticks, 70.6%) -- averaging, widening whiskers to the union
  note: num_ways=9 (random) has 3 overlapping summary rows with medians [10.8, 12.3, 23.2] (spread 12.3 ticks, 79.8%) -- averaging, widening whiskers to the union
  note: num_ways=10 (random) has 3 overlapping summary rows with medians [15.1, 17.1, 41.7] (spread 26.7 ticks, 108.2%) -- averaging, widening whiskers to the union
  note: num_ways=11 (random) has 3 overlapping summary rows with medians [15.1, 40.5, 40.6] (spread 25.5 ticks, 79.6%) -- averaging, widening whiskers to the union
  note: num_ways=12 (random) has 3 overlapping summary rows with medians [15.1, 39.9, 39.3] (spread 24.8 ticks, 78.9%) -- averaging, widening whiskers to the union
  note: num_ways=13 (random) has 3 overlapping summary rows with medians [17.7, 41.1, 39.3] (spread 23.4 ticks, 71.5%) -- averaging, widening whiskers to the union
  note: num_ways=14 (random) has 3 overlapping summary rows with medians [18.0, 39.0, 38.2] (spread 21.0 ticks, 66.1%) -- averaging, widening whiskers to the union
  note: num_ways=10 (sequential) has 3 overlapping summary rows with medians [40.3, 15.0, 15.0] (spread 25.3 ticks, 107.7%) -- averaging, widening whiskers to the union
  note: num_ways=11 (sequential) has 3 overlapping summary rows with medians [42.5, 38.9, 15.0] (spread 27.5 ticks, 85.5%) -- averaging, widening whiskers to the union
Wrote data_processed/hazel_broadwell/phase1_v2/associativity/L2/plots/associativity_curve.pdf and .png
Wrote data_processed/hazel_broadwell/phase1_v2/associativity/L2/plots/associativity_boxplots.pdf and .png
-- compressing raw CSVs for L2 --

== level L3_LLC: cache_bytes=33554432 ==
-- base sweep num_ways=2-40 --
  wrote 39002 lines -> data_raw/hazel_broadwell/phase1_v2/associativity/L3_LLC/associativity_base_random_20260916T042737Z.csv (seed=12345)
  wrote 39002 lines -> data_raw/hazel_broadwell/phase1_v2/associativity/L3_LLC/associativity_base_sequential_20260916T042737Z.csv (seed=12345)
Wrote 39 summary rows to data_processed/hazel_broadwell/phase1_v2/associativity/L3_LLC/base_random_summary_20260916T042737Z.csv
Wrote 39 summary rows to data_processed/hazel_broadwell/phase1_v2/associativity/L3_LLC/base_sequential_summary_20260916T042737Z.csv
-- detected associativity estimate: 5 --
  -- repeat 1/2 (seed=12346) --
  wrote 39002 lines -> data_raw/hazel_broadwell/phase1_v2/associativity/L3_LLC/associativity_rep1_random_20260916T042737Z.csv (seed=12346)
  wrote 39002 lines -> data_raw/hazel_broadwell/phase1_v2/associativity/L3_LLC/associativity_rep1_sequential_20260916T042737Z.csv (seed=12346)
Wrote 39 summary rows to data_processed/hazel_broadwell/phase1_v2/associativity/L3_LLC/rep1_random_summary_20260916T042737Z.csv
Wrote 39 summary rows to data_processed/hazel_broadwell/phase1_v2/associativity/L3_LLC/rep1_sequential_summary_20260916T042737Z.csv
     repeat 1 detected estimate: 9
  -- repeat 2/2 (seed=12347) --
  wrote 39002 lines -> data_raw/hazel_broadwell/phase1_v2/associativity/L3_LLC/associativity_rep2_random_20260916T042737Z.csv (seed=12347)
  wrote 39002 lines -> data_raw/hazel_broadwell/phase1_v2/associativity/L3_LLC/associativity_rep2_sequential_20260916T042737Z.csv (seed=12347)
Wrote 39 summary rows to data_processed/hazel_broadwell/phase1_v2/associativity/L3_LLC/rep2_random_summary_20260916T042737Z.csv
Wrote 39 summary rows to data_processed/hazel_broadwell/phase1_v2/associativity/L3_LLC/rep2_sequential_summary_20260916T042737Z.csv
     repeat 2 detected estimate: 5
WARNING: repeat(s) disagree with the base estimate (base=5,
         repeats=9 5) -- do NOT treat this level's
         associativity as resolved; investigate before citing a number.
-- generating plots for L3_LLC --
  note: num_ways=2 (random) has 3 overlapping summary rows with medians [8.9, 18.5, 8.9] (spread 9.6 ticks, 79.6%) -- averaging, widening whiskers to the union
  note: num_ways=3 (random) has 3 overlapping summary rows with medians [8.9, 18.5, 8.9] (spread 9.6 ticks, 79.6%) -- averaging, widening whiskers to the union
  note: num_ways=4 (random) has 3 overlapping summary rows with medians [8.9, 18.5, 8.9] (spread 9.6 ticks, 79.6%) -- averaging, widening whiskers to the union
  note: num_ways=5 (random) has 3 overlapping summary rows with medians [8.9, 18.5, 8.9] (spread 9.6 ticks, 79.7%) -- averaging, widening whiskers to the union
  note: num_ways=6 (random) has 3 overlapping summary rows with medians [14.8, 28.4, 14.8] (spread 13.7 ticks, 70.7%) -- averaging, widening whiskers to the union
  note: num_ways=2 (sequential) has 3 overlapping summary rows with medians [8.9, 18.5, 8.9] (spread 9.6 ticks, 79.6%) -- averaging, widening whiskers to the union
  note: num_ways=3 (sequential) has 3 overlapping summary rows with medians [8.9, 18.5, 8.9] (spread 9.6 ticks, 79.6%) -- averaging, widening whiskers to the union
  note: num_ways=4 (sequential) has 3 overlapping summary rows with medians [8.9, 18.5, 8.9] (spread 9.6 ticks, 79.6%) -- averaging, widening whiskers to the union
  note: num_ways=5 (sequential) has 3 overlapping summary rows with medians [8.9, 18.5, 8.9] (spread 9.6 ticks, 79.6%) -- averaging, widening whiskers to the union
  note: num_ways=6 (sequential) has 3 overlapping summary rows with medians [14.8, 20.5, 14.8] (spread 5.7 ticks, 34.4%) -- averaging, widening whiskers to the union
Wrote data_processed/hazel_broadwell/phase1_v2/associativity/L3_LLC/plots/associativity_curve.pdf and .png
Wrote data_processed/hazel_broadwell/phase1_v2/associativity/L3_LLC/plots/associativity_boxplots.pdf and .png
-- compressing raw CSVs for L3_LLC --

== done ==
== L1: cache_bytes=32768 -> associativity=8 (repeats: 8 8) ==
== L2: cache_bytes=262144 -> associativity=4 (repeats: 4 4) ==
== L3_LLC: cache_bytes=33554432 -> associativity=5 (repeats: 9 5) ==
== record in data_raw/hazel_broadwell/phase1_v2/README.md: core=12, base_seed=12345 (repeats use base_seed+index), samples=1000000, max_ways=40, timestamp=20260916T042737Z ==
== full transcript saved to: data_raw/hazel_broadwell/phase1_v2/associativity/run_associativity_full_20260916T042737Z.log ==

=== Done ===

------------------------------------------------------------
Resource usage summary:

    Job ID            : 848663
    Job name          : hw1_assoc_relook
    User / Account    : krchen / ece592f26_cpu
    Partition / QOS   : compute_partners / short
    Submitted         : 2026-09-16T00:27:20
    Started           : 2026-09-16T00:27:35
    Wait time         : 15 sec
    Elapsed (wall)    : 00:01:04
    Nodes             : 1 (c205n06)
    CPUs allocated    : 1
    Tasks             : 1
    CPU time (total)  : 33.54 sec  (user 25.98, sys 7.58)
    CPU efficiency    : 52.4%
    Memory in use     : 96.48 MB  (sampled at job end; see seff for peak)
    Memory requested  : 8G
    Working directory : /gpfs_common/share01/titan/krchen/Proj1-Cache-Reverse-Engineering
    Exit code         : 0:0

    For final accounting (Slurm's MaxRSS, billing, etc.):  seff 848663
------------------------------------------------------------
