=== Machine identification (Phase Discipline whitelist only) ===
c205n03
Linux c205n03 5.14.0-611.5.1.el9_7.x86_64 #1 SMP PREEMPT_DYNAMIC Fri Oct 17 14:16:35 EDT 2025 x86_64 x86_64 x86_64 GNU/Linux
model name	: Intel(R) Xeon(R) CPU E5-2650 v4 @ 2.20GHz
Assigned logical CPU: 12, SLURM_JOB_ID=848750

=== Running scripts/run_miss_latency_full.sh (HAZEL_MODE=1) for hazel_broadwell/phase1_v2, transitions=L1_to_L2:32768:262144,L2_to_LLC:262144:33554432,LLC_to_DRAM:33554432:536870912 ===
== run_miss_latency_full: machine=hazel_broadwell/phase1_v2 core=12 base_seed=12345 ==
== timestamp=20260916T044552Z ==

== transition L1_to_L2: target_bytes=32768 evict_bytes=262144 ==
-- base (seed=12345) --
  wrote 202 lines -> data_raw/hazel_broadwell/phase1_v2/latency/miss/L1_to_L2/miss_latency_base_random_20260916T044552Z.csv (pattern=random seed=12345)
Wrote 1 summary rows to data_processed/hazel_broadwell/phase1_v2/latency/miss/L1_to_L2/base_random_summary_20260916T044552Z.csv
  wrote 202 lines -> data_raw/hazel_broadwell/phase1_v2/latency/miss/L1_to_L2/miss_latency_base_sequential_20260916T044552Z.csv (pattern=sequential seed=12345)
Wrote 1 summary rows to data_processed/hazel_broadwell/phase1_v2/latency/miss/L1_to_L2/base_sequential_summary_20260916T044552Z.csv
-- rep1 (seed=12346) --
  wrote 202 lines -> data_raw/hazel_broadwell/phase1_v2/latency/miss/L1_to_L2/miss_latency_rep1_random_20260916T044552Z.csv (pattern=random seed=12346)
Wrote 1 summary rows to data_processed/hazel_broadwell/phase1_v2/latency/miss/L1_to_L2/rep1_random_summary_20260916T044552Z.csv
  wrote 202 lines -> data_raw/hazel_broadwell/phase1_v2/latency/miss/L1_to_L2/miss_latency_rep1_sequential_20260916T044552Z.csv (pattern=sequential seed=12346)
Wrote 1 summary rows to data_processed/hazel_broadwell/phase1_v2/latency/miss/L1_to_L2/rep1_sequential_summary_20260916T044552Z.csv
-- rep2 (seed=12347) --
  wrote 202 lines -> data_raw/hazel_broadwell/phase1_v2/latency/miss/L1_to_L2/miss_latency_rep2_random_20260916T044552Z.csv (pattern=random seed=12347)
Wrote 1 summary rows to data_processed/hazel_broadwell/phase1_v2/latency/miss/L1_to_L2/rep2_random_summary_20260916T044552Z.csv
  wrote 202 lines -> data_raw/hazel_broadwell/phase1_v2/latency/miss/L1_to_L2/miss_latency_rep2_sequential_20260916T044552Z.csv (pattern=sequential seed=12347)
Wrote 1 summary rows to data_processed/hazel_broadwell/phase1_v2/latency/miss/L1_to_L2/rep2_sequential_summary_20260916T044552Z.csv
-- found source-level (L1) hit_latency data for penalty annotation: data_processed/hazel_broadwell/phase1_v2/latency/hit/L1/base_dependent_random_summary_20260916T044219Z.csv data_processed/hazel_broadwell/phase1_v2/latency/hit/L1/rep1_dependent_random_summary_20260916T044219Z.csv data_processed/hazel_broadwell/phase1_v2/latency/hit/L1/rep2_dependent_random_summary_20260916T044219Z.csv --
-- generating plots for L1_to_L2 --
  note: pattern=random has 3 overlapping summary rows with medians [100.0, 63.0, 64.0] (spread 37.0 ticks, 48.9%) -- averaging, widening whiskers to the union
  note: pattern=sequential has 3 overlapping summary rows with medians [127.0, 122.0, 103.0] (spread 24.0 ticks, 20.5%) -- averaging, widening whiskers to the union
Wrote data_processed/hazel_broadwell/phase1_v2/latency/miss/L1_to_L2/plots/miss_latency_boxplots.pdf and .png
-- compressing raw CSVs for L1_to_L2 --

== transition L2_to_LLC: target_bytes=262144 evict_bytes=33554432 ==
-- base (seed=12345) --
  wrote 202 lines -> data_raw/hazel_broadwell/phase1_v2/latency/miss/L2_to_LLC/miss_latency_base_random_20260916T044552Z.csv (pattern=random seed=12345)
Wrote 1 summary rows to data_processed/hazel_broadwell/phase1_v2/latency/miss/L2_to_LLC/base_random_summary_20260916T044552Z.csv
  wrote 202 lines -> data_raw/hazel_broadwell/phase1_v2/latency/miss/L2_to_LLC/miss_latency_base_sequential_20260916T044552Z.csv (pattern=sequential seed=12345)
Wrote 1 summary rows to data_processed/hazel_broadwell/phase1_v2/latency/miss/L2_to_LLC/base_sequential_summary_20260916T044552Z.csv
-- rep1 (seed=12346) --
  wrote 202 lines -> data_raw/hazel_broadwell/phase1_v2/latency/miss/L2_to_LLC/miss_latency_rep1_random_20260916T044552Z.csv (pattern=random seed=12346)
Wrote 1 summary rows to data_processed/hazel_broadwell/phase1_v2/latency/miss/L2_to_LLC/rep1_random_summary_20260916T044552Z.csv
  wrote 202 lines -> data_raw/hazel_broadwell/phase1_v2/latency/miss/L2_to_LLC/miss_latency_rep1_sequential_20260916T044552Z.csv (pattern=sequential seed=12346)
Wrote 1 summary rows to data_processed/hazel_broadwell/phase1_v2/latency/miss/L2_to_LLC/rep1_sequential_summary_20260916T044552Z.csv
-- rep2 (seed=12347) --
  wrote 202 lines -> data_raw/hazel_broadwell/phase1_v2/latency/miss/L2_to_LLC/miss_latency_rep2_random_20260916T044552Z.csv (pattern=random seed=12347)
Wrote 1 summary rows to data_processed/hazel_broadwell/phase1_v2/latency/miss/L2_to_LLC/rep2_random_summary_20260916T044552Z.csv
  wrote 202 lines -> data_raw/hazel_broadwell/phase1_v2/latency/miss/L2_to_LLC/miss_latency_rep2_sequential_20260916T044552Z.csv (pattern=sequential seed=12347)
Wrote 1 summary rows to data_processed/hazel_broadwell/phase1_v2/latency/miss/L2_to_LLC/rep2_sequential_summary_20260916T044552Z.csv
-- found source-level (L2) hit_latency data for penalty annotation: data_processed/hazel_broadwell/phase1_v2/latency/hit/L2/base_dependent_random_summary_20260916T044219Z.csv data_processed/hazel_broadwell/phase1_v2/latency/hit/L2/rep1_dependent_random_summary_20260916T044219Z.csv data_processed/hazel_broadwell/phase1_v2/latency/hit/L2/rep2_dependent_random_summary_20260916T044219Z.csv --
-- generating plots for L2_to_LLC --
  note: pattern=sequential has 3 overlapping summary rows with medians [82.0, 122.0, 121.0] (spread 40.0 ticks, 36.9%) -- averaging, widening whiskers to the union
Wrote data_processed/hazel_broadwell/phase1_v2/latency/miss/L2_to_LLC/plots/miss_latency_boxplots.pdf and .png
-- compressing raw CSVs for L2_to_LLC --

== transition LLC_to_DRAM: target_bytes=33554432 evict_bytes=536870912 ==
-- base (seed=12345) --
  wrote 202 lines -> data_raw/hazel_broadwell/phase1_v2/latency/miss/LLC_to_DRAM/miss_latency_base_random_20260916T044552Z.csv (pattern=random seed=12345)
Wrote 1 summary rows to data_processed/hazel_broadwell/phase1_v2/latency/miss/LLC_to_DRAM/base_random_summary_20260916T044552Z.csv
  wrote 202 lines -> data_raw/hazel_broadwell/phase1_v2/latency/miss/LLC_to_DRAM/miss_latency_base_sequential_20260916T044552Z.csv (pattern=sequential seed=12345)
Wrote 1 summary rows to data_processed/hazel_broadwell/phase1_v2/latency/miss/LLC_to_DRAM/base_sequential_summary_20260916T044552Z.csv
-- rep1 (seed=12346) --
  wrote 202 lines -> data_raw/hazel_broadwell/phase1_v2/latency/miss/LLC_to_DRAM/miss_latency_rep1_random_20260916T044552Z.csv (pattern=random seed=12346)
Wrote 1 summary rows to data_processed/hazel_broadwell/phase1_v2/latency/miss/LLC_to_DRAM/rep1_random_summary_20260916T044552Z.csv
  wrote 202 lines -> data_raw/hazel_broadwell/phase1_v2/latency/miss/LLC_to_DRAM/miss_latency_rep1_sequential_20260916T044552Z.csv (pattern=sequential seed=12346)
Wrote 1 summary rows to data_processed/hazel_broadwell/phase1_v2/latency/miss/LLC_to_DRAM/rep1_sequential_summary_20260916T044552Z.csv
-- rep2 (seed=12347) --
  wrote 202 lines -> data_raw/hazel_broadwell/phase1_v2/latency/miss/LLC_to_DRAM/miss_latency_rep2_random_20260916T044552Z.csv (pattern=random seed=12347)
Wrote 1 summary rows to data_processed/hazel_broadwell/phase1_v2/latency/miss/LLC_to_DRAM/rep2_random_summary_20260916T044552Z.csv
  wrote 202 lines -> data_raw/hazel_broadwell/phase1_v2/latency/miss/LLC_to_DRAM/miss_latency_rep2_sequential_20260916T044552Z.csv (pattern=sequential seed=12347)
Wrote 1 summary rows to data_processed/hazel_broadwell/phase1_v2/latency/miss/LLC_to_DRAM/rep2_sequential_summary_20260916T044552Z.csv
-- found source-level (LLC) hit_latency data for penalty annotation: data_processed/hazel_broadwell/phase1_v2/latency/hit/LLC/base_dependent_random_summary_20260916T044219Z.csv data_processed/hazel_broadwell/phase1_v2/latency/hit/LLC/rep1_dependent_random_summary_20260916T044219Z.csv data_processed/hazel_broadwell/phase1_v2/latency/hit/LLC/rep2_dependent_random_summary_20260916T044219Z.csv --
-- generating plots for LLC_to_DRAM --
  note: pattern=random has 3 overlapping summary rows with medians [243.0, 258.0, 407.0] (spread 164.0 ticks, 54.2%) -- averaging, widening whiskers to the union
Wrote data_processed/hazel_broadwell/phase1_v2/latency/miss/LLC_to_DRAM/plots/miss_latency_boxplots.pdf and .png
-- compressing raw CSVs for LLC_to_DRAM --

== done ==
== L1_to_L2: target_bytes=32768 evict_bytes=262144 ==
== L2_to_LLC: target_bytes=262144 evict_bytes=33554432 ==
== LLC_to_DRAM: target_bytes=33554432 evict_bytes=536870912 ==
== record in data_raw/hazel_broadwell/phase1_v2/README.md: core=12, base_seed=12345 (repeats use base_seed+index), trials=200, timestamp=20260916T044552Z ==
== full transcript saved to: data_raw/hazel_broadwell/phase1_v2/latency/run_miss_latency_full_20260916T044552Z.log ==

=== Done ===

------------------------------------------------------------
Resource usage summary:

    Job ID            : 848750
    Job name          : hw1_misslat_relook
    User / Account    : krchen / ece592f26_cpu
    Partition / QOS   : compute_partners / short
    Submitted         : 2026-09-16T00:34:12
    Started           : 2026-09-16T00:45:51
    Wait time         : 699 sec
    Elapsed (wall)    : 01:01:47
    Nodes             : 1 (c205n03)
    CPUs allocated    : 1
    Tasks             : 1
    CPU time (total)  : 3690.89 sec  (user 3687.91, sys 2.98)
    CPU efficiency    : 99.6%
    Memory in use     : 1.04 GB  (sampled at job end; see seff for peak)
    Memory requested  : 8G
    Working directory : /gpfs_common/share01/titan/krchen/Proj1-Cache-Reverse-Engineering
    Exit code         : 0:0

    For final accounting (Slurm's MaxRSS, billing, etc.):  seff 848750
------------------------------------------------------------
