=== Machine identification (Phase Discipline whitelist only) ===
c205n04
Linux c205n04 5.14.0-611.5.1.el9_7.x86_64 #1 SMP PREEMPT_DYNAMIC Fri Oct 17 14:16:35 EDT 2025 x86_64 x86_64 x86_64 GNU/Linux
model name	: Intel(R) Xeon(R) CPU E5-2650 v4 @ 2.20GHz
CPU CORE SOCKET NODE
  0    0      0    0
  1    1      0    0
  2    2      0    0
  3    3      0    0
  4    4      0    0
  5    5      0    0
  6    6      0    0
  7    7      0    0
  8    8      0    0
  9    9      0    0
 10   10      0    0
 11   11      0    0
 12   12      1    1
 13   13      1    1
 14   14      1    1
 15   15      1    1
 16   16      1    1
 17   17      1    1
 18   18      1    1
 19   19      1    1
 20   20      1    1
 21   21      1    1
 22   22      1    1
 23   23      1    1

=== Slurm job context ===
SLURM_JOB_ID=833551
SLURM_JOB_NODELIST=c205n04
SLURM_CPUS_ON_NODE=1
SLURM_JOB_CONSTRAINT (feature match)=broadwell
policy: default
preferred node: current
physcpubind: 13 
cpubind: 1 
nodebind: 1 
membind: 0 1 
preferred: 

=== Toolchain ===
gcc (GCC) 11.5.0 20240719 (Red Hat 11.5.0-11)

=== Benchmark commit ===
cache_bench git commit: cb7e0c8c82c0269507e665db04563dee78fda9a6

=== Build (isolated per-job directory, avoids races with sibling jobs) ===
gcc -O0 -g -std=c11 -Wall -Wextra -fno-omit-frame-pointer -c main_code/common/main.c -o main_code/common/main.o
gcc -O0 -g -std=c11 -Wall -Wextra -fno-omit-frame-pointer -c main_code/common/benchmark.c -o main_code/common/benchmark.o
gcc -O0 -g -std=c11 -Wall -Wextra -fno-omit-frame-pointer -c main_code/common/pointer_chase.c -o main_code/common/pointer_chase.o
gcc -O0 -g -std=c11 -Wall -Wextra -fno-omit-frame-pointer -c main_code/common/random.c -o main_code/common/random.o
gcc -O0 -g -std=c11 -Wall -Wextra -fno-omit-frame-pointer -c main_code/common/capacity.c -o main_code/common/capacity.o
gcc -O0 -g -std=c11 -Wall -Wextra -fno-omit-frame-pointer -c main_code/common/line_size.c -o main_code/common/line_size.o
gcc -O0 -g -std=c11 -Wall -Wextra -fno-omit-frame-pointer -c main_code/common/associativity.c -o main_code/common/associativity.o
gcc -O0 -g -std=c11 -Wall -Wextra -fno-omit-frame-pointer -c main_code/common/latency.c -o main_code/common/latency.o
gcc -O0 -g -std=c11 -Wall -Wextra -fno-omit-frame-pointer -c main_code/common/inclusion_policy.c -o main_code/common/inclusion_policy.o
gcc -O0 -g -std=c11 -Wall -Wextra -fno-omit-frame-pointer -c main_code/software_hit_rate/software_hit_rate.c -o main_code/software_hit_rate/software_hit_rate.o
gcc -O0 -g -std=c11 -Wall -Wextra -fno-omit-frame-pointer -o cache_bench main_code/common/main.o main_code/common/benchmark.o main_code/common/pointer_chase.o main_code/common/random.o main_code/common/capacity.o main_code/common/line_size.o main_code/common/associativity.o main_code/common/latency.o main_code/common/inclusion_policy.o main_code/software_hit_rate/software_hit_rate.o -lm

=== Smoke test: srun --cpu-bind=cores ./cache_bench (tiny capacity probe) ===
# experiment=capacity samples_requested=1000 samples_achieved=1000 batch_size=1000 num_batches=1 warmup_passes=2 seed=12345 node_bytes=8 pattern=random
size_bytes,num_nodes,pattern,batch_index,avg_ticks_per_access
4096,512,random,0,18.7360
4464,558,random,0,18.5680
4864,608,random,0,46.4500
5312,664,random,0,18.5750
5792,724,random,0,18.5610
6312,789,random,0,18.5750
6888,861,random,0,18.5750
7512,939,random,0,18.5900
8192,1024,random,0,18.5820
8928,1116,random,0,18.5970
9736,1217,random,0,18.5900
10624,1328,random,0,18.5900
11584,1448,random,0,18.5530
12632,1579,random,0,18.5600
13776,1722,random,0,18.5750
15024,1878,random,0,18.6050
16384,2048,random,0,18.5750
17864,2233,random,0,18.6040
19480,2435,random,0,18.5610
21240,2655,random,0,18.5820
23168,2896,random,0,18.6340
25264,3158,random,0,20.3130
27552,3444,random,0,18.7000
30048,3756,random,0,18.6710
32768,4096,random,0,19.0000
35728,4466,random,0,19.9390
38968,4871,random,0,21.2010
42488,5311,random,0,22.5500
46336,5792,random,0,24.6400
50528,6316,random,0,24.1190
55104,6888,random,0,24.4570
60096,7512,random,0,25.1900
65536,8192,random,0,26.0700

=== Phase Discipline gate check: is predictions-frozen an ancestor of HEAD? ===
predictions-frozen is an ancestor of HEAD -- real cache-suite runs are permitted
from a separate, dedicated job script once the full-suite pipeline is built.

=== Done ===

------------------------------------------------------------
Resource usage summary:

    Job ID            : 833551
    Job name          : hw1_cache
    User / Account    : krchen / ece592f26_cpu
    Partition / QOS   : compute_partners / short
    Submitted         : 2026-09-14T14:32:53
    Started           : 2026-09-14T14:32:59
    Wait time         : 6 sec
    Elapsed (wall)    : 00:00:35
    Nodes             : 1 (c205n04)
    CPUs allocated    : 1
    Tasks             : 1
    CPU time (total)  : 1.85 sec  (user 1.42, sys 0.45)
    CPU efficiency    : 5.3%
    Memory in use     : 67.75 MB  (sampled at job end; see seff for peak)
    Memory requested  : 4G
    Working directory : /gpfs_common/share01/titan/krchen/Proj1-Cache-Reverse-Engineering
    Exit code         : 0:0

    For final accounting (Slurm's MaxRSS, billing, etc.):  seff 833551
------------------------------------------------------------
