=== Machine identification (Phase Discipline whitelist only) ===
c205n12
Linux c205n12 5.14.0-611.5.1.el9_7.x86_64 #1 SMP PREEMPT_DYNAMIC Fri Oct 17 14:16:35 EDT 2025 x86_64 x86_64 x86_64 GNU/Linux
model name	: Intel(R) Xeon(R) CPU E5-2650 v4 @ 2.20GHz
Assigned core (informational): 22, SLURM_JOB_ID=839572

=== Running scripts/run_line_size.sh (HAZEL_MODE=1) for hazel_broadwell/line_size_rerun, boundaries=25874000 ===
== run_line_size: machine=hazel_broadwell/line_size_rerun core=22 seed=12345 ==
== timestamp=20260915T045234Z boundaries=25874000 coarse_strides=8,16,32,64,128,256 ==

############################################################
## LEVEL boundary=25874000B -- Method A window=[3234250,103496000] bytes
############################################################
-- [L25874000 A coarse] stride=8B pattern=random offset=0B --
  wrote 31002 lines -> data_raw/hazel_broadwell/line_size_rerun/line_size/level_25874000/family_8_random_20260915T045234Z.csv
Wrote 31 summary rows to data_processed/hazel_broadwell/line_size_rerun/line_size/level_25874000/family_8_random_summary.csv
-- [L25874000 A coarse] stride=8B pattern=sequential offset=0B --
  wrote 31002 lines -> data_raw/hazel_broadwell/line_size_rerun/line_size/level_25874000/family_8_sequential_20260915T045234Z.csv
Wrote 31 summary rows to data_processed/hazel_broadwell/line_size_rerun/line_size/level_25874000/family_8_sequential_summary.csv
-- [L25874000 A coarse] stride=16B pattern=random offset=0B --
  wrote 31002 lines -> data_raw/hazel_broadwell/line_size_rerun/line_size/level_25874000/family_16_random_20260915T045234Z.csv
Wrote 31 summary rows to data_processed/hazel_broadwell/line_size_rerun/line_size/level_25874000/family_16_random_summary.csv
-- [L25874000 A coarse] stride=16B pattern=sequential offset=0B --
  wrote 31002 lines -> data_raw/hazel_broadwell/line_size_rerun/line_size/level_25874000/family_16_sequential_20260915T045234Z.csv
Wrote 31 summary rows to data_processed/hazel_broadwell/line_size_rerun/line_size/level_25874000/family_16_sequential_summary.csv
-- [L25874000 A coarse] stride=32B pattern=random offset=0B --
  wrote 31002 lines -> data_raw/hazel_broadwell/line_size_rerun/line_size/level_25874000/family_32_random_20260915T045234Z.csv
Wrote 31 summary rows to data_processed/hazel_broadwell/line_size_rerun/line_size/level_25874000/family_32_random_summary.csv
-- [L25874000 A coarse] stride=32B pattern=sequential offset=0B --
  wrote 31002 lines -> data_raw/hazel_broadwell/line_size_rerun/line_size/level_25874000/family_32_sequential_20260915T045234Z.csv
Wrote 31 summary rows to data_processed/hazel_broadwell/line_size_rerun/line_size/level_25874000/family_32_sequential_summary.csv
-- [L25874000 A coarse] stride=64B pattern=random offset=0B --
  wrote 31002 lines -> data_raw/hazel_broadwell/line_size_rerun/line_size/level_25874000/family_64_random_20260915T045234Z.csv
Wrote 31 summary rows to data_processed/hazel_broadwell/line_size_rerun/line_size/level_25874000/family_64_random_summary.csv
-- [L25874000 A coarse] stride=64B pattern=sequential offset=0B --
  wrote 31002 lines -> data_raw/hazel_broadwell/line_size_rerun/line_size/level_25874000/family_64_sequential_20260915T045234Z.csv
Wrote 31 summary rows to data_processed/hazel_broadwell/line_size_rerun/line_size/level_25874000/family_64_sequential_summary.csv
-- [L25874000 A coarse] stride=128B pattern=random offset=0B --
  wrote 31002 lines -> data_raw/hazel_broadwell/line_size_rerun/line_size/level_25874000/family_128_random_20260915T045234Z.csv
Wrote 31 summary rows to data_processed/hazel_broadwell/line_size_rerun/line_size/level_25874000/family_128_random_summary.csv
-- [L25874000 A coarse] stride=128B pattern=sequential offset=0B --
  wrote 31002 lines -> data_raw/hazel_broadwell/line_size_rerun/line_size/level_25874000/family_128_sequential_20260915T045234Z.csv
Wrote 31 summary rows to data_processed/hazel_broadwell/line_size_rerun/line_size/level_25874000/family_128_sequential_summary.csv
-- [L25874000 A coarse] stride=256B pattern=random offset=0B --
  wrote 31002 lines -> data_raw/hazel_broadwell/line_size_rerun/line_size/level_25874000/family_256_random_20260915T045234Z.csv
Wrote 31 summary rows to data_processed/hazel_broadwell/line_size_rerun/line_size/level_25874000/family_256_random_summary.csv
-- [L25874000 A coarse] stride=256B pattern=sequential offset=0B --
  wrote 31002 lines -> data_raw/hazel_broadwell/line_size_rerun/line_size/level_25874000/family_256_sequential_20260915T045234Z.csv
Wrote 31 summary rows to data_processed/hazel_broadwell/line_size_rerun/line_size/level_25874000/family_256_sequential_summary.csv
-- [L25874000 A steps 1-3] generating coarse family-of-curves plots --
Wrote data_processed/hazel_broadwell/line_size_rerun/line_size/level_25874000/plots/line_size_family_curve.pdf and .png
-- per-stride elbow (bytes): {8B: 92204448, 16B: 73182720, 32B: 51748000, 64B: 51747968, 128B: 7260544, 256B: 51747840}
-- line-size estimate: smallest candidate stride whose elbow agrees with largest tested stride (~51747840 bytes) is 32B -- see infer_line_size's docstring caveat on the fixed grid resolution before citing this as a clean line-size number on its own
Wrote data_processed/hazel_broadwell/line_size_rerun/line_size/level_25874000/plots/line_size_family_boxplots.pdf and .png
   (the per-stride elbow / line-size-estimate lines just above are
   plot_line_size_family.py's own diagnostic guess from ONE un-repeated coarse
   sweep -- NOT auto-applied below; see data_processed/hazel_broadwell/line_size_rerun/line_size/level_25874000/plots/line_size_family_curve.png
   and decide the step-4 candidate yourself)
== [L25874000 A] no candidate given for this level -- inspect
   data_processed/hazel_broadwell/line_size_rerun/line_size/level_25874000/plots/line_size_family_curve.png yourself and re-run with an
   explicit candidate stride in candidate_overrides_csv for this level (no
   auto-detection: it proved unreliable across runs/cores, see the script's
   header comment). Skipping Method-A step 4.

-- [L25874000 B] single-curve method, footprint_bytes=51748000 (2.0x boundary) --
-- [L25874000 B coarse] stride 8-1024 bytes (step 8) --
  wrote 128002 lines -> data_raw/hazel_broadwell/line_size_rerun/line_size/level_25874000/singlecurve_coarse_random_20260915T045234Z.csv
  wrote 128002 lines -> data_raw/hazel_broadwell/line_size_rerun/line_size/level_25874000/singlecurve_coarse_sequential_20260915T045234Z.csv
Wrote 128 summary rows to data_processed/hazel_broadwell/line_size_rerun/line_size/level_25874000/singlecurve_coarse_random_summary.csv
Wrote 128 summary rows to data_processed/hazel_broadwell/line_size_rerun/line_size/level_25874000/singlecurve_coarse_sequential_summary.csv
-- [L25874000 B] detected line-size estimate (bytes): 32 --
-- [L25874000 B] dense sweep around estimate 32 bytes: 16-65 (step 1) --
  wrote 50002 lines -> data_raw/hazel_broadwell/line_size_rerun/line_size/level_25874000/singlecurve_dense_random_20260915T045234Z.csv
  wrote 50002 lines -> data_raw/hazel_broadwell/line_size_rerun/line_size/level_25874000/singlecurve_dense_sequential_20260915T045234Z.csv
Wrote 50 summary rows to data_processed/hazel_broadwell/line_size_rerun/line_size/level_25874000/singlecurve_dense_random_summary.csv
Wrote 50 summary rows to data_processed/hazel_broadwell/line_size_rerun/line_size/level_25874000/singlecurve_dense_sequential_summary.csv
  -- [L25874000 B] repeat 1/2 of the dense window --
  wrote 50002 lines -> data_raw/hazel_broadwell/line_size_rerun/line_size/level_25874000/singlecurve_dense_rep1_random_20260915T045234Z.csv
  wrote 50002 lines -> data_raw/hazel_broadwell/line_size_rerun/line_size/level_25874000/singlecurve_dense_rep1_sequential_20260915T045234Z.csv
Wrote 50 summary rows to data_processed/hazel_broadwell/line_size_rerun/line_size/level_25874000/singlecurve_dense_rep1_random_summary.csv
Wrote 50 summary rows to data_processed/hazel_broadwell/line_size_rerun/line_size/level_25874000/singlecurve_dense_rep1_sequential_summary.csv
  -- [L25874000 B] repeat 2/2 of the dense window --
  wrote 50002 lines -> data_raw/hazel_broadwell/line_size_rerun/line_size/level_25874000/singlecurve_dense_rep2_random_20260915T045234Z.csv
  wrote 50002 lines -> data_raw/hazel_broadwell/line_size_rerun/line_size/level_25874000/singlecurve_dense_rep2_sequential_20260915T045234Z.csv
Wrote 50 summary rows to data_processed/hazel_broadwell/line_size_rerun/line_size/level_25874000/singlecurve_dense_rep2_random_summary.csv
Wrote 50 summary rows to data_processed/hazel_broadwell/line_size_rerun/line_size/level_25874000/singlecurve_dense_rep2_sequential_summary.csv
-- [L25874000 B] generating single-curve plots --
  note: 16B (random) has 4 overlapping summary rows with medians [185.3, 139.4, 114.5, 185.4] (spread 70.8 ticks, 45.4%) -- averaging, widening whiskers to the union
  note: 24B (random) has 4 overlapping summary rows with medians [186.1, 204.7, 121.4, 186.3] (spread 83.2 ticks, 47.7%) -- averaging, widening whiskers to the union
  note: 32B (random) has 4 overlapping summary rows with medians [186.9, 170.2, 141.7, 134.1] (spread 52.8 ticks, 33.4%) -- averaging, widening whiskers to the union
  note: 40B (random) has 4 overlapping summary rows with medians [187.0, 165.2, 136.6, 137.7] (spread 50.4 ticks, 32.2%) -- averaging, widening whiskers to the union
  note: 56B (random) has 4 overlapping summary rows with medians [188.0, 145.4, 188.0, 178.5] (spread 42.7 ticks, 24.4%) -- averaging, widening whiskers to the union
  note: 17B (random) has 3 overlapping summary rows with medians [139.5, 127.7, 190.6] (spread 62.9 ticks, 41.2%) -- averaging, widening whiskers to the union
  note: 18B (random) has 3 overlapping summary rows with medians [130.3, 176.8, 189.6] (spread 59.4 ticks, 35.8%) -- averaging, widening whiskers to the union
  note: 19B (random) has 3 overlapping summary rows with medians [131.9, 122.7, 190.3] (spread 67.6 ticks, 45.6%) -- averaging, widening whiskers to the union
  note: 20B (random) has 3 overlapping summary rows with medians [130.9, 120.9, 188.3] (spread 67.4 ticks, 45.9%) -- averaging, widening whiskers to the union
  note: 21B (random) has 3 overlapping summary rows with medians [133.4, 124.5, 190.6] (spread 66.1 ticks, 44.2%) -- averaging, widening whiskers to the union
  note: 22B (random) has 3 overlapping summary rows with medians [124.2, 124.6, 190.4] (spread 66.1 ticks, 45.2%) -- averaging, widening whiskers to the union
  note: 23B (random) has 3 overlapping summary rows with medians [129.1, 126.2, 191.1] (spread 64.9 ticks, 43.6%) -- averaging, widening whiskers to the union
  note: 25B (random) has 3 overlapping summary rows with medians [172.9, 128.0, 190.5] (spread 62.5 ticks, 38.1%) -- averaging, widening whiskers to the union
  note: 26B (random) has 3 overlapping summary rows with medians [168.6, 127.7, 190.5] (spread 62.8 ticks, 38.7%) -- averaging, widening whiskers to the union
  note: 27B (random) has 3 overlapping summary rows with medians [173.7, 130.1, 191.9] (spread 61.8 ticks, 37.4%) -- averaging, widening whiskers to the union
  note: 28B (random) has 3 overlapping summary rows with medians [170.6, 128.5, 134.7] (spread 42.2 ticks, 29.2%) -- averaging, widening whiskers to the union
  note: 29B (random) has 3 overlapping summary rows with medians [174.3, 133.4, 135.0] (spread 40.8 ticks, 27.7%) -- averaging, widening whiskers to the union
  note: 30B (random) has 3 overlapping summary rows with medians [173.7, 136.6, 133.0] (spread 40.7 ticks, 27.5%) -- averaging, widening whiskers to the union
  note: 31B (random) has 3 overlapping summary rows with medians [170.5, 138.1, 135.0] (spread 35.5 ticks, 24.0%) -- averaging, widening whiskers to the union
  note: 33B (random) has 3 overlapping summary rows with medians [171.8, 146.8, 138.9] (spread 32.9 ticks, 21.5%) -- averaging, widening whiskers to the union
  note: 35B (random) has 3 overlapping summary rows with medians [172.3, 140.6, 150.3] (spread 31.7 ticks, 20.6%) -- averaging, widening whiskers to the union
  note: 36B (random) has 3 overlapping summary rows with medians [170.3, 138.5, 189.4] (spread 50.8 ticks, 30.6%) -- averaging, widening whiskers to the union
  note: 37B (random) has 3 overlapping summary rows with medians [172.6, 141.6, 191.8] (spread 50.2 ticks, 29.8%) -- averaging, widening whiskers to the union
  note: 38B (random) has 3 overlapping summary rows with medians [167.4, 141.2, 191.0] (spread 49.8 ticks, 29.9%) -- averaging, widening whiskers to the union
  note: 39B (random) has 3 overlapping summary rows with medians [173.3, 142.7, 191.2] (spread 48.4 ticks, 28.6%) -- averaging, widening whiskers to the union
  note: 47B (random) has 3 overlapping summary rows with medians [156.3, 140.5, 191.7] (spread 51.2 ticks, 31.5%) -- averaging, widening whiskers to the union
  note: 53B (random) has 3 overlapping summary rows with medians [155.7, 193.0, 192.0] (spread 37.2 ticks, 20.7%) -- averaging, widening whiskers to the union
  note: 54B (random) has 3 overlapping summary rows with medians [139.1, 191.7, 191.3] (spread 52.5 ticks, 30.2%) -- averaging, widening whiskers to the union
  note: 55B (random) has 3 overlapping summary rows with medians [137.8, 193.0, 181.7] (spread 55.2 ticks, 32.3%) -- averaging, widening whiskers to the union
  note: flagged 3 isolated spike stride(s) as probable page-aliasing artifacts: [512, 832, 1024]
Wrote data_processed/hazel_broadwell/line_size_rerun/line_size/level_25874000/plots/line_size_curve.pdf and .png
Wrote data_processed/hazel_broadwell/line_size_rerun/line_size/level_25874000/plots/line_size_boxplots.pdf and .png
-- compressing raw CSVs for level 25874000 --

############################################################
## step 5: cross-level, cross-method agreement summary
############################################################
   level boundary=25874000B -> method A (family of curves) = noneB, method B (single curve) = 32B
== every level/method that produced an estimate AGREES on 32B -- strong Phase-I evidence ==
== done: all levels, both methods, complete ==
== this is a FROZEN PHASE-I TIMING-ONLY result -- compare against PMU counters
   and the documented/system-reported line size in Phase II before treating it as
   confirmed (see README.md's Phase I/II/III discipline).
== plots per level: data_processed/hazel_broadwell/line_size_rerun/line_size/level_<boundary>/plots/line_size_family_{curve,boxplots}.{png,pdf} (A, steps 1-3),
          .../line_size_offset_{elbow,boxplots}.{png,pdf} (A, step 4), .../line_size_{curve,boxplots}.{png,pdf} (B) ==
== record in data_raw/hazel_broadwell/line_size_rerun/README.md: boundaries=25874000, core=22,
   seed=12345, samples=1000000, coarse_strides=8,16,32,64,128,256, per-level/per-method estimates as above,
   timestamp=20260915T045234Z ==
== full transcript saved to: data_raw/hazel_broadwell/line_size_rerun/line_size/run_line_size_20260915T045234Z.log ==

=== Done ===

------------------------------------------------------------
Resource usage summary:

    Job ID            : 839572
    Job name          : hw1_ls_relook
    User / Account    : krchen / ece592f26_cpu
    Partition / QOS   : compute_partners / short
    Submitted         : 2026-09-15T00:52:20
    Started           : 2026-09-15T00:52:33
    Wait time         : 13 sec
    Elapsed (wall)    : 00:03:52
    Nodes             : 1 (c205n12)
    CPUs allocated    : 1
    Tasks             : 1
    CPU time (total)  : 225.96 sec  (user 210.46, sys 15.51)
    CPU efficiency    : 97.4%
    Memory in use     : 207.54 MB  (sampled at job end; see seff for peak)
    Memory requested  : 8G
    Working directory : /gpfs_common/share01/titan/krchen/Proj1-Cache-Reverse-Engineering
    Exit code         : 0:0

    For final accounting (Slurm's MaxRSS, billing, etc.):  seff 839572
------------------------------------------------------------
