=== Machine identification (Phase Discipline whitelist only) ===
c202n02
Linux c202n02 5.14.0-611.5.1.el9_7.x86_64 #1 SMP PREEMPT_DYNAMIC Fri Oct 17 14:16:35 EDT 2025 x86_64 x86_64 x86_64 GNU/Linux
model name	: Intel(R) Xeon(R) CPU E5-2650 v4 @ 2.20GHz
Assigned logical CPU: 21, SLURM_JOB_ID=838236

=== Running scripts/run_inclusion_policy_full.sh (HAZEL_MODE=1) ===
== run_inclusion_policy_full: machine=hazel_broadwell core=21 base_seed=12345 ==
== assumed_line_size_bytes=64 (confirmed for Sunbird 2026-09-11; verify for other machines) ==
== timestamp=20260915T040216Z ==

== L1_vs_L2: target_bytes=32768 lower_level_bytes=262144 -> evict_bytes=16777216 (scaled 4096/64x) ==
-- survived-class calibration (evict_bytes=target_bytes, nothing evicted) --
  survived-class (single-shot, calibrated here): 52.032 ticks
  invalidated-class (from data_processed/hazel_broadwell/latency/miss/L1_to_L2/base_random_summary_20260915T023857Z.csv): 76.0 ticks
-- base (seed=12345) --
  wrote 402 lines -> data_raw/hazel_broadwell/inclusion_policy/L1_vs_L2/inclusion_policy_base_random_20260915T040216Z.csv (pattern=random seed=12345)
Wrote 2 summary rows to data_processed/hazel_broadwell/inclusion_policy/L1_vs_L2/base_random_summary_20260915T040216Z.csv
  wrote 402 lines -> data_raw/hazel_broadwell/inclusion_policy/L1_vs_L2/inclusion_policy_base_sequential_20260915T040216Z.csv (pattern=sequential seed=12345)
Wrote 2 summary rows to data_processed/hazel_broadwell/inclusion_policy/L1_vs_L2/base_sequential_summary_20260915T040216Z.csv
-- rep1 (seed=12346) --
  wrote 402 lines -> data_raw/hazel_broadwell/inclusion_policy/L1_vs_L2/inclusion_policy_rep1_random_20260915T040216Z.csv (pattern=random seed=12346)
Wrote 2 summary rows to data_processed/hazel_broadwell/inclusion_policy/L1_vs_L2/rep1_random_summary_20260915T040216Z.csv
  wrote 402 lines -> data_raw/hazel_broadwell/inclusion_policy/L1_vs_L2/inclusion_policy_rep1_sequential_20260915T040216Z.csv (pattern=sequential seed=12346)
Wrote 2 summary rows to data_processed/hazel_broadwell/inclusion_policy/L1_vs_L2/rep1_sequential_summary_20260915T040216Z.csv
-- rep2 (seed=12347) --
  wrote 402 lines -> data_raw/hazel_broadwell/inclusion_policy/L1_vs_L2/inclusion_policy_rep2_random_20260915T040216Z.csv (pattern=random seed=12347)
Wrote 2 summary rows to data_processed/hazel_broadwell/inclusion_policy/L1_vs_L2/rep2_random_summary_20260915T040216Z.csv
  wrote 402 lines -> data_raw/hazel_broadwell/inclusion_policy/L1_vs_L2/inclusion_policy_rep2_sequential_20260915T040216Z.csv (pattern=sequential seed=12347)
Wrote 2 summary rows to data_processed/hazel_broadwell/inclusion_policy/L1_vs_L2/rep2_sequential_summary_20260915T040216Z.csv
Survived-class (upper-level hit) median:       52.03 ticks
Invalidated-class (beyond-lower-level) median: 76.00 ticks
Classification boundary (geometric mean):      62.88 ticks

TARGET channel  (n=200): median=61.0 mean=61.6 ticks -- 53 survived-like (26.5%), 145 ambiguous, 2 invalidated-like (1.0%)
CONTROL channel (n=200): median=55.0 mean=52.8 ticks -- 78 survived-like (39.0%), 119 ambiguous, 3 invalidated-like (1.5%)
Paired check: target read slower than its own trial's control in 83.5% of trials (distribution-free, independent of the class boundary above)

VERDICT: UNCERTAIN (mixed result -- do not claim a global policy from this alone)
-- generating plots for L1_vs_L2 --
Wrote data_processed/hazel_broadwell/inclusion_policy/L1_vs_L2/plots/inclusion_policy_boxplots.pdf and .png
-- compressing raw CSVs for L1_vs_L2 --

== L2_vs_LLC: target_bytes=262144 lower_level_bytes=25874000 -> evict_bytes=1655936000 (scaled 4096/64x) ==
-- survived-class calibration (evict_bytes=target_bytes, nothing evicted) --
  survived-class (single-shot, calibrated here): 70.224 ticks
  invalidated-class (from data_processed/hazel_broadwell/latency/miss/L2_to_LLC/base_random_summary_20260915T023857Z.csv): 289.5 ticks
-- base (seed=12345) --
  wrote 402 lines -> data_raw/hazel_broadwell/inclusion_policy/L2_vs_LLC/inclusion_policy_base_random_20260915T040216Z.csv (pattern=random seed=12345)
Wrote 2 summary rows to data_processed/hazel_broadwell/inclusion_policy/L2_vs_LLC/base_random_summary_20260915T040216Z.csv
  wrote 402 lines -> data_raw/hazel_broadwell/inclusion_policy/L2_vs_LLC/inclusion_policy_base_sequential_20260915T040216Z.csv (pattern=sequential seed=12345)
Wrote 2 summary rows to data_processed/hazel_broadwell/inclusion_policy/L2_vs_LLC/base_sequential_summary_20260915T040216Z.csv
-- rep1 (seed=12346) --
  wrote 402 lines -> data_raw/hazel_broadwell/inclusion_policy/L2_vs_LLC/inclusion_policy_rep1_random_20260915T040216Z.csv (pattern=random seed=12346)
Wrote 2 summary rows to data_processed/hazel_broadwell/inclusion_policy/L2_vs_LLC/rep1_random_summary_20260915T040216Z.csv
  wrote 402 lines -> data_raw/hazel_broadwell/inclusion_policy/L2_vs_LLC/inclusion_policy_rep1_sequential_20260915T040216Z.csv (pattern=sequential seed=12346)
Wrote 2 summary rows to data_processed/hazel_broadwell/inclusion_policy/L2_vs_LLC/rep1_sequential_summary_20260915T040216Z.csv
-- rep2 (seed=12347) --
  wrote 402 lines -> data_raw/hazel_broadwell/inclusion_policy/L2_vs_LLC/inclusion_policy_rep2_random_20260915T040216Z.csv (pattern=random seed=12347)
Wrote 2 summary rows to data_processed/hazel_broadwell/inclusion_policy/L2_vs_LLC/rep2_random_summary_20260915T040216Z.csv
  wrote 402 lines -> data_raw/hazel_broadwell/inclusion_policy/L2_vs_LLC/inclusion_policy_rep2_sequential_20260915T040216Z.csv (pattern=sequential seed=12347)
Wrote 2 summary rows to data_processed/hazel_broadwell/inclusion_policy/L2_vs_LLC/rep2_sequential_summary_20260915T040216Z.csv
WARNING: control channel shows 100.0% invalidated-like trials, but control is never touched by the eviction walk by construction -- this suggests the avoidance construction is compromised on this machine/level (e.g. DTLB pressure from a large eviction footprint, or the upper level's index range exceeding one page -- see inclusion_policy.h's KNOWN LIMITATION). Treat the target verdict below as UNCERTAIN regardless of its own fraction.
Survived-class (upper-level hit) median:       70.22 ticks
Invalidated-class (beyond-lower-level) median: 289.50 ticks
Classification boundary (geometric mean):      142.58 ticks

TARGET channel  (n=200): median=584.5 mean=675.6 ticks -- 0 survived-like (0.0%), 0 ambiguous, 200 invalidated-like (100.0%)
CONTROL channel (n=200): median=507.0 mean=593.2 ticks -- 0 survived-like (0.0%), 0 ambiguous, 200 invalidated-like (100.0%)
Paired check: target read slower than its own trial's control in 57.0% of trials (distribution-free, independent of the class boundary above)

VERDICT: UNCERTAIN (confound suspected -- see warning above)
-- generating plots for L2_vs_LLC --
  note: ('control', 'random') has 3 overlapping summary rows with medians [507.0, 295.0, 510.0] (spread 215.0 ticks, 49.2%) -- averaging, widening whiskers to the union
  note: ('target', 'sequential') has 3 overlapping summary rows with medians [452.0, 429.5, 285.0] (spread 167.0 ticks, 42.9%) -- averaging, widening whiskers to the union
Wrote data_processed/hazel_broadwell/inclusion_policy/L2_vs_LLC/plots/inclusion_policy_boxplots.pdf and .png
-- compressing raw CSVs for L2_vs_LLC --

== L1_vs_LLC: target_bytes=32768 lower_level_bytes=25874000 -> evict_bytes=1655936000 (scaled 4096/64x) ==
-- survived-class calibration (evict_bytes=target_bytes, nothing evicted) --
  survived-class (single-shot, calibrated here): 52.708 ticks
  invalidated-class (from data_processed/hazel_broadwell/latency/miss/LLC_to_DRAM/base_random_summary_20260915T023857Z.csv): 1001.0 ticks
-- base (seed=12345) --
  wrote 402 lines -> data_raw/hazel_broadwell/inclusion_policy/L1_vs_LLC/inclusion_policy_base_random_20260915T040216Z.csv (pattern=random seed=12345)
Wrote 2 summary rows to data_processed/hazel_broadwell/inclusion_policy/L1_vs_LLC/base_random_summary_20260915T040216Z.csv
  wrote 402 lines -> data_raw/hazel_broadwell/inclusion_policy/L1_vs_LLC/inclusion_policy_base_sequential_20260915T040216Z.csv (pattern=sequential seed=12345)
Wrote 2 summary rows to data_processed/hazel_broadwell/inclusion_policy/L1_vs_LLC/base_sequential_summary_20260915T040216Z.csv
-- rep1 (seed=12346) --
  wrote 402 lines -> data_raw/hazel_broadwell/inclusion_policy/L1_vs_LLC/inclusion_policy_rep1_random_20260915T040216Z.csv (pattern=random seed=12346)
Wrote 2 summary rows to data_processed/hazel_broadwell/inclusion_policy/L1_vs_LLC/rep1_random_summary_20260915T040216Z.csv
  wrote 402 lines -> data_raw/hazel_broadwell/inclusion_policy/L1_vs_LLC/inclusion_policy_rep1_sequential_20260915T040216Z.csv (pattern=sequential seed=12346)
Wrote 2 summary rows to data_processed/hazel_broadwell/inclusion_policy/L1_vs_LLC/rep1_sequential_summary_20260915T040216Z.csv
-- rep2 (seed=12347) --
  wrote 402 lines -> data_raw/hazel_broadwell/inclusion_policy/L1_vs_LLC/inclusion_policy_rep2_random_20260915T040216Z.csv (pattern=random seed=12347)
Wrote 2 summary rows to data_processed/hazel_broadwell/inclusion_policy/L1_vs_LLC/rep2_random_summary_20260915T040216Z.csv
  wrote 402 lines -> data_raw/hazel_broadwell/inclusion_policy/L1_vs_LLC/inclusion_policy_rep2_sequential_20260915T040216Z.csv (pattern=sequential seed=12347)
Wrote 2 summary rows to data_processed/hazel_broadwell/inclusion_policy/L1_vs_LLC/rep2_sequential_summary_20260915T040216Z.csv
WARNING: control channel shows 86.0% invalidated-like trials, but control is never touched by the eviction walk by construction -- this suggests the avoidance construction is compromised on this machine/level (e.g. DTLB pressure from a large eviction footprint, or the upper level's index range exceeding one page -- see inclusion_policy.h's KNOWN LIMITATION). Treat the target verdict below as UNCERTAIN regardless of its own fraction.
Survived-class (upper-level hit) median:       52.71 ticks
Invalidated-class (beyond-lower-level) median: 1001.00 ticks
Classification boundary (geometric mean):      229.70 ticks

TARGET channel  (n=200): median=502.5 mean=567.4 ticks -- 0 survived-like (0.0%), 29 ambiguous, 171 invalidated-like (85.5%)
CONTROL channel (n=200): median=309.0 mean=398.1 ticks -- 0 survived-like (0.0%), 28 ambiguous, 172 invalidated-like (86.0%)
Paired check: target read slower than its own trial's control in 72.5% of trials (distribution-free, independent of the class boundary above)

VERDICT: UNCERTAIN (confound suspected -- see warning above)
-- generating plots for L1_vs_LLC --
  note: ('target', 'random') has 3 overlapping summary rows with medians [502.5, 505.5, 884.5] (spread 382.0 ticks, 60.6%) -- averaging, widening whiskers to the union
  note: ('control', 'random') has 3 overlapping summary rows with medians [309.0, 450.5, 319.0] (spread 141.5 ticks, 39.4%) -- averaging, widening whiskers to the union
  note: ('target', 'sequential') has 3 overlapping summary rows with medians [927.5, 452.0, 572.5] (spread 475.5 ticks, 73.1%) -- averaging, widening whiskers to the union
  note: ('control', 'sequential') has 3 overlapping summary rows with medians [419.0, 279.5, 288.0] (spread 139.5 ticks, 42.4%) -- averaging, widening whiskers to the union
Wrote data_processed/hazel_broadwell/inclusion_policy/L1_vs_LLC/plots/inclusion_policy_boxplots.pdf and .png
-- compressing raw CSVs for L1_vs_LLC --

== done ==
== L1_vs_L2: VERDICT: UNCERTAIN (mixed result -- do not claim a global policy from this alone) ==
== L2_vs_LLC: VERDICT: UNCERTAIN (confound suspected -- see warning above) ==
== L1_vs_LLC: VERDICT: UNCERTAIN (confound suspected -- see warning above) ==
== record in data_raw/hazel_broadwell/README.md: core=21, base_seed=12345 (repeats use base_seed+index), trials=200, assumed_line_size_bytes=64, timestamp=20260915T040216Z ==
== full transcript saved to: data_raw/hazel_broadwell/inclusion_policy/run_inclusion_policy_full_20260915T040216Z.log ==

=== Done ===

------------------------------------------------------------
Resource usage summary:

    Job ID            : 838236
    Job name          : hw1_inclusion_policy
    User / Account    : krchen / ece592f26_cpu
    Partition / QOS   : compute_partners / short
    Submitted         : 2026-09-14T22:38:51
    Started           : 2026-09-15T00:02:15
    Wait time         : 5004 sec
    Elapsed (wall)    : 00:02:15
    Nodes             : 1 (c202n02)
    CPUs allocated    : 1
    Tasks             : 1
    CPU time (total)  : 131.47 sec  (user 124.04, sys 7.45)
    CPU efficiency    : 97.4%
    Memory in use     : 1.56 GB  (sampled at job end; see seff for peak)
    Memory requested  : 8G
    Working directory : /gpfs_common/share01/titan/krchen/Proj1-Cache-Reverse-Engineering
    Exit code         : 0:0

    For final accounting (Slurm's MaxRSS, billing, etc.):  seff 838236
------------------------------------------------------------
