=== Machine identification (Phase Discipline whitelist only) ===
c205n03
Linux c205n03 5.14.0-611.5.1.el9_7.x86_64 #1 SMP PREEMPT_DYNAMIC Fri Oct 17 14:16:35 EDT 2025 x86_64 x86_64 x86_64 GNU/Linux
model name	: Intel(R) Xeon(R) CPU E5-2650 v4 @ 2.20GHz
CPU CORE SOCKET NODE
  0    0      0    0
  1    1      0    0
  2    2      0    0
  3    3      0    0
  4    4      0    0
  5    5      0    0
  6    6      0    0
  7    7      0    0
  8    8      0    0
  9    9      0    0
 10   10      0    0
 11   11      0    0
 12   12      1    1
 13   13      1    1
 14   14      1    1
 15   15      1    1
 16   16      1    1
 17   17      1    1
 18   18      1    1
 19   19      1    1
 20   20      1    1
 21   21      1    1
 22   22      1    1
 23   23      1    1
Assigned logical CPU (physcpubind, informational -- srun --cpu-bind=cores does the real pinning): 12
SLURM_JOB_ID=837629

=== Phase Discipline gate check: is predictions-frozen an ancestor of HEAD? ===
OK -- predictions-frozen confirmed ancestor of HEAD, proceeding.

=== Running scripts/run_capacity_full.sh (HAZEL_MODE=1) ===
== run_capacity_full: machine=hazel_broadwell core=12 coarse_max=67108864 seed=12345 ==
== timestamp=20260915T010343Z ==
-- coarse sweep 1024-67108864 bytes --
  wrote 129002 lines -> data_raw/hazel_broadwell/capacity/capacity_coarse_random_20260915T010343Z.csv
  wrote 129002 lines -> data_raw/hazel_broadwell/capacity/capacity_coarse_sequential_20260915T010343Z.csv
Wrote 129 summary rows to data_processed/hazel_broadwell/capacity/coarse_random_summary.csv
Wrote 129 summary rows to data_processed/hazel_broadwell/capacity/coarse_sequential_summary.csv
-- tail-extension sweep 67108864-268435456 bytes --
  wrote 17002 lines -> data_raw/hazel_broadwell/capacity/capacity_coarse_ext_random_20260915T010343Z.csv
  wrote 17002 lines -> data_raw/hazel_broadwell/capacity/capacity_coarse_ext_sequential_20260915T010343Z.csv
Wrote 17 summary rows to data_processed/hazel_broadwell/capacity/coarse_ext_random_summary.csv
Wrote 17 summary rows to data_processed/hazel_broadwell/capacity/coarse_ext_sequential_summary.csv
-- detected boundaries (bytes): 202136 339952 30769544 33554432 51748008 --
-- dense sweep around boundary 202136 bytes: 25267-1617088 --
  wrote 289002 lines -> data_raw/hazel_broadwell/capacity/capacity_dense0_random_20260915T010343Z.csv
  wrote 289002 lines -> data_raw/hazel_broadwell/capacity/capacity_dense0_sequential_20260915T010343Z.csv
Wrote 289 summary rows to data_processed/hazel_broadwell/capacity/dense0_random_summary.csv
Wrote 289 summary rows to data_processed/hazel_broadwell/capacity/dense0_sequential_summary.csv
-- dense sweep around boundary 339952 bytes: 42494-2719616 --
  wrote 289002 lines -> data_raw/hazel_broadwell/capacity/capacity_dense1_random_20260915T010343Z.csv
  wrote 289002 lines -> data_raw/hazel_broadwell/capacity/capacity_dense1_sequential_20260915T010343Z.csv
Wrote 289 summary rows to data_processed/hazel_broadwell/capacity/dense1_random_summary.csv
Wrote 289 summary rows to data_processed/hazel_broadwell/capacity/dense1_sequential_summary.csv
-- dense sweep around boundary 30769544 bytes: 3846193-246156352 --
  wrote 289002 lines -> data_raw/hazel_broadwell/capacity/capacity_dense2_random_20260915T010343Z.csv
  wrote 289002 lines -> data_raw/hazel_broadwell/capacity/capacity_dense2_sequential_20260915T010343Z.csv
Wrote 289 summary rows to data_processed/hazel_broadwell/capacity/dense2_random_summary.csv
Wrote 289 summary rows to data_processed/hazel_broadwell/capacity/dense2_sequential_summary.csv
-- dense sweep around boundary 33554432 bytes: 4194304-268435456 --
  wrote 289002 lines -> data_raw/hazel_broadwell/capacity/capacity_dense3_random_20260915T010343Z.csv
  wrote 289002 lines -> data_raw/hazel_broadwell/capacity/capacity_dense3_sequential_20260915T010343Z.csv
Wrote 289 summary rows to data_processed/hazel_broadwell/capacity/dense3_random_summary.csv
Wrote 289 summary rows to data_processed/hazel_broadwell/capacity/dense3_sequential_summary.csv
-- dense sweep around boundary 51748008 bytes: 6468501-268435456 --
  wrote 259002 lines -> data_raw/hazel_broadwell/capacity/capacity_dense4_random_20260915T010343Z.csv
  wrote 259002 lines -> data_raw/hazel_broadwell/capacity/capacity_dense4_sequential_20260915T010343Z.csv
Wrote 259 summary rows to data_processed/hazel_broadwell/capacity/dense4_random_summary.csv
Wrote 259 summary rows to data_processed/hazel_broadwell/capacity/dense4_sequential_summary.csv
  -- repeat 1/2 of deepest boundary's dense window --
  wrote 259002 lines -> data_raw/hazel_broadwell/capacity/capacity_dense4_rep1_random_20260915T010343Z.csv
  wrote 259002 lines -> data_raw/hazel_broadwell/capacity/capacity_dense4_rep1_sequential_20260915T010343Z.csv
Wrote 259 summary rows to data_processed/hazel_broadwell/capacity/dense4_rep1_random_summary.csv
Wrote 259 summary rows to data_processed/hazel_broadwell/capacity/dense4_rep1_sequential_summary.csv
  -- repeat 2/2 of deepest boundary's dense window --
  wrote 259002 lines -> data_raw/hazel_broadwell/capacity/capacity_dense4_rep2_random_20260915T010343Z.csv
  wrote 259002 lines -> data_raw/hazel_broadwell/capacity/capacity_dense4_rep2_sequential_20260915T010343Z.csv
Wrote 259 summary rows to data_processed/hazel_broadwell/capacity/dense4_rep2_random_summary.csv
Wrote 259 summary rows to data_processed/hazel_broadwell/capacity/dense4_rep2_sequential_summary.csv
-- dense sweep past deepest boundary, checking for a further plateau: 103496016-268435456 --
  wrote 67002 lines -> data_raw/hazel_broadwell/capacity/capacity_denseTail_random_20260915T010343Z.csv
  wrote 67002 lines -> data_raw/hazel_broadwell/capacity/capacity_denseTail_sequential_20260915T010343Z.csv
Wrote 67 summary rows to data_processed/hazel_broadwell/capacity/denseTail_random_summary.csv
Wrote 67 summary rows to data_processed/hazel_broadwell/capacity/denseTail_sequential_summary.csv
-- generating plots --
  note: 181.016 KiB (random) has 3 overlapping summary rows with medians [15.5, 12.2, 12.3] (spread 3.3 ticks, 24.5%) -- averaging, widening whiskers to the union
  note: 6.16884 MiB (random) has 6 overlapping summary rows with medians [40.6, 40.6, 40.6, 40.5, 40.5, 279.9] (spread 239.4 ticks, 297.5%) -- averaging, widening whiskers to the union
  note: 6.72717 MiB (random) has 6 overlapping summary rows with medians [41.1, 41.1, 41.1, 41.3, 41.1, 210.1] (spread 169.1 ticks, 244.0%) -- averaging, widening whiskers to the union
  note: 7.33603 MiB (random) has 6 overlapping summary rows with medians [41.6, 41.6, 41.7, 41.6, 41.6, 138.2] (spread 96.6 ticks, 167.4%) -- averaging, widening whiskers to the union
  note: 16 MiB (random) has 5 overlapping summary rows with medians [41.2, 41.2, 41.2, 41.2, 189.9] (spread 148.7 ticks, 209.7%) -- averaging, widening whiskers to the union
  note: 17.4481 MiB (random) has 6 overlapping summary rows with medians [41.6, 41.6, 41.6, 41.6, 41.6, 192.0] (spread 150.4 ticks, 225.6%) -- averaging, widening whiskers to the union
  note: 19.0273 MiB (random) has 5 overlapping summary rows with medians [41.7, 41.5, 41.5, 41.5, 192.2] (spread 150.7 ticks, 210.3%) -- averaging, widening whiskers to the union
  note: 20.7494 MiB (random) has 6 overlapping summary rows with medians [41.4, 41.5, 41.4, 41.4, 41.4, 192.4] (spread 151.0 ticks, 226.8%) -- averaging, widening whiskers to the union
  note: 22.6274 MiB (random) has 6 overlapping summary rows with medians [41.4, 44.5, 41.8, 41.4, 41.6, 173.3] (spread 131.8 ticks, 206.0%) -- averaging, widening whiskers to the union
  note: 26.9087 MiB (random) has 5 overlapping summary rows with medians [49.6, 45.3, 43.9, 44.4, 193.4] (spread 149.5 ticks, 198.5%) -- averaging, widening whiskers to the union
  note: 29.3441 MiB (random) has 6 overlapping summary rows with medians [49.1, 56.1, 51.9, 49.9, 48.5, 153.5] (spread 105.0 ticks, 154.1%) -- averaging, widening whiskers to the union
  note: 32 MiB (random) has 5 overlapping summary rows with medians [58.6, 60.7, 59.6, 57.2, 148.0] (spread 90.8 ticks, 118.2%) -- averaging, widening whiskers to the union
  note: 34.8962 MiB (random) has 2 overlapping summary rows with medians [89.8, 69.6] (spread 20.2 ticks, 25.3%) -- averaging, widening whiskers to the union
  note: 38.0546 MiB (random) has 5 overlapping summary rows with medians [79.8, 80.6, 80.8, 78.6, 159.1] (spread 80.5 ticks, 84.1%) -- averaging, widening whiskers to the union
  note: 41.4989 MiB (random) has 5 overlapping summary rows with medians [92.3, 90.4, 89.9, 88.2, 186.9] (spread 98.7 ticks, 90.1%) -- averaging, widening whiskers to the union
  note: 45.2548 MiB (random) has 5 overlapping summary rows with medians [98.3, 99.4, 99.1, 96.4, 196.0] (spread 99.6 ticks, 84.5%) -- averaging, widening whiskers to the union
  note: 49.3507 MiB (random) has 5 overlapping summary rows with medians [106.2, 110.6, 111.9, 104.6, 176.0] (spread 71.4 ticks, 58.6%) -- averaging, widening whiskers to the union
  note: 53.8174 MiB (random) has 5 overlapping summary rows with medians [123.5, 112.5, 112.9, 110.9, 195.6] (spread 84.7 ticks, 64.6%) -- averaging, widening whiskers to the union
  note: 58.6883 MiB (random) has 5 overlapping summary rows with medians [118.4, 118.2, 119.2, 117.1, 171.8] (spread 54.8 ticks, 42.5%) -- averaging, widening whiskers to the union
  note: 64 MiB (random) has 6 overlapping summary rows with medians [126.6, 124.4, 124.4, 127.8, 122.2, 173.6] (spread 51.4 ticks, 38.6%) -- averaging, widening whiskers to the union
  note: 76.1093 MiB (random) has 5 overlapping summary rows with medians [135.6, 134.7, 133.8, 133.8, 197.1] (spread 63.4 ticks, 43.1%) -- averaging, widening whiskers to the union
  note: 82.9977 MiB (random) has 5 overlapping summary rows with medians [147.1, 140.6, 139.2, 137.8, 180.9] (spread 43.1 ticks, 28.9%) -- averaging, widening whiskers to the union
  note: 90.5097 MiB (random) has 5 overlapping summary rows with medians [143.8, 143.2, 144.8, 142.1, 180.9] (spread 38.8 ticks, 25.7%) -- averaging, widening whiskers to the union
  note: 98.7015 MiB (random) has 6 overlapping summary rows with medians [153.2, 147.6, 146.7, 147.7, 199.5, 150.0] (spread 52.9 ticks, 33.6%) -- averaging, widening whiskers to the union
  note: 107.635 MiB (random) has 6 overlapping summary rows with medians [155.7, 151.2, 150.7, 149.3, 191.2, 199.3] (spread 50.1 ticks, 30.1%) -- averaging, widening whiskers to the union
  note: 152.219 MiB (random) has 6 overlapping summary rows with medians [165.7, 162.9, 161.5, 160.4, 194.1, 200.9] (spread 40.5 ticks, 23.2%) -- averaging, widening whiskers to the union
  note: 181.019 MiB (random) has 6 overlapping summary rows with medians [168.8, 166.0, 165.6, 165.3, 201.7, 193.8] (spread 36.4 ticks, 20.6%) -- averaging, widening whiskers to the union
  note: 197.403 MiB (random) has 6 overlapping summary rows with medians [169.9, 167.8, 168.5, 171.4, 266.4, 323.7] (spread 155.9 ticks, 73.8%) -- averaging, widening whiskers to the union
  note: 215.269 MiB (random) has 6 overlapping summary rows with medians [171.8, 169.3, 169.3, 188.8, 279.5, 187.9] (spread 110.3 ticks, 56.7%) -- averaging, widening whiskers to the union
  note: 6.25857 MiB (random) has 5 overlapping summary rows with medians [40.6, 40.6, 40.6, 40.6, 234.7] (spread 194.1 ticks, 244.5%) -- averaging, widening whiskers to the union
  note: 6.3496 MiB (random) has 5 overlapping summary rows with medians [40.7, 40.7, 40.7, 40.7, 240.5] (spread 199.8 ticks, 247.8%) -- averaging, widening whiskers to the union
  note: 6.44196 MiB (random) has 5 overlapping summary rows with medians [40.8, 40.8, 40.8, 40.8, 245.3] (spread 204.6 ticks, 250.4%) -- averaging, widening whiskers to the union
  note: 6.53566 MiB (random) has 5 overlapping summary rows with medians [40.9, 40.9, 40.9, 40.9, 245.8] (spread 204.9 ticks, 250.3%) -- averaging, widening whiskers to the union
  note: 6.63072 MiB (random) has 5 overlapping summary rows with medians [41.0, 41.0, 41.0, 40.9, 247.1] (spread 206.2 ticks, 250.8%) -- averaging, widening whiskers to the union
  note: 6.92429 MiB (random) has 5 overlapping summary rows with medians [41.3, 41.3, 41.3, 41.2, 211.4] (spread 170.2 ticks, 226.0%) -- averaging, widening whiskers to the union
  note: 7.025 MiB (random) has 5 overlapping summary rows with medians [41.3, 41.4, 41.4, 41.3, 213.7] (spread 172.4 ticks, 227.3%) -- averaging, widening whiskers to the union
  note: 7.23085 MiB (random) has 5 overlapping summary rows with medians [41.6, 41.5, 41.6, 41.5, 177.6] (spread 136.1 ticks, 198.0%) -- averaging, widening whiskers to the union
  note: 7.44273 MiB (random) has 5 overlapping summary rows with medians [41.7, 41.7, 41.7, 41.7, 140.4] (spread 98.7 ticks, 160.6%) -- averaging, widening whiskers to the union
  note: 7.66082 MiB (random) has 5 overlapping summary rows with medians [41.8, 41.9, 42.0, 41.9, 70.3] (spread 28.4 ticks, 59.7%) -- averaging, widening whiskers to the union
  note: 11.8146 MiB (random) has 5 overlapping summary rows with medians [41.8, 41.8, 41.9, 41.8, 73.2] (spread 31.3 ticks, 65.1%) -- averaging, widening whiskers to the union
  note: 11.9865 MiB (random) has 5 overlapping summary rows with medians [41.9, 41.9, 42.0, 41.9, 69.1] (spread 27.2 ticks, 57.5%) -- averaging, widening whiskers to the union
  note: 15.102 MiB (random) has 5 overlapping summary rows with medians [41.6, 41.6, 41.5, 41.5, 190.2] (spread 148.7 ticks, 208.7%) -- averaging, widening whiskers to the union
  note: 15.3216 MiB (random) has 5 overlapping summary rows with medians [41.6, 41.6, 41.6, 41.6, 190.2] (spread 148.7 ticks, 208.4%) -- averaging, widening whiskers to the union
  note: 15.7706 MiB (random) has 5 overlapping summary rows with medians [41.8, 41.7, 41.7, 41.7, 190.1] (spread 148.4 ticks, 207.7%) -- averaging, widening whiskers to the union
  note: 16.2327 MiB (random) has 5 overlapping summary rows with medians [41.2, 41.2, 41.2, 41.2, 190.5] (spread 149.3 ticks, 210.1%) -- averaging, widening whiskers to the union
  note: 16.7084 MiB (random) has 5 overlapping summary rows with medians [41.3, 41.4, 41.4, 41.4, 190.9] (spread 149.5 ticks, 209.8%) -- averaging, widening whiskers to the union
  note: 17.198 MiB (random) has 5 overlapping summary rows with medians [41.5, 41.6, 41.5, 41.5, 191.1] (spread 149.6 ticks, 209.3%) -- averaging, widening whiskers to the union
  note: 17.9594 MiB (random) has 5 overlapping summary rows with medians [41.8, 41.8, 41.8, 41.8, 187.1] (spread 145.3 ticks, 205.1%) -- averaging, widening whiskers to the union
  note: 18.7545 MiB (random) has 5 overlapping summary rows with medians [41.4, 41.4, 41.4, 41.4, 191.5] (spread 150.1 ticks, 210.2%) -- averaging, widening whiskers to the union
  note: 19.8697 MiB (random) has 5 overlapping summary rows with medians [41.8, 41.8, 41.8, 41.8, 56.1] (spread 14.3 ticks, 32.0%) -- averaging, widening whiskers to the union
  note: 20.1587 MiB (random) has 4 overlapping summary rows with medians [41.3, 41.3, 41.2, 191.3] (spread 150.1 ticks, 190.5%) -- averaging, widening whiskers to the union
  note: 21.6681 MiB (random) has 5 overlapping summary rows with medians [42.0, 41.7, 41.7, 41.8, 192.9] (spread 151.2 ticks, 209.9%) -- averaging, widening whiskers to the union
  note: 21.9833 MiB (random) has 5 overlapping summary rows with medians [42.1, 41.8, 41.9, 41.8, 192.6] (spread 150.8 ticks, 209.4%) -- averaging, widening whiskers to the union
  note: 25.0343 MiB (random) has 5 overlapping summary rows with medians [42.5, 42.9, 42.0, 42.8, 85.4] (spread 43.4 ticks, 84.9%) -- averaging, widening whiskers to the union
  note: 26.5229 MiB (random) has 5 overlapping summary rows with medians [43.5, 42.4, 43.1, 43.9, 193.8] (spread 151.4 ticks, 206.4%) -- averaging, widening whiskers to the union
  note: 28.1 MiB (random) has 5 overlapping summary rows with medians [47.0, 47.3, 45.8, 49.2, 162.2] (spread 116.4 ticks, 165.5%) -- averaging, widening whiskers to the union
  note: 29.7709 MiB (random) has 5 overlapping summary rows with medians [53.2, 62.9, 55.1, 52.1, 152.9] (spread 100.9 ticks, 134.1%) -- averaging, widening whiskers to the union
  note: 30.204 MiB (random) has 5 overlapping summary rows with medians [56.3, 54.5, 52.7, 49.2, 158.0] (spread 108.8 ticks, 146.7%) -- averaging, widening whiskers to the union
  note: 34.8962 MiB (random) has 4 overlapping summary rows with medians [70.2, 69.6, 68.0, 166.6] (spread 98.6 ticks, 105.4%) -- averaging, widening whiskers to the union
  note: 6.82502 MiB (random) has 4 overlapping summary rows with medians [41.2, 41.1, 41.1, 210.7] (spread 169.6 ticks, 203.0%) -- averaging, widening whiskers to the union
  note: 7.12719 MiB (random) has 4 overlapping summary rows with medians [41.4, 41.4, 41.4, 211.6] (spread 170.1 ticks, 202.6%) -- averaging, widening whiskers to the union
  note: 7.55099 MiB (random) has 4 overlapping summary rows with medians [41.8, 41.8, 41.8, 99.9] (spread 58.2 ticks, 103.3%) -- averaging, widening whiskers to the union
  note: 7.77225 MiB (random) has 4 overlapping summary rows with medians [41.9, 41.9, 41.9, 70.5] (spread 28.6 ticks, 58.3%) -- averaging, widening whiskers to the union
  note: 15.5445 MiB (random) has 4 overlapping summary rows with medians [41.7, 41.7, 41.7, 191.5] (spread 149.8 ticks, 189.3%) -- averaging, widening whiskers to the union
  note: 16.4688 MiB (random) has 4 overlapping summary rows with medians [41.3, 41.3, 41.3, 190.2] (spread 148.9 ticks, 189.7%) -- averaging, widening whiskers to the union
  note: 16.9514 MiB (random) has 4 overlapping summary rows with medians [41.5, 41.5, 41.4, 191.1] (spread 149.6 ticks, 189.7%) -- averaging, widening whiskers to the union
  note: 17.7019 MiB (random) has 4 overlapping summary rows with medians [41.8, 41.8, 41.7, 191.6] (spread 149.9 ticks, 189.3%) -- averaging, widening whiskers to the union
  note: 18.4856 MiB (random) has 4 overlapping summary rows with medians [41.3, 41.3, 41.3, 191.1] (spread 149.8 ticks, 190.2%) -- averaging, widening whiskers to the union
  note: 19.3041 MiB (random) has 4 overlapping summary rows with medians [41.8, 41.6, 41.6, 191.8] (spread 150.2 ticks, 189.7%) -- averaging, widening whiskers to the union
  note: 19.5849 MiB (random) has 4 overlapping summary rows with medians [41.7, 41.7, 41.6, 191.9] (spread 150.2 ticks, 189.6%) -- averaging, widening whiskers to the union
  note: 20.452 MiB (random) has 4 overlapping summary rows with medians [41.4, 41.3, 41.3, 192.0] (spread 150.7 ticks, 190.7%) -- averaging, widening whiskers to the union
  note: 21.3574 MiB (random) has 4 overlapping summary rows with medians [43.8, 41.6, 41.6, 192.7] (spread 151.1 ticks, 189.0%) -- averaging, widening whiskers to the union
  note: 22.303 MiB (random) has 4 overlapping summary rows with medians [41.4, 41.3, 41.4, 192.4] (spread 151.1 ticks, 191.0%) -- averaging, widening whiskers to the union
  note: 25.3984 MiB (random) has 4 overlapping summary rows with medians [43.4, 45.9, 42.3, 193.1] (spread 150.8 ticks, 185.7%) -- averaging, widening whiskers to the union
  note: 25.7678 MiB (random) has 4 overlapping summary rows with medians [43.1, 42.6, 44.1, 193.8] (spread 151.2 ticks, 186.9%) -- averaging, widening whiskers to the union
  note: 26.1426 MiB (random) has 4 overlapping summary rows with medians [42.5, 43.0, 42.6, 193.1] (spread 150.7 ticks, 187.6%) -- averaging, widening whiskers to the union
  note: 27.3001 MiB (random) has 4 overlapping summary rows with medians [46.3, 45.5, 48.1, 194.0] (spread 148.4 ticks, 177.8%) -- averaging, widening whiskers to the union
  note: 27.6972 MiB (random) has 4 overlapping summary rows with medians [46.8, 45.2, 45.8, 151.3] (spread 106.1 ticks, 146.8%) -- averaging, widening whiskers to the union
  note: 28.5088 MiB (random) has 4 overlapping summary rows with medians [48.5, 55.9, 46.4, 152.6] (spread 106.2 ticks, 140.0%) -- averaging, widening whiskers to the union
  note: 28.9234 MiB (random) has 4 overlapping summary rows with medians [55.1, 49.7, 50.6, 162.3] (spread 112.7 ticks, 141.8%) -- averaging, widening whiskers to the union
  note: 30.6433 MiB (random) has 4 overlapping summary rows with medians [54.6, 58.1, 53.1, 150.5] (spread 97.4 ticks, 123.1%) -- averaging, widening whiskers to the union
  note: 31.089 MiB (random) has 4 overlapping summary rows with medians [57.9, 55.0, 53.5, 147.1] (spread 93.6 ticks, 119.4%) -- averaging, widening whiskers to the union
  note: 31.5412 MiB (random) has 4 overlapping summary rows with medians [58.7, 57.1, 56.3, 148.7] (spread 92.4 ticks, 115.3%) -- averaging, widening whiskers to the union
  note: 32.4654 MiB (random) has 4 overlapping summary rows with medians [67.7, 59.9, 57.8, 151.1] (spread 93.3 ticks, 110.9%) -- averaging, widening whiskers to the union
  note: 32.9377 MiB (random) has 4 overlapping summary rows with medians [65.3, 75.4, 59.3, 91.8] (spread 32.5 ticks, 44.6%) -- averaging, widening whiskers to the union
  note: 33.4168 MiB (random) has 4 overlapping summary rows with medians [63.9, 75.2, 62.4, 165.2] (spread 102.8 ticks, 112.1%) -- averaging, widening whiskers to the union
  note: 33.9028 MiB (random) has 4 overlapping summary rows with medians [69.7, 65.3, 63.5, 167.3] (spread 103.8 ticks, 113.5%) -- averaging, widening whiskers to the union
  note: 34.3959 MiB (random) has 4 overlapping summary rows with medians [69.0, 71.8, 64.9, 167.1] (spread 102.2 ticks, 109.6%) -- averaging, widening whiskers to the union
  note: 35.4038 MiB (random) has 4 overlapping summary rows with medians [73.3, 72.4, 69.0, 159.4] (spread 90.4 ticks, 96.6%) -- averaging, widening whiskers to the union
  note: 35.9188 MiB (random) has 4 overlapping summary rows with medians [74.5, 76.5, 71.1, 155.3] (spread 84.2 ticks, 89.2%) -- averaging, widening whiskers to the union
  note: 36.4412 MiB (random) has 4 overlapping summary rows with medians [77.1, 78.2, 72.4, 157.2] (spread 84.8 ticks, 88.1%) -- averaging, widening whiskers to the union
  note: 36.9713 MiB (random) has 4 overlapping summary rows with medians [77.4, 76.8, 74.6, 162.5] (spread 87.9 ticks, 89.8%) -- averaging, widening whiskers to the union
  note: 37.509 MiB (random) has 4 overlapping summary rows with medians [80.4, 79.8, 76.2, 155.2] (spread 79.1 ticks, 80.8%) -- averaging, widening whiskers to the union
  note: 38.6081 MiB (random) has 4 overlapping summary rows with medians [84.7, 83.1, 80.6, 101.5] (spread 20.9 ticks, 23.9%) -- averaging, widening whiskers to the union
  note: 39.1697 MiB (random) has 4 overlapping summary rows with medians [83.7, 84.7, 81.7, 312.9] (spread 231.2 ticks, 164.2%) -- averaging, widening whiskers to the union
  note: 39.7394 MiB (random) has 4 overlapping summary rows with medians [86.0, 86.2, 83.2, 308.1] (spread 224.8 ticks, 159.6%) -- averaging, widening whiskers to the union
  note: 40.3175 MiB (random) has 4 overlapping summary rows with medians [86.7, 88.2, 85.1, 245.3] (spread 160.2 ticks, 126.9%) -- averaging, widening whiskers to the union
  note: 40.9039 MiB (random) has 4 overlapping summary rows with medians [89.6, 88.9, 86.2, 228.4] (spread 142.2 ticks, 115.4%) -- averaging, widening whiskers to the union
  note: 44.606 MiB (random) has 4 overlapping summary rows with medians [97.5, 98.5, 95.4, 195.3] (spread 99.9 ticks, 82.1%) -- averaging, widening whiskers to the union
  note: 45.9131 MiB (random) has 4 overlapping summary rows with medians [104.5, 100.6, 98.4, 136.2] (spread 37.8 ticks, 34.4%) -- averaging, widening whiskers to the union
  note: 47.2584 MiB (random) has 4 overlapping summary rows with medians [105.0, 103.0, 106.6, 195.3] (spread 92.3 ticks, 72.4%) -- averaging, widening whiskers to the union
  note: 47.9458 MiB (random) has 4 overlapping summary rows with medians [104.0, 104.3, 102.3, 196.0] (spread 93.7 ticks, 74.0%) -- averaging, widening whiskers to the union
  note: 48.6432 MiB (random) has 4 overlapping summary rows with medians [108.3, 105.2, 102.7, 195.7] (spread 93.0 ticks, 72.7%) -- averaging, widening whiskers to the union
  note: 50.7968 MiB (random) has 4 overlapping summary rows with medians [108.9, 109.6, 106.6, 195.2] (spread 88.6 ticks, 68.1%) -- averaging, widening whiskers to the union
  note: 51.5357 MiB (random) has 4 overlapping summary rows with medians [109.7, 110.2, 107.8, 195.3] (spread 87.5 ticks, 67.0%) -- averaging, widening whiskers to the union
  note: 52.2853 MiB (random) has 4 overlapping summary rows with medians [111.1, 112.4, 109.6, 194.6] (spread 85.0 ticks, 64.4%) -- averaging, widening whiskers to the union
  note: 53.0458 MiB (random) has 4 overlapping summary rows with medians [113.0, 111.7, 110.5, 195.3] (spread 84.8 ticks, 63.9%) -- averaging, widening whiskers to the union
  note: 54.6002 MiB (random) has 4 overlapping summary rows with medians [122.7, 114.3, 112.3, 195.9] (spread 83.6 ticks, 61.3%) -- averaging, widening whiskers to the union
  note: 55.3943 MiB (random) has 4 overlapping summary rows with medians [114.7, 114.4, 113.1, 194.4] (spread 81.3 ticks, 60.6%) -- averaging, widening whiskers to the union
  note: 56.2001 MiB (random) has 4 overlapping summary rows with medians [116.7, 120.2, 114.3, 170.4] (spread 56.2 ticks, 43.1%) -- averaging, widening whiskers to the union
  note: 57.0175 MiB (random) has 4 overlapping summary rows with medians [116.7, 121.9, 115.1, 175.7] (spread 60.6 ticks, 45.8%) -- averaging, widening whiskers to the union
  note: 57.8469 MiB (random) has 4 overlapping summary rows with medians [118.3, 116.9, 116.0, 173.3] (spread 57.3 ticks, 43.7%) -- averaging, widening whiskers to the union
  note: 59.5419 MiB (random) has 4 overlapping summary rows with medians [121.0, 124.6, 117.8, 172.8] (spread 55.0 ticks, 41.0%) -- averaging, widening whiskers to the union
  note: 61.2866 MiB (random) has 4 overlapping summary rows with medians [121.9, 126.4, 119.9, 176.5] (spread 56.6 ticks, 41.5%) -- averaging, widening whiskers to the union
  note: 62.178 MiB (random) has 4 overlapping summary rows with medians [123.1, 124.2, 121.0, 176.4] (spread 55.4 ticks, 40.7%) -- averaging, widening whiskers to the union
  note: 63.0824 MiB (random) has 4 overlapping summary rows with medians [122.9, 126.9, 121.6, 175.0] (spread 53.4 ticks, 39.1%) -- averaging, widening whiskers to the union
  note: 64.9309 MiB (random) has 4 overlapping summary rows with medians [125.2, 125.0, 126.6, 173.7] (spread 48.7 ticks, 35.4%) -- averaging, widening whiskers to the union
  note: 66.8335 MiB (random) has 4 overlapping summary rows with medians [127.1, 127.1, 125.3, 309.1] (spread 183.8 ticks, 106.8%) -- averaging, widening whiskers to the union
  note: 67.8056 MiB (random) has 4 overlapping summary rows with medians [128.9, 127.6, 126.1, 258.5] (spread 132.4 ticks, 82.6%) -- averaging, widening whiskers to the union
  note: 68.7919 MiB (random) has 4 overlapping summary rows with medians [130.3, 128.6, 127.2, 191.8] (spread 64.6 ticks, 44.7%) -- averaging, widening whiskers to the union
  note: 70.8076 MiB (random) has 4 overlapping summary rows with medians [131.6, 131.7, 128.7, 196.7] (spread 68.0 ticks, 46.2%) -- averaging, widening whiskers to the union
  note: 71.8376 MiB (random) has 4 overlapping summary rows with medians [131.5, 130.7, 129.9, 197.0] (spread 67.1 ticks, 45.6%) -- averaging, widening whiskers to the union
  note: 72.8825 MiB (random) has 4 overlapping summary rows with medians [132.5, 136.5, 130.4, 197.2] (spread 66.8 ticks, 44.8%) -- averaging, widening whiskers to the union
  note: 75.0181 MiB (random) has 4 overlapping summary rows with medians [133.9, 135.9, 132.2, 196.4] (spread 64.3 ticks, 43.0%) -- averaging, widening whiskers to the union
  note: 77.2163 MiB (random) has 4 overlapping summary rows with medians [136.0, 134.8, 134.0, 165.6] (spread 31.6 ticks, 22.2%) -- averaging, widening whiskers to the union
  note: 78.3394 MiB (random) has 4 overlapping summary rows with medians [137.2, 136.7, 134.6, 198.4] (spread 63.9 ticks, 42.1%) -- averaging, widening whiskers to the union
  note: 79.4789 MiB (random) has 4 overlapping summary rows with medians [139.1, 137.1, 135.2, 197.9] (spread 62.7 ticks, 41.2%) -- averaging, widening whiskers to the union
  note: 80.6349 MiB (random) has 4 overlapping summary rows with medians [137.7, 140.2, 136.3, 197.4] (spread 61.1 ticks, 39.9%) -- averaging, widening whiskers to the union
  note: 81.8078 MiB (random) has 4 overlapping summary rows with medians [139.2, 138.2, 136.8, 179.3] (spread 42.5 ticks, 28.6%) -- averaging, widening whiskers to the union
  note: 84.205 MiB (random) has 4 overlapping summary rows with medians [139.6, 139.8, 138.3, 178.5] (spread 40.2 ticks, 27.0%) -- averaging, widening whiskers to the union
  note: 85.4297 MiB (random) has 4 overlapping summary rows with medians [140.3, 140.9, 139.1, 179.7] (spread 40.6 ticks, 27.1%) -- averaging, widening whiskers to the union
  note: 87.933 MiB (random) has 4 overlapping summary rows with medians [145.3, 141.9, 140.5, 180.1] (spread 39.7 ticks, 26.1%) -- averaging, widening whiskers to the union
  note: 89.212 MiB (random) has 4 overlapping summary rows with medians [145.0, 143.3, 141.2, 181.3] (spread 40.1 ticks, 26.2%) -- averaging, widening whiskers to the union
  note: 93.1618 MiB (random) has 4 overlapping summary rows with medians [145.3, 145.9, 143.2, 309.6] (spread 166.4 ticks, 89.5%) -- averaging, widening whiskers to the union
  note: 94.5169 MiB (random) has 4 overlapping summary rows with medians [145.2, 147.3, 144.0, 233.5] (spread 89.5 ticks, 53.5%) -- averaging, widening whiskers to the union
  note: 100.137 MiB (random) has 5 overlapping summary rows with medians [148.5, 148.3, 146.3, 198.8, 199.1] (spread 52.8 ticks, 31.4%) -- averaging, widening whiskers to the union
  note: 101.594 MiB (random) has 5 overlapping summary rows with medians [151.3, 147.8, 147.9, 199.5, 196.1] (spread 51.7 ticks, 30.7%) -- averaging, widening whiskers to the union
  note: 103.071 MiB (random) has 5 overlapping summary rows with medians [152.0, 150.1, 147.5, 199.4, 172.8] (spread 51.9 ticks, 31.5%) -- averaging, widening whiskers to the union
  note: 104.571 MiB (random) has 5 overlapping summary rows with medians [149.3, 152.4, 148.1, 199.7, 152.2] (spread 51.6 ticks, 32.2%) -- averaging, widening whiskers to the union
  note: 106.092 MiB (random) has 5 overlapping summary rows with medians [150.0, 152.0, 148.9, 169.0, 199.7] (spread 50.8 ticks, 31.0%) -- averaging, widening whiskers to the union
  note: 109.2 MiB (random) has 5 overlapping summary rows with medians [152.5, 151.5, 149.4, 183.7, 196.3] (spread 46.9 ticks, 28.1%) -- averaging, widening whiskers to the union
  note: 110.789 MiB (random) has 5 overlapping summary rows with medians [153.6, 153.3, 150.7, 184.0, 183.9] (spread 33.3 ticks, 20.2%) -- averaging, widening whiskers to the union
  note: 114.035 MiB (random) has 5 overlapping summary rows with medians [156.0, 152.4, 151.4, 284.9, 180.4] (spread 133.5 ticks, 72.1%) -- averaging, widening whiskers to the union
  note: 119.084 MiB (random) has 5 overlapping summary rows with medians [154.3, 153.9, 153.0, 284.5, 181.2] (spread 131.4 ticks, 70.9%) -- averaging, widening whiskers to the union
  note: 120.816 MiB (random) has 5 overlapping summary rows with medians [155.8, 154.5, 153.5, 263.2, 308.1] (spread 154.7 ticks, 74.7%) -- averaging, widening whiskers to the union
  note: 122.573 MiB (random) has 5 overlapping summary rows with medians [155.0, 154.6, 153.7, 158.7, 186.2] (spread 32.5 ticks, 20.1%) -- averaging, widening whiskers to the union
  note: 124.356 MiB (random) has 5 overlapping summary rows with medians [155.5, 155.2, 154.4, 199.9, 158.2] (spread 45.5 ticks, 27.6%) -- averaging, widening whiskers to the union
  note: 126.165 MiB (random) has 5 overlapping summary rows with medians [157.0, 156.3, 155.0, 201.1, 200.5] (spread 46.2 ticks, 26.5%) -- averaging, widening whiskers to the union
  note: 129.862 MiB (random) has 5 overlapping summary rows with medians [157.0, 158.0, 155.6, 199.9, 200.4] (spread 44.8 ticks, 25.7%) -- averaging, widening whiskers to the union
  note: 133.667 MiB (random) has 5 overlapping summary rows with medians [158.1, 158.0, 156.4, 200.4, 200.9] (spread 44.5 ticks, 25.4%) -- averaging, widening whiskers to the union
  note: 145.765 MiB (random) has 5 overlapping summary rows with medians [161.0, 160.5, 158.9, 259.3, 317.3] (spread 158.4 ticks, 74.9%) -- averaging, widening whiskers to the union
  note: 150.036 MiB (random) has 5 overlapping summary rows with medians [163.2, 161.0, 160.2, 201.3, 164.2] (spread 41.1 ticks, 24.2%) -- averaging, widening whiskers to the union
  note: 154.433 MiB (random) has 5 overlapping summary rows with medians [164.4, 161.6, 160.7, 198.5, 201.0] (spread 40.3 ticks, 22.8%) -- averaging, widening whiskers to the union
  note: 156.679 MiB (random) has 5 overlapping summary rows with medians [162.8, 162.0, 162.3, 201.6, 201.3] (spread 39.6 ticks, 22.2%) -- averaging, widening whiskers to the union
  note: 158.958 MiB (random) has 5 overlapping summary rows with medians [162.7, 162.4, 161.5, 168.4, 196.9] (spread 35.4 ticks, 20.8%) -- averaging, widening whiskers to the union
  note: 161.27 MiB (random) has 5 overlapping summary rows with medians [164.7, 162.8, 161.9, 187.1, 201.8] (spread 39.8 ticks, 22.7%) -- averaging, widening whiskers to the union
  note: 170.859 MiB (random) has 5 overlapping summary rows with medians [164.6, 164.6, 163.3, 261.3, 182.1] (spread 98.0 ticks, 52.3%) -- averaging, widening whiskers to the union
  note: 173.345 MiB (random) has 5 overlapping summary rows with medians [165.3, 170.1, 164.1, 167.8, 264.6] (spread 100.5 ticks, 53.9%) -- averaging, widening whiskers to the union
  note: 175.866 MiB (random) has 5 overlapping summary rows with medians [165.5, 166.6, 164.0, 202.8, 168.1] (spread 38.8 ticks, 22.4%) -- averaging, widening whiskers to the union
  note: 178.424 MiB (random) has 5 overlapping summary rows with medians [165.4, 166.5, 164.3, 201.2, 202.6] (spread 38.3 ticks, 21.3%) -- averaging, widening whiskers to the union
  note: 183.652 MiB (random) has 5 overlapping summary rows with medians [166.5, 165.7, 165.0, 201.8, 202.1] (spread 37.1 ticks, 20.6%) -- averaging, widening whiskers to the union
  note: 186.324 MiB (random) has 5 overlapping summary rows with medians [166.5, 166.3, 165.6, 188.3, 201.8] (spread 36.2 ticks, 20.4%) -- averaging, widening whiskers to the union
  note: 200.274 MiB (random) has 5 overlapping summary rows with medians [168.3, 168.5, 266.6, 201.3, 173.7] (spread 98.3 ticks, 50.2%) -- averaging, widening whiskers to the union
  note: 221.577 MiB (random) has 5 overlapping summary rows with medians [170.1, 170.3, 187.6, 308.0, 187.2] (spread 137.9 ticks, 67.4%) -- averaging, widening whiskers to the union
  note: 224.8 MiB (random) has 5 overlapping summary rows with medians [170.4, 171.4, 266.5, 202.7, 218.4] (spread 96.1 ticks, 46.7%) -- averaging, widening whiskers to the union
  note: 245.146 MiB (random) has 5 overlapping summary rows with medians [171.4, 170.5, 189.4, 281.9, 189.6] (spread 111.3 ticks, 55.5%) -- averaging, widening whiskers to the union
  note: 248.712 MiB (random) has 5 overlapping summary rows with medians [172.8, 170.8, 318.7, 174.2, 278.0] (spread 147.8 ticks, 66.3%) -- averaging, widening whiskers to the union
  note: 46.5809 MiB (random) has 3 overlapping summary rows with medians [101.5, 99.1, 195.5] (spread 96.4 ticks, 73.0%) -- averaging, widening whiskers to the union
  note: 65.8753 MiB (random) has 3 overlapping summary rows with medians [125.9, 124.4, 265.9] (spread 141.5 ticks, 82.3%) -- averaging, widening whiskers to the union
  note: 128 MiB (random) has 4 overlapping summary rows with medians [157.8, 155.2, 200.7, 200.0] (spread 45.5 ticks, 25.5%) -- averaging, widening whiskers to the union
  note: 131.751 MiB (random) has 4 overlapping summary rows with medians [158.2, 156.2, 200.9, 196.9] (spread 44.8 ticks, 25.1%) -- averaging, widening whiskers to the union
  note: 12.3377 MiB (sequential) has 6 overlapping summary rows with medians [7.7, 7.7, 7.7, 7.7, 9.5, 8.9] (spread 1.8 ticks, 22.2%) -- averaging, widening whiskers to the union
  note: 24.6754 MiB (sequential) has 5 overlapping summary rows with medians [7.7, 7.7, 7.7, 9.4, 9.2] (spread 1.7 ticks, 20.6%) -- averaging, widening whiskers to the union
  note: 181.019 MiB (sequential) has 6 overlapping summary rows with medians [7.7, 7.7, 7.7, 9.9, 8.9, 8.9] (spread 2.2 ticks, 26.3%) -- averaging, widening whiskers to the union
  note: 7.025 MiB (sequential) has 5 overlapping summary rows with medians [7.7, 7.7, 7.7, 8.9, 9.4] (spread 1.7 ticks, 21.0%) -- averaging, widening whiskers to the union
  note: 9.37726 MiB (sequential) has 5 overlapping summary rows with medians [7.7, 7.7, 7.7, 9.5, 8.9] (spread 1.8 ticks, 21.7%) -- averaging, widening whiskers to the union
  note: 32.9377 MiB (sequential) has 4 overlapping summary rows with medians [7.7, 7.7, 9.6, 8.9] (spread 1.9 ticks, 22.4%) -- averaging, widening whiskers to the union
  note: 67.8056 MiB (sequential) has 4 overlapping summary rows with medians [7.7, 7.7, 9.4, 8.9] (spread 1.7 ticks, 20.6%) -- averaging, widening whiskers to the union
  note: 72.8825 MiB (sequential) has 4 overlapping summary rows with medians [7.7, 7.7, 8.9, 9.5] (spread 1.8 ticks, 21.0%) -- averaging, widening whiskers to the union
  note: 80.6349 MiB (sequential) has 4 overlapping summary rows with medians [7.7, 7.7, 9.1, 10.4] (spread 2.7 ticks, 30.6%) -- averaging, widening whiskers to the union
  note: 150.036 MiB (sequential) has 5 overlapping summary rows with medians [7.7, 7.7, 8.9, 9.9, 8.9] (spread 2.3 ticks, 26.1%) -- averaging, widening whiskers to the union
Wrote data_processed/hazel_broadwell/capacity/plots/capacity_curve.pdf and .png
Wrote data_processed/hazel_broadwell/capacity/plots/capacity_boxplots.pdf and .png
-- compressing raw CSVs --
== done ==
== plots: data_processed/hazel_broadwell/capacity/plots/capacity_curve.{png,pdf}, data_processed/hazel_broadwell/capacity/plots/capacity_boxplots.{png,pdf} ==
== detected boundaries (bytes): 202136 339952 30769544 33554432 51748008 ==
== record in data_raw/hazel_broadwell/README.md: core=12, seed=12345, samples=1000000, timestamp=20260915T010343Z ==
== full transcript saved to: data_raw/hazel_broadwell/capacity/run_capacity_full_20260915T010343Z.log ==

=== Done ===

------------------------------------------------------------
Resource usage summary:

    Job ID            : 837629
    Job name          : hw1_capacity
    User / Account    : krchen / ece592f26_cpu
    Partition / QOS   : compute_partners / short
    Submitted         : 2026-09-14T21:03:20
    Started           : 2026-09-14T21:03:42
    Wait time         : 22 sec
    Elapsed (wall)    : 01:23:04
    Nodes             : 1 (c205n03)
    CPUs allocated    : 1
    Tasks             : 1
    CPU time (total)  : 4954.19 sec  (user 4864.09, sys 90.11)
    CPU efficiency    : 99.4%
    Memory in use     : 523.53 MB  (sampled at job end; see seff for peak)
    Memory requested  : 8G
    Working directory : /gpfs_common/share01/titan/krchen/Proj1-Cache-Reverse-Engineering
    Exit code         : 0:0

    For final accounting (Slurm's MaxRSS, billing, etc.):  seff 837629
------------------------------------------------------------
