
------------------------------------------------------------
Resource usage summary:

    Job ID            : 848662
    Job name          : hw1_ls_relook
    User / Account    : krchen / ece592f26_cpu
    Partition / QOS   : compute_partners / short
    Submitted         : 2026-09-16T00:27:20
    Started           : 2026-09-16T00:27:35
    Wait time         : 15 sec
    Elapsed (wall)    : 00:00:02
    Nodes             : 1 (c205n03)
    CPUs allocated    : 1
    Tasks             : 1
    CPU time (total)  : 0.06 sec  (user 0.02, sys 0.05)
    CPU efficiency    : 3.0%
    Memory in use     : 2.69 MB  (sampled at job end; see seff for peak)
    Memory requested  : 8G
    Working directory : /gpfs_common/share01/titan/krchen/Proj1-Cache-Reverse-Engineering
    Exit code         : 0:0

    For final accounting (Slurm's MaxRSS, billing, etc.):  seff 848662
------------------------------------------------------------
