== run_capacity_full: machine=hazel_turin/capacity_rerun core=128 coarse_max=67108864 seed=12345 ==
== timestamp=20260915T155010Z ==
-- coarse sweep 1024-67108864 bytes --
  wrote 129002 lines -> data_raw/hazel_turin/capacity_rerun/capacity/capacity_coarse_random_20260915T155010Z.csv
  wrote 129002 lines -> data_raw/hazel_turin/capacity_rerun/capacity/capacity_coarse_sequential_20260915T155010Z.csv
Wrote 129 summary rows to data_processed/hazel_turin/capacity_rerun/capacity/coarse_random_summary.csv
Wrote 129 summary rows to data_processed/hazel_turin/capacity_rerun/capacity/coarse_sequential_summary.csv
-- tail-extension sweep 67108864-268435456 bytes --
  wrote 17002 lines -> data_raw/hazel_turin/capacity_rerun/capacity/capacity_coarse_ext_random_20260915T155010Z.csv
  wrote 17002 lines -> data_raw/hazel_turin/capacity_rerun/capacity/capacity_coarse_ext_sequential_20260915T155010Z.csv
Wrote 17 summary rows to data_processed/hazel_turin/capacity_rerun/capacity/coarse_ext_random_summary.csv
Wrote 17 summary rows to data_processed/hazel_turin/capacity_rerun/capacity/coarse_ext_sequential_summary.csv
-- detected boundaries (bytes): 1048576 33554432 36591368 43514712 51748008 --
-- dense sweep around boundary 1048576 bytes: 131072-8388608 --
  wrote 289002 lines -> data_raw/hazel_turin/capacity_rerun/capacity/capacity_dense0_random_20260915T155010Z.csv
  wrote 289002 lines -> data_raw/hazel_turin/capacity_rerun/capacity/capacity_dense0_sequential_20260915T155010Z.csv
Wrote 289 summary rows to data_processed/hazel_turin/capacity_rerun/capacity/dense0_random_summary.csv
Wrote 289 summary rows to data_processed/hazel_turin/capacity_rerun/capacity/dense0_sequential_summary.csv
-- dense sweep around boundary 33554432 bytes: 4194304-268435456 --
  wrote 289002 lines -> data_raw/hazel_turin/capacity_rerun/capacity/capacity_dense1_random_20260915T155010Z.csv
  wrote 289002 lines -> data_raw/hazel_turin/capacity_rerun/capacity/capacity_dense1_sequential_20260915T155010Z.csv
Wrote 289 summary rows to data_processed/hazel_turin/capacity_rerun/capacity/dense1_random_summary.csv
Wrote 289 summary rows to data_processed/hazel_turin/capacity_rerun/capacity/dense1_sequential_summary.csv
-- dense sweep around boundary 36591368 bytes: 4573921-268435456 --
  wrote 282002 lines -> data_raw/hazel_turin/capacity_rerun/capacity/capacity_dense2_random_20260915T155010Z.csv
  wrote 282002 lines -> data_raw/hazel_turin/capacity_rerun/capacity/capacity_dense2_sequential_20260915T155010Z.csv
Wrote 282 summary rows to data_processed/hazel_turin/capacity_rerun/capacity/dense2_random_summary.csv
Wrote 282 summary rows to data_processed/hazel_turin/capacity_rerun/capacity/dense2_sequential_summary.csv
-- dense sweep around boundary 43514712 bytes: 5439339-268435456 --
  wrote 271002 lines -> data_raw/hazel_turin/capacity_rerun/capacity/capacity_dense3_random_20260915T155010Z.csv
  wrote 271002 lines -> data_raw/hazel_turin/capacity_rerun/capacity/capacity_dense3_sequential_20260915T155010Z.csv
Wrote 271 summary rows to data_processed/hazel_turin/capacity_rerun/capacity/dense3_random_summary.csv
Wrote 271 summary rows to data_processed/hazel_turin/capacity_rerun/capacity/dense3_sequential_summary.csv
-- dense sweep around boundary 51748008 bytes: 6468501-268435456 --
  wrote 259002 lines -> data_raw/hazel_turin/capacity_rerun/capacity/capacity_dense4_random_20260915T155010Z.csv
  wrote 259002 lines -> data_raw/hazel_turin/capacity_rerun/capacity/capacity_dense4_sequential_20260915T155010Z.csv
Wrote 259 summary rows to data_processed/hazel_turin/capacity_rerun/capacity/dense4_random_summary.csv
Wrote 259 summary rows to data_processed/hazel_turin/capacity_rerun/capacity/dense4_sequential_summary.csv
  -- repeat 1/2 of deepest boundary's dense window --
  wrote 259002 lines -> data_raw/hazel_turin/capacity_rerun/capacity/capacity_dense4_rep1_random_20260915T155010Z.csv
  wrote 259002 lines -> data_raw/hazel_turin/capacity_rerun/capacity/capacity_dense4_rep1_sequential_20260915T155010Z.csv
Wrote 259 summary rows to data_processed/hazel_turin/capacity_rerun/capacity/dense4_rep1_random_summary.csv
Wrote 259 summary rows to data_processed/hazel_turin/capacity_rerun/capacity/dense4_rep1_sequential_summary.csv
  -- repeat 2/2 of deepest boundary's dense window --
  wrote 259002 lines -> data_raw/hazel_turin/capacity_rerun/capacity/capacity_dense4_rep2_random_20260915T155010Z.csv
  wrote 259002 lines -> data_raw/hazel_turin/capacity_rerun/capacity/capacity_dense4_rep2_sequential_20260915T155010Z.csv
Wrote 259 summary rows to data_processed/hazel_turin/capacity_rerun/capacity/dense4_rep2_random_summary.csv
Wrote 259 summary rows to data_processed/hazel_turin/capacity_rerun/capacity/dense4_rep2_sequential_summary.csv
-- dense sweep past deepest boundary, checking for a further plateau: 103496016-268435456 --
  wrote 67002 lines -> data_raw/hazel_turin/capacity_rerun/capacity/capacity_denseTail_random_20260915T155010Z.csv
  wrote 67002 lines -> data_raw/hazel_turin/capacity_rerun/capacity/capacity_denseTail_sequential_20260915T155010Z.csv
Wrote 67 summary rows to data_processed/hazel_turin/capacity_rerun/capacity/denseTail_random_summary.csv
Wrote 67 summary rows to data_processed/hazel_turin/capacity_rerun/capacity/denseTail_sequential_summary.csv
-- generating plots --
  note: 32 MiB (random) has 6 overlapping summary rows with medians [39.4, 58.1, 39.3, 39.3, 42.5, 39.3] (spread 18.8 ticks, 43.7%) -- averaging, widening whiskers to the union
  note: 34.8962 MiB (random) has 3 overlapping summary rows with medians [70.0, 90.1, 71.2] (spread 20.1 ticks, 26.1%) -- averaging, widening whiskers to the union
  note: 38.0546 MiB (random) has 6 overlapping summary rows with medians [97.8, 119.1, 101.5, 96.9, 99.4, 100.5] (spread 22.2 ticks, 21.7%) -- averaging, widening whiskers to the union
  note: 69.7925 MiB (random) has 6 overlapping summary rows with medians [233.5, 224.0, 223.7, 290.8, 223.3, 222.3] (spread 68.6 ticks, 29.0%) -- averaging, widening whiskers to the union
  note: 29.7709 MiB (random) has 5 overlapping summary rows with medians [55.2, 41.0, 41.2, 40.9, 41.0] (spread 14.3 ticks, 32.6%) -- averaging, widening whiskers to the union
  note: 30.6433 MiB (random) has 6 overlapping summary rows with medians [47.4, 39.8, 40.1, 102.3, 41.8, 39.9] (spread 62.5 ticks, 120.5%) -- averaging, widening whiskers to the union
  note: 31.089 MiB (random) has 6 overlapping summary rows with medians [62.2, 41.8, 42.8, 93.2, 42.8, 42.1] (spread 51.4 ticks, 95.0%) -- averaging, widening whiskers to the union
  note: 31.5412 MiB (random) has 5 overlapping summary rows with medians [60.1, 44.9, 45.0, 46.3, 45.4] (spread 15.2 ticks, 31.6%) -- averaging, widening whiskers to the union
  note: 33.9028 MiB (random) has 6 overlapping summary rows with medians [96.4, 60.4, 60.3, 60.1, 72.3, 60.9] (spread 36.3 ticks, 53.1%) -- averaging, widening whiskers to the union
  note: 35.9188 MiB (random) has 5 overlapping summary rows with medians [98.0, 79.4, 79.2, 79.6, 81.7] (spread 18.8 ticks, 22.5%) -- averaging, widening whiskers to the union
  note: 36.4412 MiB (random) has 6 overlapping summary rows with medians [105.3, 84.2, 84.5, 83.8, 86.6, 83.9] (spread 21.4 ticks, 24.3%) -- averaging, widening whiskers to the union
  note: 36.9713 MiB (random) has 6 overlapping summary rows with medians [108.7, 93.2, 89.9, 88.7, 90.2, 90.5] (spread 20.0 ticks, 21.4%) -- averaging, widening whiskers to the union
  note: 38.6081 MiB (random) has 6 overlapping summary rows with medians [110.2, 154.6, 103.8, 101.7, 101.4, 102.2] (spread 53.3 ticks, 47.4%) -- averaging, widening whiskers to the union
  note: 42.1025 MiB (random) has 6 overlapping summary rows with medians [163.7, 125.0, 127.2, 124.6, 126.3, 144.6] (spread 39.0 ticks, 28.9%) -- averaging, widening whiskers to the union
  note: 43.9665 MiB (random) has 5 overlapping summary rows with medians [176.0, 135.5, 134.8, 135.3, 134.4] (spread 41.6 ticks, 29.1%) -- averaging, widening whiskers to the union
  note: 51.5357 MiB (random) has 5 overlapping summary rows with medians [175.0, 170.8, 226.6, 169.8, 174.2] (spread 56.8 ticks, 31.0%) -- averaging, widening whiskers to the union
  note: 34.8962 MiB (random) has 4 overlapping summary rows with medians [70.3, 89.5, 73.2, 69.9] (spread 19.6 ticks, 25.9%) -- averaging, widening whiskers to the union
Wrote data_processed/hazel_turin/capacity_rerun/capacity/plots/capacity_curve.pdf and .png
Wrote data_processed/hazel_turin/capacity_rerun/capacity/plots/capacity_boxplots.pdf and .png
-- compressing raw CSVs --
== done ==
== plots: data_processed/hazel_turin/capacity_rerun/capacity/plots/capacity_curve.{png,pdf}, data_processed/hazel_turin/capacity_rerun/capacity/plots/capacity_boxplots.{png,pdf} ==
== detected boundaries (bytes): 1048576 33554432 36591368 43514712 51748008 ==
== record in data_raw/hazel_turin/capacity_rerun/README.md: core=128, seed=12345, samples=1000000, timestamp=20260915T155010Z ==
== full transcript saved to: data_raw/hazel_turin/capacity_rerun/capacity/run_capacity_full_20260915T155010Z.log ==
