=== Machine identification (Phase Discipline whitelist only) ===
n0407
Linux n0407 5.14.0-611.5.1.el9_7.x86_64 #1 SMP PREEMPT_DYNAMIC Fri Oct 17 14:16:35 EDT 2025 x86_64 x86_64 x86_64 GNU/Linux
model name	: Intel(R) Xeon(R) Platinum 8462Y+
Assigned core (informational): 0, SLURM_JOB_ID=848771

=== Running scripts/run_line_size.sh (HAZEL_MODE=1) for hazel_sapphirerapids/phase1_v2, boundaries=65536,2097152,50331648 ===
== run_line_size: machine=hazel_sapphirerapids/phase1_v2 core=0 seed=12345 ==
== timestamp=20260916T043442Z boundaries=65536,2097152,50331648 coarse_strides=8,16,32,64,128,256 ==

############################################################
## LEVEL boundary=65536B -- Method A window=[8192,262144] bytes
############################################################
-- [L65536 A coarse] stride=8B pattern=random offset=0B --
  wrote 31002 lines -> data_raw/hazel_sapphirerapids/phase1_v2/line_size/level_65536/family_8_random_20260916T043442Z.csv
Wrote 31 summary rows to data_processed/hazel_sapphirerapids/phase1_v2/line_size/level_65536/family_8_random_summary.csv
-- [L65536 A coarse] stride=8B pattern=sequential offset=0B --
  wrote 31002 lines -> data_raw/hazel_sapphirerapids/phase1_v2/line_size/level_65536/family_8_sequential_20260916T043442Z.csv
Wrote 31 summary rows to data_processed/hazel_sapphirerapids/phase1_v2/line_size/level_65536/family_8_sequential_summary.csv
-- [L65536 A coarse] stride=16B pattern=random offset=0B --
  wrote 31002 lines -> data_raw/hazel_sapphirerapids/phase1_v2/line_size/level_65536/family_16_random_20260916T043442Z.csv
Wrote 31 summary rows to data_processed/hazel_sapphirerapids/phase1_v2/line_size/level_65536/family_16_random_summary.csv
-- [L65536 A coarse] stride=16B pattern=sequential offset=0B --
  wrote 31002 lines -> data_raw/hazel_sapphirerapids/phase1_v2/line_size/level_65536/family_16_sequential_20260916T043442Z.csv
Wrote 31 summary rows to data_processed/hazel_sapphirerapids/phase1_v2/line_size/level_65536/family_16_sequential_summary.csv
-- [L65536 A coarse] stride=32B pattern=random offset=0B --
  wrote 31002 lines -> data_raw/hazel_sapphirerapids/phase1_v2/line_size/level_65536/family_32_random_20260916T043442Z.csv
Wrote 31 summary rows to data_processed/hazel_sapphirerapids/phase1_v2/line_size/level_65536/family_32_random_summary.csv
-- [L65536 A coarse] stride=32B pattern=sequential offset=0B --
  wrote 31002 lines -> data_raw/hazel_sapphirerapids/phase1_v2/line_size/level_65536/family_32_sequential_20260916T043442Z.csv
Wrote 31 summary rows to data_processed/hazel_sapphirerapids/phase1_v2/line_size/level_65536/family_32_sequential_summary.csv
-- [L65536 A coarse] stride=64B pattern=random offset=0B --
  wrote 31002 lines -> data_raw/hazel_sapphirerapids/phase1_v2/line_size/level_65536/family_64_random_20260916T043442Z.csv
Wrote 31 summary rows to data_processed/hazel_sapphirerapids/phase1_v2/line_size/level_65536/family_64_random_summary.csv
-- [L65536 A coarse] stride=64B pattern=sequential offset=0B --
  wrote 31002 lines -> data_raw/hazel_sapphirerapids/phase1_v2/line_size/level_65536/family_64_sequential_20260916T043442Z.csv
Wrote 31 summary rows to data_processed/hazel_sapphirerapids/phase1_v2/line_size/level_65536/family_64_sequential_summary.csv
-- [L65536 A coarse] stride=128B pattern=random offset=0B --
  wrote 31002 lines -> data_raw/hazel_sapphirerapids/phase1_v2/line_size/level_65536/family_128_random_20260916T043442Z.csv
Wrote 31 summary rows to data_processed/hazel_sapphirerapids/phase1_v2/line_size/level_65536/family_128_random_summary.csv
-- [L65536 A coarse] stride=128B pattern=sequential offset=0B --
  wrote 31002 lines -> data_raw/hazel_sapphirerapids/phase1_v2/line_size/level_65536/family_128_sequential_20260916T043442Z.csv
Wrote 31 summary rows to data_processed/hazel_sapphirerapids/phase1_v2/line_size/level_65536/family_128_sequential_summary.csv
-- [L65536 A coarse] stride=256B pattern=random offset=0B --
  wrote 31002 lines -> data_raw/hazel_sapphirerapids/phase1_v2/line_size/level_65536/family_256_random_20260916T043442Z.csv
Wrote 31 summary rows to data_processed/hazel_sapphirerapids/phase1_v2/line_size/level_65536/family_256_random_summary.csv
-- [L65536 A coarse] stride=256B pattern=sequential offset=0B --
  wrote 31002 lines -> data_raw/hazel_sapphirerapids/phase1_v2/line_size/level_65536/family_256_sequential_20260916T043442Z.csv
Wrote 31 summary rows to data_processed/hazel_sapphirerapids/phase1_v2/line_size/level_65536/family_256_sequential_summary.csv
-- [L65536 A steps 1-3] generating coarse family-of-curves plots --
Wrote data_processed/hazel_sapphirerapids/phase1_v2/line_size/level_65536/plots/line_size_family_curve.pdf and .png
-- per-stride elbow (bytes): {8B: None, 16B: None, 32B: None, 64B: None, 128B: None, 256B: None}
-- no candidate stride's elbow agreed with the largest tested stride's within the swept footprint range -- either every tested stride is below the true line size, or the footprint ceiling needs raising
Wrote data_processed/hazel_sapphirerapids/phase1_v2/line_size/level_65536/plots/line_size_family_boxplots.pdf and .png
   (the per-stride elbow / line-size-estimate lines just above are
   plot_line_size_family.py's own diagnostic guess from ONE un-repeated coarse
   sweep -- NOT auto-applied below; see data_processed/hazel_sapphirerapids/phase1_v2/line_size/level_65536/plots/line_size_family_curve.png
   and decide the step-4 candidate yourself)
== [L65536 A] no candidate given for this level -- inspect
   data_processed/hazel_sapphirerapids/phase1_v2/line_size/level_65536/plots/line_size_family_curve.png yourself and re-run with an
   explicit candidate stride in candidate_overrides_csv for this level (no
   auto-detection: it proved unreliable across runs/cores, see the script's
   header comment). Skipping Method-A step 4.

-- [L65536 B] single-curve method, footprint_bytes=131072 (2.0x boundary) --
-- [L65536 B coarse] stride 8-1024 bytes (step 8) --
  wrote 128002 lines -> data_raw/hazel_sapphirerapids/phase1_v2/line_size/level_65536/singlecurve_coarse_random_20260916T043442Z.csv
  wrote 128002 lines -> data_raw/hazel_sapphirerapids/phase1_v2/line_size/level_65536/singlecurve_coarse_sequential_20260916T043442Z.csv
Wrote 128 summary rows to data_processed/hazel_sapphirerapids/phase1_v2/line_size/level_65536/singlecurve_coarse_random_summary.csv
Wrote 128 summary rows to data_processed/hazel_sapphirerapids/phase1_v2/line_size/level_65536/singlecurve_coarse_sequential_summary.csv
-- [L65536 B] detected line-size estimate (bytes): none --
-- [L65536 B] no transition detected in the coarse sweep; skipping dense/repeat stages --
-- [L65536 B] generating single-curve plots --
  note: flagged 14 isolated spike stride(s) as probable page-aliasing artifacts: [8, 16, 200, 240, 256, 272, 288, 392, 512, 632, 656, 800, 960, 1024]
Wrote data_processed/hazel_sapphirerapids/phase1_v2/line_size/level_65536/plots/line_size_curve.pdf and .png
Wrote data_processed/hazel_sapphirerapids/phase1_v2/line_size/level_65536/plots/line_size_boxplots.pdf and .png
-- compressing raw CSVs for level 65536 --

############################################################
## LEVEL boundary=2097152B -- Method A window=[262144,8388608] bytes
############################################################
-- [L2097152 A coarse] stride=8B pattern=random offset=0B --
  wrote 31002 lines -> data_raw/hazel_sapphirerapids/phase1_v2/line_size/level_2097152/family_8_random_20260916T043442Z.csv
Wrote 31 summary rows to data_processed/hazel_sapphirerapids/phase1_v2/line_size/level_2097152/family_8_random_summary.csv
-- [L2097152 A coarse] stride=8B pattern=sequential offset=0B --
  wrote 31002 lines -> data_raw/hazel_sapphirerapids/phase1_v2/line_size/level_2097152/family_8_sequential_20260916T043442Z.csv
Wrote 31 summary rows to data_processed/hazel_sapphirerapids/phase1_v2/line_size/level_2097152/family_8_sequential_summary.csv
-- [L2097152 A coarse] stride=16B pattern=random offset=0B --
  wrote 31002 lines -> data_raw/hazel_sapphirerapids/phase1_v2/line_size/level_2097152/family_16_random_20260916T043442Z.csv
Wrote 31 summary rows to data_processed/hazel_sapphirerapids/phase1_v2/line_size/level_2097152/family_16_random_summary.csv
-- [L2097152 A coarse] stride=16B pattern=sequential offset=0B --
  wrote 31002 lines -> data_raw/hazel_sapphirerapids/phase1_v2/line_size/level_2097152/family_16_sequential_20260916T043442Z.csv
Wrote 31 summary rows to data_processed/hazel_sapphirerapids/phase1_v2/line_size/level_2097152/family_16_sequential_summary.csv
-- [L2097152 A coarse] stride=32B pattern=random offset=0B --
  wrote 31002 lines -> data_raw/hazel_sapphirerapids/phase1_v2/line_size/level_2097152/family_32_random_20260916T043442Z.csv
Wrote 31 summary rows to data_processed/hazel_sapphirerapids/phase1_v2/line_size/level_2097152/family_32_random_summary.csv
-- [L2097152 A coarse] stride=32B pattern=sequential offset=0B --
  wrote 31002 lines -> data_raw/hazel_sapphirerapids/phase1_v2/line_size/level_2097152/family_32_sequential_20260916T043442Z.csv
Wrote 31 summary rows to data_processed/hazel_sapphirerapids/phase1_v2/line_size/level_2097152/family_32_sequential_summary.csv
-- [L2097152 A coarse] stride=64B pattern=random offset=0B --
  wrote 31002 lines -> data_raw/hazel_sapphirerapids/phase1_v2/line_size/level_2097152/family_64_random_20260916T043442Z.csv
Wrote 31 summary rows to data_processed/hazel_sapphirerapids/phase1_v2/line_size/level_2097152/family_64_random_summary.csv
-- [L2097152 A coarse] stride=64B pattern=sequential offset=0B --
  wrote 31002 lines -> data_raw/hazel_sapphirerapids/phase1_v2/line_size/level_2097152/family_64_sequential_20260916T043442Z.csv
Wrote 31 summary rows to data_processed/hazel_sapphirerapids/phase1_v2/line_size/level_2097152/family_64_sequential_summary.csv
-- [L2097152 A coarse] stride=128B pattern=random offset=0B --
  wrote 31002 lines -> data_raw/hazel_sapphirerapids/phase1_v2/line_size/level_2097152/family_128_random_20260916T043442Z.csv
Wrote 31 summary rows to data_processed/hazel_sapphirerapids/phase1_v2/line_size/level_2097152/family_128_random_summary.csv
-- [L2097152 A coarse] stride=128B pattern=sequential offset=0B --
  wrote 31002 lines -> data_raw/hazel_sapphirerapids/phase1_v2/line_size/level_2097152/family_128_sequential_20260916T043442Z.csv
Wrote 31 summary rows to data_processed/hazel_sapphirerapids/phase1_v2/line_size/level_2097152/family_128_sequential_summary.csv
-- [L2097152 A coarse] stride=256B pattern=random offset=0B --
  wrote 31002 lines -> data_raw/hazel_sapphirerapids/phase1_v2/line_size/level_2097152/family_256_random_20260916T043442Z.csv
Wrote 31 summary rows to data_processed/hazel_sapphirerapids/phase1_v2/line_size/level_2097152/family_256_random_summary.csv
-- [L2097152 A coarse] stride=256B pattern=sequential offset=0B --
  wrote 31002 lines -> data_raw/hazel_sapphirerapids/phase1_v2/line_size/level_2097152/family_256_sequential_20260916T043442Z.csv
Wrote 31 summary rows to data_processed/hazel_sapphirerapids/phase1_v2/line_size/level_2097152/family_256_sequential_summary.csv
-- [L2097152 A steps 1-3] generating coarse family-of-curves plots --
Wrote data_processed/hazel_sapphirerapids/phase1_v2/line_size/level_2097152/plots/line_size_family_curve.pdf and .png
-- per-stride elbow (bytes): {8B: 5284488, 16B: 4707936, 32B: 3736672, 64B: 2965760, 128B: 2965760, 256B: 2965760}
-- line-size estimate: smallest candidate stride whose elbow agrees with largest tested stride (~2965760 bytes) is 64B -- see infer_line_size's docstring caveat on the fixed grid resolution before citing this as a clean line-size number on its own
Wrote data_processed/hazel_sapphirerapids/phase1_v2/line_size/level_2097152/plots/line_size_family_boxplots.pdf and .png
   (the per-stride elbow / line-size-estimate lines just above are
   plot_line_size_family.py's own diagnostic guess from ONE un-repeated coarse
   sweep -- NOT auto-applied below; see data_processed/hazel_sapphirerapids/phase1_v2/line_size/level_2097152/plots/line_size_family_curve.png
   and decide the step-4 candidate yourself)
== [L2097152 A] no candidate given for this level -- inspect
   data_processed/hazel_sapphirerapids/phase1_v2/line_size/level_2097152/plots/line_size_family_curve.png yourself and re-run with an
   explicit candidate stride in candidate_overrides_csv for this level (no
   auto-detection: it proved unreliable across runs/cores, see the script's
   header comment). Skipping Method-A step 4.

-- [L2097152 B] single-curve method, footprint_bytes=4194304 (2.0x boundary) --
-- [L2097152 B coarse] stride 8-1024 bytes (step 8) --
  wrote 128002 lines -> data_raw/hazel_sapphirerapids/phase1_v2/line_size/level_2097152/singlecurve_coarse_random_20260916T043442Z.csv
  wrote 128002 lines -> data_raw/hazel_sapphirerapids/phase1_v2/line_size/level_2097152/singlecurve_coarse_sequential_20260916T043442Z.csv
Wrote 128 summary rows to data_processed/hazel_sapphirerapids/phase1_v2/line_size/level_2097152/singlecurve_coarse_random_summary.csv
Wrote 128 summary rows to data_processed/hazel_sapphirerapids/phase1_v2/line_size/level_2097152/singlecurve_coarse_sequential_summary.csv
-- [L2097152 B] detected line-size estimate (bytes): none --
-- [L2097152 B] no transition detected in the coarse sweep; skipping dense/repeat stages --
-- [L2097152 B] generating single-curve plots --
  note: flagged 14 isolated spike stride(s) as probable page-aliasing artifacts: [128, 200, 216, 256, 368, 440, 488, 512, 600, 704, 832, 864, 992, 1024]
Wrote data_processed/hazel_sapphirerapids/phase1_v2/line_size/level_2097152/plots/line_size_curve.pdf and .png
Wrote data_processed/hazel_sapphirerapids/phase1_v2/line_size/level_2097152/plots/line_size_boxplots.pdf and .png
-- compressing raw CSVs for level 2097152 --

############################################################
## LEVEL boundary=50331648B -- Method A window=[6291456,201326592] bytes
############################################################
-- [L50331648 A coarse] stride=8B pattern=random offset=0B --
  wrote 31002 lines -> data_raw/hazel_sapphirerapids/phase1_v2/line_size/level_50331648/family_8_random_20260916T043442Z.csv
Wrote 31 summary rows to data_processed/hazel_sapphirerapids/phase1_v2/line_size/level_50331648/family_8_random_summary.csv
-- [L50331648 A coarse] stride=8B pattern=sequential offset=0B --
  wrote 31002 lines -> data_raw/hazel_sapphirerapids/phase1_v2/line_size/level_50331648/family_8_sequential_20260916T043442Z.csv
Wrote 31 summary rows to data_processed/hazel_sapphirerapids/phase1_v2/line_size/level_50331648/family_8_sequential_summary.csv
-- [L50331648 A coarse] stride=16B pattern=random offset=0B --
  wrote 31002 lines -> data_raw/hazel_sapphirerapids/phase1_v2/line_size/level_50331648/family_16_random_20260916T043442Z.csv
Wrote 31 summary rows to data_processed/hazel_sapphirerapids/phase1_v2/line_size/level_50331648/family_16_random_summary.csv
-- [L50331648 A coarse] stride=16B pattern=sequential offset=0B --
  wrote 31002 lines -> data_raw/hazel_sapphirerapids/phase1_v2/line_size/level_50331648/family_16_sequential_20260916T043442Z.csv
Wrote 31 summary rows to data_processed/hazel_sapphirerapids/phase1_v2/line_size/level_50331648/family_16_sequential_summary.csv
-- [L50331648 A coarse] stride=32B pattern=random offset=0B --
  wrote 31002 lines -> data_raw/hazel_sapphirerapids/phase1_v2/line_size/level_50331648/family_32_random_20260916T043442Z.csv
Wrote 31 summary rows to data_processed/hazel_sapphirerapids/phase1_v2/line_size/level_50331648/family_32_random_summary.csv
-- [L50331648 A coarse] stride=32B pattern=sequential offset=0B --
  wrote 31002 lines -> data_raw/hazel_sapphirerapids/phase1_v2/line_size/level_50331648/family_32_sequential_20260916T043442Z.csv
Wrote 31 summary rows to data_processed/hazel_sapphirerapids/phase1_v2/line_size/level_50331648/family_32_sequential_summary.csv
-- [L50331648 A coarse] stride=64B pattern=random offset=0B --
  wrote 31002 lines -> data_raw/hazel_sapphirerapids/phase1_v2/line_size/level_50331648/family_64_random_20260916T043442Z.csv
Wrote 31 summary rows to data_processed/hazel_sapphirerapids/phase1_v2/line_size/level_50331648/family_64_random_summary.csv
-- [L50331648 A coarse] stride=64B pattern=sequential offset=0B --
  wrote 31002 lines -> data_raw/hazel_sapphirerapids/phase1_v2/line_size/level_50331648/family_64_sequential_20260916T043442Z.csv
Wrote 31 summary rows to data_processed/hazel_sapphirerapids/phase1_v2/line_size/level_50331648/family_64_sequential_summary.csv
-- [L50331648 A coarse] stride=128B pattern=random offset=0B --
  wrote 31002 lines -> data_raw/hazel_sapphirerapids/phase1_v2/line_size/level_50331648/family_128_random_20260916T043442Z.csv
Wrote 31 summary rows to data_processed/hazel_sapphirerapids/phase1_v2/line_size/level_50331648/family_128_random_summary.csv
-- [L50331648 A coarse] stride=128B pattern=sequential offset=0B --
  wrote 31002 lines -> data_raw/hazel_sapphirerapids/phase1_v2/line_size/level_50331648/family_128_sequential_20260916T043442Z.csv
Wrote 31 summary rows to data_processed/hazel_sapphirerapids/phase1_v2/line_size/level_50331648/family_128_sequential_summary.csv
-- [L50331648 A coarse] stride=256B pattern=random offset=0B --
  wrote 31002 lines -> data_raw/hazel_sapphirerapids/phase1_v2/line_size/level_50331648/family_256_random_20260916T043442Z.csv
Wrote 31 summary rows to data_processed/hazel_sapphirerapids/phase1_v2/line_size/level_50331648/family_256_random_summary.csv
-- [L50331648 A coarse] stride=256B pattern=sequential offset=0B --
  wrote 31002 lines -> data_raw/hazel_sapphirerapids/phase1_v2/line_size/level_50331648/family_256_sequential_20260916T043442Z.csv
Wrote 31 summary rows to data_processed/hazel_sapphirerapids/phase1_v2/line_size/level_50331648/family_256_sequential_summary.csv
-- [L50331648 A steps 1-3] generating coarse family-of-curves plots --
Wrote data_processed/hazel_sapphirerapids/phase1_v2/line_size/level_50331648/plots/line_size_family_curve.pdf and .png
-- per-stride elbow (bytes): {8B: 159793016, 16B: 142359392, 32B: 142359392, 64B: 79896448, 128B: 112990720, 256B: 112990720}
-- line-size estimate: smallest candidate stride whose elbow agrees with largest tested stride (~112990720 bytes) is 128B -- see infer_line_size's docstring caveat on the fixed grid resolution before citing this as a clean line-size number on its own
Wrote data_processed/hazel_sapphirerapids/phase1_v2/line_size/level_50331648/plots/line_size_family_boxplots.pdf and .png
   (the per-stride elbow / line-size-estimate lines just above are
   plot_line_size_family.py's own diagnostic guess from ONE un-repeated coarse
   sweep -- NOT auto-applied below; see data_processed/hazel_sapphirerapids/phase1_v2/line_size/level_50331648/plots/line_size_family_curve.png
   and decide the step-4 candidate yourself)
== [L50331648 A] no candidate given for this level -- inspect
   data_processed/hazel_sapphirerapids/phase1_v2/line_size/level_50331648/plots/line_size_family_curve.png yourself and re-run with an
   explicit candidate stride in candidate_overrides_csv for this level (no
   auto-detection: it proved unreliable across runs/cores, see the script's
   header comment). Skipping Method-A step 4.

-- [L50331648 B] single-curve method, footprint_bytes=100663296 (2.0x boundary) --
-- [L50331648 B coarse] stride 8-1024 bytes (step 8) --
  wrote 128002 lines -> data_raw/hazel_sapphirerapids/phase1_v2/line_size/level_50331648/singlecurve_coarse_random_20260916T043442Z.csv
  wrote 128002 lines -> data_raw/hazel_sapphirerapids/phase1_v2/line_size/level_50331648/singlecurve_coarse_sequential_20260916T043442Z.csv
Wrote 128 summary rows to data_processed/hazel_sapphirerapids/phase1_v2/line_size/level_50331648/singlecurve_coarse_random_summary.csv
Wrote 128 summary rows to data_processed/hazel_sapphirerapids/phase1_v2/line_size/level_50331648/singlecurve_coarse_sequential_summary.csv
-- [L50331648 B] detected line-size estimate (bytes): none --
-- [L50331648 B] no transition detected in the coarse sweep; skipping dense/repeat stages --
-- [L50331648 B] generating single-curve plots --
  note: flagged 8 isolated spike stride(s) as probable page-aliasing artifacts: [40, 128, 200, 256, 400, 512, 768, 1024]
Wrote data_processed/hazel_sapphirerapids/phase1_v2/line_size/level_50331648/plots/line_size_curve.pdf and .png
Wrote data_processed/hazel_sapphirerapids/phase1_v2/line_size/level_50331648/plots/line_size_boxplots.pdf and .png
-- compressing raw CSVs for level 50331648 --

############################################################
## step 5: cross-level, cross-method agreement summary
############################################################
   level boundary=65536B -> method A (family of curves) = noneB, method B (single curve) = noneB
   level boundary=2097152B -> method A (family of curves) = noneB, method B (single curve) = noneB
   level boundary=50331648B -> method A (family of curves) = noneB, method B (single curve) = noneB
== no level/method produced a usable estimate -- widen windows or strides before citing anything
== done: all levels, both methods, complete ==
== this is a FROZEN PHASE-I TIMING-ONLY result -- compare against PMU counters
   and the documented/system-reported line size in Phase II before treating it as
   confirmed (see README.md's Phase I/II/III discipline).
== plots per level: data_processed/hazel_sapphirerapids/phase1_v2/line_size/level_<boundary>/plots/line_size_family_{curve,boxplots}.{png,pdf} (A, steps 1-3),
          .../line_size_offset_{elbow,boxplots}.{png,pdf} (A, step 4), .../line_size_{curve,boxplots}.{png,pdf} (B) ==
== record in data_raw/hazel_sapphirerapids/phase1_v2/README.md: boundaries=65536,2097152,50331648, core=0,
   seed=12345, samples=1000000, coarse_strides=8,16,32,64,128,256, per-level/per-method estimates as above,
   timestamp=20260916T043442Z ==
== full transcript saved to: data_raw/hazel_sapphirerapids/phase1_v2/line_size/run_line_size_20260916T043442Z.log ==

=== Done ===

------------------------------------------------------------
Resource usage summary:

    Job ID            : 848771
    Job name          : hw1_ls_relook
    User / Account    : krchen / ece592f26_cpu
    Partition / QOS   : compute_partners / short
    Submitted         : 2026-09-16T00:34:12
    Started           : 2026-09-16T00:34:42
    Wait time         : 30 sec
    Elapsed (wall)    : 00:02:50
    Nodes             : 1 (n0407)
    CPUs allocated    : 1
    Tasks             : 1
    CPU time (total)  : 151.85 sec  (user 140.13, sys 11.72)
    CPU efficiency    : 89.3%
    Memory in use     : 395.64 MB  (sampled at job end; see seff for peak)
    Memory requested  : 8G
    Working directory : /gpfs_common/share01/titan/krchen/Proj1-Cache-Reverse-Engineering
    Exit code         : 0:0

    For final accounting (Slurm's MaxRSS, billing, etc.):  seff 848771
------------------------------------------------------------
