=== Machine identification (Phase Discipline whitelist only) ===
n0407
Linux n0407 5.14.0-611.5.1.el9_7.x86_64 #1 SMP PREEMPT_DYNAMIC Fri Oct 17 14:16:35 EDT 2025 x86_64 x86_64 x86_64 GNU/Linux
model name	: Intel(R) Xeon(R) Platinum 8462Y+
Assigned core (informational): 0, SLURM_JOB_ID=848721

=== Running scripts/run_line_size.sh (HAZEL_MODE=1) for hazel_sapphirerapids/phase1_v2, boundaries=65536,2097152,50331648 ===
== run_line_size: machine=hazel_sapphirerapids/phase1_v2 core=0 seed=12345 ==
== timestamp=20260916T043039Z boundaries=65536,2097152,50331648 coarse_strides=8,16,32,64,128,256 ==

############################################################
## LEVEL boundary=65536B -- Method A window=[8192,262144] bytes
############################################################
-- [L65536 A coarse] stride=8B pattern=random offset=0B --
  wrote 31002 lines -> data_raw/hazel_sapphirerapids/phase1_v2/line_size/level_65536/family_8_random_20260916T043039Z.csv
Wrote 31 summary rows to data_processed/hazel_sapphirerapids/phase1_v2/line_size/level_65536/family_8_random_summary.csv
-- [L65536 A coarse] stride=8B pattern=sequential offset=0B --
  wrote 31002 lines -> data_raw/hazel_sapphirerapids/phase1_v2/line_size/level_65536/family_8_sequential_20260916T043039Z.csv
Wrote 31 summary rows to data_processed/hazel_sapphirerapids/phase1_v2/line_size/level_65536/family_8_sequential_summary.csv
-- [L65536 A coarse] stride=16B pattern=random offset=0B --
  wrote 31002 lines -> data_raw/hazel_sapphirerapids/phase1_v2/line_size/level_65536/family_16_random_20260916T043039Z.csv
Wrote 31 summary rows to data_processed/hazel_sapphirerapids/phase1_v2/line_size/level_65536/family_16_random_summary.csv
-- [L65536 A coarse] stride=16B pattern=sequential offset=0B --
  wrote 31002 lines -> data_raw/hazel_sapphirerapids/phase1_v2/line_size/level_65536/family_16_sequential_20260916T043039Z.csv
Wrote 31 summary rows to data_processed/hazel_sapphirerapids/phase1_v2/line_size/level_65536/family_16_sequential_summary.csv
-- [L65536 A coarse] stride=32B pattern=random offset=0B --
  wrote 31002 lines -> data_raw/hazel_sapphirerapids/phase1_v2/line_size/level_65536/family_32_random_20260916T043039Z.csv
Wrote 31 summary rows to data_processed/hazel_sapphirerapids/phase1_v2/line_size/level_65536/family_32_random_summary.csv
-- [L65536 A coarse] stride=32B pattern=sequential offset=0B --
  wrote 31002 lines -> data_raw/hazel_sapphirerapids/phase1_v2/line_size/level_65536/family_32_sequential_20260916T043039Z.csv
Wrote 31 summary rows to data_processed/hazel_sapphirerapids/phase1_v2/line_size/level_65536/family_32_sequential_summary.csv
-- [L65536 A coarse] stride=64B pattern=random offset=0B --
  wrote 31002 lines -> data_raw/hazel_sapphirerapids/phase1_v2/line_size/level_65536/family_64_random_20260916T043039Z.csv
Wrote 31 summary rows to data_processed/hazel_sapphirerapids/phase1_v2/line_size/level_65536/family_64_random_summary.csv
-- [L65536 A coarse] stride=64B pattern=sequential offset=0B --
  wrote 31002 lines -> data_raw/hazel_sapphirerapids/phase1_v2/line_size/level_65536/family_64_sequential_20260916T043039Z.csv
Wrote 31 summary rows to data_processed/hazel_sapphirerapids/phase1_v2/line_size/level_65536/family_64_sequential_summary.csv
-- [L65536 A coarse] stride=128B pattern=random offset=0B --
  wrote 31002 lines -> data_raw/hazel_sapphirerapids/phase1_v2/line_size/level_65536/family_128_random_20260916T043039Z.csv
Wrote 31 summary rows to data_processed/hazel_sapphirerapids/phase1_v2/line_size/level_65536/family_128_random_summary.csv
-- [L65536 A coarse] stride=128B pattern=sequential offset=0B --
  wrote 31002 lines -> data_raw/hazel_sapphirerapids/phase1_v2/line_size/level_65536/family_128_sequential_20260916T043039Z.csv
Wrote 31 summary rows to data_processed/hazel_sapphirerapids/phase1_v2/line_size/level_65536/family_128_sequential_summary.csv
-- [L65536 A coarse] stride=256B pattern=random offset=0B --
  wrote 31002 lines -> data_raw/hazel_sapphirerapids/phase1_v2/line_size/level_65536/family_256_random_20260916T043039Z.csv
Wrote 31 summary rows to data_processed/hazel_sapphirerapids/phase1_v2/line_size/level_65536/family_256_random_summary.csv
-- [L65536 A coarse] stride=256B pattern=sequential offset=0B --
  wrote 31002 lines -> data_raw/hazel_sapphirerapids/phase1_v2/line_size/level_65536/family_256_sequential_20260916T043039Z.csv
Wrote 31 summary rows to data_processed/hazel_sapphirerapids/phase1_v2/line_size/level_65536/family_256_sequential_summary.csv
-- [L65536 A steps 1-3] generating coarse family-of-curves plots --
Wrote data_processed/hazel_sapphirerapids/phase1_v2/line_size/level_65536/plots/line_size_family_curve.pdf and .png
-- per-stride elbow (bytes): {8B: None, 16B: None, 32B: None, 64B: None, 128B: None, 256B: None}
-- no candidate stride's elbow agreed with the largest tested stride's within the swept footprint range -- either every tested stride is below the true line size, or the footprint ceiling needs raising
Wrote data_processed/hazel_sapphirerapids/phase1_v2/line_size/level_65536/plots/line_size_family_boxplots.pdf and .png
   (the per-stride elbow / line-size-estimate lines just above are
   plot_line_size_family.py's own diagnostic guess from ONE un-repeated coarse
   sweep -- NOT auto-applied below; see data_processed/hazel_sapphirerapids/phase1_v2/line_size/level_65536/plots/line_size_family_curve.png
   and decide the step-4 candidate yourself)
== [L65536 A] no candidate given for this level -- inspect
   data_processed/hazel_sapphirerapids/phase1_v2/line_size/level_65536/plots/line_size_family_curve.png yourself and re-run with an
   explicit candidate stride in candidate_overrides_csv for this level (no
   auto-detection: it proved unreliable across runs/cores, see the script's
   header comment). Skipping Method-A step 4.

-- [L65536 B] single-curve method, footprint_bytes=131072 (2.0x boundary) --
-- [L65536 B coarse] stride 8-1024 bytes (step 8) --
  wrote 128002 lines -> data_raw/hazel_sapphirerapids/phase1_v2/line_size/level_65536/singlecurve_coarse_random_20260916T043039Z.csv
  wrote 128002 lines -> data_raw/hazel_sapphirerapids/phase1_v2/line_size/level_65536/singlecurve_coarse_sequential_20260916T043039Z.csv
Wrote 128 summary rows to data_processed/hazel_sapphirerapids/phase1_v2/line_size/level_65536/singlecurve_coarse_random_summary.csv
Wrote 128 summary rows to data_processed/hazel_sapphirerapids/phase1_v2/line_size/level_65536/singlecurve_coarse_sequential_summary.csv
-- [L65536 B] detected line-size estimate (bytes): none --
-- [L65536 B] no transition detected in the coarse sweep; skipping dense/repeat stages --
-- [L65536 B] generating single-curve plots --
  note: flagged 10 isolated spike stride(s) as probable page-aliasing artifacts: [8, 216, 256, 408, 424, 512, 720, 760, 912, 1024]
Wrote data_processed/hazel_sapphirerapids/phase1_v2/line_size/level_65536/plots/line_size_curve.pdf and .png
Wrote data_processed/hazel_sapphirerapids/phase1_v2/line_size/level_65536/plots/line_size_boxplots.pdf and .png
-- compressing raw CSVs for level 65536 --

############################################################
## LEVEL boundary=2097152B -- Method A window=[262144,8388608] bytes
############################################################
-- [L2097152 A coarse] stride=8B pattern=random offset=0B --
  wrote 31002 lines -> data_raw/hazel_sapphirerapids/phase1_v2/line_size/level_2097152/family_8_random_20260916T043039Z.csv
Wrote 31 summary rows to data_processed/hazel_sapphirerapids/phase1_v2/line_size/level_2097152/family_8_random_summary.csv
-- [L2097152 A coarse] stride=8B pattern=sequential offset=0B --
  wrote 31002 lines -> data_raw/hazel_sapphirerapids/phase1_v2/line_size/level_2097152/family_8_sequential_20260916T043039Z.csv
Wrote 31 summary rows to data_processed/hazel_sapphirerapids/phase1_v2/line_size/level_2097152/family_8_sequential_summary.csv
-- [L2097152 A coarse] stride=16B pattern=random offset=0B --
  wrote 31002 lines -> data_raw/hazel_sapphirerapids/phase1_v2/line_size/level_2097152/family_16_random_20260916T043039Z.csv
Wrote 31 summary rows to data_processed/hazel_sapphirerapids/phase1_v2/line_size/level_2097152/family_16_random_summary.csv
-- [L2097152 A coarse] stride=16B pattern=sequential offset=0B --
  wrote 31002 lines -> data_raw/hazel_sapphirerapids/phase1_v2/line_size/level_2097152/family_16_sequential_20260916T043039Z.csv
Wrote 31 summary rows to data_processed/hazel_sapphirerapids/phase1_v2/line_size/level_2097152/family_16_sequential_summary.csv
-- [L2097152 A coarse] stride=32B pattern=random offset=0B --
  wrote 31002 lines -> data_raw/hazel_sapphirerapids/phase1_v2/line_size/level_2097152/family_32_random_20260916T043039Z.csv
Wrote 31 summary rows to data_processed/hazel_sapphirerapids/phase1_v2/line_size/level_2097152/family_32_random_summary.csv
-- [L2097152 A coarse] stride=32B pattern=sequential offset=0B --
  wrote 31002 lines -> data_raw/hazel_sapphirerapids/phase1_v2/line_size/level_2097152/family_32_sequential_20260916T043039Z.csv
Wrote 31 summary rows to data_processed/hazel_sapphirerapids/phase1_v2/line_size/level_2097152/family_32_sequential_summary.csv
-- [L2097152 A coarse] stride=64B pattern=random offset=0B --
  wrote 31002 lines -> data_raw/hazel_sapphirerapids/phase1_v2/line_size/level_2097152/family_64_random_20260916T043039Z.csv
Wrote 31 summary rows to data_processed/hazel_sapphirerapids/phase1_v2/line_size/level_2097152/family_64_random_summary.csv
-- [L2097152 A coarse] stride=64B pattern=sequential offset=0B --
  wrote 31002 lines -> data_raw/hazel_sapphirerapids/phase1_v2/line_size/level_2097152/family_64_sequential_20260916T043039Z.csv
Wrote 31 summary rows to data_processed/hazel_sapphirerapids/phase1_v2/line_size/level_2097152/family_64_sequential_summary.csv
-- [L2097152 A coarse] stride=128B pattern=random offset=0B --
  wrote 31002 lines -> data_raw/hazel_sapphirerapids/phase1_v2/line_size/level_2097152/family_128_random_20260916T043039Z.csv
Wrote 31 summary rows to data_processed/hazel_sapphirerapids/phase1_v2/line_size/level_2097152/family_128_random_summary.csv
-- [L2097152 A coarse] stride=128B pattern=sequential offset=0B --
  wrote 31002 lines -> data_raw/hazel_sapphirerapids/phase1_v2/line_size/level_2097152/family_128_sequential_20260916T043039Z.csv
Wrote 31 summary rows to data_processed/hazel_sapphirerapids/phase1_v2/line_size/level_2097152/family_128_sequential_summary.csv
-- [L2097152 A coarse] stride=256B pattern=random offset=0B --
  wrote 31002 lines -> data_raw/hazel_sapphirerapids/phase1_v2/line_size/level_2097152/family_256_random_20260916T043039Z.csv
Wrote 31 summary rows to data_processed/hazel_sapphirerapids/phase1_v2/line_size/level_2097152/family_256_random_summary.csv
-- [L2097152 A coarse] stride=256B pattern=sequential offset=0B --
  wrote 31002 lines -> data_raw/hazel_sapphirerapids/phase1_v2/line_size/level_2097152/family_256_sequential_20260916T043039Z.csv
Wrote 31 summary rows to data_processed/hazel_sapphirerapids/phase1_v2/line_size/level_2097152/family_256_sequential_summary.csv
-- [L2097152 A steps 1-3] generating coarse family-of-curves plots --
Wrote data_processed/hazel_sapphirerapids/phase1_v2/line_size/level_2097152/plots/line_size_family_curve.pdf and .png
-- per-stride elbow (bytes): {8B: 4707944, 16B: 7473392, 32B: 4707936, 64B: 2965760, 128B: 5931520, 256B: 2965760}
-- line-size estimate: smallest candidate stride whose elbow agrees with largest tested stride (~2965760 bytes) is 64B -- see infer_line_size's docstring caveat on the fixed grid resolution before citing this as a clean line-size number on its own
Wrote data_processed/hazel_sapphirerapids/phase1_v2/line_size/level_2097152/plots/line_size_family_boxplots.pdf and .png
   (the per-stride elbow / line-size-estimate lines just above are
   plot_line_size_family.py's own diagnostic guess from ONE un-repeated coarse
   sweep -- NOT auto-applied below; see data_processed/hazel_sapphirerapids/phase1_v2/line_size/level_2097152/plots/line_size_family_curve.png
   and decide the step-4 candidate yourself)
== [L2097152 A] no candidate given for this level -- inspect
   data_processed/hazel_sapphirerapids/phase1_v2/line_size/level_2097152/plots/line_size_family_curve.png yourself and re-run with an
   explicit candidate stride in candidate_overrides_csv for this level (no
   auto-detection: it proved unreliable across runs/cores, see the script's
   header comment). Skipping Method-A step 4.

-- [L2097152 B] single-curve method, footprint_bytes=4194304 (2.0x boundary) --
-- [L2097152 B coarse] stride 8-1024 bytes (step 8) --
  wrote 128002 lines -> data_raw/hazel_sapphirerapids/phase1_v2/line_size/level_2097152/singlecurve_coarse_random_20260916T043039Z.csv
  wrote 128002 lines -> data_raw/hazel_sapphirerapids/phase1_v2/line_size/level_2097152/singlecurve_coarse_sequential_20260916T043039Z.csv
Wrote 128 summary rows to data_processed/hazel_sapphirerapids/phase1_v2/line_size/level_2097152/singlecurve_coarse_random_summary.csv
Wrote 128 summary rows to data_processed/hazel_sapphirerapids/phase1_v2/line_size/level_2097152/singlecurve_coarse_sequential_summary.csv
-- [L2097152 B] detected line-size estimate (bytes): none --
-- [L2097152 B] no transition detected in the coarse sweep; skipping dense/repeat stages --
-- [L2097152 B] generating single-curve plots --
  note: flagged 16 isolated spike stride(s) as probable page-aliasing artifacts: [56, 72, 128, 208, 256, 280, 448, 512, 728, 744, 784, 808, 832, 856, 872, 1024]
Wrote data_processed/hazel_sapphirerapids/phase1_v2/line_size/level_2097152/plots/line_size_curve.pdf and .png
Wrote data_processed/hazel_sapphirerapids/phase1_v2/line_size/level_2097152/plots/line_size_boxplots.pdf and .png
-- compressing raw CSVs for level 2097152 --

############################################################
## LEVEL boundary=50331648B -- Method A window=[6291456,201326592] bytes
############################################################
-- [L50331648 A coarse] stride=8B pattern=random offset=0B --
srun: Job step aborted: Waiting up to 32 seconds for job step to finish.
[2026-09-16T00:31:54.592] error: *** STEP 848721.28 ON n0407 CANCELLED AT 2026-09-16T00:31:54 DUE to SIGNAL Terminated ***
srun: error: n0407: task 0: Terminated

------------------------------------------------------------
Resource usage summary:

    Job ID            : 848721
    Job name          : hw1_ls_relook
    User / Account    : krchen / ece592f26_cpu
    Partition / QOS   : compute_partners / short
    Submitted         : 2026-09-16T00:30:23
    Started           : 2026-09-16T00:30:38
    Wait time         : 15 sec
    Elapsed (wall)    : 00:01:16
    Nodes             : 1 (n0407)
    CPUs allocated    : 1
    Tasks             : 1
    CPU time (total)  : 66.22 sec  (user 59.86, sys 6.36)
    CPU efficiency    : 87.1%
    Memory in use     : 316.41 MB  (sampled at job end; see seff for peak)
    Memory requested  : 8G
    Working directory : /gpfs_common/share01/titan/krchen/Proj1-Cache-Reverse-Engineering
    Exit code         : 0:0

    For final accounting (Slurm's MaxRSS, billing, etc.):  seff 848721
------------------------------------------------------------
