=== Machine identification (Phase Discipline whitelist only) ===
n0407
Linux n0407 5.14.0-611.5.1.el9_7.x86_64 #1 SMP PREEMPT_DYNAMIC Fri Oct 17 14:16:35 EDT 2025 x86_64 x86_64 x86_64 GNU/Linux
model name	: Intel(R) Xeon(R) Platinum 8462Y+
CPU CORE SOCKET NODE
  0    0      0    0
  1    1      0    0
  2    2      0    0
  3    3      0    0
  4    4      0    0
  5    5      0    0
  6    6      0    0
  7    7      0    0
  8    8      0    0
  9    9      0    0
 10   10      0    0
 11   11      0    0
 12   12      0    0
 13   13      0    0
 14   14      0    0
 15   15      0    0
 16   16      0    0
 17   17      0    0
 18   18      0    0
 19   19      0    0
 20   20      0    0
 21   21      0    0
 22   22      0    0
 23   23      0    0
 24   24      0    0
 25   25      0    0
 26   26      0    0
 27   27      0    0
 28   28      0    0
 29   29      0    0
 30   30      0    0
 31   31      0    0
 32   32      1    1
 33   33      1    1
 34   34      1    1
 35   35      1    1
 36   36      1    1
 37   37      1    1
 38   38      1    1
 39   39      1    1
 40   40      1    1
 41   41      1    1
 42   42      1    1
 43   43      1    1
 44   44      1    1
 45   45      1    1
 46   46      1    1
 47   47      1    1
 48   48      1    1
 49   49      1    1
 50   50      1    1
 51   51      1    1
 52   52      1    1
 53   53      1    1
 54   54      1    1
 55   55      1    1
 56   56      1    1
 57   57      1    1
 58   58      1    1
 59   59      1    1
 60   60      1    1
 61   61      1    1
 62   62      1    1
 63   63      1    1

=== Slurm job context ===
SLURM_JOB_ID=833556
SLURM_JOB_NODELIST=n0407
SLURM_CPUS_ON_NODE=1
SLURM_JOB_CONSTRAINT (feature match)=sapphirerapids
policy: default
preferred node: current
physcpubind: 32 
cpubind: 1 
nodebind: 1 
membind: 0 1 
preferred: 

=== Toolchain ===
gcc (GCC) 11.5.0 20240719 (Red Hat 11.5.0-11)

=== Benchmark commit ===
cache_bench git commit: cb7e0c8c82c0269507e665db04563dee78fda9a6

=== Build (isolated per-job directory, avoids races with sibling jobs) ===
gcc -O0 -g -std=c11 -Wall -Wextra -fno-omit-frame-pointer -c main_code/common/main.c -o main_code/common/main.o
gcc -O0 -g -std=c11 -Wall -Wextra -fno-omit-frame-pointer -c main_code/common/benchmark.c -o main_code/common/benchmark.o
gcc -O0 -g -std=c11 -Wall -Wextra -fno-omit-frame-pointer -c main_code/common/pointer_chase.c -o main_code/common/pointer_chase.o
gcc -O0 -g -std=c11 -Wall -Wextra -fno-omit-frame-pointer -c main_code/common/random.c -o main_code/common/random.o
gcc -O0 -g -std=c11 -Wall -Wextra -fno-omit-frame-pointer -c main_code/common/capacity.c -o main_code/common/capacity.o
gcc -O0 -g -std=c11 -Wall -Wextra -fno-omit-frame-pointer -c main_code/common/line_size.c -o main_code/common/line_size.o
gcc -O0 -g -std=c11 -Wall -Wextra -fno-omit-frame-pointer -c main_code/common/associativity.c -o main_code/common/associativity.o
gcc -O0 -g -std=c11 -Wall -Wextra -fno-omit-frame-pointer -c main_code/common/latency.c -o main_code/common/latency.o
gcc -O0 -g -std=c11 -Wall -Wextra -fno-omit-frame-pointer -c main_code/common/inclusion_policy.c -o main_code/common/inclusion_policy.o
gcc -O0 -g -std=c11 -Wall -Wextra -fno-omit-frame-pointer -c main_code/software_hit_rate/software_hit_rate.c -o main_code/software_hit_rate/software_hit_rate.o
gcc -O0 -g -std=c11 -Wall -Wextra -fno-omit-frame-pointer -o cache_bench main_code/common/main.o main_code/common/benchmark.o main_code/common/pointer_chase.o main_code/common/random.o main_code/common/capacity.o main_code/common/line_size.o main_code/common/associativity.o main_code/common/latency.o main_code/common/inclusion_policy.o main_code/software_hit_rate/software_hit_rate.o -lm

=== Smoke test: srun --cpu-bind=cores ./cache_bench (tiny capacity probe) ===
# experiment=capacity samples_requested=1000 samples_achieved=1000 batch_size=1000 num_batches=1 warmup_passes=2 seed=12345 node_bytes=8 pattern=random
size_bytes,num_nodes,pattern,batch_index,avg_ticks_per_access
4096,512,random,0,35.8320
4464,558,random,0,35.3640
4864,608,random,0,19.1440
5312,664,random,0,35.5680
5792,724,random,0,35.6440
6312,789,random,0,19.1320
6888,861,random,0,35.0560
7512,939,random,0,17.7920
8192,1024,random,0,35.4640
8928,1116,random,0,35.4480
9736,1217,random,0,35.4400
10624,1328,random,0,35.5680
11584,1448,random,0,35.5800
12632,1579,random,0,35.2760
13776,1722,random,0,34.8600
15024,1878,random,0,35.4280
16384,2048,random,0,35.5920
17864,2233,random,0,34.9640
19480,2435,random,0,35.4520
21240,2655,random,0,34.9000
23168,2896,random,0,35.4480
25264,3158,random,0,35.2520
27552,3444,random,0,19.3480
30048,3756,random,0,35.1240
32768,4096,random,0,35.3640
35728,4466,random,0,35.5800
38968,4871,random,0,35.3280
42488,5311,random,0,35.6720
46336,5792,random,0,35.8240
50528,6316,random,0,22.0280
55104,6888,random,0,24.8440
60096,7512,random,0,33.2080
65536,8192,random,0,33.8000

=== Phase Discipline gate check: is predictions-frozen an ancestor of HEAD? ===
predictions-frozen is an ancestor of HEAD -- real cache-suite runs are permitted
from a separate, dedicated job script once the full-suite pipeline is built.

=== Done ===

------------------------------------------------------------
Resource usage summary:

    Job ID            : 833556
    Job name          : hw1_cache
    User / Account    : krchen / ece592f26_cpu
    Partition / QOS   : compute_partners / short
    Submitted         : 2026-09-14T14:32:53
    Started           : 2026-09-14T14:32:59
    Wait time         : 6 sec
    Elapsed (wall)    : 00:00:26
    Nodes             : 1 (n0407)
    CPUs allocated    : 1
    Tasks             : 1
    CPU time (total)  : 1.22 sec  (user 0.86, sys 0.37)
    CPU efficiency    : 4.7%
    Memory in use     : 68.54 MB  (sampled at job end; see seff for peak)
    Memory requested  : 4G
    Working directory : /gpfs_common/share01/titan/krchen/Proj1-Cache-Reverse-Engineering
    Exit code         : 0:0

    For final accounting (Slurm's MaxRSS, billing, etc.):  seff 833556
------------------------------------------------------------
