=== Machine identification (Phase Discipline whitelist only) ===
n0407
Linux n0407 5.14.0-611.5.1.el9_7.x86_64 #1 SMP PREEMPT_DYNAMIC Fri Oct 17 14:16:35 EDT 2025 x86_64 x86_64 x86_64 GNU/Linux
model name	: Intel(R) Xeon(R) Platinum 8462Y+
Assigned logical CPU: 40, SLURM_JOB_ID=848772

=== Running scripts/run_associativity_full.sh (HAZEL_MODE=1) for hazel_sapphirerapids/phase1_v2, cache_bytes=65536,2097152,50331648 ===
== run_associativity_full: machine=hazel_sapphirerapids/phase1_v2 core=40 base_seed=12345 max_ways=40 ==
== timestamp=20260916T043745Z ==
-- using explicit cache_bytes override: 65536 2097152 50331648 --

== level L1: cache_bytes=65536 ==
-- base sweep num_ways=2-40 --
  wrote 39002 lines -> data_raw/hazel_sapphirerapids/phase1_v2/associativity/L1/associativity_base_random_20260916T043745Z.csv (seed=12345)
  wrote 39002 lines -> data_raw/hazel_sapphirerapids/phase1_v2/associativity/L1/associativity_base_sequential_20260916T043745Z.csv (seed=12345)
Wrote 39 summary rows to data_processed/hazel_sapphirerapids/phase1_v2/associativity/L1/base_random_summary_20260916T043745Z.csv
Wrote 39 summary rows to data_processed/hazel_sapphirerapids/phase1_v2/associativity/L1/base_sequential_summary_20260916T043745Z.csv
-- detected associativity estimate: 12 --
  -- repeat 1/2 (seed=12346) --
  wrote 39002 lines -> data_raw/hazel_sapphirerapids/phase1_v2/associativity/L1/associativity_rep1_random_20260916T043745Z.csv (seed=12346)
  wrote 39002 lines -> data_raw/hazel_sapphirerapids/phase1_v2/associativity/L1/associativity_rep1_sequential_20260916T043745Z.csv (seed=12346)
Wrote 39 summary rows to data_processed/hazel_sapphirerapids/phase1_v2/associativity/L1/rep1_random_summary_20260916T043745Z.csv
Wrote 39 summary rows to data_processed/hazel_sapphirerapids/phase1_v2/associativity/L1/rep1_sequential_summary_20260916T043745Z.csv
     repeat 1 detected estimate: 12
  -- repeat 2/2 (seed=12347) --
  wrote 39002 lines -> data_raw/hazel_sapphirerapids/phase1_v2/associativity/L1/associativity_rep2_random_20260916T043745Z.csv (seed=12347)
  wrote 39002 lines -> data_raw/hazel_sapphirerapids/phase1_v2/associativity/L1/associativity_rep2_sequential_20260916T043745Z.csv (seed=12347)
Wrote 39 summary rows to data_processed/hazel_sapphirerapids/phase1_v2/associativity/L1/rep2_random_summary_20260916T043745Z.csv
Wrote 39 summary rows to data_processed/hazel_sapphirerapids/phase1_v2/associativity/L1/rep2_sequential_summary_20260916T043745Z.csv
     repeat 2 detected estimate: 12
-- generating plots for L1 --
  note: num_ways=2 (random) has 3 overlapping summary rows with medians [27.0, 17.2, 17.5] (spread 9.9 ticks, 48.0%) -- averaging, widening whiskers to the union
  note: num_ways=3 (random) has 3 overlapping summary rows with medians [13.3, 19.1, 16.7] (spread 5.8 ticks, 35.3%) -- averaging, widening whiskers to the union
  note: num_ways=4 (random) has 3 overlapping summary rows with medians [14.8, 13.4, 11.6] (spread 3.2 ticks, 24.1%) -- averaging, widening whiskers to the union
  note: num_ways=33 (random) has 3 overlapping summary rows with medians [16.1, 16.2, 25.4] (spread 9.3 ticks, 48.5%) -- averaging, widening whiskers to the union
  note: num_ways=34 (random) has 3 overlapping summary rows with medians [16.1, 26.0, 25.5] (spread 9.9 ticks, 43.9%) -- averaging, widening whiskers to the union
  note: num_ways=35 (random) has 3 overlapping summary rows with medians [16.1, 24.4, 24.7] (spread 8.6 ticks, 39.7%) -- averaging, widening whiskers to the union
  note: num_ways=36 (random) has 3 overlapping summary rows with medians [16.1, 24.7, 31.0] (spread 14.9 ticks, 62.2%) -- averaging, widening whiskers to the union
  note: num_ways=37 (random) has 3 overlapping summary rows with medians [16.1, 25.2, 29.2] (spread 13.1 ticks, 55.6%) -- averaging, widening whiskers to the union
  note: num_ways=38 (random) has 3 overlapping summary rows with medians [16.1, 23.1, 30.2] (spread 14.1 ticks, 60.8%) -- averaging, widening whiskers to the union
  note: num_ways=39 (random) has 3 overlapping summary rows with medians [17.4, 25.4, 26.4] (spread 9.0 ticks, 39.1%) -- averaging, widening whiskers to the union
  note: num_ways=40 (random) has 3 overlapping summary rows with medians [22.1, 24.3, 30.2] (spread 8.1 ticks, 31.9%) -- averaging, widening whiskers to the union
  note: num_ways=2 (sequential) has 3 overlapping summary rows with medians [33.5, 29.9, 17.9] (spread 15.6 ticks, 57.6%) -- averaging, widening whiskers to the union
  note: num_ways=3 (sequential) has 3 overlapping summary rows with medians [13.8, 19.4, 20.5] (spread 6.7 ticks, 37.3%) -- averaging, widening whiskers to the union
  note: num_ways=5 (sequential) has 3 overlapping summary rows with medians [6.6, 9.5, 5.3] (spread 4.2 ticks, 59.5%) -- averaging, widening whiskers to the union
  note: num_ways=36 (sequential) has 3 overlapping summary rows with medians [21.0, 16.1, 16.1] (spread 4.9 ticks, 27.4%) -- averaging, widening whiskers to the union
  note: num_ways=37 (sequential) has 3 overlapping summary rows with medians [20.8, 16.1, 16.1] (spread 4.6 ticks, 26.3%) -- averaging, widening whiskers to the union
  note: num_ways=38 (sequential) has 3 overlapping summary rows with medians [19.9, 16.1, 16.1] (spread 3.8 ticks, 21.9%) -- averaging, widening whiskers to the union
  note: num_ways=39 (sequential) has 3 overlapping summary rows with medians [21.1, 17.4, 17.4] (spread 3.8 ticks, 20.2%) -- averaging, widening whiskers to the union
  note: num_ways=40 (sequential) has 3 overlapping summary rows with medians [21.7, 17.5, 17.5] (spread 4.2 ticks, 22.1%) -- averaging, widening whiskers to the union
Wrote data_processed/hazel_sapphirerapids/phase1_v2/associativity/L1/plots/associativity_curve.pdf and .png
Wrote data_processed/hazel_sapphirerapids/phase1_v2/associativity/L1/plots/associativity_boxplots.pdf and .png
-- compressing raw CSVs for L1 --

== level L2: cache_bytes=2097152 ==
-- base sweep num_ways=2-40 --
  wrote 39002 lines -> data_raw/hazel_sapphirerapids/phase1_v2/associativity/L2/associativity_base_random_20260916T043745Z.csv (seed=12345)
  wrote 39002 lines -> data_raw/hazel_sapphirerapids/phase1_v2/associativity/L2/associativity_base_sequential_20260916T043745Z.csv (seed=12345)
Wrote 39 summary rows to data_processed/hazel_sapphirerapids/phase1_v2/associativity/L2/base_random_summary_20260916T043745Z.csv
Wrote 39 summary rows to data_processed/hazel_sapphirerapids/phase1_v2/associativity/L2/base_sequential_summary_20260916T043745Z.csv
-- detected associativity estimate: 12 --
  -- repeat 1/2 (seed=12346) --
  wrote 39002 lines -> data_raw/hazel_sapphirerapids/phase1_v2/associativity/L2/associativity_rep1_random_20260916T043745Z.csv (seed=12346)
  wrote 39002 lines -> data_raw/hazel_sapphirerapids/phase1_v2/associativity/L2/associativity_rep1_sequential_20260916T043745Z.csv (seed=12346)
Wrote 39 summary rows to data_processed/hazel_sapphirerapids/phase1_v2/associativity/L2/rep1_random_summary_20260916T043745Z.csv
Wrote 39 summary rows to data_processed/hazel_sapphirerapids/phase1_v2/associativity/L2/rep1_sequential_summary_20260916T043745Z.csv
     repeat 1 detected estimate: 2
  -- repeat 2/2 (seed=12347) --
  wrote 39002 lines -> data_raw/hazel_sapphirerapids/phase1_v2/associativity/L2/associativity_rep2_random_20260916T043745Z.csv (seed=12347)
  wrote 39002 lines -> data_raw/hazel_sapphirerapids/phase1_v2/associativity/L2/associativity_rep2_sequential_20260916T043745Z.csv (seed=12347)
Wrote 39 summary rows to data_processed/hazel_sapphirerapids/phase1_v2/associativity/L2/rep2_random_summary_20260916T043745Z.csv
Wrote 39 summary rows to data_processed/hazel_sapphirerapids/phase1_v2/associativity/L2/rep2_sequential_summary_20260916T043745Z.csv
     repeat 2 detected estimate: 12
WARNING: repeat(s) disagree with the base estimate (base=12,
         repeats=2 12) -- do NOT treat this level's
         associativity as resolved; investigate before citing a number.
-- generating plots for L2 --
  note: num_ways=2 (random) has 3 overlapping summary rows with medians [19.6, 5.5, 29.7] (spread 24.2 ticks, 132.8%) -- averaging, widening whiskers to the union
  note: num_ways=3 (random) has 3 overlapping summary rows with medians [14.6, 12.7, 20.5] (spread 7.8 ticks, 49.0%) -- averaging, widening whiskers to the union
  note: num_ways=7 (random) has 3 overlapping summary rows with medians [7.7, 9.5, 9.5] (spread 1.8 ticks, 20.7%) -- averaging, widening whiskers to the union
  note: num_ways=11 (random) has 3 overlapping summary rows with medians [9.5, 5.6, 9.5] (spread 3.9 ticks, 48.1%) -- averaging, widening whiskers to the union
  note: num_ways=2 (sequential) has 3 overlapping summary rows with medians [17.8, 18.7, 24.4] (spread 6.6 ticks, 32.6%) -- averaging, widening whiskers to the union
  note: num_ways=3 (sequential) has 3 overlapping summary rows with medians [19.2, 10.4, 15.5] (spread 8.8 ticks, 58.3%) -- averaging, widening whiskers to the union
  note: num_ways=11 (sequential) has 3 overlapping summary rows with medians [5.1, 5.1, 9.5] (spread 4.4 ticks, 66.8%) -- averaging, widening whiskers to the union
Wrote data_processed/hazel_sapphirerapids/phase1_v2/associativity/L2/plots/associativity_curve.pdf and .png
Wrote data_processed/hazel_sapphirerapids/phase1_v2/associativity/L2/plots/associativity_boxplots.pdf and .png
-- compressing raw CSVs for L2 --

== level L3_LLC: cache_bytes=50331648 ==
-- base sweep num_ways=2-40 --
  wrote 39002 lines -> data_raw/hazel_sapphirerapids/phase1_v2/associativity/L3_LLC/associativity_base_random_20260916T043745Z.csv (seed=12345)
  wrote 39002 lines -> data_raw/hazel_sapphirerapids/phase1_v2/associativity/L3_LLC/associativity_base_sequential_20260916T043745Z.csv (seed=12345)
Wrote 39 summary rows to data_processed/hazel_sapphirerapids/phase1_v2/associativity/L3_LLC/base_random_summary_20260916T043745Z.csv
Wrote 39 summary rows to data_processed/hazel_sapphirerapids/phase1_v2/associativity/L3_LLC/base_sequential_summary_20260916T043745Z.csv
-- detected associativity estimate: 12 --
  -- repeat 1/2 (seed=12346) --
  wrote 39002 lines -> data_raw/hazel_sapphirerapids/phase1_v2/associativity/L3_LLC/associativity_rep1_random_20260916T043745Z.csv (seed=12346)
  wrote 39002 lines -> data_raw/hazel_sapphirerapids/phase1_v2/associativity/L3_LLC/associativity_rep1_sequential_20260916T043745Z.csv (seed=12346)
Wrote 39 summary rows to data_processed/hazel_sapphirerapids/phase1_v2/associativity/L3_LLC/rep1_random_summary_20260916T043745Z.csv
Wrote 39 summary rows to data_processed/hazel_sapphirerapids/phase1_v2/associativity/L3_LLC/rep1_sequential_summary_20260916T043745Z.csv
     repeat 1 detected estimate: 8
  -- repeat 2/2 (seed=12347) --
  wrote 39002 lines -> data_raw/hazel_sapphirerapids/phase1_v2/associativity/L3_LLC/associativity_rep2_random_20260916T043745Z.csv (seed=12347)
  wrote 39002 lines -> data_raw/hazel_sapphirerapids/phase1_v2/associativity/L3_LLC/associativity_rep2_sequential_20260916T043745Z.csv (seed=12347)
Wrote 39 summary rows to data_processed/hazel_sapphirerapids/phase1_v2/associativity/L3_LLC/rep2_random_summary_20260916T043745Z.csv
Wrote 39 summary rows to data_processed/hazel_sapphirerapids/phase1_v2/associativity/L3_LLC/rep2_sequential_summary_20260916T043745Z.csv
     repeat 2 detected estimate: 12
WARNING: repeat(s) disagree with the base estimate (base=12,
         repeats=8 12) -- do NOT treat this level's
         associativity as resolved; investigate before citing a number.
-- generating plots for L3_LLC --
  note: num_ways=2 (random) has 3 overlapping summary rows with medians [19.6, 15.7, 26.8] (spread 11.1 ticks, 53.5%) -- averaging, widening whiskers to the union
  note: num_ways=3 (random) has 3 overlapping summary rows with medians [20.6, 17.7, 13.4] (spread 7.2 ticks, 41.8%) -- averaging, widening whiskers to the union
  note: num_ways=5 (random) has 3 overlapping summary rows with medians [9.7, 5.1, 9.6] (spread 4.6 ticks, 56.8%) -- averaging, widening whiskers to the union
  note: num_ways=6 (random) has 3 overlapping summary rows with medians [6.2, 9.7, 9.4] (spread 3.4 ticks, 40.8%) -- averaging, widening whiskers to the union
  note: num_ways=7 (random) has 3 overlapping summary rows with medians [9.6, 6.4, 5.1] (spread 4.5 ticks, 63.8%) -- averaging, widening whiskers to the union
  note: num_ways=8 (random) has 3 overlapping summary rows with medians [9.6, 8.2, 6.5] (spread 3.0 ticks, 37.4%) -- averaging, widening whiskers to the union
  note: num_ways=9 (random) has 3 overlapping summary rows with medians [9.5, 14.8, 9.5] (spread 5.3 ticks, 46.6%) -- averaging, widening whiskers to the union
  note: num_ways=10 (random) has 3 overlapping summary rows with medians [8.0, 23.1, 9.0] (spread 15.1 ticks, 113.0%) -- averaging, widening whiskers to the union
  note: num_ways=11 (random) has 3 overlapping summary rows with medians [11.4, 28.8, 11.5] (spread 17.4 ticks, 100.8%) -- averaging, widening whiskers to the union
  note: num_ways=12 (random) has 3 overlapping summary rows with medians [11.5, 28.9, 11.5] (spread 17.4 ticks, 100.5%) -- averaging, widening whiskers to the union
  note: num_ways=13 (random) has 3 overlapping summary rows with medians [22.6, 29.0, 22.6] (spread 6.4 ticks, 26.0%) -- averaging, widening whiskers to the union
  note: num_ways=14 (random) has 3 overlapping summary rows with medians [22.6, 29.1, 22.7] (spread 6.4 ticks, 26.0%) -- averaging, widening whiskers to the union
  note: num_ways=15 (random) has 3 overlapping summary rows with medians [22.7, 29.2, 22.7] (spread 6.5 ticks, 26.1%) -- averaging, widening whiskers to the union
  note: num_ways=16 (random) has 3 overlapping summary rows with medians [22.7, 29.2, 22.8] (spread 6.5 ticks, 26.2%) -- averaging, widening whiskers to the union
  note: num_ways=17 (random) has 3 overlapping summary rows with medians [22.7, 29.3, 22.7] (spread 6.5 ticks, 26.3%) -- averaging, widening whiskers to the union
  note: num_ways=18 (random) has 3 overlapping summary rows with medians [32.7, 38.3, 41.7] (spread 9.0 ticks, 23.9%) -- averaging, widening whiskers to the union
  note: num_ways=2 (sequential) has 3 overlapping summary rows with medians [19.3, 17.9, 24.4] (spread 6.5 ticks, 31.6%) -- averaging, widening whiskers to the union
  note: num_ways=3 (sequential) has 3 overlapping summary rows with medians [13.5, 19.0, 10.2] (spread 8.8 ticks, 61.7%) -- averaging, widening whiskers to the union
  note: num_ways=4 (sequential) has 3 overlapping summary rows with medians [9.7, 13.3, 11.7] (spread 3.6 ticks, 31.2%) -- averaging, widening whiskers to the union
  note: num_ways=5 (sequential) has 3 overlapping summary rows with medians [6.2, 9.5, 10.0] (spread 3.9 ticks, 44.8%) -- averaging, widening whiskers to the union
  note: num_ways=6 (sequential) has 3 overlapping summary rows with medians [9.5, 6.2, 9.6] (spread 3.4 ticks, 40.7%) -- averaging, widening whiskers to the union
  note: num_ways=9 (sequential) has 3 overlapping summary rows with medians [9.6, 6.7, 9.5] (spread 2.9 ticks, 34.0%) -- averaging, widening whiskers to the union
Wrote data_processed/hazel_sapphirerapids/phase1_v2/associativity/L3_LLC/plots/associativity_curve.pdf and .png
Wrote data_processed/hazel_sapphirerapids/phase1_v2/associativity/L3_LLC/plots/associativity_boxplots.pdf and .png
-- compressing raw CSVs for L3_LLC --

== done ==
== L1: cache_bytes=65536 -> associativity=12 (repeats: 12 12) ==
== L2: cache_bytes=2097152 -> associativity=12 (repeats: 2 12) ==
== L3_LLC: cache_bytes=50331648 -> associativity=12 (repeats: 8 12) ==
== record in data_raw/hazel_sapphirerapids/phase1_v2/README.md: core=40, base_seed=12345 (repeats use base_seed+index), samples=1000000, max_ways=40, timestamp=20260916T043745Z ==
== full transcript saved to: data_raw/hazel_sapphirerapids/phase1_v2/associativity/run_associativity_full_20260916T043745Z.log ==

=== Done ===

------------------------------------------------------------
Resource usage summary:

    Job ID            : 848772
    Job name          : hw1_assoc_relook
    User / Account    : krchen / ece592f26_cpu
    Partition / QOS   : compute_partners / short
    Submitted         : 2026-09-16T00:34:12
    Started           : 2026-09-16T00:37:44
    Wait time         : 212 sec
    Elapsed (wall)    : 00:00:28
    Nodes             : 1 (n0407)
    CPUs allocated    : 1
    Tasks             : 1
    CPU time (total)  : 23.66 sec  (user 18.71, sys 4.95)
    CPU efficiency    : 84.5%
    Memory in use     : 89.07 MB  (sampled at job end; see seff for peak)
    Memory requested  : 8G
    Working directory : /gpfs_common/share01/titan/krchen/Proj1-Cache-Reverse-Engineering
    Exit code         : 0:0

    For final accounting (Slurm's MaxRSS, billing, etc.):  seff 848772
------------------------------------------------------------
