
------------------------------------------------------------
Resource usage summary:

    Job ID            : 848690
    Job name          : hw1_ls_relook
    User / Account    : krchen / ece592f26_cpu
    Partition / QOS   : compute_partners / short
    Submitted         : 2026-09-16T00:27:53
    Started           : 2026-09-16T00:28:06
    Wait time         : 13 sec
    Elapsed (wall)    : 00:00:06
    Nodes             : 1 (n0407)
    CPUs allocated    : 1
    Tasks             : 1
    CPU time (total)  : 0.05 sec  (user 0.02, sys 0.04)
    CPU efficiency    : 0.8%
    Memory in use     : 3.42 MB  (sampled at job end; see seff for peak)
    Memory requested  : 8G
    Working directory : /gpfs_common/share01/titan/krchen/Proj1-Cache-Reverse-Engineering
    Exit code         : 0:0

    For final accounting (Slurm's MaxRSS, billing, etc.):  seff 848690
------------------------------------------------------------
