=== Machine identification (Phase Discipline whitelist only) ===
n0407
Linux n0407 5.14.0-611.5.1.el9_7.x86_64 #1 SMP PREEMPT_DYNAMIC Fri Oct 17 14:16:35 EDT 2025 x86_64 x86_64 x86_64 GNU/Linux
model name	: Intel(R) Xeon(R) Platinum 8462Y+
Assigned logical CPU: 40, SLURM_JOB_ID=848776

=== Running scripts/run_software_hit_rate_sweep.sh (HAZEL_MODE=1) for hazel_sapphirerapids/phase1_v2 ===
== run_software_hit_rate_sweep: machine=hazel_sapphirerapids/phase1_v2 core=40 seed=12345 ==
== boundaries=L1:65536,L2:2097152,LLC:50331648,DRAM:536870912 ==
== timestamp=20260916T060429Z ==
== test_bytes=4096 ==
  # result tau_ticks=64.0000 sensitivity=0.9929 specificity=0.9973 p_obs=0.9996 Hhat=1.0000 ci_lower=1.0000 ci_upper=1.0000 bootstrap_mean=1.0000 bootstrap_std=0.0000 bootstrap_reps=2000
== test_bytes=16384 ==
  # result tau_ticks=62.0000 sensitivity=0.9920 specificity=0.9974 p_obs=0.9999 Hhat=1.0000 ci_lower=1.0000 ci_upper=1.0000 bootstrap_mean=1.0000 bootstrap_std=0.0000 bootstrap_reps=2000
== test_bytes=32768 ==
  # result tau_ticks=64.0000 sensitivity=0.9922 specificity=0.9971 p_obs=0.9999 Hhat=1.0000 ci_lower=1.0000 ci_upper=1.0000 bootstrap_mean=1.0000 bootstrap_std=0.0000 bootstrap_reps=2000
== test_bytes=65536 ==
  # result tau_ticks=64.0000 sensitivity=0.9922 specificity=0.9974 p_obs=1.0000 Hhat=1.0000 ci_lower=1.0000 ci_upper=1.0000 bootstrap_mean=1.0000 bootstrap_std=0.0000 bootstrap_reps=2000
== test_bytes=131072 ==
  # result tau_ticks=64.0000 sensitivity=0.9922 specificity=0.9972 p_obs=1.0000 Hhat=1.0000 ci_lower=1.0000 ci_upper=1.0000 bootstrap_mean=1.0000 bootstrap_std=0.0000 bootstrap_reps=2000
== test_bytes=262144 ==
  # result tau_ticks=64.0000 sensitivity=0.9923 specificity=0.9972 p_obs=0.9999 Hhat=1.0000 ci_lower=1.0000 ci_upper=1.0000 bootstrap_mean=1.0000 bootstrap_std=0.0000 bootstrap_reps=2000
== test_bytes=1048576 ==
  # result tau_ticks=64.0000 sensitivity=0.9923 specificity=0.9974 p_obs=0.9953 Hhat=1.0000 ci_lower=0.9802 ci_upper=1.0000 bootstrap_mean=0.9978 bootstrap_std=0.0061 bootstrap_reps=2000
== test_bytes=2097152 ==
  # result tau_ticks=64.0000 sensitivity=0.9922 specificity=0.9972 p_obs=0.8647 Hhat=0.8712 ci_lower=0.8681 ci_upper=0.8743 bootstrap_mean=0.8712 bootstrap_std=0.0016 bootstrap_reps=2000
== test_bytes=4194304 ==
  # result tau_ticks=64.0000 sensitivity=0.9922 specificity=0.9972 p_obs=0.4021 Hhat=0.4036 ci_lower=0.3993 ci_upper=0.4081 bootstrap_mean=0.4037 bootstrap_std=0.0022 bootstrap_reps=2000
== test_bytes=8388608 ==
  # result tau_ticks=64.0000 sensitivity=0.9922 specificity=0.9971 p_obs=0.1930 Hhat=0.1922 ci_lower=0.1885 ci_upper=0.1957 bootstrap_mean=0.1922 bootstrap_std=0.0019 bootstrap_reps=2000
== test_bytes=16777216 ==
  # result tau_ticks=64.0000 sensitivity=0.9921 specificity=0.9971 p_obs=0.0969 Hhat=0.0951 ci_lower=0.0924 ci_upper=0.9986 bootstrap_mean=0.1231 bootstrap_std=0.1567 bootstrap_reps=2000
== test_bytes=31457280 ==
  # result tau_ticks=62.0000 sensitivity=0.9921 specificity=0.9974 p_obs=0.0506 Hhat=0.0485 ci_lower=0.0464 ci_upper=0.0504 bootstrap_mean=0.0484 bootstrap_std=0.0010 bootstrap_reps=2000
== test_bytes=50331648 ==
  # result tau_ticks=64.0000 sensitivity=0.9921 specificity=0.9971 p_obs=0.0320 Hhat=0.0294 ci_lower=0.0277 ci_upper=0.0312 bootstrap_mean=0.0294 bootstrap_std=0.0009 bootstrap_reps=2000
== test_bytes=67108864 ==
  # result tau_ticks=64.0000 sensitivity=0.9929 specificity=0.9973 p_obs=0.0231 Hhat=0.0206 ci_lower=0.0191 ci_upper=0.0221 bootstrap_mean=0.0213 bootstrap_std=0.0223 bootstrap_reps=2000
== test_bytes=134217728 ==
  # result tau_ticks=62.0000 sensitivity=0.9921 specificity=0.9976 p_obs=0.0112 Hhat=0.0089 ci_lower=0.0078 ci_upper=0.0102 bootstrap_mean=0.0089 bootstrap_std=0.0006 bootstrap_reps=2000
== test_bytes=268435456 ==
  # result tau_ticks=62.0000 sensitivity=0.9921 specificity=0.9973 p_obs=0.0064 Hhat=0.0037 ci_lower=0.0028 ci_upper=0.0047 bootstrap_mean=0.0038 bootstrap_std=0.0005 bootstrap_reps=2000
== test_bytes=536870912 ==
  # result tau_ticks=64.0000 sensitivity=0.9921 specificity=0.9972 p_obs=0.0027 Hhat=0.0000 ci_lower=0.0000 ci_upper=0.0009 bootstrap_mean=0.0002 bootstrap_std=0.0003 bootstrap_reps=2000
wrote 17 rows -> data_raw/hazel_sapphirerapids/phase1_v2/software_hit_rate/hit_rate_sweep_20260916T060429Z.csv
-- generating plots --
wrote data_processed/hazel_sapphirerapids/phase1_v2/software_hit_rate/plots/calibration_distributions.{png,pdf}
wrote data_processed/hazel_sapphirerapids/phase1_v2/software_hit_rate/plots/hit_rate_sweep.{png,pdf}
-- compressing raw per-access CSVs --

== done ==
== summary: data_raw/hazel_sapphirerapids/phase1_v2/software_hit_rate/hit_rate_sweep_20260916T060429Z.csv ==
== record in data_raw/hazel_sapphirerapids/phase1_v2/README.md: core=40, seed=12345, timestamp=20260916T060429Z ==
== full transcript saved to: data_raw/hazel_sapphirerapids/phase1_v2/software_hit_rate/run_software_hit_rate_sweep_20260916T060429Z.log ==

=== Done ===

------------------------------------------------------------
Resource usage summary:

    Job ID            : 848776
    Job name          : hw1_swhitrate_relook
    User / Account    : krchen / ece592f26_cpu
    Partition / QOS   : compute_partners / short
    Submitted         : 2026-09-16T00:34:12
    Started           : 2026-09-16T02:04:28
    Wait time         : 5416 sec
    Elapsed (wall)    : 00:08:02
    Nodes             : 1 (n0407)
    CPUs allocated    : 1
    Tasks             : 1
    CPU time (total)  : 477.78 sec  (user 468.17, sys 9.61)
    CPU efficiency    : 99.1%
    Memory in use     : 1.01 GB  (sampled at job end; see seff for peak)
    Memory requested  : 8G
    Working directory : /gpfs_common/share01/titan/krchen/Proj1-Cache-Reverse-Engineering
    Exit code         : 0:0

    For final accounting (Slurm's MaxRSS, billing, etc.):  seff 848776
------------------------------------------------------------
