=== Machine identification (Phase Discipline whitelist only) ===
n0407
Linux n0407 5.14.0-611.5.1.el9_7.x86_64 #1 SMP PREEMPT_DYNAMIC Fri Oct 17 14:16:35 EDT 2025 x86_64 x86_64 x86_64 GNU/Linux
model name	: Intel(R) Xeon(R) Platinum 8462Y+
Assigned logical CPU: 40, SLURM_JOB_ID=848774

=== Running scripts/run_miss_latency_full.sh (HAZEL_MODE=1) for hazel_sapphirerapids/phase1_v2, transitions=L1_to_L2:65536:2097152,L2_to_LLC:2097152:50331648,LLC_to_DRAM:50331648:536870912 ===
== run_miss_latency_full: machine=hazel_sapphirerapids/phase1_v2 core=40 base_seed=12345 ==
== timestamp=20260916T044149Z ==

== transition L1_to_L2: target_bytes=65536 evict_bytes=2097152 ==
-- base (seed=12345) --
  wrote 202 lines -> data_raw/hazel_sapphirerapids/phase1_v2/latency/miss/L1_to_L2/miss_latency_base_random_20260916T044149Z.csv (pattern=random seed=12345)
Wrote 1 summary rows to data_processed/hazel_sapphirerapids/phase1_v2/latency/miss/L1_to_L2/base_random_summary_20260916T044149Z.csv
  wrote 202 lines -> data_raw/hazel_sapphirerapids/phase1_v2/latency/miss/L1_to_L2/miss_latency_base_sequential_20260916T044149Z.csv (pattern=sequential seed=12345)
Wrote 1 summary rows to data_processed/hazel_sapphirerapids/phase1_v2/latency/miss/L1_to_L2/base_sequential_summary_20260916T044149Z.csv
-- rep1 (seed=12346) --
  wrote 202 lines -> data_raw/hazel_sapphirerapids/phase1_v2/latency/miss/L1_to_L2/miss_latency_rep1_random_20260916T044149Z.csv (pattern=random seed=12346)
Wrote 1 summary rows to data_processed/hazel_sapphirerapids/phase1_v2/latency/miss/L1_to_L2/rep1_random_summary_20260916T044149Z.csv
  wrote 202 lines -> data_raw/hazel_sapphirerapids/phase1_v2/latency/miss/L1_to_L2/miss_latency_rep1_sequential_20260916T044149Z.csv (pattern=sequential seed=12346)
Wrote 1 summary rows to data_processed/hazel_sapphirerapids/phase1_v2/latency/miss/L1_to_L2/rep1_sequential_summary_20260916T044149Z.csv
-- rep2 (seed=12347) --
  wrote 202 lines -> data_raw/hazel_sapphirerapids/phase1_v2/latency/miss/L1_to_L2/miss_latency_rep2_random_20260916T044149Z.csv (pattern=random seed=12347)
Wrote 1 summary rows to data_processed/hazel_sapphirerapids/phase1_v2/latency/miss/L1_to_L2/rep2_random_summary_20260916T044149Z.csv
  wrote 202 lines -> data_raw/hazel_sapphirerapids/phase1_v2/latency/miss/L1_to_L2/miss_latency_rep2_sequential_20260916T044149Z.csv (pattern=sequential seed=12347)
Wrote 1 summary rows to data_processed/hazel_sapphirerapids/phase1_v2/latency/miss/L1_to_L2/rep2_sequential_summary_20260916T044149Z.csv
-- found source-level (L1) hit_latency data for penalty annotation: data_processed/hazel_sapphirerapids/phase1_v2/latency/hit/L1/base_dependent_random_summary_20260916T043817Z.csv data_processed/hazel_sapphirerapids/phase1_v2/latency/hit/L1/rep1_dependent_random_summary_20260916T043817Z.csv data_processed/hazel_sapphirerapids/phase1_v2/latency/hit/L1/rep2_dependent_random_summary_20260916T043817Z.csv --
-- generating plots for L1_to_L2 --
  note: pattern=sequential has 3 overlapping summary rows with medians [142.0, 194.0, 144.0] (spread 52.0 ticks, 32.5%) -- averaging, widening whiskers to the union
Wrote data_processed/hazel_sapphirerapids/phase1_v2/latency/miss/L1_to_L2/plots/miss_latency_boxplots.pdf and .png
-- compressing raw CSVs for L1_to_L2 --

== transition L2_to_LLC: target_bytes=2097152 evict_bytes=50331648 ==
-- base (seed=12345) --
  wrote 202 lines -> data_raw/hazel_sapphirerapids/phase1_v2/latency/miss/L2_to_LLC/miss_latency_base_random_20260916T044149Z.csv (pattern=random seed=12345)
Wrote 1 summary rows to data_processed/hazel_sapphirerapids/phase1_v2/latency/miss/L2_to_LLC/base_random_summary_20260916T044149Z.csv
  wrote 202 lines -> data_raw/hazel_sapphirerapids/phase1_v2/latency/miss/L2_to_LLC/miss_latency_base_sequential_20260916T044149Z.csv (pattern=sequential seed=12345)
Wrote 1 summary rows to data_processed/hazel_sapphirerapids/phase1_v2/latency/miss/L2_to_LLC/base_sequential_summary_20260916T044149Z.csv
-- rep1 (seed=12346) --
  wrote 202 lines -> data_raw/hazel_sapphirerapids/phase1_v2/latency/miss/L2_to_LLC/miss_latency_rep1_random_20260916T044149Z.csv (pattern=random seed=12346)
Wrote 1 summary rows to data_processed/hazel_sapphirerapids/phase1_v2/latency/miss/L2_to_LLC/rep1_random_summary_20260916T044149Z.csv
  wrote 202 lines -> data_raw/hazel_sapphirerapids/phase1_v2/latency/miss/L2_to_LLC/miss_latency_rep1_sequential_20260916T044149Z.csv (pattern=sequential seed=12346)
Wrote 1 summary rows to data_processed/hazel_sapphirerapids/phase1_v2/latency/miss/L2_to_LLC/rep1_sequential_summary_20260916T044149Z.csv
-- rep2 (seed=12347) --
  wrote 202 lines -> data_raw/hazel_sapphirerapids/phase1_v2/latency/miss/L2_to_LLC/miss_latency_rep2_random_20260916T044149Z.csv (pattern=random seed=12347)
Wrote 1 summary rows to data_processed/hazel_sapphirerapids/phase1_v2/latency/miss/L2_to_LLC/rep2_random_summary_20260916T044149Z.csv
  wrote 202 lines -> data_raw/hazel_sapphirerapids/phase1_v2/latency/miss/L2_to_LLC/miss_latency_rep2_sequential_20260916T044149Z.csv (pattern=sequential seed=12347)
Wrote 1 summary rows to data_processed/hazel_sapphirerapids/phase1_v2/latency/miss/L2_to_LLC/rep2_sequential_summary_20260916T044149Z.csv
-- found source-level (L2) hit_latency data for penalty annotation: data_processed/hazel_sapphirerapids/phase1_v2/latency/hit/L2/base_dependent_random_summary_20260916T043817Z.csv data_processed/hazel_sapphirerapids/phase1_v2/latency/hit/L2/rep1_dependent_random_summary_20260916T043817Z.csv data_processed/hazel_sapphirerapids/phase1_v2/latency/hit/L2/rep2_dependent_random_summary_20260916T043817Z.csv --
-- generating plots for L2_to_LLC --
Wrote data_processed/hazel_sapphirerapids/phase1_v2/latency/miss/L2_to_LLC/plots/miss_latency_boxplots.pdf and .png
-- compressing raw CSVs for L2_to_LLC --

== transition LLC_to_DRAM: target_bytes=50331648 evict_bytes=536870912 ==
-- base (seed=12345) --
  wrote 202 lines -> data_raw/hazel_sapphirerapids/phase1_v2/latency/miss/LLC_to_DRAM/miss_latency_base_random_20260916T044149Z.csv (pattern=random seed=12345)
Wrote 1 summary rows to data_processed/hazel_sapphirerapids/phase1_v2/latency/miss/LLC_to_DRAM/base_random_summary_20260916T044149Z.csv
  wrote 202 lines -> data_raw/hazel_sapphirerapids/phase1_v2/latency/miss/LLC_to_DRAM/miss_latency_base_sequential_20260916T044149Z.csv (pattern=sequential seed=12345)
Wrote 1 summary rows to data_processed/hazel_sapphirerapids/phase1_v2/latency/miss/LLC_to_DRAM/base_sequential_summary_20260916T044149Z.csv
-- rep1 (seed=12346) --
  wrote 202 lines -> data_raw/hazel_sapphirerapids/phase1_v2/latency/miss/LLC_to_DRAM/miss_latency_rep1_random_20260916T044149Z.csv (pattern=random seed=12346)
Wrote 1 summary rows to data_processed/hazel_sapphirerapids/phase1_v2/latency/miss/LLC_to_DRAM/rep1_random_summary_20260916T044149Z.csv
  wrote 202 lines -> data_raw/hazel_sapphirerapids/phase1_v2/latency/miss/LLC_to_DRAM/miss_latency_rep1_sequential_20260916T044149Z.csv (pattern=sequential seed=12346)
Wrote 1 summary rows to data_processed/hazel_sapphirerapids/phase1_v2/latency/miss/LLC_to_DRAM/rep1_sequential_summary_20260916T044149Z.csv
-- rep2 (seed=12347) --
  wrote 202 lines -> data_raw/hazel_sapphirerapids/phase1_v2/latency/miss/LLC_to_DRAM/miss_latency_rep2_random_20260916T044149Z.csv (pattern=random seed=12347)
Wrote 1 summary rows to data_processed/hazel_sapphirerapids/phase1_v2/latency/miss/LLC_to_DRAM/rep2_random_summary_20260916T044149Z.csv
  wrote 202 lines -> data_raw/hazel_sapphirerapids/phase1_v2/latency/miss/LLC_to_DRAM/miss_latency_rep2_sequential_20260916T044149Z.csv (pattern=sequential seed=12347)
Wrote 1 summary rows to data_processed/hazel_sapphirerapids/phase1_v2/latency/miss/LLC_to_DRAM/rep2_sequential_summary_20260916T044149Z.csv
-- found source-level (LLC) hit_latency data for penalty annotation: data_processed/hazel_sapphirerapids/phase1_v2/latency/hit/LLC/base_dependent_random_summary_20260916T043817Z.csv data_processed/hazel_sapphirerapids/phase1_v2/latency/hit/LLC/rep1_dependent_random_summary_20260916T043817Z.csv data_processed/hazel_sapphirerapids/phase1_v2/latency/hit/LLC/rep2_dependent_random_summary_20260916T043817Z.csv --
-- generating plots for LLC_to_DRAM --
  note: pattern=random has 3 overlapping summary rows with medians [699.0, 826.0, 874.0] (spread 175.0 ticks, 21.9%) -- averaging, widening whiskers to the union
  note: pattern=sequential has 3 overlapping summary rows with medians [548.0, 566.0, 404.0] (spread 162.0 ticks, 32.0%) -- averaging, widening whiskers to the union
Wrote data_processed/hazel_sapphirerapids/phase1_v2/latency/miss/LLC_to_DRAM/plots/miss_latency_boxplots.pdf and .png
-- compressing raw CSVs for LLC_to_DRAM --

== done ==
== L1_to_L2: target_bytes=65536 evict_bytes=2097152 ==
== L2_to_LLC: target_bytes=2097152 evict_bytes=50331648 ==
== LLC_to_DRAM: target_bytes=50331648 evict_bytes=536870912 ==
== record in data_raw/hazel_sapphirerapids/phase1_v2/README.md: core=40, base_seed=12345 (repeats use base_seed+index), trials=200, timestamp=20260916T044149Z ==
== full transcript saved to: data_raw/hazel_sapphirerapids/phase1_v2/latency/run_miss_latency_full_20260916T044149Z.log ==

=== Done ===

------------------------------------------------------------
Resource usage summary:

    Job ID            : 848774
    Job name          : hw1_misslat_relook
    User / Account    : krchen / ece592f26_cpu
    Partition / QOS   : compute_partners / short
    Submitted         : 2026-09-16T00:34:12
    Started           : 2026-09-16T00:41:48
    Wait time         : 456 sec
    Elapsed (wall)    : 01:19:13
    Nodes             : 1 (n0407)
    CPUs allocated    : 1
    Tasks             : 1
    CPU time (total)  : 4736.45 sec  (user 4734.19, sys 2.27)
    CPU efficiency    : 99.7%
    Memory in use     : 1.06 GB  (sampled at job end; see seff for peak)
    Memory requested  : 8G
    Working directory : /gpfs_common/share01/titan/krchen/Proj1-Cache-Reverse-Engineering
    Exit code         : 0:0

    For final accounting (Slurm's MaxRSS, billing, etc.):  seff 848774
------------------------------------------------------------
