=== Machine identification (Phase Discipline whitelist only) ===
n0407
Linux n0407 5.14.0-611.5.1.el9_7.x86_64 #1 SMP PREEMPT_DYNAMIC Fri Oct 17 14:16:35 EDT 2025 x86_64 x86_64 x86_64 GNU/Linux
model name	: Intel(R) Xeon(R) Platinum 8462Y+
Assigned logical CPU: 43, SLURM_JOB_ID=838199

=== Running scripts/run_miss_latency_full.sh (HAZEL_MODE=1) ===
== run_miss_latency_full: machine=hazel_sapphirerapids core=43 base_seed=12345 ==
== timestamp=20260915T022447Z ==

== transition L1_to_L2: target_bytes=49152 evict_bytes=2097152 ==
-- base (seed=12345) --
  wrote 202 lines -> data_raw/hazel_sapphirerapids/latency/miss/L1_to_L2/miss_latency_base_random_20260915T022447Z.csv (pattern=random seed=12345)
Wrote 1 summary rows to data_processed/hazel_sapphirerapids/latency/miss/L1_to_L2/base_random_summary_20260915T022447Z.csv
  wrote 202 lines -> data_raw/hazel_sapphirerapids/latency/miss/L1_to_L2/miss_latency_base_sequential_20260915T022447Z.csv (pattern=sequential seed=12345)
Wrote 1 summary rows to data_processed/hazel_sapphirerapids/latency/miss/L1_to_L2/base_sequential_summary_20260915T022447Z.csv
-- rep1 (seed=12346) --
  wrote 202 lines -> data_raw/hazel_sapphirerapids/latency/miss/L1_to_L2/miss_latency_rep1_random_20260915T022447Z.csv (pattern=random seed=12346)
Wrote 1 summary rows to data_processed/hazel_sapphirerapids/latency/miss/L1_to_L2/rep1_random_summary_20260915T022447Z.csv
  wrote 202 lines -> data_raw/hazel_sapphirerapids/latency/miss/L1_to_L2/miss_latency_rep1_sequential_20260915T022447Z.csv (pattern=sequential seed=12346)
Wrote 1 summary rows to data_processed/hazel_sapphirerapids/latency/miss/L1_to_L2/rep1_sequential_summary_20260915T022447Z.csv
-- rep2 (seed=12347) --
  wrote 202 lines -> data_raw/hazel_sapphirerapids/latency/miss/L1_to_L2/miss_latency_rep2_random_20260915T022447Z.csv (pattern=random seed=12347)
Wrote 1 summary rows to data_processed/hazel_sapphirerapids/latency/miss/L1_to_L2/rep2_random_summary_20260915T022447Z.csv
  wrote 202 lines -> data_raw/hazel_sapphirerapids/latency/miss/L1_to_L2/miss_latency_rep2_sequential_20260915T022447Z.csv (pattern=sequential seed=12347)
Wrote 1 summary rows to data_processed/hazel_sapphirerapids/latency/miss/L1_to_L2/rep2_sequential_summary_20260915T022447Z.csv
-- found source-level (L1) hit_latency data for penalty annotation: data_processed/hazel_sapphirerapids/latency/hit/L1/base_dependent_random_summary_20260915T022447Z.csv data_processed/hazel_sapphirerapids/latency/hit/L1/rep1_dependent_random_summary_20260915T022447Z.csv data_processed/hazel_sapphirerapids/latency/hit/L1/rep2_dependent_random_summary_20260915T022447Z.csv --
-- generating plots for L1_to_L2 --
  note: pattern=sequential has 3 overlapping summary rows with medians [92.0, 156.0, 92.0] (spread 64.0 ticks, 56.5%) -- averaging, widening whiskers to the union
Wrote data_processed/hazel_sapphirerapids/latency/miss/L1_to_L2/plots/miss_latency_boxplots.pdf and .png
-- compressing raw CSVs for L1_to_L2 --

== transition L2_to_LLC: target_bytes=2097152 evict_bytes=39903168 ==
-- base (seed=12345) --
  wrote 202 lines -> data_raw/hazel_sapphirerapids/latency/miss/L2_to_LLC/miss_latency_base_random_20260915T022447Z.csv (pattern=random seed=12345)
Wrote 1 summary rows to data_processed/hazel_sapphirerapids/latency/miss/L2_to_LLC/base_random_summary_20260915T022447Z.csv
  wrote 202 lines -> data_raw/hazel_sapphirerapids/latency/miss/L2_to_LLC/miss_latency_base_sequential_20260915T022447Z.csv (pattern=sequential seed=12345)
Wrote 1 summary rows to data_processed/hazel_sapphirerapids/latency/miss/L2_to_LLC/base_sequential_summary_20260915T022447Z.csv
-- rep1 (seed=12346) --
  wrote 202 lines -> data_raw/hazel_sapphirerapids/latency/miss/L2_to_LLC/miss_latency_rep1_random_20260915T022447Z.csv (pattern=random seed=12346)
Wrote 1 summary rows to data_processed/hazel_sapphirerapids/latency/miss/L2_to_LLC/rep1_random_summary_20260915T022447Z.csv
  wrote 202 lines -> data_raw/hazel_sapphirerapids/latency/miss/L2_to_LLC/miss_latency_rep1_sequential_20260915T022447Z.csv (pattern=sequential seed=12346)
Wrote 1 summary rows to data_processed/hazel_sapphirerapids/latency/miss/L2_to_LLC/rep1_sequential_summary_20260915T022447Z.csv
-- rep2 (seed=12347) --
  wrote 202 lines -> data_raw/hazel_sapphirerapids/latency/miss/L2_to_LLC/miss_latency_rep2_random_20260915T022447Z.csv (pattern=random seed=12347)
Wrote 1 summary rows to data_processed/hazel_sapphirerapids/latency/miss/L2_to_LLC/rep2_random_summary_20260915T022447Z.csv
  wrote 202 lines -> data_raw/hazel_sapphirerapids/latency/miss/L2_to_LLC/miss_latency_rep2_sequential_20260915T022447Z.csv (pattern=sequential seed=12347)
Wrote 1 summary rows to data_processed/hazel_sapphirerapids/latency/miss/L2_to_LLC/rep2_sequential_summary_20260915T022447Z.csv
-- found source-level (L2) hit_latency data for penalty annotation: data_processed/hazel_sapphirerapids/latency/hit/L2/base_dependent_random_summary_20260915T022447Z.csv data_processed/hazel_sapphirerapids/latency/hit/L2/rep1_dependent_random_summary_20260915T022447Z.csv data_processed/hazel_sapphirerapids/latency/hit/L2/rep2_dependent_random_summary_20260915T022447Z.csv --
-- generating plots for L2_to_LLC --
Wrote data_processed/hazel_sapphirerapids/latency/miss/L2_to_LLC/plots/miss_latency_boxplots.pdf and .png
-- compressing raw CSVs for L2_to_LLC --

== transition LLC_to_DRAM: target_bytes=39903168 evict_bytes=536870912 ==
-- base (seed=12345) --
  wrote 202 lines -> data_raw/hazel_sapphirerapids/latency/miss/LLC_to_DRAM/miss_latency_base_random_20260915T022447Z.csv (pattern=random seed=12345)
Wrote 1 summary rows to data_processed/hazel_sapphirerapids/latency/miss/LLC_to_DRAM/base_random_summary_20260915T022447Z.csv
  wrote 202 lines -> data_raw/hazel_sapphirerapids/latency/miss/LLC_to_DRAM/miss_latency_base_sequential_20260915T022447Z.csv (pattern=sequential seed=12345)
Wrote 1 summary rows to data_processed/hazel_sapphirerapids/latency/miss/LLC_to_DRAM/base_sequential_summary_20260915T022447Z.csv
-- rep1 (seed=12346) --
  wrote 202 lines -> data_raw/hazel_sapphirerapids/latency/miss/LLC_to_DRAM/miss_latency_rep1_random_20260915T022447Z.csv (pattern=random seed=12346)
Wrote 1 summary rows to data_processed/hazel_sapphirerapids/latency/miss/LLC_to_DRAM/rep1_random_summary_20260915T022447Z.csv
  wrote 202 lines -> data_raw/hazel_sapphirerapids/latency/miss/LLC_to_DRAM/miss_latency_rep1_sequential_20260915T022447Z.csv (pattern=sequential seed=12346)
Wrote 1 summary rows to data_processed/hazel_sapphirerapids/latency/miss/LLC_to_DRAM/rep1_sequential_summary_20260915T022447Z.csv
-- rep2 (seed=12347) --
  wrote 202 lines -> data_raw/hazel_sapphirerapids/latency/miss/LLC_to_DRAM/miss_latency_rep2_random_20260915T022447Z.csv (pattern=random seed=12347)
Wrote 1 summary rows to data_processed/hazel_sapphirerapids/latency/miss/LLC_to_DRAM/rep2_random_summary_20260915T022447Z.csv
  wrote 202 lines -> data_raw/hazel_sapphirerapids/latency/miss/LLC_to_DRAM/miss_latency_rep2_sequential_20260915T022447Z.csv (pattern=sequential seed=12347)
Wrote 1 summary rows to data_processed/hazel_sapphirerapids/latency/miss/LLC_to_DRAM/rep2_sequential_summary_20260915T022447Z.csv
-- found source-level (LLC) hit_latency data for penalty annotation: data_processed/hazel_sapphirerapids/latency/hit/LLC/base_dependent_random_summary_20260915T022447Z.csv data_processed/hazel_sapphirerapids/latency/hit/LLC/rep1_dependent_random_summary_20260915T022447Z.csv data_processed/hazel_sapphirerapids/latency/hit/LLC/rep2_dependent_random_summary_20260915T022447Z.csv --
-- generating plots for LLC_to_DRAM --
  note: pattern=random has 3 overlapping summary rows with medians [825.0, 558.0, 615.0] (spread 267.0 ticks, 40.1%) -- averaging, widening whiskers to the union
  note: pattern=sequential has 3 overlapping summary rows with medians [449.0, 340.0, 566.0] (spread 226.0 ticks, 50.0%) -- averaging, widening whiskers to the union
Wrote data_processed/hazel_sapphirerapids/latency/miss/LLC_to_DRAM/plots/miss_latency_boxplots.pdf and .png
-- compressing raw CSVs for LLC_to_DRAM --

== done ==
== L1_to_L2: target_bytes=49152 evict_bytes=2097152 ==
== L2_to_LLC: target_bytes=2097152 evict_bytes=39903168 ==
== LLC_to_DRAM: target_bytes=39903168 evict_bytes=536870912 ==
== record in data_raw/hazel_sapphirerapids/README.md: core=43, base_seed=12345 (repeats use base_seed+index), trials=200, timestamp=20260915T022447Z ==
== full transcript saved to: data_raw/hazel_sapphirerapids/latency/run_miss_latency_full_20260915T022447Z.log ==

=== Done ===

------------------------------------------------------------
Resource usage summary:

    Job ID            : 838199
    Job name          : hw1_miss_latency
    User / Account    : krchen / ece592f26_cpu
    Partition / QOS   : compute_partners / short
    Submitted         : 2026-09-14T22:24:17
    Started           : 2026-09-14T22:24:46
    Wait time         : 29 sec
    Elapsed (wall)    : 01:16:20
    Nodes             : 1 (n0407)
    CPUs allocated    : 1
    Tasks             : 1
    CPU time (total)  : 4560.02 sec  (user 4558.20, sys 1.83)
    CPU efficiency    : 99.6%
    Memory in use     : 1.05 GB  (sampled at job end; see seff for peak)
    Memory requested  : 8G
    Working directory : /gpfs_common/share01/titan/krchen/Proj1-Cache-Reverse-Engineering
    Exit code         : 0:0

    For final accounting (Slurm's MaxRSS, billing, etc.):  seff 838199
------------------------------------------------------------
