=== Machine identification (Phase Discipline whitelist only) ===
n0407
Linux n0407 5.14.0-611.5.1.el9_7.x86_64 #1 SMP PREEMPT_DYNAMIC Fri Oct 17 14:16:35 EDT 2025 x86_64 x86_64 x86_64 GNU/Linux
model name	: Intel(R) Xeon(R) Platinum 8462Y+
Assigned logical CPU: 41, SLURM_JOB_ID=838197

=== Running scripts/run_associativity_full.sh (HAZEL_MODE=1) ===
== run_associativity_full: machine=hazel_sapphirerapids core=41 base_seed=12345 max_ways=40 ==
== timestamp=20260915T022447Z ==
-- using explicit cache_bytes override: 49152 2097152 39903168 --

== level L1: cache_bytes=49152 ==
-- base sweep num_ways=2-40 --
  wrote 39002 lines -> data_raw/hazel_sapphirerapids/associativity/L1/associativity_base_random_20260915T022447Z.csv (seed=12345)
  wrote 39002 lines -> data_raw/hazel_sapphirerapids/associativity/L1/associativity_base_sequential_20260915T022447Z.csv (seed=12345)
Wrote 39 summary rows to data_processed/hazel_sapphirerapids/associativity/L1/base_random_summary_20260915T022447Z.csv
Wrote 39 summary rows to data_processed/hazel_sapphirerapids/associativity/L1/base_sequential_summary_20260915T022447Z.csv
-- detected associativity estimate: 12 --
  -- repeat 1/2 (seed=12346) --
  wrote 39002 lines -> data_raw/hazel_sapphirerapids/associativity/L1/associativity_rep1_random_20260915T022447Z.csv (seed=12346)
  wrote 39002 lines -> data_raw/hazel_sapphirerapids/associativity/L1/associativity_rep1_sequential_20260915T022447Z.csv (seed=12346)
Wrote 39 summary rows to data_processed/hazel_sapphirerapids/associativity/L1/rep1_random_summary_20260915T022447Z.csv
Wrote 39 summary rows to data_processed/hazel_sapphirerapids/associativity/L1/rep1_sequential_summary_20260915T022447Z.csv
     repeat 1 detected estimate: 12
  -- repeat 2/2 (seed=12347) --
  wrote 39002 lines -> data_raw/hazel_sapphirerapids/associativity/L1/associativity_rep2_random_20260915T022447Z.csv (seed=12347)
  wrote 39002 lines -> data_raw/hazel_sapphirerapids/associativity/L1/associativity_rep2_sequential_20260915T022447Z.csv (seed=12347)
Wrote 39 summary rows to data_processed/hazel_sapphirerapids/associativity/L1/rep2_random_summary_20260915T022447Z.csv
Wrote 39 summary rows to data_processed/hazel_sapphirerapids/associativity/L1/rep2_sequential_summary_20260915T022447Z.csv
     repeat 2 detected estimate: 12
-- generating plots for L1 --
  note: num_ways=2 (random) has 3 overlapping summary rows with medians [18.1, 19.3, 26.7] (spread 8.5 ticks, 39.8%) -- averaging, widening whiskers to the union
  note: num_ways=3 (random) has 3 overlapping summary rows with medians [11.7, 19.1, 20.8] (spread 9.2 ticks, 53.4%) -- averaging, widening whiskers to the union
  note: num_ways=4 (random) has 3 overlapping summary rows with medians [13.4, 8.2, 8.1] (spread 5.2 ticks, 52.8%) -- averaging, widening whiskers to the union
  note: num_ways=10 (random) has 3 overlapping summary rows with medians [9.6, 6.4, 9.5] (spread 3.1 ticks, 36.8%) -- averaging, widening whiskers to the union
  note: num_ways=3 (sequential) has 3 overlapping summary rows with medians [19.4, 18.0, 11.3] (spread 8.0 ticks, 49.4%) -- averaging, widening whiskers to the union
  note: num_ways=6 (sequential) has 3 overlapping summary rows with medians [6.8, 5.5, 9.6] (spread 4.1 ticks, 56.5%) -- averaging, widening whiskers to the union
  note: num_ways=7 (sequential) has 3 overlapping summary rows with medians [6.0, 9.5, 9.5] (spread 3.6 ticks, 42.5%) -- averaging, widening whiskers to the union
  note: num_ways=8 (sequential) has 3 overlapping summary rows with medians [5.9, 6.2, 9.7] (spread 3.8 ticks, 52.7%) -- averaging, widening whiskers to the union
  note: num_ways=9 (sequential) has 3 overlapping summary rows with medians [9.6, 6.2, 9.5] (spread 3.3 ticks, 39.5%) -- averaging, widening whiskers to the union
  note: num_ways=11 (sequential) has 3 overlapping summary rows with medians [6.2, 6.9, 8.3] (spread 2.1 ticks, 29.6%) -- averaging, widening whiskers to the union
Wrote data_processed/hazel_sapphirerapids/associativity/L1/plots/associativity_curve.pdf and .png
Wrote data_processed/hazel_sapphirerapids/associativity/L1/plots/associativity_boxplots.pdf and .png
-- compressing raw CSVs for L1 --

== level L2: cache_bytes=2097152 ==
-- base sweep num_ways=2-40 --
  wrote 39002 lines -> data_raw/hazel_sapphirerapids/associativity/L2/associativity_base_random_20260915T022447Z.csv (seed=12345)
  wrote 39002 lines -> data_raw/hazel_sapphirerapids/associativity/L2/associativity_base_sequential_20260915T022447Z.csv (seed=12345)
Wrote 39 summary rows to data_processed/hazel_sapphirerapids/associativity/L2/base_random_summary_20260915T022447Z.csv
Wrote 39 summary rows to data_processed/hazel_sapphirerapids/associativity/L2/base_sequential_summary_20260915T022447Z.csv
-- detected associativity estimate: 12 --
  -- repeat 1/2 (seed=12346) --
  wrote 39002 lines -> data_raw/hazel_sapphirerapids/associativity/L2/associativity_rep1_random_20260915T022447Z.csv (seed=12346)
  wrote 39002 lines -> data_raw/hazel_sapphirerapids/associativity/L2/associativity_rep1_sequential_20260915T022447Z.csv (seed=12346)
Wrote 39 summary rows to data_processed/hazel_sapphirerapids/associativity/L2/rep1_random_summary_20260915T022447Z.csv
Wrote 39 summary rows to data_processed/hazel_sapphirerapids/associativity/L2/rep1_sequential_summary_20260915T022447Z.csv
     repeat 1 detected estimate: 12
  -- repeat 2/2 (seed=12347) --
  wrote 39002 lines -> data_raw/hazel_sapphirerapids/associativity/L2/associativity_rep2_random_20260915T022447Z.csv (seed=12347)
  wrote 39002 lines -> data_raw/hazel_sapphirerapids/associativity/L2/associativity_rep2_sequential_20260915T022447Z.csv (seed=12347)
Wrote 39 summary rows to data_processed/hazel_sapphirerapids/associativity/L2/rep2_random_summary_20260915T022447Z.csv
Wrote 39 summary rows to data_processed/hazel_sapphirerapids/associativity/L2/rep2_sequential_summary_20260915T022447Z.csv
     repeat 2 detected estimate: 11
WARNING: repeat(s) disagree with the base estimate (base=12,
         repeats=12 11) -- do NOT treat this level's
         associativity as resolved; investigate before citing a number.
-- generating plots for L2 --
  note: num_ways=2 (random) has 3 overlapping summary rows with medians [24.3, 14.2, 19.6] (spread 10.0 ticks, 51.9%) -- averaging, widening whiskers to the union
  note: num_ways=3 (random) has 3 overlapping summary rows with medians [12.7, 17.9, 20.7] (spread 8.0 ticks, 47.0%) -- averaging, widening whiskers to the union
  note: num_ways=4 (random) has 3 overlapping summary rows with medians [9.6, 13.0, 14.1] (spread 4.5 ticks, 36.5%) -- averaging, widening whiskers to the union
  note: num_ways=7 (random) has 3 overlapping summary rows with medians [9.7, 9.5, 5.1] (spread 4.6 ticks, 57.1%) -- averaging, widening whiskers to the union
  note: num_ways=9 (random) has 3 overlapping summary rows with medians [9.6, 9.5, 5.1] (spread 4.5 ticks, 55.9%) -- averaging, widening whiskers to the union
  note: num_ways=11 (random) has 3 overlapping summary rows with medians [9.5, 9.6, 5.6] (spread 4.1 ticks, 49.3%) -- averaging, widening whiskers to the union
  note: num_ways=3 (sequential) has 3 overlapping summary rows with medians [15.8, 12.4, 14.7] (spread 3.4 ticks, 23.9%) -- averaging, widening whiskers to the union
  note: num_ways=4 (sequential) has 3 overlapping summary rows with medians [10.7, 14.2, 10.3] (spread 3.9 ticks, 33.1%) -- averaging, widening whiskers to the union
  note: num_ways=8 (sequential) has 3 overlapping summary rows with medians [5.1, 9.6, 9.6] (spread 4.5 ticks, 55.7%) -- averaging, widening whiskers to the union
  note: num_ways=9 (sequential) has 3 overlapping summary rows with medians [9.5, 9.5, 6.4] (spread 3.2 ticks, 37.2%) -- averaging, widening whiskers to the union
  note: num_ways=10 (sequential) has 3 overlapping summary rows with medians [9.5, 5.1, 9.5] (spread 4.4 ticks, 55.1%) -- averaging, widening whiskers to the union
  note: num_ways=18 (sequential) has 3 overlapping summary rows with medians [40.8, 29.4, 41.0] (spread 11.6 ticks, 31.2%) -- averaging, widening whiskers to the union
Wrote data_processed/hazel_sapphirerapids/associativity/L2/plots/associativity_curve.pdf and .png
Wrote data_processed/hazel_sapphirerapids/associativity/L2/plots/associativity_boxplots.pdf and .png
-- compressing raw CSVs for L2 --

== level L3_LLC: cache_bytes=39903168 ==
-- base sweep num_ways=2-40 --
Invalid associativity parameter values (--cache-bytes must be a multiple of 4096)
srun: error: n0407: task 0: Exited with exit code 1

------------------------------------------------------------
Resource usage summary:

    Job ID            : 838197
    Job name          : hw1_associativity
    User / Account    : krchen / ece592f26_cpu
    Partition / QOS   : compute_partners / short
    Submitted         : 2026-09-14T22:24:17
    Started           : 2026-09-14T22:24:46
    Wait time         : 29 sec
    Elapsed (wall)    : 00:00:26
    Nodes             : 1 (n0407)
    CPUs allocated    : 1
    Tasks             : 1
    CPU time (total)  : 15.06 sec  (user 11.72, sys 3.35)
    CPU efficiency    : 57.9%
    Memory in use     : 88.99 MB  (sampled at job end; see seff for peak)
    Memory requested  : 8G
    Working directory : /gpfs_common/share01/titan/krchen/Proj1-Cache-Reverse-Engineering
    Exit code         : 0:0

    For final accounting (Slurm's MaxRSS, billing, etc.):  seff 838197
------------------------------------------------------------
