== run_associativity_full: machine=hazel_icelake_6326/phase1_v2 core=31 base_seed=12345 max_ways=40 ==
== timestamp=20260916T043847Z ==
-- using explicit cache_bytes override: 65536 1310720 25874432 --

== level L1: cache_bytes=65536 ==
-- base sweep num_ways=2-40 --
  wrote 39002 lines -> data_raw/hazel_icelake_6326/phase1_v2/associativity/L1/associativity_base_random_20260916T043847Z.csv (seed=12345)
  wrote 39002 lines -> data_raw/hazel_icelake_6326/phase1_v2/associativity/L1/associativity_base_sequential_20260916T043847Z.csv (seed=12345)
Wrote 39 summary rows to data_processed/hazel_icelake_6326/phase1_v2/associativity/L1/base_random_summary_20260916T043847Z.csv
Wrote 39 summary rows to data_processed/hazel_icelake_6326/phase1_v2/associativity/L1/base_sequential_summary_20260916T043847Z.csv
-- detected associativity estimate: 12 --
  -- repeat 1/2 (seed=12346) --
  wrote 39002 lines -> data_raw/hazel_icelake_6326/phase1_v2/associativity/L1/associativity_rep1_random_20260916T043847Z.csv (seed=12346)
  wrote 39002 lines -> data_raw/hazel_icelake_6326/phase1_v2/associativity/L1/associativity_rep1_sequential_20260916T043847Z.csv (seed=12346)
Wrote 39 summary rows to data_processed/hazel_icelake_6326/phase1_v2/associativity/L1/rep1_random_summary_20260916T043847Z.csv
Wrote 39 summary rows to data_processed/hazel_icelake_6326/phase1_v2/associativity/L1/rep1_sequential_summary_20260916T043847Z.csv
     repeat 1 detected estimate: 8
  -- repeat 2/2 (seed=12347) --
  wrote 39002 lines -> data_raw/hazel_icelake_6326/phase1_v2/associativity/L1/associativity_rep2_random_20260916T043847Z.csv (seed=12347)
  wrote 39002 lines -> data_raw/hazel_icelake_6326/phase1_v2/associativity/L1/associativity_rep2_sequential_20260916T043847Z.csv (seed=12347)
Wrote 39 summary rows to data_processed/hazel_icelake_6326/phase1_v2/associativity/L1/rep2_random_summary_20260916T043847Z.csv
Wrote 39 summary rows to data_processed/hazel_icelake_6326/phase1_v2/associativity/L1/rep2_sequential_summary_20260916T043847Z.csv
     repeat 2 detected estimate: 4
WARNING: repeat(s) disagree with the base estimate (base=12,
         repeats=8 4) -- do NOT treat this level's
         associativity as resolved; investigate before citing a number.
-- generating plots for L1 --
  note: num_ways=2 (random) has 3 overlapping summary rows with medians [32.1, 24.0, 15.2] (spread 16.9 ticks, 71.1%) -- averaging, widening whiskers to the union
  note: num_ways=3 (random) has 3 overlapping summary rows with medians [16.5, 18.5, 11.9] (spread 6.6 ticks, 42.0%) -- averaging, widening whiskers to the union
  note: num_ways=4 (random) has 3 overlapping summary rows with medians [9.6, 12.3, 8.9] (spread 3.4 ticks, 33.2%) -- averaging, widening whiskers to the union
  note: num_ways=9 (random) has 3 overlapping summary rows with medians [14.6, 28.0, 14.6] (spread 13.4 ticks, 70.1%) -- averaging, widening whiskers to the union
  note: num_ways=10 (random) has 3 overlapping summary rows with medians [14.6, 28.0, 15.7] (spread 13.4 ticks, 68.8%) -- averaging, widening whiskers to the union
  note: num_ways=11 (random) has 3 overlapping summary rows with medians [14.6, 28.0, 14.6] (spread 13.4 ticks, 70.1%) -- averaging, widening whiskers to the union
  note: num_ways=12 (random) has 3 overlapping summary rows with medians [14.6, 28.0, 14.6] (spread 13.4 ticks, 70.1%) -- averaging, widening whiskers to the union
  note: num_ways=15 (random) has 3 overlapping summary rows with medians [23.0, 28.0, 22.1] (spread 5.9 ticks, 24.0%) -- averaging, widening whiskers to the union
  note: num_ways=22 (random) has 3 overlapping summary rows with medians [23.0, 28.0, 22.1] (spread 5.9 ticks, 24.1%) -- averaging, widening whiskers to the union
  note: num_ways=25 (random) has 3 overlapping summary rows with medians [23.0, 28.0, 22.1] (spread 5.9 ticks, 24.0%) -- averaging, widening whiskers to the union
  note: num_ways=27 (random) has 3 overlapping summary rows with medians [23.0, 28.0, 22.1] (spread 5.9 ticks, 24.1%) -- averaging, widening whiskers to the union
  note: num_ways=31 (random) has 3 overlapping summary rows with medians [23.0, 28.0, 22.1] (spread 5.9 ticks, 24.1%) -- averaging, widening whiskers to the union
Wrote data_processed/hazel_icelake_6326/phase1_v2/associativity/L1/plots/associativity_curve.pdf and .png
Wrote data_processed/hazel_icelake_6326/phase1_v2/associativity/L1/plots/associativity_boxplots.pdf and .png
-- compressing raw CSVs for L1 --

== level L2: cache_bytes=1310720 ==
-- base sweep num_ways=2-40 --
  wrote 39002 lines -> data_raw/hazel_icelake_6326/phase1_v2/associativity/L2/associativity_base_random_20260916T043847Z.csv (seed=12345)
  wrote 39002 lines -> data_raw/hazel_icelake_6326/phase1_v2/associativity/L2/associativity_base_sequential_20260916T043847Z.csv (seed=12345)
Wrote 39 summary rows to data_processed/hazel_icelake_6326/phase1_v2/associativity/L2/base_random_summary_20260916T043847Z.csv
Wrote 39 summary rows to data_processed/hazel_icelake_6326/phase1_v2/associativity/L2/base_sequential_summary_20260916T043847Z.csv
-- detected associativity estimate: 12 --
  -- repeat 1/2 (seed=12346) --
  wrote 39002 lines -> data_raw/hazel_icelake_6326/phase1_v2/associativity/L2/associativity_rep1_random_20260916T043847Z.csv (seed=12346)
  wrote 39002 lines -> data_raw/hazel_icelake_6326/phase1_v2/associativity/L2/associativity_rep1_sequential_20260916T043847Z.csv (seed=12346)
Wrote 39 summary rows to data_processed/hazel_icelake_6326/phase1_v2/associativity/L2/rep1_random_summary_20260916T043847Z.csv
Wrote 39 summary rows to data_processed/hazel_icelake_6326/phase1_v2/associativity/L2/rep1_sequential_summary_20260916T043847Z.csv
     repeat 1 detected estimate: 12
  -- repeat 2/2 (seed=12347) --
  wrote 39002 lines -> data_raw/hazel_icelake_6326/phase1_v2/associativity/L2/associativity_rep2_random_20260916T043847Z.csv (seed=12347)
  wrote 39002 lines -> data_raw/hazel_icelake_6326/phase1_v2/associativity/L2/associativity_rep2_sequential_20260916T043847Z.csv (seed=12347)
Wrote 39 summary rows to data_processed/hazel_icelake_6326/phase1_v2/associativity/L2/rep2_random_summary_20260916T043847Z.csv
Wrote 39 summary rows to data_processed/hazel_icelake_6326/phase1_v2/associativity/L2/rep2_sequential_summary_20260916T043847Z.csv
     repeat 2 detected estimate: 12
-- generating plots for L2 --
  note: num_ways=3 (random) has 3 overlapping summary rows with medians [17.1, 18.4, 14.3] (spread 4.1 ticks, 24.7%) -- averaging, widening whiskers to the union
  note: num_ways=4 (random) has 3 overlapping summary rows with medians [12.3, 12.0, 9.9] (spread 2.4 ticks, 20.7%) -- averaging, widening whiskers to the union
  note: num_ways=4 (sequential) has 3 overlapping summary rows with medians [9.9, 10.3, 12.3] (spread 2.4 ticks, 21.8%) -- averaging, widening whiskers to the union
Wrote data_processed/hazel_icelake_6326/phase1_v2/associativity/L2/plots/associativity_curve.pdf and .png
Wrote data_processed/hazel_icelake_6326/phase1_v2/associativity/L2/plots/associativity_boxplots.pdf and .png
-- compressing raw CSVs for L2 --

== level L3_LLC: cache_bytes=25874432 ==
-- base sweep num_ways=2-40 --
  wrote 39002 lines -> data_raw/hazel_icelake_6326/phase1_v2/associativity/L3_LLC/associativity_base_random_20260916T043847Z.csv (seed=12345)
  wrote 39002 lines -> data_raw/hazel_icelake_6326/phase1_v2/associativity/L3_LLC/associativity_base_sequential_20260916T043847Z.csv (seed=12345)
Wrote 39 summary rows to data_processed/hazel_icelake_6326/phase1_v2/associativity/L3_LLC/base_random_summary_20260916T043847Z.csv
Wrote 39 summary rows to data_processed/hazel_icelake_6326/phase1_v2/associativity/L3_LLC/base_sequential_summary_20260916T043847Z.csv
-- detected associativity estimate: 12 --
  -- repeat 1/2 (seed=12346) --
  wrote 39002 lines -> data_raw/hazel_icelake_6326/phase1_v2/associativity/L3_LLC/associativity_rep1_random_20260916T043847Z.csv (seed=12346)
  wrote 39002 lines -> data_raw/hazel_icelake_6326/phase1_v2/associativity/L3_LLC/associativity_rep1_sequential_20260916T043847Z.csv (seed=12346)
Wrote 39 summary rows to data_processed/hazel_icelake_6326/phase1_v2/associativity/L3_LLC/rep1_random_summary_20260916T043847Z.csv
Wrote 39 summary rows to data_processed/hazel_icelake_6326/phase1_v2/associativity/L3_LLC/rep1_sequential_summary_20260916T043847Z.csv
     repeat 1 detected estimate: 12
  -- repeat 2/2 (seed=12347) --
  wrote 39002 lines -> data_raw/hazel_icelake_6326/phase1_v2/associativity/L3_LLC/associativity_rep2_random_20260916T043847Z.csv (seed=12347)
  wrote 39002 lines -> data_raw/hazel_icelake_6326/phase1_v2/associativity/L3_LLC/associativity_rep2_sequential_20260916T043847Z.csv (seed=12347)
Wrote 39 summary rows to data_processed/hazel_icelake_6326/phase1_v2/associativity/L3_LLC/rep2_random_summary_20260916T043847Z.csv
Wrote 39 summary rows to data_processed/hazel_icelake_6326/phase1_v2/associativity/L3_LLC/rep2_sequential_summary_20260916T043847Z.csv
     repeat 2 detected estimate: 12
-- generating plots for L3_LLC --
  note: num_ways=2 (random) has 3 overlapping summary rows with medians [21.5, 17.2, 20.0] (spread 4.3 ticks, 22.0%) -- averaging, widening whiskers to the union
  note: num_ways=3 (random) has 3 overlapping summary rows with medians [14.1, 16.1, 12.9] (spread 3.2 ticks, 22.4%) -- averaging, widening whiskers to the union
  note: num_ways=2 (sequential) has 3 overlapping summary rows with medians [25.9, 17.2, 25.8] (spread 8.7 ticks, 38.0%) -- averaging, widening whiskers to the union
  note: num_ways=3 (sequential) has 3 overlapping summary rows with medians [17.1, 12.9, 13.2] (spread 4.2 ticks, 29.3%) -- averaging, widening whiskers to the union
  note: num_ways=4 (sequential) has 3 overlapping summary rows with medians [12.0, 8.9, 10.3] (spread 3.1 ticks, 29.7%) -- averaging, widening whiskers to the union
Wrote data_processed/hazel_icelake_6326/phase1_v2/associativity/L3_LLC/plots/associativity_curve.pdf and .png
Wrote data_processed/hazel_icelake_6326/phase1_v2/associativity/L3_LLC/plots/associativity_boxplots.pdf and .png
-- compressing raw CSVs for L3_LLC --

== done ==
== L1: cache_bytes=65536 -> associativity=12 (repeats: 8 4) ==
== L2: cache_bytes=1310720 -> associativity=12 (repeats: 12 12) ==
== L3_LLC: cache_bytes=25874432 -> associativity=12 (repeats: 12 12) ==
== record in data_raw/hazel_icelake_6326/phase1_v2/README.md: core=31, base_seed=12345 (repeats use base_seed+index), samples=1000000, max_ways=40, timestamp=20260916T043847Z ==
== full transcript saved to: data_raw/hazel_icelake_6326/phase1_v2/associativity/run_associativity_full_20260916T043847Z.log ==
