== run_hit_latency_full: machine=charnwood core=3 base_seed=12345 ==
== timestamp=20260913T061109Z ==

== level L1: footprint_bytes=32768 ==
-- base (seed=12345) --
  wrote 1002 lines -> data_raw/charnwood/latency/hit/L1/hit_latency_base_dependent_random_20260913T061109Z.csv (mode=dependent pattern=random seed=12345)
Wrote 1 summary rows to data_processed/charnwood/latency/hit/L1/base_dependent_random_summary_20260913T061109Z.csv
  wrote 1002 lines -> data_raw/charnwood/latency/hit/L1/hit_latency_base_dependent_sequential_20260913T061109Z.csv (mode=dependent pattern=sequential seed=12345)
Wrote 1 summary rows to data_processed/charnwood/latency/hit/L1/base_dependent_sequential_summary_20260913T061109Z.csv
  wrote 1002 lines -> data_raw/charnwood/latency/hit/L1/hit_latency_base_independent_random_20260913T061109Z.csv (mode=independent pattern=random seed=12345)
Wrote 1 summary rows to data_processed/charnwood/latency/hit/L1/base_independent_random_summary_20260913T061109Z.csv
  wrote 1002 lines -> data_raw/charnwood/latency/hit/L1/hit_latency_base_independent_sequential_20260913T061109Z.csv (mode=independent pattern=sequential seed=12345)
Wrote 1 summary rows to data_processed/charnwood/latency/hit/L1/base_independent_sequential_summary_20260913T061109Z.csv
-- rep1 (seed=12346) --
  wrote 1002 lines -> data_raw/charnwood/latency/hit/L1/hit_latency_rep1_dependent_random_20260913T061109Z.csv (mode=dependent pattern=random seed=12346)
Wrote 1 summary rows to data_processed/charnwood/latency/hit/L1/rep1_dependent_random_summary_20260913T061109Z.csv
  wrote 1002 lines -> data_raw/charnwood/latency/hit/L1/hit_latency_rep1_dependent_sequential_20260913T061109Z.csv (mode=dependent pattern=sequential seed=12346)
Wrote 1 summary rows to data_processed/charnwood/latency/hit/L1/rep1_dependent_sequential_summary_20260913T061109Z.csv
  wrote 1002 lines -> data_raw/charnwood/latency/hit/L1/hit_latency_rep1_independent_random_20260913T061109Z.csv (mode=independent pattern=random seed=12346)
Wrote 1 summary rows to data_processed/charnwood/latency/hit/L1/rep1_independent_random_summary_20260913T061109Z.csv
  wrote 1002 lines -> data_raw/charnwood/latency/hit/L1/hit_latency_rep1_independent_sequential_20260913T061109Z.csv (mode=independent pattern=sequential seed=12346)
Wrote 1 summary rows to data_processed/charnwood/latency/hit/L1/rep1_independent_sequential_summary_20260913T061109Z.csv
-- rep2 (seed=12347) --
  wrote 1002 lines -> data_raw/charnwood/latency/hit/L1/hit_latency_rep2_dependent_random_20260913T061109Z.csv (mode=dependent pattern=random seed=12347)
Wrote 1 summary rows to data_processed/charnwood/latency/hit/L1/rep2_dependent_random_summary_20260913T061109Z.csv
  wrote 1002 lines -> data_raw/charnwood/latency/hit/L1/hit_latency_rep2_dependent_sequential_20260913T061109Z.csv (mode=dependent pattern=sequential seed=12347)
Wrote 1 summary rows to data_processed/charnwood/latency/hit/L1/rep2_dependent_sequential_summary_20260913T061109Z.csv
  wrote 1002 lines -> data_raw/charnwood/latency/hit/L1/hit_latency_rep2_independent_random_20260913T061109Z.csv (mode=independent pattern=random seed=12347)
Wrote 1 summary rows to data_processed/charnwood/latency/hit/L1/rep2_independent_random_summary_20260913T061109Z.csv
  wrote 1002 lines -> data_raw/charnwood/latency/hit/L1/hit_latency_rep2_independent_sequential_20260913T061109Z.csv (mode=independent pattern=sequential seed=12347)
Wrote 1 summary rows to data_processed/charnwood/latency/hit/L1/rep2_independent_sequential_summary_20260913T061109Z.csv
-- generating plots for L1 --
random: independent < dependent (7.54 vs 8.51 ticks) [expected]
sequential: independent < dependent (7.44 vs 7.89 ticks) [expected]
Wrote data_processed/charnwood/latency/hit/L1/plots/hit_latency_boxplots.pdf and .png
-- compressing raw CSVs for L1 --

== level L2: footprint_bytes=262144 ==
-- base (seed=12345) --
  wrote 1002 lines -> data_raw/charnwood/latency/hit/L2/hit_latency_base_dependent_random_20260913T061109Z.csv (mode=dependent pattern=random seed=12345)
Wrote 1 summary rows to data_processed/charnwood/latency/hit/L2/base_dependent_random_summary_20260913T061109Z.csv
  wrote 1002 lines -> data_raw/charnwood/latency/hit/L2/hit_latency_base_dependent_sequential_20260913T061109Z.csv (mode=dependent pattern=sequential seed=12345)
Wrote 1 summary rows to data_processed/charnwood/latency/hit/L2/base_dependent_sequential_summary_20260913T061109Z.csv
  wrote 1002 lines -> data_raw/charnwood/latency/hit/L2/hit_latency_base_independent_random_20260913T061109Z.csv (mode=independent pattern=random seed=12345)
Wrote 1 summary rows to data_processed/charnwood/latency/hit/L2/base_independent_random_summary_20260913T061109Z.csv
  wrote 1002 lines -> data_raw/charnwood/latency/hit/L2/hit_latency_base_independent_sequential_20260913T061109Z.csv (mode=independent pattern=sequential seed=12345)
Wrote 1 summary rows to data_processed/charnwood/latency/hit/L2/base_independent_sequential_summary_20260913T061109Z.csv
-- rep1 (seed=12346) --
  wrote 1002 lines -> data_raw/charnwood/latency/hit/L2/hit_latency_rep1_dependent_random_20260913T061109Z.csv (mode=dependent pattern=random seed=12346)
Wrote 1 summary rows to data_processed/charnwood/latency/hit/L2/rep1_dependent_random_summary_20260913T061109Z.csv
  wrote 1002 lines -> data_raw/charnwood/latency/hit/L2/hit_latency_rep1_dependent_sequential_20260913T061109Z.csv (mode=dependent pattern=sequential seed=12346)
Wrote 1 summary rows to data_processed/charnwood/latency/hit/L2/rep1_dependent_sequential_summary_20260913T061109Z.csv
  wrote 1002 lines -> data_raw/charnwood/latency/hit/L2/hit_latency_rep1_independent_random_20260913T061109Z.csv (mode=independent pattern=random seed=12346)
Wrote 1 summary rows to data_processed/charnwood/latency/hit/L2/rep1_independent_random_summary_20260913T061109Z.csv
  wrote 1002 lines -> data_raw/charnwood/latency/hit/L2/hit_latency_rep1_independent_sequential_20260913T061109Z.csv (mode=independent pattern=sequential seed=12346)
Wrote 1 summary rows to data_processed/charnwood/latency/hit/L2/rep1_independent_sequential_summary_20260913T061109Z.csv
-- rep2 (seed=12347) --
  wrote 1002 lines -> data_raw/charnwood/latency/hit/L2/hit_latency_rep2_dependent_random_20260913T061109Z.csv (mode=dependent pattern=random seed=12347)
Wrote 1 summary rows to data_processed/charnwood/latency/hit/L2/rep2_dependent_random_summary_20260913T061109Z.csv
  wrote 1002 lines -> data_raw/charnwood/latency/hit/L2/hit_latency_rep2_dependent_sequential_20260913T061109Z.csv (mode=dependent pattern=sequential seed=12347)
Wrote 1 summary rows to data_processed/charnwood/latency/hit/L2/rep2_dependent_sequential_summary_20260913T061109Z.csv
  wrote 1002 lines -> data_raw/charnwood/latency/hit/L2/hit_latency_rep2_independent_random_20260913T061109Z.csv (mode=independent pattern=random seed=12347)
Wrote 1 summary rows to data_processed/charnwood/latency/hit/L2/rep2_independent_random_summary_20260913T061109Z.csv
  wrote 1002 lines -> data_raw/charnwood/latency/hit/L2/hit_latency_rep2_independent_sequential_20260913T061109Z.csv (mode=independent pattern=sequential seed=12347)
Wrote 1 summary rows to data_processed/charnwood/latency/hit/L2/rep2_independent_sequential_summary_20260913T061109Z.csv
-- generating plots for L2 --
  note: ('dependent', 'random') has 3 overlapping summary rows with medians [22.1, 17.5, 17.1] (spread 5.1 ticks, 26.7%) -- averaging, widening whiskers to the union
random: independent < dependent (9.65 vs 18.88 ticks) [expected]
sequential: independent < dependent (7.97 vs 8.14 ticks) [expected]
Wrote data_processed/charnwood/latency/hit/L2/plots/hit_latency_boxplots.pdf and .png
-- compressing raw CSVs for L2 --

== level LLC: footprint_bytes=8388608 ==
-- base (seed=12345) --
  wrote 1002 lines -> data_raw/charnwood/latency/hit/LLC/hit_latency_base_dependent_random_20260913T061109Z.csv (mode=dependent pattern=random seed=12345)
Wrote 1 summary rows to data_processed/charnwood/latency/hit/LLC/base_dependent_random_summary_20260913T061109Z.csv
  wrote 1002 lines -> data_raw/charnwood/latency/hit/LLC/hit_latency_base_dependent_sequential_20260913T061109Z.csv (mode=dependent pattern=sequential seed=12345)
Wrote 1 summary rows to data_processed/charnwood/latency/hit/LLC/base_dependent_sequential_summary_20260913T061109Z.csv
  wrote 1002 lines -> data_raw/charnwood/latency/hit/LLC/hit_latency_base_independent_random_20260913T061109Z.csv (mode=independent pattern=random seed=12345)
Wrote 1 summary rows to data_processed/charnwood/latency/hit/LLC/base_independent_random_summary_20260913T061109Z.csv
  wrote 1002 lines -> data_raw/charnwood/latency/hit/LLC/hit_latency_base_independent_sequential_20260913T061109Z.csv (mode=independent pattern=sequential seed=12345)
Wrote 1 summary rows to data_processed/charnwood/latency/hit/LLC/base_independent_sequential_summary_20260913T061109Z.csv
-- rep1 (seed=12346) --
  wrote 1002 lines -> data_raw/charnwood/latency/hit/LLC/hit_latency_rep1_dependent_random_20260913T061109Z.csv (mode=dependent pattern=random seed=12346)
Wrote 1 summary rows to data_processed/charnwood/latency/hit/LLC/rep1_dependent_random_summary_20260913T061109Z.csv
  wrote 1002 lines -> data_raw/charnwood/latency/hit/LLC/hit_latency_rep1_dependent_sequential_20260913T061109Z.csv (mode=dependent pattern=sequential seed=12346)
Wrote 1 summary rows to data_processed/charnwood/latency/hit/LLC/rep1_dependent_sequential_summary_20260913T061109Z.csv
  wrote 1002 lines -> data_raw/charnwood/latency/hit/LLC/hit_latency_rep1_independent_random_20260913T061109Z.csv (mode=independent pattern=random seed=12346)
Wrote 1 summary rows to data_processed/charnwood/latency/hit/LLC/rep1_independent_random_summary_20260913T061109Z.csv
  wrote 1002 lines -> data_raw/charnwood/latency/hit/LLC/hit_latency_rep1_independent_sequential_20260913T061109Z.csv (mode=independent pattern=sequential seed=12346)
Wrote 1 summary rows to data_processed/charnwood/latency/hit/LLC/rep1_independent_sequential_summary_20260913T061109Z.csv
-- rep2 (seed=12347) --
  wrote 1002 lines -> data_raw/charnwood/latency/hit/LLC/hit_latency_rep2_dependent_random_20260913T061109Z.csv (mode=dependent pattern=random seed=12347)
Wrote 1 summary rows to data_processed/charnwood/latency/hit/LLC/rep2_dependent_random_summary_20260913T061109Z.csv
  wrote 1002 lines -> data_raw/charnwood/latency/hit/LLC/hit_latency_rep2_dependent_sequential_20260913T061109Z.csv (mode=dependent pattern=sequential seed=12347)
Wrote 1 summary rows to data_processed/charnwood/latency/hit/LLC/rep2_dependent_sequential_summary_20260913T061109Z.csv
  wrote 1002 lines -> data_raw/charnwood/latency/hit/LLC/hit_latency_rep2_independent_random_20260913T061109Z.csv (mode=independent pattern=random seed=12347)
Wrote 1 summary rows to data_processed/charnwood/latency/hit/LLC/rep2_independent_random_summary_20260913T061109Z.csv
  wrote 1002 lines -> data_raw/charnwood/latency/hit/LLC/hit_latency_rep2_independent_sequential_20260913T061109Z.csv (mode=independent pattern=sequential seed=12347)
Wrote 1 summary rows to data_processed/charnwood/latency/hit/LLC/rep2_independent_sequential_summary_20260913T061109Z.csv
-- generating plots for LLC --
random: independent < dependent (36.03 vs 107.86 ticks) [expected]
sequential: independent >= dependent (8.28 vs 8.10 ticks) [UNEXPECTED -- investigate]
Wrote data_processed/charnwood/latency/hit/LLC/plots/hit_latency_boxplots.pdf and .png
-- compressing raw CSVs for LLC --

== level DRAM: footprint_bytes=536870912 ==
-- base (seed=12345) --
  wrote 1002 lines -> data_raw/charnwood/latency/hit/DRAM/hit_latency_base_dependent_random_20260913T061109Z.csv (mode=dependent pattern=random seed=12345)
Wrote 1 summary rows to data_processed/charnwood/latency/hit/DRAM/base_dependent_random_summary_20260913T061109Z.csv
  wrote 1002 lines -> data_raw/charnwood/latency/hit/DRAM/hit_latency_base_dependent_sequential_20260913T061109Z.csv (mode=dependent pattern=sequential seed=12345)
Wrote 1 summary rows to data_processed/charnwood/latency/hit/DRAM/base_dependent_sequential_summary_20260913T061109Z.csv
  wrote 1002 lines -> data_raw/charnwood/latency/hit/DRAM/hit_latency_base_independent_random_20260913T061109Z.csv (mode=independent pattern=random seed=12345)
Wrote 1 summary rows to data_processed/charnwood/latency/hit/DRAM/base_independent_random_summary_20260913T061109Z.csv
  wrote 1002 lines -> data_raw/charnwood/latency/hit/DRAM/hit_latency_base_independent_sequential_20260913T061109Z.csv (mode=independent pattern=sequential seed=12345)
Wrote 1 summary rows to data_processed/charnwood/latency/hit/DRAM/base_independent_sequential_summary_20260913T061109Z.csv
-- rep1 (seed=12346) --
  wrote 1002 lines -> data_raw/charnwood/latency/hit/DRAM/hit_latency_rep1_dependent_random_20260913T061109Z.csv (mode=dependent pattern=random seed=12346)
Wrote 1 summary rows to data_processed/charnwood/latency/hit/DRAM/rep1_dependent_random_summary_20260913T061109Z.csv
  wrote 1002 lines -> data_raw/charnwood/latency/hit/DRAM/hit_latency_rep1_dependent_sequential_20260913T061109Z.csv (mode=dependent pattern=sequential seed=12346)
Wrote 1 summary rows to data_processed/charnwood/latency/hit/DRAM/rep1_dependent_sequential_summary_20260913T061109Z.csv
  wrote 1002 lines -> data_raw/charnwood/latency/hit/DRAM/hit_latency_rep1_independent_random_20260913T061109Z.csv (mode=independent pattern=random seed=12346)
Wrote 1 summary rows to data_processed/charnwood/latency/hit/DRAM/rep1_independent_random_summary_20260913T061109Z.csv
  wrote 1002 lines -> data_raw/charnwood/latency/hit/DRAM/hit_latency_rep1_independent_sequential_20260913T061109Z.csv (mode=independent pattern=sequential seed=12346)
Wrote 1 summary rows to data_processed/charnwood/latency/hit/DRAM/rep1_independent_sequential_summary_20260913T061109Z.csv
-- rep2 (seed=12347) --
  wrote 1002 lines -> data_raw/charnwood/latency/hit/DRAM/hit_latency_rep2_dependent_random_20260913T061109Z.csv (mode=dependent pattern=random seed=12347)
Wrote 1 summary rows to data_processed/charnwood/latency/hit/DRAM/rep2_dependent_random_summary_20260913T061109Z.csv
  wrote 1002 lines -> data_raw/charnwood/latency/hit/DRAM/hit_latency_rep2_dependent_sequential_20260913T061109Z.csv (mode=dependent pattern=sequential seed=12347)
Wrote 1 summary rows to data_processed/charnwood/latency/hit/DRAM/rep2_dependent_sequential_summary_20260913T061109Z.csv
  wrote 1002 lines -> data_raw/charnwood/latency/hit/DRAM/hit_latency_rep2_independent_random_20260913T061109Z.csv (mode=independent pattern=random seed=12347)
Wrote 1 summary rows to data_processed/charnwood/latency/hit/DRAM/rep2_independent_random_summary_20260913T061109Z.csv
  wrote 1002 lines -> data_raw/charnwood/latency/hit/DRAM/hit_latency_rep2_independent_sequential_20260913T061109Z.csv (mode=independent pattern=sequential seed=12347)
Wrote 1 summary rows to data_processed/charnwood/latency/hit/DRAM/rep2_independent_sequential_summary_20260913T061109Z.csv
-- generating plots for DRAM --
random: independent < dependent (60.19 vs 394.76 ticks) [expected]
sequential: independent < dependent (8.19 vs 8.31 ticks) [expected]
Wrote data_processed/charnwood/latency/hit/DRAM/plots/hit_latency_boxplots.pdf and .png
-- compressing raw CSVs for DRAM --

== done ==
== L1: footprint_bytes=32768 ==
== L2: footprint_bytes=262144 ==
== LLC: footprint_bytes=8388608 ==
== DRAM: footprint_bytes=536870912 ==
== record in data_raw/charnwood/README.md: core=3, base_seed=12345 (repeats use base_seed+index), samples=1000000, timestamp=20260913T061109Z ==
== full transcript saved to: data_raw/charnwood/latency/run_hit_latency_full_20260913T061109Z.log ==
