== run_miss_latency_full: machine=charnwood core=3 base_seed=12345 ==
== timestamp=20260913T061723Z ==

== transition L1_to_L2: target_bytes=32768 evict_bytes=262144 ==
-- base (seed=12345) --
  wrote 202 lines -> data_raw/charnwood/latency/miss/L1_to_L2/miss_latency_base_random_20260913T061723Z.csv (pattern=random seed=12345)
Wrote 1 summary rows to data_processed/charnwood/latency/miss/L1_to_L2/base_random_summary_20260913T061723Z.csv
  wrote 202 lines -> data_raw/charnwood/latency/miss/L1_to_L2/miss_latency_base_sequential_20260913T061723Z.csv (pattern=sequential seed=12345)
Wrote 1 summary rows to data_processed/charnwood/latency/miss/L1_to_L2/base_sequential_summary_20260913T061723Z.csv
-- rep1 (seed=12346) --
  wrote 202 lines -> data_raw/charnwood/latency/miss/L1_to_L2/miss_latency_rep1_random_20260913T061723Z.csv (pattern=random seed=12346)
Wrote 1 summary rows to data_processed/charnwood/latency/miss/L1_to_L2/rep1_random_summary_20260913T061723Z.csv
  wrote 202 lines -> data_raw/charnwood/latency/miss/L1_to_L2/miss_latency_rep1_sequential_20260913T061723Z.csv (pattern=sequential seed=12346)
Wrote 1 summary rows to data_processed/charnwood/latency/miss/L1_to_L2/rep1_sequential_summary_20260913T061723Z.csv
-- rep2 (seed=12347) --
  wrote 202 lines -> data_raw/charnwood/latency/miss/L1_to_L2/miss_latency_rep2_random_20260913T061723Z.csv (pattern=random seed=12347)
Wrote 1 summary rows to data_processed/charnwood/latency/miss/L1_to_L2/rep2_random_summary_20260913T061723Z.csv
  wrote 202 lines -> data_raw/charnwood/latency/miss/L1_to_L2/miss_latency_rep2_sequential_20260913T061723Z.csv (pattern=sequential seed=12347)
Wrote 1 summary rows to data_processed/charnwood/latency/miss/L1_to_L2/rep2_sequential_summary_20260913T061723Z.csv
-- found source-level (L1) hit_latency data for penalty annotation: data_processed/charnwood/latency/hit/L1/base_dependent_random_summary_20260913T061109Z.csv data_processed/charnwood/latency/hit/L1/rep1_dependent_random_summary_20260913T061109Z.csv data_processed/charnwood/latency/hit/L1/rep2_dependent_random_summary_20260913T061109Z.csv --
-- generating plots for L1_to_L2 --
  note: pattern=sequential has 3 overlapping summary rows with medians [90.0, 106.0, 134.0] (spread 44.0 ticks, 40.0%) -- averaging, widening whiskers to the union
Wrote data_processed/charnwood/latency/miss/L1_to_L2/plots/miss_latency_boxplots.pdf and .png
-- compressing raw CSVs for L1_to_L2 --

== transition L2_to_LLC: target_bytes=262144 evict_bytes=8388608 ==
-- base (seed=12345) --
  wrote 202 lines -> data_raw/charnwood/latency/miss/L2_to_LLC/miss_latency_base_random_20260913T061723Z.csv (pattern=random seed=12345)
Wrote 1 summary rows to data_processed/charnwood/latency/miss/L2_to_LLC/base_random_summary_20260913T061723Z.csv
  wrote 202 lines -> data_raw/charnwood/latency/miss/L2_to_LLC/miss_latency_base_sequential_20260913T061723Z.csv (pattern=sequential seed=12345)
Wrote 1 summary rows to data_processed/charnwood/latency/miss/L2_to_LLC/base_sequential_summary_20260913T061723Z.csv
-- rep1 (seed=12346) --
  wrote 202 lines -> data_raw/charnwood/latency/miss/L2_to_LLC/miss_latency_rep1_random_20260913T061723Z.csv (pattern=random seed=12346)
Wrote 1 summary rows to data_processed/charnwood/latency/miss/L2_to_LLC/rep1_random_summary_20260913T061723Z.csv
  wrote 202 lines -> data_raw/charnwood/latency/miss/L2_to_LLC/miss_latency_rep1_sequential_20260913T061723Z.csv (pattern=sequential seed=12346)
Wrote 1 summary rows to data_processed/charnwood/latency/miss/L2_to_LLC/rep1_sequential_summary_20260913T061723Z.csv
-- rep2 (seed=12347) --
  wrote 202 lines -> data_raw/charnwood/latency/miss/L2_to_LLC/miss_latency_rep2_random_20260913T061723Z.csv (pattern=random seed=12347)
Wrote 1 summary rows to data_processed/charnwood/latency/miss/L2_to_LLC/rep2_random_summary_20260913T061723Z.csv
  wrote 202 lines -> data_raw/charnwood/latency/miss/L2_to_LLC/miss_latency_rep2_sequential_20260913T061723Z.csv (pattern=sequential seed=12347)
Wrote 1 summary rows to data_processed/charnwood/latency/miss/L2_to_LLC/rep2_sequential_summary_20260913T061723Z.csv
-- found source-level (L2) hit_latency data for penalty annotation: data_processed/charnwood/latency/hit/L2/base_dependent_random_summary_20260913T061109Z.csv data_processed/charnwood/latency/hit/L2/rep1_dependent_random_summary_20260913T061109Z.csv data_processed/charnwood/latency/hit/L2/rep2_dependent_random_summary_20260913T061109Z.csv --
-- generating plots for L2_to_LLC --
Wrote data_processed/charnwood/latency/miss/L2_to_LLC/plots/miss_latency_boxplots.pdf and .png
-- compressing raw CSVs for L2_to_LLC --

== transition LLC_to_DRAM: target_bytes=8388608 evict_bytes=16777216 ==
-- base (seed=12345) --
  wrote 202 lines -> data_raw/charnwood/latency/miss/LLC_to_DRAM/miss_latency_base_random_20260913T061723Z.csv (pattern=random seed=12345)
Wrote 1 summary rows to data_processed/charnwood/latency/miss/LLC_to_DRAM/base_random_summary_20260913T061723Z.csv
  wrote 202 lines -> data_raw/charnwood/latency/miss/LLC_to_DRAM/miss_latency_base_sequential_20260913T061723Z.csv (pattern=sequential seed=12345)
Wrote 1 summary rows to data_processed/charnwood/latency/miss/LLC_to_DRAM/base_sequential_summary_20260913T061723Z.csv
-- rep1 (seed=12346) --
  wrote 202 lines -> data_raw/charnwood/latency/miss/LLC_to_DRAM/miss_latency_rep1_random_20260913T061723Z.csv (pattern=random seed=12346)
Wrote 1 summary rows to data_processed/charnwood/latency/miss/LLC_to_DRAM/rep1_random_summary_20260913T061723Z.csv
  wrote 202 lines -> data_raw/charnwood/latency/miss/LLC_to_DRAM/miss_latency_rep1_sequential_20260913T061723Z.csv (pattern=sequential seed=12346)
Wrote 1 summary rows to data_processed/charnwood/latency/miss/LLC_to_DRAM/rep1_sequential_summary_20260913T061723Z.csv
-- rep2 (seed=12347) --
  wrote 202 lines -> data_raw/charnwood/latency/miss/LLC_to_DRAM/miss_latency_rep2_random_20260913T061723Z.csv (pattern=random seed=12347)
Wrote 1 summary rows to data_processed/charnwood/latency/miss/LLC_to_DRAM/rep2_random_summary_20260913T061723Z.csv
  wrote 202 lines -> data_raw/charnwood/latency/miss/LLC_to_DRAM/miss_latency_rep2_sequential_20260913T061723Z.csv (pattern=sequential seed=12347)
Wrote 1 summary rows to data_processed/charnwood/latency/miss/LLC_to_DRAM/rep2_sequential_summary_20260913T061723Z.csv
-- found source-level (LLC) hit_latency data for penalty annotation: data_processed/charnwood/latency/hit/LLC/base_dependent_random_summary_20260913T061109Z.csv data_processed/charnwood/latency/hit/LLC/rep1_dependent_random_summary_20260913T061109Z.csv data_processed/charnwood/latency/hit/LLC/rep2_dependent_random_summary_20260913T061109Z.csv --
-- generating plots for LLC_to_DRAM --
  note: pattern=random has 3 overlapping summary rows with medians [818.0, 772.0, 966.0] (spread 194.0 ticks, 22.8%) -- averaging, widening whiskers to the union
  note: pattern=sequential has 3 overlapping summary rows with medians [348.0, 435.0, 364.0] (spread 87.0 ticks, 22.8%) -- averaging, widening whiskers to the union
Wrote data_processed/charnwood/latency/miss/LLC_to_DRAM/plots/miss_latency_boxplots.pdf and .png
-- compressing raw CSVs for LLC_to_DRAM --

== done ==
== L1_to_L2: target_bytes=32768 evict_bytes=262144 ==
== L2_to_LLC: target_bytes=262144 evict_bytes=8388608 ==
== LLC_to_DRAM: target_bytes=8388608 evict_bytes=16777216 ==
== record in data_raw/charnwood/README.md: core=3, base_seed=12345 (repeats use base_seed+index), trials=200, timestamp=20260913T061723Z ==
== full transcript saved to: data_raw/charnwood/latency/run_miss_latency_full_20260913T061723Z.log ==
