=== Machine identification (Phase Discipline whitelist only) ===
c051n03
Linux c051n03 5.14.0-611.5.1.el9_7.x86_64 #1 SMP PREEMPT_DYNAMIC Fri Oct 17 14:16:35 EDT 2025 x86_64 x86_64 x86_64 GNU/Linux
model name	: Intel(R) Xeon(R) Gold 6130 CPU @ 2.10GHz
Assigned logical CPU: 17, SLURM_JOB_ID=848696

=== Running scripts/run_associativity_full.sh (HAZEL_MODE=1) for hazel_skylake/phase1_v2, cache_bytes=32768,1048576,23728128 ===
== run_associativity_full: machine=hazel_skylake/phase1_v2 core=17 base_seed=12345 max_ways=40 ==
== timestamp=20260916T042807Z ==
-- using explicit cache_bytes override: 32768 1048576 23728128 --

== level L1: cache_bytes=32768 ==
-- base sweep num_ways=2-40 --
  wrote 39002 lines -> data_raw/hazel_skylake/phase1_v2/associativity/L1/associativity_base_random_20260916T042807Z.csv (seed=12345)
  wrote 39002 lines -> data_raw/hazel_skylake/phase1_v2/associativity/L1/associativity_base_sequential_20260916T042807Z.csv (seed=12345)
Wrote 39 summary rows to data_processed/hazel_skylake/phase1_v2/associativity/L1/base_random_summary_20260916T042807Z.csv
Wrote 39 summary rows to data_processed/hazel_skylake/phase1_v2/associativity/L1/base_sequential_summary_20260916T042807Z.csv
-- detected associativity estimate: 5 --
  -- repeat 1/2 (seed=12346) --
  wrote 39002 lines -> data_raw/hazel_skylake/phase1_v2/associativity/L1/associativity_rep1_random_20260916T042807Z.csv (seed=12346)
  wrote 39002 lines -> data_raw/hazel_skylake/phase1_v2/associativity/L1/associativity_rep1_sequential_20260916T042807Z.csv (seed=12346)
Wrote 39 summary rows to data_processed/hazel_skylake/phase1_v2/associativity/L1/rep1_random_summary_20260916T042807Z.csv
Wrote 39 summary rows to data_processed/hazel_skylake/phase1_v2/associativity/L1/rep1_sequential_summary_20260916T042807Z.csv
     repeat 1 detected estimate: 8
  -- repeat 2/2 (seed=12347) --
  wrote 39002 lines -> data_raw/hazel_skylake/phase1_v2/associativity/L1/associativity_rep2_random_20260916T042807Z.csv (seed=12347)
  wrote 39002 lines -> data_raw/hazel_skylake/phase1_v2/associativity/L1/associativity_rep2_sequential_20260916T042807Z.csv (seed=12347)
Wrote 39 summary rows to data_processed/hazel_skylake/phase1_v2/associativity/L1/rep2_random_summary_20260916T042807Z.csv
Wrote 39 summary rows to data_processed/hazel_skylake/phase1_v2/associativity/L1/rep2_sequential_summary_20260916T042807Z.csv
     repeat 2 detected estimate: 8
WARNING: repeat(s) disagree with the base estimate (base=5,
         repeats=8 8) -- do NOT treat this level's
         associativity as resolved; investigate before citing a number.
-- generating plots for L1 --
  note: num_ways=2 (random) has 3 overlapping summary rows with medians [13.6, 5.0, 5.0] (spread 8.5 ticks, 108.4%) -- averaging, widening whiskers to the union
  note: num_ways=6 (random) has 3 overlapping summary rows with medians [10.4, 4.8, 4.8] (spread 5.7 ticks, 85.0%) -- averaging, widening whiskers to the union
  note: num_ways=7 (random) has 3 overlapping summary rows with medians [10.4, 4.8, 4.8] (spread 5.7 ticks, 85.0%) -- averaging, widening whiskers to the union
  note: num_ways=8 (random) has 3 overlapping summary rows with medians [10.4, 6.1, 4.8] (spread 5.7 ticks, 79.7%) -- averaging, widening whiskers to the union
  note: num_ways=3 (sequential) has 3 overlapping summary rows with medians [4.8, 5.9, 5.7] (spread 1.1 ticks, 20.4%) -- averaging, widening whiskers to the union
  note: num_ways=4 (sequential) has 3 overlapping summary rows with medians [4.8, 5.9, 5.7] (spread 1.1 ticks, 20.4%) -- averaging, widening whiskers to the union
Wrote data_processed/hazel_skylake/phase1_v2/associativity/L1/plots/associativity_curve.pdf and .png
Wrote data_processed/hazel_skylake/phase1_v2/associativity/L1/plots/associativity_boxplots.pdf and .png
-- compressing raw CSVs for L1 --

== level L2: cache_bytes=1048576 ==
-- base sweep num_ways=2-40 --
  wrote 39002 lines -> data_raw/hazel_skylake/phase1_v2/associativity/L2/associativity_base_random_20260916T042807Z.csv (seed=12345)
  wrote 39002 lines -> data_raw/hazel_skylake/phase1_v2/associativity/L2/associativity_base_sequential_20260916T042807Z.csv (seed=12345)
Wrote 39 summary rows to data_processed/hazel_skylake/phase1_v2/associativity/L2/base_random_summary_20260916T042807Z.csv
Wrote 39 summary rows to data_processed/hazel_skylake/phase1_v2/associativity/L2/base_sequential_summary_20260916T042807Z.csv
-- detected associativity estimate: 8 --
  -- repeat 1/2 (seed=12346) --
  wrote 39002 lines -> data_raw/hazel_skylake/phase1_v2/associativity/L2/associativity_rep1_random_20260916T042807Z.csv (seed=12346)
  wrote 39002 lines -> data_raw/hazel_skylake/phase1_v2/associativity/L2/associativity_rep1_sequential_20260916T042807Z.csv (seed=12346)
Wrote 39 summary rows to data_processed/hazel_skylake/phase1_v2/associativity/L2/rep1_random_summary_20260916T042807Z.csv
Wrote 39 summary rows to data_processed/hazel_skylake/phase1_v2/associativity/L2/rep1_sequential_summary_20260916T042807Z.csv
     repeat 1 detected estimate: 8
  -- repeat 2/2 (seed=12347) --
  wrote 39002 lines -> data_raw/hazel_skylake/phase1_v2/associativity/L2/associativity_rep2_random_20260916T042807Z.csv (seed=12347)
  wrote 39002 lines -> data_raw/hazel_skylake/phase1_v2/associativity/L2/associativity_rep2_sequential_20260916T042807Z.csv (seed=12347)
Wrote 39 summary rows to data_processed/hazel_skylake/phase1_v2/associativity/L2/rep2_random_summary_20260916T042807Z.csv
Wrote 39 summary rows to data_processed/hazel_skylake/phase1_v2/associativity/L2/rep2_sequential_summary_20260916T042807Z.csv
     repeat 2 detected estimate: 8
-- generating plots for L2 --
  note: num_ways=2 (random) has 3 overlapping summary rows with medians [6.8, 6.8, 5.0] (spread 1.7 ticks, 28.1%) -- averaging, widening whiskers to the union
  note: num_ways=4 (random) has 3 overlapping summary rows with medians [6.8, 5.0, 6.5] (spread 1.7 ticks, 28.5%) -- averaging, widening whiskers to the union
  note: num_ways=2 (sequential) has 3 overlapping summary rows with medians [5.0, 7.1, 7.1] (spread 2.0 ticks, 31.6%) -- averaging, widening whiskers to the union
  note: num_ways=3 (sequential) has 3 overlapping summary rows with medians [5.0, 7.1, 7.1] (spread 2.0 ticks, 31.6%) -- averaging, widening whiskers to the union
  note: num_ways=4 (sequential) has 3 overlapping summary rows with medians [4.8, 7.1, 5.2] (spread 2.3 ticks, 40.3%) -- averaging, widening whiskers to the union
Wrote data_processed/hazel_skylake/phase1_v2/associativity/L2/plots/associativity_curve.pdf and .png
Wrote data_processed/hazel_skylake/phase1_v2/associativity/L2/plots/associativity_boxplots.pdf and .png
-- compressing raw CSVs for L2 --

== level L3_LLC: cache_bytes=23728128 ==
-- base sweep num_ways=2-40 --
  wrote 39002 lines -> data_raw/hazel_skylake/phase1_v2/associativity/L3_LLC/associativity_base_random_20260916T042807Z.csv (seed=12345)
  wrote 39002 lines -> data_raw/hazel_skylake/phase1_v2/associativity/L3_LLC/associativity_base_sequential_20260916T042807Z.csv (seed=12345)
Wrote 39 summary rows to data_processed/hazel_skylake/phase1_v2/associativity/L3_LLC/base_random_summary_20260916T042807Z.csv
Wrote 39 summary rows to data_processed/hazel_skylake/phase1_v2/associativity/L3_LLC/base_sequential_summary_20260916T042807Z.csv
-- detected associativity estimate: 8 --
  -- repeat 1/2 (seed=12346) --
  wrote 39002 lines -> data_raw/hazel_skylake/phase1_v2/associativity/L3_LLC/associativity_rep1_random_20260916T042807Z.csv (seed=12346)
  wrote 39002 lines -> data_raw/hazel_skylake/phase1_v2/associativity/L3_LLC/associativity_rep1_sequential_20260916T042807Z.csv (seed=12346)
Wrote 39 summary rows to data_processed/hazel_skylake/phase1_v2/associativity/L3_LLC/rep1_random_summary_20260916T042807Z.csv
Wrote 39 summary rows to data_processed/hazel_skylake/phase1_v2/associativity/L3_LLC/rep1_sequential_summary_20260916T042807Z.csv
     repeat 1 detected estimate: 8
  -- repeat 2/2 (seed=12347) --
  wrote 39002 lines -> data_raw/hazel_skylake/phase1_v2/associativity/L3_LLC/associativity_rep2_random_20260916T042807Z.csv (seed=12347)
  wrote 39002 lines -> data_raw/hazel_skylake/phase1_v2/associativity/L3_LLC/associativity_rep2_sequential_20260916T042807Z.csv (seed=12347)
Wrote 39 summary rows to data_processed/hazel_skylake/phase1_v2/associativity/L3_LLC/rep2_random_summary_20260916T042807Z.csv
Wrote 39 summary rows to data_processed/hazel_skylake/phase1_v2/associativity/L3_LLC/rep2_sequential_summary_20260916T042807Z.csv
     repeat 2 detected estimate: 8
-- generating plots for L3_LLC --
  note: num_ways=2 (random) has 3 overlapping summary rows with medians [5.2, 6.8, 6.8] (spread 1.6 ticks, 25.5%) -- averaging, widening whiskers to the union
  note: num_ways=3 (random) has 3 overlapping summary rows with medians [5.5, 6.8, 6.8] (spread 1.3 ticks, 20.0%) -- averaging, widening whiskers to the union
  note: num_ways=2 (sequential) has 3 overlapping summary rows with medians [6.8, 5.0, 5.0] (spread 1.7 ticks, 31.0%) -- averaging, widening whiskers to the union
  note: num_ways=3 (sequential) has 3 overlapping summary rows with medians [6.8, 5.7, 4.8] (spread 2.0 ticks, 35.1%) -- averaging, widening whiskers to the union
Wrote data_processed/hazel_skylake/phase1_v2/associativity/L3_LLC/plots/associativity_curve.pdf and .png
Wrote data_processed/hazel_skylake/phase1_v2/associativity/L3_LLC/plots/associativity_boxplots.pdf and .png
-- compressing raw CSVs for L3_LLC --

== done ==
== L1: cache_bytes=32768 -> associativity=5 (repeats: 8 8) ==
== L2: cache_bytes=1048576 -> associativity=8 (repeats: 8 8) ==
== L3_LLC: cache_bytes=23728128 -> associativity=8 (repeats: 8 8) ==
== record in data_raw/hazel_skylake/phase1_v2/README.md: core=17, base_seed=12345 (repeats use base_seed+index), samples=1000000, max_ways=40, timestamp=20260916T042807Z ==
== full transcript saved to: data_raw/hazel_skylake/phase1_v2/associativity/run_associativity_full_20260916T042807Z.log ==

=== Done ===

------------------------------------------------------------
Resource usage summary:

    Job ID            : 848696
    Job name          : hw1_assoc_relook
    User / Account    : krchen / ece592f26_cpu
    Partition / QOS   : compute_partners / short
    Submitted         : 2026-09-16T00:27:54
    Started           : 2026-09-16T00:28:06
    Wait time         : 12 sec
    Elapsed (wall)    : 00:01:48
    Nodes             : 1 (c051n03)
    CPUs allocated    : 1
    Tasks             : 1
    CPU time (total)  : 22.99 sec  (user 16.58, sys 6.42)
    CPU efficiency    : 21.3%
    Memory in use     : 94.20 MB  (sampled at job end; see seff for peak)
    Memory requested  : 8G
    Working directory : /gpfs_common/share01/titan/krchen/Proj1-Cache-Reverse-Engineering
    Exit code         : 0:0

    For final accounting (Slurm's MaxRSS, billing, etc.):  seff 848696
------------------------------------------------------------
