=== Machine identification (Phase Discipline whitelist only) ===
c051n03
Linux c051n03 5.14.0-611.5.1.el9_7.x86_64 #1 SMP PREEMPT_DYNAMIC Fri Oct 17 14:16:35 EDT 2025 x86_64 x86_64 x86_64 GNU/Linux
model name	: Intel(R) Xeon(R) Gold 6130 CPU @ 2.10GHz
CPU CORE SOCKET NODE
  0    0      0    0
  1    1      0    0
  2    2      0    0
  3    3      0    0
  4    4      0    0
  5    5      0    0
  6    6      0    0
  7    7      0    0
  8    8      0    0
  9    9      0    0
 10   10      0    0
 11   11      0    0
 12   12      0    0
 13   13      0    0
 14   14      0    0
 15   15      0    0
 16   16      1    1
 17   17      1    1
 18   18      1    1
 19   19      1    1
 20   20      1    1
 21   21      1    1
 22   22      1    1
 23   23      1    1
 24   24      1    1
 25   25      1    1
 26   26      1    1
 27   27      1    1
 28   28      1    1
 29   29      1    1
 30   30      1    1
 31   31      1    1
Assigned logical CPU (physcpubind, informational -- srun --cpu-bind=cores does the real pinning): 16
SLURM_JOB_ID=842710

=== Phase Discipline gate check: is predictions-frozen an ancestor of HEAD? ===
OK -- predictions-frozen confirmed ancestor of HEAD, proceeding.

=== Running scripts/run_capacity_full.sh (HAZEL_MODE=1) for hazel_skylake/capacity_rerun ===
== run_capacity_full: machine=hazel_skylake/capacity_rerun core=16 coarse_max=67108864 seed=12345 ==
== timestamp=20260915T143526Z ==
-- coarse sweep 1024-67108864 bytes --
  wrote 129002 lines -> data_raw/hazel_skylake/capacity_rerun/capacity/capacity_coarse_random_20260915T143526Z.csv
  wrote 129002 lines -> data_raw/hazel_skylake/capacity_rerun/capacity/capacity_coarse_sequential_20260915T143526Z.csv
Wrote 129 summary rows to data_processed/hazel_skylake/capacity_rerun/capacity/coarse_random_summary.csv
Wrote 129 summary rows to data_processed/hazel_skylake/capacity_rerun/capacity/coarse_sequential_summary.csv
-- tail-extension sweep 67108864-268435456 bytes --
  wrote 17002 lines -> data_raw/hazel_skylake/capacity_rerun/capacity/capacity_coarse_ext_random_20260915T143526Z.csv
  wrote 17002 lines -> data_raw/hazel_skylake/capacity_rerun/capacity/capacity_coarse_ext_sequential_20260915T143526Z.csv
Wrote 17 summary rows to data_processed/hazel_skylake/capacity_rerun/capacity/coarse_ext_random_summary.csv
Wrote 17 summary rows to data_processed/hazel_skylake/capacity_rerun/capacity/coarse_ext_sequential_summary.csv
-- detected boundaries (bytes): 961544 23726560 33554432 --
-- dense sweep around boundary 961544 bytes: 120193-7692352 --
  wrote 289002 lines -> data_raw/hazel_skylake/capacity_rerun/capacity/capacity_dense0_random_20260915T143526Z.csv
  wrote 289002 lines -> data_raw/hazel_skylake/capacity_rerun/capacity/capacity_dense0_sequential_20260915T143526Z.csv
Wrote 289 summary rows to data_processed/hazel_skylake/capacity_rerun/capacity/dense0_random_summary.csv
Wrote 289 summary rows to data_processed/hazel_skylake/capacity_rerun/capacity/dense0_sequential_summary.csv
-- dense sweep around boundary 23726560 bytes: 2965820-189812480 --
  wrote 289002 lines -> data_raw/hazel_skylake/capacity_rerun/capacity/capacity_dense1_random_20260915T143526Z.csv
  wrote 289002 lines -> data_raw/hazel_skylake/capacity_rerun/capacity/capacity_dense1_sequential_20260915T143526Z.csv
Wrote 289 summary rows to data_processed/hazel_skylake/capacity_rerun/capacity/dense1_random_summary.csv
Wrote 289 summary rows to data_processed/hazel_skylake/capacity_rerun/capacity/dense1_sequential_summary.csv
-- dense sweep around boundary 33554432 bytes: 4194304-268435456 --
  wrote 289002 lines -> data_raw/hazel_skylake/capacity_rerun/capacity/capacity_dense2_random_20260915T143526Z.csv
  wrote 289002 lines -> data_raw/hazel_skylake/capacity_rerun/capacity/capacity_dense2_sequential_20260915T143526Z.csv
Wrote 289 summary rows to data_processed/hazel_skylake/capacity_rerun/capacity/dense2_random_summary.csv
Wrote 289 summary rows to data_processed/hazel_skylake/capacity_rerun/capacity/dense2_sequential_summary.csv
  -- repeat 1/2 of deepest boundary's dense window --
  wrote 289002 lines -> data_raw/hazel_skylake/capacity_rerun/capacity/capacity_dense2_rep1_random_20260915T143526Z.csv
  wrote 289002 lines -> data_raw/hazel_skylake/capacity_rerun/capacity/capacity_dense2_rep1_sequential_20260915T143526Z.csv
Wrote 289 summary rows to data_processed/hazel_skylake/capacity_rerun/capacity/dense2_rep1_random_summary.csv
Wrote 289 summary rows to data_processed/hazel_skylake/capacity_rerun/capacity/dense2_rep1_sequential_summary.csv
  -- repeat 2/2 of deepest boundary's dense window --
  wrote 289002 lines -> data_raw/hazel_skylake/capacity_rerun/capacity/capacity_dense2_rep2_random_20260915T143526Z.csv
  wrote 289002 lines -> data_raw/hazel_skylake/capacity_rerun/capacity/capacity_dense2_rep2_sequential_20260915T143526Z.csv
Wrote 289 summary rows to data_processed/hazel_skylake/capacity_rerun/capacity/dense2_rep2_random_summary.csv
Wrote 289 summary rows to data_processed/hazel_skylake/capacity_rerun/capacity/dense2_rep2_sequential_summary.csv
-- dense sweep past deepest boundary, checking for a further plateau: 67108864-268435456 --
  wrote 97002 lines -> data_raw/hazel_skylake/capacity_rerun/capacity/capacity_denseTail_random_20260915T143526Z.csv
  wrote 97002 lines -> data_raw/hazel_skylake/capacity_rerun/capacity/capacity_denseTail_sequential_20260915T143526Z.csv
Wrote 97 summary rows to data_processed/hazel_skylake/capacity_rerun/capacity/denseTail_random_summary.csv
Wrote 97 summary rows to data_processed/hazel_skylake/capacity_rerun/capacity/denseTail_sequential_summary.csv
-- generating plots --
  note: 117.375 KiB (random) has 2 overlapping summary rows with medians [8.7, 17.8] (spread 9.1 ticks, 68.8%) -- averaging, widening whiskers to the union
  note: 32 MiB (random) has 4 overlapping summary rows with medians [98.5, 99.0, 99.2, 131.3] (spread 32.7 ticks, 30.6%) -- averaging, widening whiskers to the union
  note: 69.7925 MiB (random) has 5 overlapping summary rows with medians [148.9, 149.0, 149.0, 151.2, 186.1] (spread 37.2 ticks, 23.7%) -- averaging, widening whiskers to the union
  note: 76.1093 MiB (random) has 5 overlapping summary rows with medians [153.0, 153.1, 152.7, 193.3, 187.4] (spread 40.6 ticks, 24.2%) -- averaging, widening whiskers to the union
  note: 98.7015 MiB (random) has 5 overlapping summary rows with medians [162.2, 162.6, 162.2, 197.8, 166.1] (spread 35.7 ticks, 21.0%) -- averaging, widening whiskers to the union
  note: 21.0512 MiB (random) has 3 overlapping summary rows with medians [47.3, 47.3, 154.2] (spread 107.0 ticks, 129.0%) -- averaging, widening whiskers to the union
  note: 23.2905 MiB (random) has 3 overlapping summary rows with medians [55.4, 55.7, 79.5] (spread 24.1 ticks, 37.9%) -- averaging, widening whiskers to the union
  note: 30.6433 MiB (random) has 3 overlapping summary rows with medians [93.7, 93.9, 162.4] (spread 68.7 ticks, 58.9%) -- averaging, widening whiskers to the union
  note: 38.6081 MiB (random) has 3 overlapping summary rows with medians [115.3, 115.3, 174.8] (spread 59.5 ticks, 44.0%) -- averaging, widening whiskers to the union
  note: 39.1697 MiB (random) has 3 overlapping summary rows with medians [116.4, 116.5, 169.6] (spread 53.2 ticks, 39.7%) -- averaging, widening whiskers to the union
  note: 39.7394 MiB (random) has 3 overlapping summary rows with medians [117.9, 120.2, 170.3] (spread 52.4 ticks, 38.5%) -- averaging, widening whiskers to the union
  note: 40.3175 MiB (random) has 3 overlapping summary rows with medians [119.0, 119.2, 151.5] (spread 32.5 ticks, 25.0%) -- averaging, widening whiskers to the union
  note: 40.9039 MiB (random) has 3 overlapping summary rows with medians [119.5, 119.4, 169.8] (spread 50.3 ticks, 37.0%) -- averaging, widening whiskers to the union
  note: 42.1025 MiB (random) has 3 overlapping summary rows with medians [121.9, 122.0, 187.4] (spread 65.5 ticks, 45.6%) -- averaging, widening whiskers to the union
  note: 42.7149 MiB (random) has 3 overlapping summary rows with medians [122.6, 122.5, 165.9] (spread 43.4 ticks, 31.7%) -- averaging, widening whiskers to the union
  note: 45.9131 MiB (random) has 3 overlapping summary rows with medians [127.6, 127.8, 170.3] (spread 42.7 ticks, 30.1%) -- averaging, widening whiskers to the union
  note: 46.5809 MiB (random) has 3 overlapping summary rows with medians [128.2, 128.6, 200.3] (spread 72.1 ticks, 47.3%) -- averaging, widening whiskers to the union
  note: 68.7919 MiB (random) has 4 overlapping summary rows with medians [149.0, 148.2, 151.5, 193.8] (spread 45.6 ticks, 28.4%) -- averaging, widening whiskers to the union
  note: 70.8076 MiB (random) has 4 overlapping summary rows with medians [149.8, 149.6, 153.3, 186.5] (spread 36.9 ticks, 23.1%) -- averaging, widening whiskers to the union
  note: 71.8376 MiB (random) has 4 overlapping summary rows with medians [150.7, 150.2, 153.5, 193.0] (spread 42.7 ticks, 26.4%) -- averaging, widening whiskers to the union
  note: 72.8825 MiB (random) has 4 overlapping summary rows with medians [151.1, 150.8, 184.3, 168.6] (spread 33.5 ticks, 20.4%) -- averaging, widening whiskers to the union
  note: 75.0181 MiB (random) has 4 overlapping summary rows with medians [152.3, 152.3, 185.1, 156.6] (spread 32.8 ticks, 20.3%) -- averaging, widening whiskers to the union
  note: 79.4789 MiB (random) has 4 overlapping summary rows with medians [154.4, 154.9, 197.5, 157.4] (spread 43.1 ticks, 25.9%) -- averaging, widening whiskers to the union
  note: 117.375 KiB (sequential) has 2 overlapping summary rows with medians [4.8, 9.0] (spread 4.1 ticks, 60.2%) -- averaging, widening whiskers to the union
  note: 5.82261 MiB (sequential) has 4 overlapping summary rows with medians [4.8, 4.8, 6.4, 5.2] (spread 1.5 ticks, 29.2%) -- averaging, widening whiskers to the union
Wrote data_processed/hazel_skylake/capacity_rerun/capacity/plots/capacity_curve.pdf and .png
Wrote data_processed/hazel_skylake/capacity_rerun/capacity/plots/capacity_boxplots.pdf and .png
-- compressing raw CSVs --
== done ==
== plots: data_processed/hazel_skylake/capacity_rerun/capacity/plots/capacity_curve.{png,pdf}, data_processed/hazel_skylake/capacity_rerun/capacity/plots/capacity_boxplots.{png,pdf} ==
== detected boundaries (bytes): 961544 23726560 33554432 ==
== record in data_raw/hazel_skylake/capacity_rerun/README.md: core=16, seed=12345, samples=1000000, timestamp=20260915T143526Z ==
== full transcript saved to: data_raw/hazel_skylake/capacity_rerun/capacity/run_capacity_full_20260915T143526Z.log ==

=== Done ===

------------------------------------------------------------
Resource usage summary:

    Job ID            : 842710
    Job name          : hw1_cap_relook
    User / Account    : krchen / ece592f26_cpu
    Partition / QOS   : compute_partners / short
    Submitted         : 2026-09-15T10:35:03
    Started           : 2026-09-15T10:35:23
    Wait time         : 20 sec
    Elapsed (wall)    : 00:57:05
    Nodes             : 1 (c051n03)
    CPUs allocated    : 1
    Tasks             : 1
    CPU time (total)  : 3404.69 sec  (user 3346.96, sys 57.74)
    CPU efficiency    : 99.4%
    Memory in use     : 530.35 MB  (sampled at job end; see seff for peak)
    Memory requested  : 8G
    Working directory : /gpfs_common/share01/titan/krchen/Proj1-Cache-Reverse-Engineering
    Exit code         : 0:0

    For final accounting (Slurm's MaxRSS, billing, etc.):  seff 842710
------------------------------------------------------------
