=== Machine identification (Phase Discipline whitelist only) ===
c050n01
Linux c050n01 5.14.0-611.5.1.el9_7.x86_64 #1 SMP PREEMPT_DYNAMIC Fri Oct 17 14:16:35 EDT 2025 x86_64 x86_64 x86_64 GNU/Linux
model name	: Intel(R) Xeon(R) Gold 6130 CPU @ 2.10GHz
CPU CORE SOCKET NODE
  0    0      0    0
  1    1      0    0
  2    2      0    0
  3    3      0    0
  4    4      0    0
  5    5      0    0
  6    6      0    0
  7    7      0    0
  8    8      0    0
  9    9      0    0
 10   10      0    0
 11   11      0    0
 12   12      0    0
 13   13      0    0
 14   14      0    0
 15   15      0    0
 16   16      1    1
 17   17      1    1
 18   18      1    1
 19   19      1    1
 20   20      1    1
 21   21      1    1
 22   22      1    1
 23   23      1    1
 24   24      1    1
 25   25      1    1
 26   26      1    1
 27   27      1    1
 28   28      1    1
 29   29      1    1
 30   30      1    1
 31   31      1    1

=== Slurm job context ===
SLURM_JOB_ID=833552
SLURM_JOB_NODELIST=c050n01
SLURM_CPUS_ON_NODE=1
SLURM_JOB_CONSTRAINT (feature match)=skylake
policy: default
preferred node: current
physcpubind: 16 
cpubind: 1 
nodebind: 1 
membind: 0 1 
preferred: 

=== Toolchain ===
gcc (GCC) 11.5.0 20240719 (Red Hat 11.5.0-11)

=== Benchmark commit ===
cache_bench git commit: cb7e0c8c82c0269507e665db04563dee78fda9a6

=== Build (isolated per-job directory, avoids races with sibling jobs) ===
gcc -O0 -g -std=c11 -Wall -Wextra -fno-omit-frame-pointer -c main_code/common/main.c -o main_code/common/main.o
gcc -O0 -g -std=c11 -Wall -Wextra -fno-omit-frame-pointer -c main_code/common/benchmark.c -o main_code/common/benchmark.o
gcc -O0 -g -std=c11 -Wall -Wextra -fno-omit-frame-pointer -c main_code/common/pointer_chase.c -o main_code/common/pointer_chase.o
gcc -O0 -g -std=c11 -Wall -Wextra -fno-omit-frame-pointer -c main_code/common/random.c -o main_code/common/random.o
gcc -O0 -g -std=c11 -Wall -Wextra -fno-omit-frame-pointer -c main_code/common/capacity.c -o main_code/common/capacity.o
gcc -O0 -g -std=c11 -Wall -Wextra -fno-omit-frame-pointer -c main_code/common/line_size.c -o main_code/common/line_size.o
gcc -O0 -g -std=c11 -Wall -Wextra -fno-omit-frame-pointer -c main_code/common/associativity.c -o main_code/common/associativity.o
gcc -O0 -g -std=c11 -Wall -Wextra -fno-omit-frame-pointer -c main_code/common/latency.c -o main_code/common/latency.o
gcc -O0 -g -std=c11 -Wall -Wextra -fno-omit-frame-pointer -c main_code/common/inclusion_policy.c -o main_code/common/inclusion_policy.o
gcc -O0 -g -std=c11 -Wall -Wextra -fno-omit-frame-pointer -c main_code/software_hit_rate/software_hit_rate.c -o main_code/software_hit_rate/software_hit_rate.o
gcc -O0 -g -std=c11 -Wall -Wextra -fno-omit-frame-pointer -o cache_bench main_code/common/main.o main_code/common/benchmark.o main_code/common/pointer_chase.o main_code/common/random.o main_code/common/capacity.o main_code/common/line_size.o main_code/common/associativity.o main_code/common/latency.o main_code/common/inclusion_policy.o main_code/software_hit_rate/software_hit_rate.o -lm

=== Smoke test: srun --cpu-bind=cores ./cache_bench (tiny capacity probe) ===
# experiment=capacity samples_requested=1000 samples_achieved=1000 batch_size=1000 num_batches=1 warmup_passes=2 seed=12345 node_bytes=8 pattern=random
size_bytes,num_nodes,pattern,batch_index,avg_ticks_per_access
4096,512,random,0,18.1840
4464,558,random,0,17.7280
4864,608,random,0,17.7840
5312,664,random,0,17.7440
5792,724,random,0,17.8920
6312,789,random,0,17.7780
6888,861,random,0,17.7240
7512,939,random,0,17.7700
8192,1024,random,0,17.7120
8928,1116,random,0,17.7340
9736,1217,random,0,17.7120
10624,1328,random,0,17.7440
11584,1448,random,0,17.7360
12632,1579,random,0,17.7260
13776,1722,random,0,17.7160
15024,1878,random,0,17.7740
16384,2048,random,0,17.8160
17864,2233,random,0,17.7580
19480,2435,random,0,17.7580
21240,2655,random,0,17.7740
23168,2896,random,0,17.7700
25264,3158,random,0,17.7500
27552,3444,random,0,17.8640
30048,3756,random,0,18.0540
32768,4096,random,0,18.0800
35728,4466,random,0,19.8380
38968,4871,random,0,21.5720
42488,5311,random,0,23.1500
46336,5792,random,0,24.0660
50528,6316,random,0,25.4820
55104,6888,random,0,25.8520
60096,7512,random,0,11.7820
65536,8192,random,0,12.1840

=== Phase Discipline gate check: is predictions-frozen an ancestor of HEAD? ===
predictions-frozen is an ancestor of HEAD -- real cache-suite runs are permitted
from a separate, dedicated job script once the full-suite pipeline is built.

=== Done ===

------------------------------------------------------------
Resource usage summary:

    Job ID            : 833552
    Job name          : hw1_cache
    User / Account    : krchen / ece592f26_cpu
    Partition / QOS   : compute_partners / short
    Submitted         : 2026-09-14T14:32:53
    Started           : 2026-09-14T14:32:59
    Wait time         : 6 sec
    Elapsed (wall)    : 00:00:39
    Nodes             : 1 (c050n01)
    CPUs allocated    : 1
    Tasks             : 1
    CPU time (total)  : 1.40 sec  (user 1.00, sys 0.42)
    CPU efficiency    : 3.6%
    Memory in use     : 68.09 MB  (sampled at job end; see seff for peak)
    Memory requested  : 4G
    Working directory : /gpfs_common/share01/titan/krchen/Proj1-Cache-Reverse-Engineering
    Exit code         : 0:0

    For final accounting (Slurm's MaxRSS, billing, etc.):  seff 833552
------------------------------------------------------------
