=== Machine identification (Phase Discipline whitelist only) ===
c050n02
Linux c050n02 5.14.0-611.5.1.el9_7.x86_64 #1 SMP PREEMPT_DYNAMIC Fri Oct 17 14:16:35 EDT 2025 x86_64 x86_64 x86_64 GNU/Linux
model name	: Intel(R) Xeon(R) Gold 6130 CPU @ 2.10GHz
Assigned core (informational): 16, SLURM_JOB_ID=839578

=== Running scripts/run_line_size.sh (HAZEL_MODE=1) for hazel_skylake/line_size_rerun, boundaries=23726560 ===
== run_line_size: machine=hazel_skylake/line_size_rerun core=16 seed=12345 ==
== timestamp=20260915T045234Z boundaries=23726560 coarse_strides=8,16,32,64,128,256 ==

############################################################
## LEVEL boundary=23726560B -- Method A window=[2965820,94906240] bytes
############################################################
-- [L23726560 A coarse] stride=8B pattern=random offset=0B --
  wrote 31002 lines -> data_raw/hazel_skylake/line_size_rerun/line_size/level_23726560/family_8_random_20260915T045234Z.csv
Wrote 31 summary rows to data_processed/hazel_skylake/line_size_rerun/line_size/level_23726560/family_8_random_summary.csv
-- [L23726560 A coarse] stride=8B pattern=sequential offset=0B --
  wrote 31002 lines -> data_raw/hazel_skylake/line_size_rerun/line_size/level_23726560/family_8_sequential_20260915T045234Z.csv
Wrote 31 summary rows to data_processed/hazel_skylake/line_size_rerun/line_size/level_23726560/family_8_sequential_summary.csv
-- [L23726560 A coarse] stride=16B pattern=random offset=0B --
  wrote 31002 lines -> data_raw/hazel_skylake/line_size_rerun/line_size/level_23726560/family_16_random_20260915T045234Z.csv
Wrote 31 summary rows to data_processed/hazel_skylake/line_size_rerun/line_size/level_23726560/family_16_random_summary.csv
-- [L23726560 A coarse] stride=16B pattern=sequential offset=0B --
  wrote 31002 lines -> data_raw/hazel_skylake/line_size_rerun/line_size/level_23726560/family_16_sequential_20260915T045234Z.csv
Wrote 31 summary rows to data_processed/hazel_skylake/line_size_rerun/line_size/level_23726560/family_16_sequential_summary.csv
-- [L23726560 A coarse] stride=32B pattern=random offset=0B --
  wrote 31002 lines -> data_raw/hazel_skylake/line_size_rerun/line_size/level_23726560/family_32_random_20260915T045234Z.csv
Wrote 31 summary rows to data_processed/hazel_skylake/line_size_rerun/line_size/level_23726560/family_32_random_summary.csv
-- [L23726560 A coarse] stride=32B pattern=sequential offset=0B --
  wrote 31002 lines -> data_raw/hazel_skylake/line_size_rerun/line_size/level_23726560/family_32_sequential_20260915T045234Z.csv
Wrote 31 summary rows to data_processed/hazel_skylake/line_size_rerun/line_size/level_23726560/family_32_sequential_summary.csv
-- [L23726560 A coarse] stride=64B pattern=random offset=0B --
  wrote 31002 lines -> data_raw/hazel_skylake/line_size_rerun/line_size/level_23726560/family_64_random_20260915T045234Z.csv
Wrote 31 summary rows to data_processed/hazel_skylake/line_size_rerun/line_size/level_23726560/family_64_random_summary.csv
-- [L23726560 A coarse] stride=64B pattern=sequential offset=0B --
  wrote 31002 lines -> data_raw/hazel_skylake/line_size_rerun/line_size/level_23726560/family_64_sequential_20260915T045234Z.csv
Wrote 31 summary rows to data_processed/hazel_skylake/line_size_rerun/line_size/level_23726560/family_64_sequential_summary.csv
-- [L23726560 A coarse] stride=128B pattern=random offset=0B --
  wrote 31002 lines -> data_raw/hazel_skylake/line_size_rerun/line_size/level_23726560/family_128_random_20260915T045234Z.csv
Wrote 31 summary rows to data_processed/hazel_skylake/line_size_rerun/line_size/level_23726560/family_128_random_summary.csv
-- [L23726560 A coarse] stride=128B pattern=sequential offset=0B --
  wrote 31002 lines -> data_raw/hazel_skylake/line_size_rerun/line_size/level_23726560/family_128_sequential_20260915T045234Z.csv
Wrote 31 summary rows to data_processed/hazel_skylake/line_size_rerun/line_size/level_23726560/family_128_sequential_summary.csv
-- [L23726560 A coarse] stride=256B pattern=random offset=0B --
  wrote 31002 lines -> data_raw/hazel_skylake/line_size_rerun/line_size/level_23726560/family_256_random_20260915T045234Z.csv
Wrote 31 summary rows to data_processed/hazel_skylake/line_size_rerun/line_size/level_23726560/family_256_random_summary.csv
-- [L23726560 A coarse] stride=256B pattern=sequential offset=0B --
  wrote 31002 lines -> data_raw/hazel_skylake/line_size_rerun/line_size/level_23726560/family_256_sequential_20260915T045234Z.csv
Wrote 31 summary rows to data_processed/hazel_skylake/line_size_rerun/line_size/level_23726560/family_256_sequential_summary.csv
-- [L23726560 A steps 1-3] generating coarse family-of-curves plots --
Wrote data_processed/hazel_skylake/line_size_rerun/line_size/level_23726560/plots/line_size_family_curve.pdf and .png
-- per-stride elbow (bytes): {8B: 53264320, 16B: 53264320, 32B: 42275904, 64B: 47453120, 128B: 47453056, 256B: 53264128}
-- line-size estimate: smallest candidate stride whose elbow agrees with largest tested stride (~53264128 bytes) is 8B -- see infer_line_size's docstring caveat on the fixed grid resolution before citing this as a clean line-size number on its own
Wrote data_processed/hazel_skylake/line_size_rerun/line_size/level_23726560/plots/line_size_family_boxplots.pdf and .png
   (the per-stride elbow / line-size-estimate lines just above are
   plot_line_size_family.py's own diagnostic guess from ONE un-repeated coarse
   sweep -- NOT auto-applied below; see data_processed/hazel_skylake/line_size_rerun/line_size/level_23726560/plots/line_size_family_curve.png
   and decide the step-4 candidate yourself)
== [L23726560 A] no candidate given for this level -- inspect
   data_processed/hazel_skylake/line_size_rerun/line_size/level_23726560/plots/line_size_family_curve.png yourself and re-run with an
   explicit candidate stride in candidate_overrides_csv for this level (no
   auto-detection: it proved unreliable across runs/cores, see the script's
   header comment). Skipping Method-A step 4.

-- [L23726560 B] single-curve method, footprint_bytes=47453120 (2.0x boundary) --
-- [L23726560 B coarse] stride 8-1024 bytes (step 8) --
  wrote 128002 lines -> data_raw/hazel_skylake/line_size_rerun/line_size/level_23726560/singlecurve_coarse_random_20260915T045234Z.csv
  wrote 128002 lines -> data_raw/hazel_skylake/line_size_rerun/line_size/level_23726560/singlecurve_coarse_sequential_20260915T045234Z.csv
Wrote 128 summary rows to data_processed/hazel_skylake/line_size_rerun/line_size/level_23726560/singlecurve_coarse_random_summary.csv
Wrote 128 summary rows to data_processed/hazel_skylake/line_size_rerun/line_size/level_23726560/singlecurve_coarse_sequential_summary.csv
-- [L23726560 B] detected line-size estimate (bytes): none --
-- [L23726560 B] no transition detected in the coarse sweep; skipping dense/repeat stages --
-- [L23726560 B] generating single-curve plots --
  note: flagged 4 isolated spike stride(s) as probable page-aliasing artifacts: [128, 256, 512, 1024]
Wrote data_processed/hazel_skylake/line_size_rerun/line_size/level_23726560/plots/line_size_curve.pdf and .png
Wrote data_processed/hazel_skylake/line_size_rerun/line_size/level_23726560/plots/line_size_boxplots.pdf and .png
-- compressing raw CSVs for level 23726560 --

############################################################
## step 5: cross-level, cross-method agreement summary
############################################################
   level boundary=23726560B -> method A (family of curves) = noneB, method B (single curve) = noneB
== no level/method produced a usable estimate -- widen windows or strides before citing anything
== done: all levels, both methods, complete ==
== this is a FROZEN PHASE-I TIMING-ONLY result -- compare against PMU counters
   and the documented/system-reported line size in Phase II before treating it as
   confirmed (see README.md's Phase I/II/III discipline).
== plots per level: data_processed/hazel_skylake/line_size_rerun/line_size/level_<boundary>/plots/line_size_family_{curve,boxplots}.{png,pdf} (A, steps 1-3),
          .../line_size_offset_{elbow,boxplots}.{png,pdf} (A, step 4), .../line_size_{curve,boxplots}.{png,pdf} (B) ==
== record in data_raw/hazel_skylake/line_size_rerun/README.md: boundaries=23726560, core=16,
   seed=12345, samples=1000000, coarse_strides=8,16,32,64,128,256, per-level/per-method estimates as above,
   timestamp=20260915T045234Z ==
== full transcript saved to: data_raw/hazel_skylake/line_size_rerun/line_size/run_line_size_20260915T045234Z.log ==

=== Done ===

------------------------------------------------------------
Resource usage summary:

    Job ID            : 839578
    Job name          : hw1_ls_relook
    User / Account    : krchen / ece592f26_cpu
    Partition / QOS   : compute_partners / short
    Submitted         : 2026-09-15T00:52:20
    Started           : 2026-09-15T00:52:33
    Wait time         : 13 sec
    Elapsed (wall)    : 00:01:24
    Nodes             : 1 (c050n02)
    CPUs allocated    : 1
    Tasks             : 1
    CPU time (total)  : 75.99 sec  (user 68.41, sys 7.58)
    CPU efficiency    : 90.5%
    Memory in use     : 190.88 MB  (sampled at job end; see seff for peak)
    Memory requested  : 8G
    Working directory : /gpfs_common/share01/titan/krchen/Proj1-Cache-Reverse-Engineering
    Exit code         : 0:0

    For final accounting (Slurm's MaxRSS, billing, etc.):  seff 839578
------------------------------------------------------------
