=== Machine identification (Phase Discipline whitelist only) ===
c051n03
Linux c051n03 5.14.0-611.5.1.el9_7.x86_64 #1 SMP PREEMPT_DYNAMIC Fri Oct 17 14:16:35 EDT 2025 x86_64 x86_64 x86_64 GNU/Linux
model name	: Intel(R) Xeon(R) Gold 6130 CPU @ 2.10GHz
Assigned logical CPU: 19, SLURM_JOB_ID=848698

=== Running scripts/run_miss_latency_full.sh (HAZEL_MODE=1) for hazel_skylake/phase1_v2, transitions=L1_to_L2:32768:1048576,L2_to_LLC:1048576:23726560,LLC_to_DRAM:23726560:536870912 ===
== run_miss_latency_full: machine=hazel_skylake/phase1_v2 core=19 base_seed=12345 ==
== timestamp=20260916T042807Z ==

== transition L1_to_L2: target_bytes=32768 evict_bytes=1048576 ==
-- base (seed=12345) --
  wrote 202 lines -> data_raw/hazel_skylake/phase1_v2/latency/miss/L1_to_L2/miss_latency_base_random_20260916T042807Z.csv (pattern=random seed=12345)
Wrote 1 summary rows to data_processed/hazel_skylake/phase1_v2/latency/miss/L1_to_L2/base_random_summary_20260916T042807Z.csv
  wrote 202 lines -> data_raw/hazel_skylake/phase1_v2/latency/miss/L1_to_L2/miss_latency_base_sequential_20260916T042807Z.csv (pattern=sequential seed=12345)
Wrote 1 summary rows to data_processed/hazel_skylake/phase1_v2/latency/miss/L1_to_L2/base_sequential_summary_20260916T042807Z.csv
-- rep1 (seed=12346) --
  wrote 202 lines -> data_raw/hazel_skylake/phase1_v2/latency/miss/L1_to_L2/miss_latency_rep1_random_20260916T042807Z.csv (pattern=random seed=12346)
Wrote 1 summary rows to data_processed/hazel_skylake/phase1_v2/latency/miss/L1_to_L2/rep1_random_summary_20260916T042807Z.csv
  wrote 202 lines -> data_raw/hazel_skylake/phase1_v2/latency/miss/L1_to_L2/miss_latency_rep1_sequential_20260916T042807Z.csv (pattern=sequential seed=12346)
Wrote 1 summary rows to data_processed/hazel_skylake/phase1_v2/latency/miss/L1_to_L2/rep1_sequential_summary_20260916T042807Z.csv
-- rep2 (seed=12347) --
  wrote 202 lines -> data_raw/hazel_skylake/phase1_v2/latency/miss/L1_to_L2/miss_latency_rep2_random_20260916T042807Z.csv (pattern=random seed=12347)
Wrote 1 summary rows to data_processed/hazel_skylake/phase1_v2/latency/miss/L1_to_L2/rep2_random_summary_20260916T042807Z.csv
  wrote 202 lines -> data_raw/hazel_skylake/phase1_v2/latency/miss/L1_to_L2/miss_latency_rep2_sequential_20260916T042807Z.csv (pattern=sequential seed=12347)
Wrote 1 summary rows to data_processed/hazel_skylake/phase1_v2/latency/miss/L1_to_L2/rep2_sequential_summary_20260916T042807Z.csv
-- found source-level (L1) hit_latency data for penalty annotation: data_processed/hazel_skylake/phase1_v2/latency/hit/L1/base_dependent_random_summary_20260916T042807Z.csv --
-- generating plots for L1_to_L2 --
  note: pattern=random has 3 overlapping summary rows with medians [82.0, 54.0, 54.0] (spread 28.0 ticks, 44.2%) -- averaging, widening whiskers to the union
  note: pattern=sequential has 3 overlapping summary rows with medians [110.0, 78.0, 124.0] (spread 46.0 ticks, 44.2%) -- averaging, widening whiskers to the union
Wrote data_processed/hazel_skylake/phase1_v2/latency/miss/L1_to_L2/plots/miss_latency_boxplots.pdf and .png
-- compressing raw CSVs for L1_to_L2 --

== transition L2_to_LLC: target_bytes=1048576 evict_bytes=23726560 ==
-- base (seed=12345) --
  wrote 202 lines -> data_raw/hazel_skylake/phase1_v2/latency/miss/L2_to_LLC/miss_latency_base_random_20260916T042807Z.csv (pattern=random seed=12345)
Wrote 1 summary rows to data_processed/hazel_skylake/phase1_v2/latency/miss/L2_to_LLC/base_random_summary_20260916T042807Z.csv
  wrote 202 lines -> data_raw/hazel_skylake/phase1_v2/latency/miss/L2_to_LLC/miss_latency_base_sequential_20260916T042807Z.csv (pattern=sequential seed=12345)
Wrote 1 summary rows to data_processed/hazel_skylake/phase1_v2/latency/miss/L2_to_LLC/base_sequential_summary_20260916T042807Z.csv
-- rep1 (seed=12346) --
  wrote 202 lines -> data_raw/hazel_skylake/phase1_v2/latency/miss/L2_to_LLC/miss_latency_rep1_random_20260916T042807Z.csv (pattern=random seed=12346)
Wrote 1 summary rows to data_processed/hazel_skylake/phase1_v2/latency/miss/L2_to_LLC/rep1_random_summary_20260916T042807Z.csv
  wrote 202 lines -> data_raw/hazel_skylake/phase1_v2/latency/miss/L2_to_LLC/miss_latency_rep1_sequential_20260916T042807Z.csv (pattern=sequential seed=12346)
Wrote 1 summary rows to data_processed/hazel_skylake/phase1_v2/latency/miss/L2_to_LLC/rep1_sequential_summary_20260916T042807Z.csv
-- rep2 (seed=12347) --
  wrote 202 lines -> data_raw/hazel_skylake/phase1_v2/latency/miss/L2_to_LLC/miss_latency_rep2_random_20260916T042807Z.csv (pattern=random seed=12347)
Wrote 1 summary rows to data_processed/hazel_skylake/phase1_v2/latency/miss/L2_to_LLC/rep2_random_summary_20260916T042807Z.csv
  wrote 202 lines -> data_raw/hazel_skylake/phase1_v2/latency/miss/L2_to_LLC/miss_latency_rep2_sequential_20260916T042807Z.csv (pattern=sequential seed=12347)
Wrote 1 summary rows to data_processed/hazel_skylake/phase1_v2/latency/miss/L2_to_LLC/rep2_sequential_summary_20260916T042807Z.csv
-- found source-level (L2) hit_latency data for penalty annotation: data_processed/hazel_skylake/phase1_v2/latency/hit/L2/base_dependent_random_summary_20260916T042807Z.csv data_processed/hazel_skylake/phase1_v2/latency/hit/L2/rep1_dependent_random_summary_20260916T042807Z.csv data_processed/hazel_skylake/phase1_v2/latency/hit/L2/rep2_dependent_random_summary_20260916T042807Z.csv --
-- generating plots for L2_to_LLC --
  note: pattern=sequential has 3 overlapping summary rows with medians [114.0, 126.0, 246.0] (spread 132.0 ticks, 81.5%) -- averaging, widening whiskers to the union
Wrote data_processed/hazel_skylake/phase1_v2/latency/miss/L2_to_LLC/plots/miss_latency_boxplots.pdf and .png
-- compressing raw CSVs for L2_to_LLC --

== transition LLC_to_DRAM: target_bytes=23726560 evict_bytes=536870912 ==
-- base (seed=12345) --
[2026-09-16T00:31:53.568] error: *** STEP 848698.12 ON c051n03 CANCELLED AT 2026-09-16T00:31:53 DUE to SIGNAL Terminated ***
srun: Job step aborted: Waiting up to 32 seconds for job step to finish.
srun: error: c051n03: task 0: Terminated

------------------------------------------------------------
Resource usage summary:

    Job ID            : 848698
    Job name          : hw1_misslat_relook
    User / Account    : krchen / ece592f26_cpu
    Partition / QOS   : compute_partners / short
    Submitted         : 2026-09-16T00:27:54
    Started           : 2026-09-16T00:28:06
    Wait time         : 12 sec
    Elapsed (wall)    : 00:03:47
    Nodes             : 1 (c051n03)
    CPUs allocated    : 1
    Tasks             : 1
    CPU time (total)  : 137.48 sec  (user 135.86, sys 1.63)
    CPU efficiency    : 60.6%
    Memory in use     : 1.03 GB  (sampled at job end; see seff for peak)
    Memory requested  : 8G
    Working directory : /gpfs_common/share01/titan/krchen/Proj1-Cache-Reverse-Engineering
    Exit code         : 0:0

    For final accounting (Slurm's MaxRSS, billing, etc.):  seff 848698
------------------------------------------------------------
