== run_software_hit_rate_sweep: machine=upgrade core=5 seed=12345 ==
== boundaries=L1:32768,L2:262144,LLC:12582912,DRAM:536870912 ==
== timestamp=20260914T123657Z ==
== test_bytes=4096 ==
  # result tau_ticks=75.0000 sensitivity=0.9950 specificity=0.9999 p_obs=0.9998 Hhat=1.0000 ci_lower=1.0000 ci_upper=1.0000 bootstrap_mean=1.0000 bootstrap_std=0.0000 bootstrap_reps=2000
== test_bytes=16384 ==
  # result tau_ticks=81.0000 sensitivity=0.9952 specificity=0.9998 p_obs=0.9999 Hhat=1.0000 ci_lower=1.0000 ci_upper=1.0000 bootstrap_mean=1.0000 bootstrap_std=0.0000 bootstrap_reps=2000
== test_bytes=32768 ==
  # result tau_ticks=85.0000 sensitivity=0.9950 specificity=0.9996 p_obs=0.9999 Hhat=1.0000 ci_lower=1.0000 ci_upper=1.0000 bootstrap_mean=1.0000 bootstrap_std=0.0000 bootstrap_reps=2000
== test_bytes=65536 ==
  # result tau_ticks=80.0000 sensitivity=0.9952 specificity=0.9998 p_obs=0.9996 Hhat=1.0000 ci_lower=1.0000 ci_upper=1.0000 bootstrap_mean=1.0000 bootstrap_std=0.0000 bootstrap_reps=2000
== test_bytes=131072 ==
  # result tau_ticks=80.0000 sensitivity=0.9953 specificity=0.9999 p_obs=0.9940 Hhat=0.9987 ci_lower=0.9882 ci_upper=1.0000 bootstrap_mean=0.9972 bootstrap_std=0.0037 bootstrap_reps=2000
== test_bytes=262144 ==
  # result tau_ticks=83.0000 sensitivity=0.9952 specificity=0.9997 p_obs=0.9944 Hhat=0.9992 ci_lower=0.9512 ci_upper=1.0000 bootstrap_mean=0.9956 bootstrap_std=0.0117 bootstrap_reps=2000
== test_bytes=1048576 ==
  # result tau_ticks=81.0000 sensitivity=0.9953 specificity=0.9998 p_obs=0.8540 Hhat=0.8580 ci_lower=0.5244 ci_upper=0.8603 bootstrap_mean=0.7623 bootstrap_std=0.1062 bootstrap_reps=2000
== test_bytes=4194304 ==
  # result tau_ticks=82.0000 sensitivity=0.9953 specificity=0.9997 p_obs=0.8475 Hhat=0.8514 ci_lower=0.5211 ci_upper=0.8545 bootstrap_mean=0.8185 bootstrap_std=0.0990 bootstrap_reps=2000
== test_bytes=8388608 ==
  # result tau_ticks=79.0000 sensitivity=0.9953 specificity=0.9998 p_obs=0.4782 Hhat=0.4803 ci_lower=0.1361 ci_upper=0.4846 bootstrap_mean=0.4251 bootstrap_std=0.0945 bootstrap_reps=2000
== test_bytes=12582912 ==
  # result tau_ticks=78.0000 sensitivity=0.9953 specificity=0.9999 p_obs=0.2377 Hhat=0.2387 ci_lower=0.1403 ci_upper=0.2420 bootstrap_mean=0.2072 bootstrap_std=0.0411 bootstrap_reps=2000
== test_bytes=16777216 ==
  # result tau_ticks=76.0000 sensitivity=0.9952 specificity=1.0000 p_obs=0.0642 Hhat=0.0644 ci_lower=0.0229 ci_upper=0.1399 bootstrap_mean=0.0736 bootstrap_std=0.0393 bootstrap_reps=2000
== test_bytes=25165824 ==
  # result tau_ticks=77.0000 sensitivity=0.9952 specificity=0.9998 p_obs=0.0532 Hhat=0.0533 ci_lower=0.0374 ci_upper=0.0553 bootstrap_mean=0.0514 bootstrap_std=0.0053 bootstrap_reps=2000
== test_bytes=67108864 ==
  # result tau_ticks=85.0000 sensitivity=0.9953 specificity=0.9998 p_obs=0.0291 Hhat=0.0290 ci_lower=0.0130 ci_upper=0.0303 bootstrap_mean=0.0248 bootstrap_std=0.0059 bootstrap_reps=2000
== test_bytes=134217728 ==
  # result tau_ticks=79.0000 sensitivity=0.9951 specificity=0.9999 p_obs=0.0035 Hhat=0.0033 ci_lower=0.0025 ci_upper=0.0038 bootstrap_mean=0.0032 bootstrap_std=0.0004 bootstrap_reps=2000
== test_bytes=268435456 ==
  # result tau_ticks=83.0000 sensitivity=0.9952 specificity=0.9999 p_obs=0.0013 Hhat=0.0011 ci_lower=0.0006 ci_upper=0.0014 bootstrap_mean=0.0010 bootstrap_std=0.0002 bootstrap_reps=2000
== test_bytes=536870912 ==
  # result tau_ticks=85.0000 sensitivity=0.9951 specificity=0.9999 p_obs=0.0003 Hhat=0.0002 ci_lower=0.0000 ci_upper=0.0004 bootstrap_mean=0.0002 bootstrap_std=0.0001 bootstrap_reps=2000
wrote 16 rows -> data_raw/upgrade/software_hit_rate/hit_rate_sweep_20260914T123657Z.csv
-- generating plots --
wrote data_processed/upgrade/software_hit_rate/plots/calibration_distributions.{png,pdf}
wrote data_processed/upgrade/software_hit_rate/plots/hit_rate_sweep.{png,pdf}
-- compressing raw per-access CSVs --

== done ==
== summary: data_raw/upgrade/software_hit_rate/hit_rate_sweep_20260914T123657Z.csv ==
== record in data_raw/upgrade/README.md: core=5, seed=12345, timestamp=20260914T123657Z ==
== full transcript saved to: data_raw/upgrade/software_hit_rate/run_software_hit_rate_sweep_20260914T123657Z.log ==
