== run_inclusion_policy_full: machine=artemisia core=4 base_seed=12345 ==
== assumed_line_size_bytes=64 (confirmed for Sunbird 2026-09-11; verify for other machines) ==
== timestamp=20260913T181516Z ==

== L1_vs_L2: target_bytes=49152 lower_level_bytes=2097152 -> evict_bytes=134217728 (scaled 4096/64x) ==
-- survived-class calibration (evict_bytes=target_bytes, nothing evicted) --
  survived-class (single-shot, calibrated here): 70.08 ticks
  invalidated-class (from data_processed/artemisia/latency/miss/L2_to_LLC/base_random_summary_20260913T061940Z.csv): 381.0 ticks
-- base (seed=12345) --
  wrote 402 lines -> data_raw/artemisia/inclusion_policy/L1_vs_L2/inclusion_policy_base_random_20260913T181516Z.csv (pattern=random seed=12345)
Wrote 2 summary rows to data_processed/artemisia/inclusion_policy/L1_vs_L2/base_random_summary_20260913T181516Z.csv
  wrote 402 lines -> data_raw/artemisia/inclusion_policy/L1_vs_L2/inclusion_policy_base_sequential_20260913T181516Z.csv (pattern=sequential seed=12345)
Wrote 2 summary rows to data_processed/artemisia/inclusion_policy/L1_vs_L2/base_sequential_summary_20260913T181516Z.csv
-- rep1 (seed=12346) --
  wrote 402 lines -> data_raw/artemisia/inclusion_policy/L1_vs_L2/inclusion_policy_rep1_random_20260913T181516Z.csv (pattern=random seed=12346)
Wrote 2 summary rows to data_processed/artemisia/inclusion_policy/L1_vs_L2/rep1_random_summary_20260913T181516Z.csv
  wrote 402 lines -> data_raw/artemisia/inclusion_policy/L1_vs_L2/inclusion_policy_rep1_sequential_20260913T181516Z.csv (pattern=sequential seed=12346)
Wrote 2 summary rows to data_processed/artemisia/inclusion_policy/L1_vs_L2/rep1_sequential_summary_20260913T181516Z.csv
-- rep2 (seed=12347) --
  wrote 402 lines -> data_raw/artemisia/inclusion_policy/L1_vs_L2/inclusion_policy_rep2_random_20260913T181516Z.csv (pattern=random seed=12347)
Wrote 2 summary rows to data_processed/artemisia/inclusion_policy/L1_vs_L2/rep2_random_summary_20260913T181516Z.csv
  wrote 402 lines -> data_raw/artemisia/inclusion_policy/L1_vs_L2/inclusion_policy_rep2_sequential_20260913T181516Z.csv (pattern=sequential seed=12347)
Wrote 2 summary rows to data_processed/artemisia/inclusion_policy/L1_vs_L2/rep2_sequential_summary_20260913T181516Z.csv
Survived-class (upper-level hit) median:       70.08 ticks
Invalidated-class (beyond-lower-level) median: 381.00 ticks
Classification boundary (geometric mean):      163.40 ticks

TARGET channel  (n=200): median=160.0 mean=157.1 ticks -- 44 survived-like (22.0%), 155 ambiguous, 1 invalidated-like (0.5%)
CONTROL channel (n=200): median=110.0 mean=111.1 ticks -- 200 survived-like (100.0%), 0 ambiguous, 0 invalidated-like (0.0%)
Paired check: target read slower than its own trial's control in 100.0% of trials (distribution-free, independent of the class boundary above)

VERDICT: UNCERTAIN (mixed result -- do not claim a global policy from this alone)
-- generating plots for L1_vs_L2 --
Wrote data_processed/artemisia/inclusion_policy/L1_vs_L2/plots/inclusion_policy_boxplots.pdf and .png
-- compressing raw CSVs for L1_vs_L2 --

== L2_vs_LLC: target_bytes=2097152 lower_level_bytes=31457280 -> evict_bytes=2013265920 (scaled 4096/64x) ==
-- survived-class calibration (evict_bytes=target_bytes, nothing evicted) --
  survived-class (single-shot, calibrated here): 88.772 ticks
  invalidated-class (from data_processed/artemisia/latency/miss/LLC_to_DRAM/base_random_summary_20260913T061940Z.csv): 582.0 ticks
-- base (seed=12345) --
  wrote 402 lines -> data_raw/artemisia/inclusion_policy/L2_vs_LLC/inclusion_policy_base_random_20260913T181516Z.csv (pattern=random seed=12345)
Wrote 2 summary rows to data_processed/artemisia/inclusion_policy/L2_vs_LLC/base_random_summary_20260913T181516Z.csv
  wrote 402 lines -> data_raw/artemisia/inclusion_policy/L2_vs_LLC/inclusion_policy_base_sequential_20260913T181516Z.csv (pattern=sequential seed=12345)
Wrote 2 summary rows to data_processed/artemisia/inclusion_policy/L2_vs_LLC/base_sequential_summary_20260913T181516Z.csv
-- rep1 (seed=12346) --
  wrote 402 lines -> data_raw/artemisia/inclusion_policy/L2_vs_LLC/inclusion_policy_rep1_random_20260913T181516Z.csv (pattern=random seed=12346)
Wrote 2 summary rows to data_processed/artemisia/inclusion_policy/L2_vs_LLC/rep1_random_summary_20260913T181516Z.csv
  wrote 402 lines -> data_raw/artemisia/inclusion_policy/L2_vs_LLC/inclusion_policy_rep1_sequential_20260913T181516Z.csv (pattern=sequential seed=12346)
Wrote 2 summary rows to data_processed/artemisia/inclusion_policy/L2_vs_LLC/rep1_sequential_summary_20260913T181516Z.csv
-- rep2 (seed=12347) --
  wrote 402 lines -> data_raw/artemisia/inclusion_policy/L2_vs_LLC/inclusion_policy_rep2_random_20260913T181516Z.csv (pattern=random seed=12347)
Wrote 2 summary rows to data_processed/artemisia/inclusion_policy/L2_vs_LLC/rep2_random_summary_20260913T181516Z.csv
  wrote 402 lines -> data_raw/artemisia/inclusion_policy/L2_vs_LLC/inclusion_policy_rep2_sequential_20260913T181516Z.csv (pattern=sequential seed=12347)
Wrote 2 summary rows to data_processed/artemisia/inclusion_policy/L2_vs_LLC/rep2_sequential_summary_20260913T181516Z.csv
Survived-class (upper-level hit) median:       88.77 ticks
Invalidated-class (beyond-lower-level) median: 582.00 ticks
Classification boundary (geometric mean):      227.30 ticks

TARGET channel  (n=200): median=476.0 mean=565.5 ticks -- 0 survived-like (0.0%), 0 ambiguous, 200 invalidated-like (100.0%)
CONTROL channel (n=200): median=234.0 mean=245.9 ticks -- 1 survived-like (0.5%), 184 ambiguous, 15 invalidated-like (7.5%)
Paired check: target read slower than its own trial's control in 100.0% of trials (distribution-free, independent of the class boundary above)

VERDICT: INCLUSIVE (lower-level eviction consistently removed the upper-level copy)
-- generating plots for L2_vs_LLC --
  note: ('target', 'random') has 3 overlapping summary rows with medians [476.0, 394.0, 282.0] (spread 194.0 ticks, 50.5%) -- averaging, widening whiskers to the union
  note: ('target', 'sequential') has 3 overlapping summary rows with medians [458.0, 356.0, 277.0] (spread 181.0 ticks, 49.8%) -- averaging, widening whiskers to the union
Wrote data_processed/artemisia/inclusion_policy/L2_vs_LLC/plots/inclusion_policy_boxplots.pdf and .png
-- compressing raw CSVs for L2_vs_LLC --

== L1_vs_LLC: target_bytes=49152 lower_level_bytes=31457280 -> evict_bytes=2013265920 (scaled 4096/64x) ==
-- survived-class calibration (evict_bytes=target_bytes, nothing evicted) --
  survived-class (single-shot, calibrated here): 70.216 ticks
  invalidated-class (from data_processed/artemisia/latency/miss/LLC_to_DRAM/base_random_summary_20260913T061940Z.csv): 582.0 ticks
-- base (seed=12345) --
  wrote 402 lines -> data_raw/artemisia/inclusion_policy/L1_vs_LLC/inclusion_policy_base_random_20260913T181516Z.csv (pattern=random seed=12345)
Wrote 2 summary rows to data_processed/artemisia/inclusion_policy/L1_vs_LLC/base_random_summary_20260913T181516Z.csv
  wrote 402 lines -> data_raw/artemisia/inclusion_policy/L1_vs_LLC/inclusion_policy_base_sequential_20260913T181516Z.csv (pattern=sequential seed=12345)
Wrote 2 summary rows to data_processed/artemisia/inclusion_policy/L1_vs_LLC/base_sequential_summary_20260913T181516Z.csv
-- rep1 (seed=12346) --
  wrote 402 lines -> data_raw/artemisia/inclusion_policy/L1_vs_LLC/inclusion_policy_rep1_random_20260913T181516Z.csv (pattern=random seed=12346)
Wrote 2 summary rows to data_processed/artemisia/inclusion_policy/L1_vs_LLC/rep1_random_summary_20260913T181516Z.csv
  wrote 402 lines -> data_raw/artemisia/inclusion_policy/L1_vs_LLC/inclusion_policy_rep1_sequential_20260913T181516Z.csv (pattern=sequential seed=12346)
Wrote 2 summary rows to data_processed/artemisia/inclusion_policy/L1_vs_LLC/rep1_sequential_summary_20260913T181516Z.csv
-- rep2 (seed=12347) --
  wrote 402 lines -> data_raw/artemisia/inclusion_policy/L1_vs_LLC/inclusion_policy_rep2_random_20260913T181516Z.csv (pattern=random seed=12347)
Wrote 2 summary rows to data_processed/artemisia/inclusion_policy/L1_vs_LLC/rep2_random_summary_20260913T181516Z.csv
  wrote 402 lines -> data_raw/artemisia/inclusion_policy/L1_vs_LLC/inclusion_policy_rep2_sequential_20260913T181516Z.csv (pattern=sequential seed=12347)
Wrote 2 summary rows to data_processed/artemisia/inclusion_policy/L1_vs_LLC/rep2_sequential_summary_20260913T181516Z.csv
Survived-class (upper-level hit) median:       70.22 ticks
Invalidated-class (beyond-lower-level) median: 582.00 ticks
Classification boundary (geometric mean):      202.15 ticks

TARGET channel  (n=200): median=523.0 mean=562.0 ticks -- 0 survived-like (0.0%), 0 ambiguous, 200 invalidated-like (100.0%)
CONTROL channel (n=200): median=208.0 mean=230.7 ticks -- 0 survived-like (0.0%), 177 ambiguous, 23 invalidated-like (11.5%)
Paired check: target read slower than its own trial's control in 98.0% of trials (distribution-free, independent of the class boundary above)

VERDICT: INCLUSIVE (lower-level eviction consistently removed the upper-level copy)
-- generating plots for L1_vs_LLC --
  note: ('target', 'random') has 3 overlapping summary rows with medians [523.0, 502.0, 292.0] (spread 231.0 ticks, 52.6%) -- averaging, widening whiskers to the union
  note: ('control', 'random') has 3 overlapping summary rows with medians [208.0, 368.0, 228.0] (spread 160.0 ticks, 59.7%) -- averaging, widening whiskers to the union
  note: ('target', 'sequential') has 3 overlapping summary rows with medians [442.0, 292.0, 290.0] (spread 152.0 ticks, 44.5%) -- averaging, widening whiskers to the union
  note: ('control', 'sequential') has 3 overlapping summary rows with medians [216.0, 194.0, 238.0] (spread 44.0 ticks, 20.4%) -- averaging, widening whiskers to the union
Wrote data_processed/artemisia/inclusion_policy/L1_vs_LLC/plots/inclusion_policy_boxplots.pdf and .png
-- compressing raw CSVs for L1_vs_LLC --

== done ==
== L1_vs_L2: VERDICT: UNCERTAIN (mixed result -- do not claim a global policy from this alone) ==
== L2_vs_LLC: VERDICT: INCLUSIVE (lower-level eviction consistently removed the upper-level copy) ==
== L1_vs_LLC: VERDICT: INCLUSIVE (lower-level eviction consistently removed the upper-level copy) ==
== record in data_raw/artemisia/README.md: core=4, base_seed=12345 (repeats use base_seed+index), trials=200, assumed_line_size_bytes=64, timestamp=20260913T181516Z ==
== full transcript saved to: data_raw/artemisia/inclusion_policy/run_inclusion_policy_full_20260913T181516Z.log ==
