== run_associativity_full: machine=hazel_icelake_6326 core=17 base_seed=12345 max_ways=40 ==
== timestamp=20260915T022145Z ==
-- using explicit cache_bytes override: 32768 1310720 25874000 --

== level L1: cache_bytes=32768 ==
-- base sweep num_ways=2-40 --
  wrote 39002 lines -> data_raw/hazel_icelake_6326/associativity/L1/associativity_base_random_20260915T022145Z.csv (seed=12345)
  wrote 39002 lines -> data_raw/hazel_icelake_6326/associativity/L1/associativity_base_sequential_20260915T022145Z.csv (seed=12345)
Wrote 39 summary rows to data_processed/hazel_icelake_6326/associativity/L1/base_random_summary_20260915T022145Z.csv
Wrote 39 summary rows to data_processed/hazel_icelake_6326/associativity/L1/base_sequential_summary_20260915T022145Z.csv
-- detected associativity estimate: 9 --
  -- repeat 1/2 (seed=12346) --
  wrote 39002 lines -> data_raw/hazel_icelake_6326/associativity/L1/associativity_rep1_random_20260915T022145Z.csv (seed=12346)
  wrote 39002 lines -> data_raw/hazel_icelake_6326/associativity/L1/associativity_rep1_sequential_20260915T022145Z.csv (seed=12346)
Wrote 39 summary rows to data_processed/hazel_icelake_6326/associativity/L1/rep1_random_summary_20260915T022145Z.csv
Wrote 39 summary rows to data_processed/hazel_icelake_6326/associativity/L1/rep1_sequential_summary_20260915T022145Z.csv
     repeat 1 detected estimate: 9
  -- repeat 2/2 (seed=12347) --
  wrote 39002 lines -> data_raw/hazel_icelake_6326/associativity/L1/associativity_rep2_random_20260915T022145Z.csv (seed=12347)
  wrote 39002 lines -> data_raw/hazel_icelake_6326/associativity/L1/associativity_rep2_sequential_20260915T022145Z.csv (seed=12347)
Wrote 39 summary rows to data_processed/hazel_icelake_6326/associativity/L1/rep2_random_summary_20260915T022145Z.csv
Wrote 39 summary rows to data_processed/hazel_icelake_6326/associativity/L1/rep2_sequential_summary_20260915T022145Z.csv
     repeat 2 detected estimate: 9
-- generating plots for L1 --
  note: num_ways=3 (random) has 3 overlapping summary rows with medians [14.2, 11.7, 16.1] (spread 4.4 ticks, 31.4%) -- averaging, widening whiskers to the union
  note: num_ways=4 (random) has 3 overlapping summary rows with medians [8.9, 11.7, 9.6] (spread 2.8 ticks, 28.1%) -- averaging, widening whiskers to the union
  note: num_ways=2 (sequential) has 3 overlapping summary rows with medians [16.1, 25.7, 17.5] (spread 9.6 ticks, 48.4%) -- averaging, widening whiskers to the union
Wrote data_processed/hazel_icelake_6326/associativity/L1/plots/associativity_curve.pdf and .png
Wrote data_processed/hazel_icelake_6326/associativity/L1/plots/associativity_boxplots.pdf and .png
-- compressing raw CSVs for L1 --

== level L2: cache_bytes=1310720 ==
-- base sweep num_ways=2-40 --
  wrote 39002 lines -> data_raw/hazel_icelake_6326/associativity/L2/associativity_base_random_20260915T022145Z.csv (seed=12345)
  wrote 39002 lines -> data_raw/hazel_icelake_6326/associativity/L2/associativity_base_sequential_20260915T022145Z.csv (seed=12345)
Wrote 39 summary rows to data_processed/hazel_icelake_6326/associativity/L2/base_random_summary_20260915T022145Z.csv
Wrote 39 summary rows to data_processed/hazel_icelake_6326/associativity/L2/base_sequential_summary_20260915T022145Z.csv
-- detected associativity estimate: 9 --
  -- repeat 1/2 (seed=12346) --
  wrote 39002 lines -> data_raw/hazel_icelake_6326/associativity/L2/associativity_rep1_random_20260915T022145Z.csv (seed=12346)
  wrote 39002 lines -> data_raw/hazel_icelake_6326/associativity/L2/associativity_rep1_sequential_20260915T022145Z.csv (seed=12346)
Wrote 39 summary rows to data_processed/hazel_icelake_6326/associativity/L2/rep1_random_summary_20260915T022145Z.csv
Wrote 39 summary rows to data_processed/hazel_icelake_6326/associativity/L2/rep1_sequential_summary_20260915T022145Z.csv
     repeat 1 detected estimate: 12
  -- repeat 2/2 (seed=12347) --
  wrote 39002 lines -> data_raw/hazel_icelake_6326/associativity/L2/associativity_rep2_random_20260915T022145Z.csv (seed=12347)
  wrote 39002 lines -> data_raw/hazel_icelake_6326/associativity/L2/associativity_rep2_sequential_20260915T022145Z.csv (seed=12347)
Wrote 39 summary rows to data_processed/hazel_icelake_6326/associativity/L2/rep2_random_summary_20260915T022145Z.csv
Wrote 39 summary rows to data_processed/hazel_icelake_6326/associativity/L2/rep2_sequential_summary_20260915T022145Z.csv
     repeat 2 detected estimate: 12
WARNING: repeat(s) disagree with the base estimate (base=9,
         repeats=12 12) -- do NOT treat this level's
         associativity as resolved; investigate before citing a number.
-- generating plots for L2 --
  note: num_ways=10 (random) has 3 overlapping summary rows with medians [16.0, 8.9, 8.9] (spread 7.1 ticks, 63.3%) -- averaging, widening whiskers to the union
  note: num_ways=11 (random) has 3 overlapping summary rows with medians [16.1, 8.9, 8.9] (spread 7.2 ticks, 63.4%) -- averaging, widening whiskers to the union
  note: num_ways=12 (random) has 3 overlapping summary rows with medians [16.0, 8.9, 9.9] (spread 7.1 ticks, 61.5%) -- averaging, widening whiskers to the union
  note: num_ways=22 (random) has 3 overlapping summary rows with medians [15.7, 34.8, 34.0] (spread 19.1 ticks, 67.9%) -- averaging, widening whiskers to the union
  note: num_ways=23 (random) has 3 overlapping summary rows with medians [15.7, 33.5, 33.6] (spread 17.9 ticks, 64.8%) -- averaging, widening whiskers to the union
  note: num_ways=24 (random) has 3 overlapping summary rows with medians [33.5, 41.6, 40.7] (spread 8.1 ticks, 21.0%) -- averaging, widening whiskers to the union
  note: num_ways=25 (random) has 3 overlapping summary rows with medians [35.0, 45.8, 45.2] (spread 10.7 ticks, 25.6%) -- averaging, widening whiskers to the union
  note: num_ways=26 (random) has 3 overlapping summary rows with medians [35.2, 45.9, 44.8] (spread 10.7 ticks, 25.6%) -- averaging, widening whiskers to the union
  note: num_ways=27 (random) has 3 overlapping summary rows with medians [42.8, 55.3, 56.3] (spread 13.5 ticks, 26.2%) -- averaging, widening whiskers to the union
  note: num_ways=28 (random) has 3 overlapping summary rows with medians [43.8, 52.4, 54.4] (spread 10.6 ticks, 21.1%) -- averaging, widening whiskers to the union
  note: num_ways=9 (sequential) has 3 overlapping summary rows with medians [8.9, 16.0, 8.9] (spread 7.1 ticks, 63.3%) -- averaging, widening whiskers to the union
  note: num_ways=10 (sequential) has 3 overlapping summary rows with medians [8.9, 16.0, 9.9] (spread 7.1 ticks, 61.4%) -- averaging, widening whiskers to the union
  note: num_ways=11 (sequential) has 3 overlapping summary rows with medians [8.9, 16.0, 8.3] (spread 7.8 ticks, 70.2%) -- averaging, widening whiskers to the union
  note: num_ways=12 (sequential) has 3 overlapping summary rows with medians [8.9, 16.1, 8.9] (spread 7.2 ticks, 63.4%) -- averaging, widening whiskers to the union
  note: num_ways=22 (sequential) has 3 overlapping summary rows with medians [35.3, 16.0, 34.5] (spread 19.3 ticks, 67.4%) -- averaging, widening whiskers to the union
  note: num_ways=23 (sequential) has 3 overlapping summary rows with medians [34.0, 15.8, 33.4] (spread 18.3 ticks, 65.8%) -- averaging, widening whiskers to the union
  note: num_ways=24 (sequential) has 3 overlapping summary rows with medians [41.8, 32.8, 42.2] (spread 9.5 ticks, 24.4%) -- averaging, widening whiskers to the union
  note: num_ways=25 (sequential) has 3 overlapping summary rows with medians [48.6, 34.4, 46.6] (spread 14.2 ticks, 32.9%) -- averaging, widening whiskers to the union
  note: num_ways=26 (sequential) has 3 overlapping summary rows with medians [45.4, 34.9, 45.8] (spread 10.9 ticks, 25.9%) -- averaging, widening whiskers to the union
Wrote data_processed/hazel_icelake_6326/associativity/L2/plots/associativity_curve.pdf and .png
Wrote data_processed/hazel_icelake_6326/associativity/L2/plots/associativity_boxplots.pdf and .png
-- compressing raw CSVs for L2 --

== level L3_LLC: cache_bytes=25874000 ==
-- base sweep num_ways=2-40 --
Invalid associativity parameter values (--cache-bytes must be a multiple of 4096)
srun: error: c060n02: task 0: Exited with exit code 1
