=== Machine identification (Phase Discipline whitelist only) ===
n0406
Linux n0406 5.14.0-611.5.1.el9_7.x86_64 #1 SMP PREEMPT_DYNAMIC Fri Oct 17 14:16:35 EDT 2025 x86_64 x86_64 x86_64 GNU/Linux
model name	: AMD EPYC 9655 96-Core Processor
CPU CORE SOCKET NODE
  0    0      0    0
  1    1      0    0
  2    2      0    0
  3    3      0    0
  4    4      0    0
  5    5      0    0
  6    6      0    0
  7    7      0    0
  8    8      0    0
  9    9      0    0
 10   10      0    0
 11   11      0    0
 12   12      0    0
 13   13      0    0
 14   14      0    0
 15   15      0    0
 16   16      0    0
 17   17      0    0
 18   18      0    0
 19   19      0    0
 20   20      0    0
 21   21      0    0
 22   22      0    0
 23   23      0    0
 24   24      0    0
 25   25      0    0
 26   26      0    0
 27   27      0    0
 28   28      0    0
 29   29      0    0
 30   30      0    0
 31   31      0    0
 32   32      0    0
 33   33      0    0
 34   34      0    0
 35   35      0    0
 36   36      0    0
 37   37      0    0
 38   38      0    0
 39   39      0    0
 40   40      0    0
 41   41      0    0
 42   42      0    0
 43   43      0    0
 44   44      0    0
 45   45      0    0
 46   46      0    0
 47   47      0    0
 48   48      0    0
 49   49      0    0
 50   50      0    0
 51   51      0    0
 52   52      0    0
 53   53      0    0
 54   54      0    0
 55   55      0    0
 56   56      0    0
 57   57      0    0
 58   58      0    0
 59   59      0    0
 60   60      0    0
 61   61      0    0
 62   62      0    0
 63   63      0    0
 64   64      0    0
 65   65      0    0
 66   66      0    0
 67   67      0    0
 68   68      0    0
 69   69      0    0
 70   70      0    0
 71   71      0    0
 72   72      0    0
 73   73      0    0
 74   74      0    0
 75   75      0    0
 76   76      0    0
 77   77      0    0
 78   78      0    0
 79   79      0    0
 80   80      0    0
 81   81      0    0
 82   82      0    0
 83   83      0    0
 84   84      0    0
 85   85      0    0
 86   86      0    0
 87   87      0    0
 88   88      0    0
 89   89      0    0
 90   90      0    0
 91   91      0    0
 92   92      0    0
 93   93      0    0
 94   94      0    0
 95   95      0    0
 96   96      1    1
 97   97      1    1
 98   98      1    1
 99   99      1    1
100  100      1    1
101  101      1    1
102  102      1    1
103  103      1    1
104  104      1    1
105  105      1    1
106  106      1    1
107  107      1    1
108  108      1    1
109  109      1    1
110  110      1    1
111  111      1    1
112  112      1    1
113  113      1    1
114  114      1    1
115  115      1    1
116  116      1    1
117  117      1    1
118  118      1    1
119  119      1    1
120  120      1    1
121  121      1    1
122  122      1    1
123  123      1    1
124  124      1    1
125  125      1    1
126  126      1    1
127  127      1    1
128  128      1    1
129  129      1    1
130  130      1    1
131  131      1    1
132  132      1    1
133  133      1    1
134  134      1    1
135  135      1    1
136  136      1    1
137  137      1    1
138  138      1    1
139  139      1    1
140  140      1    1
141  141      1    1
142  142      1    1
143  143      1    1
144  144      1    1
145  145      1    1
146  146      1    1
147  147      1    1
148  148      1    1
149  149      1    1
150  150      1    1
151  151      1    1
152  152      1    1
153  153      1    1
154  154      1    1
155  155      1    1
156  156      1    1
157  157      1    1
158  158      1    1
159  159      1    1
160  160      1    1
161  161      1    1
162  162      1    1
163  163      1    1
164  164      1    1
165  165      1    1
166  166      1    1
167  167      1    1
168  168      1    1
169  169      1    1
170  170      1    1
171  171      1    1
172  172      1    1
173  173      1    1
174  174      1    1
175  175      1    1
176  176      1    1
177  177      1    1
178  178      1    1
179  179      1    1
180  180      1    1
181  181      1    1
182  182      1    1
183  183      1    1
184  184      1    1
185  185      1    1
186  186      1    1
187  187      1    1
188  188      1    1
189  189      1    1
190  190      1    1
191  191      1    1
Assigned logical CPU (physcpubind, informational -- srun --cpu-bind=cores does the real pinning): 128
SLURM_JOB_ID=842715

=== Phase Discipline gate check: is predictions-frozen an ancestor of HEAD? ===
OK -- predictions-frozen confirmed ancestor of HEAD, proceeding.

=== Running scripts/run_capacity_full.sh (HAZEL_MODE=1) for hazel_turin/capacity_rerun ===
== run_capacity_full: machine=hazel_turin/capacity_rerun core=128 coarse_max=67108864 seed=12345 ==
== timestamp=20260915T155010Z ==
-- coarse sweep 1024-67108864 bytes --
  wrote 129002 lines -> data_raw/hazel_turin/capacity_rerun/capacity/capacity_coarse_random_20260915T155010Z.csv
  wrote 129002 lines -> data_raw/hazel_turin/capacity_rerun/capacity/capacity_coarse_sequential_20260915T155010Z.csv
Wrote 129 summary rows to data_processed/hazel_turin/capacity_rerun/capacity/coarse_random_summary.csv
Wrote 129 summary rows to data_processed/hazel_turin/capacity_rerun/capacity/coarse_sequential_summary.csv
-- tail-extension sweep 67108864-268435456 bytes --
  wrote 17002 lines -> data_raw/hazel_turin/capacity_rerun/capacity/capacity_coarse_ext_random_20260915T155010Z.csv
  wrote 17002 lines -> data_raw/hazel_turin/capacity_rerun/capacity/capacity_coarse_ext_sequential_20260915T155010Z.csv
Wrote 17 summary rows to data_processed/hazel_turin/capacity_rerun/capacity/coarse_ext_random_summary.csv
Wrote 17 summary rows to data_processed/hazel_turin/capacity_rerun/capacity/coarse_ext_sequential_summary.csv
-- detected boundaries (bytes): 1048576 33554432 36591368 43514712 51748008 --
-- dense sweep around boundary 1048576 bytes: 131072-8388608 --
  wrote 289002 lines -> data_raw/hazel_turin/capacity_rerun/capacity/capacity_dense0_random_20260915T155010Z.csv
  wrote 289002 lines -> data_raw/hazel_turin/capacity_rerun/capacity/capacity_dense0_sequential_20260915T155010Z.csv
Wrote 289 summary rows to data_processed/hazel_turin/capacity_rerun/capacity/dense0_random_summary.csv
Wrote 289 summary rows to data_processed/hazel_turin/capacity_rerun/capacity/dense0_sequential_summary.csv
-- dense sweep around boundary 33554432 bytes: 4194304-268435456 --
  wrote 289002 lines -> data_raw/hazel_turin/capacity_rerun/capacity/capacity_dense1_random_20260915T155010Z.csv
  wrote 289002 lines -> data_raw/hazel_turin/capacity_rerun/capacity/capacity_dense1_sequential_20260915T155010Z.csv
Wrote 289 summary rows to data_processed/hazel_turin/capacity_rerun/capacity/dense1_random_summary.csv
Wrote 289 summary rows to data_processed/hazel_turin/capacity_rerun/capacity/dense1_sequential_summary.csv
-- dense sweep around boundary 36591368 bytes: 4573921-268435456 --
  wrote 282002 lines -> data_raw/hazel_turin/capacity_rerun/capacity/capacity_dense2_random_20260915T155010Z.csv
  wrote 282002 lines -> data_raw/hazel_turin/capacity_rerun/capacity/capacity_dense2_sequential_20260915T155010Z.csv
Wrote 282 summary rows to data_processed/hazel_turin/capacity_rerun/capacity/dense2_random_summary.csv
Wrote 282 summary rows to data_processed/hazel_turin/capacity_rerun/capacity/dense2_sequential_summary.csv
-- dense sweep around boundary 43514712 bytes: 5439339-268435456 --
  wrote 271002 lines -> data_raw/hazel_turin/capacity_rerun/capacity/capacity_dense3_random_20260915T155010Z.csv
  wrote 271002 lines -> data_raw/hazel_turin/capacity_rerun/capacity/capacity_dense3_sequential_20260915T155010Z.csv
Wrote 271 summary rows to data_processed/hazel_turin/capacity_rerun/capacity/dense3_random_summary.csv
Wrote 271 summary rows to data_processed/hazel_turin/capacity_rerun/capacity/dense3_sequential_summary.csv
-- dense sweep around boundary 51748008 bytes: 6468501-268435456 --
  wrote 259002 lines -> data_raw/hazel_turin/capacity_rerun/capacity/capacity_dense4_random_20260915T155010Z.csv
  wrote 259002 lines -> data_raw/hazel_turin/capacity_rerun/capacity/capacity_dense4_sequential_20260915T155010Z.csv
Wrote 259 summary rows to data_processed/hazel_turin/capacity_rerun/capacity/dense4_random_summary.csv
Wrote 259 summary rows to data_processed/hazel_turin/capacity_rerun/capacity/dense4_sequential_summary.csv
  -- repeat 1/2 of deepest boundary's dense window --
  wrote 259002 lines -> data_raw/hazel_turin/capacity_rerun/capacity/capacity_dense4_rep1_random_20260915T155010Z.csv
  wrote 259002 lines -> data_raw/hazel_turin/capacity_rerun/capacity/capacity_dense4_rep1_sequential_20260915T155010Z.csv
Wrote 259 summary rows to data_processed/hazel_turin/capacity_rerun/capacity/dense4_rep1_random_summary.csv
Wrote 259 summary rows to data_processed/hazel_turin/capacity_rerun/capacity/dense4_rep1_sequential_summary.csv
  -- repeat 2/2 of deepest boundary's dense window --
  wrote 259002 lines -> data_raw/hazel_turin/capacity_rerun/capacity/capacity_dense4_rep2_random_20260915T155010Z.csv
  wrote 259002 lines -> data_raw/hazel_turin/capacity_rerun/capacity/capacity_dense4_rep2_sequential_20260915T155010Z.csv
Wrote 259 summary rows to data_processed/hazel_turin/capacity_rerun/capacity/dense4_rep2_random_summary.csv
Wrote 259 summary rows to data_processed/hazel_turin/capacity_rerun/capacity/dense4_rep2_sequential_summary.csv
-- dense sweep past deepest boundary, checking for a further plateau: 103496016-268435456 --
  wrote 67002 lines -> data_raw/hazel_turin/capacity_rerun/capacity/capacity_denseTail_random_20260915T155010Z.csv
  wrote 67002 lines -> data_raw/hazel_turin/capacity_rerun/capacity/capacity_denseTail_sequential_20260915T155010Z.csv
Wrote 67 summary rows to data_processed/hazel_turin/capacity_rerun/capacity/denseTail_random_summary.csv
Wrote 67 summary rows to data_processed/hazel_turin/capacity_rerun/capacity/denseTail_sequential_summary.csv
-- generating plots --
  note: 32 MiB (random) has 6 overlapping summary rows with medians [39.4, 58.1, 39.3, 39.3, 42.5, 39.3] (spread 18.8 ticks, 43.7%) -- averaging, widening whiskers to the union
  note: 34.8962 MiB (random) has 3 overlapping summary rows with medians [70.0, 90.1, 71.2] (spread 20.1 ticks, 26.1%) -- averaging, widening whiskers to the union
  note: 38.0546 MiB (random) has 6 overlapping summary rows with medians [97.8, 119.1, 101.5, 96.9, 99.4, 100.5] (spread 22.2 ticks, 21.7%) -- averaging, widening whiskers to the union
  note: 69.7925 MiB (random) has 6 overlapping summary rows with medians [233.5, 224.0, 223.7, 290.8, 223.3, 222.3] (spread 68.6 ticks, 29.0%) -- averaging, widening whiskers to the union
  note: 29.7709 MiB (random) has 5 overlapping summary rows with medians [55.2, 41.0, 41.2, 40.9, 41.0] (spread 14.3 ticks, 32.6%) -- averaging, widening whiskers to the union
  note: 30.6433 MiB (random) has 6 overlapping summary rows with medians [47.4, 39.8, 40.1, 102.3, 41.8, 39.9] (spread 62.5 ticks, 120.5%) -- averaging, widening whiskers to the union
  note: 31.089 MiB (random) has 6 overlapping summary rows with medians [62.2, 41.8, 42.8, 93.2, 42.8, 42.1] (spread 51.4 ticks, 95.0%) -- averaging, widening whiskers to the union
  note: 31.5412 MiB (random) has 5 overlapping summary rows with medians [60.1, 44.9, 45.0, 46.3, 45.4] (spread 15.2 ticks, 31.6%) -- averaging, widening whiskers to the union
  note: 33.9028 MiB (random) has 6 overlapping summary rows with medians [96.4, 60.4, 60.3, 60.1, 72.3, 60.9] (spread 36.3 ticks, 53.1%) -- averaging, widening whiskers to the union
  note: 35.9188 MiB (random) has 5 overlapping summary rows with medians [98.0, 79.4, 79.2, 79.6, 81.7] (spread 18.8 ticks, 22.5%) -- averaging, widening whiskers to the union
  note: 36.4412 MiB (random) has 6 overlapping summary rows with medians [105.3, 84.2, 84.5, 83.8, 86.6, 83.9] (spread 21.4 ticks, 24.3%) -- averaging, widening whiskers to the union
  note: 36.9713 MiB (random) has 6 overlapping summary rows with medians [108.7, 93.2, 89.9, 88.7, 90.2, 90.5] (spread 20.0 ticks, 21.4%) -- averaging, widening whiskers to the union
  note: 38.6081 MiB (random) has 6 overlapping summary rows with medians [110.2, 154.6, 103.8, 101.7, 101.4, 102.2] (spread 53.3 ticks, 47.4%) -- averaging, widening whiskers to the union
  note: 42.1025 MiB (random) has 6 overlapping summary rows with medians [163.7, 125.0, 127.2, 124.6, 126.3, 144.6] (spread 39.0 ticks, 28.9%) -- averaging, widening whiskers to the union
  note: 43.9665 MiB (random) has 5 overlapping summary rows with medians [176.0, 135.5, 134.8, 135.3, 134.4] (spread 41.6 ticks, 29.1%) -- averaging, widening whiskers to the union
  note: 51.5357 MiB (random) has 5 overlapping summary rows with medians [175.0, 170.8, 226.6, 169.8, 174.2] (spread 56.8 ticks, 31.0%) -- averaging, widening whiskers to the union
  note: 34.8962 MiB (random) has 4 overlapping summary rows with medians [70.3, 89.5, 73.2, 69.9] (spread 19.6 ticks, 25.9%) -- averaging, widening whiskers to the union
Wrote data_processed/hazel_turin/capacity_rerun/capacity/plots/capacity_curve.pdf and .png
Wrote data_processed/hazel_turin/capacity_rerun/capacity/plots/capacity_boxplots.pdf and .png
-- compressing raw CSVs --
== done ==
== plots: data_processed/hazel_turin/capacity_rerun/capacity/plots/capacity_curve.{png,pdf}, data_processed/hazel_turin/capacity_rerun/capacity/plots/capacity_boxplots.{png,pdf} ==
== detected boundaries (bytes): 1048576 33554432 36591368 43514712 51748008 ==
== record in data_raw/hazel_turin/capacity_rerun/README.md: core=128, seed=12345, samples=1000000, timestamp=20260915T155010Z ==
== full transcript saved to: data_raw/hazel_turin/capacity_rerun/capacity/run_capacity_full_20260915T155010Z.log ==

=== Done ===

------------------------------------------------------------
Resource usage summary:

    Job ID            : 842715
    Job name          : hw1_cap_relook
    User / Account    : krchen / ece592f26_cpu
    Partition / QOS   : compute_partners / short
    Submitted         : 2026-09-15T10:35:04
    Started           : 2026-09-15T11:50:08
    Wait time         : 4504 sec
    Elapsed (wall)    : 01:30:43
    Nodes             : 1 (n0406)
    CPUs allocated    : 1
    Tasks             : 1
    CPU time (total)  : 5377.67 sec  (user 5344.94, sys 32.73)
    CPU efficiency    : 98.8%
    Memory in use     : 528.87 MB  (sampled at job end; see seff for peak)
    Memory requested  : 8G
    Working directory : /gpfs_common/share01/titan/krchen/Proj1-Cache-Reverse-Engineering
    Exit code         : 0:0

    For final accounting (Slurm's MaxRSS, billing, etc.):  seff 842715
------------------------------------------------------------
