=== Machine identification (Phase Discipline whitelist only) ===
n0406
Linux n0406 5.14.0-611.5.1.el9_7.x86_64 #1 SMP PREEMPT_DYNAMIC Fri Oct 17 14:16:35 EDT 2025 x86_64 x86_64 x86_64 GNU/Linux
model name	: AMD EPYC 9655 96-Core Processor
Assigned logical CPU: 144, SLURM_JOB_ID=838245

=== Running scripts/run_associativity_full.sh (HAZEL_MODE=1) ===
== run_associativity_full: machine=hazel_turin core=144 base_seed=12345 max_ways=40 ==
== timestamp=20260915T024129Z ==
-- using explicit cache_bytes override: 49152 1048576 33554432 --

== level L1: cache_bytes=49152 ==
-- base sweep num_ways=2-40 --
  wrote 39002 lines -> data_raw/hazel_turin/associativity/L1/associativity_base_random_20260915T024129Z.csv (seed=12345)
  wrote 39002 lines -> data_raw/hazel_turin/associativity/L1/associativity_base_sequential_20260915T024129Z.csv (seed=12345)
Wrote 39 summary rows to data_processed/hazel_turin/associativity/L1/base_random_summary_20260915T024129Z.csv
Wrote 39 summary rows to data_processed/hazel_turin/associativity/L1/base_sequential_summary_20260915T024129Z.csv
-- detected associativity estimate: 13 --
  -- repeat 1/2 (seed=12346) --
  wrote 39002 lines -> data_raw/hazel_turin/associativity/L1/associativity_rep1_random_20260915T024129Z.csv (seed=12346)
  wrote 39002 lines -> data_raw/hazel_turin/associativity/L1/associativity_rep1_sequential_20260915T024129Z.csv (seed=12346)
Wrote 39 summary rows to data_processed/hazel_turin/associativity/L1/rep1_random_summary_20260915T024129Z.csv
Wrote 39 summary rows to data_processed/hazel_turin/associativity/L1/rep1_sequential_summary_20260915T024129Z.csv
     repeat 1 detected estimate: 13
  -- repeat 2/2 (seed=12347) --
  wrote 39002 lines -> data_raw/hazel_turin/associativity/L1/associativity_rep2_random_20260915T024129Z.csv (seed=12347)
  wrote 39002 lines -> data_raw/hazel_turin/associativity/L1/associativity_rep2_sequential_20260915T024129Z.csv (seed=12347)
Wrote 39 summary rows to data_processed/hazel_turin/associativity/L1/rep2_random_summary_20260915T024129Z.csv
Wrote 39 summary rows to data_processed/hazel_turin/associativity/L1/rep2_sequential_summary_20260915T024129Z.csv
     repeat 2 detected estimate: 13
-- generating plots for L1 --
Wrote data_processed/hazel_turin/associativity/L1/plots/associativity_curve.pdf and .png
Wrote data_processed/hazel_turin/associativity/L1/plots/associativity_boxplots.pdf and .png
-- compressing raw CSVs for L1 --

== level L2: cache_bytes=1048576 ==
-- base sweep num_ways=2-40 --
  wrote 39002 lines -> data_raw/hazel_turin/associativity/L2/associativity_base_random_20260915T024129Z.csv (seed=12345)
  wrote 39002 lines -> data_raw/hazel_turin/associativity/L2/associativity_base_sequential_20260915T024129Z.csv (seed=12345)
Wrote 39 summary rows to data_processed/hazel_turin/associativity/L2/base_random_summary_20260915T024129Z.csv
Wrote 39 summary rows to data_processed/hazel_turin/associativity/L2/base_sequential_summary_20260915T024129Z.csv
-- detected associativity estimate: 13 --
  -- repeat 1/2 (seed=12346) --
  wrote 39002 lines -> data_raw/hazel_turin/associativity/L2/associativity_rep1_random_20260915T024129Z.csv (seed=12346)
  wrote 39002 lines -> data_raw/hazel_turin/associativity/L2/associativity_rep1_sequential_20260915T024129Z.csv (seed=12346)
Wrote 39 summary rows to data_processed/hazel_turin/associativity/L2/rep1_random_summary_20260915T024129Z.csv
Wrote 39 summary rows to data_processed/hazel_turin/associativity/L2/rep1_sequential_summary_20260915T024129Z.csv
     repeat 1 detected estimate: 13
  -- repeat 2/2 (seed=12347) --
  wrote 39002 lines -> data_raw/hazel_turin/associativity/L2/associativity_rep2_random_20260915T024129Z.csv (seed=12347)
  wrote 39002 lines -> data_raw/hazel_turin/associativity/L2/associativity_rep2_sequential_20260915T024129Z.csv (seed=12347)
Wrote 39 summary rows to data_processed/hazel_turin/associativity/L2/rep2_random_summary_20260915T024129Z.csv
Wrote 39 summary rows to data_processed/hazel_turin/associativity/L2/rep2_sequential_summary_20260915T024129Z.csv
     repeat 2 detected estimate: 13
-- generating plots for L2 --
  note: num_ways=20 (sequential) has 3 overlapping summary rows with medians [10.5, 8.6, 8.4] (spread 2.0 ticks, 22.1%) -- averaging, widening whiskers to the union
  note: num_ways=21 (sequential) has 3 overlapping summary rows with medians [10.9, 9.0, 8.4] (spread 2.5 ticks, 26.8%) -- averaging, widening whiskers to the union
  note: num_ways=23 (sequential) has 3 overlapping summary rows with medians [11.4, 8.7, 8.3] (spread 3.1 ticks, 32.3%) -- averaging, widening whiskers to the union
  note: num_ways=24 (sequential) has 3 overlapping summary rows with medians [10.7, 8.2, 8.3] (spread 2.5 ticks, 27.9%) -- averaging, widening whiskers to the union
  note: num_ways=25 (sequential) has 3 overlapping summary rows with medians [10.5, 8.1, 8.1] (spread 2.4 ticks, 27.2%) -- averaging, widening whiskers to the union
  note: num_ways=26 (sequential) has 3 overlapping summary rows with medians [10.3, 8.7, 8.0] (spread 2.3 ticks, 25.7%) -- averaging, widening whiskers to the union
  note: num_ways=27 (sequential) has 3 overlapping summary rows with medians [10.2, 8.1, 7.9] (spread 2.3 ticks, 26.2%) -- averaging, widening whiskers to the union
  note: num_ways=28 (sequential) has 3 overlapping summary rows with medians [10.0, 7.9, 7.9] (spread 2.1 ticks, 24.5%) -- averaging, widening whiskers to the union
  note: num_ways=29 (sequential) has 3 overlapping summary rows with medians [10.6, 7.9, 8.5] (spread 2.7 ticks, 29.8%) -- averaging, widening whiskers to the union
  note: num_ways=30 (sequential) has 3 overlapping summary rows with medians [10.0, 7.9, 7.9] (spread 2.2 ticks, 25.2%) -- averaging, widening whiskers to the union
  note: num_ways=32 (sequential) has 3 overlapping summary rows with medians [9.7, 8.4, 7.8] (spread 1.9 ticks, 21.7%) -- averaging, widening whiskers to the union
  note: num_ways=34 (sequential) has 3 overlapping summary rows with medians [10.2, 8.2, 8.4] (spread 2.0 ticks, 22.4%) -- averaging, widening whiskers to the union
  note: num_ways=35 (sequential) has 3 overlapping summary rows with medians [9.5, 8.3, 7.7] (spread 1.8 ticks, 20.8%) -- averaging, widening whiskers to the union
  note: num_ways=36 (sequential) has 3 overlapping summary rows with medians [9.6, 7.7, 7.8] (spread 1.8 ticks, 21.7%) -- averaging, widening whiskers to the union
  note: num_ways=37 (sequential) has 3 overlapping summary rows with medians [9.6, 7.7, 7.9] (spread 1.9 ticks, 22.3%) -- averaging, widening whiskers to the union
  note: num_ways=39 (sequential) has 3 overlapping summary rows with medians [9.8, 8.1, 7.7] (spread 2.1 ticks, 24.4%) -- averaging, widening whiskers to the union
  note: num_ways=40 (sequential) has 3 overlapping summary rows with medians [9.7, 7.8, 7.7] (spread 2.0 ticks, 23.5%) -- averaging, widening whiskers to the union
Wrote data_processed/hazel_turin/associativity/L2/plots/associativity_curve.pdf and .png
Wrote data_processed/hazel_turin/associativity/L2/plots/associativity_boxplots.pdf and .png
-- compressing raw CSVs for L2 --

== level L3_LLC: cache_bytes=33554432 ==
-- base sweep num_ways=2-40 --
  wrote 39002 lines -> data_raw/hazel_turin/associativity/L3_LLC/associativity_base_random_20260915T024129Z.csv (seed=12345)
  wrote 39002 lines -> data_raw/hazel_turin/associativity/L3_LLC/associativity_base_sequential_20260915T024129Z.csv (seed=12345)
Wrote 39 summary rows to data_processed/hazel_turin/associativity/L3_LLC/base_random_summary_20260915T024129Z.csv
Wrote 39 summary rows to data_processed/hazel_turin/associativity/L3_LLC/base_sequential_summary_20260915T024129Z.csv
-- detected associativity estimate: 13 --
  -- repeat 1/2 (seed=12346) --
  wrote 39002 lines -> data_raw/hazel_turin/associativity/L3_LLC/associativity_rep1_random_20260915T024129Z.csv (seed=12346)
  wrote 39002 lines -> data_raw/hazel_turin/associativity/L3_LLC/associativity_rep1_sequential_20260915T024129Z.csv (seed=12346)
Wrote 39 summary rows to data_processed/hazel_turin/associativity/L3_LLC/rep1_random_summary_20260915T024129Z.csv
Wrote 39 summary rows to data_processed/hazel_turin/associativity/L3_LLC/rep1_sequential_summary_20260915T024129Z.csv
     repeat 1 detected estimate: 12
  -- repeat 2/2 (seed=12347) --
  wrote 39002 lines -> data_raw/hazel_turin/associativity/L3_LLC/associativity_rep2_random_20260915T024129Z.csv (seed=12347)
  wrote 39002 lines -> data_raw/hazel_turin/associativity/L3_LLC/associativity_rep2_sequential_20260915T024129Z.csv (seed=12347)
Wrote 39 summary rows to data_processed/hazel_turin/associativity/L3_LLC/rep2_random_summary_20260915T024129Z.csv
Wrote 39 summary rows to data_processed/hazel_turin/associativity/L3_LLC/rep2_sequential_summary_20260915T024129Z.csv
     repeat 2 detected estimate: 13
WARNING: repeat(s) disagree with the base estimate (base=13,
         repeats=12 13) -- do NOT treat this level's
         associativity as resolved; investigate before citing a number.
-- generating plots for L3_LLC --
  note: num_ways=12 (random) has 3 overlapping summary rows with medians [3.2, 16.2, 3.2] (spread 13.0 ticks, 172.2%) -- averaging, widening whiskers to the union
  note: num_ways=13 (random) has 3 overlapping summary rows with medians [21.1, 9.3, 21.1] (spread 11.9 ticks, 69.0%) -- averaging, widening whiskers to the union
Wrote data_processed/hazel_turin/associativity/L3_LLC/plots/associativity_curve.pdf and .png
Wrote data_processed/hazel_turin/associativity/L3_LLC/plots/associativity_boxplots.pdf and .png
-- compressing raw CSVs for L3_LLC --

== done ==
== L1: cache_bytes=49152 -> associativity=13 (repeats: 13 13) ==
== L2: cache_bytes=1048576 -> associativity=13 (repeats: 13 13) ==
== L3_LLC: cache_bytes=33554432 -> associativity=13 (repeats: 12 13) ==
== record in data_raw/hazel_turin/README.md: core=144, base_seed=12345 (repeats use base_seed+index), samples=1000000, max_ways=40, timestamp=20260915T024129Z ==
== full transcript saved to: data_raw/hazel_turin/associativity/run_associativity_full_20260915T024129Z.log ==

=== Done ===

------------------------------------------------------------
Resource usage summary:

    Job ID            : 838245
    Job name          : hw1_associativity
    User / Account    : krchen / ece592f26_cpu
    Partition / QOS   : compute_partners / short
    Submitted         : 2026-09-14T22:41:25
    Started           : 2026-09-14T22:41:29
    Wait time         : 4 sec
    Elapsed (wall)    : 00:00:15
    Nodes             : 1 (n0406)
    CPUs allocated    : 1
    Tasks             : 1
    CPU time (total)  : 11.47 sec  (user 8.49, sys 2.98)
    CPU efficiency    : 76.5%
    Memory in use     : 102.60 MB  (sampled at job end; see seff for peak)
    Memory requested  : 8G
    Working directory : /gpfs_common/share01/titan/krchen/Proj1-Cache-Reverse-Engineering
    Exit code         : 0:0

    For final accounting (Slurm's MaxRSS, billing, etc.):  seff 838245
------------------------------------------------------------
