=== Machine identification (Phase Discipline whitelist only) ===
n0405
Linux n0405 5.14.0-611.5.1.el9_7.x86_64 #1 SMP PREEMPT_DYNAMIC Fri Oct 17 14:16:35 EDT 2025 x86_64 x86_64 x86_64 GNU/Linux
model name	: AMD EPYC 9655 96-Core Processor
Assigned logical CPU: 168, SLURM_JOB_ID=838248

=== Running scripts/run_inclusion_policy_full.sh (HAZEL_MODE=1) ===
== run_inclusion_policy_full: machine=hazel_turin core=168 base_seed=12345 ==
== assumed_line_size_bytes=64 (confirmed for Sunbird 2026-09-11; verify for other machines) ==
== timestamp=20260915T042435Z ==

== L1_vs_L2: target_bytes=49152 lower_level_bytes=1048576 -> evict_bytes=67108864 (scaled 4096/64x) ==
-- survived-class calibration (evict_bytes=target_bytes, nothing evicted) --
  survived-class (single-shot, calibrated here): 74.828 ticks
  invalidated-class (from data_processed/hazel_turin/latency/miss/L1_to_L2/base_random_summary_20260915T024534Z.csv): 130.0 ticks
-- base (seed=12345) --
  wrote 402 lines -> data_raw/hazel_turin/inclusion_policy/L1_vs_L2/inclusion_policy_base_random_20260915T042435Z.csv (pattern=random seed=12345)
Wrote 2 summary rows to data_processed/hazel_turin/inclusion_policy/L1_vs_L2/base_random_summary_20260915T042435Z.csv
  wrote 402 lines -> data_raw/hazel_turin/inclusion_policy/L1_vs_L2/inclusion_policy_base_sequential_20260915T042435Z.csv (pattern=sequential seed=12345)
Wrote 2 summary rows to data_processed/hazel_turin/inclusion_policy/L1_vs_L2/base_sequential_summary_20260915T042435Z.csv
-- rep1 (seed=12346) --
  wrote 402 lines -> data_raw/hazel_turin/inclusion_policy/L1_vs_L2/inclusion_policy_rep1_random_20260915T042435Z.csv (pattern=random seed=12346)
Wrote 2 summary rows to data_processed/hazel_turin/inclusion_policy/L1_vs_L2/rep1_random_summary_20260915T042435Z.csv
  wrote 402 lines -> data_raw/hazel_turin/inclusion_policy/L1_vs_L2/inclusion_policy_rep1_sequential_20260915T042435Z.csv (pattern=sequential seed=12346)
Wrote 2 summary rows to data_processed/hazel_turin/inclusion_policy/L1_vs_L2/rep1_sequential_summary_20260915T042435Z.csv
-- rep2 (seed=12347) --
  wrote 402 lines -> data_raw/hazel_turin/inclusion_policy/L1_vs_L2/inclusion_policy_rep2_random_20260915T042435Z.csv (pattern=random seed=12347)
Wrote 2 summary rows to data_processed/hazel_turin/inclusion_policy/L1_vs_L2/rep2_random_summary_20260915T042435Z.csv
  wrote 402 lines -> data_raw/hazel_turin/inclusion_policy/L1_vs_L2/inclusion_policy_rep2_sequential_20260915T042435Z.csv (pattern=sequential seed=12347)
Wrote 2 summary rows to data_processed/hazel_turin/inclusion_policy/L1_vs_L2/rep2_sequential_summary_20260915T042435Z.csv
Survived-class (upper-level hit) median:       74.83 ticks
Invalidated-class (beyond-lower-level) median: 130.00 ticks
Classification boundary (geometric mean):      98.63 ticks

TARGET channel  (n=200): median=104.0 mean=112.3 ticks -- 0 survived-like (0.0%), 136 ambiguous, 64 invalidated-like (32.0%)
CONTROL channel (n=200): median=104.0 mean=103.5 ticks -- 5 survived-like (2.5%), 194 ambiguous, 1 invalidated-like (0.5%)
Paired check: target read slower than its own trial's control in 34.0% of trials (distribution-free, independent of the class boundary above)

VERDICT: UNCERTAIN (mixed result -- do not claim a global policy from this alone)
-- generating plots for L1_vs_L2 --
Wrote data_processed/hazel_turin/inclusion_policy/L1_vs_L2/plots/inclusion_policy_boxplots.pdf and .png
-- compressing raw CSVs for L1_vs_L2 --

== L2_vs_LLC: target_bytes=1048576 lower_level_bytes=33554432 -> evict_bytes=2147483648 (scaled 4096/64x) ==
-- survived-class calibration (evict_bytes=target_bytes, nothing evicted) --
  survived-class (single-shot, calibrated here): 98.332 ticks
  invalidated-class (from data_processed/hazel_turin/latency/miss/L2_to_LLC/base_random_summary_20260915T024534Z.csv): 442.0 ticks
-- base (seed=12345) --
  wrote 402 lines -> data_raw/hazel_turin/inclusion_policy/L2_vs_LLC/inclusion_policy_base_random_20260915T042435Z.csv (pattern=random seed=12345)
Wrote 2 summary rows to data_processed/hazel_turin/inclusion_policy/L2_vs_LLC/base_random_summary_20260915T042435Z.csv
  wrote 402 lines -> data_raw/hazel_turin/inclusion_policy/L2_vs_LLC/inclusion_policy_base_sequential_20260915T042435Z.csv (pattern=sequential seed=12345)
Wrote 2 summary rows to data_processed/hazel_turin/inclusion_policy/L2_vs_LLC/base_sequential_summary_20260915T042435Z.csv
-- rep1 (seed=12346) --
  wrote 402 lines -> data_raw/hazel_turin/inclusion_policy/L2_vs_LLC/inclusion_policy_rep1_random_20260915T042435Z.csv (pattern=random seed=12346)
Wrote 2 summary rows to data_processed/hazel_turin/inclusion_policy/L2_vs_LLC/rep1_random_summary_20260915T042435Z.csv
  wrote 402 lines -> data_raw/hazel_turin/inclusion_policy/L2_vs_LLC/inclusion_policy_rep1_sequential_20260915T042435Z.csv (pattern=sequential seed=12346)
Wrote 2 summary rows to data_processed/hazel_turin/inclusion_policy/L2_vs_LLC/rep1_sequential_summary_20260915T042435Z.csv
-- rep2 (seed=12347) --
  wrote 402 lines -> data_raw/hazel_turin/inclusion_policy/L2_vs_LLC/inclusion_policy_rep2_random_20260915T042435Z.csv (pattern=random seed=12347)
Wrote 2 summary rows to data_processed/hazel_turin/inclusion_policy/L2_vs_LLC/rep2_random_summary_20260915T042435Z.csv
  wrote 402 lines -> data_raw/hazel_turin/inclusion_policy/L2_vs_LLC/inclusion_policy_rep2_sequential_20260915T042435Z.csv (pattern=sequential seed=12347)
Wrote 2 summary rows to data_processed/hazel_turin/inclusion_policy/L2_vs_LLC/rep2_sequential_summary_20260915T042435Z.csv
WARNING: control channel shows 21.5% invalidated-like trials, but control is never touched by the eviction walk by construction -- this suggests the avoidance construction is compromised on this machine/level (e.g. DTLB pressure from a large eviction footprint, or the upper level's index range exceeding one page -- see inclusion_policy.h's KNOWN LIMITATION). Treat the target verdict below as UNCERTAIN regardless of its own fraction.
Survived-class (upper-level hit) median:       98.33 ticks
Invalidated-class (beyond-lower-level) median: 442.00 ticks
Classification boundary (geometric mean):      208.48 ticks

TARGET channel  (n=200): median=442.0 mean=466.4 ticks -- 9 survived-like (4.5%), 11 ambiguous, 180 invalidated-like (90.0%)
CONTROL channel (n=200): median=104.0 mean=189.0 ticks -- 157 survived-like (78.5%), 0 ambiguous, 43 invalidated-like (21.5%)
Paired check: target read slower than its own trial's control in 89.5% of trials (distribution-free, independent of the class boundary above)

VERDICT: UNCERTAIN (confound suspected -- see warning above)
-- generating plots for L2_vs_LLC --
  note: ('control', 'random') has 3 overlapping summary rows with medians [104.0, 390.0, 390.0] (spread 286.0 ticks, 97.1%) -- averaging, widening whiskers to the union
Wrote data_processed/hazel_turin/inclusion_policy/L2_vs_LLC/plots/inclusion_policy_boxplots.pdf and .png
-- compressing raw CSVs for L2_vs_LLC --

== L1_vs_LLC: target_bytes=49152 lower_level_bytes=33554432 -> evict_bytes=2147483648 (scaled 4096/64x) ==
-- survived-class calibration (evict_bytes=target_bytes, nothing evicted) --
  survived-class (single-shot, calibrated here): 75.296 ticks
  invalidated-class (from data_processed/hazel_turin/latency/miss/LLC_to_DRAM/base_random_summary_20260915T024534Z.csv): 780.0 ticks
-- base (seed=12345) --
  wrote 402 lines -> data_raw/hazel_turin/inclusion_policy/L1_vs_LLC/inclusion_policy_base_random_20260915T042435Z.csv (pattern=random seed=12345)
Wrote 2 summary rows to data_processed/hazel_turin/inclusion_policy/L1_vs_LLC/base_random_summary_20260915T042435Z.csv
  wrote 402 lines -> data_raw/hazel_turin/inclusion_policy/L1_vs_LLC/inclusion_policy_base_sequential_20260915T042435Z.csv (pattern=sequential seed=12345)
Wrote 2 summary rows to data_processed/hazel_turin/inclusion_policy/L1_vs_LLC/base_sequential_summary_20260915T042435Z.csv
-- rep1 (seed=12346) --
  wrote 402 lines -> data_raw/hazel_turin/inclusion_policy/L1_vs_LLC/inclusion_policy_rep1_random_20260915T042435Z.csv (pattern=random seed=12346)
Wrote 2 summary rows to data_processed/hazel_turin/inclusion_policy/L1_vs_LLC/rep1_random_summary_20260915T042435Z.csv
  wrote 402 lines -> data_raw/hazel_turin/inclusion_policy/L1_vs_LLC/inclusion_policy_rep1_sequential_20260915T042435Z.csv (pattern=sequential seed=12346)
Wrote 2 summary rows to data_processed/hazel_turin/inclusion_policy/L1_vs_LLC/rep1_sequential_summary_20260915T042435Z.csv
-- rep2 (seed=12347) --
  wrote 402 lines -> data_raw/hazel_turin/inclusion_policy/L1_vs_LLC/inclusion_policy_rep2_random_20260915T042435Z.csv (pattern=random seed=12347)
Wrote 2 summary rows to data_processed/hazel_turin/inclusion_policy/L1_vs_LLC/rep2_random_summary_20260915T042435Z.csv
  wrote 402 lines -> data_raw/hazel_turin/inclusion_policy/L1_vs_LLC/inclusion_policy_rep2_sequential_20260915T042435Z.csv (pattern=sequential seed=12347)
Wrote 2 summary rows to data_processed/hazel_turin/inclusion_policy/L1_vs_LLC/rep2_sequential_summary_20260915T042435Z.csv
WARNING: control channel shows 46.0% invalidated-like trials, but control is never touched by the eviction walk by construction -- this suggests the avoidance construction is compromised on this machine/level (e.g. DTLB pressure from a large eviction footprint, or the upper level's index range exceeding one page -- see inclusion_policy.h's KNOWN LIMITATION). Treat the target verdict below as UNCERTAIN regardless of its own fraction.
Survived-class (upper-level hit) median:       75.30 ticks
Invalidated-class (beyond-lower-level) median: 780.00 ticks
Classification boundary (geometric mean):      242.34 ticks

TARGET channel  (n=200): median=442.0 mean=488.7 ticks -- 0 survived-like (0.0%), 0 ambiguous, 200 invalidated-like (100.0%)
CONTROL channel (n=200): median=130.0 mean=312.8 ticks -- 108 survived-like (54.0%), 0 ambiguous, 92 invalidated-like (46.0%)
Paired check: target read slower than its own trial's control in 77.0% of trials (distribution-free, independent of the class boundary above)

VERDICT: UNCERTAIN (confound suspected -- see warning above)
-- generating plots for L1_vs_LLC --
  note: ('target', 'random') has 3 overlapping summary rows with medians [442.0, 442.0, 676.0] (spread 234.0 ticks, 45.0%) -- averaging, widening whiskers to the union
  note: ('control', 'random') has 3 overlapping summary rows with medians [130.0, 130.0, 104.0] (spread 26.0 ticks, 21.4%) -- averaging, widening whiskers to the union
Wrote data_processed/hazel_turin/inclusion_policy/L1_vs_LLC/plots/inclusion_policy_boxplots.pdf and .png
-- compressing raw CSVs for L1_vs_LLC --

== done ==
== L1_vs_L2: VERDICT: UNCERTAIN (mixed result -- do not claim a global policy from this alone) ==
== L2_vs_LLC: VERDICT: UNCERTAIN (confound suspected -- see warning above) ==
== L1_vs_LLC: VERDICT: UNCERTAIN (confound suspected -- see warning above) ==
== record in data_raw/hazel_turin/README.md: core=168, base_seed=12345 (repeats use base_seed+index), trials=200, assumed_line_size_bytes=64, timestamp=20260915T042435Z ==
== full transcript saved to: data_raw/hazel_turin/inclusion_policy/run_inclusion_policy_full_20260915T042435Z.log ==

=== Done ===

------------------------------------------------------------
Resource usage summary:

    Job ID            : 838248
    Job name          : hw1_inclusion_policy
    User / Account    : krchen / ece592f26_cpu
    Partition / QOS   : compute_partners / short
    Submitted         : 2026-09-14T22:41:26
    Started           : 2026-09-15T00:24:34
    Wait time         : 6188 sec
    Elapsed (wall)    : 00:01:59
    Nodes             : 1 (n0405)
    CPUs allocated    : 1
    Tasks             : 1
    CPU time (total)  : 114.26 sec  (user 111.74, sys 2.52)
    CPU efficiency    : 96.0%
    Memory in use     : 2.03 GB  (sampled at job end; see seff for peak)
    Memory requested  : 8G
    Working directory : /gpfs_common/share01/titan/krchen/Proj1-Cache-Reverse-Engineering
    Exit code         : 0:0

    For final accounting (Slurm's MaxRSS, billing, etc.):  seff 838248
------------------------------------------------------------
