== run_capacity_full: machine=hazel_icelake_6326 core=16 coarse_max=67108864 seed=12345 ==
== timestamp=20260915T010343Z ==
-- coarse sweep 1024-67108864 bytes --
  wrote 129002 lines -> data_raw/hazel_icelake_6326/capacity/capacity_coarse_random_20260915T010343Z.csv
  wrote 129002 lines -> data_raw/hazel_icelake_6326/capacity/capacity_coarse_sequential_20260915T010343Z.csv
Wrote 129 summary rows to data_processed/hazel_icelake_6326/capacity/coarse_random_summary.csv
Wrote 129 summary rows to data_processed/hazel_icelake_6326/capacity/coarse_sequential_summary.csv
-- tail-extension sweep 67108864-268435456 bytes --
  wrote 17002 lines -> data_raw/hazel_icelake_6326/capacity/capacity_coarse_ext_random_20260915T010343Z.csv
  wrote 17002 lines -> data_raw/hazel_icelake_6326/capacity/capacity_coarse_ext_sequential_20260915T010343Z.csv
Wrote 17 summary rows to data_processed/hazel_icelake_6326/capacity/coarse_ext_random_summary.csv
Wrote 17 summary rows to data_processed/hazel_icelake_6326/capacity/coarse_ext_sequential_summary.csv
-- detected boundaries (bytes): 1143480 1359832 1617120 2493944 25874000 33554432 --
-- dense sweep around boundary 1143480 bytes: 142935-9147840 --
  wrote 289002 lines -> data_raw/hazel_icelake_6326/capacity/capacity_dense0_random_20260915T010343Z.csv
  wrote 289002 lines -> data_raw/hazel_icelake_6326/capacity/capacity_dense0_sequential_20260915T010343Z.csv
Wrote 289 summary rows to data_processed/hazel_icelake_6326/capacity/dense0_random_summary.csv
Wrote 289 summary rows to data_processed/hazel_icelake_6326/capacity/dense0_sequential_summary.csv
-- dense sweep around boundary 1359832 bytes: 169979-10878656 --
  wrote 289002 lines -> data_raw/hazel_icelake_6326/capacity/capacity_dense1_random_20260915T010343Z.csv
  wrote 289002 lines -> data_raw/hazel_icelake_6326/capacity/capacity_dense1_sequential_20260915T010343Z.csv
Wrote 289 summary rows to data_processed/hazel_icelake_6326/capacity/dense1_random_summary.csv
Wrote 289 summary rows to data_processed/hazel_icelake_6326/capacity/dense1_sequential_summary.csv
-- dense sweep around boundary 1617120 bytes: 202140-12936960 --
  wrote 289002 lines -> data_raw/hazel_icelake_6326/capacity/capacity_dense2_random_20260915T010343Z.csv
  wrote 289002 lines -> data_raw/hazel_icelake_6326/capacity/capacity_dense2_sequential_20260915T010343Z.csv
Wrote 289 summary rows to data_processed/hazel_icelake_6326/capacity/dense2_random_summary.csv
Wrote 289 summary rows to data_processed/hazel_icelake_6326/capacity/dense2_sequential_summary.csv
-- dense sweep around boundary 2493944 bytes: 311743-19951552 --
  wrote 289002 lines -> data_raw/hazel_icelake_6326/capacity/capacity_dense3_random_20260915T010343Z.csv
  wrote 289002 lines -> data_raw/hazel_icelake_6326/capacity/capacity_dense3_sequential_20260915T010343Z.csv
Wrote 289 summary rows to data_processed/hazel_icelake_6326/capacity/dense3_random_summary.csv
Wrote 289 summary rows to data_processed/hazel_icelake_6326/capacity/dense3_sequential_summary.csv
-- dense sweep around boundary 25874000 bytes: 3234250-206992000 --
  wrote 289002 lines -> data_raw/hazel_icelake_6326/capacity/capacity_dense4_random_20260915T010343Z.csv
  wrote 289002 lines -> data_raw/hazel_icelake_6326/capacity/capacity_dense4_sequential_20260915T010343Z.csv
Wrote 289 summary rows to data_processed/hazel_icelake_6326/capacity/dense4_random_summary.csv
Wrote 289 summary rows to data_processed/hazel_icelake_6326/capacity/dense4_sequential_summary.csv
-- dense sweep around boundary 33554432 bytes: 4194304-268435456 --
  wrote 289002 lines -> data_raw/hazel_icelake_6326/capacity/capacity_dense5_random_20260915T010343Z.csv
  wrote 289002 lines -> data_raw/hazel_icelake_6326/capacity/capacity_dense5_sequential_20260915T010343Z.csv
Wrote 289 summary rows to data_processed/hazel_icelake_6326/capacity/dense5_random_summary.csv
Wrote 289 summary rows to data_processed/hazel_icelake_6326/capacity/dense5_sequential_summary.csv
  -- repeat 1/2 of deepest boundary's dense window --
  wrote 289002 lines -> data_raw/hazel_icelake_6326/capacity/capacity_dense5_rep1_random_20260915T010343Z.csv
  wrote 289002 lines -> data_raw/hazel_icelake_6326/capacity/capacity_dense5_rep1_sequential_20260915T010343Z.csv
Wrote 289 summary rows to data_processed/hazel_icelake_6326/capacity/dense5_rep1_random_summary.csv
Wrote 289 summary rows to data_processed/hazel_icelake_6326/capacity/dense5_rep1_sequential_summary.csv
  -- repeat 2/2 of deepest boundary's dense window --
  wrote 289002 lines -> data_raw/hazel_icelake_6326/capacity/capacity_dense5_rep2_random_20260915T010343Z.csv
  wrote 289002 lines -> data_raw/hazel_icelake_6326/capacity/capacity_dense5_rep2_sequential_20260915T010343Z.csv
Wrote 289 summary rows to data_processed/hazel_icelake_6326/capacity/dense5_rep2_random_summary.csv
Wrote 289 summary rows to data_processed/hazel_icelake_6326/capacity/dense5_rep2_sequential_summary.csv
-- dense sweep past deepest boundary, checking for a further plateau: 67108864-268435456 --
  wrote 97002 lines -> data_raw/hazel_icelake_6326/capacity/capacity_denseTail_random_20260915T010343Z.csv
  wrote 97002 lines -> data_raw/hazel_icelake_6326/capacity/capacity_denseTail_sequential_20260915T010343Z.csv
Wrote 97 summary rows to data_processed/hazel_icelake_6326/capacity/denseTail_random_summary.csv
Wrote 97 summary rows to data_processed/hazel_icelake_6326/capacity/denseTail_sequential_summary.csv
-- generating plots --
  note: 139.578 KiB (random) has 2 overlapping summary rows with medians [13.9, 17.7] (spread 3.8 ticks, 23.8%) -- averaging, widening whiskers to the union
  note: 165.992 KiB (random) has 3 overlapping summary rows with medians [14.3, 11.9, 30.9] (spread 19.0 ticks, 100.1%) -- averaging, widening whiskers to the union
  note: 181.016 KiB (random) has 3 overlapping summary rows with medians [14.5, 11.9, 10.9] (spread 3.6 ticks, 28.7%) -- averaging, widening whiskers to the union
  note: 197.398 KiB (random) has 4 overlapping summary rows with medians [14.7, 12.1, 12.1, 31.4] (spread 19.3 ticks, 109.8%) -- averaging, widening whiskers to the union
  note: 215.266 KiB (random) has 4 overlapping summary rows with medians [14.9, 11.1, 12.3, 12.3] (spread 3.8 ticks, 29.9%) -- averaging, widening whiskers to the union
  note: 234.75 KiB (random) has 4 overlapping summary rows with medians [15.0, 12.4, 12.4, 12.3] (spread 2.7 ticks, 20.6%) -- averaging, widening whiskers to the union
  note: 279.164 KiB (random) has 4 overlapping summary rows with medians [15.8, 13.1, 12.9, 13.1] (spread 2.8 ticks, 20.7%) -- averaging, widening whiskers to the union
  note: 394.805 KiB (random) has 5 overlapping summary rows with medians [17.9, 14.8, 14.8, 13.9, 14.8] (spread 4.0 ticks, 26.2%) -- averaging, widening whiskers to the union
  note: 558.336 KiB (random) has 5 overlapping summary rows with medians [19.4, 16.1, 16.0, 16.1, 16.1] (spread 3.3 ticks, 20.0%) -- averaging, widening whiskers to the union
  note: 789.609 KiB (random) has 5 overlapping summary rows with medians [22.2, 16.9, 17.0, 17.0, 17.0] (spread 5.2 ticks, 29.1%) -- averaging, widening whiskers to the union
  note: 939.008 KiB (random) has 5 overlapping summary rows with medians [23.8, 17.4, 17.6, 17.9, 17.8] (spread 6.5 ticks, 34.3%) -- averaging, widening whiskers to the union
  note: 1 MiB (random) has 2 overlapping summary rows with medians [25.6, 18.1] (spread 7.6 ticks, 34.7%) -- averaging, widening whiskers to the union
  note: 1.09051 MiB (random) has 2 overlapping summary rows with medians [25.9, 19.3] (spread 6.6 ticks, 29.2%) -- averaging, widening whiskers to the union
  note: 1.1892 MiB (random) has 5 overlapping summary rows with medians [33.9, 22.2, 21.8, 21.8, 20.9] (spread 13.0 ticks, 53.8%) -- averaging, widening whiskers to the union
  note: 1.29684 MiB (random) has 4 overlapping summary rows with medians [36.9, 24.7, 23.9, 25.1] (spread 12.9 ticks, 46.8%) -- averaging, widening whiskers to the union
  note: 1.41421 MiB (random) has 5 overlapping summary rows with medians [45.9, 26.4, 27.1, 26.3, 26.3] (spread 19.7 ticks, 64.7%) -- averaging, widening whiskers to the union
  note: 1.54221 MiB (random) has 5 overlapping summary rows with medians [53.4, 29.8, 30.1, 30.1, 29.7] (spread 23.7 ticks, 68.4%) -- averaging, widening whiskers to the union
  note: 1.83401 MiB (random) has 2 overlapping summary rows with medians [72.5, 36.6] (spread 35.9 ticks, 65.8%) -- averaging, widening whiskers to the union
  note: 2 MiB (random) has 2 overlapping summary rows with medians [73.9, 35.2] (spread 38.8 ticks, 71.1%) -- averaging, widening whiskers to the union
  note: 2.18102 MiB (random) has 2 overlapping summary rows with medians [80.7, 37.8] (spread 42.9 ticks, 72.4%) -- averaging, widening whiskers to the union
  note: 2.37841 MiB (random) has 3 overlapping summary rows with medians [87.0, 40.5, 40.4] (spread 46.6 ticks, 83.2%) -- averaging, widening whiskers to the union
  note: 2.59367 MiB (random) has 4 overlapping summary rows with medians [92.9, 42.8, 42.8, 42.8] (spread 50.0 ticks, 90.4%) -- averaging, widening whiskers to the union
  note: 2.82842 MiB (random) has 3 overlapping summary rows with medians [98.3, 45.1, 45.1] (spread 53.2 ticks, 84.7%) -- averaging, widening whiskers to the union
  note: 3.08442 MiB (random) has 3 overlapping summary rows with medians [103.5, 47.2, 47.2] (spread 56.3 ticks, 85.3%) -- averaging, widening whiskers to the union
  note: 3.36358 MiB (random) has 5 overlapping summary rows with medians [108.0, 49.1, 49.1, 49.1, 49.1] (spread 58.9 ticks, 96.8%) -- averaging, widening whiskers to the union
  note: 3.66801 MiB (random) has 3 overlapping summary rows with medians [112.1, 50.8, 50.9] (spread 61.3 ticks, 86.0%) -- averaging, widening whiskers to the union
  note: 4 MiB (random) has 4 overlapping summary rows with medians [112.6, 50.4, 50.4, 50.4] (spread 62.2 ticks, 94.4%) -- averaging, widening whiskers to the union
  note: 4.36203 MiB (random) has 6 overlapping summary rows with medians [115.9, 51.7, 51.7, 51.7, 51.7, 51.7] (spread 64.2 ticks, 102.9%) -- averaging, widening whiskers to the union
  note: 4.75683 MiB (random) has 4 overlapping summary rows with medians [119.3, 53.2, 53.2, 53.2] (spread 66.1 ticks, 94.9%) -- averaging, widening whiskers to the union
  note: 5.18736 MiB (random) has 6 overlapping summary rows with medians [122.4, 54.5, 54.5, 54.5, 54.5, 54.5] (spread 67.9 ticks, 103.2%) -- averaging, widening whiskers to the union
  note: 5.65685 MiB (random) has 6 overlapping summary rows with medians [125.2, 55.7, 55.7, 55.8, 55.7, 55.7] (spread 69.5 ticks, 103.3%) -- averaging, widening whiskers to the union
  note: 6.16884 MiB (random) has 6 overlapping summary rows with medians [125.4, 55.5, 55.4, 55.5, 55.5, 55.5] (spread 70.0 ticks, 104.2%) -- averaging, widening whiskers to the union
  note: 6.72717 MiB (random) has 6 overlapping summary rows with medians [127.8, 56.6, 56.6, 56.6, 56.5, 56.6] (spread 71.3 ticks, 104.2%) -- averaging, widening whiskers to the union
  note: 7.33603 MiB (random) has 6 overlapping summary rows with medians [130.4, 57.7, 57.6, 57.7, 57.7, 57.6] (spread 72.7 ticks, 104.3%) -- averaging, widening whiskers to the union
  note: 8 MiB (random) has 4 overlapping summary rows with medians [130.8, 57.6, 57.6, 57.6] (spread 73.2 ticks, 96.5%) -- averaging, widening whiskers to the union
  note: 8.72406 MiB (random) has 6 overlapping summary rows with medians [132.7, 58.4, 58.4, 58.4, 58.4, 58.4] (spread 74.3 ticks, 104.9%) -- averaging, widening whiskers to the union
  note: 168.406 KiB (random) has 2 overlapping summary rows with medians [11.9, 17.3] (spread 5.4 ticks, 37.0%) -- averaging, widening whiskers to the union
  note: 200.273 KiB (random) has 3 overlapping summary rows with medians [12.1, 12.2, 20.7] (spread 8.5 ticks, 57.0%) -- averaging, widening whiskers to the union
  note: 304.43 KiB (random) has 4 overlapping summary rows with medians [13.5, 13.5, 13.5, 32.2] (spread 18.7 ticks, 102.8%) -- averaging, widening whiskers to the union
  note: 308.859 KiB (random) has 4 overlapping summary rows with medians [13.6, 12.6, 13.7, 17.4] (spread 4.7 ticks, 33.0%) -- averaging, widening whiskers to the union
  note: 70.8076 MiB (random) has 4 overlapping summary rows with medians [201.4, 200.3, 200.0, 244.2] (spread 44.1 ticks, 20.9%) -- averaging, widening whiskers to the union
  note: 75.0181 MiB (random) has 4 overlapping summary rows with medians [203.1, 203.3, 204.1, 246.9] (spread 43.9 ticks, 20.5%) -- averaging, widening whiskers to the union
  note: 78.3394 MiB (random) has 4 overlapping summary rows with medians [205.8, 205.9, 206.3, 251.3] (spread 45.5 ticks, 21.0%) -- averaging, widening whiskers to the union
  note: 139.578 KiB (sequential) has 2 overlapping summary rows with medians [7.6, 15.6] (spread 8.0 ticks, 68.7%) -- averaging, widening whiskers to the union
  note: 165.992 KiB (sequential) has 3 overlapping summary rows with medians [7.7, 6.1, 17.5] (spread 11.4 ticks, 109.4%) -- averaging, widening whiskers to the union
  note: 197.398 KiB (sequential) has 4 overlapping summary rows with medians [7.6, 6.0, 7.6, 17.4] (spread 11.4 ticks, 118.0%) -- averaging, widening whiskers to the union
  note: 215.266 KiB (sequential) has 4 overlapping summary rows with medians [7.7, 6.0, 7.6, 7.6] (spread 1.6 ticks, 22.6%) -- averaging, widening whiskers to the union
  note: 331.984 KiB (sequential) has 5 overlapping summary rows with medians [7.7, 6.0, 7.6, 7.7, 8.5] (spread 2.5 ticks, 33.1%) -- averaging, widening whiskers to the union
  note: 394.805 KiB (sequential) has 5 overlapping summary rows with medians [7.6, 6.0, 7.6, 7.0, 7.5] (spread 1.6 ticks, 22.1%) -- averaging, widening whiskers to the union
  note: 3.08442 MiB (sequential) has 3 overlapping summary rows with medians [7.7, 7.7, 20.9] (spread 13.2 ticks, 108.8%) -- averaging, widening whiskers to the union
  note: 4 MiB (sequential) has 4 overlapping summary rows with medians [8.0, 16.5, 18.5, 16.6] (spread 10.5 ticks, 70.5%) -- averaging, widening whiskers to the union
  note: 168.406 KiB (sequential) has 2 overlapping summary rows with medians [7.5, 14.2] (spread 6.8 ticks, 62.4%) -- averaging, widening whiskers to the union
  note: 173.344 KiB (sequential) has 2 overlapping summary rows with medians [6.1, 8.6] (spread 2.4 ticks, 33.2%) -- averaging, widening whiskers to the union
  note: 178.422 KiB (sequential) has 2 overlapping summary rows with medians [6.0, 7.5] (spread 1.5 ticks, 21.8%) -- averaging, widening whiskers to the union
  note: 186.32 KiB (sequential) has 2 overlapping summary rows with medians [6.0, 7.7] (spread 1.7 ticks, 25.0%) -- averaging, widening whiskers to the union
  note: 189.031 KiB (sequential) has 2 overlapping summary rows with medians [6.0, 7.4] (spread 1.4 ticks, 21.1%) -- averaging, widening whiskers to the union
  note: 191.781 KiB (sequential) has 2 overlapping summary rows with medians [6.0, 7.5] (spread 1.4 ticks, 21.5%) -- averaging, widening whiskers to the union
  note: 200.273 KiB (sequential) has 3 overlapping summary rows with medians [7.4, 7.6, 13.8] (spread 6.4 ticks, 66.2%) -- averaging, widening whiskers to the union
  note: 218.398 KiB (sequential) has 3 overlapping summary rows with medians [6.1, 7.6, 7.6] (spread 1.6 ticks, 22.0%) -- averaging, widening whiskers to the union
  note: 221.57 KiB (sequential) has 3 overlapping summary rows with medians [7.7, 7.6, 6.0] (spread 1.6 ticks, 23.1%) -- averaging, widening whiskers to the union
  note: 231.383 KiB (sequential) has 3 overlapping summary rows with medians [6.0, 7.6, 6.1] (spread 1.6 ticks, 24.3%) -- averaging, widening whiskers to the union
  note: 238.164 KiB (sequential) has 3 overlapping summary rows with medians [7.8, 7.5, 6.0] (spread 1.7 ticks, 24.5%) -- averaging, widening whiskers to the union
  note: 241.625 KiB (sequential) has 3 overlapping summary rows with medians [6.0, 7.8, 6.1] (spread 1.8 ticks, 27.1%) -- averaging, widening whiskers to the union
  note: 245.141 KiB (sequential) has 3 overlapping summary rows with medians [6.0, 7.4, 6.0] (spread 1.4 ticks, 21.6%) -- averaging, widening whiskers to the union
  note: 248.711 KiB (sequential) has 3 overlapping summary rows with medians [7.0, 7.5, 6.0] (spread 1.4 ticks, 21.1%) -- averaging, widening whiskers to the union
  note: 252.328 KiB (sequential) has 3 overlapping summary rows with medians [6.0, 7.5, 6.5] (spread 1.5 ticks, 21.8%) -- averaging, widening whiskers to the union
  note: 267.328 KiB (sequential) has 3 overlapping summary rows with medians [7.5, 7.6, 6.0] (spread 1.6 ticks, 22.2%) -- averaging, widening whiskers to the union
  note: 271.219 KiB (sequential) has 3 overlapping summary rows with medians [7.3, 7.6, 6.0] (spread 1.5 ticks, 22.1%) -- averaging, widening whiskers to the union
  note: 275.164 KiB (sequential) has 3 overlapping summary rows with medians [7.6, 7.5, 6.0] (spread 1.6 ticks, 22.1%) -- averaging, widening whiskers to the union
  note: 304.43 KiB (sequential) has 4 overlapping summary rows with medians [7.5, 7.5, 6.0, 19.3] (spread 13.3 ticks, 131.6%) -- averaging, widening whiskers to the union
  note: 308.859 KiB (sequential) has 4 overlapping summary rows with medians [7.5, 7.5, 6.1, 12.1] (spread 6.1 ticks, 72.9%) -- averaging, widening whiskers to the union
  note: 313.352 KiB (sequential) has 4 overlapping summary rows with medians [6.0, 7.6, 6.7, 8.3] (spread 2.2 ticks, 31.5%) -- averaging, widening whiskers to the union
  note: 317.914 KiB (sequential) has 4 overlapping summary rows with medians [7.3, 7.6, 6.0, 8.0] (spread 2.0 ticks, 27.4%) -- averaging, widening whiskers to the union
  note: 322.539 KiB (sequential) has 4 overlapping summary rows with medians [6.0, 7.6, 7.2, 7.5] (spread 1.6 ticks, 22.2%) -- averaging, widening whiskers to the union
  note: 327.227 KiB (sequential) has 4 overlapping summary rows with medians [6.0, 7.6, 7.2, 7.6] (spread 1.6 ticks, 22.8%) -- averaging, widening whiskers to the union
  note: 351.727 KiB (sequential) has 4 overlapping summary rows with medians [6.0, 7.6, 7.5, 7.5] (spread 1.6 ticks, 22.4%) -- averaging, widening whiskers to the union
  note: 372.641 KiB (sequential) has 4 overlapping summary rows with medians [6.0, 7.5, 7.5, 7.7] (spread 1.7 ticks, 23.9%) -- averaging, widening whiskers to the union
  note: 378.062 KiB (sequential) has 4 overlapping summary rows with medians [6.0, 7.9, 6.0, 7.9] (spread 1.8 ticks, 26.4%) -- averaging, widening whiskers to the union
  note: 389.141 KiB (sequential) has 4 overlapping summary rows with medians [6.5, 7.5, 6.0, 7.5] (spread 1.5 ticks, 21.8%) -- averaging, widening whiskers to the union
  note: 400.547 KiB (sequential) has 4 overlapping summary rows with medians [6.0, 7.5, 6.0, 7.7] (spread 1.7 ticks, 24.8%) -- averaging, widening whiskers to the union
  note: 418.281 KiB (sequential) has 4 overlapping summary rows with medians [6.0, 7.8, 7.5, 7.7] (spread 1.7 ticks, 23.8%) -- averaging, widening whiskers to the union
  note: 462.773 KiB (sequential) has 4 overlapping summary rows with medians [6.0, 7.5, 7.6, 7.6] (spread 1.6 ticks, 22.2%) -- averaging, widening whiskers to the union
  note: 1.3157 MiB (sequential) has 4 overlapping summary rows with medians [6.0, 7.6, 7.6, 7.6] (spread 1.6 ticks, 21.7%) -- averaging, widening whiskers to the union
  note: 203.18 KiB (sequential) has 2 overlapping summary rows with medians [7.6, 9.4] (spread 1.8 ticks, 21.2%) -- averaging, widening whiskers to the union
  note: 2.05859 MiB (sequential) has 2 overlapping summary rows with medians [6.3, 7.9] (spread 1.6 ticks, 22.5%) -- averaging, widening whiskers to the union
Wrote data_processed/hazel_icelake_6326/capacity/plots/capacity_curve.pdf and .png
Wrote data_processed/hazel_icelake_6326/capacity/plots/capacity_boxplots.pdf and .png
-- compressing raw CSVs --
== done ==
== plots: data_processed/hazel_icelake_6326/capacity/plots/capacity_curve.{png,pdf}, data_processed/hazel_icelake_6326/capacity/plots/capacity_boxplots.{png,pdf} ==
== detected boundaries (bytes): 1143480 1359832 1617120 2493944 25874000 33554432 ==
== record in data_raw/hazel_icelake_6326/README.md: core=16, seed=12345, samples=1000000, timestamp=20260915T010343Z ==
== full transcript saved to: data_raw/hazel_icelake_6326/capacity/run_capacity_full_20260915T010343Z.log ==
