== run_line_size: machine=hazel_cascadelake/line_size_rerun core=24 seed=12345 ==
== timestamp=20260915T045235Z boundaries=16777216 coarse_strides=8,16,32,64,128,256 ==

############################################################
## LEVEL boundary=16777216B -- Method A window=[2097152,67108864] bytes
############################################################
-- [L16777216 A coarse] stride=8B pattern=random offset=0B --
  wrote 31002 lines -> data_raw/hazel_cascadelake/line_size_rerun/line_size/level_16777216/family_8_random_20260915T045235Z.csv
Wrote 31 summary rows to data_processed/hazel_cascadelake/line_size_rerun/line_size/level_16777216/family_8_random_summary.csv
-- [L16777216 A coarse] stride=8B pattern=sequential offset=0B --
  wrote 31002 lines -> data_raw/hazel_cascadelake/line_size_rerun/line_size/level_16777216/family_8_sequential_20260915T045235Z.csv
Wrote 31 summary rows to data_processed/hazel_cascadelake/line_size_rerun/line_size/level_16777216/family_8_sequential_summary.csv
-- [L16777216 A coarse] stride=16B pattern=random offset=0B --
  wrote 31002 lines -> data_raw/hazel_cascadelake/line_size_rerun/line_size/level_16777216/family_16_random_20260915T045235Z.csv
Wrote 31 summary rows to data_processed/hazel_cascadelake/line_size_rerun/line_size/level_16777216/family_16_random_summary.csv
-- [L16777216 A coarse] stride=16B pattern=sequential offset=0B --
  wrote 31002 lines -> data_raw/hazel_cascadelake/line_size_rerun/line_size/level_16777216/family_16_sequential_20260915T045235Z.csv
Wrote 31 summary rows to data_processed/hazel_cascadelake/line_size_rerun/line_size/level_16777216/family_16_sequential_summary.csv
-- [L16777216 A coarse] stride=32B pattern=random offset=0B --
  wrote 31002 lines -> data_raw/hazel_cascadelake/line_size_rerun/line_size/level_16777216/family_32_random_20260915T045235Z.csv
Wrote 31 summary rows to data_processed/hazel_cascadelake/line_size_rerun/line_size/level_16777216/family_32_random_summary.csv
-- [L16777216 A coarse] stride=32B pattern=sequential offset=0B --
  wrote 31002 lines -> data_raw/hazel_cascadelake/line_size_rerun/line_size/level_16777216/family_32_sequential_20260915T045235Z.csv
Wrote 31 summary rows to data_processed/hazel_cascadelake/line_size_rerun/line_size/level_16777216/family_32_sequential_summary.csv
-- [L16777216 A coarse] stride=64B pattern=random offset=0B --
  wrote 31002 lines -> data_raw/hazel_cascadelake/line_size_rerun/line_size/level_16777216/family_64_random_20260915T045235Z.csv
Wrote 31 summary rows to data_processed/hazel_cascadelake/line_size_rerun/line_size/level_16777216/family_64_random_summary.csv
-- [L16777216 A coarse] stride=64B pattern=sequential offset=0B --
  wrote 31002 lines -> data_raw/hazel_cascadelake/line_size_rerun/line_size/level_16777216/family_64_sequential_20260915T045235Z.csv
Wrote 31 summary rows to data_processed/hazel_cascadelake/line_size_rerun/line_size/level_16777216/family_64_sequential_summary.csv
-- [L16777216 A coarse] stride=128B pattern=random offset=0B --
  wrote 31002 lines -> data_raw/hazel_cascadelake/line_size_rerun/line_size/level_16777216/family_128_random_20260915T045235Z.csv
Wrote 31 summary rows to data_processed/hazel_cascadelake/line_size_rerun/line_size/level_16777216/family_128_random_summary.csv
-- [L16777216 A coarse] stride=128B pattern=sequential offset=0B --
  wrote 31002 lines -> data_raw/hazel_cascadelake/line_size_rerun/line_size/level_16777216/family_128_sequential_20260915T045235Z.csv
Wrote 31 summary rows to data_processed/hazel_cascadelake/line_size_rerun/line_size/level_16777216/family_128_sequential_summary.csv
-- [L16777216 A coarse] stride=256B pattern=random offset=0B --
  wrote 31002 lines -> data_raw/hazel_cascadelake/line_size_rerun/line_size/level_16777216/family_256_random_20260915T045235Z.csv
Wrote 31 summary rows to data_processed/hazel_cascadelake/line_size_rerun/line_size/level_16777216/family_256_random_summary.csv
-- [L16777216 A coarse] stride=256B pattern=sequential offset=0B --
  wrote 31002 lines -> data_raw/hazel_cascadelake/line_size_rerun/line_size/level_16777216/family_256_sequential_20260915T045235Z.csv
Wrote 31 summary rows to data_processed/hazel_cascadelake/line_size_rerun/line_size/level_16777216/family_256_sequential_summary.csv
-- [L16777216 A steps 1-3] generating coarse family-of-curves plots --
Wrote data_processed/hazel_cascadelake/line_size_rerun/line_size/level_16777216/plots/line_size_family_curve.pdf and .png
-- per-stride elbow (bytes): {8B: 10568984, 16B: 5931632, 32B: 8388608, 64B: 6657984, 128B: 6657920, 256B: 9415680}
-- line-size estimate: smallest candidate stride whose elbow agrees with largest tested stride (~9415680 bytes) is 8B -- see infer_line_size's docstring caveat on the fixed grid resolution before citing this as a clean line-size number on its own
Wrote data_processed/hazel_cascadelake/line_size_rerun/line_size/level_16777216/plots/line_size_family_boxplots.pdf and .png
   (the per-stride elbow / line-size-estimate lines just above are
   plot_line_size_family.py's own diagnostic guess from ONE un-repeated coarse
   sweep -- NOT auto-applied below; see data_processed/hazel_cascadelake/line_size_rerun/line_size/level_16777216/plots/line_size_family_curve.png
   and decide the step-4 candidate yourself)
== [L16777216 A] no candidate given for this level -- inspect
   data_processed/hazel_cascadelake/line_size_rerun/line_size/level_16777216/plots/line_size_family_curve.png yourself and re-run with an
   explicit candidate stride in candidate_overrides_csv for this level (no
   auto-detection: it proved unreliable across runs/cores, see the script's
   header comment). Skipping Method-A step 4.

-- [L16777216 B] single-curve method, footprint_bytes=33554432 (2.0x boundary) --
-- [L16777216 B coarse] stride 8-1024 bytes (step 8) --
  wrote 128002 lines -> data_raw/hazel_cascadelake/line_size_rerun/line_size/level_16777216/singlecurve_coarse_random_20260915T045235Z.csv
  wrote 128002 lines -> data_raw/hazel_cascadelake/line_size_rerun/line_size/level_16777216/singlecurve_coarse_sequential_20260915T045235Z.csv
Wrote 128 summary rows to data_processed/hazel_cascadelake/line_size_rerun/line_size/level_16777216/singlecurve_coarse_random_summary.csv
Wrote 128 summary rows to data_processed/hazel_cascadelake/line_size_rerun/line_size/level_16777216/singlecurve_coarse_sequential_summary.csv
-- [L16777216 B] detected line-size estimate (bytes): 72 --
-- [L16777216 B] dense sweep around estimate 72 bytes: 36-145 (step 1) --
  wrote 110002 lines -> data_raw/hazel_cascadelake/line_size_rerun/line_size/level_16777216/singlecurve_dense_random_20260915T045235Z.csv
  wrote 110002 lines -> data_raw/hazel_cascadelake/line_size_rerun/line_size/level_16777216/singlecurve_dense_sequential_20260915T045235Z.csv
Wrote 110 summary rows to data_processed/hazel_cascadelake/line_size_rerun/line_size/level_16777216/singlecurve_dense_random_summary.csv
Wrote 110 summary rows to data_processed/hazel_cascadelake/line_size_rerun/line_size/level_16777216/singlecurve_dense_sequential_summary.csv
  -- [L16777216 B] repeat 1/2 of the dense window --
  wrote 110002 lines -> data_raw/hazel_cascadelake/line_size_rerun/line_size/level_16777216/singlecurve_dense_rep1_random_20260915T045235Z.csv
  wrote 110002 lines -> data_raw/hazel_cascadelake/line_size_rerun/line_size/level_16777216/singlecurve_dense_rep1_sequential_20260915T045235Z.csv
Wrote 110 summary rows to data_processed/hazel_cascadelake/line_size_rerun/line_size/level_16777216/singlecurve_dense_rep1_random_summary.csv
Wrote 110 summary rows to data_processed/hazel_cascadelake/line_size_rerun/line_size/level_16777216/singlecurve_dense_rep1_sequential_summary.csv
  -- [L16777216 B] repeat 2/2 of the dense window --
  wrote 110002 lines -> data_raw/hazel_cascadelake/line_size_rerun/line_size/level_16777216/singlecurve_dense_rep2_random_20260915T045235Z.csv
  wrote 110002 lines -> data_raw/hazel_cascadelake/line_size_rerun/line_size/level_16777216/singlecurve_dense_rep2_sequential_20260915T045235Z.csv
Wrote 110 summary rows to data_processed/hazel_cascadelake/line_size_rerun/line_size/level_16777216/singlecurve_dense_rep2_random_summary.csv
Wrote 110 summary rows to data_processed/hazel_cascadelake/line_size_rerun/line_size/level_16777216/singlecurve_dense_rep2_sequential_summary.csv
-- [L16777216 B] generating single-curve plots --
  note: flagged 20 isolated spike stride(s) as probable page-aliasing artifacts: [352, 400, 416, 432, 448, 464, 480, 488, 496, 512, 528, 544, 568, 592, 616, 640, 680, 768, 896, 1024]
Wrote data_processed/hazel_cascadelake/line_size_rerun/line_size/level_16777216/plots/line_size_curve.pdf and .png
Wrote data_processed/hazel_cascadelake/line_size_rerun/line_size/level_16777216/plots/line_size_boxplots.pdf and .png
-- compressing raw CSVs for level 16777216 --

############################################################
## step 5: cross-level, cross-method agreement summary
############################################################
   level boundary=16777216B -> method A (family of curves) = noneB, method B (single curve) = 72B
== every level/method that produced an estimate AGREES on 72B -- strong Phase-I evidence ==
== done: all levels, both methods, complete ==
== this is a FROZEN PHASE-I TIMING-ONLY result -- compare against PMU counters
   and the documented/system-reported line size in Phase II before treating it as
   confirmed (see README.md's Phase I/II/III discipline).
== plots per level: data_processed/hazel_cascadelake/line_size_rerun/line_size/level_<boundary>/plots/line_size_family_{curve,boxplots}.{png,pdf} (A, steps 1-3),
          .../line_size_offset_{elbow,boxplots}.{png,pdf} (A, step 4), .../line_size_{curve,boxplots}.{png,pdf} (B) ==
== record in data_raw/hazel_cascadelake/line_size_rerun/README.md: boundaries=16777216, core=24,
   seed=12345, samples=1000000, coarse_strides=8,16,32,64,128,256, per-level/per-method estimates as above,
   timestamp=20260915T045235Z ==
== full transcript saved to: data_raw/hazel_cascadelake/line_size_rerun/line_size/run_line_size_20260915T045235Z.log ==
