=== Machine identification (Phase Discipline whitelist only) ===
c059n01
Linux c059n01 5.14.0-611.5.1.el9_7.x86_64 #1 SMP PREEMPT_DYNAMIC Fri Oct 17 14:16:35 EDT 2025 x86_64 x86_64 x86_64 GNU/Linux
model name	: Intel(R) Xeon(R) Platinum 8358 CPU @ 2.60GHz
Assigned logical CPU: 34, SLURM_JOB_ID=838212

=== Running scripts/run_associativity_full.sh (HAZEL_MODE=1) ===
== run_associativity_full: machine=hazel_icelake_8358 core=34 base_seed=12345 max_ways=40 ==
== timestamp=20260915T022749Z ==
-- using explicit cache_bytes override: 32768 1310720 50331648 --

== level L1: cache_bytes=32768 ==
-- base sweep num_ways=2-40 --
  wrote 39002 lines -> data_raw/hazel_icelake_8358/associativity/L1/associativity_base_random_20260915T022749Z.csv (seed=12345)
  wrote 39002 lines -> data_raw/hazel_icelake_8358/associativity/L1/associativity_base_sequential_20260915T022749Z.csv (seed=12345)
Wrote 39 summary rows to data_processed/hazel_icelake_8358/associativity/L1/base_random_summary_20260915T022749Z.csv
Wrote 39 summary rows to data_processed/hazel_icelake_8358/associativity/L1/base_sequential_summary_20260915T022749Z.csv
-- detected associativity estimate: 9 --
  -- repeat 1/2 (seed=12346) --
  wrote 39002 lines -> data_raw/hazel_icelake_8358/associativity/L1/associativity_rep1_random_20260915T022749Z.csv (seed=12346)
  wrote 39002 lines -> data_raw/hazel_icelake_8358/associativity/L1/associativity_rep1_sequential_20260915T022749Z.csv (seed=12346)
Wrote 39 summary rows to data_processed/hazel_icelake_8358/associativity/L1/rep1_random_summary_20260915T022749Z.csv
Wrote 39 summary rows to data_processed/hazel_icelake_8358/associativity/L1/rep1_sequential_summary_20260915T022749Z.csv
     repeat 1 detected estimate: 9
  -- repeat 2/2 (seed=12347) --
  wrote 39002 lines -> data_raw/hazel_icelake_8358/associativity/L1/associativity_rep2_random_20260915T022749Z.csv (seed=12347)
  wrote 39002 lines -> data_raw/hazel_icelake_8358/associativity/L1/associativity_rep2_sequential_20260915T022749Z.csv (seed=12347)
Wrote 39 summary rows to data_processed/hazel_icelake_8358/associativity/L1/rep2_random_summary_20260915T022749Z.csv
Wrote 39 summary rows to data_processed/hazel_icelake_8358/associativity/L1/rep2_sequential_summary_20260915T022749Z.csv
     repeat 2 detected estimate: 9
-- generating plots for L1 --
  note: num_ways=2 (random) has 3 overlapping summary rows with medians [17.9, 23.1, 21.3] (spread 5.2 ticks, 25.1%) -- averaging, widening whiskers to the union
  note: num_ways=4 (sequential) has 3 overlapping summary rows with medians [11.0, 8.9, 9.6] (spread 2.1 ticks, 21.4%) -- averaging, widening whiskers to the union
Wrote data_processed/hazel_icelake_8358/associativity/L1/plots/associativity_curve.pdf and .png
Wrote data_processed/hazel_icelake_8358/associativity/L1/plots/associativity_boxplots.pdf and .png
-- compressing raw CSVs for L1 --

== level L2: cache_bytes=1310720 ==
-- base sweep num_ways=2-40 --
  wrote 39002 lines -> data_raw/hazel_icelake_8358/associativity/L2/associativity_base_random_20260915T022749Z.csv (seed=12345)
  wrote 39002 lines -> data_raw/hazel_icelake_8358/associativity/L2/associativity_base_sequential_20260915T022749Z.csv (seed=12345)
Wrote 39 summary rows to data_processed/hazel_icelake_8358/associativity/L2/base_random_summary_20260915T022749Z.csv
Wrote 39 summary rows to data_processed/hazel_icelake_8358/associativity/L2/base_sequential_summary_20260915T022749Z.csv
-- detected associativity estimate: 12 --
  -- repeat 1/2 (seed=12346) --
  wrote 39002 lines -> data_raw/hazel_icelake_8358/associativity/L2/associativity_rep1_random_20260915T022749Z.csv (seed=12346)
  wrote 39002 lines -> data_raw/hazel_icelake_8358/associativity/L2/associativity_rep1_sequential_20260915T022749Z.csv (seed=12346)
Wrote 39 summary rows to data_processed/hazel_icelake_8358/associativity/L2/rep1_random_summary_20260915T022749Z.csv
Wrote 39 summary rows to data_processed/hazel_icelake_8358/associativity/L2/rep1_sequential_summary_20260915T022749Z.csv
     repeat 1 detected estimate: 12
  -- repeat 2/2 (seed=12347) --
  wrote 39002 lines -> data_raw/hazel_icelake_8358/associativity/L2/associativity_rep2_random_20260915T022749Z.csv (seed=12347)
  wrote 39002 lines -> data_raw/hazel_icelake_8358/associativity/L2/associativity_rep2_sequential_20260915T022749Z.csv (seed=12347)
Wrote 39 summary rows to data_processed/hazel_icelake_8358/associativity/L2/rep2_random_summary_20260915T022749Z.csv
Wrote 39 summary rows to data_processed/hazel_icelake_8358/associativity/L2/rep2_sequential_summary_20260915T022749Z.csv
     repeat 2 detected estimate: 12
-- generating plots for L2 --
  note: num_ways=2 (random) has 3 overlapping summary rows with medians [28.9, 19.1, 23.1] (spread 9.8 ticks, 41.4%) -- averaging, widening whiskers to the union
  note: num_ways=4 (sequential) has 3 overlapping summary rows with medians [11.0, 12.6, 9.3] (spread 3.4 ticks, 30.9%) -- averaging, widening whiskers to the union
Wrote data_processed/hazel_icelake_8358/associativity/L2/plots/associativity_curve.pdf and .png
Wrote data_processed/hazel_icelake_8358/associativity/L2/plots/associativity_boxplots.pdf and .png
-- compressing raw CSVs for L2 --

== level L3_LLC: cache_bytes=50331648 ==
-- base sweep num_ways=2-40 --
  wrote 39002 lines -> data_raw/hazel_icelake_8358/associativity/L3_LLC/associativity_base_random_20260915T022749Z.csv (seed=12345)
  wrote 39002 lines -> data_raw/hazel_icelake_8358/associativity/L3_LLC/associativity_base_sequential_20260915T022749Z.csv (seed=12345)
Wrote 39 summary rows to data_processed/hazel_icelake_8358/associativity/L3_LLC/base_random_summary_20260915T022749Z.csv
Wrote 39 summary rows to data_processed/hazel_icelake_8358/associativity/L3_LLC/base_sequential_summary_20260915T022749Z.csv
-- detected associativity estimate: 10 --
  -- repeat 1/2 (seed=12346) --
  wrote 39002 lines -> data_raw/hazel_icelake_8358/associativity/L3_LLC/associativity_rep1_random_20260915T022749Z.csv (seed=12346)
  wrote 39002 lines -> data_raw/hazel_icelake_8358/associativity/L3_LLC/associativity_rep1_sequential_20260915T022749Z.csv (seed=12346)
Wrote 39 summary rows to data_processed/hazel_icelake_8358/associativity/L3_LLC/rep1_random_summary_20260915T022749Z.csv
Wrote 39 summary rows to data_processed/hazel_icelake_8358/associativity/L3_LLC/rep1_sequential_summary_20260915T022749Z.csv
     repeat 1 detected estimate: 10
  -- repeat 2/2 (seed=12347) --
  wrote 39002 lines -> data_raw/hazel_icelake_8358/associativity/L3_LLC/associativity_rep2_random_20260915T022749Z.csv (seed=12347)
  wrote 39002 lines -> data_raw/hazel_icelake_8358/associativity/L3_LLC/associativity_rep2_sequential_20260915T022749Z.csv (seed=12347)
Wrote 39 summary rows to data_processed/hazel_icelake_8358/associativity/L3_LLC/rep2_random_summary_20260915T022749Z.csv
Wrote 39 summary rows to data_processed/hazel_icelake_8358/associativity/L3_LLC/rep2_sequential_summary_20260915T022749Z.csv
     repeat 2 detected estimate: 9
WARNING: repeat(s) disagree with the base estimate (base=10,
         repeats=10 9) -- do NOT treat this level's
         associativity as resolved; investigate before citing a number.
-- generating plots for L3_LLC --
  note: num_ways=3 (random) has 3 overlapping summary rows with medians [12.2, 16.5, 16.5] (spread 4.4 ticks, 29.0%) -- averaging, widening whiskers to the union
  note: num_ways=2 (sequential) has 3 overlapping summary rows with medians [13.6, 17.8, 17.8] (spread 4.2 ticks, 25.5%) -- averaging, widening whiskers to the union
  note: num_ways=4 (sequential) has 3 overlapping summary rows with medians [11.0, 9.3, 8.9] (spread 2.1 ticks, 21.8%) -- averaging, widening whiskers to the union
  note: num_ways=10 (sequential) has 3 overlapping summary rows with medians [13.6, 10.1, 10.3] (spread 3.6 ticks, 31.5%) -- averaging, widening whiskers to the union
Wrote data_processed/hazel_icelake_8358/associativity/L3_LLC/plots/associativity_curve.pdf and .png
Wrote data_processed/hazel_icelake_8358/associativity/L3_LLC/plots/associativity_boxplots.pdf and .png
-- compressing raw CSVs for L3_LLC --

== done ==
== L1: cache_bytes=32768 -> associativity=9 (repeats: 9 9) ==
== L2: cache_bytes=1310720 -> associativity=12 (repeats: 12 12) ==
== L3_LLC: cache_bytes=50331648 -> associativity=10 (repeats: 10 9) ==
== record in data_raw/hazel_icelake_8358/README.md: core=34, base_seed=12345 (repeats use base_seed+index), samples=1000000, max_ways=40, timestamp=20260915T022749Z ==
== full transcript saved to: data_raw/hazel_icelake_8358/associativity/run_associativity_full_20260915T022749Z.log ==

=== Done ===

------------------------------------------------------------
Resource usage summary:

    Job ID            : 838212
    Job name          : hw1_associativity
    User / Account    : krchen / ece592f26_cpu
    Partition / QOS   : compute_partners / short
    Submitted         : 2026-09-14T22:27:43
    Started           : 2026-09-14T22:27:48
    Wait time         : 5 sec
    Elapsed (wall)    : 00:00:34
    Nodes             : 1 (c059n01)
    CPUs allocated    : 1
    Tasks             : 1
    CPU time (total)  : 27.23 sec  (user 21.05, sys 6.20)
    CPU efficiency    : 80.1%
    Memory in use     : 88.84 MB  (sampled at job end; see seff for peak)
    Memory requested  : 8G
    Working directory : /gpfs_common/share01/titan/krchen/Proj1-Cache-Reverse-Engineering
    Exit code         : 0:0

    For final accounting (Slurm's MaxRSS, billing, etc.):  seff 838212
------------------------------------------------------------
