=== Machine identification (Phase Discipline whitelist only) ===
c059n01
Linux c059n01 5.14.0-611.5.1.el9_7.x86_64 #1 SMP PREEMPT_DYNAMIC Fri Oct 17 14:16:35 EDT 2025 x86_64 x86_64 x86_64 GNU/Linux
model name	: Intel(R) Xeon(R) Platinum 8358 CPU @ 2.60GHz
Assigned core (informational): 34, SLURM_JOB_ID=839814

=== Running scripts/run_line_size.sh (HAZEL_MODE=1) for hazel_icelake_8358/line_size_rerun, boundaries=50331648 ===
== run_line_size: machine=hazel_icelake_8358/line_size_rerun core=34 seed=12345 ==
== timestamp=20260915T050310Z boundaries=50331648 coarse_strides=8,16,32,64,128,256 ==

############################################################
## LEVEL boundary=50331648B -- Method A window=[6291456,201326592] bytes
############################################################
-- [L50331648 A coarse] stride=8B pattern=random offset=0B --
  wrote 31002 lines -> data_raw/hazel_icelake_8358/line_size_rerun/line_size/level_50331648/family_8_random_20260915T050310Z.csv
Wrote 31 summary rows to data_processed/hazel_icelake_8358/line_size_rerun/line_size/level_50331648/family_8_random_summary.csv
-- [L50331648 A coarse] stride=8B pattern=sequential offset=0B --
  wrote 31002 lines -> data_raw/hazel_icelake_8358/line_size_rerun/line_size/level_50331648/family_8_sequential_20260915T050310Z.csv
Wrote 31 summary rows to data_processed/hazel_icelake_8358/line_size_rerun/line_size/level_50331648/family_8_sequential_summary.csv
-- [L50331648 A coarse] stride=16B pattern=random offset=0B --
  wrote 31002 lines -> data_raw/hazel_icelake_8358/line_size_rerun/line_size/level_50331648/family_16_random_20260915T050310Z.csv
Wrote 31 summary rows to data_processed/hazel_icelake_8358/line_size_rerun/line_size/level_50331648/family_16_random_summary.csv
-- [L50331648 A coarse] stride=16B pattern=sequential offset=0B --
  wrote 31002 lines -> data_raw/hazel_icelake_8358/line_size_rerun/line_size/level_50331648/family_16_sequential_20260915T050310Z.csv
Wrote 31 summary rows to data_processed/hazel_icelake_8358/line_size_rerun/line_size/level_50331648/family_16_sequential_summary.csv
-- [L50331648 A coarse] stride=32B pattern=random offset=0B --
  wrote 31002 lines -> data_raw/hazel_icelake_8358/line_size_rerun/line_size/level_50331648/family_32_random_20260915T050310Z.csv
Wrote 31 summary rows to data_processed/hazel_icelake_8358/line_size_rerun/line_size/level_50331648/family_32_random_summary.csv
-- [L50331648 A coarse] stride=32B pattern=sequential offset=0B --
  wrote 31002 lines -> data_raw/hazel_icelake_8358/line_size_rerun/line_size/level_50331648/family_32_sequential_20260915T050310Z.csv
Wrote 31 summary rows to data_processed/hazel_icelake_8358/line_size_rerun/line_size/level_50331648/family_32_sequential_summary.csv
-- [L50331648 A coarse] stride=64B pattern=random offset=0B --
  wrote 31002 lines -> data_raw/hazel_icelake_8358/line_size_rerun/line_size/level_50331648/family_64_random_20260915T050310Z.csv
Wrote 31 summary rows to data_processed/hazel_icelake_8358/line_size_rerun/line_size/level_50331648/family_64_random_summary.csv
-- [L50331648 A coarse] stride=64B pattern=sequential offset=0B --
  wrote 31002 lines -> data_raw/hazel_icelake_8358/line_size_rerun/line_size/level_50331648/family_64_sequential_20260915T050310Z.csv
Wrote 31 summary rows to data_processed/hazel_icelake_8358/line_size_rerun/line_size/level_50331648/family_64_sequential_summary.csv
-- [L50331648 A coarse] stride=128B pattern=random offset=0B --
  wrote 31002 lines -> data_raw/hazel_icelake_8358/line_size_rerun/line_size/level_50331648/family_128_random_20260915T050310Z.csv
Wrote 31 summary rows to data_processed/hazel_icelake_8358/line_size_rerun/line_size/level_50331648/family_128_random_summary.csv
-- [L50331648 A coarse] stride=128B pattern=sequential offset=0B --
  wrote 31002 lines -> data_raw/hazel_icelake_8358/line_size_rerun/line_size/level_50331648/family_128_sequential_20260915T050310Z.csv
Wrote 31 summary rows to data_processed/hazel_icelake_8358/line_size_rerun/line_size/level_50331648/family_128_sequential_summary.csv
-- [L50331648 A coarse] stride=256B pattern=random offset=0B --
  wrote 31002 lines -> data_raw/hazel_icelake_8358/line_size_rerun/line_size/level_50331648/family_256_random_20260915T050310Z.csv
Wrote 31 summary rows to data_processed/hazel_icelake_8358/line_size_rerun/line_size/level_50331648/family_256_random_summary.csv
-- [L50331648 A coarse] stride=256B pattern=sequential offset=0B --
  wrote 31002 lines -> data_raw/hazel_icelake_8358/line_size_rerun/line_size/level_50331648/family_256_sequential_20260915T050310Z.csv
Wrote 31 summary rows to data_processed/hazel_icelake_8358/line_size_rerun/line_size/level_50331648/family_256_sequential_summary.csv
-- [L50331648 A steps 1-3] generating coarse family-of-curves plots --
Wrote data_processed/hazel_icelake_8358/line_size_rerun/line_size/level_50331648/plots/line_size_family_curve.pdf and .png
-- per-stride elbow (bytes): {8B: 112990728, 16B: 79896496, 32B: None, 64B: 56495360, 128B: 56495360, 256B: 100663296}
-- line-size estimate: smallest candidate stride whose elbow agrees with largest tested stride (~100663296 bytes) is 8B -- see infer_line_size's docstring caveat on the fixed grid resolution before citing this as a clean line-size number on its own
Wrote data_processed/hazel_icelake_8358/line_size_rerun/line_size/level_50331648/plots/line_size_family_boxplots.pdf and .png
   (the per-stride elbow / line-size-estimate lines just above are
   plot_line_size_family.py's own diagnostic guess from ONE un-repeated coarse
   sweep -- NOT auto-applied below; see data_processed/hazel_icelake_8358/line_size_rerun/line_size/level_50331648/plots/line_size_family_curve.png
   and decide the step-4 candidate yourself)
== [L50331648 A] no candidate given for this level -- inspect
   data_processed/hazel_icelake_8358/line_size_rerun/line_size/level_50331648/plots/line_size_family_curve.png yourself and re-run with an
   explicit candidate stride in candidate_overrides_csv for this level (no
   auto-detection: it proved unreliable across runs/cores, see the script's
   header comment). Skipping Method-A step 4.

-- [L50331648 B] single-curve method, footprint_bytes=100663296 (2.0x boundary) --
-- [L50331648 B coarse] stride 8-1024 bytes (step 8) --
  wrote 128002 lines -> data_raw/hazel_icelake_8358/line_size_rerun/line_size/level_50331648/singlecurve_coarse_random_20260915T050310Z.csv
  wrote 128002 lines -> data_raw/hazel_icelake_8358/line_size_rerun/line_size/level_50331648/singlecurve_coarse_sequential_20260915T050310Z.csv
Wrote 128 summary rows to data_processed/hazel_icelake_8358/line_size_rerun/line_size/level_50331648/singlecurve_coarse_random_summary.csv
Wrote 128 summary rows to data_processed/hazel_icelake_8358/line_size_rerun/line_size/level_50331648/singlecurve_coarse_sequential_summary.csv
-- [L50331648 B] detected line-size estimate (bytes): none --
-- [L50331648 B] no transition detected in the coarse sweep; skipping dense/repeat stages --
-- [L50331648 B] generating single-curve plots --
  note: flagged 11 isolated spike stride(s) as probable page-aliasing artifacts: [216, 232, 256, 424, 456, 512, 752, 768, 800, 896, 1024]
Wrote data_processed/hazel_icelake_8358/line_size_rerun/line_size/level_50331648/plots/line_size_curve.pdf and .png
Wrote data_processed/hazel_icelake_8358/line_size_rerun/line_size/level_50331648/plots/line_size_boxplots.pdf and .png
-- compressing raw CSVs for level 50331648 --

############################################################
## step 5: cross-level, cross-method agreement summary
############################################################
   level boundary=50331648B -> method A (family of curves) = noneB, method B (single curve) = noneB
== no level/method produced a usable estimate -- widen windows or strides before citing anything
== done: all levels, both methods, complete ==
== this is a FROZEN PHASE-I TIMING-ONLY result -- compare against PMU counters
   and the documented/system-reported line size in Phase II before treating it as
   confirmed (see README.md's Phase I/II/III discipline).
== plots per level: data_processed/hazel_icelake_8358/line_size_rerun/line_size/level_<boundary>/plots/line_size_family_{curve,boxplots}.{png,pdf} (A, steps 1-3),
          .../line_size_offset_{elbow,boxplots}.{png,pdf} (A, step 4), .../line_size_{curve,boxplots}.{png,pdf} (B) ==
== record in data_raw/hazel_icelake_8358/line_size_rerun/README.md: boundaries=50331648, core=34,
   seed=12345, samples=1000000, coarse_strides=8,16,32,64,128,256, per-level/per-method estimates as above,
   timestamp=20260915T050310Z ==
== full transcript saved to: data_raw/hazel_icelake_8358/line_size_rerun/line_size/run_line_size_20260915T050310Z.log ==

=== Done ===

------------------------------------------------------------
Resource usage summary:

    Job ID            : 839814
    Job name          : hw1_ls_relook
    User / Account    : krchen / ece592f26_cpu
    Partition / QOS   : compute_partners / short
    Submitted         : 2026-09-15T01:03:01
    Started           : 2026-09-15T01:03:08
    Wait time         : 7 sec
    Elapsed (wall)    : 00:02:53
    Nodes             : 1 (c059n01)
    CPUs allocated    : 1
    Tasks             : 1
    CPU time (total)  : 167.57 sec  (user 157.27, sys 10.30)
    CPU efficiency    : 96.9%
    Memory in use     : 395.07 MB  (sampled at job end; see seff for peak)
    Memory requested  : 8G
    Working directory : /gpfs_common/share01/titan/krchen/Proj1-Cache-Reverse-Engineering
    Exit code         : 0:0

    For final accounting (Slurm's MaxRSS, billing, etc.):  seff 839814
------------------------------------------------------------
