=== Machine identification (Phase Discipline whitelist only) ===
c059n02
Linux c059n02 5.14.0-611.5.1.el9_7.x86_64 #1 SMP PREEMPT_DYNAMIC Fri Oct 17 14:16:35 EDT 2025 x86_64 x86_64 x86_64 GNU/Linux
model name	: Intel(R) Xeon(R) Platinum 8358 CPU @ 2.60GHz
CPU CORE SOCKET NODE
  0    0      0    0
  1    1      0    0
  2    2      0    0
  3    3      0    0
  4    4      0    0
  5    5      0    0
  6    6      0    0
  7    7      0    0
  8    8      0    0
  9    9      0    0
 10   10      0    0
 11   11      0    0
 12   12      0    0
 13   13      0    0
 14   14      0    0
 15   15      0    0
 16   16      0    0
 17   17      0    0
 18   18      0    0
 19   19      0    0
 20   20      0    0
 21   21      0    0
 22   22      0    0
 23   23      0    0
 24   24      0    0
 25   25      0    0
 26   26      0    0
 27   27      0    0
 28   28      0    0
 29   29      0    0
 30   30      0    0
 31   31      0    0
 32   32      1    1
 33   33      1    1
 34   34      1    1
 35   35      1    1
 36   36      1    1
 37   37      1    1
 38   38      1    1
 39   39      1    1
 40   40      1    1
 41   41      1    1
 42   42      1    1
 43   43      1    1
 44   44      1    1
 45   45      1    1
 46   46      1    1
 47   47      1    1
 48   48      1    1
 49   49      1    1
 50   50      1    1
 51   51      1    1
 52   52      1    1
 53   53      1    1
 54   54      1    1
 55   55      1    1
 56   56      1    1
 57   57      1    1
 58   58      1    1
 59   59      1    1
 60   60      1    1
 61   61      1    1
 62   62      1    1
 63   63      1    1

=== Slurm job context ===
SLURM_JOB_ID=833555
SLURM_JOB_NODELIST=c059n02
SLURM_CPUS_ON_NODE=1
SLURM_JOB_CONSTRAINT (feature match)=icelake_8358
policy: default
preferred node: current
physcpubind: 56 
cpubind: 1 
nodebind: 1 
membind: 0 1 
preferred: 

=== Toolchain ===
gcc (GCC) 11.5.0 20240719 (Red Hat 11.5.0-11)

=== Benchmark commit ===
cache_bench git commit: cb7e0c8c82c0269507e665db04563dee78fda9a6

=== Build (isolated per-job directory, avoids races with sibling jobs) ===
gcc -O0 -g -std=c11 -Wall -Wextra -fno-omit-frame-pointer -c main_code/common/main.c -o main_code/common/main.o
gcc -O0 -g -std=c11 -Wall -Wextra -fno-omit-frame-pointer -c main_code/common/benchmark.c -o main_code/common/benchmark.o
gcc -O0 -g -std=c11 -Wall -Wextra -fno-omit-frame-pointer -c main_code/common/pointer_chase.c -o main_code/common/pointer_chase.o
gcc -O0 -g -std=c11 -Wall -Wextra -fno-omit-frame-pointer -c main_code/common/random.c -o main_code/common/random.o
gcc -O0 -g -std=c11 -Wall -Wextra -fno-omit-frame-pointer -c main_code/common/capacity.c -o main_code/common/capacity.o
gcc -O0 -g -std=c11 -Wall -Wextra -fno-omit-frame-pointer -c main_code/common/line_size.c -o main_code/common/line_size.o
gcc -O0 -g -std=c11 -Wall -Wextra -fno-omit-frame-pointer -c main_code/common/associativity.c -o main_code/common/associativity.o
gcc -O0 -g -std=c11 -Wall -Wextra -fno-omit-frame-pointer -c main_code/common/latency.c -o main_code/common/latency.o
gcc -O0 -g -std=c11 -Wall -Wextra -fno-omit-frame-pointer -c main_code/common/inclusion_policy.c -o main_code/common/inclusion_policy.o
gcc -O0 -g -std=c11 -Wall -Wextra -fno-omit-frame-pointer -c main_code/software_hit_rate/software_hit_rate.c -o main_code/software_hit_rate/software_hit_rate.o
gcc -O0 -g -std=c11 -Wall -Wextra -fno-omit-frame-pointer -o cache_bench main_code/common/main.o main_code/common/benchmark.o main_code/common/pointer_chase.o main_code/common/random.o main_code/common/capacity.o main_code/common/line_size.o main_code/common/associativity.o main_code/common/latency.o main_code/common/inclusion_policy.o main_code/software_hit_rate/software_hit_rate.o -lm

=== Smoke test: srun --cpu-bind=cores ./cache_bench (tiny capacity probe) ===
# experiment=capacity samples_requested=1000 samples_achieved=1000 batch_size=1000 num_batches=1 warmup_passes=2 seed=12345 node_bytes=8 pattern=random
size_bytes,num_nodes,pattern,batch_index,avg_ticks_per_access
4096,512,random,0,25.6560
4464,558,random,0,21.2560
4864,608,random,0,25.2200
5312,664,random,0,24.5080
5792,724,random,0,21.0520
6312,789,random,0,22.1400
6888,861,random,0,29.7640
7512,939,random,0,28.0320
8192,1024,random,0,26.6600
8928,1116,random,0,28.9880
9736,1217,random,0,29.8640
10624,1328,random,0,25.2760
11584,1448,random,0,29.8360
12632,1579,random,0,24.3800
13776,1722,random,0,28.3280
15024,1878,random,0,24.7440
16384,2048,random,0,29.8320
17864,2233,random,0,27.0680
19480,2435,random,0,23.4600
21240,2655,random,0,33.4880
23168,2896,random,0,33.3840
25264,3158,random,0,28.8840
27552,3444,random,0,33.5600
30048,3756,random,0,26.5800
32768,4096,random,0,24.7840
35728,4466,random,0,27.5360
38968,4871,random,0,27.5600
42488,5311,random,0,30.0160
46336,5792,random,0,33.8400
50528,6316,random,0,28.0680
55104,6888,random,0,30.6280
60096,7512,random,0,39.7520
65536,8192,random,0,39.6000

=== Phase Discipline gate check: is predictions-frozen an ancestor of HEAD? ===
predictions-frozen is an ancestor of HEAD -- real cache-suite runs are permitted
from a separate, dedicated job script once the full-suite pipeline is built.

=== Done ===

------------------------------------------------------------
Resource usage summary:

    Job ID            : 833555
    Job name          : hw1_cache
    User / Account    : krchen / ece592f26_cpu
    Partition / QOS   : compute_partners / short
    Submitted         : 2026-09-14T14:32:53
    Started           : 2026-09-14T14:32:59
    Wait time         : 6 sec
    Elapsed (wall)    : 00:00:22
    Nodes             : 1 (c059n02)
    CPUs allocated    : 1
    Tasks             : 1
    CPU time (total)  : 1.43 sec  (user 1.03, sys 0.41)
    CPU efficiency    : 6.5%
    Memory in use     : 103.07 MB  (sampled at job end; see seff for peak)
    Memory requested  : 4G
    Working directory : /gpfs_common/share01/titan/krchen/Proj1-Cache-Reverse-Engineering
    Exit code         : 0:0

    For final accounting (Slurm's MaxRSS, billing, etc.):  seff 833555
------------------------------------------------------------
