=== Machine identification (Phase Discipline whitelist only) ===
c059n01
Linux c059n01 5.14.0-611.5.1.el9_7.x86_64 #1 SMP PREEMPT_DYNAMIC Fri Oct 17 14:16:35 EDT 2025 x86_64 x86_64 x86_64 GNU/Linux
model name	: Intel(R) Xeon(R) Platinum 8358 CPU @ 2.60GHz
Assigned logical CPU: 62, SLURM_JOB_ID=838214

=== Running scripts/run_miss_latency_full.sh (HAZEL_MODE=1) ===
== run_miss_latency_full: machine=hazel_icelake_8358 core=62 base_seed=12345 ==
== timestamp=20260915T022749Z ==

== transition L1_to_L2: target_bytes=32768 evict_bytes=1310720 ==
-- base (seed=12345) --
  wrote 202 lines -> data_raw/hazel_icelake_8358/latency/miss/L1_to_L2/miss_latency_base_random_20260915T022749Z.csv (pattern=random seed=12345)
Wrote 1 summary rows to data_processed/hazel_icelake_8358/latency/miss/L1_to_L2/base_random_summary_20260915T022749Z.csv
  wrote 202 lines -> data_raw/hazel_icelake_8358/latency/miss/L1_to_L2/miss_latency_base_sequential_20260915T022749Z.csv (pattern=sequential seed=12345)
Wrote 1 summary rows to data_processed/hazel_icelake_8358/latency/miss/L1_to_L2/base_sequential_summary_20260915T022749Z.csv
-- rep1 (seed=12346) --
  wrote 202 lines -> data_raw/hazel_icelake_8358/latency/miss/L1_to_L2/miss_latency_rep1_random_20260915T022749Z.csv (pattern=random seed=12346)
Wrote 1 summary rows to data_processed/hazel_icelake_8358/latency/miss/L1_to_L2/rep1_random_summary_20260915T022749Z.csv
  wrote 202 lines -> data_raw/hazel_icelake_8358/latency/miss/L1_to_L2/miss_latency_rep1_sequential_20260915T022749Z.csv (pattern=sequential seed=12346)
Wrote 1 summary rows to data_processed/hazel_icelake_8358/latency/miss/L1_to_L2/rep1_sequential_summary_20260915T022749Z.csv
-- rep2 (seed=12347) --
  wrote 202 lines -> data_raw/hazel_icelake_8358/latency/miss/L1_to_L2/miss_latency_rep2_random_20260915T022749Z.csv (pattern=random seed=12347)
Wrote 1 summary rows to data_processed/hazel_icelake_8358/latency/miss/L1_to_L2/rep2_random_summary_20260915T022749Z.csv
  wrote 202 lines -> data_raw/hazel_icelake_8358/latency/miss/L1_to_L2/miss_latency_rep2_sequential_20260915T022749Z.csv (pattern=sequential seed=12347)
Wrote 1 summary rows to data_processed/hazel_icelake_8358/latency/miss/L1_to_L2/rep2_sequential_summary_20260915T022749Z.csv
-- found source-level (L1) hit_latency data for penalty annotation: data_processed/hazel_icelake_8358/latency/hit/L1/base_dependent_random_summary_20260915T022749Z.csv --
-- generating plots for L1_to_L2 --
  note: pattern=sequential has 3 overlapping summary rows with medians [156.0, 254.0, 188.0] (spread 98.0 ticks, 49.2%) -- averaging, widening whiskers to the union
Wrote data_processed/hazel_icelake_8358/latency/miss/L1_to_L2/plots/miss_latency_boxplots.pdf and .png
-- compressing raw CSVs for L1_to_L2 --

== transition L2_to_LLC: target_bytes=1310720 evict_bytes=50331648 ==
-- base (seed=12345) --
  wrote 202 lines -> data_raw/hazel_icelake_8358/latency/miss/L2_to_LLC/miss_latency_base_random_20260915T022749Z.csv (pattern=random seed=12345)
Wrote 1 summary rows to data_processed/hazel_icelake_8358/latency/miss/L2_to_LLC/base_random_summary_20260915T022749Z.csv
  wrote 202 lines -> data_raw/hazel_icelake_8358/latency/miss/L2_to_LLC/miss_latency_base_sequential_20260915T022749Z.csv (pattern=sequential seed=12345)
Wrote 1 summary rows to data_processed/hazel_icelake_8358/latency/miss/L2_to_LLC/base_sequential_summary_20260915T022749Z.csv
-- rep1 (seed=12346) --
  wrote 202 lines -> data_raw/hazel_icelake_8358/latency/miss/L2_to_LLC/miss_latency_rep1_random_20260915T022749Z.csv (pattern=random seed=12346)
Wrote 1 summary rows to data_processed/hazel_icelake_8358/latency/miss/L2_to_LLC/rep1_random_summary_20260915T022749Z.csv
  wrote 202 lines -> data_raw/hazel_icelake_8358/latency/miss/L2_to_LLC/miss_latency_rep1_sequential_20260915T022749Z.csv (pattern=sequential seed=12346)
Wrote 1 summary rows to data_processed/hazel_icelake_8358/latency/miss/L2_to_LLC/rep1_sequential_summary_20260915T022749Z.csv
-- rep2 (seed=12347) --
  wrote 202 lines -> data_raw/hazel_icelake_8358/latency/miss/L2_to_LLC/miss_latency_rep2_random_20260915T022749Z.csv (pattern=random seed=12347)
Wrote 1 summary rows to data_processed/hazel_icelake_8358/latency/miss/L2_to_LLC/rep2_random_summary_20260915T022749Z.csv
  wrote 202 lines -> data_raw/hazel_icelake_8358/latency/miss/L2_to_LLC/miss_latency_rep2_sequential_20260915T022749Z.csv (pattern=sequential seed=12347)
Wrote 1 summary rows to data_processed/hazel_icelake_8358/latency/miss/L2_to_LLC/rep2_sequential_summary_20260915T022749Z.csv
-- found source-level (L2) hit_latency data for penalty annotation: data_processed/hazel_icelake_8358/latency/hit/L2/base_dependent_random_summary_20260915T022749Z.csv data_processed/hazel_icelake_8358/latency/hit/L2/rep1_dependent_random_summary_20260915T022749Z.csv data_processed/hazel_icelake_8358/latency/hit/L2/rep2_dependent_random_summary_20260915T022749Z.csv --
-- generating plots for L2_to_LLC --
  note: pattern=sequential has 3 overlapping summary rows with medians [400.0, 374.0, 230.0] (spread 170.0 ticks, 50.8%) -- averaging, widening whiskers to the union
Wrote data_processed/hazel_icelake_8358/latency/miss/L2_to_LLC/plots/miss_latency_boxplots.pdf and .png
-- compressing raw CSVs for L2_to_LLC --

== transition LLC_to_DRAM: target_bytes=50331648 evict_bytes=536870912 ==
-- base (seed=12345) --
  wrote 202 lines -> data_raw/hazel_icelake_8358/latency/miss/LLC_to_DRAM/miss_latency_base_random_20260915T022749Z.csv (pattern=random seed=12345)
Wrote 1 summary rows to data_processed/hazel_icelake_8358/latency/miss/LLC_to_DRAM/base_random_summary_20260915T022749Z.csv
  wrote 202 lines -> data_raw/hazel_icelake_8358/latency/miss/LLC_to_DRAM/miss_latency_base_sequential_20260915T022749Z.csv (pattern=sequential seed=12345)
Wrote 1 summary rows to data_processed/hazel_icelake_8358/latency/miss/LLC_to_DRAM/base_sequential_summary_20260915T022749Z.csv
-- rep1 (seed=12346) --
  wrote 202 lines -> data_raw/hazel_icelake_8358/latency/miss/LLC_to_DRAM/miss_latency_rep1_random_20260915T022749Z.csv (pattern=random seed=12346)
Wrote 1 summary rows to data_processed/hazel_icelake_8358/latency/miss/LLC_to_DRAM/rep1_random_summary_20260915T022749Z.csv
  wrote 202 lines -> data_raw/hazel_icelake_8358/latency/miss/LLC_to_DRAM/miss_latency_rep1_sequential_20260915T022749Z.csv (pattern=sequential seed=12346)
Wrote 1 summary rows to data_processed/hazel_icelake_8358/latency/miss/LLC_to_DRAM/rep1_sequential_summary_20260915T022749Z.csv
-- rep2 (seed=12347) --
  wrote 202 lines -> data_raw/hazel_icelake_8358/latency/miss/LLC_to_DRAM/miss_latency_rep2_random_20260915T022749Z.csv (pattern=random seed=12347)
Wrote 1 summary rows to data_processed/hazel_icelake_8358/latency/miss/LLC_to_DRAM/rep2_random_summary_20260915T022749Z.csv
  wrote 202 lines -> data_raw/hazel_icelake_8358/latency/miss/LLC_to_DRAM/miss_latency_rep2_sequential_20260915T022749Z.csv (pattern=sequential seed=12347)
Wrote 1 summary rows to data_processed/hazel_icelake_8358/latency/miss/LLC_to_DRAM/rep2_sequential_summary_20260915T022749Z.csv
-- found source-level (LLC) hit_latency data for penalty annotation: data_processed/hazel_icelake_8358/latency/hit/LLC/base_dependent_random_summary_20260915T022749Z.csv data_processed/hazel_icelake_8358/latency/hit/LLC/rep1_dependent_random_summary_20260915T022749Z.csv data_processed/hazel_icelake_8358/latency/hit/LLC/rep2_dependent_random_summary_20260915T022749Z.csv --
-- generating plots for LLC_to_DRAM --
  note: pattern=random has 3 overlapping summary rows with medians [716.0, 731.0, 1491.0] (spread 775.0 ticks, 79.1%) -- averaging, widening whiskers to the union
  note: pattern=sequential has 3 overlapping summary rows with medians [330.0, 564.0, 546.0] (spread 234.0 ticks, 48.8%) -- averaging, widening whiskers to the union
Wrote data_processed/hazel_icelake_8358/latency/miss/LLC_to_DRAM/plots/miss_latency_boxplots.pdf and .png
-- compressing raw CSVs for LLC_to_DRAM --

== done ==
== L1_to_L2: target_bytes=32768 evict_bytes=1310720 ==
== L2_to_LLC: target_bytes=1310720 evict_bytes=50331648 ==
== LLC_to_DRAM: target_bytes=50331648 evict_bytes=536870912 ==
== record in data_raw/hazel_icelake_8358/README.md: core=62, base_seed=12345 (repeats use base_seed+index), trials=200, timestamp=20260915T022749Z ==
== full transcript saved to: data_raw/hazel_icelake_8358/latency/run_miss_latency_full_20260915T022749Z.log ==

=== Done ===

------------------------------------------------------------
Resource usage summary:

    Job ID            : 838214
    Job name          : hw1_miss_latency
    User / Account    : krchen / ece592f26_cpu
    Partition / QOS   : compute_partners / short
    Submitted         : 2026-09-14T22:27:43
    Started           : 2026-09-14T22:27:48
    Wait time         : 5 sec
    Elapsed (wall)    : 01:21:02
    Nodes             : 1 (c059n01)
    CPUs allocated    : 1
    Tasks             : 1
    CPU time (total)  : 4843.34 sec  (user 4839.58, sys 3.77)
    CPU efficiency    : 99.6%
    Memory in use     : 1.06 GB  (sampled at job end; see seff for peak)
    Memory requested  : 8G
    Working directory : /gpfs_common/share01/titan/krchen/Proj1-Cache-Reverse-Engineering
    Exit code         : 0:0

    For final accounting (Slurm's MaxRSS, billing, etc.):  seff 838214
------------------------------------------------------------
