=== Machine identification (Phase Discipline whitelist only) ===
c059n04
Linux c059n04 5.14.0-611.5.1.el9_7.x86_64 #1 SMP PREEMPT_DYNAMIC Fri Oct 17 14:16:35 EDT 2025 x86_64 x86_64 x86_64 GNU/Linux
model name	: Intel(R) Xeon(R) Platinum 8358 CPU @ 2.60GHz
CPU CORE SOCKET NODE
  0    0      0    0
  1    1      0    0
  2    2      0    0
  3    3      0    0
  4    4      0    0
  5    5      0    0
  6    6      0    0
  7    7      0    0
  8    8      0    0
  9    9      0    0
 10   10      0    0
 11   11      0    0
 12   12      0    0
 13   13      0    0
 14   14      0    0
 15   15      0    0
 16   16      0    0
 17   17      0    0
 18   18      0    0
 19   19      0    0
 20   20      0    0
 21   21      0    0
 22   22      0    0
 23   23      0    0
 24   24      0    0
 25   25      0    0
 26   26      0    0
 27   27      0    0
 28   28      0    0
 29   29      0    0
 30   30      0    0
 31   31      0    0
 32   32      1    1
 33   33      1    1
 34   34      1    1
 35   35      1    1
 36   36      1    1
 37   37      1    1
 38   38      1    1
 39   39      1    1
 40   40      1    1
 41   41      1    1
 42   42      1    1
 43   43      1    1
 44   44      1    1
 45   45      1    1
 46   46      1    1
 47   47      1    1
 48   48      1    1
 49   49      1    1
 50   50      1    1
 51   51      1    1
 52   52      1    1
 53   53      1    1
 54   54      1    1
 55   55      1    1
 56   56      1    1
 57   57      1    1
 58   58      1    1
 59   59      1    1
 60   60      1    1
 61   61      1    1
 62   62      1    1
 63   63      1    1
Assigned logical CPU (physcpubind, informational -- srun --cpu-bind=cores does the real pinning): 56
SLURM_JOB_ID=845906

=== Phase Discipline gate check: is predictions-frozen an ancestor of HEAD? ===
OK -- predictions-frozen confirmed ancestor of HEAD, proceeding.

=== Running scripts/run_capacity_full.sh (HAZEL_MODE=1) for hazel_icelake_8358/capacity_rerun2 ===
== run_capacity_full: machine=hazel_icelake_8358/capacity_rerun2 core=56 coarse_max=67108864 seed=12345 ==
== timestamp=20260915T233724Z ==
-- coarse sweep 1024-67108864 bytes --
  wrote 129002 lines -> data_raw/hazel_icelake_8358/capacity_rerun2/capacity/capacity_coarse_random_20260915T233724Z.csv
  wrote 129002 lines -> data_raw/hazel_icelake_8358/capacity_rerun2/capacity/capacity_coarse_sequential_20260915T233724Z.csv
Wrote 129 summary rows to data_processed/hazel_icelake_8358/capacity_rerun2/capacity/coarse_random_summary.csv
Wrote 129 summary rows to data_processed/hazel_icelake_8358/capacity_rerun2/capacity/coarse_sequential_summary.csv
-- tail-extension sweep 67108864-268435456 bytes --
  wrote 17002 lines -> data_raw/hazel_icelake_8358/capacity_rerun2/capacity/capacity_coarse_ext_random_20260915T233724Z.csv
  wrote 17002 lines -> data_raw/hazel_icelake_8358/capacity_rerun2/capacity/capacity_coarse_ext_sequential_20260915T233724Z.csv
Wrote 17 summary rows to data_processed/hazel_icelake_8358/capacity_rerun2/capacity/coarse_ext_random_summary.csv
Wrote 17 summary rows to data_processed/hazel_icelake_8358/capacity_rerun2/capacity/coarse_ext_sequential_summary.csv
-- detected boundaries (bytes): 71464 1359832 36591368 43514712 67108864 73182728 --
-- dense sweep around boundary 71464 bytes: 8933-571712 --
  wrote 289002 lines -> data_raw/hazel_icelake_8358/capacity_rerun2/capacity/capacity_dense0_random_20260915T233724Z.csv
  wrote 289002 lines -> data_raw/hazel_icelake_8358/capacity_rerun2/capacity/capacity_dense0_sequential_20260915T233724Z.csv
Wrote 289 summary rows to data_processed/hazel_icelake_8358/capacity_rerun2/capacity/dense0_random_summary.csv
Wrote 289 summary rows to data_processed/hazel_icelake_8358/capacity_rerun2/capacity/dense0_sequential_summary.csv
-- dense sweep around boundary 1359832 bytes: 169979-10878656 --
  wrote 289002 lines -> data_raw/hazel_icelake_8358/capacity_rerun2/capacity/capacity_dense1_random_20260915T233724Z.csv
  wrote 289002 lines -> data_raw/hazel_icelake_8358/capacity_rerun2/capacity/capacity_dense1_sequential_20260915T233724Z.csv
Wrote 289 summary rows to data_processed/hazel_icelake_8358/capacity_rerun2/capacity/dense1_random_summary.csv
Wrote 289 summary rows to data_processed/hazel_icelake_8358/capacity_rerun2/capacity/dense1_sequential_summary.csv
-- dense sweep around boundary 36591368 bytes: 4573921-268435456 --
  wrote 282002 lines -> data_raw/hazel_icelake_8358/capacity_rerun2/capacity/capacity_dense2_random_20260915T233724Z.csv
  wrote 282002 lines -> data_raw/hazel_icelake_8358/capacity_rerun2/capacity/capacity_dense2_sequential_20260915T233724Z.csv
Wrote 282 summary rows to data_processed/hazel_icelake_8358/capacity_rerun2/capacity/dense2_random_summary.csv
Wrote 282 summary rows to data_processed/hazel_icelake_8358/capacity_rerun2/capacity/dense2_sequential_summary.csv
-- dense sweep around boundary 43514712 bytes: 5439339-268435456 --
  wrote 271002 lines -> data_raw/hazel_icelake_8358/capacity_rerun2/capacity/capacity_dense3_random_20260915T233724Z.csv
  wrote 271002 lines -> data_raw/hazel_icelake_8358/capacity_rerun2/capacity/capacity_dense3_sequential_20260915T233724Z.csv
Wrote 271 summary rows to data_processed/hazel_icelake_8358/capacity_rerun2/capacity/dense3_random_summary.csv
Wrote 271 summary rows to data_processed/hazel_icelake_8358/capacity_rerun2/capacity/dense3_sequential_summary.csv
-- dense sweep around boundary 67108864 bytes: 8388608-268435456 --
  wrote 241002 lines -> data_raw/hazel_icelake_8358/capacity_rerun2/capacity/capacity_dense4_random_20260915T233724Z.csv
  wrote 241002 lines -> data_raw/hazel_icelake_8358/capacity_rerun2/capacity/capacity_dense4_sequential_20260915T233724Z.csv
Wrote 241 summary rows to data_processed/hazel_icelake_8358/capacity_rerun2/capacity/dense4_random_summary.csv
Wrote 241 summary rows to data_processed/hazel_icelake_8358/capacity_rerun2/capacity/dense4_sequential_summary.csv
-- dense sweep around boundary 73182728 bytes: 9147841-268435456 --
  wrote 235002 lines -> data_raw/hazel_icelake_8358/capacity_rerun2/capacity/capacity_dense5_random_20260915T233724Z.csv
  wrote 235002 lines -> data_raw/hazel_icelake_8358/capacity_rerun2/capacity/capacity_dense5_sequential_20260915T233724Z.csv
Wrote 235 summary rows to data_processed/hazel_icelake_8358/capacity_rerun2/capacity/dense5_random_summary.csv
Wrote 235 summary rows to data_processed/hazel_icelake_8358/capacity_rerun2/capacity/dense5_sequential_summary.csv
  -- repeat 1/2 of deepest boundary's dense window --
  wrote 235002 lines -> data_raw/hazel_icelake_8358/capacity_rerun2/capacity/capacity_dense5_rep1_random_20260915T233724Z.csv
  wrote 235002 lines -> data_raw/hazel_icelake_8358/capacity_rerun2/capacity/capacity_dense5_rep1_sequential_20260915T233724Z.csv
Wrote 235 summary rows to data_processed/hazel_icelake_8358/capacity_rerun2/capacity/dense5_rep1_random_summary.csv
Wrote 235 summary rows to data_processed/hazel_icelake_8358/capacity_rerun2/capacity/dense5_rep1_sequential_summary.csv
  -- repeat 2/2 of deepest boundary's dense window --
  wrote 235002 lines -> data_raw/hazel_icelake_8358/capacity_rerun2/capacity/capacity_dense5_rep2_random_20260915T233724Z.csv
  wrote 235002 lines -> data_raw/hazel_icelake_8358/capacity_rerun2/capacity/capacity_dense5_rep2_sequential_20260915T233724Z.csv
Wrote 235 summary rows to data_processed/hazel_icelake_8358/capacity_rerun2/capacity/dense5_rep2_random_summary.csv
Wrote 235 summary rows to data_processed/hazel_icelake_8358/capacity_rerun2/capacity/dense5_rep2_sequential_summary.csv
-- dense sweep past deepest boundary, checking for a further plateau: 146365456-268435456 --
  wrote 43002 lines -> data_raw/hazel_icelake_8358/capacity_rerun2/capacity/capacity_denseTail_random_20260915T233724Z.csv
  wrote 43002 lines -> data_raw/hazel_icelake_8358/capacity_rerun2/capacity/capacity_denseTail_sequential_20260915T233724Z.csv
Wrote 43 summary rows to data_processed/hazel_icelake_8358/capacity_rerun2/capacity/denseTail_random_summary.csv
Wrote 43 summary rows to data_processed/hazel_icelake_8358/capacity_rerun2/capacity/denseTail_sequential_summary.csv
-- generating plots --
  note: 8.71875 KiB (random) has 2 overlapping summary rows with medians [9.2, 29.0] (spread 19.8 ticks, 103.4%) -- averaging, widening whiskers to the union
  note: 11.3125 KiB (random) has 2 overlapping summary rows with medians [9.2, 7.3] (spread 1.8 ticks, 22.1%) -- averaging, widening whiskers to the union
  note: 22.625 KiB (random) has 2 overlapping summary rows with medians [7.2, 5.7] (spread 1.5 ticks, 23.8%) -- averaging, widening whiskers to the union
  note: 24.6719 KiB (random) has 2 overlapping summary rows with medians [8.9, 5.7] (spread 3.2 ticks, 43.7%) -- averaging, widening whiskers to the union
  note: 34.8906 KiB (random) has 2 overlapping summary rows with medians [7.8, 5.7] (spread 2.1 ticks, 31.4%) -- averaging, widening whiskers to the union
  note: 45.25 KiB (random) has 2 overlapping summary rows with medians [8.3, 5.7] (spread 2.5 ticks, 36.5%) -- averaging, widening whiskers to the union
  note: 49.3438 KiB (random) has 2 overlapping summary rows with medians [8.8, 6.7] (spread 2.2 ticks, 28.1%) -- averaging, widening whiskers to the union
  note: 82.9922 KiB (random) has 2 overlapping summary rows with medians [12.2, 9.7] (spread 2.5 ticks, 22.9%) -- averaging, widening whiskers to the union
  note: 98.6953 KiB (random) has 2 overlapping summary rows with medians [12.9, 10.2] (spread 2.7 ticks, 23.4%) -- averaging, widening whiskers to the union
  note: 139.578 KiB (random) has 2 overlapping summary rows with medians [13.9, 11.0] (spread 2.9 ticks, 23.2%) -- averaging, widening whiskers to the union
  note: 165.992 KiB (random) has 2 overlapping summary rows with medians [14.3, 36.0] (spread 21.7 ticks, 86.1%) -- averaging, widening whiskers to the union
  note: 181.016 KiB (random) has 2 overlapping summary rows with medians [14.5, 11.4] (spread 3.1 ticks, 23.7%) -- averaging, widening whiskers to the union
  note: 197.398 KiB (random) has 2 overlapping summary rows with medians [14.8, 11.5] (spread 3.3 ticks, 25.0%) -- averaging, widening whiskers to the union
  note: 215.266 KiB (random) has 2 overlapping summary rows with medians [14.9, 11.6] (spread 3.2 ticks, 24.3%) -- averaging, widening whiskers to the union
  note: 234.75 KiB (random) has 2 overlapping summary rows with medians [15.0, 11.8] (spread 3.2 ticks, 24.2%) -- averaging, widening whiskers to the union
  note: 279.164 KiB (random) has 2 overlapping summary rows with medians [15.8, 12.5] (spread 3.3 ticks, 23.6%) -- averaging, widening whiskers to the union
  note: 331.984 KiB (random) has 2 overlapping summary rows with medians [16.8, 13.3] (spread 3.5 ticks, 23.2%) -- averaging, widening whiskers to the union
  note: 394.805 KiB (random) has 2 overlapping summary rows with medians [17.9, 14.1] (spread 3.8 ticks, 24.0%) -- averaging, widening whiskers to the union
  note: 469.5 KiB (random) has 2 overlapping summary rows with medians [18.7, 14.7] (spread 3.9 ticks, 23.7%) -- averaging, widening whiskers to the union
  note: 558.336 KiB (random) has 2 overlapping summary rows with medians [19.4, 15.3] (spread 4.1 ticks, 23.8%) -- averaging, widening whiskers to the union
  note: 608.867 KiB (random) has 2 overlapping summary rows with medians [19.7, 15.5] (spread 4.2 ticks, 23.7%) -- averaging, widening whiskers to the union
  note: 663.977 KiB (random) has 2 overlapping summary rows with medians [20.0, 16.0] (spread 3.9 ticks, 21.9%) -- averaging, widening whiskers to the union
  note: 724.07 KiB (random) has 2 overlapping summary rows with medians [20.2, 15.9] (spread 4.3 ticks, 23.6%) -- averaging, widening whiskers to the union
  note: 789.609 KiB (random) has 2 overlapping summary rows with medians [21.1, 16.1] (spread 5.0 ticks, 26.7%) -- averaging, widening whiskers to the union
  note: 939.008 KiB (random) has 2 overlapping summary rows with medians [21.9, 16.9] (spread 5.0 ticks, 25.6%) -- averaging, widening whiskers to the union
  note: 4.36203 MiB (random) has 2 overlapping summary rows with medians [56.5, 45.7] (spread 10.8 ticks, 21.2%) -- averaging, widening whiskers to the union
  note: 4.75683 MiB (random) has 2 overlapping summary rows with medians [55.6, 170.8] (spread 115.1 ticks, 101.7%) -- averaging, widening whiskers to the union
  note: 11.3137 MiB (random) has 7 overlapping summary rows with medians [58.4, 53.2, 53.1, 58.7, 53.8, 240.9, 55.0] (spread 187.8 ticks, 229.4%) -- averaging, widening whiskers to the union
  note: 13.4543 MiB (random) has 7 overlapping summary rows with medians [62.6, 54.1, 56.4, 255.6, 53.9, 55.2, 63.9] (spread 201.7 ticks, 234.6%) -- averaging, widening whiskers to the union
  note: 14.6721 MiB (random) has 7 overlapping summary rows with medians [252.5, 57.5, 259.0, 53.8, 56.1, 58.5, 55.6] (spread 205.2 ticks, 181.2%) -- averaging, widening whiskers to the union
  note: 16 MiB (random) has 3 overlapping summary rows with medians [74.3, 54.6, 54.0] (spread 20.3 ticks, 33.3%) -- averaging, widening whiskers to the union
  note: 17.4481 MiB (random) has 7 overlapping summary rows with medians [64.2, 58.6, 240.2, 55.3, 56.4, 130.7, 108.6] (spread 184.9 ticks, 181.3%) -- averaging, widening whiskers to the union
  note: 19.0273 MiB (random) has 3 overlapping summary rows with medians [61.7, 132.2, 54.7] (spread 77.5 ticks, 93.5%) -- averaging, widening whiskers to the union
  note: 22.6274 MiB (random) has 7 overlapping summary rows with medians [55.1, 56.7, 55.5, 166.0, 177.8, 209.7, 58.5] (spread 154.6 ticks, 138.9%) -- averaging, widening whiskers to the union
  note: 24.6754 MiB (random) has 7 overlapping summary rows with medians [160.6, 58.8, 58.2, 55.2, 70.5, 61.7, 55.5] (spread 105.4 ticks, 141.7%) -- averaging, widening whiskers to the union
  note: 29.3441 MiB (random) has 7 overlapping summary rows with medians [59.7, 75.9, 212.1, 59.4, 114.9, 124.0, 73.5] (spread 152.7 ticks, 148.5%) -- averaging, widening whiskers to the union
  note: 32 MiB (random) has 3 overlapping summary rows with medians [176.3, 55.8, 123.0] (spread 120.5 ticks, 101.9%) -- averaging, widening whiskers to the union
  note: 38.0546 MiB (random) has 3 overlapping summary rows with medians [105.2, 56.7, 63.8] (spread 48.5 ticks, 64.5%) -- averaging, widening whiskers to the union
  note: 41.4989 MiB (random) has 4 overlapping summary rows with medians [100.8, 69.5, 309.9, 143.5] (spread 240.4 ticks, 154.2%) -- averaging, widening whiskers to the union
  note: 45.2548 MiB (random) has 7 overlapping summary rows with medians [139.9, 123.6, 217.5, 216.6, 242.7, 118.7, 186.7] (spread 124.0 ticks, 69.7%) -- averaging, widening whiskers to the union
  note: 49.3507 MiB (random) has 3 overlapping summary rows with medians [175.6, 139.7, 102.4] (spread 73.1 ticks, 52.5%) -- averaging, widening whiskers to the union
  note: 53.8174 MiB (random) has 4 overlapping summary rows with medians [96.4, 199.8, 269.9, 268.9] (spread 173.5 ticks, 83.1%) -- averaging, widening whiskers to the union
  note: 58.6883 MiB (random) has 4 overlapping summary rows with medians [241.9, 226.4, 114.1, 231.6] (spread 127.9 ticks, 62.8%) -- averaging, widening whiskers to the union
  note: 69.7925 MiB (random) has 6 overlapping summary rows with medians [165.5, 128.1, 131.1, 155.7, 229.0, 124.8] (spread 104.2 ticks, 66.9%) -- averaging, widening whiskers to the union
  note: 76.1093 MiB (random) has 3 overlapping summary rows with medians [237.5, 241.2, 149.6] (spread 91.5 ticks, 43.7%) -- averaging, widening whiskers to the union
  note: 82.9977 MiB (random) has 4 overlapping summary rows with medians [215.6, 224.5, 200.7, 177.6] (spread 46.8 ticks, 22.9%) -- averaging, widening whiskers to the union
  note: 90.5097 MiB (random) has 3 overlapping summary rows with medians [188.1, 221.0, 239.4] (spread 51.4 ticks, 23.8%) -- averaging, widening whiskers to the union
  note: 98.7015 MiB (random) has 3 overlapping summary rows with medians [270.7, 193.6, 208.4] (spread 77.2 ticks, 34.4%) -- averaging, widening whiskers to the union
  note: 117.377 MiB (random) has 3 overlapping summary rows with medians [221.3, 186.8, 231.7] (spread 44.9 ticks, 21.1%) -- averaging, widening whiskers to the union
  note: 128 MiB (random) has 3 overlapping summary rows with medians [231.2, 278.2, 187.0] (spread 91.1 ticks, 39.3%) -- averaging, widening whiskers to the union
  note: 152.219 MiB (random) has 3 overlapping summary rows with medians [195.3, 263.3, 239.1] (spread 68.0 ticks, 29.2%) -- averaging, widening whiskers to the union
  note: 5.26281 MiB (random) has 2 overlapping summary rows with medians [50.4, 65.2] (spread 14.8 ticks, 25.6%) -- averaging, widening whiskers to the union
  note: 5.33936 MiB (random) has 2 overlapping summary rows with medians [185.0, 53.6] (spread 131.3 ticks, 110.1%) -- averaging, widening whiskers to the union
  note: 7.66082 MiB (random) has 2 overlapping summary rows with medians [297.5, 54.9] (spread 242.5 ticks, 137.7%) -- averaging, widening whiskers to the union
  note: 7.8853 MiB (random) has 2 overlapping summary rows with medians [84.1, 51.6] (spread 32.5 ticks, 48.0%) -- averaging, widening whiskers to the union
  note: 8.11636 MiB (random) has 3 overlapping summary rows with medians [51.7, 50.9, 162.1] (spread 111.2 ticks, 126.0%) -- averaging, widening whiskers to the union
  note: 8.23441 MiB (random) has 3 overlapping summary rows with medians [51.7, 275.8, 67.8] (spread 224.1 ticks, 170.1%) -- averaging, widening whiskers to the union
  note: 8.85095 MiB (random) has 6 overlapping summary rows with medians [56.1, 51.9, 57.2, 228.7, 68.3, 51.8] (spread 176.9 ticks, 206.5%) -- averaging, widening whiskers to the union
  note: 8.97969 MiB (random) has 6 overlapping summary rows with medians [55.5, 234.1, 53.7, 234.0, 52.8, 52.0] (spread 182.1 ticks, 160.2%) -- averaging, widening whiskers to the union
  note: 9.11031 MiB (random) has 6 overlapping summary rows with medians [54.9, 73.3, 57.3, 211.4, 55.7, 52.0] (spread 159.4 ticks, 189.5%) -- averaging, widening whiskers to the union
  note: 9.24282 MiB (random) has 6 overlapping summary rows with medians [52.1, 133.8, 57.4, 57.8, 52.3, 52.2] (spread 81.6 ticks, 120.7%) -- averaging, widening whiskers to the union
  note: 9.65203 MiB (random) has 6 overlapping summary rows with medians [98.7, 55.0, 57.1, 56.1, 57.8, 54.2] (spread 44.5 ticks, 70.5%) -- averaging, widening whiskers to the union
  note: 10.226 MiB (random) has 6 overlapping summary rows with medians [52.4, 80.0, 54.2, 52.3, 52.3, 55.2] (spread 27.7 ticks, 48.0%) -- averaging, widening whiskers to the union
  note: 10.5256 MiB (random) has 6 overlapping summary rows with medians [52.5, 55.1, 52.8, 53.7, 68.5, 53.9] (spread 15.9 ticks, 28.4%) -- averaging, widening whiskers to the union
  note: 10.6787 MiB (random) has 3 overlapping summary rows with medians [66.5, 56.2, 53.9] (spread 12.7 ticks, 21.5%) -- averaging, widening whiskers to the union
  note: 10.834 MiB (random) has 6 overlapping summary rows with medians [217.5, 55.1, 219.6, 53.4, 54.3, 52.8] (spread 166.8 ticks, 153.4%) -- averaging, widening whiskers to the union
  note: 10.9916 MiB (random) has 6 overlapping summary rows with medians [92.8, 54.1, 211.0, 56.4, 56.2, 52.9] (spread 158.1 ticks, 181.3%) -- averaging, widening whiskers to the union
  note: 11.4783 MiB (random) has 6 overlapping summary rows with medians [53.2, 58.0, 58.9, 56.4, 187.7, 86.1] (spread 134.5 ticks, 161.3%) -- averaging, widening whiskers to the union
  note: 11.8146 MiB (random) has 6 overlapping summary rows with medians [54.4, 148.0, 54.9, 55.5, 78.3, 55.4] (spread 93.5 ticks, 125.7%) -- averaging, widening whiskers to the union
  note: 11.9865 MiB (random) has 6 overlapping summary rows with medians [53.9, 64.0, 55.5, 59.8, 62.5, 173.4] (spread 119.5 ticks, 152.9%) -- averaging, widening whiskers to the union
  note: 12.1608 MiB (random) has 6 overlapping summary rows with medians [53.3, 53.5, 53.5, 54.4, 56.4, 68.5] (spread 15.2 ticks, 26.9%) -- averaging, widening whiskers to the union
  note: 13.65 MiB (random) has 6 overlapping summary rows with medians [53.9, 71.8, 322.0, 57.5, 54.0, 56.8] (spread 268.1 ticks, 261.2%) -- averaging, widening whiskers to the union
  note: 13.8486 MiB (random) has 6 overlapping summary rows with medians [54.0, 59.1, 151.8, 239.9, 69.4, 56.8] (spread 185.9 ticks, 176.8%) -- averaging, widening whiskers to the union
  note: 14.05 MiB (random) has 6 overlapping summary rows with medians [115.4, 55.3, 59.0, 76.1, 55.5, 55.1] (spread 60.3 ticks, 86.9%) -- averaging, widening whiskers to the union
  note: 14.2544 MiB (random) has 2 overlapping summary rows with medians [144.9, 59.1] (spread 85.8 ticks, 84.1%) -- averaging, widening whiskers to the union
  note: 14.4617 MiB (random) has 6 overlapping summary rows with medians [62.3, 54.0, 55.6, 61.6, 259.4, 96.7] (spread 205.4 ticks, 209.1%) -- averaging, widening whiskers to the union
  note: 15.102 MiB (random) has 6 overlapping summary rows with medians [62.6, 55.6, 129.2, 59.1, 54.6, 78.0] (spread 74.6 ticks, 101.9%) -- averaging, widening whiskers to the union
  note: 15.3216 MiB (random) has 6 overlapping summary rows with medians [59.7, 211.6, 58.2, 54.3, 56.3, 60.4] (spread 157.3 ticks, 188.6%) -- averaging, widening whiskers to the union
  note: 15.5445 MiB (random) has 6 overlapping summary rows with medians [60.2, 59.7, 54.9, 58.2, 179.2, 58.0] (spread 124.3 ticks, 158.6%) -- averaging, widening whiskers to the union
  note: 16.2327 MiB (random) has 6 overlapping summary rows with medians [226.7, 54.4, 54.7, 54.5, 55.7, 56.0] (spread 172.3 ticks, 206.0%) -- averaging, widening whiskers to the union
  note: 16.4688 MiB (random) has 6 overlapping summary rows with medians [226.3, 54.2, 102.9, 54.2, 54.2, 55.9] (spread 172.1 ticks, 188.5%) -- averaging, widening whiskers to the union
  note: 16.7084 MiB (random) has 6 overlapping summary rows with medians [64.4, 54.2, 272.9, 55.4, 59.3, 255.5] (spread 218.7 ticks, 172.3%) -- averaging, widening whiskers to the union
  note: 16.9514 MiB (random) has 3 overlapping summary rows with medians [197.8, 58.9, 216.8] (spread 157.8 ticks, 100.0%) -- averaging, widening whiskers to the union
  note: 17.198 MiB (random) has 6 overlapping summary rows with medians [62.9, 250.2, 58.2, 128.2, 96.9, 56.4] (spread 193.8 ticks, 178.1%) -- averaging, widening whiskers to the union
  note: 18.2206 MiB (random) has 6 overlapping summary rows with medians [59.7, 61.8, 141.4, 54.5, 58.2, 56.1] (spread 86.9 ticks, 120.8%) -- averaging, widening whiskers to the union
  note: 18.4856 MiB (random) has 6 overlapping summary rows with medians [56.2, 209.1, 55.7, 58.1, 56.4, 55.9] (spread 153.4 ticks, 187.3%) -- averaging, widening whiskers to the union
  note: 18.7545 MiB (random) has 6 overlapping summary rows with medians [256.3, 59.6, 55.9, 57.8, 56.1, 134.0] (spread 200.4 ticks, 194.0%) -- averaging, widening whiskers to the union
  note: 19.3041 MiB (random) has 6 overlapping summary rows with medians [264.6, 56.5, 188.0, 54.8, 65.1, 111.0] (spread 209.7 ticks, 170.1%) -- averaging, widening whiskers to the union
  note: 19.5849 MiB (random) has 6 overlapping summary rows with medians [241.6, 54.8, 54.9, 55.3, 288.5, 168.5] (spread 233.7 ticks, 162.4%) -- averaging, widening whiskers to the union
  note: 19.8697 MiB (random) has 6 overlapping summary rows with medians [60.4, 55.0, 55.2, 228.6, 68.8, 73.4] (spread 173.5 ticks, 192.3%) -- averaging, widening whiskers to the union
  note: 20.452 MiB (random) has 6 overlapping summary rows with medians [56.8, 59.0, 63.5, 58.3, 58.6, 81.7] (spread 24.9 ticks, 39.5%) -- averaging, widening whiskers to the union
  note: 21.3574 MiB (random) has 2 overlapping summary rows with medians [73.4, 54.9] (spread 18.5 ticks, 28.8%) -- averaging, widening whiskers to the union
  note: 21.6681 MiB (random) has 6 overlapping summary rows with medians [55.8, 137.3, 192.2, 58.8, 55.2, 56.8] (spread 137.0 ticks, 147.8%) -- averaging, widening whiskers to the union
  note: 21.9833 MiB (random) has 6 overlapping summary rows with medians [256.3, 60.7, 58.2, 57.5, 55.5, 55.1] (spread 201.2 ticks, 222.2%) -- averaging, widening whiskers to the union
  note: 22.303 MiB (random) has 6 overlapping summary rows with medians [70.1, 55.3, 59.4, 55.5, 62.9, 57.2] (spread 14.8 ticks, 24.7%) -- averaging, widening whiskers to the union
  note: 22.9565 MiB (random) has 6 overlapping summary rows with medians [55.6, 131.2, 55.5, 59.0, 60.8, 57.5] (spread 75.8 ticks, 108.3%) -- averaging, widening whiskers to the union
  note: 23.2905 MiB (random) has 2 overlapping summary rows with medians [119.0, 56.9] (spread 62.1 ticks, 70.6%) -- averaging, widening whiskers to the union
  note: 23.9729 MiB (random) has 6 overlapping summary rows with medians [55.4, 59.5, 196.6, 63.6, 69.8, 66.6] (spread 141.3 ticks, 165.7%) -- averaging, widening whiskers to the union
  note: 24.3216 MiB (random) has 6 overlapping summary rows with medians [57.8, 56.4, 59.7, 57.1, 91.0, 60.2] (spread 34.7 ticks, 54.4%) -- averaging, widening whiskers to the union
  note: 25.0343 MiB (random) has 6 overlapping summary rows with medians [58.8, 262.0, 66.9, 251.9, 279.6, 59.7] (spread 220.8 ticks, 135.4%) -- averaging, widening whiskers to the union
  note: 25.3984 MiB (random) has 6 overlapping summary rows with medians [176.0, 217.8, 57.0, 182.6, 69.5, 264.9] (spread 207.8 ticks, 128.9%) -- averaging, widening whiskers to the union
  note: 25.7678 MiB (random) has 2 overlapping summary rows with medians [56.2, 101.2] (spread 44.9 ticks, 57.1%) -- averaging, widening whiskers to the union
  note: 26.5229 MiB (random) has 6 overlapping summary rows with medians [57.2, 61.0, 70.4, 59.6, 61.2, 58.7] (spread 13.2 ticks, 21.5%) -- averaging, widening whiskers to the union
  note: 27.3001 MiB (random) has 3 overlapping summary rows with medians [95.7, 175.3, 185.3] (spread 89.6 ticks, 58.9%) -- averaging, widening whiskers to the union
  note: 27.6972 MiB (random) has 6 overlapping summary rows with medians [166.1, 258.5, 261.9, 65.7, 59.1, 173.4] (spread 202.8 ticks, 123.6%) -- averaging, widening whiskers to the union
  note: 28.1 MiB (random) has 6 overlapping summary rows with medians [55.9, 63.1, 59.9, 92.4, 194.9, 56.2] (spread 138.9 ticks, 159.6%) -- averaging, widening whiskers to the union
  note: 28.9234 MiB (random) has 6 overlapping summary rows with medians [66.8, 61.8, 174.2, 69.4, 164.0, 57.2] (spread 117.0 ticks, 118.3%) -- averaging, widening whiskers to the union
  note: 30.204 MiB (random) has 6 overlapping summary rows with medians [59.3, 149.1, 191.9, 205.9, 71.0, 67.1] (spread 146.5 ticks, 118.1%) -- averaging, widening whiskers to the union
  note: 31.5412 MiB (random) has 2 overlapping summary rows with medians [141.6, 59.7] (spread 81.9 ticks, 81.4%) -- averaging, widening whiskers to the union
  note: 32.4654 MiB (random) has 6 overlapping summary rows with medians [55.6, 78.2, 229.0, 186.5, 55.7, 82.4] (spread 173.4 ticks, 151.4%) -- averaging, widening whiskers to the union
  note: 32.9377 MiB (random) has 6 overlapping summary rows with medians [78.6, 167.9, 56.0, 99.5, 55.9, 58.4] (spread 112.0 ticks, 130.2%) -- averaging, widening whiskers to the union
  note: 33.4168 MiB (random) has 6 overlapping summary rows with medians [57.5, 88.2, 57.5, 57.9, 57.4, 72.4] (spread 30.8 ticks, 47.2%) -- averaging, widening whiskers to the union
  note: 33.9028 MiB (random) has 3 overlapping summary rows with medians [267.9, 60.3, 58.2] (spread 209.7 ticks, 162.8%) -- averaging, widening whiskers to the union
  note: 34.3959 MiB (random) has 6 overlapping summary rows with medians [61.5, 194.5, 113.0, 70.5, 95.3, 68.1] (spread 133.0 ticks, 132.4%) -- averaging, widening whiskers to the union
  note: 36.4412 MiB (random) has 6 overlapping summary rows with medians [62.2, 259.1, 91.1, 71.6, 142.1, 56.0] (spread 203.0 ticks, 178.6%) -- averaging, widening whiskers to the union
  note: 36.9713 MiB (random) has 6 overlapping summary rows with medians [189.6, 99.8, 63.8, 92.4, 90.9, 109.5] (spread 125.8 ticks, 116.8%) -- averaging, widening whiskers to the union
  note: 37.509 MiB (random) has 6 overlapping summary rows with medians [60.4, 91.3, 73.2, 65.7, 81.4, 86.0] (spread 30.9 ticks, 40.5%) -- averaging, widening whiskers to the union
  note: 38.6081 MiB (random) has 6 overlapping summary rows with medians [128.2, 73.9, 217.9, 116.0, 72.7, 64.8] (spread 153.1 ticks, 136.4%) -- averaging, widening whiskers to the union
  note: 39.1697 MiB (random) has 6 overlapping summary rows with medians [92.4, 60.2, 90.2, 197.6, 200.1, 118.9] (spread 139.8 ticks, 110.5%) -- averaging, widening whiskers to the union
  note: 39.7394 MiB (random) has 2 overlapping summary rows with medians [201.4, 70.6] (spread 130.7 ticks, 96.1%) -- averaging, widening whiskers to the union
  note: 40.9039 MiB (random) has 6 overlapping summary rows with medians [277.0, 80.1, 56.9, 222.1, 222.2, 75.8] (spread 220.1 ticks, 141.4%) -- averaging, widening whiskers to the union
  note: 42.1025 MiB (random) has 3 overlapping summary rows with medians [211.1, 94.0, 59.7] (spread 151.4 ticks, 124.5%) -- averaging, widening whiskers to the union
  note: 42.7149 MiB (random) has 2 overlapping summary rows with medians [135.0, 90.3] (spread 44.8 ticks, 39.7%) -- averaging, widening whiskers to the union
  note: 43.3362 MiB (random) has 3 overlapping summary rows with medians [96.3, 256.5, 203.6] (spread 160.2 ticks, 86.4%) -- averaging, widening whiskers to the union
  note: 44.606 MiB (random) has 6 overlapping summary rows with medians [267.4, 96.5, 78.9, 117.9, 87.0, 64.0] (spread 203.5 ticks, 171.5%) -- averaging, widening whiskers to the union
  note: 45.9131 MiB (random) has 3 overlapping summary rows with medians [73.8, 103.6, 64.5] (spread 39.1 ticks, 48.5%) -- averaging, widening whiskers to the union
  note: 46.5809 MiB (random) has 2 overlapping summary rows with medians [204.7, 95.5] (spread 109.2 ticks, 72.8%) -- averaging, widening whiskers to the union
  note: 47.2584 MiB (random) has 6 overlapping summary rows with medians [140.2, 210.7, 217.6, 121.8, 79.3, 176.3] (spread 138.3 ticks, 87.7%) -- averaging, widening whiskers to the union
  note: 47.9458 MiB (random) has 3 overlapping summary rows with medians [89.7, 190.9, 93.1] (spread 101.2 ticks, 81.2%) -- averaging, widening whiskers to the union
  note: 48.6432 MiB (random) has 3 overlapping summary rows with medians [112.4, 210.4, 136.6] (spread 98.0 ticks, 64.0%) -- averaging, widening whiskers to the union
  note: 50.0686 MiB (random) has 3 overlapping summary rows with medians [217.7, 126.8, 106.9] (spread 110.8 ticks, 73.7%) -- averaging, widening whiskers to the union
  note: 50.7968 MiB (random) has 3 overlapping summary rows with medians [138.2, 92.0, 192.8] (spread 100.7 ticks, 71.4%) -- averaging, widening whiskers to the union
  note: 51.5357 MiB (random) has 2 overlapping summary rows with medians [181.4, 77.5] (spread 103.9 ticks, 80.3%) -- averaging, widening whiskers to the union
  note: 52.2853 MiB (random) has 2 overlapping summary rows with medians [200.1, 272.8] (spread 72.7 ticks, 30.8%) -- averaging, widening whiskers to the union
  note: 54.6002 MiB (random) has 3 overlapping summary rows with medians [104.8, 113.4, 160.3] (spread 55.5 ticks, 44.0%) -- averaging, widening whiskers to the union
  note: 56.2001 MiB (random) has 3 overlapping summary rows with medians [110.6, 140.5, 117.7] (spread 29.9 ticks, 24.3%) -- averaging, widening whiskers to the union
  note: 57.0175 MiB (random) has 2 overlapping summary rows with medians [256.6, 148.9] (spread 107.7 ticks, 53.1%) -- averaging, widening whiskers to the union
  note: 59.5419 MiB (random) has 6 overlapping summary rows with medians [109.2, 225.5, 117.0, 150.0, 196.0, 212.4] (spread 116.3 ticks, 69.1%) -- averaging, widening whiskers to the union
  note: 60.408 MiB (random) has 3 overlapping summary rows with medians [142.3, 107.0, 158.0] (spread 51.0 ticks, 37.6%) -- averaging, widening whiskers to the union
  note: 61.2866 MiB (random) has 3 overlapping summary rows with medians [109.1, 222.0, 107.5] (spread 114.5 ticks, 78.3%) -- averaging, widening whiskers to the union
  note: 62.178 MiB (random) has 3 overlapping summary rows with medians [127.1, 112.8, 154.2] (spread 41.4 ticks, 31.5%) -- averaging, widening whiskers to the union
  note: 63.0824 MiB (random) has 2 overlapping summary rows with medians [262.5, 122.7] (spread 139.7 ticks, 72.5%) -- averaging, widening whiskers to the union
  note: 65.8753 MiB (random) has 2 overlapping summary rows with medians [167.9, 249.1] (spread 81.3 ticks, 39.0%) -- averaging, widening whiskers to the union
  note: 66.8335 MiB (random) has 2 overlapping summary rows with medians [131.4, 207.2] (spread 75.8 ticks, 44.8%) -- averaging, widening whiskers to the union
  note: 67.8056 MiB (random) has 3 overlapping summary rows with medians [139.8, 233.1, 123.8] (spread 109.3 ticks, 66.0%) -- averaging, widening whiskers to the union
  note: 68.7919 MiB (random) has 2 overlapping summary rows with medians [334.4, 144.5] (spread 189.9 ticks, 79.3%) -- averaging, widening whiskers to the union
  note: 70.8076 MiB (random) has 2 overlapping summary rows with medians [167.0, 218.7] (spread 51.7 ticks, 26.8%) -- averaging, widening whiskers to the union
  note: 71.8376 MiB (random) has 2 overlapping summary rows with medians [249.1, 150.9] (spread 98.2 ticks, 49.1%) -- averaging, widening whiskers to the union
  note: 77.2163 MiB (random) has 3 overlapping summary rows with medians [270.2, 147.5, 162.4] (spread 122.7 ticks, 63.5%) -- averaging, widening whiskers to the union
  note: 79.4789 MiB (random) has 2 overlapping summary rows with medians [160.5, 199.6] (spread 39.1 ticks, 21.7%) -- averaging, widening whiskers to the union
  note: 80.6349 MiB (random) has 3 overlapping summary rows with medians [196.2, 154.9, 156.3] (spread 41.3 ticks, 24.4%) -- averaging, widening whiskers to the union
  note: 85.4297 MiB (random) has 2 overlapping summary rows with medians [202.3, 148.6] (spread 53.7 ticks, 30.6%) -- averaging, widening whiskers to the union
  note: 103.071 MiB (random) has 2 overlapping summary rows with medians [238.4, 176.0] (spread 62.4 ticks, 30.1%) -- averaging, widening whiskers to the union
  note: 115.694 MiB (random) has 2 overlapping summary rows with medians [232.9, 178.9] (spread 53.9 ticks, 26.2%) -- averaging, widening whiskers to the union
  note: 129.862 MiB (random) has 2 overlapping summary rows with medians [190.3, 241.0] (spread 50.7 ticks, 23.5%) -- averaging, widening whiskers to the union
  note: 135.611 MiB (random) has 2 overlapping summary rows with medians [227.0, 314.8] (spread 87.8 ticks, 32.4%) -- averaging, widening whiskers to the union
  note: 141.615 MiB (random) has 2 overlapping summary rows with medians [234.8, 185.3] (spread 49.5 ticks, 23.5%) -- averaging, widening whiskers to the union
  note: 161.27 MiB (random) has 2 overlapping summary rows with medians [216.4, 278.2] (spread 61.9 ticks, 25.0%) -- averaging, widening whiskers to the union
  note: 168.41 MiB (random) has 2 overlapping summary rows with medians [201.1, 272.1] (spread 71.0 ticks, 30.0%) -- averaging, widening whiskers to the union
  note: 170.859 MiB (random) has 2 overlapping summary rows with medians [213.5, 283.6] (spread 70.1 ticks, 28.2%) -- averaging, widening whiskers to the union
  note: 209.141 MiB (random) has 2 overlapping summary rows with medians [281.3, 209.5] (spread 71.8 ticks, 29.3%) -- averaging, widening whiskers to the union
  note: 14.2544 MiB (random) has 4 overlapping summary rows with medians [53.7, 53.7, 73.1, 104.1] (spread 50.5 ticks, 71.0%) -- averaging, widening whiskers to the union
  note: 14.8855 MiB (random) has 4 overlapping summary rows with medians [75.3, 66.0, 59.6, 169.0] (spread 109.3 ticks, 118.2%) -- averaging, widening whiskers to the union
  note: 17.7019 MiB (random) has 4 overlapping summary rows with medians [69.3, 60.0, 61.3, 127.7] (spread 67.7 ticks, 85.1%) -- averaging, widening whiskers to the union
  note: 20.1587 MiB (random) has 4 overlapping summary rows with medians [269.2, 58.7, 66.7, 62.4] (spread 210.6 ticks, 184.3%) -- averaging, widening whiskers to the union
  note: 21.3574 MiB (random) has 4 overlapping summary rows with medians [55.4, 59.0, 58.5, 86.3] (spread 30.9 ticks, 47.7%) -- averaging, widening whiskers to the union
  note: 23.2904 MiB (random) has 4 overlapping summary rows with medians [129.8, 61.7, 64.6, 91.3] (spread 68.1 ticks, 78.5%) -- averaging, widening whiskers to the union
  note: 23.6292 MiB (random) has 5 overlapping summary rows with medians [59.6, 55.5, 63.6, 60.6, 135.9] (spread 80.5 ticks, 107.2%) -- averaging, widening whiskers to the union
  note: 25.7678 MiB (random) has 4 overlapping summary rows with medians [57.5, 61.3, 57.3, 92.1] (spread 34.8 ticks, 51.9%) -- averaging, widening whiskers to the union
  note: 29.7709 MiB (random) has 5 overlapping summary rows with medians [101.9, 55.8, 56.1, 259.5, 212.1] (spread 203.8 ticks, 148.6%) -- averaging, widening whiskers to the union
  note: 31.5412 MiB (random) has 4 overlapping summary rows with medians [57.6, 235.2, 62.4, 56.0] (spread 179.3 ticks, 174.4%) -- averaging, widening whiskers to the union
  note: 32 MiB (random) has 4 overlapping summary rows with medians [59.5, 62.1, 106.1, 58.3] (spread 47.8 ticks, 66.8%) -- averaging, widening whiskers to the union
  note: 34.8962 MiB (random) has 4 overlapping summary rows with medians [118.1, 82.8, 77.0, 73.1] (spread 45.0 ticks, 51.3%) -- averaging, widening whiskers to the union
  note: 35.4038 MiB (random) has 4 overlapping summary rows with medians [81.0, 57.2, 127.9, 56.0] (spread 72.0 ticks, 89.4%) -- averaging, widening whiskers to the union
  note: 35.9188 MiB (random) has 4 overlapping summary rows with medians [61.7, 97.3, 62.4, 56.4] (spread 40.9 ticks, 58.9%) -- averaging, widening whiskers to the union
  note: 38.0546 MiB (random) has 4 overlapping summary rows with medians [58.2, 124.6, 56.7, 65.3] (spread 67.9 ticks, 89.1%) -- averaging, widening whiskers to the union
  note: 39.7394 MiB (random) has 4 overlapping summary rows with medians [104.3, 68.5, 144.8, 102.8] (spread 76.3 ticks, 72.6%) -- averaging, widening whiskers to the union
  note: 40.3175 MiB (random) has 5 overlapping summary rows with medians [60.1, 57.8, 109.4, 78.9, 75.6] (spread 51.5 ticks, 67.5%) -- averaging, widening whiskers to the union
  note: 42.7149 MiB (random) has 4 overlapping summary rows with medians [203.8, 166.9, 95.2, 57.3] (spread 146.6 ticks, 112.1%) -- averaging, widening whiskers to the union
  note: 43.9665 MiB (random) has 4 overlapping summary rows with medians [93.8, 214.9, 68.1, 99.6] (spread 146.9 ticks, 123.3%) -- averaging, widening whiskers to the union
  note: 46.5809 MiB (random) has 4 overlapping summary rows with medians [86.7, 97.9, 69.7, 85.4] (spread 28.2 ticks, 33.2%) -- averaging, widening whiskers to the union
  note: 49.3507 MiB (random) has 4 overlapping summary rows with medians [151.8, 222.7, 84.2, 153.1] (spread 138.5 ticks, 90.6%) -- averaging, widening whiskers to the union
  note: 51.5357 MiB (random) has 4 overlapping summary rows with medians [121.1, 93.7, 155.1, 104.7] (spread 61.4 ticks, 51.8%) -- averaging, widening whiskers to the union
  note: 52.2853 MiB (random) has 4 overlapping summary rows with medians [118.4, 145.9, 102.5, 102.3] (spread 43.6 ticks, 37.2%) -- averaging, widening whiskers to the union
  note: 53.0458 MiB (random) has 4 overlapping summary rows with medians [123.0, 122.7, 210.3, 126.9] (spread 87.6 ticks, 60.1%) -- averaging, widening whiskers to the union
  note: 55.3943 MiB (random) has 5 overlapping summary rows with medians [201.0, 93.5, 227.8, 222.1, 106.2] (spread 134.3 ticks, 79.0%) -- averaging, widening whiskers to the union
  note: 57.0175 MiB (random) has 4 overlapping summary rows with medians [119.8, 158.6, 137.6, 96.1] (spread 62.5 ticks, 48.8%) -- averaging, widening whiskers to the union
  note: 57.8468 MiB (random) has 4 overlapping summary rows with medians [232.1, 129.7, 278.8, 236.2] (spread 149.1 ticks, 68.0%) -- averaging, widening whiskers to the union
  note: 63.0824 MiB (random) has 4 overlapping summary rows with medians [226.2, 215.0, 118.4, 132.2] (spread 107.9 ticks, 62.4%) -- averaging, widening whiskers to the union
  note: 64 MiB (random) has 4 overlapping summary rows with medians [122.3, 140.3, 179.2, 218.9] (spread 96.6 ticks, 58.5%) -- averaging, widening whiskers to the union
  note: 64.9309 MiB (random) has 4 overlapping summary rows with medians [143.4, 223.6, 124.5, 257.8] (spread 133.3 ticks, 71.2%) -- averaging, widening whiskers to the union
  note: 66.8335 MiB (random) has 4 overlapping summary rows with medians [158.5, 138.4, 163.2, 207.5] (spread 69.1 ticks, 41.4%) -- averaging, widening whiskers to the union
  note: 68.7919 MiB (random) has 4 overlapping summary rows with medians [149.9, 210.1, 178.5, 213.8] (spread 63.9 ticks, 34.0%) -- averaging, widening whiskers to the union
  note: 70.8076 MiB (random) has 4 overlapping summary rows with medians [220.1, 175.7, 257.2, 138.8] (spread 118.4 ticks, 59.8%) -- averaging, widening whiskers to the union
  note: 71.8376 MiB (random) has 4 overlapping summary rows with medians [269.9, 134.8, 235.4, 151.0] (spread 135.1 ticks, 68.3%) -- averaging, widening whiskers to the union
  note: 72.8825 MiB (random) has 4 overlapping summary rows with medians [203.5, 207.0, 184.7, 236.3] (spread 51.7 ticks, 24.8%) -- averaging, widening whiskers to the union
  note: 75.0181 MiB (random) has 4 overlapping summary rows with medians [170.7, 268.5, 153.1, 156.5] (spread 115.3 ticks, 61.6%) -- averaging, widening whiskers to the union
  note: 76.1092 MiB (random) has 4 overlapping summary rows with medians [263.6, 241.1, 147.6, 152.0] (spread 116.1 ticks, 57.7%) -- averaging, widening whiskers to the union
  note: 78.3394 MiB (random) has 4 overlapping summary rows with medians [169.2, 154.6, 160.6, 205.0] (spread 50.3 ticks, 29.2%) -- averaging, widening whiskers to the union
  note: 79.4789 MiB (random) has 4 overlapping summary rows with medians [220.6, 170.0, 158.8, 195.3] (spread 61.8 ticks, 33.2%) -- averaging, widening whiskers to the union
  note: 85.4297 MiB (random) has 4 overlapping summary rows with medians [227.2, 274.5, 196.7, 169.9] (spread 104.7 ticks, 48.2%) -- averaging, widening whiskers to the union
  note: 87.933 MiB (random) has 4 overlapping summary rows with medians [282.9, 265.1, 164.1, 157.1] (spread 125.8 ticks, 57.9%) -- averaging, widening whiskers to the union
  note: 90.5097 MiB (random) has 4 overlapping summary rows with medians [218.7, 202.1, 165.4, 173.5] (spread 53.3 ticks, 28.1%) -- averaging, widening whiskers to the union
  note: 91.8261 MiB (random) has 4 overlapping summary rows with medians [224.6, 215.7, 183.7, 176.4] (spread 48.1 ticks, 24.1%) -- averaging, widening whiskers to the union
  note: 94.5169 MiB (random) has 4 overlapping summary rows with medians [224.4, 229.7, 173.7, 181.1] (spread 56.0 ticks, 27.7%) -- averaging, widening whiskers to the union
  note: 106.092 MiB (random) has 4 overlapping summary rows with medians [216.1, 274.0, 193.1, 263.3] (spread 80.9 ticks, 34.2%) -- averaging, widening whiskers to the union
  note: 107.635 MiB (random) has 4 overlapping summary rows with medians [182.0, 194.5, 222.6, 225.7] (spread 43.7 ticks, 21.2%) -- averaging, widening whiskers to the union
  note: 110.789 MiB (random) has 2 overlapping summary rows with medians [272.0, 219.2] (spread 52.8 ticks, 21.5%) -- averaging, widening whiskers to the union
  note: 115.694 MiB (random) has 4 overlapping summary rows with medians [213.2, 183.5, 218.0, 268.9] (spread 85.4 ticks, 38.7%) -- averaging, widening whiskers to the union
  note: 133.667 MiB (random) has 4 overlapping summary rows with medians [231.2, 205.8, 242.8, 281.0] (spread 75.1 ticks, 31.3%) -- averaging, widening whiskers to the union
  note: 139.585 MiB (random) has 5 overlapping summary rows with medians [198.1, 200.3, 272.9, 228.4, 208.4] (spread 74.8 ticks, 33.8%) -- averaging, widening whiskers to the union
  note: 154.433 MiB (random) has 5 overlapping summary rows with medians [199.7, 207.6, 279.3, 217.8, 206.6] (spread 79.6 ticks, 35.8%) -- averaging, widening whiskers to the union
  note: 178.424 MiB (random) has 5 overlapping summary rows with medians [209.5, 234.5, 291.7, 230.1, 212.2] (spread 82.2 ticks, 34.9%) -- averaging, widening whiskers to the union
  note: 16.9514 MiB (random) has 3 overlapping summary rows with medians [150.3, 54.5, 71.1] (spread 95.8 ticks, 104.1%) -- averaging, widening whiskers to the union
  note: 21.0512 MiB (random) has 3 overlapping summary rows with medians [59.3, 58.8, 143.0] (spread 84.2 ticks, 96.7%) -- averaging, widening whiskers to the union
  note: 27.3001 MiB (random) has 3 overlapping summary rows with medians [57.1, 57.4, 192.0] (spread 134.9 ticks, 132.0%) -- averaging, widening whiskers to the union
  note: 30.6433 MiB (random) has 3 overlapping summary rows with medians [64.6, 98.2, 57.8] (spread 40.4 ticks, 54.9%) -- averaging, widening whiskers to the union
  note: 31.089 MiB (random) has 3 overlapping summary rows with medians [58.6, 173.8, 134.9] (spread 115.3 ticks, 94.1%) -- averaging, widening whiskers to the union
  note: 33.9028 MiB (random) has 3 overlapping summary rows with medians [58.1, 221.4, 57.2] (spread 164.2 ticks, 146.3%) -- averaging, widening whiskers to the union
  note: 41.4989 MiB (random) has 3 overlapping summary rows with medians [83.7, 61.2, 182.1] (spread 120.9 ticks, 110.9%) -- averaging, widening whiskers to the union
  note: 42.1025 MiB (random) has 3 overlapping summary rows with medians [223.8, 182.5, 127.1] (spread 96.7 ticks, 54.4%) -- averaging, widening whiskers to the union
  note: 43.3362 MiB (random) has 3 overlapping summary rows with medians [83.3, 103.9, 199.8] (spread 116.5 ticks, 90.3%) -- averaging, widening whiskers to the union
  note: 45.9131 MiB (random) has 3 overlapping summary rows with medians [89.3, 74.6, 70.9] (spread 18.4 ticks, 23.5%) -- averaging, widening whiskers to the union
  note: 47.9458 MiB (random) has 3 overlapping summary rows with medians [103.0, 77.2, 88.8] (spread 25.9 ticks, 28.8%) -- averaging, widening whiskers to the union
  note: 48.6432 MiB (random) has 3 overlapping summary rows with medians [86.1, 73.6, 120.3] (spread 46.7 ticks, 50.1%) -- averaging, widening whiskers to the union
  note: 50.7968 MiB (random) has 3 overlapping summary rows with medians [265.7, 108.6, 78.0] (spread 187.8 ticks, 124.5%) -- averaging, widening whiskers to the union
  note: 53.8174 MiB (random) has 3 overlapping summary rows with medians [225.3, 91.4, 210.7] (spread 133.9 ticks, 76.2%) -- averaging, widening whiskers to the union
  note: 54.6002 MiB (random) has 3 overlapping summary rows with medians [218.6, 223.4, 108.2] (spread 115.2 ticks, 62.8%) -- averaging, widening whiskers to the union
  note: 56.2001 MiB (random) has 3 overlapping summary rows with medians [174.0, 237.2, 132.4] (spread 104.8 ticks, 57.8%) -- averaging, widening whiskers to the union
  note: 58.6882 MiB (random) has 3 overlapping summary rows with medians [260.4, 133.1, 104.4] (spread 155.9 ticks, 94.0%) -- averaging, widening whiskers to the union
  note: 61.2866 MiB (random) has 3 overlapping summary rows with medians [143.4, 126.4, 227.6] (spread 101.2 ticks, 61.0%) -- averaging, widening whiskers to the union
  note: 62.178 MiB (random) has 3 overlapping summary rows with medians [213.3, 262.0, 121.6] (spread 140.4 ticks, 70.6%) -- averaging, widening whiskers to the union
  note: 67.8056 MiB (random) has 3 overlapping summary rows with medians [219.9, 173.4, 144.3] (spread 75.6 ticks, 42.2%) -- averaging, widening whiskers to the union
  note: 77.2163 MiB (random) has 3 overlapping summary rows with medians [204.8, 176.6, 160.0] (spread 44.8 ticks, 24.8%) -- averaging, widening whiskers to the union
  note: 80.6349 MiB (random) has 3 overlapping summary rows with medians [191.1, 220.3, 264.9] (spread 73.8 ticks, 32.7%) -- averaging, widening whiskers to the union
  note: 82.9977 MiB (random) has 3 overlapping summary rows with medians [224.2, 204.2, 253.1] (spread 48.9 ticks, 21.5%) -- averaging, widening whiskers to the union
  note: 84.2049 MiB (random) has 3 overlapping summary rows with medians [157.4, 273.7, 190.9] (spread 116.3 ticks, 56.1%) -- averaging, widening whiskers to the union
  note: 86.6723 MiB (random) has 3 overlapping summary rows with medians [272.9, 171.7, 156.9] (spread 116.0 ticks, 57.8%) -- averaging, widening whiskers to the union
  note: 89.212 MiB (random) has 3 overlapping summary rows with medians [159.1, 217.3, 168.6] (spread 58.2 ticks, 32.1%) -- averaging, widening whiskers to the union
  note: 93.1618 MiB (random) has 3 overlapping summary rows with medians [299.4, 173.0, 206.5] (spread 126.4 ticks, 55.9%) -- averaging, widening whiskers to the union
  note: 95.8916 MiB (random) has 3 overlapping summary rows with medians [235.7, 196.3, 288.1] (spread 91.7 ticks, 38.2%) -- averaging, widening whiskers to the union
  note: 98.7015 MiB (random) has 3 overlapping summary rows with medians [190.2, 196.3, 254.6] (spread 64.4 ticks, 30.1%) -- averaging, widening whiskers to the union
  note: 100.137 MiB (random) has 3 overlapping summary rows with medians [181.4, 162.5, 224.5] (spread 62.1 ticks, 32.8%) -- averaging, widening whiskers to the union
  note: 101.594 MiB (random) has 3 overlapping summary rows with medians [217.8, 203.8, 172.0] (spread 45.8 ticks, 23.1%) -- averaging, widening whiskers to the union
  note: 103.071 MiB (random) has 3 overlapping summary rows with medians [249.4, 195.4, 173.4] (spread 76.1 ticks, 36.9%) -- averaging, widening whiskers to the union
  note: 104.571 MiB (random) has 3 overlapping summary rows with medians [189.2, 231.0, 236.5] (spread 47.3 ticks, 21.6%) -- averaging, widening whiskers to the union
  note: 110.789 MiB (random) has 3 overlapping summary rows with medians [258.5, 174.5, 205.4] (spread 84.0 ticks, 39.5%) -- averaging, widening whiskers to the union
  note: 117.377 MiB (random) has 3 overlapping summary rows with medians [216.9, 193.8, 269.4] (spread 75.6 ticks, 33.4%) -- averaging, widening whiskers to the union
  note: 120.816 MiB (random) has 3 overlapping summary rows with medians [205.6, 186.4, 239.1] (spread 52.7 ticks, 25.0%) -- averaging, widening whiskers to the union
  note: 129.862 MiB (random) has 3 overlapping summary rows with medians [272.7, 282.5, 220.3] (spread 62.2 ticks, 24.1%) -- averaging, widening whiskers to the union
  note: 150.036 MiB (random) has 4 overlapping summary rows with medians [277.4, 203.9, 239.4, 276.8] (spread 73.5 ticks, 29.5%) -- averaging, widening whiskers to the union
  note: 152.218 MiB (random) has 4 overlapping summary rows with medians [239.1, 278.0, 271.5, 222.1] (spread 56.0 ticks, 22.2%) -- averaging, widening whiskers to the union
  note: 170.859 MiB (random) has 4 overlapping summary rows with medians [286.8, 261.0, 210.9, 231.6] (spread 75.8 ticks, 30.6%) -- averaging, widening whiskers to the union
  note: 175.866 MiB (random) has 4 overlapping summary rows with medians [203.5, 212.4, 234.2, 264.8] (spread 61.3 ticks, 26.8%) -- averaging, widening whiskers to the union
  note: 224.8 MiB (random) has 4 overlapping summary rows with medians [266.3, 275.5, 307.4, 233.7] (spread 73.6 ticks, 27.2%) -- averaging, widening whiskers to the union
  note: 231.387 MiB (random) has 4 overlapping summary rows with medians [209.6, 231.3, 229.2, 269.0] (spread 59.5 ticks, 25.3%) -- averaging, widening whiskers to the union
  note: 256 MiB (random) has 4 overlapping summary rows with medians [219.4, 236.7, 300.1, 209.8] (spread 90.3 ticks, 37.4%) -- averaging, widening whiskers to the union
  note: 8.71875 KiB (sequential) has 2 overlapping summary rows with medians [7.1, 22.4] (spread 15.4 ticks, 104.2%) -- averaging, widening whiskers to the union
  note: 26.9062 KiB (sequential) has 2 overlapping summary rows with medians [7.1, 5.8] (spread 1.3 ticks, 20.3%) -- averaging, widening whiskers to the union
  note: 45.25 KiB (sequential) has 2 overlapping summary rows with medians [7.3, 5.7] (spread 1.5 ticks, 23.4%) -- averaging, widening whiskers to the union
  note: 165.992 KiB (sequential) has 2 overlapping summary rows with medians [7.2, 14.9] (spread 7.6 ticks, 69.1%) -- averaging, widening whiskers to the union
  note: 234.75 KiB (sequential) has 2 overlapping summary rows with medians [7.5, 5.7] (spread 1.8 ticks, 26.6%) -- averaging, widening whiskers to the union
  note: 4.36203 MiB (sequential) has 2 overlapping summary rows with medians [7.4, 14.0] (spread 6.6 ticks, 62.1%) -- averaging, widening whiskers to the union
  note: 5.18736 MiB (sequential) has 3 overlapping summary rows with medians [7.4, 7.3, 14.7] (spread 7.4 ticks, 75.4%) -- averaging, widening whiskers to the union
  note: 8 MiB (sequential) has 3 overlapping summary rows with medians [7.4, 7.5, 11.0] (spread 3.6 ticks, 41.9%) -- averaging, widening whiskers to the union
  note: 8.72406 MiB (sequential) has 7 overlapping summary rows with medians [7.6, 7.4, 7.5, 7.5, 9.9, 10.4, 9.8] (spread 3.0 ticks, 34.5%) -- averaging, widening whiskers to the union
Wrote data_processed/hazel_icelake_8358/capacity_rerun2/capacity/plots/capacity_curve.pdf and .png
Wrote data_processed/hazel_icelake_8358/capacity_rerun2/capacity/plots/capacity_curve_random_only.pdf and .png
Wrote data_processed/hazel_icelake_8358/capacity_rerun2/capacity/plots/capacity_boxplots.pdf and .png
-- compressing raw CSVs --
== done ==
== plots: data_processed/hazel_icelake_8358/capacity_rerun2/capacity/plots/capacity_curve.{png,pdf}, data_processed/hazel_icelake_8358/capacity_rerun2/capacity/plots/capacity_boxplots.{png,pdf} ==
== detected boundaries (bytes): 71464 1359832 36591368 43514712 67108864 73182728 ==
== record in data_raw/hazel_icelake_8358/capacity_rerun2/README.md: core=56, seed=12345, samples=1000000, timestamp=20260915T233724Z ==
== full transcript saved to: data_raw/hazel_icelake_8358/capacity_rerun2/capacity/run_capacity_full_20260915T233724Z.log ==

=== Done ===

------------------------------------------------------------
Resource usage summary:

    Job ID            : 845906
    Job name          : hw1_cap_relook
    User / Account    : krchen / ece592f26_cpu
    Partition / QOS   : compute_partners / short
    Submitted         : 2026-09-15T19:37:01
    Started           : 2026-09-15T19:37:22
    Wait time         : 21 sec
    Elapsed (wall)    : 01:15:50
    Nodes             : 1 (c059n04)
    CPUs allocated    : 1
    Tasks             : 1
    CPU time (total)  : 4521.96 sec  (user 4462.03, sys 59.94)
    CPU efficiency    : 99.4%
    Memory in use     : 524.84 MB  (sampled at job end; see seff for peak)
    Memory requested  : 8G
    Working directory : /gpfs_common/share01/titan/krchen/Proj1-Cache-Reverse-Engineering
    Exit code         : 0:0

    For final accounting (Slurm's MaxRSS, billing, etc.):  seff 845906
------------------------------------------------------------
