=== Machine identification (Phase Discipline whitelist only) ===
c059n04
Linux c059n04 5.14.0-611.5.1.el9_7.x86_64 #1 SMP PREEMPT_DYNAMIC Fri Oct 17 14:16:35 EDT 2025 x86_64 x86_64 x86_64 GNU/Linux
model name	: Intel(R) Xeon(R) Platinum 8358 CPU @ 2.60GHz
CPU CORE SOCKET NODE
  0    0      0    0
  1    1      0    0
  2    2      0    0
  3    3      0    0
  4    4      0    0
  5    5      0    0
  6    6      0    0
  7    7      0    0
  8    8      0    0
  9    9      0    0
 10   10      0    0
 11   11      0    0
 12   12      0    0
 13   13      0    0
 14   14      0    0
 15   15      0    0
 16   16      0    0
 17   17      0    0
 18   18      0    0
 19   19      0    0
 20   20      0    0
 21   21      0    0
 22   22      0    0
 23   23      0    0
 24   24      0    0
 25   25      0    0
 26   26      0    0
 27   27      0    0
 28   28      0    0
 29   29      0    0
 30   30      0    0
 31   31      0    0
 32   32      1    1
 33   33      1    1
 34   34      1    1
 35   35      1    1
 36   36      1    1
 37   37      1    1
 38   38      1    1
 39   39      1    1
 40   40      1    1
 41   41      1    1
 42   42      1    1
 43   43      1    1
 44   44      1    1
 45   45      1    1
 46   46      1    1
 47   47      1    1
 48   48      1    1
 49   49      1    1
 50   50      1    1
 51   51      1    1
 52   52      1    1
 53   53      1    1
 54   54      1    1
 55   55      1    1
 56   56      1    1
 57   57      1    1
 58   58      1    1
 59   59      1    1
 60   60      1    1
 61   61      1    1
 62   62      1    1
 63   63      1    1
Assigned logical CPU (physcpubind, informational -- srun --cpu-bind=cores does the real pinning): 56
SLURM_JOB_ID=847896

=== Phase Discipline gate check: is predictions-frozen an ancestor of HEAD? ===
OK -- predictions-frozen confirmed ancestor of HEAD, proceeding.

=== Running scripts/run_capacity_full.sh (HAZEL_MODE=1) for hazel_icelake_8358/capacity_rerun3 ===
== run_capacity_full: machine=hazel_icelake_8358/capacity_rerun3 core=56 coarse_max=67108864 seed=12345 ==
== timestamp=20260916T033804Z ==
-- coarse sweep 1024-67108864 bytes --
  wrote 129002 lines -> data_raw/hazel_icelake_8358/capacity_rerun3/capacity/capacity_coarse_random_20260916T033804Z.csv
  wrote 129002 lines -> data_raw/hazel_icelake_8358/capacity_rerun3/capacity/capacity_coarse_sequential_20260916T033804Z.csv
Wrote 129 summary rows to data_processed/hazel_icelake_8358/capacity_rerun3/capacity/coarse_random_summary.csv
Wrote 129 summary rows to data_processed/hazel_icelake_8358/capacity_rerun3/capacity/coarse_sequential_summary.csv
-- tail-extension sweep 67108864-268435456 bytes --
  wrote 17002 lines -> data_raw/hazel_icelake_8358/capacity_rerun3/capacity/capacity_coarse_ext_random_20260916T033804Z.csv
  wrote 17002 lines -> data_raw/hazel_icelake_8358/capacity_rerun3/capacity/capacity_coarse_ext_sequential_20260916T033804Z.csv
Wrote 17 summary rows to data_processed/hazel_icelake_8358/capacity_rerun3/capacity/coarse_ext_random_summary.csv
Wrote 17 summary rows to data_processed/hazel_icelake_8358/capacity_rerun3/capacity/coarse_ext_sequential_summary.csv
-- detected boundaries (bytes): 1359832 43514712 87029424 --
-- dense sweep around boundary 1359832 bytes: 169979-10878656 --
  wrote 289002 lines -> data_raw/hazel_icelake_8358/capacity_rerun3/capacity/capacity_dense0_random_20260916T033804Z.csv
  wrote 289002 lines -> data_raw/hazel_icelake_8358/capacity_rerun3/capacity/capacity_dense0_sequential_20260916T033804Z.csv
Wrote 289 summary rows to data_processed/hazel_icelake_8358/capacity_rerun3/capacity/dense0_random_summary.csv
Wrote 289 summary rows to data_processed/hazel_icelake_8358/capacity_rerun3/capacity/dense0_sequential_summary.csv
-- dense sweep around boundary 43514712 bytes: 5439339-268435456 --
  wrote 271002 lines -> data_raw/hazel_icelake_8358/capacity_rerun3/capacity/capacity_dense1_random_20260916T033804Z.csv
  wrote 271002 lines -> data_raw/hazel_icelake_8358/capacity_rerun3/capacity/capacity_dense1_sequential_20260916T033804Z.csv
Wrote 271 summary rows to data_processed/hazel_icelake_8358/capacity_rerun3/capacity/dense1_random_summary.csv
Wrote 271 summary rows to data_processed/hazel_icelake_8358/capacity_rerun3/capacity/dense1_sequential_summary.csv
-- dense sweep around boundary 87029424 bytes: 10878678-268435456 --
  wrote 223002 lines -> data_raw/hazel_icelake_8358/capacity_rerun3/capacity/capacity_dense2_random_20260916T033804Z.csv
  wrote 223002 lines -> data_raw/hazel_icelake_8358/capacity_rerun3/capacity/capacity_dense2_sequential_20260916T033804Z.csv
Wrote 223 summary rows to data_processed/hazel_icelake_8358/capacity_rerun3/capacity/dense2_random_summary.csv
Wrote 223 summary rows to data_processed/hazel_icelake_8358/capacity_rerun3/capacity/dense2_sequential_summary.csv
  -- repeat 1/2 of deepest boundary's dense window --
  wrote 223002 lines -> data_raw/hazel_icelake_8358/capacity_rerun3/capacity/capacity_dense2_rep1_random_20260916T033804Z.csv
  wrote 223002 lines -> data_raw/hazel_icelake_8358/capacity_rerun3/capacity/capacity_dense2_rep1_sequential_20260916T033804Z.csv
Wrote 223 summary rows to data_processed/hazel_icelake_8358/capacity_rerun3/capacity/dense2_rep1_random_summary.csv
Wrote 223 summary rows to data_processed/hazel_icelake_8358/capacity_rerun3/capacity/dense2_rep1_sequential_summary.csv
  -- repeat 2/2 of deepest boundary's dense window --
  wrote 223002 lines -> data_raw/hazel_icelake_8358/capacity_rerun3/capacity/capacity_dense2_rep2_random_20260916T033804Z.csv
  wrote 223002 lines -> data_raw/hazel_icelake_8358/capacity_rerun3/capacity/capacity_dense2_rep2_sequential_20260916T033804Z.csv
Wrote 223 summary rows to data_processed/hazel_icelake_8358/capacity_rerun3/capacity/dense2_rep2_random_summary.csv
Wrote 223 summary rows to data_processed/hazel_icelake_8358/capacity_rerun3/capacity/dense2_rep2_sequential_summary.csv
-- dense sweep past deepest boundary, checking for a further plateau: 174058848-268435456 --
  wrote 31002 lines -> data_raw/hazel_icelake_8358/capacity_rerun3/capacity/capacity_denseTail_random_20260916T033804Z.csv
  wrote 31002 lines -> data_raw/hazel_icelake_8358/capacity_rerun3/capacity/capacity_denseTail_sequential_20260916T033804Z.csv
Wrote 31 summary rows to data_processed/hazel_icelake_8358/capacity_rerun3/capacity/denseTail_random_summary.csv
Wrote 31 summary rows to data_processed/hazel_icelake_8358/capacity_rerun3/capacity/denseTail_sequential_summary.csv
-- generating plots --
  note: 165.992 KiB (random) has 2 overlapping summary rows with medians [14.3, 40.0] (spread 25.7 ticks, 94.5%) -- averaging, widening whiskers to the union
  note: 181.016 KiB (random) has 2 overlapping summary rows with medians [14.5, 11.4] (spread 3.1 ticks, 24.0%) -- averaging, widening whiskers to the union
  note: 197.398 KiB (random) has 2 overlapping summary rows with medians [14.6, 11.6] (spread 3.1 ticks, 23.4%) -- averaging, widening whiskers to the union
  note: 215.266 KiB (random) has 2 overlapping summary rows with medians [15.0, 11.7] (spread 3.3 ticks, 24.5%) -- averaging, widening whiskers to the union
  note: 234.75 KiB (random) has 2 overlapping summary rows with medians [15.1, 11.7] (spread 3.3 ticks, 25.0%) -- averaging, widening whiskers to the union
  note: 279.164 KiB (random) has 2 overlapping summary rows with medians [15.8, 12.4] (spread 3.4 ticks, 24.2%) -- averaging, widening whiskers to the union
  note: 331.984 KiB (random) has 2 overlapping summary rows with medians [16.9, 13.3] (spread 3.6 ticks, 24.1%) -- averaging, widening whiskers to the union
  note: 394.805 KiB (random) has 2 overlapping summary rows with medians [17.9, 14.1] (spread 3.8 ticks, 24.1%) -- averaging, widening whiskers to the union
  note: 469.5 KiB (random) has 2 overlapping summary rows with medians [18.7, 14.7] (spread 4.0 ticks, 23.9%) -- averaging, widening whiskers to the union
  note: 558.336 KiB (random) has 2 overlapping summary rows with medians [19.4, 15.3] (spread 4.1 ticks, 23.9%) -- averaging, widening whiskers to the union
  note: 608.867 KiB (random) has 2 overlapping summary rows with medians [19.7, 15.5] (spread 4.2 ticks, 23.8%) -- averaging, widening whiskers to the union
  note: 663.977 KiB (random) has 2 overlapping summary rows with medians [20.0, 15.7] (spread 4.2 ticks, 23.8%) -- averaging, widening whiskers to the union
  note: 724.07 KiB (random) has 2 overlapping summary rows with medians [20.3, 15.9] (spread 4.3 ticks, 23.9%) -- averaging, widening whiskers to the union
  note: 789.609 KiB (random) has 2 overlapping summary rows with medians [20.5, 16.1] (spread 4.4 ticks, 23.9%) -- averaging, widening whiskers to the union
  note: 11.3137 MiB (random) has 5 overlapping summary rows with medians [63.2, 61.2, 215.2, 58.8, 53.1] (spread 162.1 ticks, 179.5%) -- averaging, widening whiskers to the union
  note: 13.4543 MiB (random) has 5 overlapping summary rows with medians [59.9, 233.3, 57.8, 53.8, 248.3] (spread 194.5 ticks, 148.9%) -- averaging, widening whiskers to the union
  note: 14.6721 MiB (random) has 5 overlapping summary rows with medians [59.6, 59.3, 282.7, 68.6, 74.8] (spread 223.4 ticks, 205.0%) -- averaging, widening whiskers to the union
  note: 17.4481 MiB (random) has 5 overlapping summary rows with medians [157.5, 253.5, 208.4, 61.2, 64.8] (spread 192.3 ticks, 129.0%) -- averaging, widening whiskers to the union
  note: 20.7494 MiB (random) has 5 overlapping summary rows with medians [252.6, 60.5, 61.4, 203.4, 199.3] (spread 192.1 ticks, 123.6%) -- averaging, widening whiskers to the union
  note: 22.6274 MiB (random) has 5 overlapping summary rows with medians [125.6, 59.2, 57.4, 56.5, 262.8] (spread 206.4 ticks, 183.8%) -- averaging, widening whiskers to the union
  note: 24.6754 MiB (random) has 5 overlapping summary rows with medians [60.9, 63.9, 55.2, 57.1, 82.0] (spread 26.7 ticks, 41.9%) -- averaging, widening whiskers to the union
  note: 26.9087 MiB (random) has 5 overlapping summary rows with medians [57.5, 134.4, 57.0, 59.6, 55.6] (spread 78.8 ticks, 108.2%) -- averaging, widening whiskers to the union
  note: 29.3441 MiB (random) has 5 overlapping summary rows with medians [178.7, 68.3, 57.7, 209.4, 60.3] (spread 151.7 ticks, 132.0%) -- averaging, widening whiskers to the union
  note: 41.4989 MiB (random) has 5 overlapping summary rows with medians [65.9, 133.2, 271.7, 71.0, 224.5] (spread 205.8 ticks, 134.3%) -- averaging, widening whiskers to the union
  note: 45.2548 MiB (random) has 5 overlapping summary rows with medians [223.3, 69.7, 230.2, 75.2, 98.2] (spread 160.5 ticks, 115.2%) -- averaging, widening whiskers to the union
  note: 53.8174 MiB (random) has 5 overlapping summary rows with medians [85.2, 207.3, 123.5, 109.8, 217.7] (spread 132.5 ticks, 89.1%) -- averaging, widening whiskers to the union
  note: 58.6883 MiB (random) has 5 overlapping summary rows with medians [205.2, 148.5, 176.7, 117.2, 167.2] (spread 88.0 ticks, 54.0%) -- averaging, widening whiskers to the union
  note: 64 MiB (random) has 2 overlapping summary rows with medians [218.6, 138.6] (spread 80.0 ticks, 44.8%) -- averaging, widening whiskers to the union
  note: 69.7925 MiB (random) has 5 overlapping summary rows with medians [131.0, 200.0, 131.7, 175.4, 141.5] (spread 69.1 ticks, 44.3%) -- averaging, widening whiskers to the union
  note: 82.9977 MiB (random) has 5 overlapping summary rows with medians [169.2, 273.9, 166.4, 273.5, 199.9] (spread 107.5 ticks, 49.6%) -- averaging, widening whiskers to the union
  note: 117.377 MiB (random) has 5 overlapping summary rows with medians [193.0, 247.3, 178.1, 207.1, 263.7] (spread 85.6 ticks, 39.3%) -- averaging, widening whiskers to the union
  note: 10.6787 MiB (random) has 4 overlapping summary rows with medians [79.4, 56.1, 240.6, 56.2] (spread 184.5 ticks, 170.7%) -- averaging, widening whiskers to the union
  note: 10.834 MiB (random) has 4 overlapping summary rows with medians [57.9, 56.4, 236.3, 53.8] (spread 182.5 ticks, 180.5%) -- averaging, widening whiskers to the union
  note: 10.9916 MiB (random) has 4 overlapping summary rows with medians [87.7, 53.2, 114.2, 53.3] (spread 61.0 ticks, 79.1%) -- averaging, widening whiskers to the union
  note: 11.1515 MiB (random) has 4 overlapping summary rows with medians [64.0, 53.5, 65.0, 53.0] (spread 12.0 ticks, 20.4%) -- averaging, widening whiskers to the union
  note: 11.4783 MiB (random) has 4 overlapping summary rows with medians [66.9, 98.6, 56.9, 74.0] (spread 41.7 ticks, 56.3%) -- averaging, widening whiskers to the union
  note: 11.9865 MiB (random) has 4 overlapping summary rows with medians [61.3, 54.0, 64.6, 113.5] (spread 59.5 ticks, 81.1%) -- averaging, widening whiskers to the union
  note: 12.1608 MiB (random) has 4 overlapping summary rows with medians [56.8, 68.4, 54.8, 202.5] (spread 147.7 ticks, 154.4%) -- averaging, widening whiskers to the union
  note: 12.6992 MiB (random) has 4 overlapping summary rows with medians [304.1, 59.1, 55.2, 61.0] (spread 248.8 ticks, 207.6%) -- averaging, widening whiskers to the union
  note: 12.8839 MiB (random) has 4 overlapping summary rows with medians [126.5, 57.6, 54.8, 63.0] (spread 71.8 ticks, 95.1%) -- averaging, widening whiskers to the union
  note: 13.65 MiB (random) has 4 overlapping summary rows with medians [185.1, 115.6, 170.7, 100.5] (spread 84.6 ticks, 59.2%) -- averaging, widening whiskers to the union
  note: 13.8486 MiB (random) has 4 overlapping summary rows with medians [62.3, 58.8, 185.2, 161.6] (spread 126.4 ticks, 108.0%) -- averaging, widening whiskers to the union
  note: 14.05 MiB (random) has 4 overlapping summary rows with medians [61.7, 56.9, 63.8, 93.7] (spread 36.8 ticks, 53.3%) -- averaging, widening whiskers to the union
  note: 14.4617 MiB (random) has 4 overlapping summary rows with medians [64.3, 60.7, 59.2, 150.0] (spread 90.8 ticks, 108.6%) -- averaging, widening whiskers to the union
  note: 14.8855 MiB (random) has 4 overlapping summary rows with medians [170.3, 109.0, 61.8, 59.9] (spread 110.4 ticks, 110.2%) -- averaging, widening whiskers to the union
  note: 15.102 MiB (random) has 4 overlapping summary rows with medians [70.6, 74.1, 59.9, 64.8] (spread 14.2 ticks, 21.0%) -- averaging, widening whiskers to the union
  note: 15.5445 MiB (random) has 4 overlapping summary rows with medians [55.6, 67.8, 59.2, 69.4] (spread 13.8 ticks, 21.8%) -- averaging, widening whiskers to the union
  note: 16.2327 MiB (random) has 4 overlapping summary rows with medians [171.9, 56.0, 78.4, 64.4] (spread 115.9 ticks, 125.0%) -- averaging, widening whiskers to the union
  note: 16.4688 MiB (random) has 4 overlapping summary rows with medians [85.2, 55.7, 258.1, 133.2] (spread 202.4 ticks, 152.1%) -- averaging, widening whiskers to the union
  note: 16.9514 MiB (random) has 4 overlapping summary rows with medians [55.1, 167.6, 62.3, 244.0] (spread 189.0 ticks, 142.9%) -- averaging, widening whiskers to the union
  note: 17.198 MiB (random) has 4 overlapping summary rows with medians [59.4, 56.7, 59.0, 257.3] (spread 200.6 ticks, 185.6%) -- averaging, widening whiskers to the union
  note: 17.7019 MiB (random) has 4 overlapping summary rows with medians [65.8, 70.9, 72.7, 56.0] (spread 16.7 ticks, 25.2%) -- averaging, widening whiskers to the union
  note: 17.9594 MiB (random) has 4 overlapping summary rows with medians [75.0, 56.7, 58.2, 244.3] (spread 187.7 ticks, 172.9%) -- averaging, widening whiskers to the union
  note: 18.2206 MiB (random) has 4 overlapping summary rows with medians [58.0, 56.3, 60.3, 96.5] (spread 40.2 ticks, 59.3%) -- averaging, widening whiskers to the union
  note: 18.7545 MiB (random) has 4 overlapping summary rows with medians [55.6, 58.1, 105.1, 55.7] (spread 49.5 ticks, 72.1%) -- averaging, widening whiskers to the union
  note: 19.0273 MiB (random) has 4 overlapping summary rows with medians [108.5, 98.3, 134.7, 56.5] (spread 78.2 ticks, 78.6%) -- averaging, widening whiskers to the union
  note: 20.452 MiB (random) has 4 overlapping summary rows with medians [113.8, 62.8, 56.6, 58.5] (spread 57.2 ticks, 78.4%) -- averaging, widening whiskers to the union
  note: 21.3574 MiB (random) has 4 overlapping summary rows with medians [56.1, 62.8, 200.4, 65.2] (spread 144.3 ticks, 150.2%) -- averaging, widening whiskers to the union
  note: 21.6681 MiB (random) has 4 overlapping summary rows with medians [174.6, 58.6, 57.7, 61.3] (spread 116.9 ticks, 132.7%) -- averaging, widening whiskers to the union
  note: 21.9833 MiB (random) has 4 overlapping summary rows with medians [61.0, 55.8, 57.3, 69.7] (spread 14.0 ticks, 22.9%) -- averaging, widening whiskers to the union
  note: 22.303 MiB (random) has 4 overlapping summary rows with medians [58.5, 212.0, 56.4, 55.1] (spread 156.9 ticks, 164.3%) -- averaging, widening whiskers to the union
  note: 22.9565 MiB (random) has 4 overlapping summary rows with medians [61.8, 57.5, 137.1, 130.8] (spread 79.5 ticks, 82.2%) -- averaging, widening whiskers to the union
  note: 23.6292 MiB (random) has 4 overlapping summary rows with medians [68.1, 58.8, 76.2, 58.5] (spread 17.7 ticks, 27.1%) -- averaging, widening whiskers to the union
  note: 23.9729 MiB (random) has 4 overlapping summary rows with medians [180.2, 59.1, 57.4, 57.0] (spread 123.2 ticks, 139.4%) -- averaging, widening whiskers to the union
  note: 24.3216 MiB (random) has 4 overlapping summary rows with medians [86.9, 55.4, 175.4, 56.0] (spread 120.0 ticks, 128.4%) -- averaging, widening whiskers to the union
  note: 25.0343 MiB (random) has 4 overlapping summary rows with medians [61.0, 223.3, 219.0, 56.4] (spread 167.0 ticks, 119.3%) -- averaging, widening whiskers to the union
  note: 25.3984 MiB (random) has 4 overlapping summary rows with medians [146.0, 57.3, 59.1, 129.6] (spread 88.7 ticks, 90.5%) -- averaging, widening whiskers to the union
  note: 26.1426 MiB (random) has 4 overlapping summary rows with medians [61.0, 63.1, 215.3, 58.0] (spread 157.3 ticks, 158.3%) -- averaging, widening whiskers to the union
  note: 26.5229 MiB (random) has 4 overlapping summary rows with medians [121.8, 61.1, 61.2, 56.4] (spread 65.4 ticks, 87.0%) -- averaging, widening whiskers to the union
  note: 27.3001 MiB (random) has 4 overlapping summary rows with medians [61.2, 55.5, 64.0, 177.3] (spread 121.8 ticks, 136.1%) -- averaging, widening whiskers to the union
  note: 27.6972 MiB (random) has 4 overlapping summary rows with medians [59.3, 210.8, 60.9, 77.4] (spread 151.4 ticks, 148.3%) -- averaging, widening whiskers to the union
  note: 28.1 MiB (random) has 4 overlapping summary rows with medians [149.1, 57.6, 55.8, 59.2] (spread 93.4 ticks, 116.1%) -- averaging, widening whiskers to the union
  note: 28.9234 MiB (random) has 4 overlapping summary rows with medians [232.6, 67.2, 57.6, 59.5] (spread 175.0 ticks, 167.9%) -- averaging, widening whiskers to the union
  note: 29.7709 MiB (random) has 4 overlapping summary rows with medians [61.7, 59.6, 135.5, 57.3] (spread 78.2 ticks, 99.6%) -- averaging, widening whiskers to the union
  note: 30.204 MiB (random) has 4 overlapping summary rows with medians [214.7, 67.1, 60.5, 72.4] (spread 154.1 ticks, 148.6%) -- averaging, widening whiskers to the union
  note: 30.6433 MiB (random) has 4 overlapping summary rows with medians [71.2, 59.8, 257.0, 66.8] (spread 197.2 ticks, 173.4%) -- averaging, widening whiskers to the union
  note: 31.089 MiB (random) has 4 overlapping summary rows with medians [144.6, 61.4, 220.8, 61.7] (spread 159.4 ticks, 130.5%) -- averaging, widening whiskers to the union
  note: 31.5412 MiB (random) has 4 overlapping summary rows with medians [91.3, 57.3, 63.5, 64.2] (spread 34.0 ticks, 49.2%) -- averaging, widening whiskers to the union
  note: 32.4654 MiB (random) has 4 overlapping summary rows with medians [122.2, 220.4, 63.7, 58.5] (spread 161.9 ticks, 139.3%) -- averaging, widening whiskers to the union
  note: 32.9377 MiB (random) has 4 overlapping summary rows with medians [58.4, 70.7, 65.4, 200.1] (spread 141.7 ticks, 143.7%) -- averaging, widening whiskers to the union
  note: 33.4168 MiB (random) has 4 overlapping summary rows with medians [65.7, 254.8, 277.1, 71.6] (spread 211.4 ticks, 126.4%) -- averaging, widening whiskers to the union
  note: 33.9028 MiB (random) has 4 overlapping summary rows with medians [81.1, 60.8, 63.1, 60.5] (spread 20.6 ticks, 31.0%) -- averaging, widening whiskers to the union
  note: 35.4038 MiB (random) has 4 overlapping summary rows with medians [246.4, 68.7, 252.7, 57.7] (spread 195.1 ticks, 124.7%) -- averaging, widening whiskers to the union
  note: 35.9188 MiB (random) has 4 overlapping summary rows with medians [95.7, 66.8, 70.8, 80.5] (spread 28.9 ticks, 36.9%) -- averaging, widening whiskers to the union
  note: 37.509 MiB (random) has 4 overlapping summary rows with medians [65.0, 186.5, 91.1, 87.2] (spread 121.5 ticks, 113.0%) -- averaging, widening whiskers to the union
  note: 38.0546 MiB (random) has 4 overlapping summary rows with medians [70.7, 62.7, 87.3, 182.1] (spread 119.4 ticks, 118.6%) -- averaging, widening whiskers to the union
  note: 38.6081 MiB (random) has 4 overlapping summary rows with medians [100.7, 70.6, 62.5, 71.7] (spread 38.2 ticks, 50.1%) -- averaging, widening whiskers to the union
  note: 39.1697 MiB (random) has 4 overlapping summary rows with medians [60.3, 330.2, 66.5, 63.3] (spread 269.9 ticks, 207.5%) -- averaging, widening whiskers to the union
  note: 39.7394 MiB (random) has 4 overlapping summary rows with medians [63.8, 61.3, 263.5, 261.9] (spread 202.2 ticks, 124.3%) -- averaging, widening whiskers to the union
  note: 40.3175 MiB (random) has 4 overlapping summary rows with medians [92.9, 68.6, 75.2, 223.9] (spread 155.2 ticks, 134.8%) -- averaging, widening whiskers to the union
  note: 40.9039 MiB (random) has 4 overlapping summary rows with medians [201.1, 62.3, 58.7, 152.0] (spread 142.4 ticks, 120.1%) -- averaging, widening whiskers to the union
  note: 42.1025 MiB (random) has 4 overlapping summary rows with medians [119.0, 66.0, 212.4, 208.8] (spread 146.4 ticks, 96.6%) -- averaging, widening whiskers to the union
  note: 42.7149 MiB (random) has 4 overlapping summary rows with medians [88.8, 66.3, 63.1, 65.5] (spread 25.7 ticks, 36.3%) -- averaging, widening whiskers to the union
  note: 43.3362 MiB (random) has 4 overlapping summary rows with medians [224.4, 189.9, 64.2, 194.2] (spread 160.2 ticks, 95.3%) -- averaging, widening whiskers to the union
  note: 43.9665 MiB (random) has 4 overlapping summary rows with medians [145.1, 111.7, 230.4, 100.2] (spread 130.2 ticks, 88.7%) -- averaging, widening whiskers to the union
  note: 44.606 MiB (random) has 4 overlapping summary rows with medians [115.0, 68.4, 96.8, 69.7] (spread 46.6 ticks, 53.3%) -- averaging, widening whiskers to the union
  note: 45.9131 MiB (random) has 4 overlapping summary rows with medians [93.8, 68.1, 73.9, 94.5] (spread 26.3 ticks, 31.9%) -- averaging, widening whiskers to the union
  note: 46.5809 MiB (random) has 4 overlapping summary rows with medians [197.2, 87.5, 114.9, 68.1] (spread 129.1 ticks, 110.5%) -- averaging, widening whiskers to the union
  note: 47.2584 MiB (random) has 4 overlapping summary rows with medians [97.7, 217.8, 78.0, 71.7] (spread 146.0 ticks, 125.6%) -- averaging, widening whiskers to the union
  note: 47.9458 MiB (random) has 4 overlapping summary rows with medians [82.6, 83.8, 123.5, 220.0] (spread 137.4 ticks, 107.8%) -- averaging, widening whiskers to the union
  note: 48.6432 MiB (random) has 4 overlapping summary rows with medians [223.2, 270.8, 103.1, 84.3] (spread 186.5 ticks, 109.5%) -- averaging, widening whiskers to the union
  note: 49.3507 MiB (random) has 4 overlapping summary rows with medians [74.2, 98.9, 98.0, 214.7] (spread 140.5 ticks, 115.7%) -- averaging, widening whiskers to the union
  note: 50.0686 MiB (random) has 4 overlapping summary rows with medians [225.6, 75.2, 69.3, 226.7] (spread 157.3 ticks, 105.5%) -- averaging, widening whiskers to the union
  note: 50.7968 MiB (random) has 4 overlapping summary rows with medians [75.1, 265.8, 225.4, 229.3] (spread 190.7 ticks, 95.9%) -- averaging, widening whiskers to the union
  note: 51.5357 MiB (random) has 4 overlapping summary rows with medians [255.7, 82.9, 91.1, 103.0] (spread 172.8 ticks, 129.7%) -- averaging, widening whiskers to the union
  note: 52.2853 MiB (random) has 4 overlapping summary rows with medians [196.6, 204.2, 228.3, 186.7] (spread 41.7 ticks, 20.4%) -- averaging, widening whiskers to the union
  note: 53.0458 MiB (random) has 4 overlapping summary rows with medians [95.7, 222.3, 100.0, 165.8] (spread 126.6 ticks, 86.7%) -- averaging, widening whiskers to the union
  note: 54.6002 MiB (random) has 4 overlapping summary rows with medians [219.8, 155.3, 129.7, 106.8] (spread 113.0 ticks, 73.9%) -- averaging, widening whiskers to the union
  note: 55.3943 MiB (random) has 4 overlapping summary rows with medians [134.2, 274.1, 121.8, 95.3] (spread 178.8 ticks, 114.4%) -- averaging, widening whiskers to the union
  note: 56.2001 MiB (random) has 4 overlapping summary rows with medians [215.9, 113.6, 226.9, 117.1] (spread 113.3 ticks, 67.3%) -- averaging, widening whiskers to the union
  note: 57.0175 MiB (random) has 4 overlapping summary rows with medians [161.6, 96.2, 122.5, 104.4] (spread 65.4 ticks, 54.0%) -- averaging, widening whiskers to the union
  note: 57.8468 MiB (random) has 4 overlapping summary rows with medians [206.5, 117.1, 212.3, 160.4] (spread 95.2 ticks, 54.7%) -- averaging, widening whiskers to the union
  note: 59.5419 MiB (random) has 4 overlapping summary rows with medians [109.3, 100.6, 154.8, 112.1] (spread 54.2 ticks, 45.5%) -- averaging, widening whiskers to the union
  note: 60.408 MiB (random) has 4 overlapping summary rows with medians [114.5, 118.5, 157.4, 222.4] (spread 107.9 ticks, 70.4%) -- averaging, widening whiskers to the union
  note: 61.2866 MiB (random) has 4 overlapping summary rows with medians [134.1, 215.3, 135.0, 136.9] (spread 81.3 ticks, 52.3%) -- averaging, widening whiskers to the union
  note: 62.178 MiB (random) has 4 overlapping summary rows with medians [112.3, 119.0, 336.4, 194.0] (spread 224.1 ticks, 117.7%) -- averaging, widening whiskers to the union
  note: 64 MiB (random) has 4 overlapping summary rows with medians [216.3, 119.1, 150.6, 242.7] (spread 123.6 ticks, 67.8%) -- averaging, widening whiskers to the union
  note: 64.9309 MiB (random) has 4 overlapping summary rows with medians [133.6, 122.3, 134.6, 209.4] (spread 87.0 ticks, 58.0%) -- averaging, widening whiskers to the union
  note: 65.8753 MiB (random) has 4 overlapping summary rows with medians [126.4, 218.5, 155.6, 208.2] (spread 92.1 ticks, 52.0%) -- averaging, widening whiskers to the union
  note: 66.8335 MiB (random) has 4 overlapping summary rows with medians [195.0, 270.4, 330.9, 136.5] (spread 194.5 ticks, 83.4%) -- averaging, widening whiskers to the union
  note: 67.8056 MiB (random) has 4 overlapping summary rows with medians [143.9, 128.2, 269.4, 186.7] (spread 141.2 ticks, 77.6%) -- averaging, widening whiskers to the union
  note: 68.7919 MiB (random) has 4 overlapping summary rows with medians [137.2, 221.9, 128.7, 210.1] (spread 93.2 ticks, 53.4%) -- averaging, widening whiskers to the union
  note: 70.8076 MiB (random) has 4 overlapping summary rows with medians [210.9, 218.2, 243.2, 130.7] (spread 112.5 ticks, 56.1%) -- averaging, widening whiskers to the union
  note: 71.8376 MiB (random) has 4 overlapping summary rows with medians [223.0, 164.2, 198.0, 151.8] (spread 71.2 ticks, 38.6%) -- averaging, widening whiskers to the union
  note: 72.8825 MiB (random) has 4 overlapping summary rows with medians [163.2, 230.0, 214.9, 147.4] (spread 82.6 ticks, 43.8%) -- averaging, widening whiskers to the union
  note: 73.9426 MiB (random) has 4 overlapping summary rows with medians [156.6, 204.3, 179.2, 233.9] (spread 77.3 ticks, 40.0%) -- averaging, widening whiskers to the union
  note: 75.0181 MiB (random) has 4 overlapping summary rows with medians [212.0, 199.6, 220.5, 146.0] (spread 74.6 ticks, 38.3%) -- averaging, widening whiskers to the union
  note: 76.1092 MiB (random) has 4 overlapping summary rows with medians [158.0, 159.7, 173.1, 194.1] (spread 36.1 ticks, 21.1%) -- averaging, widening whiskers to the union
  note: 77.2163 MiB (random) has 4 overlapping summary rows with medians [143.9, 177.8, 212.1, 220.7] (spread 76.8 ticks, 40.7%) -- averaging, widening whiskers to the union
  note: 78.3394 MiB (random) has 4 overlapping summary rows with medians [191.7, 225.0, 169.7, 140.7] (spread 84.3 ticks, 46.4%) -- averaging, widening whiskers to the union
  note: 79.4789 MiB (random) has 4 overlapping summary rows with medians [158.2, 281.8, 143.5, 159.4] (spread 138.3 ticks, 74.5%) -- averaging, widening whiskers to the union
  note: 80.6349 MiB (random) has 4 overlapping summary rows with medians [174.7, 226.4, 205.3, 153.1] (spread 73.3 ticks, 38.6%) -- averaging, widening whiskers to the union
  note: 81.8078 MiB (random) has 4 overlapping summary rows with medians [228.7, 271.8, 211.8, 155.2] (spread 116.6 ticks, 53.7%) -- averaging, widening whiskers to the union
  note: 85.4297 MiB (random) has 4 overlapping summary rows with medians [153.9, 222.6, 152.1, 161.8] (spread 70.5 ticks, 40.9%) -- averaging, widening whiskers to the union
  note: 86.6723 MiB (random) has 4 overlapping summary rows with medians [182.8, 220.6, 210.8, 164.9] (spread 55.6 ticks, 28.6%) -- averaging, widening whiskers to the union
  note: 87.933 MiB (random) has 4 overlapping summary rows with medians [219.7, 178.8, 172.8, 160.4] (spread 59.3 ticks, 32.4%) -- averaging, widening whiskers to the union
  note: 89.212 MiB (random) has 4 overlapping summary rows with medians [260.6, 218.9, 161.7, 225.1] (spread 98.9 ticks, 45.7%) -- averaging, widening whiskers to the union
  note: 90.5097 MiB (random) has 4 overlapping summary rows with medians [169.1, 158.6, 165.0, 275.6] (spread 116.9 ticks, 60.9%) -- averaging, widening whiskers to the union
  note: 91.8261 MiB (random) has 4 overlapping summary rows with medians [168.0, 170.8, 277.0, 221.8] (spread 109.0 ticks, 52.0%) -- averaging, widening whiskers to the union
  note: 94.5169 MiB (random) has 4 overlapping summary rows with medians [203.0, 164.5, 164.6, 166.2] (spread 38.5 ticks, 22.1%) -- averaging, widening whiskers to the union
  note: 95.8916 MiB (random) has 4 overlapping summary rows with medians [188.1, 167.3, 228.5, 179.2] (spread 61.2 ticks, 32.1%) -- averaging, widening whiskers to the union
  note: 97.2864 MiB (random) has 4 overlapping summary rows with medians [223.2, 167.8, 173.8, 180.7] (spread 55.4 ticks, 29.7%) -- averaging, widening whiskers to the union
  note: 98.7015 MiB (random) has 4 overlapping summary rows with medians [217.0, 222.2, 266.6, 249.1] (spread 49.6 ticks, 20.8%) -- averaging, widening whiskers to the union
  note: 100.137 MiB (random) has 4 overlapping summary rows with medians [187.0, 184.3, 219.3, 225.9] (spread 41.6 ticks, 20.4%) -- averaging, widening whiskers to the union
  note: 104.571 MiB (random) has 4 overlapping summary rows with medians [182.4, 225.1, 195.3, 221.2] (spread 42.7 ticks, 20.7%) -- averaging, widening whiskers to the union
  note: 106.092 MiB (random) has 4 overlapping summary rows with medians [232.8, 179.9, 211.5, 194.3] (spread 52.9 ticks, 25.9%) -- averaging, widening whiskers to the union
  note: 109.2 MiB (random) has 4 overlapping summary rows with medians [233.5, 190.2, 220.4, 201.9] (spread 43.3 ticks, 20.5%) -- averaging, widening whiskers to the union
  note: 114.035 MiB (random) has 4 overlapping summary rows with medians [182.1, 208.6, 271.3, 193.5] (spread 89.2 ticks, 41.7%) -- averaging, widening whiskers to the union
  note: 115.694 MiB (random) has 4 overlapping summary rows with medians [277.9, 222.7, 190.2, 188.1] (spread 89.8 ticks, 40.9%) -- averaging, widening whiskers to the union
  note: 126.165 MiB (random) has 4 overlapping summary rows with medians [229.9, 236.4, 238.5, 184.1] (spread 54.3 ticks, 24.5%) -- averaging, widening whiskers to the union
  note: 129.862 MiB (random) has 4 overlapping summary rows with medians [241.0, 184.6, 195.0, 199.8] (spread 56.4 ticks, 27.5%) -- averaging, widening whiskers to the union
  note: 133.667 MiB (random) has 4 overlapping summary rows with medians [201.7, 238.6, 215.9, 184.0] (spread 54.6 ticks, 26.0%) -- averaging, widening whiskers to the union
  note: 135.611 MiB (random) has 4 overlapping summary rows with medians [245.5, 229.8, 230.1, 181.3] (spread 64.2 ticks, 29.0%) -- averaging, widening whiskers to the union
  note: 141.615 MiB (random) has 4 overlapping summary rows with medians [231.2, 240.0, 208.4, 259.4] (spread 50.9 ticks, 21.7%) -- averaging, widening whiskers to the union
  note: 145.765 MiB (random) has 4 overlapping summary rows with medians [210.9, 190.2, 239.9, 224.4] (spread 49.8 ticks, 23.0%) -- averaging, widening whiskers to the union
  note: 147.885 MiB (random) has 4 overlapping summary rows with medians [235.4, 281.6, 233.4, 232.3] (spread 49.3 ticks, 20.1%) -- averaging, widening whiskers to the union
  note: 150.036 MiB (random) has 4 overlapping summary rows with medians [188.1, 281.3, 227.7, 241.0] (spread 93.1 ticks, 39.7%) -- averaging, widening whiskers to the union
  note: 152.218 MiB (random) has 4 overlapping summary rows with medians [261.6, 236.9, 209.3, 201.1] (spread 60.5 ticks, 26.6%) -- averaging, widening whiskers to the union
  note: 156.679 MiB (random) has 4 overlapping summary rows with medians [218.7, 279.6, 219.5, 227.1] (spread 60.9 ticks, 25.8%) -- averaging, widening whiskers to the union
  note: 170.859 MiB (random) has 5 overlapping summary rows with medians [217.8, 294.1, 198.0, 212.6, 215.1] (spread 96.1 ticks, 42.3%) -- averaging, widening whiskers to the union
  note: 175.866 MiB (random) has 5 overlapping summary rows with medians [277.4, 228.2, 265.7, 287.7, 265.7] (spread 59.5 ticks, 22.5%) -- averaging, widening whiskers to the union
  note: 181.019 MiB (random) has 5 overlapping summary rows with medians [217.0, 203.6, 213.7, 207.8, 278.6] (spread 75.0 ticks, 33.5%) -- averaging, widening whiskers to the union
  note: 183.652 MiB (random) has 5 overlapping summary rows with medians [205.5, 217.8, 256.0, 229.2, 231.7] (spread 50.5 ticks, 22.1%) -- averaging, widening whiskers to the union
  note: 186.324 MiB (random) has 5 overlapping summary rows with medians [265.9, 198.8, 208.2, 212.2, 210.7] (spread 67.1 ticks, 30.6%) -- averaging, widening whiskers to the union
  note: 197.403 MiB (random) has 5 overlapping summary rows with medians [216.8, 209.7, 202.6, 229.6, 254.5] (spread 52.0 ticks, 23.4%) -- averaging, widening whiskers to the union
  note: 200.274 MiB (random) has 5 overlapping summary rows with medians [219.1, 260.5, 211.6, 215.2, 228.9] (spread 48.9 ticks, 21.5%) -- averaging, widening whiskers to the union
  note: 206.143 MiB (random) has 5 overlapping summary rows with medians [285.9, 227.9, 229.8, 208.2, 202.8] (spread 83.1 ticks, 36.0%) -- averaging, widening whiskers to the union
  note: 212.183 MiB (random) has 5 overlapping summary rows with medians [245.3, 232.1, 273.7, 215.0, 226.6] (spread 58.7 ticks, 24.6%) -- averaging, widening whiskers to the union
  note: 215.269 MiB (random) has 5 overlapping summary rows with medians [277.0, 208.6, 220.8, 210.0, 207.5] (spread 69.5 ticks, 30.9%) -- averaging, widening whiskers to the union
  note: 218.401 MiB (random) has 5 overlapping summary rows with medians [215.6, 220.1, 216.4, 268.7, 224.7] (spread 53.0 ticks, 23.2%) -- averaging, widening whiskers to the union
  note: 228.07 MiB (random) has 5 overlapping summary rows with medians [210.9, 226.7, 210.9, 284.2, 215.2] (spread 73.3 ticks, 31.9%) -- averaging, widening whiskers to the union
  note: 245.146 MiB (random) has 5 overlapping summary rows with medians [272.3, 234.6, 219.2, 239.6, 227.2] (spread 53.1 ticks, 22.3%) -- averaging, widening whiskers to the union
  note: 165.992 KiB (sequential) has 2 overlapping summary rows with medians [7.2, 18.5] (spread 11.3 ticks, 88.2%) -- averaging, widening whiskers to the union
  note: 5.18736 MiB (sequential) has 2 overlapping summary rows with medians [7.6, 11.7] (spread 4.1 ticks, 42.1%) -- averaging, widening whiskers to the union
  note: 10.3747 MiB (sequential) has 5 overlapping summary rows with medians [7.4, 8.0, 8.6, 8.0, 9.9] (spread 2.4 ticks, 28.9%) -- averaging, widening whiskers to the union
Wrote data_processed/hazel_icelake_8358/capacity_rerun3/capacity/plots/capacity_curve.pdf and .png
Wrote data_processed/hazel_icelake_8358/capacity_rerun3/capacity/plots/capacity_curve_random_only.pdf and .png
Wrote data_processed/hazel_icelake_8358/capacity_rerun3/capacity/plots/capacity_boxplots.pdf and .png
-- compressing raw CSVs --
== done ==
== plots: data_processed/hazel_icelake_8358/capacity_rerun3/capacity/plots/capacity_curve.{png,pdf}, data_processed/hazel_icelake_8358/capacity_rerun3/capacity/plots/capacity_boxplots.{png,pdf} ==
== detected boundaries (bytes): 1359832 43514712 87029424 ==
== record in data_raw/hazel_icelake_8358/capacity_rerun3/README.md: core=56, seed=12345, samples=1000000, timestamp=20260916T033804Z ==
== full transcript saved to: data_raw/hazel_icelake_8358/capacity_rerun3/capacity/run_capacity_full_20260916T033804Z.log ==

=== Done ===

------------------------------------------------------------
Resource usage summary:

    Job ID            : 847896
    Job name          : hw1_cap_relook
    User / Account    : krchen / ece592f26_cpu
    Partition / QOS   : compute_partners / short
    Submitted         : 2026-09-15T23:37:59
    Started           : 2026-09-15T23:38:02
    Wait time         : 3 sec
    Elapsed (wall)    : 00:52:26
    Nodes             : 1 (c059n04)
    CPUs allocated    : 1
    Tasks             : 1
    CPU time (total)  : 3127.38 sec  (user 3086.84, sys 40.54)
    CPU efficiency    : 99.4%
    Memory in use     : 523.98 MB  (sampled at job end; see seff for peak)
    Memory requested  : 8G
    Working directory : /gpfs_common/share01/titan/krchen/Proj1-Cache-Reverse-Engineering
    Exit code         : 0:0

    For final accounting (Slurm's MaxRSS, billing, etc.):  seff 847896
------------------------------------------------------------
