== run_associativity_stride_scan (EXPLORATORY, not a final result): machine=upgrade core=5 ==
== capacity_bytes=16777216 A_guess candidates=1,2,4,8,16,32,64,128,256,512 ==
== timestamp=20260912T020749Z ==
== samples=200000 (reduced), max_ways=24 (reduced), random pattern only, no repeats ==

-- A_guess=1 --
   stride=16777216 bytes (capacity/1), arena spans ~102400 pages
   wrote 4602 lines -> data_raw/upgrade/associativity/stride_scan/20260912T020749Z/stride_scan_a1_20260912T020749Z.csv
Wrote 23 summary rows to data_processed/upgrade/associativity/stride_scan/20260912T020749Z/a1_summary.csv
   detected knee: 4

-- A_guess=2 --
   stride=8388608 bytes (capacity/2), arena spans ~51200 pages
   wrote 4602 lines -> data_raw/upgrade/associativity/stride_scan/20260912T020749Z/stride_scan_a2_20260912T020749Z.csv
Wrote 23 summary rows to data_processed/upgrade/associativity/stride_scan/20260912T020749Z/a2_summary.csv
   detected knee: 4

-- A_guess=4 --
   stride=4194304 bytes (capacity/4), arena spans ~25600 pages
   wrote 4602 lines -> data_raw/upgrade/associativity/stride_scan/20260912T020749Z/stride_scan_a4_20260912T020749Z.csv
Wrote 23 summary rows to data_processed/upgrade/associativity/stride_scan/20260912T020749Z/a4_summary.csv
   detected knee: 4

-- A_guess=8 --
   stride=2097152 bytes (capacity/8), arena spans ~12800 pages
   wrote 4602 lines -> data_raw/upgrade/associativity/stride_scan/20260912T020749Z/stride_scan_a8_20260912T020749Z.csv
Wrote 23 summary rows to data_processed/upgrade/associativity/stride_scan/20260912T020749Z/a8_summary.csv
   detected knee: 4

-- A_guess=16 --
   stride=1048576 bytes (capacity/16), arena spans ~6400 pages
   wrote 4602 lines -> data_raw/upgrade/associativity/stride_scan/20260912T020749Z/stride_scan_a16_20260912T020749Z.csv
Wrote 23 summary rows to data_processed/upgrade/associativity/stride_scan/20260912T020749Z/a16_summary.csv
   detected knee: 4

-- A_guess=32 --
   stride=524288 bytes (capacity/32), arena spans ~3200 pages
   wrote 4602 lines -> data_raw/upgrade/associativity/stride_scan/20260912T020749Z/stride_scan_a32_20260912T020749Z.csv
Wrote 23 summary rows to data_processed/upgrade/associativity/stride_scan/20260912T020749Z/a32_summary.csv
   detected knee: 4

-- A_guess=64 --
   stride=262144 bytes (capacity/64), arena spans ~1600 pages
   wrote 4602 lines -> data_raw/upgrade/associativity/stride_scan/20260912T020749Z/stride_scan_a64_20260912T020749Z.csv
Wrote 23 summary rows to data_processed/upgrade/associativity/stride_scan/20260912T020749Z/a64_summary.csv
   detected knee: 4

-- A_guess=128 --
   stride=131072 bytes (capacity/128), arena spans ~800 pages
   wrote 4602 lines -> data_raw/upgrade/associativity/stride_scan/20260912T020749Z/stride_scan_a128_20260912T020749Z.csv
Wrote 23 summary rows to data_processed/upgrade/associativity/stride_scan/20260912T020749Z/a128_summary.csv
   detected knee: 4

-- A_guess=256 --
   stride=65536 bytes (capacity/256), arena spans ~400 pages
   wrote 4602 lines -> data_raw/upgrade/associativity/stride_scan/20260912T020749Z/stride_scan_a256_20260912T020749Z.csv
Wrote 23 summary rows to data_processed/upgrade/associativity/stride_scan/20260912T020749Z/a256_summary.csv
   detected knee: 4

-- A_guess=512 --
   stride=32768 bytes (capacity/512), arena spans ~200 pages
   wrote 4602 lines -> data_raw/upgrade/associativity/stride_scan/20260912T020749Z/stride_scan_a512_20260912T020749Z.csv
Wrote 23 summary rows to data_processed/upgrade/associativity/stride_scan/20260912T020749Z/a512_summary.csv
   detected knee: 8

== comparison table (data_processed/upgrade/associativity/stride_scan/20260912T020749Z/comparison.csv) ==
a_guess  stride_bytes  pages_in_arena  detected_ways  summary_csv
1        16777216      102400          4              data_processed/upgrade/associativity/stride_scan/20260912T020749Z/a1_summary.csv
2        8388608       51200           4              data_processed/upgrade/associativity/stride_scan/20260912T020749Z/a2_summary.csv
4        4194304       25600           4              data_processed/upgrade/associativity/stride_scan/20260912T020749Z/a4_summary.csv
8        2097152       12800           4              data_processed/upgrade/associativity/stride_scan/20260912T020749Z/a8_summary.csv
16       1048576       6400            4              data_processed/upgrade/associativity/stride_scan/20260912T020749Z/a16_summary.csv
32       524288        3200            4              data_processed/upgrade/associativity/stride_scan/20260912T020749Z/a32_summary.csv
64       262144        1600            4              data_processed/upgrade/associativity/stride_scan/20260912T020749Z/a64_summary.csv
128      131072        800             4              data_processed/upgrade/associativity/stride_scan/20260912T020749Z/a128_summary.csv
256      65536         400             4              data_processed/upgrade/associativity/stride_scan/20260912T020749Z/a256_summary.csv
512      32768         200             8              data_processed/upgrade/associativity/stride_scan/20260912T020749Z/a512_summary.csv

== self-consistency check ==
knee=4: recurs across A_guess=['1', '128', '16', '2', '256', '32', '4', '64', '8'] (pages_in_arena=['102400', '12800', '1600', '25600', '3200', '400', '51200', '6400', '800']) -- DIFFERENT page counts -- self-consistency evidence for a real signal

-- compressing raw CSVs --

== done (EXPLORATORY SCAN -- not a final result) ==
== full transcript: data_raw/upgrade/associativity/stride_scan/run_stride_scan_20260912T020749Z.log ==
== comparison table: data_processed/upgrade/associativity/stride_scan/20260912T020749Z/comparison.csv ==
