== run_associativity_full: machine=hazel_broadwell core=19 base_seed=12345 max_ways=40 ==
== timestamp=20260915T023857Z ==
-- using explicit cache_bytes override: 32768 262144 25874000 --

== level L1: cache_bytes=32768 ==
-- base sweep num_ways=2-40 --
  wrote 39002 lines -> data_raw/hazel_broadwell/associativity/L1/associativity_base_random_20260915T023857Z.csv (seed=12345)
  wrote 39002 lines -> data_raw/hazel_broadwell/associativity/L1/associativity_base_sequential_20260915T023857Z.csv (seed=12345)
Wrote 39 summary rows to data_processed/hazel_broadwell/associativity/L1/base_random_summary_20260915T023857Z.csv
Wrote 39 summary rows to data_processed/hazel_broadwell/associativity/L1/base_sequential_summary_20260915T023857Z.csv
-- detected associativity estimate: 8 --
  -- repeat 1/2 (seed=12346) --
  wrote 39002 lines -> data_raw/hazel_broadwell/associativity/L1/associativity_rep1_random_20260915T023857Z.csv (seed=12346)
  wrote 39002 lines -> data_raw/hazel_broadwell/associativity/L1/associativity_rep1_sequential_20260915T023857Z.csv (seed=12346)
Wrote 39 summary rows to data_processed/hazel_broadwell/associativity/L1/rep1_random_summary_20260915T023857Z.csv
Wrote 39 summary rows to data_processed/hazel_broadwell/associativity/L1/rep1_sequential_summary_20260915T023857Z.csv
     repeat 1 detected estimate: 9
  -- repeat 2/2 (seed=12347) --
  wrote 39002 lines -> data_raw/hazel_broadwell/associativity/L1/associativity_rep2_random_20260915T023857Z.csv (seed=12347)
  wrote 39002 lines -> data_raw/hazel_broadwell/associativity/L1/associativity_rep2_sequential_20260915T023857Z.csv (seed=12347)
Wrote 39 summary rows to data_processed/hazel_broadwell/associativity/L1/rep2_random_summary_20260915T023857Z.csv
Wrote 39 summary rows to data_processed/hazel_broadwell/associativity/L1/rep2_sequential_summary_20260915T023857Z.csv
     repeat 2 detected estimate: 8
WARNING: repeat(s) disagree with the base estimate (base=8,
         repeats=9 8) -- do NOT treat this level's
         associativity as resolved; investigate before citing a number.
-- generating plots for L1 --
  note: num_ways=2 (random) has 3 overlapping summary rows with medians [8.9, 18.5, 8.9] (spread 9.6 ticks, 79.6%) -- averaging, widening whiskers to the union
  note: num_ways=3 (random) has 3 overlapping summary rows with medians [8.9, 18.5, 8.9] (spread 9.6 ticks, 79.6%) -- averaging, widening whiskers to the union
  note: num_ways=4 (random) has 3 overlapping summary rows with medians [8.9, 18.5, 8.9] (spread 9.6 ticks, 79.6%) -- averaging, widening whiskers to the union
  note: num_ways=5 (random) has 3 overlapping summary rows with medians [8.9, 18.5, 8.9] (spread 9.6 ticks, 79.6%) -- averaging, widening whiskers to the union
  note: num_ways=6 (random) has 3 overlapping summary rows with medians [8.9, 28.9, 8.9] (spread 20.0 ticks, 128.7%) -- averaging, widening whiskers to the union
  note: num_ways=7 (random) has 3 overlapping summary rows with medians [11.4, 17.1, 8.9] (spread 8.2 ticks, 65.7%) -- averaging, widening whiskers to the union
  note: num_ways=8 (random) has 3 overlapping summary rows with medians [11.0, 17.1, 11.3] (spread 6.0 ticks, 45.9%) -- averaging, widening whiskers to the union
  note: num_ways=9 (random) has 3 overlapping summary rows with medians [17.2, 21.5, 21.0] (spread 4.3 ticks, 21.8%) -- averaging, widening whiskers to the union
  note: num_ways=8 (sequential) has 3 overlapping summary rows with medians [11.2, 8.9, 8.9] (spread 2.3 ticks, 24.2%) -- averaging, widening whiskers to the union
  note: num_ways=40 (sequential) has 3 overlapping summary rows with medians [27.4, 22.0, 22.0] (spread 5.4 ticks, 22.6%) -- averaging, widening whiskers to the union
Wrote data_processed/hazel_broadwell/associativity/L1/plots/associativity_curve.pdf and .png
Wrote data_processed/hazel_broadwell/associativity/L1/plots/associativity_boxplots.pdf and .png
-- compressing raw CSVs for L1 --

== level L2: cache_bytes=262144 ==
-- base sweep num_ways=2-40 --
  wrote 39002 lines -> data_raw/hazel_broadwell/associativity/L2/associativity_base_random_20260915T023857Z.csv (seed=12345)
  wrote 39002 lines -> data_raw/hazel_broadwell/associativity/L2/associativity_base_sequential_20260915T023857Z.csv (seed=12345)
Wrote 39 summary rows to data_processed/hazel_broadwell/associativity/L2/base_random_summary_20260915T023857Z.csv
Wrote 39 summary rows to data_processed/hazel_broadwell/associativity/L2/base_sequential_summary_20260915T023857Z.csv
-- detected associativity estimate: 3 --
  -- repeat 1/2 (seed=12346) --
  wrote 39002 lines -> data_raw/hazel_broadwell/associativity/L2/associativity_rep1_random_20260915T023857Z.csv (seed=12346)
  wrote 39002 lines -> data_raw/hazel_broadwell/associativity/L2/associativity_rep1_sequential_20260915T023857Z.csv (seed=12346)
Wrote 39 summary rows to data_processed/hazel_broadwell/associativity/L2/rep1_random_summary_20260915T023857Z.csv
Wrote 39 summary rows to data_processed/hazel_broadwell/associativity/L2/rep1_sequential_summary_20260915T023857Z.csv
     repeat 1 detected estimate: 4
  -- repeat 2/2 (seed=12347) --
  wrote 39002 lines -> data_raw/hazel_broadwell/associativity/L2/associativity_rep2_random_20260915T023857Z.csv (seed=12347)
  wrote 39002 lines -> data_raw/hazel_broadwell/associativity/L2/associativity_rep2_sequential_20260915T023857Z.csv (seed=12347)
Wrote 39 summary rows to data_processed/hazel_broadwell/associativity/L2/rep2_random_summary_20260915T023857Z.csv
Wrote 39 summary rows to data_processed/hazel_broadwell/associativity/L2/rep2_sequential_summary_20260915T023857Z.csv
     repeat 2 detected estimate: 4
WARNING: repeat(s) disagree with the base estimate (base=3,
         repeats=4 4) -- do NOT treat this level's
         associativity as resolved; investigate before citing a number.
-- generating plots for L2 --
  note: num_ways=4 (random) has 3 overlapping summary rows with medians [13.4, 9.0, 8.9] (spread 4.5 ticks, 42.8%) -- averaging, widening whiskers to the union
  note: num_ways=9 (random) has 3 overlapping summary rows with medians [10.8, 18.0, 22.0] (spread 11.2 ticks, 65.9%) -- averaging, widening whiskers to the union
  note: num_ways=10 (random) has 3 overlapping summary rows with medians [41.1, 38.9, 22.1] (spread 19.0 ticks, 55.9%) -- averaging, widening whiskers to the union
  note: num_ways=11 (random) has 3 overlapping summary rows with medians [38.6, 37.5, 22.0] (spread 16.6 ticks, 50.6%) -- averaging, widening whiskers to the union
  note: num_ways=12 (random) has 3 overlapping summary rows with medians [38.3, 37.6, 22.1] (spread 16.3 ticks, 49.8%) -- averaging, widening whiskers to the union
  note: num_ways=13 (random) has 3 overlapping summary rows with medians [37.3, 39.7, 22.0] (spread 17.7 ticks, 53.6%) -- averaging, widening whiskers to the union
  note: num_ways=14 (random) has 3 overlapping summary rows with medians [36.0, 38.4, 22.0] (spread 16.4 ticks, 51.1%) -- averaging, widening whiskers to the union
  note: num_ways=15 (random) has 3 overlapping summary rows with medians [36.6, 37.4, 22.1] (spread 15.3 ticks, 47.9%) -- averaging, widening whiskers to the union
  note: num_ways=16 (random) has 3 overlapping summary rows with medians [37.1, 36.6, 22.1] (spread 15.0 ticks, 47.1%) -- averaging, widening whiskers to the union
  note: num_ways=17 (random) has 3 overlapping summary rows with medians [42.5, 45.6, 32.9] (spread 12.7 ticks, 31.5%) -- averaging, widening whiskers to the union
  note: num_ways=18 (random) has 3 overlapping summary rows with medians [41.3, 45.2, 32.5] (spread 12.6 ticks, 31.9%) -- averaging, widening whiskers to the union
  note: num_ways=19 (random) has 3 overlapping summary rows with medians [39.7, 43.5, 32.5] (spread 11.0 ticks, 28.4%) -- averaging, widening whiskers to the union
  note: num_ways=20 (random) has 3 overlapping summary rows with medians [40.6, 42.9, 31.5] (spread 11.5 ticks, 29.9%) -- averaging, widening whiskers to the union
  note: num_ways=21 (random) has 3 overlapping summary rows with medians [39.7, 42.2, 30.9] (spread 11.2 ticks, 29.9%) -- averaging, widening whiskers to the union
  note: num_ways=22 (random) has 3 overlapping summary rows with medians [39.7, 41.1, 30.6] (spread 10.6 ticks, 28.4%) -- averaging, widening whiskers to the union
  note: num_ways=23 (random) has 3 overlapping summary rows with medians [38.9, 40.3, 32.2] (spread 8.1 ticks, 21.8%) -- averaging, widening whiskers to the union
  note: num_ways=24 (random) has 3 overlapping summary rows with medians [39.3, 39.6, 31.4] (spread 8.2 ticks, 22.2%) -- averaging, widening whiskers to the union
  note: num_ways=9 (sequential) has 3 overlapping summary rows with medians [10.9, 10.9, 17.8] (spread 7.0 ticks, 52.8%) -- averaging, widening whiskers to the union
  note: num_ways=10 (sequential) has 3 overlapping summary rows with medians [37.6, 15.1, 42.7] (spread 27.6 ticks, 86.7%) -- averaging, widening whiskers to the union
  note: num_ways=11 (sequential) has 3 overlapping summary rows with medians [41.3, 15.1, 41.1] (spread 26.1 ticks, 80.4%) -- averaging, widening whiskers to the union
  note: num_ways=12 (sequential) has 3 overlapping summary rows with medians [39.1, 15.1, 38.8] (spread 24.0 ticks, 77.3%) -- averaging, widening whiskers to the union
  note: num_ways=13 (sequential) has 3 overlapping summary rows with medians [40.0, 17.8, 38.7] (spread 22.2 ticks, 69.0%) -- averaging, widening whiskers to the union
  note: num_ways=14 (sequential) has 3 overlapping summary rows with medians [38.7, 18.1, 38.4] (spread 20.6 ticks, 64.9%) -- averaging, widening whiskers to the union
  note: num_ways=15 (sequential) has 3 overlapping summary rows with medians [37.6, 18.4, 37.2] (spread 19.2 ticks, 61.9%) -- averaging, widening whiskers to the union
  note: num_ways=16 (sequential) has 3 overlapping summary rows with medians [36.6, 18.6, 38.0] (spread 19.4 ticks, 62.5%) -- averaging, widening whiskers to the union
Wrote data_processed/hazel_broadwell/associativity/L2/plots/associativity_curve.pdf and .png
Wrote data_processed/hazel_broadwell/associativity/L2/plots/associativity_boxplots.pdf and .png
-- compressing raw CSVs for L2 --

== level L3_LLC: cache_bytes=25874000 ==
-- base sweep num_ways=2-40 --
Invalid associativity parameter values (--cache-bytes must be a multiple of 4096)
srun: error: c205n12: task 0: Exited with exit code 1
