== run_associativity_full: machine=hazel_broadwell core=22 base_seed=12345 max_ways=40 ==
== timestamp=20260915T024301Z ==
-- using explicit cache_bytes override: 32768 262144 25874432 --

== level L1: cache_bytes=32768 ==
-- base sweep num_ways=2-40 --
  wrote 39002 lines -> data_raw/hazel_broadwell/associativity/L1/associativity_base_random_20260915T024301Z.csv (seed=12345)
  wrote 39002 lines -> data_raw/hazel_broadwell/associativity/L1/associativity_base_sequential_20260915T024301Z.csv (seed=12345)
Wrote 39 summary rows to data_processed/hazel_broadwell/associativity/L1/base_random_summary_20260915T024301Z.csv
Wrote 39 summary rows to data_processed/hazel_broadwell/associativity/L1/base_sequential_summary_20260915T024301Z.csv
-- detected associativity estimate: 8 --
  -- repeat 1/2 (seed=12346) --
  wrote 39002 lines -> data_raw/hazel_broadwell/associativity/L1/associativity_rep1_random_20260915T024301Z.csv (seed=12346)
  wrote 39002 lines -> data_raw/hazel_broadwell/associativity/L1/associativity_rep1_sequential_20260915T024301Z.csv (seed=12346)
Wrote 39 summary rows to data_processed/hazel_broadwell/associativity/L1/rep1_random_summary_20260915T024301Z.csv
Wrote 39 summary rows to data_processed/hazel_broadwell/associativity/L1/rep1_sequential_summary_20260915T024301Z.csv
     repeat 1 detected estimate: 8
  -- repeat 2/2 (seed=12347) --
  wrote 39002 lines -> data_raw/hazel_broadwell/associativity/L1/associativity_rep2_random_20260915T024301Z.csv (seed=12347)
  wrote 39002 lines -> data_raw/hazel_broadwell/associativity/L1/associativity_rep2_sequential_20260915T024301Z.csv (seed=12347)
Wrote 39 summary rows to data_processed/hazel_broadwell/associativity/L1/rep2_random_summary_20260915T024301Z.csv
Wrote 39 summary rows to data_processed/hazel_broadwell/associativity/L1/rep2_sequential_summary_20260915T024301Z.csv
     repeat 2 detected estimate: 8
-- generating plots for L1 --
  note: num_ways=7 (random) has 3 overlapping summary rows with medians [8.9, 11.4, 8.9] (spread 2.5 ticks, 25.9%) -- averaging, widening whiskers to the union
  note: num_ways=8 (random) has 3 overlapping summary rows with medians [8.9, 11.2, 8.9] (spread 2.4 ticks, 24.4%) -- averaging, widening whiskers to the union
  note: num_ways=8 (sequential) has 3 overlapping summary rows with medians [12.8, 8.9, 8.9] (spread 3.9 ticks, 38.6%) -- averaging, widening whiskers to the union
  note: num_ways=32 (sequential) has 3 overlapping summary rows with medians [21.7, 28.9, 22.1] (spread 7.2 ticks, 29.9%) -- averaging, widening whiskers to the union
  note: num_ways=33 (sequential) has 3 overlapping summary rows with medians [21.8, 28.7, 22.1] (spread 6.9 ticks, 28.6%) -- averaging, widening whiskers to the union
  note: num_ways=34 (sequential) has 3 overlapping summary rows with medians [21.7, 28.5, 22.1] (spread 6.7 ticks, 27.9%) -- averaging, widening whiskers to the union
  note: num_ways=35 (sequential) has 3 overlapping summary rows with medians [21.8, 28.3, 22.1] (spread 6.5 ticks, 27.0%) -- averaging, widening whiskers to the union
  note: num_ways=36 (sequential) has 3 overlapping summary rows with medians [21.8, 28.1, 22.1] (spread 6.3 ticks, 26.4%) -- averaging, widening whiskers to the union
  note: num_ways=37 (sequential) has 3 overlapping summary rows with medians [21.8, 27.9, 22.1] (spread 6.1 ticks, 25.6%) -- averaging, widening whiskers to the union
  note: num_ways=38 (sequential) has 3 overlapping summary rows with medians [21.8, 27.8, 22.1] (spread 6.0 ticks, 24.9%) -- averaging, widening whiskers to the union
  note: num_ways=39 (sequential) has 3 overlapping summary rows with medians [21.8, 27.6, 22.1] (spread 5.8 ticks, 24.4%) -- averaging, widening whiskers to the union
  note: num_ways=40 (sequential) has 3 overlapping summary rows with medians [21.8, 27.2, 22.1] (spread 5.4 ticks, 22.8%) -- averaging, widening whiskers to the union
Wrote data_processed/hazel_broadwell/associativity/L1/plots/associativity_curve.pdf and .png
Wrote data_processed/hazel_broadwell/associativity/L1/plots/associativity_boxplots.pdf and .png
-- compressing raw CSVs for L1 --

== level L2: cache_bytes=262144 ==
-- base sweep num_ways=2-40 --
  wrote 39002 lines -> data_raw/hazel_broadwell/associativity/L2/associativity_base_random_20260915T024301Z.csv (seed=12345)
  wrote 39002 lines -> data_raw/hazel_broadwell/associativity/L2/associativity_base_sequential_20260915T024301Z.csv (seed=12345)
Wrote 39 summary rows to data_processed/hazel_broadwell/associativity/L2/base_random_summary_20260915T024301Z.csv
Wrote 39 summary rows to data_processed/hazel_broadwell/associativity/L2/base_sequential_summary_20260915T024301Z.csv
-- detected associativity estimate: 4 --
  -- repeat 1/2 (seed=12346) --
  wrote 39002 lines -> data_raw/hazel_broadwell/associativity/L2/associativity_rep1_random_20260915T024301Z.csv (seed=12346)
  wrote 39002 lines -> data_raw/hazel_broadwell/associativity/L2/associativity_rep1_sequential_20260915T024301Z.csv (seed=12346)
Wrote 39 summary rows to data_processed/hazel_broadwell/associativity/L2/rep1_random_summary_20260915T024301Z.csv
Wrote 39 summary rows to data_processed/hazel_broadwell/associativity/L2/rep1_sequential_summary_20260915T024301Z.csv
     repeat 1 detected estimate: 4
  -- repeat 2/2 (seed=12347) --
  wrote 39002 lines -> data_raw/hazel_broadwell/associativity/L2/associativity_rep2_random_20260915T024301Z.csv (seed=12347)
  wrote 39002 lines -> data_raw/hazel_broadwell/associativity/L2/associativity_rep2_sequential_20260915T024301Z.csv (seed=12347)
Wrote 39 summary rows to data_processed/hazel_broadwell/associativity/L2/rep2_random_summary_20260915T024301Z.csv
Wrote 39 summary rows to data_processed/hazel_broadwell/associativity/L2/rep2_sequential_summary_20260915T024301Z.csv
     repeat 2 detected estimate: 4
-- generating plots for L2 --
  note: num_ways=15 (random) has 3 overlapping summary rows with medians [18.3, 18.3, 34.7] (spread 16.4 ticks, 69.0%) -- averaging, widening whiskers to the union
  note: num_ways=16 (random) has 3 overlapping summary rows with medians [34.1, 18.5, 34.8] (spread 16.3 ticks, 55.9%) -- averaging, widening whiskers to the union
  note: num_ways=15 (sequential) has 3 overlapping summary rows with medians [18.3, 35.3, 36.5] (spread 18.2 ticks, 60.5%) -- averaging, widening whiskers to the union
Wrote data_processed/hazel_broadwell/associativity/L2/plots/associativity_curve.pdf and .png
Wrote data_processed/hazel_broadwell/associativity/L2/plots/associativity_boxplots.pdf and .png
-- compressing raw CSVs for L2 --

== level L3_LLC: cache_bytes=25874432 ==
-- base sweep num_ways=2-40 --
  wrote 39002 lines -> data_raw/hazel_broadwell/associativity/L3_LLC/associativity_base_random_20260915T024301Z.csv (seed=12345)
  wrote 39002 lines -> data_raw/hazel_broadwell/associativity/L3_LLC/associativity_base_sequential_20260915T024301Z.csv (seed=12345)
Wrote 39 summary rows to data_processed/hazel_broadwell/associativity/L3_LLC/base_random_summary_20260915T024301Z.csv
Wrote 39 summary rows to data_processed/hazel_broadwell/associativity/L3_LLC/base_sequential_summary_20260915T024301Z.csv
-- detected associativity estimate: 9 --
  -- repeat 1/2 (seed=12346) --
  wrote 39002 lines -> data_raw/hazel_broadwell/associativity/L3_LLC/associativity_rep1_random_20260915T024301Z.csv (seed=12346)
  wrote 39002 lines -> data_raw/hazel_broadwell/associativity/L3_LLC/associativity_rep1_sequential_20260915T024301Z.csv (seed=12346)
Wrote 39 summary rows to data_processed/hazel_broadwell/associativity/L3_LLC/rep1_random_summary_20260915T024301Z.csv
Wrote 39 summary rows to data_processed/hazel_broadwell/associativity/L3_LLC/rep1_sequential_summary_20260915T024301Z.csv
     repeat 1 detected estimate: none
  -- repeat 2/2 (seed=12347) --
  wrote 39002 lines -> data_raw/hazel_broadwell/associativity/L3_LLC/associativity_rep2_random_20260915T024301Z.csv (seed=12347)
  wrote 39002 lines -> data_raw/hazel_broadwell/associativity/L3_LLC/associativity_rep2_sequential_20260915T024301Z.csv (seed=12347)
Wrote 39 summary rows to data_processed/hazel_broadwell/associativity/L3_LLC/rep2_random_summary_20260915T024301Z.csv
Wrote 39 summary rows to data_processed/hazel_broadwell/associativity/L3_LLC/rep2_sequential_summary_20260915T024301Z.csv
     repeat 2 detected estimate: 9
WARNING: repeat(s) disagree with the base estimate (base=9,
         repeats=none 9) -- do NOT treat this level's
         associativity as resolved; investigate before citing a number.
-- generating plots for L3_LLC --
  note: num_ways=2 (random) has 3 overlapping summary rows with medians [8.9, 18.5, 8.9] (spread 9.6 ticks, 79.6%) -- averaging, widening whiskers to the union
  note: num_ways=3 (random) has 3 overlapping summary rows with medians [8.9, 18.5, 8.9] (spread 9.6 ticks, 79.6%) -- averaging, widening whiskers to the union
  note: num_ways=4 (random) has 3 overlapping summary rows with medians [8.9, 18.5, 8.9] (spread 9.6 ticks, 79.6%) -- averaging, widening whiskers to the union
  note: num_ways=5 (random) has 3 overlapping summary rows with medians [8.9, 18.5, 8.9] (spread 9.6 ticks, 79.6%) -- averaging, widening whiskers to the union
  note: num_ways=6 (random) has 3 overlapping summary rows with medians [8.9, 18.5, 8.9] (spread 9.6 ticks, 79.6%) -- averaging, widening whiskers to the union
  note: num_ways=7 (random) has 3 overlapping summary rows with medians [8.9, 18.5, 8.9] (spread 9.6 ticks, 79.6%) -- averaging, widening whiskers to the union
  note: num_ways=8 (random) has 3 overlapping summary rows with medians [8.9, 18.5, 8.9] (spread 9.6 ticks, 79.6%) -- averaging, widening whiskers to the union
  note: num_ways=9 (random) has 3 overlapping summary rows with medians [10.8, 15.1, 10.8] (spread 4.2 ticks, 34.4%) -- averaging, widening whiskers to the union
Wrote data_processed/hazel_broadwell/associativity/L3_LLC/plots/associativity_curve.pdf and .png
Wrote data_processed/hazel_broadwell/associativity/L3_LLC/plots/associativity_boxplots.pdf and .png
-- compressing raw CSVs for L3_LLC --

== done ==
== L1: cache_bytes=32768 -> associativity=8 (repeats: 8 8) ==
== L2: cache_bytes=262144 -> associativity=4 (repeats: 4 4) ==
== L3_LLC: cache_bytes=25874432 -> associativity=9 (repeats: none 9) ==
== record in data_raw/hazel_broadwell/README.md: core=22, base_seed=12345 (repeats use base_seed+index), samples=1000000, max_ways=40, timestamp=20260915T024301Z ==
== full transcript saved to: data_raw/hazel_broadwell/associativity/run_associativity_full_20260915T024301Z.log ==
