== run_associativity_full: machine=crux core=7 base_seed=12345 max_ways=40 ==
== timestamp=20260912T225213Z ==
-- using explicit cache_bytes override: 32768 262144 8388608 --

== level L1: cache_bytes=32768 ==
-- base sweep num_ways=2-40 --
  wrote 39002 lines -> data_raw/crux/associativity/L1/associativity_base_random_20260912T225213Z.csv (seed=12345)
  wrote 39002 lines -> data_raw/crux/associativity/L1/associativity_base_sequential_20260912T225213Z.csv (seed=12345)
Wrote 39 summary rows to data_processed/crux/associativity/L1/base_random_summary_20260912T225213Z.csv
Wrote 39 summary rows to data_processed/crux/associativity/L1/base_sequential_summary_20260912T225213Z.csv
-- detected associativity estimate: 8 --
  -- repeat 1/2 (seed=12346) --
  wrote 39002 lines -> data_raw/crux/associativity/L1/associativity_rep1_random_20260912T225213Z.csv (seed=12346)
  wrote 39002 lines -> data_raw/crux/associativity/L1/associativity_rep1_sequential_20260912T225213Z.csv (seed=12346)
Wrote 39 summary rows to data_processed/crux/associativity/L1/rep1_random_summary_20260912T225213Z.csv
Wrote 39 summary rows to data_processed/crux/associativity/L1/rep1_sequential_summary_20260912T225213Z.csv
     repeat 1 detected estimate: 8
  -- repeat 2/2 (seed=12347) --
  wrote 39002 lines -> data_raw/crux/associativity/L1/associativity_rep2_random_20260912T225213Z.csv (seed=12347)
  wrote 39002 lines -> data_raw/crux/associativity/L1/associativity_rep2_sequential_20260912T225213Z.csv (seed=12347)
Wrote 39 summary rows to data_processed/crux/associativity/L1/rep2_random_summary_20260912T225213Z.csv
Wrote 39 summary rows to data_processed/crux/associativity/L1/rep2_sequential_summary_20260912T225213Z.csv
     repeat 2 detected estimate: 8
-- generating plots for L1 --
  note: num_ways=2 (sequential) has 3 overlapping summary rows with medians [15.8, 5.5, 5.5] (spread 10.3 ticks, 115.2%) -- averaging, widening whiskers to the union
  note: num_ways=3 (sequential) has 3 overlapping summary rows with medians [12.6, 5.5, 5.5] (spread 7.1 ticks, 90.4%) -- averaging, widening whiskers to the union
  note: num_ways=4 (sequential) has 3 overlapping summary rows with medians [10.5, 5.5, 5.5] (spread 5.0 ticks, 70.1%) -- averaging, widening whiskers to the union
  note: num_ways=5 (sequential) has 3 overlapping summary rows with medians [9.0, 5.5, 5.5] (spread 3.5 ticks, 52.9%) -- averaging, widening whiskers to the union
  note: num_ways=6 (sequential) has 3 overlapping summary rows with medians [7.9, 5.5, 5.5] (spread 2.4 ticks, 38.2%) -- averaging, widening whiskers to the union
  note: num_ways=7 (sequential) has 3 overlapping summary rows with medians [7.9, 5.5, 5.5] (spread 2.4 ticks, 38.1%) -- averaging, widening whiskers to the union
  note: num_ways=8 (sequential) has 3 overlapping summary rows with medians [7.0, 5.5, 5.5] (spread 1.5 ticks, 25.5%) -- averaging, widening whiskers to the union
  note: num_ways=28 (sequential) has 3 overlapping summary rows with medians [15.9, 15.9, 20.1] (spread 4.2 ticks, 24.5%) -- averaging, widening whiskers to the union
  note: num_ways=29 (sequential) has 3 overlapping summary rows with medians [17.9, 15.9, 23.1] (spread 7.2 ticks, 37.9%) -- averaging, widening whiskers to the union
  note: num_ways=30 (sequential) has 3 overlapping summary rows with medians [17.9, 15.9, 24.1] (spread 8.2 ticks, 42.4%) -- averaging, widening whiskers to the union
  note: num_ways=31 (sequential) has 3 overlapping summary rows with medians [17.8, 15.9, 26.6] (spread 10.7 ticks, 53.1%) -- averaging, widening whiskers to the union
  note: num_ways=32 (sequential) has 3 overlapping summary rows with medians [17.8, 15.9, 26.3] (spread 10.4 ticks, 51.9%) -- averaging, widening whiskers to the union
  note: num_ways=33 (sequential) has 3 overlapping summary rows with medians [17.7, 15.9, 26.9] (spread 11.0 ticks, 54.4%) -- averaging, widening whiskers to the union
  note: num_ways=34 (sequential) has 3 overlapping summary rows with medians [17.6, 15.9, 29.8] (spread 13.9 ticks, 65.7%) -- averaging, widening whiskers to the union
  note: num_ways=35 (sequential) has 3 overlapping summary rows with medians [17.6, 17.6, 28.2] (spread 10.6 ticks, 50.2%) -- averaging, widening whiskers to the union
  note: num_ways=36 (sequential) has 3 overlapping summary rows with medians [18.7, 17.5, 28.1] (spread 10.6 ticks, 49.4%) -- averaging, widening whiskers to the union
  note: num_ways=37 (sequential) has 3 overlapping summary rows with medians [18.6, 17.5, 27.9] (spread 10.4 ticks, 49.0%) -- averaging, widening whiskers to the union
  note: num_ways=38 (sequential) has 3 overlapping summary rows with medians [19.1, 18.9, 27.8] (spread 8.9 ticks, 40.4%) -- averaging, widening whiskers to the union
  note: num_ways=39 (sequential) has 3 overlapping summary rows with medians [18.5, 18.9, 28.4] (spread 9.9 ticks, 45.1%) -- averaging, widening whiskers to the union
  note: num_ways=40 (sequential) has 3 overlapping summary rows with medians [18.4, 18.8, 26.7] (spread 8.3 ticks, 39.2%) -- averaging, widening whiskers to the union
Wrote data_processed/crux/associativity/L1/plots/associativity_curve.pdf and .png
Wrote data_processed/crux/associativity/L1/plots/associativity_boxplots.pdf and .png
-- compressing raw CSVs for L1 --

== level L2: cache_bytes=262144 ==
-- base sweep num_ways=2-40 --
  wrote 39002 lines -> data_raw/crux/associativity/L2/associativity_base_random_20260912T225213Z.csv (seed=12345)
  wrote 39002 lines -> data_raw/crux/associativity/L2/associativity_base_sequential_20260912T225213Z.csv (seed=12345)
Wrote 39 summary rows to data_processed/crux/associativity/L2/base_random_summary_20260912T225213Z.csv
Wrote 39 summary rows to data_processed/crux/associativity/L2/base_sequential_summary_20260912T225213Z.csv
-- detected associativity estimate: 4 --
  -- repeat 1/2 (seed=12346) --
  wrote 39002 lines -> data_raw/crux/associativity/L2/associativity_rep1_random_20260912T225213Z.csv (seed=12346)
  wrote 39002 lines -> data_raw/crux/associativity/L2/associativity_rep1_sequential_20260912T225213Z.csv (seed=12346)
Wrote 39 summary rows to data_processed/crux/associativity/L2/rep1_random_summary_20260912T225213Z.csv
Wrote 39 summary rows to data_processed/crux/associativity/L2/rep1_sequential_summary_20260912T225213Z.csv
     repeat 1 detected estimate: 4
  -- repeat 2/2 (seed=12347) --
  wrote 39002 lines -> data_raw/crux/associativity/L2/associativity_rep2_random_20260912T225213Z.csv (seed=12347)
  wrote 39002 lines -> data_raw/crux/associativity/L2/associativity_rep2_sequential_20260912T225213Z.csv (seed=12347)
Wrote 39 summary rows to data_processed/crux/associativity/L2/rep2_random_summary_20260912T225213Z.csv
Wrote 39 summary rows to data_processed/crux/associativity/L2/rep2_sequential_summary_20260912T225213Z.csv
     repeat 2 detected estimate: 4
-- generating plots for L2 --
  note: num_ways=21 (random) has 3 overlapping summary rows with medians [21.8, 15.9, 15.9] (spread 5.9 ticks, 33.2%) -- averaging, widening whiskers to the union
  note: num_ways=22 (random) has 3 overlapping summary rows with medians [19.7, 15.9, 16.3] (spread 3.8 ticks, 22.2%) -- averaging, widening whiskers to the union
  note: num_ways=23 (random) has 3 overlapping summary rows with medians [21.4, 18.4, 16.2] (spread 5.1 ticks, 27.5%) -- averaging, widening whiskers to the union
  note: num_ways=24 (random) has 3 overlapping summary rows with medians [21.1, 18.3, 16.3] (spread 4.8 ticks, 25.8%) -- averaging, widening whiskers to the union
  note: num_ways=25 (random) has 3 overlapping summary rows with medians [20.0, 18.2, 16.3] (spread 3.7 ticks, 20.6%) -- averaging, widening whiskers to the union
  note: num_ways=26 (random) has 3 overlapping summary rows with medians [20.7, 18.1, 16.3] (spread 4.5 ticks, 24.3%) -- averaging, widening whiskers to the union
  note: num_ways=28 (random) has 3 overlapping summary rows with medians [21.3, 17.9, 16.2] (spread 5.0 ticks, 27.3%) -- averaging, widening whiskers to the union
Wrote data_processed/crux/associativity/L2/plots/associativity_curve.pdf and .png
Wrote data_processed/crux/associativity/L2/plots/associativity_boxplots.pdf and .png
-- compressing raw CSVs for L2 --

== level L3_LLC: cache_bytes=8388608 ==
-- base sweep num_ways=2-40 --
  wrote 39002 lines -> data_raw/crux/associativity/L3_LLC/associativity_base_random_20260912T225213Z.csv (seed=12345)
  wrote 39002 lines -> data_raw/crux/associativity/L3_LLC/associativity_base_sequential_20260912T225213Z.csv (seed=12345)
Wrote 39 summary rows to data_processed/crux/associativity/L3_LLC/base_random_summary_20260912T225213Z.csv
Wrote 39 summary rows to data_processed/crux/associativity/L3_LLC/base_sequential_summary_20260912T225213Z.csv
-- detected associativity estimate: 4 --
  -- repeat 1/2 (seed=12346) --
  wrote 39002 lines -> data_raw/crux/associativity/L3_LLC/associativity_rep1_random_20260912T225213Z.csv (seed=12346)
  wrote 39002 lines -> data_raw/crux/associativity/L3_LLC/associativity_rep1_sequential_20260912T225213Z.csv (seed=12346)
Wrote 39 summary rows to data_processed/crux/associativity/L3_LLC/rep1_random_summary_20260912T225213Z.csv
Wrote 39 summary rows to data_processed/crux/associativity/L3_LLC/rep1_sequential_summary_20260912T225213Z.csv
     repeat 1 detected estimate: 4
  -- repeat 2/2 (seed=12347) --
  wrote 39002 lines -> data_raw/crux/associativity/L3_LLC/associativity_rep2_random_20260912T225213Z.csv (seed=12347)
  wrote 39002 lines -> data_raw/crux/associativity/L3_LLC/associativity_rep2_sequential_20260912T225213Z.csv (seed=12347)
Wrote 39 summary rows to data_processed/crux/associativity/L3_LLC/rep2_random_summary_20260912T225213Z.csv
Wrote 39 summary rows to data_processed/crux/associativity/L3_LLC/rep2_sequential_summary_20260912T225213Z.csv
     repeat 2 detected estimate: 4
-- generating plots for L3_LLC --
  note: num_ways=33 (random) has 3 overlapping summary rows with medians [17.8, 15.9, 20.1] (spread 4.2 ticks, 23.3%) -- averaging, widening whiskers to the union
  note: num_ways=34 (random) has 3 overlapping summary rows with medians [17.7, 15.9, 20.1] (spread 4.2 ticks, 23.5%) -- averaging, widening whiskers to the union
  note: num_ways=35 (random) has 3 overlapping summary rows with medians [17.7, 15.9, 19.9] (spread 4.0 ticks, 22.4%) -- averaging, widening whiskers to the union
  note: num_ways=36 (random) has 3 overlapping summary rows with medians [17.6, 15.9, 19.9] (spread 4.0 ticks, 22.2%) -- averaging, widening whiskers to the union
  note: num_ways=37 (random) has 3 overlapping summary rows with medians [17.6, 15.9, 19.7] (spread 3.7 ticks, 21.1%) -- averaging, widening whiskers to the union
  note: num_ways=38 (random) has 3 overlapping summary rows with medians [17.5, 15.9, 19.6] (spread 3.6 ticks, 20.6%) -- averaging, widening whiskers to the union
  note: num_ways=39 (random) has 3 overlapping summary rows with medians [17.5, 15.9, 21.1] (spread 5.2 ticks, 28.5%) -- averaging, widening whiskers to the union
  note: num_ways=4 (sequential) has 3 overlapping summary rows with medians [5.5, 8.5, 5.5] (spread 3.0 ticks, 46.0%) -- averaging, widening whiskers to the union
Wrote data_processed/crux/associativity/L3_LLC/plots/associativity_curve.pdf and .png
Wrote data_processed/crux/associativity/L3_LLC/plots/associativity_boxplots.pdf and .png
-- compressing raw CSVs for L3_LLC --

== done ==
== L1: cache_bytes=32768 -> associativity=8 (repeats: 8 8) ==
== L2: cache_bytes=262144 -> associativity=4 (repeats: 4 4) ==
== L3_LLC: cache_bytes=8388608 -> associativity=4 (repeats: 4 4) ==
== record in data_raw/crux/README.md: core=7, base_seed=12345 (repeats use base_seed+index), samples=1000000, max_ways=40, timestamp=20260912T225213Z ==
== full transcript saved to: data_raw/crux/associativity/run_associativity_full_20260912T225213Z.log ==
