=== Machine identification (Phase Discipline whitelist only) ===
c025n01
Linux c025n01 5.14.0-611.5.1.el9_7.x86_64 #1 SMP PREEMPT_DYNAMIC Fri Oct 17 14:16:35 EDT 2025 x86_64 x86_64 x86_64 GNU/Linux
model name	: Intel(R) Xeon(R) Gold 6226R CPU @ 2.90GHz
Assigned logical CPU: 16, SLURM_JOB_ID=848679

=== Running scripts/run_software_hit_rate_sweep.sh (HAZEL_MODE=1) for hazel_cascadelake/phase1_v2 ===
== run_software_hit_rate_sweep: machine=hazel_cascadelake/phase1_v2 core=16 seed=12345 ==
== boundaries=L1:32768,L2:1048576,LLC:16777216,DRAM:536870912 ==
== timestamp=20260916T042807Z ==
== test_bytes=4096 ==
  # result tau_ticks=100.0000 sensitivity=0.9935 specificity=0.9987 p_obs=0.9992 Hhat=1.0000 ci_lower=1.0000 ci_upper=1.0000 bootstrap_mean=1.0000 bootstrap_std=0.0000 bootstrap_reps=2000
== test_bytes=16384 ==
  # result tau_ticks=238.0000 sensitivity=0.9939 specificity=0.9986 p_obs=1.0000 Hhat=1.0000 ci_lower=1.0000 ci_upper=1.0000 bootstrap_mean=1.0000 bootstrap_std=0.0000 bootstrap_reps=2000
== test_bytes=32768 ==
  # result tau_ticks=208.0000 sensitivity=0.9938 specificity=0.9982 p_obs=1.0000 Hhat=1.0000 ci_lower=1.0000 ci_upper=1.0000 bootstrap_mean=1.0000 bootstrap_std=0.0000 bootstrap_reps=2000
== test_bytes=65536 ==
  # result tau_ticks=72.0000 sensitivity=0.9935 specificity=0.9987 p_obs=0.9998 Hhat=1.0000 ci_lower=1.0000 ci_upper=1.0000 bootstrap_mean=1.0000 bootstrap_std=0.0000 bootstrap_reps=2000
== test_bytes=131072 ==
  # result tau_ticks=70.0000 sensitivity=0.9935 specificity=0.9989 p_obs=1.0000 Hhat=1.0000 ci_lower=1.0000 ci_upper=1.0000 bootstrap_mean=1.0000 bootstrap_std=0.0000 bootstrap_reps=2000
== test_bytes=262144 ==
  # result tau_ticks=194.0000 sensitivity=0.9938 specificity=0.9987 p_obs=0.9994 Hhat=1.0000 ci_lower=1.0000 ci_upper=1.0000 bootstrap_mean=1.0000 bootstrap_std=0.0003 bootstrap_reps=2000
== test_bytes=1048576 ==
srun: Job step aborted: Waiting up to 32 seconds for job step to finish.
[2026-09-16T00:31:52.561] error: *** STEP 848679.6 ON c025n01 CANCELLED AT 2026-09-16T00:31:52 DUE to SIGNAL Terminated ***
srun: error: c025n01: task 0: Terminated

------------------------------------------------------------
Resource usage summary:

    Job ID            : 848679
    Job name          : hw1_swhitrate_relook
    User / Account    : krchen / ece592f26_cpu
    Partition / QOS   : compute_partners / short
    Submitted         : 2026-09-16T00:27:52
    Started           : 2026-09-16T00:28:06
    Wait time         : 14 sec
    Elapsed (wall)    : 00:03:46
    Nodes             : 1 (c025n01)
    CPUs allocated    : 1
    Tasks             : 1
    CPU time (total)  : 199.15 sec  (user 190.75, sys 8.40)
    CPU efficiency    : 88.1%
    Memory in use     : 1.05 GB  (sampled at job end; see seff for peak)
    Memory requested  : 8G
    Working directory : /gpfs_common/share01/titan/krchen/Proj1-Cache-Reverse-Engineering
    Exit code         : 0:0

    For final accounting (Slurm's MaxRSS, billing, etc.):  seff 848679
------------------------------------------------------------
