=== Machine identification (Phase Discipline whitelist only) ===
c022n01
Linux c022n01 5.14.0-611.5.1.el9_7.x86_64 #1 SMP PREEMPT_DYNAMIC Fri Oct 17 14:16:35 EDT 2025 x86_64 x86_64 x86_64 GNU/Linux
model name	: Intel(R) Xeon(R) Gold 6226R CPU @ 2.90GHz
CPU CORE SOCKET NODE
  0    0      0    0
  1    1      0    0
  2    2      0    0
  3    3      0    0
  4    4      0    0
  5    5      0    0
  6    6      0    0
  7    7      0    0
  8    8      0    0
  9    9      0    0
 10   10      0    0
 11   11      0    0
 12   12      0    0
 13   13      0    0
 14   14      0    0
 15   15      0    0
 16   16      1    1
 17   17      1    1
 18   18      1    1
 19   19      1    1
 20   20      1    1
 21   21      1    1
 22   22      1    1
 23   23      1    1
 24   24      1    1
 25   25      1    1
 26   26      1    1
 27   27      1    1
 28   28      1    1
 29   29      1    1
 30   30      1    1
 31   31      1    1
Assigned logical CPU (physcpubind, informational -- srun --cpu-bind=cores does the real pinning): 20
SLURM_JOB_ID=837631

=== Phase Discipline gate check: is predictions-frozen an ancestor of HEAD? ===
OK -- predictions-frozen confirmed ancestor of HEAD, proceeding.

=== Running scripts/run_capacity_full.sh (HAZEL_MODE=1) ===
== run_capacity_full: machine=hazel_cascadelake core=20 coarse_max=67108864 seed=12345 ==
== timestamp=20260915T010343Z ==
-- coarse sweep 1024-67108864 bytes --
  wrote 129002 lines -> data_raw/hazel_cascadelake/capacity/capacity_coarse_random_20260915T010343Z.csv
  wrote 129002 lines -> data_raw/hazel_cascadelake/capacity/capacity_coarse_sequential_20260915T010343Z.csv
Wrote 129 summary rows to data_processed/hazel_cascadelake/capacity/coarse_random_summary.csv
Wrote 129 summary rows to data_processed/hazel_cascadelake/capacity/coarse_sequential_summary.csv
-- tail-extension sweep 67108864-268435456 bytes --
  wrote 17002 lines -> data_raw/hazel_cascadelake/capacity/capacity_coarse_ext_random_20260915T010343Z.csv
  wrote 17002 lines -> data_raw/hazel_cascadelake/capacity/capacity_coarse_ext_sequential_20260915T010343Z.csv
Wrote 17 summary rows to data_processed/hazel_cascadelake/capacity/coarse_ext_random_summary.csv
Wrote 17 summary rows to data_processed/hazel_cascadelake/capacity/coarse_ext_sequential_summary.csv
-- detected boundaries (bytes): 808560 1246968 4194304 5439336 9975792 --
-- dense sweep around boundary 808560 bytes: 101070-6468480 --
  wrote 289002 lines -> data_raw/hazel_cascadelake/capacity/capacity_dense0_random_20260915T010343Z.csv
  wrote 289002 lines -> data_raw/hazel_cascadelake/capacity/capacity_dense0_sequential_20260915T010343Z.csv
Wrote 289 summary rows to data_processed/hazel_cascadelake/capacity/dense0_random_summary.csv
Wrote 289 summary rows to data_processed/hazel_cascadelake/capacity/dense0_sequential_summary.csv
-- dense sweep around boundary 1246968 bytes: 155871-9975744 --
  wrote 289002 lines -> data_raw/hazel_cascadelake/capacity/capacity_dense1_random_20260915T010343Z.csv
  wrote 289002 lines -> data_raw/hazel_cascadelake/capacity/capacity_dense1_sequential_20260915T010343Z.csv
Wrote 289 summary rows to data_processed/hazel_cascadelake/capacity/dense1_random_summary.csv
Wrote 289 summary rows to data_processed/hazel_cascadelake/capacity/dense1_sequential_summary.csv
-- dense sweep around boundary 4194304 bytes: 524288-33554432 --
  wrote 289002 lines -> data_raw/hazel_cascadelake/capacity/capacity_dense2_random_20260915T010343Z.csv
  wrote 289002 lines -> data_raw/hazel_cascadelake/capacity/capacity_dense2_sequential_20260915T010343Z.csv
Wrote 289 summary rows to data_processed/hazel_cascadelake/capacity/dense2_random_summary.csv
Wrote 289 summary rows to data_processed/hazel_cascadelake/capacity/dense2_sequential_summary.csv
-- dense sweep around boundary 5439336 bytes: 679917-43514688 --
  wrote 289002 lines -> data_raw/hazel_cascadelake/capacity/capacity_dense3_random_20260915T010343Z.csv
  wrote 289002 lines -> data_raw/hazel_cascadelake/capacity/capacity_dense3_sequential_20260915T010343Z.csv
Wrote 289 summary rows to data_processed/hazel_cascadelake/capacity/dense3_random_summary.csv
Wrote 289 summary rows to data_processed/hazel_cascadelake/capacity/dense3_sequential_summary.csv
-- dense sweep around boundary 9975792 bytes: 1246974-79806336 --
  wrote 289002 lines -> data_raw/hazel_cascadelake/capacity/capacity_dense4_random_20260915T010343Z.csv
  wrote 289002 lines -> data_raw/hazel_cascadelake/capacity/capacity_dense4_sequential_20260915T010343Z.csv
Wrote 289 summary rows to data_processed/hazel_cascadelake/capacity/dense4_random_summary.csv
Wrote 289 summary rows to data_processed/hazel_cascadelake/capacity/dense4_sequential_summary.csv
  -- repeat 1/2 of deepest boundary's dense window --
  wrote 289002 lines -> data_raw/hazel_cascadelake/capacity/capacity_dense4_rep1_random_20260915T010343Z.csv
  wrote 289002 lines -> data_raw/hazel_cascadelake/capacity/capacity_dense4_rep1_sequential_20260915T010343Z.csv
Wrote 289 summary rows to data_processed/hazel_cascadelake/capacity/dense4_rep1_random_summary.csv
Wrote 289 summary rows to data_processed/hazel_cascadelake/capacity/dense4_rep1_sequential_summary.csv
  -- repeat 2/2 of deepest boundary's dense window --
  wrote 289002 lines -> data_raw/hazel_cascadelake/capacity/capacity_dense4_rep2_random_20260915T010343Z.csv
  wrote 289002 lines -> data_raw/hazel_cascadelake/capacity/capacity_dense4_rep2_sequential_20260915T010343Z.csv
Wrote 289 summary rows to data_processed/hazel_cascadelake/capacity/dense4_rep2_random_summary.csv
Wrote 289 summary rows to data_processed/hazel_cascadelake/capacity/dense4_rep2_sequential_summary.csv
-- dense sweep past deepest boundary, checking for a further plateau: 67108864-268435456 --
  wrote 97002 lines -> data_raw/hazel_cascadelake/capacity/capacity_denseTail_random_20260915T010343Z.csv
  wrote 97002 lines -> data_raw/hazel_cascadelake/capacity/capacity_denseTail_sequential_20260915T010343Z.csv
Wrote 97 summary rows to data_processed/hazel_cascadelake/capacity/denseTail_random_summary.csv
Wrote 97 summary rows to data_processed/hazel_cascadelake/capacity/denseTail_sequential_summary.csv
-- generating plots --
  note: 2.18102 MiB (random) has 5 overlapping summary rows with medians [42.6, 41.8, 47.3, 53.0, 42.5] (spread 11.2 ticks, 24.6%) -- averaging, widening whiskers to the union
  note: 2.37841 MiB (random) has 6 overlapping summary rows with medians [45.0, 46.7, 46.1, 64.0, 61.7, 45.0] (spread 19.1 ticks, 37.1%) -- averaging, widening whiskers to the union
  note: 2.59367 MiB (random) has 6 overlapping summary rows with medians [46.6, 47.7, 52.3, 76.1, 86.4, 46.3] (spread 40.1 ticks, 67.8%) -- averaging, widening whiskers to the union
  note: 2.82842 MiB (random) has 6 overlapping summary rows with medians [71.3, 61.2, 89.3, 137.1, 66.9, 48.9] (spread 88.2 ticks, 111.5%) -- averaging, widening whiskers to the union
  note: 3.08442 MiB (random) has 6 overlapping summary rows with medians [54.9, 69.2, 60.8, 155.4, 142.3, 85.9] (spread 100.5 ticks, 106.1%) -- averaging, widening whiskers to the union
  note: 3.36358 MiB (random) has 6 overlapping summary rows with medians [56.6, 74.1, 131.5, 154.6, 139.2, 55.2] (spread 99.4 ticks, 97.5%) -- averaging, widening whiskers to the union
  note: 3.66801 MiB (random) has 5 overlapping summary rows with medians [60.6, 63.5, 172.7, 151.2, 133.0] (spread 112.1 ticks, 96.5%) -- averaging, widening whiskers to the union
  note: 4 MiB (random) has 5 overlapping summary rows with medians [60.8, 85.9, 177.7, 174.4, 61.7] (spread 116.9 ticks, 104.3%) -- averaging, widening whiskers to the union
  note: 4.36203 MiB (random) has 5 overlapping summary rows with medians [76.9, 144.0, 171.9, 182.0, 143.3] (spread 105.1 ticks, 73.2%) -- averaging, widening whiskers to the union
  note: 4.75683 MiB (random) has 5 overlapping summary rows with medians [155.0, 153.2, 68.4, 198.8, 159.3] (spread 130.4 ticks, 88.7%) -- averaging, widening whiskers to the union
  note: 5.18736 MiB (random) has 6 overlapping summary rows with medians [92.6, 97.2, 187.2, 63.3, 196.8, 114.3] (spread 133.5 ticks, 106.6%) -- averaging, widening whiskers to the union
  note: 5.65685 MiB (random) has 5 overlapping summary rows with medians [120.6, 168.7, 60.5, 198.4, 156.3] (spread 137.9 ticks, 97.9%) -- averaging, widening whiskers to the union
  note: 6.16884 MiB (random) has 6 overlapping summary rows with medians [135.1, 174.1, 208.5, 116.6, 208.1, 164.3] (spread 91.9 ticks, 54.8%) -- averaging, widening whiskers to the union
  note: 6.72717 MiB (random) has 6 overlapping summary rows with medians [135.5, 186.8, 214.2, 79.8, 161.0, 184.3] (spread 134.4 ticks, 83.9%) -- averaging, widening whiskers to the union
  note: 7.33603 MiB (random) has 5 overlapping summary rows with medians [189.1, 181.3, 59.6, 164.8, 189.3] (spread 129.7 ticks, 82.7%) -- averaging, widening whiskers to the union
  note: 8 MiB (random) has 5 overlapping summary rows with medians [158.9, 199.8, 163.4, 166.8, 194.7] (spread 40.8 ticks, 23.1%) -- averaging, widening whiskers to the union
  note: 8.72406 MiB (random) has 5 overlapping summary rows with medians [162.8, 205.1, 190.6, 172.4, 187.6] (spread 42.3 ticks, 23.0%) -- averaging, widening whiskers to the union
  note: 9.51366 MiB (random) has 5 overlapping summary rows with medians [177.0, 209.4, 201.4, 159.1, 207.2] (spread 50.2 ticks, 26.3%) -- averaging, widening whiskers to the union
  note: 10.3747 MiB (random) has 6 overlapping summary rows with medians [206.4, 226.6, 171.0, 209.4, 202.4, 227.7] (spread 56.7 ticks, 27.4%) -- averaging, widening whiskers to the union
  note: 13.4543 MiB (random) has 5 overlapping summary rows with medians [213.3, 238.7, 219.1, 191.7, 230.6] (spread 47.0 ticks, 21.5%) -- averaging, widening whiskers to the union
  note: 152.211 KiB (random) has 2 overlapping summary rows with medians [12.6, 17.6] (spread 4.9 ticks, 32.6%) -- averaging, widening whiskers to the union
  note: 1.80771 MiB (random) has 6 overlapping summary rows with medians [43.1, 43.4, 43.6, 57.0, 45.5, 43.4] (spread 14.0 ticks, 30.4%) -- averaging, widening whiskers to the union
  note: 2.3784 MiB (random) has 2 overlapping summary rows with medians [43.7, 57.2] (spread 13.4 ticks, 26.6%) -- averaging, widening whiskers to the union
  note: 2.74789 MiB (random) has 2 overlapping summary rows with medians [68.0, 52.2] (spread 15.8 ticks, 26.3%) -- averaging, widening whiskers to the union
  note: 2.86955 MiB (random) has 2 overlapping summary rows with medians [73.5, 92.3] (spread 18.8 ticks, 22.6%) -- averaging, widening whiskers to the union
  note: 3.31535 MiB (random) has 2 overlapping summary rows with medians [55.1, 70.6] (spread 15.5 ticks, 24.6%) -- averaging, widening whiskers to the union
  note: 3.61541 MiB (random) has 2 overlapping summary rows with medians [60.8, 86.2] (spread 25.4 ticks, 34.6%) -- averaging, widening whiskers to the union
  note: 1.91521 MiB (random) has 4 overlapping summary rows with medians [45.8, 55.6, 44.8, 44.4] (spread 11.2 ticks, 23.5%) -- averaging, widening whiskers to the union
  note: 2.0586 MiB (random) has 5 overlapping summary rows with medians [40.6, 42.9, 51.6, 40.6, 41.0] (spread 10.9 ticks, 25.3%) -- averaging, widening whiskers to the union
  note: 2.24492 MiB (random) has 5 overlapping summary rows with medians [42.8, 42.6, 43.7, 54.5, 42.2] (spread 12.3 ticks, 27.3%) -- averaging, widening whiskers to the union
  note: 2.27757 MiB (random) has 5 overlapping summary rows with medians [43.9, 48.3, 90.7, 51.5, 43.8] (spread 46.9 ticks, 84.3%) -- averaging, widening whiskers to the union
  note: 2.3107 MiB (random) has 5 overlapping summary rows with medians [44.9, 43.3, 83.9, 56.5, 44.1] (spread 40.5 ticks, 74.3%) -- averaging, widening whiskers to the union
  note: 2.34431 MiB (random) has 4 overlapping summary rows with medians [44.3, 46.1, 52.8, 43.3] (spread 9.5 ticks, 20.4%) -- averaging, widening whiskers to the union
  note: 2.413 MiB (random) has 5 overlapping summary rows with medians [47.5, 46.7, 71.5, 82.0, 54.0] (spread 35.3 ticks, 58.5%) -- averaging, widening whiskers to the union
  note: 2.4481 MiB (random) has 5 overlapping summary rows with medians [44.3, 55.3, 82.4, 68.9, 44.9] (spread 38.1 ticks, 64.5%) -- averaging, widening whiskers to the union
  note: 2.48371 MiB (random) has 5 overlapping summary rows with medians [51.0, 46.6, 52.8, 66.8, 45.2] (spread 21.5 ticks, 41.0%) -- averaging, widening whiskers to the union
  note: 2.51984 MiB (random) has 5 overlapping summary rows with medians [46.2, 57.5, 63.7, 54.0, 61.0] (spread 17.5 ticks, 30.9%) -- averaging, widening whiskers to the union
  note: 2.55649 MiB (random) has 5 overlapping summary rows with medians [51.7, 91.1, 55.6, 101.5, 48.8] (spread 52.7 ticks, 75.5%) -- averaging, widening whiskers to the union
  note: 2.6314 MiB (random) has 5 overlapping summary rows with medians [46.7, 50.3, 57.4, 53.7, 46.7] (spread 10.6 ticks, 20.8%) -- averaging, widening whiskers to the union
  note: 2.66968 MiB (random) has 5 overlapping summary rows with medians [56.1, 49.9, 76.0, 94.0, 57.4] (spread 44.0 ticks, 66.1%) -- averaging, widening whiskers to the union
  note: 2.70851 MiB (random) has 4 overlapping summary rows with medians [46.7, 106.8, 67.0, 64.9] (spread 60.1 ticks, 84.3%) -- averaging, widening whiskers to the union
  note: 2.7479 MiB (random) has 5 overlapping summary rows with medians [54.8, 61.3, 58.2, 58.8, 49.9] (spread 11.4 ticks, 20.2%) -- averaging, widening whiskers to the union
  note: 2.78787 MiB (random) has 5 overlapping summary rows with medians [50.1, 76.3, 99.9, 127.8, 48.3] (spread 79.6 ticks, 98.9%) -- averaging, widening whiskers to the union
  note: 2.86957 MiB (random) has 4 overlapping summary rows with medians [50.1, 137.6, 72.1, 51.1] (spread 87.4 ticks, 112.5%) -- averaging, widening whiskers to the union
  note: 2.9113 MiB (random) has 5 overlapping summary rows with medians [66.1, 91.7, 124.3, 110.0, 51.5] (spread 72.8 ticks, 82.0%) -- averaging, widening whiskers to the union
  note: 2.95365 MiB (random) has 4 overlapping summary rows with medians [50.8, 143.1, 141.8, 58.8] (spread 92.3 ticks, 93.6%) -- averaging, widening whiskers to the union
  note: 2.99661 MiB (random) has 5 overlapping summary rows with medians [61.5, 97.3, 152.6, 140.0, 76.8] (spread 91.1 ticks, 86.3%) -- averaging, widening whiskers to the union
  note: 3.0402 MiB (random) has 5 overlapping summary rows with medians [52.7, 71.1, 91.4, 90.8, 79.7] (spread 38.7 ticks, 50.2%) -- averaging, widening whiskers to the union
  note: 3.12928 MiB (random) has 5 overlapping summary rows with medians [54.1, 61.9, 128.5, 141.1, 94.8] (spread 87.1 ticks, 90.6%) -- averaging, widening whiskers to the union
  note: 3.1748 MiB (random) has 5 overlapping summary rows with medians [80.7, 54.5, 114.8, 150.4, 77.5] (spread 95.9 ticks, 100.3%) -- averaging, widening whiskers to the union
  note: 3.22098 MiB (random) has 5 overlapping summary rows with medians [56.2, 71.2, 141.0, 163.4, 70.9] (spread 107.2 ticks, 106.6%) -- averaging, widening whiskers to the union
  note: 3.26783 MiB (random) has 4 overlapping summary rows with medians [94.8, 159.8, 130.1, 57.9] (spread 101.9 ticks, 92.1%) -- averaging, widening whiskers to the union
  note: 3.31536 MiB (random) has 5 overlapping summary rows with medians [96.3, 111.0, 121.9, 165.3, 53.4] (spread 111.9 ticks, 102.1%) -- averaging, widening whiskers to the union
  note: 3.41251 MiB (random) has 5 overlapping summary rows with medians [61.5, 71.2, 153.3, 166.3, 55.9] (spread 110.4 ticks, 108.6%) -- averaging, widening whiskers to the union
  note: 3.46214 MiB (random) has 5 overlapping summary rows with medians [62.3, 70.1, 143.3, 150.5, 59.0] (spread 91.6 ticks, 94.4%) -- averaging, widening whiskers to the union
  note: 3.5125 MiB (random) has 4 overlapping summary rows with medians [61.3, 154.2, 158.1, 60.7] (spread 97.3 ticks, 89.7%) -- averaging, widening whiskers to the union
  note: 3.56359 MiB (random) has 5 overlapping summary rows with medians [59.9, 85.9, 171.8, 169.7, 73.6] (spread 111.8 ticks, 99.7%) -- averaging, widening whiskers to the union
  note: 3.61543 MiB (random) has 5 overlapping summary rows with medians [62.4, 130.5, 170.8, 164.4, 95.0] (spread 108.4 ticks, 87.0%) -- averaging, widening whiskers to the union
  note: 3.72137 MiB (random) has 5 overlapping summary rows with medians [66.8, 150.9, 178.4, 170.5, 60.4] (spread 118.0 ticks, 94.1%) -- averaging, widening whiskers to the union
  note: 3.7755 MiB (random) has 4 overlapping summary rows with medians [66.6, 160.5, 176.9, 66.5] (spread 110.4 ticks, 93.9%) -- averaging, widening whiskers to the union
  note: 3.83041 MiB (random) has 5 overlapping summary rows with medians [74.9, 64.8, 168.9, 181.4, 120.6] (spread 116.6 ticks, 95.5%) -- averaging, widening whiskers to the union
  note: 3.88612 MiB (random) has 5 overlapping summary rows with medians [79.8, 79.1, 177.1, 163.4, 126.1] (spread 98.1 ticks, 78.4%) -- averaging, widening whiskers to the union
  note: 3.94265 MiB (random) has 5 overlapping summary rows with medians [97.1, 99.0, 179.7, 171.9, 62.9] (spread 116.8 ticks, 95.6%) -- averaging, widening whiskers to the union
  note: 4.1172 MiB (random) has 5 overlapping summary rows with medians [139.7, 58.7, 182.8, 173.7, 76.2] (spread 124.2 ticks, 98.4%) -- averaging, widening whiskers to the union
  note: 4.17709 MiB (random) has 4 overlapping summary rows with medians [125.8, 182.9, 186.2, 141.5] (spread 60.5 ticks, 38.0%) -- averaging, widening whiskers to the union
  note: 4.23785 MiB (random) has 5 overlapping summary rows with medians [72.9, 172.9, 175.5, 159.5, 61.2] (spread 114.3 ticks, 89.0%) -- averaging, widening whiskers to the union
  note: 4.29949 MiB (random) has 4 overlapping summary rows with medians [61.0, 162.6, 158.5, 93.4] (spread 101.6 ticks, 85.5%) -- averaging, widening whiskers to the union
  note: 4.42548 MiB (random) has 4 overlapping summary rows with medians [57.8, 174.0, 178.6, 83.8] (spread 120.8 ticks, 97.8%) -- averaging, widening whiskers to the union
  note: 4.48985 MiB (random) has 5 overlapping summary rows with medians [105.2, 165.8, 173.1, 175.6, 148.5] (spread 70.4 ticks, 45.8%) -- averaging, widening whiskers to the union
  note: 4.55515 MiB (random) has 4 overlapping summary rows with medians [105.6, 182.4, 162.8, 127.6] (spread 76.8 ticks, 53.1%) -- averaging, widening whiskers to the union
  note: 4.62141 MiB (random) has 5 overlapping summary rows with medians [143.3, 176.8, 183.6, 177.0, 95.2] (spread 88.4 ticks, 57.0%) -- averaging, widening whiskers to the union
  note: 4.68863 MiB (random) has 4 overlapping summary rows with medians [149.2, 52.3, 194.3, 139.0] (spread 142.0 ticks, 106.2%) -- averaging, widening whiskers to the union
  note: 4.82601 MiB (random) has 5 overlapping summary rows with medians [152.9, 190.6, 136.2, 192.3, 152.0] (spread 56.1 ticks, 34.1%) -- averaging, widening whiskers to the union
  note: 4.89621 MiB (random) has 5 overlapping summary rows with medians [154.2, 191.1, 55.7, 186.5, 101.7] (spread 135.5 ticks, 98.3%) -- averaging, widening whiskers to the union
  note: 4.96743 MiB (random) has 4 overlapping summary rows with medians [125.7, 103.4, 196.5, 109.0] (spread 93.1 ticks, 69.7%) -- averaging, widening whiskers to the union
  note: 5.03968 MiB (random) has 5 overlapping summary rows with medians [118.5, 178.7, 57.9, 191.5, 97.0] (spread 133.6 ticks, 103.8%) -- averaging, widening whiskers to the union
  note: 5.11298 MiB (random) has 5 overlapping summary rows with medians [106.5, 183.2, 104.6, 203.3, 106.3] (spread 98.7 ticks, 70.1%) -- averaging, widening whiskers to the union
  note: 5.26281 MiB (random) has 4 overlapping summary rows with medians [157.8, 91.6, 205.5, 118.0] (spread 113.8 ticks, 79.5%) -- averaging, widening whiskers to the union
  note: 5.33936 MiB (random) has 5 overlapping summary rows with medians [161.5, 202.6, 60.3, 183.5, 97.6] (spread 142.3 ticks, 100.8%) -- averaging, widening whiskers to the union
  note: 5.41702 MiB (random) has 5 overlapping summary rows with medians [159.8, 201.2, 80.4, 171.8, 102.9] (spread 120.9 ticks, 84.4%) -- averaging, widening whiskers to the union
  note: 5.49581 MiB (random) has 5 overlapping summary rows with medians [99.3, 195.6, 56.6, 190.4, 112.0] (spread 139.0 ticks, 106.3%) -- averaging, widening whiskers to the union
  note: 5.57575 MiB (random) has 4 overlapping summary rows with medians [102.3, 138.5, 192.4, 95.2] (spread 97.3 ticks, 73.6%) -- averaging, widening whiskers to the union
  note: 5.73913 MiB (random) has 5 overlapping summary rows with medians [117.4, 189.2, 81.2, 189.8, 171.4] (spread 108.6 ticks, 72.5%) -- averaging, widening whiskers to the union
  note: 5.82261 MiB (random) has 5 overlapping summary rows with medians [156.2, 195.9, 153.3, 188.1, 176.0] (spread 42.7 ticks, 24.5%) -- averaging, widening whiskers to the union
  note: 5.9073 MiB (random) has 4 overlapping summary rows with medians [171.9, 157.5, 204.8, 173.4] (spread 47.3 ticks, 26.7%) -- averaging, widening whiskers to the union
  note: 5.99323 MiB (random) has 5 overlapping summary rows with medians [119.7, 197.4, 154.7, 203.6, 160.2] (spread 83.8 ticks, 50.2%) -- averaging, widening whiskers to the union
  note: 6.0804 MiB (random) has 5 overlapping summary rows with medians [174.7, 202.1, 60.0, 208.6, 147.2] (spread 148.6 ticks, 93.7%) -- averaging, widening whiskers to the union
  note: 6.25857 MiB (random) has 5 overlapping summary rows with medians [157.7, 212.5, 73.5, 195.4, 181.3] (spread 139.0 ticks, 84.7%) -- averaging, widening whiskers to the union
  note: 6.3496 MiB (random) has 4 overlapping summary rows with medians [160.9, 55.6, 198.4, 151.6] (spread 142.8 ticks, 100.8%) -- averaging, widening whiskers to the union
  note: 6.44196 MiB (random) has 5 overlapping summary rows with medians [164.2, 207.6, 155.5, 205.9, 153.8] (spread 53.8 ticks, 30.3%) -- averaging, widening whiskers to the union
  note: 6.53566 MiB (random) has 4 overlapping summary rows with medians [166.6, 84.0, 213.8, 178.1] (spread 129.8 ticks, 80.8%) -- averaging, widening whiskers to the union
  note: 6.63072 MiB (random) has 4 overlapping summary rows with medians [175.6, 56.0, 194.6, 182.4] (spread 138.6 ticks, 91.1%) -- averaging, widening whiskers to the union
  note: 6.82502 MiB (random) has 4 overlapping summary rows with medians [190.1, 149.8, 80.5, 166.7] (spread 109.5 ticks, 74.6%) -- averaging, widening whiskers to the union
  note: 6.92429 MiB (random) has 5 overlapping summary rows with medians [173.7, 219.1, 112.5, 67.9, 182.0] (spread 151.2 ticks, 100.1%) -- averaging, widening whiskers to the union
  note: 7.025 MiB (random) has 5 overlapping summary rows with medians [175.7, 209.0, 152.5, 81.8, 189.9] (spread 127.3 ticks, 78.7%) -- averaging, widening whiskers to the union
  note: 7.12719 MiB (random) has 4 overlapping summary rows with medians [190.0, 100.5, 81.5, 178.1] (spread 108.5 ticks, 78.9%) -- averaging, widening whiskers to the union
  note: 7.23085 MiB (random) has 5 overlapping summary rows with medians [193.7, 224.6, 116.1, 70.7, 171.0] (spread 153.9 ticks, 99.2%) -- averaging, widening whiskers to the union
  note: 7.44273 MiB (random) has 4 overlapping summary rows with medians [194.7, 164.2, 58.4, 178.0] (spread 136.3 ticks, 91.6%) -- averaging, widening whiskers to the union
  note: 7.66082 MiB (random) has 5 overlapping summary rows with medians [200.0, 217.0, 145.0, 173.1, 184.7] (spread 72.0 ticks, 39.1%) -- averaging, widening whiskers to the union
  note: 7.8853 MiB (random) has 5 overlapping summary rows with medians [188.7, 220.3, 190.5, 170.8, 200.9] (spread 49.5 ticks, 25.5%) -- averaging, widening whiskers to the union
  note: 8.11636 MiB (random) has 5 overlapping summary rows with medians [188.0, 219.0, 164.2, 59.2, 191.8] (spread 159.8 ticks, 97.2%) -- averaging, widening whiskers to the union
  note: 8.23441 MiB (random) has 5 overlapping summary rows with medians [198.7, 220.7, 161.7, 169.0, 178.0] (spread 59.1 ticks, 31.8%) -- averaging, widening whiskers to the union
  note: 8.35419 MiB (random) has 4 overlapping summary rows with medians [202.0, 162.8, 61.2, 200.0] (spread 140.8 ticks, 89.9%) -- averaging, widening whiskers to the union
  note: 8.4757 MiB (random) has 4 overlapping summary rows with medians [202.0, 172.8, 163.5, 193.1] (spread 38.5 ticks, 21.0%) -- averaging, widening whiskers to the union
  note: 8.85095 MiB (random) has 4 overlapping summary rows with medians [197.8, 196.5, 105.8, 183.8] (spread 92.0 ticks, 53.8%) -- averaging, widening whiskers to the union
  note: 8.97969 MiB (random) has 5 overlapping summary rows with medians [204.9, 128.8, 193.8, 179.5, 192.6] (spread 76.1 ticks, 42.3%) -- averaging, widening whiskers to the union
  note: 9.24282 MiB (random) has 4 overlapping summary rows with medians [211.7, 177.7, 172.3, 188.0] (spread 39.4 ticks, 21.0%) -- averaging, widening whiskers to the union
  note: 9.37726 MiB (random) has 4 overlapping summary rows with medians [202.8, 202.8, 161.0, 203.1] (spread 42.1 ticks, 21.9%) -- averaging, widening whiskers to the union
  note: 9.65203 MiB (random) has 4 overlapping summary rows with medians [204.0, 179.9, 200.5, 225.0] (spread 45.1 ticks, 22.3%) -- averaging, widening whiskers to the union
  note: 9.79243 MiB (random) has 4 overlapping summary rows with medians [210.1, 206.0, 177.0, 224.9] (spread 48.0 ticks, 23.4%) -- averaging, widening whiskers to the union
  note: 10.834 MiB (random) has 5 overlapping summary rows with medians [233.4, 203.9, 199.3, 189.1, 227.5] (spread 44.3 ticks, 21.0%) -- averaging, widening whiskers to the union
  note: 14.05 MiB (random) has 4 overlapping summary rows with medians [236.0, 216.5, 217.7, 169.9] (spread 66.0 ticks, 31.4%) -- averaging, widening whiskers to the union
  note: 14.2544 MiB (random) has 4 overlapping summary rows with medians [169.8, 222.4, 217.6, 184.5] (spread 52.6 ticks, 26.5%) -- averaging, widening whiskers to the union
  note: 14.4617 MiB (random) has 4 overlapping summary rows with medians [169.2, 218.8, 217.9, 190.6] (spread 49.5 ticks, 24.9%) -- averaging, widening whiskers to the union
  note: 15.102 MiB (random) has 4 overlapping summary rows with medians [199.1, 236.7, 225.1, 190.2] (spread 46.5 ticks, 21.9%) -- averaging, widening whiskers to the union
  note: 15.3216 MiB (random) has 4 overlapping summary rows with medians [200.3, 237.7, 225.6, 177.7] (spread 60.1 ticks, 28.6%) -- averaging, widening whiskers to the union
  note: 15.5445 MiB (random) has 4 overlapping summary rows with medians [185.9, 235.0, 218.7, 214.5] (spread 49.1 ticks, 23.0%) -- averaging, widening whiskers to the union
  note: 15.7706 MiB (random) has 4 overlapping summary rows with medians [185.4, 228.8, 218.7, 212.2] (spread 43.4 ticks, 20.5%) -- averaging, widening whiskers to the union
  note: 19.5849 MiB (random) has 4 overlapping summary rows with medians [220.6, 181.3, 243.2, 228.2] (spread 62.0 ticks, 28.4%) -- averaging, widening whiskers to the union
  note: 22.303 MiB (random) has 4 overlapping summary rows with medians [230.2, 221.5, 178.8, 228.5] (spread 51.4 ticks, 23.9%) -- averaging, widening whiskers to the union
  note: 4.05817 MiB (random) has 4 overlapping summary rows with medians [63.0, 181.7, 172.4, 74.6] (spread 118.7 ticks, 96.6%) -- averaging, widening whiskers to the union
  note: 7.55099 MiB (random) has 4 overlapping summary rows with medians [215.9, 154.7, 171.7, 194.7] (spread 61.3 ticks, 33.3%) -- averaging, widening whiskers to the union
  note: 10.0794 MiB (random) has 4 overlapping summary rows with medians [184.0, 185.9, 171.1, 222.9] (spread 51.8 ticks, 27.1%) -- averaging, widening whiskers to the union
  note: 98.6953 KiB (sequential) has 2 overlapping summary rows with medians [6.8, 9.1] (spread 2.3 ticks, 28.5%) -- averaging, widening whiskers to the union
  note: 512 KiB (sequential) has 2 overlapping summary rows with medians [6.8, 9.8] (spread 3.0 ticks, 36.1%) -- averaging, widening whiskers to the union
  note: 663.977 KiB (sequential) has 5 overlapping summary rows with medians [6.8, 6.8, 6.8, 6.8, 11.7] (spread 4.9 ticks, 62.5%) -- averaging, widening whiskers to the union
  note: 1.1892 MiB (sequential) has 8 overlapping summary rows with medians [6.8, 6.8, 6.8, 6.8, 6.8, 7.3, 7.0, 10.7] (spread 3.9 ticks, 52.1%) -- averaging, widening whiskers to the union
  note: 152.211 KiB (sequential) has 2 overlapping summary rows with medians [6.8, 8.8] (spread 2.0 ticks, 25.0%) -- averaging, widening whiskers to the union
  note: 154.43 KiB (sequential) has 2 overlapping summary rows with medians [6.8, 8.7] (spread 1.9 ticks, 24.4%) -- averaging, widening whiskers to the union
Wrote data_processed/hazel_cascadelake/capacity/plots/capacity_curve.pdf and .png
Wrote data_processed/hazel_cascadelake/capacity/plots/capacity_boxplots.pdf and .png
-- compressing raw CSVs --
== done ==
== plots: data_processed/hazel_cascadelake/capacity/plots/capacity_curve.{png,pdf}, data_processed/hazel_cascadelake/capacity/plots/capacity_boxplots.{png,pdf} ==
== detected boundaries (bytes): 808560 1246968 4194304 5439336 9975792 ==
== record in data_raw/hazel_cascadelake/README.md: core=20, seed=12345, samples=1000000, timestamp=20260915T010343Z ==
== full transcript saved to: data_raw/hazel_cascadelake/capacity/run_capacity_full_20260915T010343Z.log ==

=== Done ===

------------------------------------------------------------
Resource usage summary:

    Job ID            : 837631
    Job name          : hw1_capacity
    User / Account    : krchen / ece592f26_cpu
    Partition / QOS   : compute_partners / short
    Submitted         : 2026-09-14T21:03:20
    Started           : 2026-09-14T21:03:42
    Wait time         : 22 sec
    Elapsed (wall)    : 00:30:19
    Nodes             : 1 (c022n01)
    CPUs allocated    : 1
    Tasks             : 1
    CPU time (total)  : 1803.16 sec  (user 1765.39, sys 37.77)
    CPU efficiency    : 99.1%
    Memory in use     : 560.25 MB  (sampled at job end; see seff for peak)
    Memory requested  : 8G
    Working directory : /gpfs_common/share01/titan/krchen/Proj1-Cache-Reverse-Engineering
    Exit code         : 0:0

    For final accounting (Slurm's MaxRSS, billing, etc.):  seff 837631
------------------------------------------------------------
