=== Machine identification (Phase Discipline whitelist only) ===
c022n01
Linux c022n01 5.14.0-611.5.1.el9_7.x86_64 #1 SMP PREEMPT_DYNAMIC Fri Oct 17 14:16:35 EDT 2025 x86_64 x86_64 x86_64 GNU/Linux
model name	: Intel(R) Xeon(R) Gold 6226R CPU @ 2.90GHz
Assigned logical CPU: 16, SLURM_JOB_ID=848677

=== Running scripts/run_hit_latency_full.sh (HAZEL_MODE=1) for hazel_cascadelake/phase1_v2, boundaries=L1:32768,L2:1048576,LLC:16777216,DRAM:536870912 ===
== run_hit_latency_full: machine=hazel_cascadelake/phase1_v2 core=16 base_seed=12345 ==
== timestamp=20260916T042807Z ==

== level L1: footprint_bytes=32768 ==
-- base (seed=12345) --
  wrote 1002 lines -> data_raw/hazel_cascadelake/phase1_v2/latency/hit/L1/hit_latency_base_dependent_random_20260916T042807Z.csv (mode=dependent pattern=random seed=12345)
Wrote 1 summary rows to data_processed/hazel_cascadelake/phase1_v2/latency/hit/L1/base_dependent_random_summary_20260916T042807Z.csv
  wrote 1002 lines -> data_raw/hazel_cascadelake/phase1_v2/latency/hit/L1/hit_latency_base_dependent_sequential_20260916T042807Z.csv (mode=dependent pattern=sequential seed=12345)
Wrote 1 summary rows to data_processed/hazel_cascadelake/phase1_v2/latency/hit/L1/base_dependent_sequential_summary_20260916T042807Z.csv
  wrote 1002 lines -> data_raw/hazel_cascadelake/phase1_v2/latency/hit/L1/hit_latency_base_independent_random_20260916T042807Z.csv (mode=independent pattern=random seed=12345)
Wrote 1 summary rows to data_processed/hazel_cascadelake/phase1_v2/latency/hit/L1/base_independent_random_summary_20260916T042807Z.csv
  wrote 1002 lines -> data_raw/hazel_cascadelake/phase1_v2/latency/hit/L1/hit_latency_base_independent_sequential_20260916T042807Z.csv (mode=independent pattern=sequential seed=12345)
Wrote 1 summary rows to data_processed/hazel_cascadelake/phase1_v2/latency/hit/L1/base_independent_sequential_summary_20260916T042807Z.csv
-- rep1 (seed=12346) --
  wrote 1002 lines -> data_raw/hazel_cascadelake/phase1_v2/latency/hit/L1/hit_latency_rep1_dependent_random_20260916T042807Z.csv (mode=dependent pattern=random seed=12346)
Wrote 1 summary rows to data_processed/hazel_cascadelake/phase1_v2/latency/hit/L1/rep1_dependent_random_summary_20260916T042807Z.csv
  wrote 1002 lines -> data_raw/hazel_cascadelake/phase1_v2/latency/hit/L1/hit_latency_rep1_dependent_sequential_20260916T042807Z.csv (mode=dependent pattern=sequential seed=12346)
Wrote 1 summary rows to data_processed/hazel_cascadelake/phase1_v2/latency/hit/L1/rep1_dependent_sequential_summary_20260916T042807Z.csv
  wrote 1002 lines -> data_raw/hazel_cascadelake/phase1_v2/latency/hit/L1/hit_latency_rep1_independent_random_20260916T042807Z.csv (mode=independent pattern=random seed=12346)
Wrote 1 summary rows to data_processed/hazel_cascadelake/phase1_v2/latency/hit/L1/rep1_independent_random_summary_20260916T042807Z.csv
  wrote 1002 lines -> data_raw/hazel_cascadelake/phase1_v2/latency/hit/L1/hit_latency_rep1_independent_sequential_20260916T042807Z.csv (mode=independent pattern=sequential seed=12346)
Wrote 1 summary rows to data_processed/hazel_cascadelake/phase1_v2/latency/hit/L1/rep1_independent_sequential_summary_20260916T042807Z.csv
-- rep2 (seed=12347) --
  wrote 1002 lines -> data_raw/hazel_cascadelake/phase1_v2/latency/hit/L1/hit_latency_rep2_dependent_random_20260916T042807Z.csv (mode=dependent pattern=random seed=12347)
Wrote 1 summary rows to data_processed/hazel_cascadelake/phase1_v2/latency/hit/L1/rep2_dependent_random_summary_20260916T042807Z.csv
  wrote 1002 lines -> data_raw/hazel_cascadelake/phase1_v2/latency/hit/L1/hit_latency_rep2_dependent_sequential_20260916T042807Z.csv (mode=dependent pattern=sequential seed=12347)
Wrote 1 summary rows to data_processed/hazel_cascadelake/phase1_v2/latency/hit/L1/rep2_dependent_sequential_summary_20260916T042807Z.csv
  wrote 1002 lines -> data_raw/hazel_cascadelake/phase1_v2/latency/hit/L1/hit_latency_rep2_independent_random_20260916T042807Z.csv (mode=independent pattern=random seed=12347)
Wrote 1 summary rows to data_processed/hazel_cascadelake/phase1_v2/latency/hit/L1/rep2_independent_random_summary_20260916T042807Z.csv
  wrote 1002 lines -> data_raw/hazel_cascadelake/phase1_v2/latency/hit/L1/hit_latency_rep2_independent_sequential_20260916T042807Z.csv (mode=independent pattern=sequential seed=12347)
Wrote 1 summary rows to data_processed/hazel_cascadelake/phase1_v2/latency/hit/L1/rep2_independent_sequential_summary_20260916T042807Z.csv
-- generating plots for L1 --
  note: ('dependent', 'random') has 3 overlapping summary rows with medians [8.7, 12.0, 9.4] (spread 3.3 ticks, 33.4%) -- averaging, widening whiskers to the union
  note: ('dependent', 'sequential') has 3 overlapping summary rows with medians [7.5, 10.3, 8.0] (spread 2.8 ticks, 32.4%) -- averaging, widening whiskers to the union
  note: ('independent', 'random') has 3 overlapping summary rows with medians [7.2, 6.6, 8.8] (spread 2.2 ticks, 29.3%) -- averaging, widening whiskers to the union
  note: ('independent', 'sequential') has 3 overlapping summary rows with medians [7.6, 8.7, 6.9] (spread 1.8 ticks, 23.2%) -- averaging, widening whiskers to the union
random: independent < dependent (7.49 vs 10.01 ticks) [expected]
sequential: independent < dependent (7.70 vs 8.61 ticks) [expected]
Wrote data_processed/hazel_cascadelake/phase1_v2/latency/hit/L1/plots/hit_latency_boxplots.pdf and .png
-- compressing raw CSVs for L1 --

== level L2: footprint_bytes=1048576 ==
-- base (seed=12345) --
  wrote 1002 lines -> data_raw/hazel_cascadelake/phase1_v2/latency/hit/L2/hit_latency_base_dependent_random_20260916T042807Z.csv (mode=dependent pattern=random seed=12345)
Wrote 1 summary rows to data_processed/hazel_cascadelake/phase1_v2/latency/hit/L2/base_dependent_random_summary_20260916T042807Z.csv
  wrote 1002 lines -> data_raw/hazel_cascadelake/phase1_v2/latency/hit/L2/hit_latency_base_dependent_sequential_20260916T042807Z.csv (mode=dependent pattern=sequential seed=12345)
Wrote 1 summary rows to data_processed/hazel_cascadelake/phase1_v2/latency/hit/L2/base_dependent_sequential_summary_20260916T042807Z.csv
  wrote 1002 lines -> data_raw/hazel_cascadelake/phase1_v2/latency/hit/L2/hit_latency_base_independent_random_20260916T042807Z.csv (mode=independent pattern=random seed=12345)
Wrote 1 summary rows to data_processed/hazel_cascadelake/phase1_v2/latency/hit/L2/base_independent_random_summary_20260916T042807Z.csv
  wrote 1002 lines -> data_raw/hazel_cascadelake/phase1_v2/latency/hit/L2/hit_latency_base_independent_sequential_20260916T042807Z.csv (mode=independent pattern=sequential seed=12345)
Wrote 1 summary rows to data_processed/hazel_cascadelake/phase1_v2/latency/hit/L2/base_independent_sequential_summary_20260916T042807Z.csv
-- rep1 (seed=12346) --
  wrote 1002 lines -> data_raw/hazel_cascadelake/phase1_v2/latency/hit/L2/hit_latency_rep1_dependent_random_20260916T042807Z.csv (mode=dependent pattern=random seed=12346)
Wrote 1 summary rows to data_processed/hazel_cascadelake/phase1_v2/latency/hit/L2/rep1_dependent_random_summary_20260916T042807Z.csv
  wrote 1002 lines -> data_raw/hazel_cascadelake/phase1_v2/latency/hit/L2/hit_latency_rep1_dependent_sequential_20260916T042807Z.csv (mode=dependent pattern=sequential seed=12346)
Wrote 1 summary rows to data_processed/hazel_cascadelake/phase1_v2/latency/hit/L2/rep1_dependent_sequential_summary_20260916T042807Z.csv
  wrote 1002 lines -> data_raw/hazel_cascadelake/phase1_v2/latency/hit/L2/hit_latency_rep1_independent_random_20260916T042807Z.csv (mode=independent pattern=random seed=12346)
Wrote 1 summary rows to data_processed/hazel_cascadelake/phase1_v2/latency/hit/L2/rep1_independent_random_summary_20260916T042807Z.csv
  wrote 1002 lines -> data_raw/hazel_cascadelake/phase1_v2/latency/hit/L2/hit_latency_rep1_independent_sequential_20260916T042807Z.csv (mode=independent pattern=sequential seed=12346)
Wrote 1 summary rows to data_processed/hazel_cascadelake/phase1_v2/latency/hit/L2/rep1_independent_sequential_summary_20260916T042807Z.csv
-- rep2 (seed=12347) --
  wrote 1002 lines -> data_raw/hazel_cascadelake/phase1_v2/latency/hit/L2/hit_latency_rep2_dependent_random_20260916T042807Z.csv (mode=dependent pattern=random seed=12347)
Wrote 1 summary rows to data_processed/hazel_cascadelake/phase1_v2/latency/hit/L2/rep2_dependent_random_summary_20260916T042807Z.csv
  wrote 1002 lines -> data_raw/hazel_cascadelake/phase1_v2/latency/hit/L2/hit_latency_rep2_dependent_sequential_20260916T042807Z.csv (mode=dependent pattern=sequential seed=12347)
Wrote 1 summary rows to data_processed/hazel_cascadelake/phase1_v2/latency/hit/L2/rep2_dependent_sequential_summary_20260916T042807Z.csv
  wrote 1002 lines -> data_raw/hazel_cascadelake/phase1_v2/latency/hit/L2/hit_latency_rep2_independent_random_20260916T042807Z.csv (mode=independent pattern=random seed=12347)
Wrote 1 summary rows to data_processed/hazel_cascadelake/phase1_v2/latency/hit/L2/rep2_independent_random_summary_20260916T042807Z.csv
  wrote 1002 lines -> data_raw/hazel_cascadelake/phase1_v2/latency/hit/L2/hit_latency_rep2_independent_sequential_20260916T042807Z.csv (mode=independent pattern=sequential seed=12347)
Wrote 1 summary rows to data_processed/hazel_cascadelake/phase1_v2/latency/hit/L2/rep2_independent_sequential_summary_20260916T042807Z.csv
-- generating plots for L2 --
  note: ('dependent', 'sequential') has 3 overlapping summary rows with medians [8.2, 11.7, 6.8] (spread 4.9 ticks, 54.7%) -- averaging, widening whiskers to the union
  note: ('independent', 'sequential') has 3 overlapping summary rows with medians [8.7, 6.6, 6.7] (spread 2.1 ticks, 28.2%) -- averaging, widening whiskers to the union
random: independent < dependent (12.18 vs 26.18 ticks) [expected]
sequential: independent < dependent (7.34 vs 8.92 ticks) [expected]
Wrote data_processed/hazel_cascadelake/phase1_v2/latency/hit/L2/plots/hit_latency_boxplots.pdf and .png
-- compressing raw CSVs for L2 --

== level LLC: footprint_bytes=16777216 ==
-- base (seed=12345) --
  wrote 1002 lines -> data_raw/hazel_cascadelake/phase1_v2/latency/hit/LLC/hit_latency_base_dependent_random_20260916T042807Z.csv (mode=dependent pattern=random seed=12345)
Wrote 1 summary rows to data_processed/hazel_cascadelake/phase1_v2/latency/hit/LLC/base_dependent_random_summary_20260916T042807Z.csv
  wrote 1002 lines -> data_raw/hazel_cascadelake/phase1_v2/latency/hit/LLC/hit_latency_base_dependent_sequential_20260916T042807Z.csv (mode=dependent pattern=sequential seed=12345)
Wrote 1 summary rows to data_processed/hazel_cascadelake/phase1_v2/latency/hit/LLC/base_dependent_sequential_summary_20260916T042807Z.csv
  wrote 1002 lines -> data_raw/hazel_cascadelake/phase1_v2/latency/hit/LLC/hit_latency_base_independent_random_20260916T042807Z.csv (mode=independent pattern=random seed=12345)
Wrote 1 summary rows to data_processed/hazel_cascadelake/phase1_v2/latency/hit/LLC/base_independent_random_summary_20260916T042807Z.csv
  wrote 1002 lines -> data_raw/hazel_cascadelake/phase1_v2/latency/hit/LLC/hit_latency_base_independent_sequential_20260916T042807Z.csv (mode=independent pattern=sequential seed=12345)
Wrote 1 summary rows to data_processed/hazel_cascadelake/phase1_v2/latency/hit/LLC/base_independent_sequential_summary_20260916T042807Z.csv
-- rep1 (seed=12346) --
  wrote 1002 lines -> data_raw/hazel_cascadelake/phase1_v2/latency/hit/LLC/hit_latency_rep1_dependent_random_20260916T042807Z.csv (mode=dependent pattern=random seed=12346)
Wrote 1 summary rows to data_processed/hazel_cascadelake/phase1_v2/latency/hit/LLC/rep1_dependent_random_summary_20260916T042807Z.csv
  wrote 1002 lines -> data_raw/hazel_cascadelake/phase1_v2/latency/hit/LLC/hit_latency_rep1_dependent_sequential_20260916T042807Z.csv (mode=dependent pattern=sequential seed=12346)
Wrote 1 summary rows to data_processed/hazel_cascadelake/phase1_v2/latency/hit/LLC/rep1_dependent_sequential_summary_20260916T042807Z.csv
  wrote 1002 lines -> data_raw/hazel_cascadelake/phase1_v2/latency/hit/LLC/hit_latency_rep1_independent_random_20260916T042807Z.csv (mode=independent pattern=random seed=12346)
Wrote 1 summary rows to data_processed/hazel_cascadelake/phase1_v2/latency/hit/LLC/rep1_independent_random_summary_20260916T042807Z.csv
  wrote 1002 lines -> data_raw/hazel_cascadelake/phase1_v2/latency/hit/LLC/hit_latency_rep1_independent_sequential_20260916T042807Z.csv (mode=independent pattern=sequential seed=12346)
Wrote 1 summary rows to data_processed/hazel_cascadelake/phase1_v2/latency/hit/LLC/rep1_independent_sequential_summary_20260916T042807Z.csv
-- rep2 (seed=12347) --
  wrote 1002 lines -> data_raw/hazel_cascadelake/phase1_v2/latency/hit/LLC/hit_latency_rep2_dependent_random_20260916T042807Z.csv (mode=dependent pattern=random seed=12347)
Wrote 1 summary rows to data_processed/hazel_cascadelake/phase1_v2/latency/hit/LLC/rep2_dependent_random_summary_20260916T042807Z.csv
  wrote 1002 lines -> data_raw/hazel_cascadelake/phase1_v2/latency/hit/LLC/hit_latency_rep2_dependent_sequential_20260916T042807Z.csv (mode=dependent pattern=sequential seed=12347)
Wrote 1 summary rows to data_processed/hazel_cascadelake/phase1_v2/latency/hit/LLC/rep2_dependent_sequential_summary_20260916T042807Z.csv
  wrote 1002 lines -> data_raw/hazel_cascadelake/phase1_v2/latency/hit/LLC/hit_latency_rep2_independent_random_20260916T042807Z.csv (mode=independent pattern=random seed=12347)
Wrote 1 summary rows to data_processed/hazel_cascadelake/phase1_v2/latency/hit/LLC/rep2_independent_random_summary_20260916T042807Z.csv
  wrote 1002 lines -> data_raw/hazel_cascadelake/phase1_v2/latency/hit/LLC/hit_latency_rep2_independent_sequential_20260916T042807Z.csv (mode=independent pattern=sequential seed=12347)
Wrote 1 summary rows to data_processed/hazel_cascadelake/phase1_v2/latency/hit/LLC/rep2_independent_sequential_summary_20260916T042807Z.csv
-- generating plots for LLC --
random: independent < dependent (46.64 vs 206.78 ticks) [expected]
sequential: independent < dependent (6.80 vs 6.99 ticks) [expected]
Wrote data_processed/hazel_cascadelake/phase1_v2/latency/hit/LLC/plots/hit_latency_boxplots.pdf and .png
-- compressing raw CSVs for LLC --

== level DRAM: footprint_bytes=536870912 ==
-- base (seed=12345) --
  wrote 1002 lines -> data_raw/hazel_cascadelake/phase1_v2/latency/hit/DRAM/hit_latency_base_dependent_random_20260916T042807Z.csv (mode=dependent pattern=random seed=12345)
Wrote 1 summary rows to data_processed/hazel_cascadelake/phase1_v2/latency/hit/DRAM/base_dependent_random_summary_20260916T042807Z.csv
  wrote 1002 lines -> data_raw/hazel_cascadelake/phase1_v2/latency/hit/DRAM/hit_latency_base_dependent_sequential_20260916T042807Z.csv (mode=dependent pattern=sequential seed=12345)
Wrote 1 summary rows to data_processed/hazel_cascadelake/phase1_v2/latency/hit/DRAM/base_dependent_sequential_summary_20260916T042807Z.csv
srun: Job step aborted: Waiting up to 32 seconds for job step to finish.
[2026-09-16T00:31:52.563] error: *** STEP 848677.38 ON c022n01 CANCELLED AT 2026-09-16T00:31:52 DUE to SIGNAL Terminated ***
srun: error: c022n01: task 0: Terminated

------------------------------------------------------------
Resource usage summary:

    Job ID            : 848677
    Job name          : hw1_hitlat_relook
    User / Account    : krchen / ece592f26_cpu
    Partition / QOS   : compute_partners / short
    Submitted         : 2026-09-16T00:27:52
    Started           : 2026-09-16T00:28:06
    Wait time         : 14 sec
    Elapsed (wall)    : 00:03:46
    Nodes             : 1 (c022n01)
    CPUs allocated    : 1
    Tasks             : 1
    CPU time (total)  : 38.17 sec  (user 34.88, sys 3.29)
    CPU efficiency    : 16.9%
    Memory in use     : 1.02 GB  (sampled at job end; see seff for peak)
    Memory requested  : 8G
    Working directory : /gpfs_common/share01/titan/krchen/Proj1-Cache-Reverse-Engineering
    Exit code         : 0:0

    For final accounting (Slurm's MaxRSS, billing, etc.):  seff 848677
------------------------------------------------------------
