=== Machine identification (Phase Discipline whitelist only) ===
c020n01
Linux c020n01 5.14.0-611.5.1.el9_7.x86_64 #1 SMP PREEMPT_DYNAMIC Fri Oct 17 14:16:35 EDT 2025 x86_64 x86_64 x86_64 GNU/Linux
model name	: Intel(R) Xeon(R) Gold 6226R CPU @ 2.90GHz
Assigned logical CPU: 17, SLURM_JOB_ID=848757

=== Running scripts/run_inclusion_policy_full.sh (HAZEL_MODE=1) for hazel_cascadelake/phase1_v2, pairings=L1_vs_L2:32768:1048576:L1_to_L2,L2_vs_LLC:1048576:16777216:L2_to_LLC,L1_vs_LLC:32768:16777216:LLC_to_DRAM, assumed_line_size_bytes=64 ===
== run_inclusion_policy_full: machine=hazel_cascadelake/phase1_v2 core=17 base_seed=12345 ==
== assumed_line_size_bytes=64 (confirmed for Sunbird 2026-09-11; verify for other machines) ==
== timestamp=20260916T054846Z ==

== L1_vs_L2: target_bytes=32768 lower_level_bytes=1048576 -> evict_bytes=67108864 (scaled 4096/64x) ==
-- survived-class calibration (evict_bytes=target_bytes, nothing evicted) --
  survived-class (single-shot, calibrated here): 55.664 ticks
  invalidated-class (from data_processed/hazel_cascadelake/phase1_v2/latency/miss/L1_to_L2/base_random_summary_20260916T044250Z.csv): 128.0 ticks
-- base (seed=12345) --
  wrote 402 lines -> data_raw/hazel_cascadelake/phase1_v2/inclusion_policy/L1_vs_L2/inclusion_policy_base_random_20260916T054846Z.csv (pattern=random seed=12345)
Wrote 2 summary rows to data_processed/hazel_cascadelake/phase1_v2/inclusion_policy/L1_vs_L2/base_random_summary_20260916T054846Z.csv
  wrote 402 lines -> data_raw/hazel_cascadelake/phase1_v2/inclusion_policy/L1_vs_L2/inclusion_policy_base_sequential_20260916T054846Z.csv (pattern=sequential seed=12345)
Wrote 2 summary rows to data_processed/hazel_cascadelake/phase1_v2/inclusion_policy/L1_vs_L2/base_sequential_summary_20260916T054846Z.csv
-- rep1 (seed=12346) --
  wrote 402 lines -> data_raw/hazel_cascadelake/phase1_v2/inclusion_policy/L1_vs_L2/inclusion_policy_rep1_random_20260916T054846Z.csv (pattern=random seed=12346)
Wrote 2 summary rows to data_processed/hazel_cascadelake/phase1_v2/inclusion_policy/L1_vs_L2/rep1_random_summary_20260916T054846Z.csv
  wrote 402 lines -> data_raw/hazel_cascadelake/phase1_v2/inclusion_policy/L1_vs_L2/inclusion_policy_rep1_sequential_20260916T054846Z.csv (pattern=sequential seed=12346)
Wrote 2 summary rows to data_processed/hazel_cascadelake/phase1_v2/inclusion_policy/L1_vs_L2/rep1_sequential_summary_20260916T054846Z.csv
-- rep2 (seed=12347) --
  wrote 402 lines -> data_raw/hazel_cascadelake/phase1_v2/inclusion_policy/L1_vs_L2/inclusion_policy_rep2_random_20260916T054846Z.csv (pattern=random seed=12347)
Wrote 2 summary rows to data_processed/hazel_cascadelake/phase1_v2/inclusion_policy/L1_vs_L2/rep2_random_summary_20260916T054846Z.csv
  wrote 402 lines -> data_raw/hazel_cascadelake/phase1_v2/inclusion_policy/L1_vs_L2/inclusion_policy_rep2_sequential_20260916T054846Z.csv (pattern=sequential seed=12347)
Wrote 2 summary rows to data_processed/hazel_cascadelake/phase1_v2/inclusion_policy/L1_vs_L2/rep2_sequential_summary_20260916T054846Z.csv
WARNING: control channel shows 21.5% invalidated-like trials, but control is never touched by the eviction walk by construction -- this suggests the avoidance construction is compromised on this machine/level (e.g. DTLB pressure from a large eviction footprint, or the upper level's index range exceeding one page -- see inclusion_policy.h's KNOWN LIMITATION). Treat the target verdict below as UNCERTAIN regardless of its own fraction.
Survived-class (upper-level hit) median:       55.66 ticks
Invalidated-class (beyond-lower-level) median: 128.00 ticks
Classification boundary (geometric mean):      84.41 ticks

TARGET channel  (n=200): median=68.0 mean=82.5 ticks -- 123 survived-like (61.5%), 52 ambiguous, 25 invalidated-like (12.5%)
CONTROL channel (n=200): median=60.0 mean=99.6 ticks -- 157 survived-like (78.5%), 0 ambiguous, 43 invalidated-like (21.5%)
Paired check: target read slower than its own trial's control in 75.0% of trials (distribution-free, independent of the class boundary above)

VERDICT: UNCERTAIN (confound suspected -- see warning above)
-- generating plots for L1_vs_L2 --
Wrote data_processed/hazel_cascadelake/phase1_v2/inclusion_policy/L1_vs_L2/plots/inclusion_policy_boxplots.pdf and .png
-- compressing raw CSVs for L1_vs_L2 --

== L2_vs_LLC: target_bytes=1048576 lower_level_bytes=16777216 -> evict_bytes=1073741824 (scaled 4096/64x) ==
-- survived-class calibration (evict_bytes=target_bytes, nothing evicted) --
  survived-class (single-shot, calibrated here): 71.876 ticks
  invalidated-class (from data_processed/hazel_cascadelake/phase1_v2/latency/miss/L2_to_LLC/base_random_summary_20260916T044250Z.csv): 479.0 ticks
-- base (seed=12345) --
  wrote 402 lines -> data_raw/hazel_cascadelake/phase1_v2/inclusion_policy/L2_vs_LLC/inclusion_policy_base_random_20260916T054846Z.csv (pattern=random seed=12345)
Wrote 2 summary rows to data_processed/hazel_cascadelake/phase1_v2/inclusion_policy/L2_vs_LLC/base_random_summary_20260916T054846Z.csv
  wrote 402 lines -> data_raw/hazel_cascadelake/phase1_v2/inclusion_policy/L2_vs_LLC/inclusion_policy_base_sequential_20260916T054846Z.csv (pattern=sequential seed=12345)
Wrote 2 summary rows to data_processed/hazel_cascadelake/phase1_v2/inclusion_policy/L2_vs_LLC/base_sequential_summary_20260916T054846Z.csv
-- rep1 (seed=12346) --
  wrote 402 lines -> data_raw/hazel_cascadelake/phase1_v2/inclusion_policy/L2_vs_LLC/inclusion_policy_rep1_random_20260916T054846Z.csv (pattern=random seed=12346)
Wrote 2 summary rows to data_processed/hazel_cascadelake/phase1_v2/inclusion_policy/L2_vs_LLC/rep1_random_summary_20260916T054846Z.csv
  wrote 402 lines -> data_raw/hazel_cascadelake/phase1_v2/inclusion_policy/L2_vs_LLC/inclusion_policy_rep1_sequential_20260916T054846Z.csv (pattern=sequential seed=12346)
Wrote 2 summary rows to data_processed/hazel_cascadelake/phase1_v2/inclusion_policy/L2_vs_LLC/rep1_sequential_summary_20260916T054846Z.csv
-- rep2 (seed=12347) --
  wrote 402 lines -> data_raw/hazel_cascadelake/phase1_v2/inclusion_policy/L2_vs_LLC/inclusion_policy_rep2_random_20260916T054846Z.csv (pattern=random seed=12347)
Wrote 2 summary rows to data_processed/hazel_cascadelake/phase1_v2/inclusion_policy/L2_vs_LLC/rep2_random_summary_20260916T054846Z.csv
  wrote 402 lines -> data_raw/hazel_cascadelake/phase1_v2/inclusion_policy/L2_vs_LLC/inclusion_policy_rep2_sequential_20260916T054846Z.csv (pattern=sequential seed=12347)
Wrote 2 summary rows to data_processed/hazel_cascadelake/phase1_v2/inclusion_policy/L2_vs_LLC/rep2_sequential_summary_20260916T054846Z.csv
WARNING: control channel shows 36.5% invalidated-like trials, but control is never touched by the eviction walk by construction -- this suggests the avoidance construction is compromised on this machine/level (e.g. DTLB pressure from a large eviction footprint, or the upper level's index range exceeding one page -- see inclusion_policy.h's KNOWN LIMITATION). Treat the target verdict below as UNCERTAIN regardless of its own fraction.
Survived-class (upper-level hit) median:       71.88 ticks
Invalidated-class (beyond-lower-level) median: 479.00 ticks
Classification boundary (geometric mean):      185.55 ticks

TARGET channel  (n=200): median=527.0 mean=609.5 ticks -- 0 survived-like (0.0%), 0 ambiguous, 200 invalidated-like (100.0%)
CONTROL channel (n=200): median=74.0 mean=185.2 ticks -- 127 survived-like (63.5%), 0 ambiguous, 73 invalidated-like (36.5%)
Paired check: target read slower than its own trial's control in 90.0% of trials (distribution-free, independent of the class boundary above)

VERDICT: UNCERTAIN (confound suspected -- see warning above)
-- generating plots for L2_vs_LLC --
  note: ('target', 'random') has 3 overlapping summary rows with medians [527.0, 298.0, 496.0] (spread 229.0 ticks, 52.0%) -- averaging, widening whiskers to the union
  note: ('control', 'random') has 3 overlapping summary rows with medians [74.0, 258.0, 268.0] (spread 194.0 ticks, 97.0%) -- averaging, widening whiskers to the union
Wrote data_processed/hazel_cascadelake/phase1_v2/inclusion_policy/L2_vs_LLC/plots/inclusion_policy_boxplots.pdf and .png
-- compressing raw CSVs for L2_vs_LLC --

== L1_vs_LLC: target_bytes=32768 lower_level_bytes=16777216 -> evict_bytes=1073741824 (scaled 4096/64x) ==
-- survived-class calibration (evict_bytes=target_bytes, nothing evicted) --
  survived-class (single-shot, calibrated here): 52.584 ticks
  invalidated-class (from data_processed/hazel_cascadelake/phase1_v2/latency/miss/LLC_to_DRAM/base_random_summary_20260916T044250Z.csv): 712.0 ticks
-- base (seed=12345) --
  wrote 402 lines -> data_raw/hazel_cascadelake/phase1_v2/inclusion_policy/L1_vs_LLC/inclusion_policy_base_random_20260916T054846Z.csv (pattern=random seed=12345)
Wrote 2 summary rows to data_processed/hazel_cascadelake/phase1_v2/inclusion_policy/L1_vs_LLC/base_random_summary_20260916T054846Z.csv
  wrote 402 lines -> data_raw/hazel_cascadelake/phase1_v2/inclusion_policy/L1_vs_LLC/inclusion_policy_base_sequential_20260916T054846Z.csv (pattern=sequential seed=12345)
Wrote 2 summary rows to data_processed/hazel_cascadelake/phase1_v2/inclusion_policy/L1_vs_LLC/base_sequential_summary_20260916T054846Z.csv
-- rep1 (seed=12346) --
  wrote 402 lines -> data_raw/hazel_cascadelake/phase1_v2/inclusion_policy/L1_vs_LLC/inclusion_policy_rep1_random_20260916T054846Z.csv (pattern=random seed=12346)
Wrote 2 summary rows to data_processed/hazel_cascadelake/phase1_v2/inclusion_policy/L1_vs_LLC/rep1_random_summary_20260916T054846Z.csv
  wrote 402 lines -> data_raw/hazel_cascadelake/phase1_v2/inclusion_policy/L1_vs_LLC/inclusion_policy_rep1_sequential_20260916T054846Z.csv (pattern=sequential seed=12346)
Wrote 2 summary rows to data_processed/hazel_cascadelake/phase1_v2/inclusion_policy/L1_vs_LLC/rep1_sequential_summary_20260916T054846Z.csv
-- rep2 (seed=12347) --
  wrote 402 lines -> data_raw/hazel_cascadelake/phase1_v2/inclusion_policy/L1_vs_LLC/inclusion_policy_rep2_random_20260916T054846Z.csv (pattern=random seed=12347)
Wrote 2 summary rows to data_processed/hazel_cascadelake/phase1_v2/inclusion_policy/L1_vs_LLC/rep2_random_summary_20260916T054846Z.csv
  wrote 402 lines -> data_raw/hazel_cascadelake/phase1_v2/inclusion_policy/L1_vs_LLC/inclusion_policy_rep2_sequential_20260916T054846Z.csv (pattern=sequential seed=12347)
Wrote 2 summary rows to data_processed/hazel_cascadelake/phase1_v2/inclusion_policy/L1_vs_LLC/rep2_sequential_summary_20260916T054846Z.csv
Survived-class (upper-level hit) median:       52.58 ticks
Invalidated-class (beyond-lower-level) median: 712.00 ticks
Classification boundary (geometric mean):      193.49 ticks

TARGET channel  (n=200): median=67.0 mean=127.7 ticks -- 165 survived-like (82.5%), 0 ambiguous, 35 invalidated-like (17.5%)
CONTROL channel (n=200): median=67.0 mean=100.7 ticks -- 167 survived-like (83.5%), 1 ambiguous, 32 invalidated-like (16.0%)
Paired check: target read slower than its own trial's control in 45.5% of trials (distribution-free, independent of the class boundary above)

VERDICT: EXCLUSIVE / NON-INCLUSIVE (upper-level copy consistently survived lower-level eviction)
-- generating plots for L1_vs_LLC --
  note: ('target', 'random') has 3 overlapping summary rows with medians [67.0, 295.0, 269.0] (spread 228.0 ticks, 108.4%) -- averaging, widening whiskers to the union
  note: ('control', 'random') has 3 overlapping summary rows with medians [67.0, 250.0, 248.0] (spread 183.0 ticks, 97.2%) -- averaging, widening whiskers to the union
Wrote data_processed/hazel_cascadelake/phase1_v2/inclusion_policy/L1_vs_LLC/plots/inclusion_policy_boxplots.pdf and .png
-- compressing raw CSVs for L1_vs_LLC --

== done ==
== L1_vs_L2: VERDICT: UNCERTAIN (confound suspected -- see warning above) ==
== L2_vs_LLC: VERDICT: UNCERTAIN (confound suspected -- see warning above) ==
== L1_vs_LLC: VERDICT: EXCLUSIVE / NON-INCLUSIVE (upper-level copy consistently survived lower-level eviction) ==
== record in data_raw/hazel_cascadelake/phase1_v2/README.md: core=17, base_seed=12345 (repeats use base_seed+index), trials=200, assumed_line_size_bytes=64, timestamp=20260916T054846Z ==
== full transcript saved to: data_raw/hazel_cascadelake/phase1_v2/inclusion_policy/run_inclusion_policy_full_20260916T054846Z.log ==

=== Done ===

------------------------------------------------------------
Resource usage summary:

    Job ID            : 848757
    Job name          : hw1_inclpol_relook
    User / Account    : krchen / ece592f26_cpu
    Partition / QOS   : compute_partners / short
    Submitted         : 2026-09-16T00:34:12
    Started           : 2026-09-16T01:48:44
    Wait time         : 4472 sec
    Elapsed (wall)    : 00:01:19
    Nodes             : 1 (c020n01)
    CPUs allocated    : 1
    Tasks             : 1
    CPU time (total)  : 73.34 sec  (user 68.90, sys 4.45)
    CPU efficiency    : 92.8%
    Memory in use     : 1.02 GB  (sampled at job end; see seff for peak)
    Memory requested  : 8G
    Working directory : /gpfs_common/share01/titan/krchen/Proj1-Cache-Reverse-Engineering
    Exit code         : 0:0

    For final accounting (Slurm's MaxRSS, billing, etc.):  seff 848757
------------------------------------------------------------
