=== Machine identification (Phase Discipline whitelist only) ===
c021n01
Linux c021n01 5.14.0-611.5.1.el9_7.x86_64 #1 SMP PREEMPT_DYNAMIC Fri Oct 17 14:16:35 EDT 2025 x86_64 x86_64 x86_64 GNU/Linux
model name	: Intel(R) Xeon(R) Gold 6226R CPU @ 2.90GHz
Assigned core (informational): 0, SLURM_JOB_ID=848711

=== Running scripts/run_line_size.sh (HAZEL_MODE=1) for hazel_cascadelake/phase1_v2, boundaries=32768,1048576,16777216 ===
== run_line_size: machine=hazel_cascadelake/phase1_v2 core=0 seed=12345 ==
== timestamp=20260916T042939Z boundaries=32768,1048576,16777216 coarse_strides=8,16,32,64,128,256 ==

############################################################
## LEVEL boundary=32768B -- Method A window=[4096,131072] bytes
############################################################
-- [L32768 A coarse] stride=8B pattern=random offset=0B --
  wrote 31002 lines -> data_raw/hazel_cascadelake/phase1_v2/line_size/level_32768/family_8_random_20260916T042939Z.csv
Wrote 31 summary rows to data_processed/hazel_cascadelake/phase1_v2/line_size/level_32768/family_8_random_summary.csv
-- [L32768 A coarse] stride=8B pattern=sequential offset=0B --
  wrote 31002 lines -> data_raw/hazel_cascadelake/phase1_v2/line_size/level_32768/family_8_sequential_20260916T042939Z.csv
Wrote 31 summary rows to data_processed/hazel_cascadelake/phase1_v2/line_size/level_32768/family_8_sequential_summary.csv
-- [L32768 A coarse] stride=16B pattern=random offset=0B --
  wrote 31002 lines -> data_raw/hazel_cascadelake/phase1_v2/line_size/level_32768/family_16_random_20260916T042939Z.csv
Wrote 31 summary rows to data_processed/hazel_cascadelake/phase1_v2/line_size/level_32768/family_16_random_summary.csv
-- [L32768 A coarse] stride=16B pattern=sequential offset=0B --
  wrote 31002 lines -> data_raw/hazel_cascadelake/phase1_v2/line_size/level_32768/family_16_sequential_20260916T042939Z.csv
Wrote 31 summary rows to data_processed/hazel_cascadelake/phase1_v2/line_size/level_32768/family_16_sequential_summary.csv
-- [L32768 A coarse] stride=32B pattern=random offset=0B --
  wrote 31002 lines -> data_raw/hazel_cascadelake/phase1_v2/line_size/level_32768/family_32_random_20260916T042939Z.csv
Wrote 31 summary rows to data_processed/hazel_cascadelake/phase1_v2/line_size/level_32768/family_32_random_summary.csv
-- [L32768 A coarse] stride=32B pattern=sequential offset=0B --
  wrote 31002 lines -> data_raw/hazel_cascadelake/phase1_v2/line_size/level_32768/family_32_sequential_20260916T042939Z.csv
Wrote 31 summary rows to data_processed/hazel_cascadelake/phase1_v2/line_size/level_32768/family_32_sequential_summary.csv
-- [L32768 A coarse] stride=64B pattern=random offset=0B --
  wrote 31002 lines -> data_raw/hazel_cascadelake/phase1_v2/line_size/level_32768/family_64_random_20260916T042939Z.csv
Wrote 31 summary rows to data_processed/hazel_cascadelake/phase1_v2/line_size/level_32768/family_64_random_summary.csv
-- [L32768 A coarse] stride=64B pattern=sequential offset=0B --
  wrote 31002 lines -> data_raw/hazel_cascadelake/phase1_v2/line_size/level_32768/family_64_sequential_20260916T042939Z.csv
Wrote 31 summary rows to data_processed/hazel_cascadelake/phase1_v2/line_size/level_32768/family_64_sequential_summary.csv
-- [L32768 A coarse] stride=128B pattern=random offset=0B --
  wrote 31002 lines -> data_raw/hazel_cascadelake/phase1_v2/line_size/level_32768/family_128_random_20260916T042939Z.csv
Wrote 31 summary rows to data_processed/hazel_cascadelake/phase1_v2/line_size/level_32768/family_128_random_summary.csv
-- [L32768 A coarse] stride=128B pattern=sequential offset=0B --
  wrote 31002 lines -> data_raw/hazel_cascadelake/phase1_v2/line_size/level_32768/family_128_sequential_20260916T042939Z.csv
Wrote 31 summary rows to data_processed/hazel_cascadelake/phase1_v2/line_size/level_32768/family_128_sequential_summary.csv
-- [L32768 A coarse] stride=256B pattern=random offset=0B --
  wrote 31002 lines -> data_raw/hazel_cascadelake/phase1_v2/line_size/level_32768/family_256_random_20260916T042939Z.csv
Wrote 31 summary rows to data_processed/hazel_cascadelake/phase1_v2/line_size/level_32768/family_256_random_summary.csv
-- [L32768 A coarse] stride=256B pattern=sequential offset=0B --
  wrote 31002 lines -> data_raw/hazel_cascadelake/phase1_v2/line_size/level_32768/family_256_sequential_20260916T042939Z.csv
Wrote 31 summary rows to data_processed/hazel_cascadelake/phase1_v2/line_size/level_32768/family_256_sequential_summary.csv
-- [L32768 A steps 1-3] generating coarse family-of-curves plots --
Wrote data_processed/hazel_cascadelake/phase1_v2/line_size/level_32768/plots/line_size_family_curve.pdf and .png
-- per-stride elbow (bytes): {8B: 65536, 16B: 58384, 32B: None, 64B: None, 128B: 36736, 256B: 36608}
-- line-size estimate: smallest candidate stride whose elbow agrees with largest tested stride (~36608 bytes) is 128B -- see infer_line_size's docstring caveat on the fixed grid resolution before citing this as a clean line-size number on its own
Wrote data_processed/hazel_cascadelake/phase1_v2/line_size/level_32768/plots/line_size_family_boxplots.pdf and .png
   (the per-stride elbow / line-size-estimate lines just above are
   plot_line_size_family.py's own diagnostic guess from ONE un-repeated coarse
   sweep -- NOT auto-applied below; see data_processed/hazel_cascadelake/phase1_v2/line_size/level_32768/plots/line_size_family_curve.png
   and decide the step-4 candidate yourself)
== [L32768 A] no candidate given for this level -- inspect
   data_processed/hazel_cascadelake/phase1_v2/line_size/level_32768/plots/line_size_family_curve.png yourself and re-run with an
   explicit candidate stride in candidate_overrides_csv for this level (no
   auto-detection: it proved unreliable across runs/cores, see the script's
   header comment). Skipping Method-A step 4.

-- [L32768 B] single-curve method, footprint_bytes=65536 (2.0x boundary) --
-- [L32768 B coarse] stride 8-1024 bytes (step 8) --
  wrote 128002 lines -> data_raw/hazel_cascadelake/phase1_v2/line_size/level_32768/singlecurve_coarse_random_20260916T042939Z.csv
  wrote 128002 lines -> data_raw/hazel_cascadelake/phase1_v2/line_size/level_32768/singlecurve_coarse_sequential_20260916T042939Z.csv
Wrote 128 summary rows to data_processed/hazel_cascadelake/phase1_v2/line_size/level_32768/singlecurve_coarse_random_summary.csv
Wrote 128 summary rows to data_processed/hazel_cascadelake/phase1_v2/line_size/level_32768/singlecurve_coarse_sequential_summary.csv
-- [L32768 B] detected line-size estimate (bytes): none --
-- [L32768 B] no transition detected in the coarse sweep; skipping dense/repeat stages --
-- [L32768 B] generating single-curve plots --
  note: flagged 5 isolated spike stride(s) as probable page-aliasing artifacts: [8, 16, 256, 512, 1024]
Wrote data_processed/hazel_cascadelake/phase1_v2/line_size/level_32768/plots/line_size_curve.pdf and .png
Wrote data_processed/hazel_cascadelake/phase1_v2/line_size/level_32768/plots/line_size_boxplots.pdf and .png
-- compressing raw CSVs for level 32768 --

############################################################
## LEVEL boundary=1048576B -- Method A window=[131072,4194304] bytes
############################################################
-- [L1048576 A coarse] stride=8B pattern=random offset=0B --
  wrote 31002 lines -> data_raw/hazel_cascadelake/phase1_v2/line_size/level_1048576/family_8_random_20260916T042939Z.csv
Wrote 31 summary rows to data_processed/hazel_cascadelake/phase1_v2/line_size/level_1048576/family_8_random_summary.csv
-- [L1048576 A coarse] stride=8B pattern=sequential offset=0B --
  wrote 31002 lines -> data_raw/hazel_cascadelake/phase1_v2/line_size/level_1048576/family_8_sequential_20260916T042939Z.csv
Wrote 31 summary rows to data_processed/hazel_cascadelake/phase1_v2/line_size/level_1048576/family_8_sequential_summary.csv
-- [L1048576 A coarse] stride=16B pattern=random offset=0B --
  wrote 31002 lines -> data_raw/hazel_cascadelake/phase1_v2/line_size/level_1048576/family_16_random_20260916T042939Z.csv
Wrote 31 summary rows to data_processed/hazel_cascadelake/phase1_v2/line_size/level_1048576/family_16_random_summary.csv
-- [L1048576 A coarse] stride=16B pattern=sequential offset=0B --
  wrote 31002 lines -> data_raw/hazel_cascadelake/phase1_v2/line_size/level_1048576/family_16_sequential_20260916T042939Z.csv
Wrote 31 summary rows to data_processed/hazel_cascadelake/phase1_v2/line_size/level_1048576/family_16_sequential_summary.csv
-- [L1048576 A coarse] stride=32B pattern=random offset=0B --
  wrote 31002 lines -> data_raw/hazel_cascadelake/phase1_v2/line_size/level_1048576/family_32_random_20260916T042939Z.csv
Wrote 31 summary rows to data_processed/hazel_cascadelake/phase1_v2/line_size/level_1048576/family_32_random_summary.csv
-- [L1048576 A coarse] stride=32B pattern=sequential offset=0B --
  wrote 31002 lines -> data_raw/hazel_cascadelake/phase1_v2/line_size/level_1048576/family_32_sequential_20260916T042939Z.csv
Wrote 31 summary rows to data_processed/hazel_cascadelake/phase1_v2/line_size/level_1048576/family_32_sequential_summary.csv
-- [L1048576 A coarse] stride=64B pattern=random offset=0B --
  wrote 31002 lines -> data_raw/hazel_cascadelake/phase1_v2/line_size/level_1048576/family_64_random_20260916T042939Z.csv
Wrote 31 summary rows to data_processed/hazel_cascadelake/phase1_v2/line_size/level_1048576/family_64_random_summary.csv
-- [L1048576 A coarse] stride=64B pattern=sequential offset=0B --
  wrote 31002 lines -> data_raw/hazel_cascadelake/phase1_v2/line_size/level_1048576/family_64_sequential_20260916T042939Z.csv
Wrote 31 summary rows to data_processed/hazel_cascadelake/phase1_v2/line_size/level_1048576/family_64_sequential_summary.csv
-- [L1048576 A coarse] stride=128B pattern=random offset=0B --
  wrote 31002 lines -> data_raw/hazel_cascadelake/phase1_v2/line_size/level_1048576/family_128_random_20260916T042939Z.csv
Wrote 31 summary rows to data_processed/hazel_cascadelake/phase1_v2/line_size/level_1048576/family_128_random_summary.csv
-- [L1048576 A coarse] stride=128B pattern=sequential offset=0B --
  wrote 31002 lines -> data_raw/hazel_cascadelake/phase1_v2/line_size/level_1048576/family_128_sequential_20260916T042939Z.csv
Wrote 31 summary rows to data_processed/hazel_cascadelake/phase1_v2/line_size/level_1048576/family_128_sequential_summary.csv
-- [L1048576 A coarse] stride=256B pattern=random offset=0B --
  wrote 31002 lines -> data_raw/hazel_cascadelake/phase1_v2/line_size/level_1048576/family_256_random_20260916T042939Z.csv
Wrote 31 summary rows to data_processed/hazel_cascadelake/phase1_v2/line_size/level_1048576/family_256_random_summary.csv
-- [L1048576 A coarse] stride=256B pattern=sequential offset=0B --
  wrote 31002 lines -> data_raw/hazel_cascadelake/phase1_v2/line_size/level_1048576/family_256_sequential_20260916T042939Z.csv
Wrote 31 summary rows to data_processed/hazel_cascadelake/phase1_v2/line_size/level_1048576/family_256_sequential_summary.csv
-- [L1048576 A steps 1-3] generating coarse family-of-curves plots --
Wrote data_processed/hazel_cascadelake/phase1_v2/line_size/level_1048576/plots/line_size_family_curve.pdf and .png
-- per-stride elbow (bytes): {8B: 2965816, 16B: 3329008, 32B: 3736672, 64B: 3328960, 128B: 1664384, 256B: 1664256}
-- line-size estimate: smallest candidate stride whose elbow agrees with largest tested stride (~1664256 bytes) is 128B -- see infer_line_size's docstring caveat on the fixed grid resolution before citing this as a clean line-size number on its own
Wrote data_processed/hazel_cascadelake/phase1_v2/line_size/level_1048576/plots/line_size_family_boxplots.pdf and .png
   (the per-stride elbow / line-size-estimate lines just above are
   plot_line_size_family.py's own diagnostic guess from ONE un-repeated coarse
   sweep -- NOT auto-applied below; see data_processed/hazel_cascadelake/phase1_v2/line_size/level_1048576/plots/line_size_family_curve.png
   and decide the step-4 candidate yourself)
== [L1048576 A] no candidate given for this level -- inspect
   data_processed/hazel_cascadelake/phase1_v2/line_size/level_1048576/plots/line_size_family_curve.png yourself and re-run with an
   explicit candidate stride in candidate_overrides_csv for this level (no
   auto-detection: it proved unreliable across runs/cores, see the script's
   header comment). Skipping Method-A step 4.

-- [L1048576 B] single-curve method, footprint_bytes=2097152 (2.0x boundary) --
-- [L1048576 B coarse] stride 8-1024 bytes (step 8) --
  wrote 128002 lines -> data_raw/hazel_cascadelake/phase1_v2/line_size/level_1048576/singlecurve_coarse_random_20260916T042939Z.csv
  wrote 128002 lines -> data_raw/hazel_cascadelake/phase1_v2/line_size/level_1048576/singlecurve_coarse_sequential_20260916T042939Z.csv
Wrote 128 summary rows to data_processed/hazel_cascadelake/phase1_v2/line_size/level_1048576/singlecurve_coarse_random_summary.csv
Wrote 128 summary rows to data_processed/hazel_cascadelake/phase1_v2/line_size/level_1048576/singlecurve_coarse_sequential_summary.csv
-- [L1048576 B] detected line-size estimate (bytes): none --
-- [L1048576 B] no transition detected in the coarse sweep; skipping dense/repeat stages --
-- [L1048576 B] generating single-curve plots --
  note: flagged 5 isolated spike stride(s) as probable page-aliasing artifacts: [8, 128, 256, 512, 1024]
Wrote data_processed/hazel_cascadelake/phase1_v2/line_size/level_1048576/plots/line_size_curve.pdf and .png
Wrote data_processed/hazel_cascadelake/phase1_v2/line_size/level_1048576/plots/line_size_boxplots.pdf and .png
-- compressing raw CSVs for level 1048576 --

############################################################
## LEVEL boundary=16777216B -- Method A window=[2097152,67108864] bytes
############################################################
-- [L16777216 A coarse] stride=8B pattern=random offset=0B --
  wrote 31002 lines -> data_raw/hazel_cascadelake/phase1_v2/line_size/level_16777216/family_8_random_20260916T042939Z.csv
Wrote 31 summary rows to data_processed/hazel_cascadelake/phase1_v2/line_size/level_16777216/family_8_random_summary.csv
-- [L16777216 A coarse] stride=8B pattern=sequential offset=0B --
  wrote 31002 lines -> data_raw/hazel_cascadelake/phase1_v2/line_size/level_16777216/family_8_sequential_20260916T042939Z.csv
Wrote 31 summary rows to data_processed/hazel_cascadelake/phase1_v2/line_size/level_16777216/family_8_sequential_summary.csv
-- [L16777216 A coarse] stride=16B pattern=random offset=0B --
  wrote 31002 lines -> data_raw/hazel_cascadelake/phase1_v2/line_size/level_16777216/family_16_random_20260916T042939Z.csv
Wrote 31 summary rows to data_processed/hazel_cascadelake/phase1_v2/line_size/level_16777216/family_16_random_summary.csv
-- [L16777216 A coarse] stride=16B pattern=sequential offset=0B --
  wrote 31002 lines -> data_raw/hazel_cascadelake/phase1_v2/line_size/level_16777216/family_16_sequential_20260916T042939Z.csv
Wrote 31 summary rows to data_processed/hazel_cascadelake/phase1_v2/line_size/level_16777216/family_16_sequential_summary.csv
-- [L16777216 A coarse] stride=32B pattern=random offset=0B --
  wrote 31002 lines -> data_raw/hazel_cascadelake/phase1_v2/line_size/level_16777216/family_32_random_20260916T042939Z.csv
Wrote 31 summary rows to data_processed/hazel_cascadelake/phase1_v2/line_size/level_16777216/family_32_random_summary.csv
-- [L16777216 A coarse] stride=32B pattern=sequential offset=0B --
  wrote 31002 lines -> data_raw/hazel_cascadelake/phase1_v2/line_size/level_16777216/family_32_sequential_20260916T042939Z.csv
Wrote 31 summary rows to data_processed/hazel_cascadelake/phase1_v2/line_size/level_16777216/family_32_sequential_summary.csv
-- [L16777216 A coarse] stride=64B pattern=random offset=0B --
  wrote 31002 lines -> data_raw/hazel_cascadelake/phase1_v2/line_size/level_16777216/family_64_random_20260916T042939Z.csv
Wrote 31 summary rows to data_processed/hazel_cascadelake/phase1_v2/line_size/level_16777216/family_64_random_summary.csv
-- [L16777216 A coarse] stride=64B pattern=sequential offset=0B --
  wrote 31002 lines -> data_raw/hazel_cascadelake/phase1_v2/line_size/level_16777216/family_64_sequential_20260916T042939Z.csv
Wrote 31 summary rows to data_processed/hazel_cascadelake/phase1_v2/line_size/level_16777216/family_64_sequential_summary.csv
-- [L16777216 A coarse] stride=128B pattern=random offset=0B --
  wrote 31002 lines -> data_raw/hazel_cascadelake/phase1_v2/line_size/level_16777216/family_128_random_20260916T042939Z.csv
Wrote 31 summary rows to data_processed/hazel_cascadelake/phase1_v2/line_size/level_16777216/family_128_random_summary.csv
-- [L16777216 A coarse] stride=128B pattern=sequential offset=0B --
  wrote 31002 lines -> data_raw/hazel_cascadelake/phase1_v2/line_size/level_16777216/family_128_sequential_20260916T042939Z.csv
Wrote 31 summary rows to data_processed/hazel_cascadelake/phase1_v2/line_size/level_16777216/family_128_sequential_summary.csv
-- [L16777216 A coarse] stride=256B pattern=random offset=0B --

------------------------------------------------------------
Resource usage summary:

    Job ID            : 848711
    Job name          : hw1_ls_relook
    User / Account    : krchen / ece592f26_cpu
    Partition / QOS   : compute_partners / short
    Submitted         : 2026-09-16T00:29:28
    Started           : 2026-09-16T00:29:37
    Wait time         : 9 sec
    Elapsed (wall)    : 00:02:18
    Nodes             : 1 (c021n01)
    CPUs allocated    : 1
    Tasks             : 1
    CPU time (total)  : 79.97 sec  (user 70.87, sys 9.10)
    CPU efficiency    : 57.9%
    Memory in use     : 144.82 MB  (sampled at job end; see seff for peak)
    Memory requested  : 8G
    Working directory : /gpfs_common/share01/titan/krchen/Proj1-Cache-Reverse-Engineering
    Exit code         : 0:0

    For final accounting (Slurm's MaxRSS, billing, etc.):  seff 848711
------------------------------------------------------------
