=== Machine identification (Phase Discipline whitelist only) ===
c021n03
Linux c021n03 5.14.0-611.5.1.el9_7.x86_64 #1 SMP PREEMPT_DYNAMIC Fri Oct 17 14:16:35 EDT 2025 x86_64 x86_64 x86_64 GNU/Linux
model name	: Intel(R) Xeon(R) Gold 6226R CPU @ 2.90GHz
Assigned logical CPU: 16, SLURM_JOB_ID=848676

=== Running scripts/run_associativity_full.sh (HAZEL_MODE=1) for hazel_cascadelake/phase1_v2, cache_bytes=32768,1048576,16777216 ===
== run_associativity_full: machine=hazel_cascadelake/phase1_v2 core=16 base_seed=12345 max_ways=40 ==
== timestamp=20260916T042807Z ==
-- using explicit cache_bytes override: 32768 1048576 16777216 --

== level L1: cache_bytes=32768 ==
-- base sweep num_ways=2-40 --
  wrote 39002 lines -> data_raw/hazel_cascadelake/phase1_v2/associativity/L1/associativity_base_random_20260916T042807Z.csv (seed=12345)
  wrote 39002 lines -> data_raw/hazel_cascadelake/phase1_v2/associativity/L1/associativity_base_sequential_20260916T042807Z.csv (seed=12345)
Wrote 39 summary rows to data_processed/hazel_cascadelake/phase1_v2/associativity/L1/base_random_summary_20260916T042807Z.csv
Wrote 39 summary rows to data_processed/hazel_cascadelake/phase1_v2/associativity/L1/base_sequential_summary_20260916T042807Z.csv
-- detected associativity estimate: 8 --
  -- repeat 1/2 (seed=12346) --
  wrote 39002 lines -> data_raw/hazel_cascadelake/phase1_v2/associativity/L1/associativity_rep1_random_20260916T042807Z.csv (seed=12346)
  wrote 39002 lines -> data_raw/hazel_cascadelake/phase1_v2/associativity/L1/associativity_rep1_sequential_20260916T042807Z.csv (seed=12346)
Wrote 39 summary rows to data_processed/hazel_cascadelake/phase1_v2/associativity/L1/rep1_random_summary_20260916T042807Z.csv
Wrote 39 summary rows to data_processed/hazel_cascadelake/phase1_v2/associativity/L1/rep1_sequential_summary_20260916T042807Z.csv
     repeat 1 detected estimate: 8
  -- repeat 2/2 (seed=12347) --
  wrote 39002 lines -> data_raw/hazel_cascadelake/phase1_v2/associativity/L1/associativity_rep2_random_20260916T042807Z.csv (seed=12347)
  wrote 39002 lines -> data_raw/hazel_cascadelake/phase1_v2/associativity/L1/associativity_rep2_sequential_20260916T042807Z.csv (seed=12347)
Wrote 39 summary rows to data_processed/hazel_cascadelake/phase1_v2/associativity/L1/rep2_random_summary_20260916T042807Z.csv
Wrote 39 summary rows to data_processed/hazel_cascadelake/phase1_v2/associativity/L1/rep2_sequential_summary_20260916T042807Z.csv
     repeat 2 detected estimate: 8
-- generating plots for L1 --
  note: num_ways=2 (random) has 3 overlapping summary rows with medians [6.8, 6.8, 8.4] (spread 1.6 ticks, 22.3%) -- averaging, widening whiskers to the union
  note: num_ways=3 (random) has 3 overlapping summary rows with medians [6.8, 6.8, 8.4] (spread 1.6 ticks, 22.3%) -- averaging, widening whiskers to the union
  note: num_ways=7 (random) has 3 overlapping summary rows with medians [6.8, 9.1, 6.8] (spread 2.3 ticks, 30.6%) -- averaging, widening whiskers to the union
  note: num_ways=8 (random) has 3 overlapping summary rows with medians [8.6, 8.6, 6.8] (spread 1.8 ticks, 22.7%) -- averaging, widening whiskers to the union
  note: num_ways=2 (sequential) has 3 overlapping summary rows with medians [6.8, 9.0, 6.8] (spread 2.3 ticks, 30.0%) -- averaging, widening whiskers to the union
  note: num_ways=3 (sequential) has 3 overlapping summary rows with medians [6.8, 9.0, 6.8] (spread 2.3 ticks, 30.0%) -- averaging, widening whiskers to the union
  note: num_ways=7 (sequential) has 3 overlapping summary rows with medians [6.8, 6.8, 12.3] (spread 5.6 ticks, 64.4%) -- averaging, widening whiskers to the union
  note: num_ways=8 (sequential) has 3 overlapping summary rows with medians [6.8, 6.8, 16.5] (spread 9.7 ticks, 97.2%) -- averaging, widening whiskers to the union
Wrote data_processed/hazel_cascadelake/phase1_v2/associativity/L1/plots/associativity_curve.pdf and .png
Wrote data_processed/hazel_cascadelake/phase1_v2/associativity/L1/plots/associativity_boxplots.pdf and .png
-- compressing raw CSVs for L1 --

== level L2: cache_bytes=1048576 ==
-- base sweep num_ways=2-40 --
  wrote 39002 lines -> data_raw/hazel_cascadelake/phase1_v2/associativity/L2/associativity_base_random_20260916T042807Z.csv (seed=12345)
  wrote 39002 lines -> data_raw/hazel_cascadelake/phase1_v2/associativity/L2/associativity_base_sequential_20260916T042807Z.csv (seed=12345)
Wrote 39 summary rows to data_processed/hazel_cascadelake/phase1_v2/associativity/L2/base_random_summary_20260916T042807Z.csv
Wrote 39 summary rows to data_processed/hazel_cascadelake/phase1_v2/associativity/L2/base_sequential_summary_20260916T042807Z.csv
-- detected associativity estimate: 8 --
  -- repeat 1/2 (seed=12346) --
  wrote 39002 lines -> data_raw/hazel_cascadelake/phase1_v2/associativity/L2/associativity_rep1_random_20260916T042807Z.csv (seed=12346)
  wrote 39002 lines -> data_raw/hazel_cascadelake/phase1_v2/associativity/L2/associativity_rep1_sequential_20260916T042807Z.csv (seed=12346)
Wrote 39 summary rows to data_processed/hazel_cascadelake/phase1_v2/associativity/L2/rep1_random_summary_20260916T042807Z.csv
Wrote 39 summary rows to data_processed/hazel_cascadelake/phase1_v2/associativity/L2/rep1_sequential_summary_20260916T042807Z.csv
     repeat 1 detected estimate: 8
  -- repeat 2/2 (seed=12347) --
  wrote 39002 lines -> data_raw/hazel_cascadelake/phase1_v2/associativity/L2/associativity_rep2_random_20260916T042807Z.csv (seed=12347)
  wrote 39002 lines -> data_raw/hazel_cascadelake/phase1_v2/associativity/L2/associativity_rep2_sequential_20260916T042807Z.csv (seed=12347)
Wrote 39 summary rows to data_processed/hazel_cascadelake/phase1_v2/associativity/L2/rep2_random_summary_20260916T042807Z.csv
Wrote 39 summary rows to data_processed/hazel_cascadelake/phase1_v2/associativity/L2/rep2_sequential_summary_20260916T042807Z.csv
     repeat 2 detected estimate: 8
-- generating plots for L2 --
  note: num_ways=18 (random) has 3 overlapping summary rows with medians [40.6, 14.0, 14.0] (spread 26.6 ticks, 116.0%) -- averaging, widening whiskers to the union
  note: num_ways=2 (sequential) has 3 overlapping summary rows with medians [6.8, 6.8, 9.0] (spread 2.3 ticks, 30.0%) -- averaging, widening whiskers to the union
  note: num_ways=3 (sequential) has 3 overlapping summary rows with medians [6.8, 7.6, 9.0] (spread 2.3 ticks, 28.9%) -- averaging, widening whiskers to the union
Wrote data_processed/hazel_cascadelake/phase1_v2/associativity/L2/plots/associativity_curve.pdf and .png
Wrote data_processed/hazel_cascadelake/phase1_v2/associativity/L2/plots/associativity_boxplots.pdf and .png
-- compressing raw CSVs for L2 --

== level L3_LLC: cache_bytes=16777216 ==
-- base sweep num_ways=2-40 --
  wrote 39002 lines -> data_raw/hazel_cascadelake/phase1_v2/associativity/L3_LLC/associativity_base_random_20260916T042807Z.csv (seed=12345)
  wrote 39002 lines -> data_raw/hazel_cascadelake/phase1_v2/associativity/L3_LLC/associativity_base_sequential_20260916T042807Z.csv (seed=12345)
Wrote 39 summary rows to data_processed/hazel_cascadelake/phase1_v2/associativity/L3_LLC/base_random_summary_20260916T042807Z.csv
Wrote 39 summary rows to data_processed/hazel_cascadelake/phase1_v2/associativity/L3_LLC/base_sequential_summary_20260916T042807Z.csv
-- detected associativity estimate: 8 --
  -- repeat 1/2 (seed=12346) --
  wrote 39002 lines -> data_raw/hazel_cascadelake/phase1_v2/associativity/L3_LLC/associativity_rep1_random_20260916T042807Z.csv (seed=12346)
  wrote 39002 lines -> data_raw/hazel_cascadelake/phase1_v2/associativity/L3_LLC/associativity_rep1_sequential_20260916T042807Z.csv (seed=12346)
Wrote 39 summary rows to data_processed/hazel_cascadelake/phase1_v2/associativity/L3_LLC/rep1_random_summary_20260916T042807Z.csv
Wrote 39 summary rows to data_processed/hazel_cascadelake/phase1_v2/associativity/L3_LLC/rep1_sequential_summary_20260916T042807Z.csv
     repeat 1 detected estimate: 8
  -- repeat 2/2 (seed=12347) --
  wrote 39002 lines -> data_raw/hazel_cascadelake/phase1_v2/associativity/L3_LLC/associativity_rep2_random_20260916T042807Z.csv (seed=12347)
  wrote 39002 lines -> data_raw/hazel_cascadelake/phase1_v2/associativity/L3_LLC/associativity_rep2_sequential_20260916T042807Z.csv (seed=12347)
Wrote 39 summary rows to data_processed/hazel_cascadelake/phase1_v2/associativity/L3_LLC/rep2_random_summary_20260916T042807Z.csv
Wrote 39 summary rows to data_processed/hazel_cascadelake/phase1_v2/associativity/L3_LLC/rep2_sequential_summary_20260916T042807Z.csv
     repeat 2 detected estimate: 8
-- generating plots for L3_LLC --
  note: num_ways=2 (random) has 3 overlapping summary rows with medians [6.8, 11.6, 9.0] (spread 4.8 ticks, 53.0%) -- averaging, widening whiskers to the union
  note: num_ways=3 (random) has 3 overlapping summary rows with medians [7.0, 6.8, 9.0] (spread 2.3 ticks, 29.7%) -- averaging, widening whiskers to the union
  note: num_ways=3 (sequential) has 3 overlapping summary rows with medians [6.8, 9.0, 9.4] (spread 2.6 ticks, 30.9%) -- averaging, widening whiskers to the union
  note: num_ways=18 (sequential) has 3 overlapping summary rows with medians [29.7, 30.8, 38.4] (spread 8.7 ticks, 26.3%) -- averaging, widening whiskers to the union
Wrote data_processed/hazel_cascadelake/phase1_v2/associativity/L3_LLC/plots/associativity_curve.pdf and .png
Wrote data_processed/hazel_cascadelake/phase1_v2/associativity/L3_LLC/plots/associativity_boxplots.pdf and .png
-- compressing raw CSVs for L3_LLC --

== done ==
== L1: cache_bytes=32768 -> associativity=8 (repeats: 8 8) ==
== L2: cache_bytes=1048576 -> associativity=8 (repeats: 8 8) ==
== L3_LLC: cache_bytes=16777216 -> associativity=8 (repeats: 8 8) ==
== record in data_raw/hazel_cascadelake/phase1_v2/README.md: core=16, base_seed=12345 (repeats use base_seed+index), samples=1000000, max_ways=40, timestamp=20260916T042807Z ==
== full transcript saved to: data_raw/hazel_cascadelake/phase1_v2/associativity/run_associativity_full_20260916T042807Z.log ==

=== Done ===

------------------------------------------------------------
Resource usage summary:

    Job ID            : 848676
    Job name          : hw1_assoc_relook
    User / Account    : krchen / ece592f26_cpu
    Partition / QOS   : compute_partners / short
    Submitted         : 2026-09-16T00:27:52
    Started           : 2026-09-16T00:28:06
    Wait time         : 14 sec
    Elapsed (wall)    : 00:01:52
    Nodes             : 1 (c021n03)
    CPUs allocated    : 1
    Tasks             : 1
    CPU time (total)  : 26.79 sec  (user 20.07, sys 6.72)
    CPU efficiency    : 23.9%
    Memory in use     : 94.46 MB  (sampled at job end; see seff for peak)
    Memory requested  : 8G
    Working directory : /gpfs_common/share01/titan/krchen/Proj1-Cache-Reverse-Engineering
    Exit code         : 0:0

    For final accounting (Slurm's MaxRSS, billing, etc.):  seff 848676
------------------------------------------------------------
