== run_hit_latency_full: machine=artemisia core=4 base_seed=12345 ==
== timestamp=20260913T060959Z ==

== level L1: footprint_bytes=49152 ==
-- base (seed=12345) --
  wrote 1002 lines -> data_raw/artemisia/latency/hit/L1/hit_latency_base_dependent_random_20260913T060959Z.csv (mode=dependent pattern=random seed=12345)
Wrote 1 summary rows to data_processed/artemisia/latency/hit/L1/base_dependent_random_summary_20260913T060959Z.csv
  wrote 1002 lines -> data_raw/artemisia/latency/hit/L1/hit_latency_base_dependent_sequential_20260913T060959Z.csv (mode=dependent pattern=sequential seed=12345)
Wrote 1 summary rows to data_processed/artemisia/latency/hit/L1/base_dependent_sequential_summary_20260913T060959Z.csv
  wrote 1002 lines -> data_raw/artemisia/latency/hit/L1/hit_latency_base_independent_random_20260913T060959Z.csv (mode=independent pattern=random seed=12345)
Wrote 1 summary rows to data_processed/artemisia/latency/hit/L1/base_independent_random_summary_20260913T060959Z.csv
  wrote 1002 lines -> data_raw/artemisia/latency/hit/L1/hit_latency_base_independent_sequential_20260913T060959Z.csv (mode=independent pattern=sequential seed=12345)
Wrote 1 summary rows to data_processed/artemisia/latency/hit/L1/base_independent_sequential_summary_20260913T060959Z.csv
-- rep1 (seed=12346) --
  wrote 1002 lines -> data_raw/artemisia/latency/hit/L1/hit_latency_rep1_dependent_random_20260913T060959Z.csv (mode=dependent pattern=random seed=12346)
Wrote 1 summary rows to data_processed/artemisia/latency/hit/L1/rep1_dependent_random_summary_20260913T060959Z.csv
  wrote 1002 lines -> data_raw/artemisia/latency/hit/L1/hit_latency_rep1_dependent_sequential_20260913T060959Z.csv (mode=dependent pattern=sequential seed=12346)
Wrote 1 summary rows to data_processed/artemisia/latency/hit/L1/rep1_dependent_sequential_summary_20260913T060959Z.csv
  wrote 1002 lines -> data_raw/artemisia/latency/hit/L1/hit_latency_rep1_independent_random_20260913T060959Z.csv (mode=independent pattern=random seed=12346)
Wrote 1 summary rows to data_processed/artemisia/latency/hit/L1/rep1_independent_random_summary_20260913T060959Z.csv
  wrote 1002 lines -> data_raw/artemisia/latency/hit/L1/hit_latency_rep1_independent_sequential_20260913T060959Z.csv (mode=independent pattern=sequential seed=12346)
Wrote 1 summary rows to data_processed/artemisia/latency/hit/L1/rep1_independent_sequential_summary_20260913T060959Z.csv
-- rep2 (seed=12347) --
  wrote 1002 lines -> data_raw/artemisia/latency/hit/L1/hit_latency_rep2_dependent_random_20260913T060959Z.csv (mode=dependent pattern=random seed=12347)
Wrote 1 summary rows to data_processed/artemisia/latency/hit/L1/rep2_dependent_random_summary_20260913T060959Z.csv
  wrote 1002 lines -> data_raw/artemisia/latency/hit/L1/hit_latency_rep2_dependent_sequential_20260913T060959Z.csv (mode=dependent pattern=sequential seed=12347)
Wrote 1 summary rows to data_processed/artemisia/latency/hit/L1/rep2_dependent_sequential_summary_20260913T060959Z.csv
  wrote 1002 lines -> data_raw/artemisia/latency/hit/L1/hit_latency_rep2_independent_random_20260913T060959Z.csv (mode=independent pattern=random seed=12347)
Wrote 1 summary rows to data_processed/artemisia/latency/hit/L1/rep2_independent_random_summary_20260913T060959Z.csv
  wrote 1002 lines -> data_raw/artemisia/latency/hit/L1/hit_latency_rep2_independent_sequential_20260913T060959Z.csv (mode=independent pattern=sequential seed=12347)
Wrote 1 summary rows to data_processed/artemisia/latency/hit/L1/rep2_independent_sequential_summary_20260913T060959Z.csv
-- generating plots for L1 --
  note: ('dependent', 'random') has 3 overlapping summary rows with medians [9.9, 9.9, 6.0] (spread 3.9 ticks, 45.8%) -- averaging, widening whiskers to the union
  note: ('dependent', 'sequential') has 3 overlapping summary rows with medians [5.9, 9.7, 10.0] (spread 4.1 ticks, 48.2%) -- averaging, widening whiskers to the union
random: independent < dependent (7.31 vs 8.59 ticks) [expected]
sequential: independent < dependent (7.14 vs 8.56 ticks) [expected]
Wrote data_processed/artemisia/latency/hit/L1/plots/hit_latency_boxplots.pdf and .png
-- compressing raw CSVs for L1 --

== level L2: footprint_bytes=2097152 ==
-- base (seed=12345) --
  wrote 1002 lines -> data_raw/artemisia/latency/hit/L2/hit_latency_base_dependent_random_20260913T060959Z.csv (mode=dependent pattern=random seed=12345)
Wrote 1 summary rows to data_processed/artemisia/latency/hit/L2/base_dependent_random_summary_20260913T060959Z.csv
  wrote 1002 lines -> data_raw/artemisia/latency/hit/L2/hit_latency_base_dependent_sequential_20260913T060959Z.csv (mode=dependent pattern=sequential seed=12345)
Wrote 1 summary rows to data_processed/artemisia/latency/hit/L2/base_dependent_sequential_summary_20260913T060959Z.csv
  wrote 1002 lines -> data_raw/artemisia/latency/hit/L2/hit_latency_base_independent_random_20260913T060959Z.csv (mode=independent pattern=random seed=12345)
Wrote 1 summary rows to data_processed/artemisia/latency/hit/L2/base_independent_random_summary_20260913T060959Z.csv
  wrote 1002 lines -> data_raw/artemisia/latency/hit/L2/hit_latency_base_independent_sequential_20260913T060959Z.csv (mode=independent pattern=sequential seed=12345)
Wrote 1 summary rows to data_processed/artemisia/latency/hit/L2/base_independent_sequential_summary_20260913T060959Z.csv
-- rep1 (seed=12346) --
  wrote 1002 lines -> data_raw/artemisia/latency/hit/L2/hit_latency_rep1_dependent_random_20260913T060959Z.csv (mode=dependent pattern=random seed=12346)
Wrote 1 summary rows to data_processed/artemisia/latency/hit/L2/rep1_dependent_random_summary_20260913T060959Z.csv
  wrote 1002 lines -> data_raw/artemisia/latency/hit/L2/hit_latency_rep1_dependent_sequential_20260913T060959Z.csv (mode=dependent pattern=sequential seed=12346)
Wrote 1 summary rows to data_processed/artemisia/latency/hit/L2/rep1_dependent_sequential_summary_20260913T060959Z.csv
  wrote 1002 lines -> data_raw/artemisia/latency/hit/L2/hit_latency_rep1_independent_random_20260913T060959Z.csv (mode=independent pattern=random seed=12346)
Wrote 1 summary rows to data_processed/artemisia/latency/hit/L2/rep1_independent_random_summary_20260913T060959Z.csv
  wrote 1002 lines -> data_raw/artemisia/latency/hit/L2/hit_latency_rep1_independent_sequential_20260913T060959Z.csv (mode=independent pattern=sequential seed=12346)
Wrote 1 summary rows to data_processed/artemisia/latency/hit/L2/rep1_independent_sequential_summary_20260913T060959Z.csv
-- rep2 (seed=12347) --
  wrote 1002 lines -> data_raw/artemisia/latency/hit/L2/hit_latency_rep2_dependent_random_20260913T060959Z.csv (mode=dependent pattern=random seed=12347)
Wrote 1 summary rows to data_processed/artemisia/latency/hit/L2/rep2_dependent_random_summary_20260913T060959Z.csv
  wrote 1002 lines -> data_raw/artemisia/latency/hit/L2/hit_latency_rep2_dependent_sequential_20260913T060959Z.csv (mode=dependent pattern=sequential seed=12347)
Wrote 1 summary rows to data_processed/artemisia/latency/hit/L2/rep2_dependent_sequential_summary_20260913T060959Z.csv
  wrote 1002 lines -> data_raw/artemisia/latency/hit/L2/hit_latency_rep2_independent_random_20260913T060959Z.csv (mode=independent pattern=random seed=12347)
Wrote 1 summary rows to data_processed/artemisia/latency/hit/L2/rep2_independent_random_summary_20260913T060959Z.csv
  wrote 1002 lines -> data_raw/artemisia/latency/hit/L2/hit_latency_rep2_independent_sequential_20260913T060959Z.csv (mode=independent pattern=sequential seed=12347)
Wrote 1 summary rows to data_processed/artemisia/latency/hit/L2/rep2_independent_sequential_summary_20260913T060959Z.csv
-- generating plots for L2 --
  note: ('independent', 'sequential') has 3 overlapping summary rows with medians [10.8, 9.4, 8.3] (spread 2.6 ticks, 27.0%) -- averaging, widening whiskers to the union
random: independent < dependent (8.49 vs 28.42 ticks) [expected]
sequential: independent < dependent (9.51 vs 9.80 ticks) [expected]
Wrote data_processed/artemisia/latency/hit/L2/plots/hit_latency_boxplots.pdf and .png
-- compressing raw CSVs for L2 --

== level LLC: footprint_bytes=31457280 ==
-- base (seed=12345) --
  wrote 1002 lines -> data_raw/artemisia/latency/hit/LLC/hit_latency_base_dependent_random_20260913T060959Z.csv (mode=dependent pattern=random seed=12345)
Wrote 1 summary rows to data_processed/artemisia/latency/hit/LLC/base_dependent_random_summary_20260913T060959Z.csv
  wrote 1002 lines -> data_raw/artemisia/latency/hit/LLC/hit_latency_base_dependent_sequential_20260913T060959Z.csv (mode=dependent pattern=sequential seed=12345)
Wrote 1 summary rows to data_processed/artemisia/latency/hit/LLC/base_dependent_sequential_summary_20260913T060959Z.csv
  wrote 1002 lines -> data_raw/artemisia/latency/hit/LLC/hit_latency_base_independent_random_20260913T060959Z.csv (mode=independent pattern=random seed=12345)
Wrote 1 summary rows to data_processed/artemisia/latency/hit/LLC/base_independent_random_summary_20260913T060959Z.csv
  wrote 1002 lines -> data_raw/artemisia/latency/hit/LLC/hit_latency_base_independent_sequential_20260913T060959Z.csv (mode=independent pattern=sequential seed=12345)
Wrote 1 summary rows to data_processed/artemisia/latency/hit/LLC/base_independent_sequential_summary_20260913T060959Z.csv
-- rep1 (seed=12346) --
  wrote 1002 lines -> data_raw/artemisia/latency/hit/LLC/hit_latency_rep1_dependent_random_20260913T060959Z.csv (mode=dependent pattern=random seed=12346)
Wrote 1 summary rows to data_processed/artemisia/latency/hit/LLC/rep1_dependent_random_summary_20260913T060959Z.csv
  wrote 1002 lines -> data_raw/artemisia/latency/hit/LLC/hit_latency_rep1_dependent_sequential_20260913T060959Z.csv (mode=dependent pattern=sequential seed=12346)
Wrote 1 summary rows to data_processed/artemisia/latency/hit/LLC/rep1_dependent_sequential_summary_20260913T060959Z.csv
  wrote 1002 lines -> data_raw/artemisia/latency/hit/LLC/hit_latency_rep1_independent_random_20260913T060959Z.csv (mode=independent pattern=random seed=12346)
Wrote 1 summary rows to data_processed/artemisia/latency/hit/LLC/rep1_independent_random_summary_20260913T060959Z.csv
  wrote 1002 lines -> data_raw/artemisia/latency/hit/LLC/hit_latency_rep1_independent_sequential_20260913T060959Z.csv (mode=independent pattern=sequential seed=12346)
Wrote 1 summary rows to data_processed/artemisia/latency/hit/LLC/rep1_independent_sequential_summary_20260913T060959Z.csv
-- rep2 (seed=12347) --
  wrote 1002 lines -> data_raw/artemisia/latency/hit/LLC/hit_latency_rep2_dependent_random_20260913T060959Z.csv (mode=dependent pattern=random seed=12347)
Wrote 1 summary rows to data_processed/artemisia/latency/hit/LLC/rep2_dependent_random_summary_20260913T060959Z.csv
  wrote 1002 lines -> data_raw/artemisia/latency/hit/LLC/hit_latency_rep2_dependent_sequential_20260913T060959Z.csv (mode=dependent pattern=sequential seed=12347)
Wrote 1 summary rows to data_processed/artemisia/latency/hit/LLC/rep2_dependent_sequential_summary_20260913T060959Z.csv
  wrote 1002 lines -> data_raw/artemisia/latency/hit/LLC/hit_latency_rep2_independent_random_20260913T060959Z.csv (mode=independent pattern=random seed=12347)
Wrote 1 summary rows to data_processed/artemisia/latency/hit/LLC/rep2_independent_random_summary_20260913T060959Z.csv
  wrote 1002 lines -> data_raw/artemisia/latency/hit/LLC/hit_latency_rep2_independent_sequential_20260913T060959Z.csv (mode=independent pattern=sequential seed=12347)
Wrote 1 summary rows to data_processed/artemisia/latency/hit/LLC/rep2_independent_sequential_summary_20260913T060959Z.csv
-- generating plots for LLC --
  note: ('dependent', 'sequential') has 3 overlapping summary rows with medians [14.6, 13.5, 18.5] (spread 5.0 ticks, 32.3%) -- averaging, widening whiskers to the union
  note: ('independent', 'sequential') has 3 overlapping summary rows with medians [17.7, 16.6, 39.0] (spread 22.5 ticks, 92.1%) -- averaging, widening whiskers to the union
random: independent < dependent (22.19 vs 92.11 ticks) [expected]
sequential: independent >= dependent (24.42 vs 15.52 ticks) [UNEXPECTED -- investigate]
Wrote data_processed/artemisia/latency/hit/LLC/plots/hit_latency_boxplots.pdf and .png
-- compressing raw CSVs for LLC --

== level DRAM: footprint_bytes=536870912 ==
-- base (seed=12345) --
  wrote 1002 lines -> data_raw/artemisia/latency/hit/DRAM/hit_latency_base_dependent_random_20260913T060959Z.csv (mode=dependent pattern=random seed=12345)
Wrote 1 summary rows to data_processed/artemisia/latency/hit/DRAM/base_dependent_random_summary_20260913T060959Z.csv
  wrote 1002 lines -> data_raw/artemisia/latency/hit/DRAM/hit_latency_base_dependent_sequential_20260913T060959Z.csv (mode=dependent pattern=sequential seed=12345)
Wrote 1 summary rows to data_processed/artemisia/latency/hit/DRAM/base_dependent_sequential_summary_20260913T060959Z.csv
  wrote 1002 lines -> data_raw/artemisia/latency/hit/DRAM/hit_latency_base_independent_random_20260913T060959Z.csv (mode=independent pattern=random seed=12345)
Wrote 1 summary rows to data_processed/artemisia/latency/hit/DRAM/base_independent_random_summary_20260913T060959Z.csv
  wrote 1002 lines -> data_raw/artemisia/latency/hit/DRAM/hit_latency_base_independent_sequential_20260913T060959Z.csv (mode=independent pattern=sequential seed=12345)
Wrote 1 summary rows to data_processed/artemisia/latency/hit/DRAM/base_independent_sequential_summary_20260913T060959Z.csv
-- rep1 (seed=12346) --
  wrote 1002 lines -> data_raw/artemisia/latency/hit/DRAM/hit_latency_rep1_dependent_random_20260913T060959Z.csv (mode=dependent pattern=random seed=12346)
Wrote 1 summary rows to data_processed/artemisia/latency/hit/DRAM/rep1_dependent_random_summary_20260913T060959Z.csv
  wrote 1002 lines -> data_raw/artemisia/latency/hit/DRAM/hit_latency_rep1_dependent_sequential_20260913T060959Z.csv (mode=dependent pattern=sequential seed=12346)
Wrote 1 summary rows to data_processed/artemisia/latency/hit/DRAM/rep1_dependent_sequential_summary_20260913T060959Z.csv
  wrote 1002 lines -> data_raw/artemisia/latency/hit/DRAM/hit_latency_rep1_independent_random_20260913T060959Z.csv (mode=independent pattern=random seed=12346)
Wrote 1 summary rows to data_processed/artemisia/latency/hit/DRAM/rep1_independent_random_summary_20260913T060959Z.csv
  wrote 1002 lines -> data_raw/artemisia/latency/hit/DRAM/hit_latency_rep1_independent_sequential_20260913T060959Z.csv (mode=independent pattern=sequential seed=12346)
Wrote 1 summary rows to data_processed/artemisia/latency/hit/DRAM/rep1_independent_sequential_summary_20260913T060959Z.csv
-- rep2 (seed=12347) --
  wrote 1002 lines -> data_raw/artemisia/latency/hit/DRAM/hit_latency_rep2_dependent_random_20260913T060959Z.csv (mode=dependent pattern=random seed=12347)
Wrote 1 summary rows to data_processed/artemisia/latency/hit/DRAM/rep2_dependent_random_summary_20260913T060959Z.csv
  wrote 1002 lines -> data_raw/artemisia/latency/hit/DRAM/hit_latency_rep2_dependent_sequential_20260913T060959Z.csv (mode=dependent pattern=sequential seed=12347)
Wrote 1 summary rows to data_processed/artemisia/latency/hit/DRAM/rep2_dependent_sequential_summary_20260913T060959Z.csv
  wrote 1002 lines -> data_raw/artemisia/latency/hit/DRAM/hit_latency_rep2_independent_random_20260913T060959Z.csv (mode=independent pattern=random seed=12347)
Wrote 1 summary rows to data_processed/artemisia/latency/hit/DRAM/rep2_independent_random_summary_20260913T060959Z.csv
  wrote 1002 lines -> data_raw/artemisia/latency/hit/DRAM/hit_latency_rep2_independent_sequential_20260913T060959Z.csv (mode=independent pattern=sequential seed=12347)
Wrote 1 summary rows to data_processed/artemisia/latency/hit/DRAM/rep2_independent_sequential_summary_20260913T060959Z.csv
-- generating plots for DRAM --
random: independent < dependent (29.26 vs 302.00 ticks) [expected]
sequential: independent < dependent (25.19 vs 36.04 ticks) [expected]
Wrote data_processed/artemisia/latency/hit/DRAM/plots/hit_latency_boxplots.pdf and .png
-- compressing raw CSVs for DRAM --

== done ==
== L1: footprint_bytes=49152 ==
== L2: footprint_bytes=2097152 ==
== LLC: footprint_bytes=31457280 ==
== DRAM: footprint_bytes=536870912 ==
== record in data_raw/artemisia/README.md: core=4, base_seed=12345 (repeats use base_seed+index), samples=1000000, timestamp=20260913T060959Z ==
== full transcript saved to: data_raw/artemisia/latency/run_hit_latency_full_20260913T060959Z.log ==
