== run_hit_latency_full: machine=skylark core=6 base_seed=12345 ==
== timestamp=20260913T061014Z ==

== level L1: footprint_bytes=32768 ==
-- base (seed=12345) --
  wrote 1002 lines -> data_raw/skylark/latency/hit/L1/hit_latency_base_dependent_random_20260913T061014Z.csv (mode=dependent pattern=random seed=12345)
Wrote 1 summary rows to data_processed/skylark/latency/hit/L1/base_dependent_random_summary_20260913T061014Z.csv
  wrote 1002 lines -> data_raw/skylark/latency/hit/L1/hit_latency_base_dependent_sequential_20260913T061014Z.csv (mode=dependent pattern=sequential seed=12345)
Wrote 1 summary rows to data_processed/skylark/latency/hit/L1/base_dependent_sequential_summary_20260913T061014Z.csv
  wrote 1002 lines -> data_raw/skylark/latency/hit/L1/hit_latency_base_independent_random_20260913T061014Z.csv (mode=independent pattern=random seed=12345)
Wrote 1 summary rows to data_processed/skylark/latency/hit/L1/base_independent_random_summary_20260913T061014Z.csv
  wrote 1002 lines -> data_raw/skylark/latency/hit/L1/hit_latency_base_independent_sequential_20260913T061014Z.csv (mode=independent pattern=sequential seed=12345)
Wrote 1 summary rows to data_processed/skylark/latency/hit/L1/base_independent_sequential_summary_20260913T061014Z.csv
-- rep1 (seed=12346) --
  wrote 1002 lines -> data_raw/skylark/latency/hit/L1/hit_latency_rep1_dependent_random_20260913T061014Z.csv (mode=dependent pattern=random seed=12346)
Wrote 1 summary rows to data_processed/skylark/latency/hit/L1/rep1_dependent_random_summary_20260913T061014Z.csv
  wrote 1002 lines -> data_raw/skylark/latency/hit/L1/hit_latency_rep1_dependent_sequential_20260913T061014Z.csv (mode=dependent pattern=sequential seed=12346)
Wrote 1 summary rows to data_processed/skylark/latency/hit/L1/rep1_dependent_sequential_summary_20260913T061014Z.csv
  wrote 1002 lines -> data_raw/skylark/latency/hit/L1/hit_latency_rep1_independent_random_20260913T061014Z.csv (mode=independent pattern=random seed=12346)
Wrote 1 summary rows to data_processed/skylark/latency/hit/L1/rep1_independent_random_summary_20260913T061014Z.csv
  wrote 1002 lines -> data_raw/skylark/latency/hit/L1/hit_latency_rep1_independent_sequential_20260913T061014Z.csv (mode=independent pattern=sequential seed=12346)
Wrote 1 summary rows to data_processed/skylark/latency/hit/L1/rep1_independent_sequential_summary_20260913T061014Z.csv
-- rep2 (seed=12347) --
  wrote 1002 lines -> data_raw/skylark/latency/hit/L1/hit_latency_rep2_dependent_random_20260913T061014Z.csv (mode=dependent pattern=random seed=12347)
Wrote 1 summary rows to data_processed/skylark/latency/hit/L1/rep2_dependent_random_summary_20260913T061014Z.csv
  wrote 1002 lines -> data_raw/skylark/latency/hit/L1/hit_latency_rep2_dependent_sequential_20260913T061014Z.csv (mode=dependent pattern=sequential seed=12347)
Wrote 1 summary rows to data_processed/skylark/latency/hit/L1/rep2_dependent_sequential_summary_20260913T061014Z.csv
  wrote 1002 lines -> data_raw/skylark/latency/hit/L1/hit_latency_rep2_independent_random_20260913T061014Z.csv (mode=independent pattern=random seed=12347)
Wrote 1 summary rows to data_processed/skylark/latency/hit/L1/rep2_independent_random_summary_20260913T061014Z.csv
  wrote 1002 lines -> data_raw/skylark/latency/hit/L1/hit_latency_rep2_independent_sequential_20260913T061014Z.csv (mode=independent pattern=sequential seed=12347)
Wrote 1 summary rows to data_processed/skylark/latency/hit/L1/rep2_independent_sequential_summary_20260913T061014Z.csv
-- generating plots for L1 --
random: independent < dependent (5.06 vs 6.23 ticks) [expected]
sequential: independent < dependent (4.99 vs 6.10 ticks) [expected]
Wrote data_processed/skylark/latency/hit/L1/plots/hit_latency_boxplots.pdf and .png
-- compressing raw CSVs for L1 --

== level L2: footprint_bytes=524288 ==
-- base (seed=12345) --
  wrote 1002 lines -> data_raw/skylark/latency/hit/L2/hit_latency_base_dependent_random_20260913T061014Z.csv (mode=dependent pattern=random seed=12345)
Wrote 1 summary rows to data_processed/skylark/latency/hit/L2/base_dependent_random_summary_20260913T061014Z.csv
  wrote 1002 lines -> data_raw/skylark/latency/hit/L2/hit_latency_base_dependent_sequential_20260913T061014Z.csv (mode=dependent pattern=sequential seed=12345)
Wrote 1 summary rows to data_processed/skylark/latency/hit/L2/base_dependent_sequential_summary_20260913T061014Z.csv
  wrote 1002 lines -> data_raw/skylark/latency/hit/L2/hit_latency_base_independent_random_20260913T061014Z.csv (mode=independent pattern=random seed=12345)
Wrote 1 summary rows to data_processed/skylark/latency/hit/L2/base_independent_random_summary_20260913T061014Z.csv
  wrote 1002 lines -> data_raw/skylark/latency/hit/L2/hit_latency_base_independent_sequential_20260913T061014Z.csv (mode=independent pattern=sequential seed=12345)
Wrote 1 summary rows to data_processed/skylark/latency/hit/L2/base_independent_sequential_summary_20260913T061014Z.csv
-- rep1 (seed=12346) --
  wrote 1002 lines -> data_raw/skylark/latency/hit/L2/hit_latency_rep1_dependent_random_20260913T061014Z.csv (mode=dependent pattern=random seed=12346)
Wrote 1 summary rows to data_processed/skylark/latency/hit/L2/rep1_dependent_random_summary_20260913T061014Z.csv
  wrote 1002 lines -> data_raw/skylark/latency/hit/L2/hit_latency_rep1_dependent_sequential_20260913T061014Z.csv (mode=dependent pattern=sequential seed=12346)
Wrote 1 summary rows to data_processed/skylark/latency/hit/L2/rep1_dependent_sequential_summary_20260913T061014Z.csv
  wrote 1002 lines -> data_raw/skylark/latency/hit/L2/hit_latency_rep1_independent_random_20260913T061014Z.csv (mode=independent pattern=random seed=12346)
Wrote 1 summary rows to data_processed/skylark/latency/hit/L2/rep1_independent_random_summary_20260913T061014Z.csv
  wrote 1002 lines -> data_raw/skylark/latency/hit/L2/hit_latency_rep1_independent_sequential_20260913T061014Z.csv (mode=independent pattern=sequential seed=12346)
Wrote 1 summary rows to data_processed/skylark/latency/hit/L2/rep1_independent_sequential_summary_20260913T061014Z.csv
-- rep2 (seed=12347) --
  wrote 1002 lines -> data_raw/skylark/latency/hit/L2/hit_latency_rep2_dependent_random_20260913T061014Z.csv (mode=dependent pattern=random seed=12347)
Wrote 1 summary rows to data_processed/skylark/latency/hit/L2/rep2_dependent_random_summary_20260913T061014Z.csv
  wrote 1002 lines -> data_raw/skylark/latency/hit/L2/hit_latency_rep2_dependent_sequential_20260913T061014Z.csv (mode=dependent pattern=sequential seed=12347)
Wrote 1 summary rows to data_processed/skylark/latency/hit/L2/rep2_dependent_sequential_summary_20260913T061014Z.csv
  wrote 1002 lines -> data_raw/skylark/latency/hit/L2/hit_latency_rep2_independent_random_20260913T061014Z.csv (mode=independent pattern=random seed=12347)
Wrote 1 summary rows to data_processed/skylark/latency/hit/L2/rep2_independent_random_summary_20260913T061014Z.csv
  wrote 1002 lines -> data_raw/skylark/latency/hit/L2/hit_latency_rep2_independent_sequential_20260913T061014Z.csv (mode=independent pattern=sequential seed=12347)
Wrote 1 summary rows to data_processed/skylark/latency/hit/L2/rep2_independent_sequential_summary_20260913T061014Z.csv
-- generating plots for L2 --
random: independent < dependent (6.32 vs 15.86 ticks) [expected]
sequential: independent < dependent (4.99 vs 6.12 ticks) [expected]
Wrote data_processed/skylark/latency/hit/L2/plots/hit_latency_boxplots.pdf and .png
-- compressing raw CSVs for L2 --

== level LLC: footprint_bytes=8388608 ==
-- base (seed=12345) --
  wrote 1002 lines -> data_raw/skylark/latency/hit/LLC/hit_latency_base_dependent_random_20260913T061014Z.csv (mode=dependent pattern=random seed=12345)
Wrote 1 summary rows to data_processed/skylark/latency/hit/LLC/base_dependent_random_summary_20260913T061014Z.csv
  wrote 1002 lines -> data_raw/skylark/latency/hit/LLC/hit_latency_base_dependent_sequential_20260913T061014Z.csv (mode=dependent pattern=sequential seed=12345)
Wrote 1 summary rows to data_processed/skylark/latency/hit/LLC/base_dependent_sequential_summary_20260913T061014Z.csv
  wrote 1002 lines -> data_raw/skylark/latency/hit/LLC/hit_latency_base_independent_random_20260913T061014Z.csv (mode=independent pattern=random seed=12345)
Wrote 1 summary rows to data_processed/skylark/latency/hit/LLC/base_independent_random_summary_20260913T061014Z.csv
  wrote 1002 lines -> data_raw/skylark/latency/hit/LLC/hit_latency_base_independent_sequential_20260913T061014Z.csv (mode=independent pattern=sequential seed=12345)
Wrote 1 summary rows to data_processed/skylark/latency/hit/LLC/base_independent_sequential_summary_20260913T061014Z.csv
-- rep1 (seed=12346) --
  wrote 1002 lines -> data_raw/skylark/latency/hit/LLC/hit_latency_rep1_dependent_random_20260913T061014Z.csv (mode=dependent pattern=random seed=12346)
Wrote 1 summary rows to data_processed/skylark/latency/hit/LLC/rep1_dependent_random_summary_20260913T061014Z.csv
  wrote 1002 lines -> data_raw/skylark/latency/hit/LLC/hit_latency_rep1_dependent_sequential_20260913T061014Z.csv (mode=dependent pattern=sequential seed=12346)
Wrote 1 summary rows to data_processed/skylark/latency/hit/LLC/rep1_dependent_sequential_summary_20260913T061014Z.csv
  wrote 1002 lines -> data_raw/skylark/latency/hit/LLC/hit_latency_rep1_independent_random_20260913T061014Z.csv (mode=independent pattern=random seed=12346)
Wrote 1 summary rows to data_processed/skylark/latency/hit/LLC/rep1_independent_random_summary_20260913T061014Z.csv
  wrote 1002 lines -> data_raw/skylark/latency/hit/LLC/hit_latency_rep1_independent_sequential_20260913T061014Z.csv (mode=independent pattern=sequential seed=12346)
Wrote 1 summary rows to data_processed/skylark/latency/hit/LLC/rep1_independent_sequential_summary_20260913T061014Z.csv
-- rep2 (seed=12347) --
  wrote 1002 lines -> data_raw/skylark/latency/hit/LLC/hit_latency_rep2_dependent_random_20260913T061014Z.csv (mode=dependent pattern=random seed=12347)
Wrote 1 summary rows to data_processed/skylark/latency/hit/LLC/rep2_dependent_random_summary_20260913T061014Z.csv
  wrote 1002 lines -> data_raw/skylark/latency/hit/LLC/hit_latency_rep2_dependent_sequential_20260913T061014Z.csv (mode=dependent pattern=sequential seed=12347)
Wrote 1 summary rows to data_processed/skylark/latency/hit/LLC/rep2_dependent_sequential_summary_20260913T061014Z.csv
  wrote 1002 lines -> data_raw/skylark/latency/hit/LLC/hit_latency_rep2_independent_random_20260913T061014Z.csv (mode=independent pattern=random seed=12347)
Wrote 1 summary rows to data_processed/skylark/latency/hit/LLC/rep2_independent_random_summary_20260913T061014Z.csv
  wrote 1002 lines -> data_raw/skylark/latency/hit/LLC/hit_latency_rep2_independent_sequential_20260913T061014Z.csv (mode=independent pattern=sequential seed=12347)
Wrote 1 summary rows to data_processed/skylark/latency/hit/LLC/rep2_independent_sequential_summary_20260913T061014Z.csv
-- generating plots for LLC --
random: independent < dependent (7.06 vs 27.22 ticks) [expected]
sequential: independent < dependent (4.99 vs 6.10 ticks) [expected]
Wrote data_processed/skylark/latency/hit/LLC/plots/hit_latency_boxplots.pdf and .png
-- compressing raw CSVs for LLC --

== level DRAM: footprint_bytes=536870912 ==
-- base (seed=12345) --
  wrote 1002 lines -> data_raw/skylark/latency/hit/DRAM/hit_latency_base_dependent_random_20260913T061014Z.csv (mode=dependent pattern=random seed=12345)
Wrote 1 summary rows to data_processed/skylark/latency/hit/DRAM/base_dependent_random_summary_20260913T061014Z.csv
  wrote 1002 lines -> data_raw/skylark/latency/hit/DRAM/hit_latency_base_dependent_sequential_20260913T061014Z.csv (mode=dependent pattern=sequential seed=12345)
Wrote 1 summary rows to data_processed/skylark/latency/hit/DRAM/base_dependent_sequential_summary_20260913T061014Z.csv
  wrote 1002 lines -> data_raw/skylark/latency/hit/DRAM/hit_latency_base_independent_random_20260913T061014Z.csv (mode=independent pattern=random seed=12345)
Wrote 1 summary rows to data_processed/skylark/latency/hit/DRAM/base_independent_random_summary_20260913T061014Z.csv
  wrote 1002 lines -> data_raw/skylark/latency/hit/DRAM/hit_latency_base_independent_sequential_20260913T061014Z.csv (mode=independent pattern=sequential seed=12345)
Wrote 1 summary rows to data_processed/skylark/latency/hit/DRAM/base_independent_sequential_summary_20260913T061014Z.csv
-- rep1 (seed=12346) --
  wrote 1002 lines -> data_raw/skylark/latency/hit/DRAM/hit_latency_rep1_dependent_random_20260913T061014Z.csv (mode=dependent pattern=random seed=12346)
Wrote 1 summary rows to data_processed/skylark/latency/hit/DRAM/rep1_dependent_random_summary_20260913T061014Z.csv
  wrote 1002 lines -> data_raw/skylark/latency/hit/DRAM/hit_latency_rep1_dependent_sequential_20260913T061014Z.csv (mode=dependent pattern=sequential seed=12346)
Wrote 1 summary rows to data_processed/skylark/latency/hit/DRAM/rep1_dependent_sequential_summary_20260913T061014Z.csv
  wrote 1002 lines -> data_raw/skylark/latency/hit/DRAM/hit_latency_rep1_independent_random_20260913T061014Z.csv (mode=independent pattern=random seed=12346)
Wrote 1 summary rows to data_processed/skylark/latency/hit/DRAM/rep1_independent_random_summary_20260913T061014Z.csv
  wrote 1002 lines -> data_raw/skylark/latency/hit/DRAM/hit_latency_rep1_independent_sequential_20260913T061014Z.csv (mode=independent pattern=sequential seed=12346)
Wrote 1 summary rows to data_processed/skylark/latency/hit/DRAM/rep1_independent_sequential_summary_20260913T061014Z.csv
-- rep2 (seed=12347) --
  wrote 1002 lines -> data_raw/skylark/latency/hit/DRAM/hit_latency_rep2_dependent_random_20260913T061014Z.csv (mode=dependent pattern=random seed=12347)
Wrote 1 summary rows to data_processed/skylark/latency/hit/DRAM/rep2_dependent_random_summary_20260913T061014Z.csv
  wrote 1002 lines -> data_raw/skylark/latency/hit/DRAM/hit_latency_rep2_dependent_sequential_20260913T061014Z.csv (mode=dependent pattern=sequential seed=12347)
Wrote 1 summary rows to data_processed/skylark/latency/hit/DRAM/rep2_dependent_sequential_summary_20260913T061014Z.csv
  wrote 1002 lines -> data_raw/skylark/latency/hit/DRAM/hit_latency_rep2_independent_random_20260913T061014Z.csv (mode=independent pattern=random seed=12347)
Wrote 1 summary rows to data_processed/skylark/latency/hit/DRAM/rep2_independent_random_summary_20260913T061014Z.csv
  wrote 1002 lines -> data_raw/skylark/latency/hit/DRAM/hit_latency_rep2_independent_sequential_20260913T061014Z.csv (mode=independent pattern=sequential seed=12347)
Wrote 1 summary rows to data_processed/skylark/latency/hit/DRAM/rep2_independent_sequential_summary_20260913T061014Z.csv
-- generating plots for DRAM --
random: independent < dependent (46.50 vs 274.85 ticks) [expected]
sequential: independent < dependent (4.99 vs 6.10 ticks) [expected]
Wrote data_processed/skylark/latency/hit/DRAM/plots/hit_latency_boxplots.pdf and .png
-- compressing raw CSVs for DRAM --

== done ==
== L1: footprint_bytes=32768 ==
== L2: footprint_bytes=524288 ==
== LLC: footprint_bytes=8388608 ==
== DRAM: footprint_bytes=536870912 ==
== record in data_raw/skylark/README.md: core=6, base_seed=12345 (repeats use base_seed+index), samples=1000000, timestamp=20260913T061014Z ==
== full transcript saved to: data_raw/skylark/latency/run_hit_latency_full_20260913T061014Z.log ==
