== run_line_size: machine=crux core=3 seed=12345 ==
== timestamp=20260912T214443Z boundaries=32768,262144,8388608 coarse_strides=8,16,32,64,128,256 ==

############################################################
## LEVEL boundary=32768B -- Method A window=[4096,131072] bytes
############################################################
-- [L32768 A coarse] stride=8B pattern=random offset=0B --
  wrote 31002 lines -> data_raw/crux/line_size/level_32768/family_8_random_20260912T214443Z.csv
Wrote 31 summary rows to data_processed/crux/line_size/level_32768/family_8_random_summary.csv
-- [L32768 A coarse] stride=8B pattern=sequential offset=0B --
  wrote 31002 lines -> data_raw/crux/line_size/level_32768/family_8_sequential_20260912T214443Z.csv
Wrote 31 summary rows to data_processed/crux/line_size/level_32768/family_8_sequential_summary.csv
-- [L32768 A coarse] stride=16B pattern=random offset=0B --
  wrote 31002 lines -> data_raw/crux/line_size/level_32768/family_16_random_20260912T214443Z.csv
Wrote 31 summary rows to data_processed/crux/line_size/level_32768/family_16_random_summary.csv
-- [L32768 A coarse] stride=16B pattern=sequential offset=0B --
  wrote 31002 lines -> data_raw/crux/line_size/level_32768/family_16_sequential_20260912T214443Z.csv
Wrote 31 summary rows to data_processed/crux/line_size/level_32768/family_16_sequential_summary.csv
-- [L32768 A coarse] stride=32B pattern=random offset=0B --
  wrote 31002 lines -> data_raw/crux/line_size/level_32768/family_32_random_20260912T214443Z.csv
Wrote 31 summary rows to data_processed/crux/line_size/level_32768/family_32_random_summary.csv
-- [L32768 A coarse] stride=32B pattern=sequential offset=0B --
  wrote 31002 lines -> data_raw/crux/line_size/level_32768/family_32_sequential_20260912T214443Z.csv
Wrote 31 summary rows to data_processed/crux/line_size/level_32768/family_32_sequential_summary.csv
-- [L32768 A coarse] stride=64B pattern=random offset=0B --
  wrote 31002 lines -> data_raw/crux/line_size/level_32768/family_64_random_20260912T214443Z.csv
Wrote 31 summary rows to data_processed/crux/line_size/level_32768/family_64_random_summary.csv
-- [L32768 A coarse] stride=64B pattern=sequential offset=0B --
  wrote 31002 lines -> data_raw/crux/line_size/level_32768/family_64_sequential_20260912T214443Z.csv
Wrote 31 summary rows to data_processed/crux/line_size/level_32768/family_64_sequential_summary.csv
-- [L32768 A coarse] stride=128B pattern=random offset=0B --
  wrote 31002 lines -> data_raw/crux/line_size/level_32768/family_128_random_20260912T214443Z.csv
Wrote 31 summary rows to data_processed/crux/line_size/level_32768/family_128_random_summary.csv
-- [L32768 A coarse] stride=128B pattern=sequential offset=0B --
  wrote 31002 lines -> data_raw/crux/line_size/level_32768/family_128_sequential_20260912T214443Z.csv
Wrote 31 summary rows to data_processed/crux/line_size/level_32768/family_128_sequential_summary.csv
-- [L32768 A coarse] stride=256B pattern=random offset=0B --
  wrote 31002 lines -> data_raw/crux/line_size/level_32768/family_256_random_20260912T214443Z.csv
Wrote 31 summary rows to data_processed/crux/line_size/level_32768/family_256_random_summary.csv
-- [L32768 A coarse] stride=256B pattern=sequential offset=0B --
  wrote 31002 lines -> data_raw/crux/line_size/level_32768/family_256_sequential_20260912T214443Z.csv
Wrote 31 summary rows to data_processed/crux/line_size/level_32768/family_256_sequential_summary.csv
-- [L32768 A steps 1-3] generating coarse family-of-curves plots --
Wrote data_processed/crux/line_size/level_32768/plots/line_size_family_curve.pdf and .png
-- per-stride elbow (bytes): {8B: 73560, 16B: 58384, 32B: 52000, 64B: 36736, 128B: 103936, 256B: 36608}
-- line-size estimate: smallest candidate stride whose elbow agrees with largest tested stride (~36608 bytes) is 64B -- see infer_line_size's docstring caveat on the fixed grid resolution before citing this as a clean line-size number on its own
Wrote data_processed/crux/line_size/level_32768/plots/line_size_family_boxplots.pdf and .png
   (the per-stride elbow / line-size-estimate lines just above are
   plot_line_size_family.py's own diagnostic guess from ONE un-repeated coarse
   sweep -- NOT auto-applied below; see data_processed/crux/line_size/level_32768/plots/line_size_family_curve.png
   and decide the step-4 candidate yourself)
== [L32768 A] no candidate given for this level -- inspect
   data_processed/crux/line_size/level_32768/plots/line_size_family_curve.png yourself and re-run with an
   explicit candidate stride in candidate_overrides_csv for this level (no
   auto-detection: it proved unreliable across runs/cores, see the script's
   header comment). Skipping Method-A step 4.

-- [L32768 B] single-curve method, footprint_bytes=65536 (2.0x boundary) --
-- [L32768 B coarse] stride 8-1024 bytes (step 8) --
  wrote 128002 lines -> data_raw/crux/line_size/level_32768/singlecurve_coarse_random_20260912T214443Z.csv
  wrote 128002 lines -> data_raw/crux/line_size/level_32768/singlecurve_coarse_sequential_20260912T214443Z.csv
Wrote 128 summary rows to data_processed/crux/line_size/level_32768/singlecurve_coarse_random_summary.csv
Wrote 128 summary rows to data_processed/crux/line_size/level_32768/singlecurve_coarse_sequential_summary.csv
-- [L32768 B] detected line-size estimate (bytes): 64 --
-- [L32768 B] dense sweep around estimate 64 bytes: 32-129 (step 1) --
  wrote 98002 lines -> data_raw/crux/line_size/level_32768/singlecurve_dense_random_20260912T214443Z.csv
  wrote 98002 lines -> data_raw/crux/line_size/level_32768/singlecurve_dense_sequential_20260912T214443Z.csv
Wrote 98 summary rows to data_processed/crux/line_size/level_32768/singlecurve_dense_random_summary.csv
Wrote 98 summary rows to data_processed/crux/line_size/level_32768/singlecurve_dense_sequential_summary.csv
  -- [L32768 B] repeat 1/2 of the dense window --
  wrote 98002 lines -> data_raw/crux/line_size/level_32768/singlecurve_dense_rep1_random_20260912T214443Z.csv
  wrote 98002 lines -> data_raw/crux/line_size/level_32768/singlecurve_dense_rep1_sequential_20260912T214443Z.csv
Wrote 98 summary rows to data_processed/crux/line_size/level_32768/singlecurve_dense_rep1_random_summary.csv
Wrote 98 summary rows to data_processed/crux/line_size/level_32768/singlecurve_dense_rep1_sequential_summary.csv
  -- [L32768 B] repeat 2/2 of the dense window --
  wrote 98002 lines -> data_raw/crux/line_size/level_32768/singlecurve_dense_rep2_random_20260912T214443Z.csv
  wrote 98002 lines -> data_raw/crux/line_size/level_32768/singlecurve_dense_rep2_sequential_20260912T214443Z.csv
Wrote 98 summary rows to data_processed/crux/line_size/level_32768/singlecurve_dense_rep2_random_summary.csv
Wrote 98 summary rows to data_processed/crux/line_size/level_32768/singlecurve_dense_rep2_sequential_summary.csv
-- [L32768 B] generating single-curve plots --
  note: flagged 3 isolated spike stride(s) as probable page-aliasing artifacts: [256, 512, 1024]
Wrote data_processed/crux/line_size/level_32768/plots/line_size_curve.pdf and .png
Wrote data_processed/crux/line_size/level_32768/plots/line_size_boxplots.pdf and .png

############################################################
## LEVEL boundary=262144B -- Method A window=[32768,1048576] bytes
############################################################
-- [L262144 A coarse] stride=8B pattern=random offset=0B --
  wrote 31002 lines -> data_raw/crux/line_size/level_262144/family_8_random_20260912T214443Z.csv
Wrote 31 summary rows to data_processed/crux/line_size/level_262144/family_8_random_summary.csv
-- [L262144 A coarse] stride=8B pattern=sequential offset=0B --
  wrote 31002 lines -> data_raw/crux/line_size/level_262144/family_8_sequential_20260912T214443Z.csv
Wrote 31 summary rows to data_processed/crux/line_size/level_262144/family_8_sequential_summary.csv
-- [L262144 A coarse] stride=16B pattern=random offset=0B --
  wrote 31002 lines -> data_raw/crux/line_size/level_262144/family_16_random_20260912T214443Z.csv
Wrote 31 summary rows to data_processed/crux/line_size/level_262144/family_16_random_summary.csv
-- [L262144 A coarse] stride=16B pattern=sequential offset=0B --
  wrote 31002 lines -> data_raw/crux/line_size/level_262144/family_16_sequential_20260912T214443Z.csv
Wrote 31 summary rows to data_processed/crux/line_size/level_262144/family_16_sequential_summary.csv
-- [L262144 A coarse] stride=32B pattern=random offset=0B --
  wrote 31002 lines -> data_raw/crux/line_size/level_262144/family_32_random_20260912T214443Z.csv
Wrote 31 summary rows to data_processed/crux/line_size/level_262144/family_32_random_summary.csv
-- [L262144 A coarse] stride=32B pattern=sequential offset=0B --
  wrote 31002 lines -> data_raw/crux/line_size/level_262144/family_32_sequential_20260912T214443Z.csv
Wrote 31 summary rows to data_processed/crux/line_size/level_262144/family_32_sequential_summary.csv
-- [L262144 A coarse] stride=64B pattern=random offset=0B --
  wrote 31002 lines -> data_raw/crux/line_size/level_262144/family_64_random_20260912T214443Z.csv
Wrote 31 summary rows to data_processed/crux/line_size/level_262144/family_64_random_summary.csv
-- [L262144 A coarse] stride=64B pattern=sequential offset=0B --
  wrote 31002 lines -> data_raw/crux/line_size/level_262144/family_64_sequential_20260912T214443Z.csv
Wrote 31 summary rows to data_processed/crux/line_size/level_262144/family_64_sequential_summary.csv
-- [L262144 A coarse] stride=128B pattern=random offset=0B --
  wrote 31002 lines -> data_raw/crux/line_size/level_262144/family_128_random_20260912T214443Z.csv
Wrote 31 summary rows to data_processed/crux/line_size/level_262144/family_128_random_summary.csv
-- [L262144 A coarse] stride=128B pattern=sequential offset=0B --
  wrote 31002 lines -> data_raw/crux/line_size/level_262144/family_128_sequential_20260912T214443Z.csv
Wrote 31 summary rows to data_processed/crux/line_size/level_262144/family_128_sequential_summary.csv
-- [L262144 A coarse] stride=256B pattern=random offset=0B --
  wrote 31002 lines -> data_raw/crux/line_size/level_262144/family_256_random_20260912T214443Z.csv
Wrote 31 summary rows to data_processed/crux/line_size/level_262144/family_256_random_summary.csv
-- [L262144 A coarse] stride=256B pattern=sequential offset=0B --
  wrote 31002 lines -> data_raw/crux/line_size/level_262144/family_256_sequential_20260912T214443Z.csv
Wrote 31 summary rows to data_processed/crux/line_size/level_262144/family_256_sequential_summary.csv
-- [L262144 A steps 1-3] generating coarse family-of-curves plots --
Wrote data_processed/crux/line_size/level_262144/plots/line_size_family_curve.pdf and .png
-- per-stride elbow (bytes): {8B: 588488, 16B: 588480, 32B: 588480, 64B: 524288, 128B: 524288, 256B: 466944}
-- line-size estimate: smallest candidate stride whose elbow agrees with largest tested stride (~466944 bytes) is 64B -- see infer_line_size's docstring caveat on the fixed grid resolution before citing this as a clean line-size number on its own
Wrote data_processed/crux/line_size/level_262144/plots/line_size_family_boxplots.pdf and .png
   (the per-stride elbow / line-size-estimate lines just above are
   plot_line_size_family.py's own diagnostic guess from ONE un-repeated coarse
   sweep -- NOT auto-applied below; see data_processed/crux/line_size/level_262144/plots/line_size_family_curve.png
   and decide the step-4 candidate yourself)
== [L262144 A] no candidate given for this level -- inspect
   data_processed/crux/line_size/level_262144/plots/line_size_family_curve.png yourself and re-run with an
   explicit candidate stride in candidate_overrides_csv for this level (no
   auto-detection: it proved unreliable across runs/cores, see the script's
   header comment). Skipping Method-A step 4.

-- [L262144 B] single-curve method, footprint_bytes=524288 (2.0x boundary) --
-- [L262144 B coarse] stride 8-1024 bytes (step 8) --
  wrote 128002 lines -> data_raw/crux/line_size/level_262144/singlecurve_coarse_random_20260912T214443Z.csv
  wrote 128002 lines -> data_raw/crux/line_size/level_262144/singlecurve_coarse_sequential_20260912T214443Z.csv
Wrote 128 summary rows to data_processed/crux/line_size/level_262144/singlecurve_coarse_random_summary.csv
Wrote 128 summary rows to data_processed/crux/line_size/level_262144/singlecurve_coarse_sequential_summary.csv
-- [L262144 B] detected line-size estimate (bytes): none --
-- [L262144 B] no transition detected in the coarse sweep; skipping dense/repeat stages --
-- [L262144 B] generating single-curve plots --
  note: flagged 3 isolated spike stride(s) as probable page-aliasing artifacts: [256, 512, 1024]
Wrote data_processed/crux/line_size/level_262144/plots/line_size_curve.pdf and .png
Wrote data_processed/crux/line_size/level_262144/plots/line_size_boxplots.pdf and .png

############################################################
## LEVEL boundary=8388608B -- Method A window=[1048576,33554432] bytes
############################################################
-- [L8388608 A coarse] stride=8B pattern=random offset=0B --
  wrote 31002 lines -> data_raw/crux/line_size/level_8388608/family_8_random_20260912T214443Z.csv
Wrote 31 summary rows to data_processed/crux/line_size/level_8388608/family_8_random_summary.csv
-- [L8388608 A coarse] stride=8B pattern=sequential offset=0B --
  wrote 31002 lines -> data_raw/crux/line_size/level_8388608/family_8_sequential_20260912T214443Z.csv
Wrote 31 summary rows to data_processed/crux/line_size/level_8388608/family_8_sequential_summary.csv
-- [L8388608 A coarse] stride=16B pattern=random offset=0B --
  wrote 31002 lines -> data_raw/crux/line_size/level_8388608/family_16_random_20260912T214443Z.csv
Wrote 31 summary rows to data_processed/crux/line_size/level_8388608/family_16_random_summary.csv
-- [L8388608 A coarse] stride=16B pattern=sequential offset=0B --
  wrote 31002 lines -> data_raw/crux/line_size/level_8388608/family_16_sequential_20260912T214443Z.csv
Wrote 31 summary rows to data_processed/crux/line_size/level_8388608/family_16_sequential_summary.csv
-- [L8388608 A coarse] stride=32B pattern=random offset=0B --
  wrote 31002 lines -> data_raw/crux/line_size/level_8388608/family_32_random_20260912T214443Z.csv
Wrote 31 summary rows to data_processed/crux/line_size/level_8388608/family_32_random_summary.csv
-- [L8388608 A coarse] stride=32B pattern=sequential offset=0B --
  wrote 31002 lines -> data_raw/crux/line_size/level_8388608/family_32_sequential_20260912T214443Z.csv
Wrote 31 summary rows to data_processed/crux/line_size/level_8388608/family_32_sequential_summary.csv
-- [L8388608 A coarse] stride=64B pattern=random offset=0B --
  wrote 31002 lines -> data_raw/crux/line_size/level_8388608/family_64_random_20260912T214443Z.csv
Wrote 31 summary rows to data_processed/crux/line_size/level_8388608/family_64_random_summary.csv
-- [L8388608 A coarse] stride=64B pattern=sequential offset=0B --
  wrote 31002 lines -> data_raw/crux/line_size/level_8388608/family_64_sequential_20260912T214443Z.csv
Wrote 31 summary rows to data_processed/crux/line_size/level_8388608/family_64_sequential_summary.csv
-- [L8388608 A coarse] stride=128B pattern=random offset=0B --
  wrote 31002 lines -> data_raw/crux/line_size/level_8388608/family_128_random_20260912T214443Z.csv
Wrote 31 summary rows to data_processed/crux/line_size/level_8388608/family_128_random_summary.csv
-- [L8388608 A coarse] stride=128B pattern=sequential offset=0B --
  wrote 31002 lines -> data_raw/crux/line_size/level_8388608/family_128_sequential_20260912T214443Z.csv
Wrote 31 summary rows to data_processed/crux/line_size/level_8388608/family_128_sequential_summary.csv
-- [L8388608 A coarse] stride=256B pattern=random offset=0B --
  wrote 31002 lines -> data_raw/crux/line_size/level_8388608/family_256_random_20260912T214443Z.csv
Wrote 31 summary rows to data_processed/crux/line_size/level_8388608/family_256_random_summary.csv
-- [L8388608 A coarse] stride=256B pattern=sequential offset=0B --
  wrote 31002 lines -> data_raw/crux/line_size/level_8388608/family_256_sequential_20260912T214443Z.csv
Wrote 31 summary rows to data_processed/crux/line_size/level_8388608/family_256_sequential_summary.csv
-- [L8388608 A steps 1-3] generating coarse family-of-curves plots --
Wrote data_processed/crux/line_size/level_8388608/plots/line_size_family_curve.pdf and .png
-- per-stride elbow (bytes): {8B: 23726560, 16B: 23726560, 32B: 23726560, 64B: 18831744, 128B: 26632064, 256B: 26631936}
-- line-size estimate: smallest candidate stride whose elbow agrees with largest tested stride (~26631936 bytes) is 8B -- see infer_line_size's docstring caveat on the fixed grid resolution before citing this as a clean line-size number on its own
Wrote data_processed/crux/line_size/level_8388608/plots/line_size_family_boxplots.pdf and .png
   (the per-stride elbow / line-size-estimate lines just above are
   plot_line_size_family.py's own diagnostic guess from ONE un-repeated coarse
   sweep -- NOT auto-applied below; see data_processed/crux/line_size/level_8388608/plots/line_size_family_curve.png
   and decide the step-4 candidate yourself)
== [L8388608 A] no candidate given for this level -- inspect
   data_processed/crux/line_size/level_8388608/plots/line_size_family_curve.png yourself and re-run with an
   explicit candidate stride in candidate_overrides_csv for this level (no
   auto-detection: it proved unreliable across runs/cores, see the script's
   header comment). Skipping Method-A step 4.

-- [L8388608 B] single-curve method, footprint_bytes=16777216 (2.0x boundary) --
-- [L8388608 B coarse] stride 8-1024 bytes (step 8) --
  wrote 128002 lines -> data_raw/crux/line_size/level_8388608/singlecurve_coarse_random_20260912T214443Z.csv
  wrote 128002 lines -> data_raw/crux/line_size/level_8388608/singlecurve_coarse_sequential_20260912T214443Z.csv
Wrote 128 summary rows to data_processed/crux/line_size/level_8388608/singlecurve_coarse_random_summary.csv
Wrote 128 summary rows to data_processed/crux/line_size/level_8388608/singlecurve_coarse_sequential_summary.csv
-- [L8388608 B] detected line-size estimate (bytes): none --
-- [L8388608 B] no transition detected in the coarse sweep; skipping dense/repeat stages --
-- [L8388608 B] generating single-curve plots --
  note: flagged 9 isolated spike stride(s) as probable page-aliasing artifacts: [256, 512, 592, 664, 712, 800, 856, 872, 1024]
Wrote data_processed/crux/line_size/level_8388608/plots/line_size_curve.pdf and .png
Wrote data_processed/crux/line_size/level_8388608/plots/line_size_boxplots.pdf and .png

############################################################
## step 5: cross-level, cross-method agreement summary
############################################################
   level boundary=32768B -> method A (family of curves) = noneB, method B (single curve) = 64B
   level boundary=262144B -> method A (family of curves) = noneB, method B (single curve) = noneB
   level boundary=8388608B -> method A (family of curves) = noneB, method B (single curve) = noneB
== every level/method that produced an estimate AGREES on 64B -- strong Phase-I evidence ==
== done: all levels, both methods, complete ==
== this is a FROZEN PHASE-I TIMING-ONLY result -- compare against PMU counters
   and the documented/system-reported line size in Phase II before treating it as
   confirmed (see README.md's Phase I/II/III discipline).
== plots per level: data_processed/crux/line_size/level_<boundary>/plots/line_size_family_{curve,boxplots}.{png,pdf} (A, steps 1-3),
          .../line_size_offset_{elbow,boxplots}.{png,pdf} (A, step 4), .../line_size_{curve,boxplots}.{png,pdf} (B) ==
== record in data_raw/crux/README.md: boundaries=32768,262144,8388608, core=3,
   seed=12345, samples=1000000, coarse_strides=8,16,32,64,128,256, per-level/per-method estimates as above,
   timestamp=20260912T214443Z ==
== full transcript saved to: data_raw/crux/line_size/run_line_size_20260912T214443Z.log ==
