== run_associativity_full: machine=hazel_skylake core=17 base_seed=12345 max_ways=40 ==
== timestamp=20260915T021913Z ==
-- using explicit cache_bytes override: 32768 1048576 23726560 --

== level L1: cache_bytes=32768 ==
-- base sweep num_ways=2-40 --
  wrote 39002 lines -> data_raw/hazel_skylake/associativity/L1/associativity_base_random_20260915T021913Z.csv (seed=12345)
  wrote 39002 lines -> data_raw/hazel_skylake/associativity/L1/associativity_base_sequential_20260915T021913Z.csv (seed=12345)
Wrote 39 summary rows to data_processed/hazel_skylake/associativity/L1/base_random_summary_20260915T021913Z.csv
Wrote 39 summary rows to data_processed/hazel_skylake/associativity/L1/base_sequential_summary_20260915T021913Z.csv
-- detected associativity estimate: 8 --
  -- repeat 1/2 (seed=12346) --
  wrote 39002 lines -> data_raw/hazel_skylake/associativity/L1/associativity_rep1_random_20260915T021913Z.csv (seed=12346)
  wrote 39002 lines -> data_raw/hazel_skylake/associativity/L1/associativity_rep1_sequential_20260915T021913Z.csv (seed=12346)
Wrote 39 summary rows to data_processed/hazel_skylake/associativity/L1/rep1_random_summary_20260915T021913Z.csv
Wrote 39 summary rows to data_processed/hazel_skylake/associativity/L1/rep1_sequential_summary_20260915T021913Z.csv
     repeat 1 detected estimate: 8
  -- repeat 2/2 (seed=12347) --
  wrote 39002 lines -> data_raw/hazel_skylake/associativity/L1/associativity_rep2_random_20260915T021913Z.csv (seed=12347)
  wrote 39002 lines -> data_raw/hazel_skylake/associativity/L1/associativity_rep2_sequential_20260915T021913Z.csv (seed=12347)
Wrote 39 summary rows to data_processed/hazel_skylake/associativity/L1/rep2_random_summary_20260915T021913Z.csv
Wrote 39 summary rows to data_processed/hazel_skylake/associativity/L1/rep2_sequential_summary_20260915T021913Z.csv
     repeat 2 detected estimate: 8
-- generating plots for L1 --
  note: num_ways=2 (random) has 3 overlapping summary rows with medians [10.4, 5.0, 5.0] (spread 5.3 ticks, 78.2%) -- averaging, widening whiskers to the union
  note: num_ways=3 (random) has 3 overlapping summary rows with medians [9.3, 5.9, 5.3] (spread 3.9 ticks, 57.6%) -- averaging, widening whiskers to the union
  note: num_ways=31 (random) has 3 overlapping summary rows with medians [19.8, 15.7, 15.8] (spread 4.0 ticks, 23.6%) -- averaging, widening whiskers to the union
  note: num_ways=32 (random) has 3 overlapping summary rows with medians [19.7, 15.8, 15.7] (spread 4.0 ticks, 23.2%) -- averaging, widening whiskers to the union
  note: num_ways=2 (sequential) has 3 overlapping summary rows with medians [6.3, 7.1, 5.0] (spread 2.0 ticks, 32.9%) -- averaging, widening whiskers to the union
  note: num_ways=3 (sequential) has 3 overlapping summary rows with medians [6.3, 7.1, 5.0] (spread 2.0 ticks, 32.9%) -- averaging, widening whiskers to the union
  note: num_ways=4 (sequential) has 3 overlapping summary rows with medians [6.3, 5.2, 5.0] (spread 1.3 ticks, 22.9%) -- averaging, widening whiskers to the union
  note: num_ways=32 (sequential) has 3 overlapping summary rows with medians [19.8, 15.8, 15.8] (spread 4.0 ticks, 23.1%) -- averaging, widening whiskers to the union
  note: num_ways=33 (sequential) has 3 overlapping summary rows with medians [19.8, 15.8, 15.7] (spread 4.0 ticks, 23.6%) -- averaging, widening whiskers to the union
  note: num_ways=34 (sequential) has 3 overlapping summary rows with medians [19.7, 15.8, 15.7] (spread 3.9 ticks, 23.1%) -- averaging, widening whiskers to the union
Wrote data_processed/hazel_skylake/associativity/L1/plots/associativity_curve.pdf and .png
Wrote data_processed/hazel_skylake/associativity/L1/plots/associativity_boxplots.pdf and .png
-- compressing raw CSVs for L1 --

== level L2: cache_bytes=1048576 ==
-- base sweep num_ways=2-40 --
  wrote 39002 lines -> data_raw/hazel_skylake/associativity/L2/associativity_base_random_20260915T021913Z.csv (seed=12345)
  wrote 39002 lines -> data_raw/hazel_skylake/associativity/L2/associativity_base_sequential_20260915T021913Z.csv (seed=12345)
Wrote 39 summary rows to data_processed/hazel_skylake/associativity/L2/base_random_summary_20260915T021913Z.csv
Wrote 39 summary rows to data_processed/hazel_skylake/associativity/L2/base_sequential_summary_20260915T021913Z.csv
-- detected associativity estimate: 8 --
  -- repeat 1/2 (seed=12346) --
  wrote 39002 lines -> data_raw/hazel_skylake/associativity/L2/associativity_rep1_random_20260915T021913Z.csv (seed=12346)
  wrote 39002 lines -> data_raw/hazel_skylake/associativity/L2/associativity_rep1_sequential_20260915T021913Z.csv (seed=12346)
Wrote 39 summary rows to data_processed/hazel_skylake/associativity/L2/rep1_random_summary_20260915T021913Z.csv
Wrote 39 summary rows to data_processed/hazel_skylake/associativity/L2/rep1_sequential_summary_20260915T021913Z.csv
     repeat 1 detected estimate: 8
  -- repeat 2/2 (seed=12347) --
  wrote 39002 lines -> data_raw/hazel_skylake/associativity/L2/associativity_rep2_random_20260915T021913Z.csv (seed=12347)
  wrote 39002 lines -> data_raw/hazel_skylake/associativity/L2/associativity_rep2_sequential_20260915T021913Z.csv (seed=12347)
Wrote 39 summary rows to data_processed/hazel_skylake/associativity/L2/rep2_random_summary_20260915T021913Z.csv
Wrote 39 summary rows to data_processed/hazel_skylake/associativity/L2/rep2_sequential_summary_20260915T021913Z.csv
     repeat 2 detected estimate: 8
-- generating plots for L2 --
  note: num_ways=2 (random) has 3 overlapping summary rows with medians [5.0, 6.8, 5.2] (spread 1.7 ticks, 30.8%) -- averaging, widening whiskers to the union
  note: num_ways=3 (random) has 3 overlapping summary rows with medians [5.3, 5.0, 7.1] (spread 2.0 ticks, 34.5%) -- averaging, widening whiskers to the union
  note: num_ways=4 (random) has 3 overlapping summary rows with medians [5.3, 5.1, 7.1] (spread 2.0 ticks, 33.9%) -- averaging, widening whiskers to the union
  note: num_ways=17 (random) has 3 overlapping summary rows with medians [10.7, 26.5, 10.4] (spread 16.1 ticks, 101.8%) -- averaging, widening whiskers to the union
  note: num_ways=18 (random) has 3 overlapping summary rows with medians [10.7, 25.8, 10.4] (spread 15.4 ticks, 98.1%) -- averaging, widening whiskers to the union
  note: num_ways=2 (sequential) has 3 overlapping summary rows with medians [7.7, 7.1, 5.2] (spread 2.5 ticks, 37.4%) -- averaging, widening whiskers to the union
  note: num_ways=3 (sequential) has 3 overlapping summary rows with medians [7.7, 7.1, 5.2] (spread 2.5 ticks, 37.4%) -- averaging, widening whiskers to the union
  note: num_ways=18 (sequential) has 3 overlapping summary rows with medians [10.4, 10.4, 25.3] (spread 14.9 ticks, 97.2%) -- averaging, widening whiskers to the union
  note: num_ways=20 (sequential) has 3 overlapping summary rows with medians [25.9, 24.8, 30.4] (spread 5.6 ticks, 20.7%) -- averaging, widening whiskers to the union
Wrote data_processed/hazel_skylake/associativity/L2/plots/associativity_curve.pdf and .png
Wrote data_processed/hazel_skylake/associativity/L2/plots/associativity_boxplots.pdf and .png
-- compressing raw CSVs for L2 --

== level L3_LLC: cache_bytes=23726560 ==
-- base sweep num_ways=2-40 --
Invalid associativity parameter values (--cache-bytes must be a multiple of 4096)
srun: error: c050n02: task 0: Exited with exit code 1
