== run_hit_latency_full: machine=crux core=2 base_seed=12345 ==
== timestamp=20260913T061111Z ==

== level L1: footprint_bytes=32768 ==
-- base (seed=12345) --
  wrote 1002 lines -> data_raw/crux/latency/hit/L1/hit_latency_base_dependent_random_20260913T061111Z.csv (mode=dependent pattern=random seed=12345)
Wrote 1 summary rows to data_processed/crux/latency/hit/L1/base_dependent_random_summary_20260913T061111Z.csv
  wrote 1002 lines -> data_raw/crux/latency/hit/L1/hit_latency_base_dependent_sequential_20260913T061111Z.csv (mode=dependent pattern=sequential seed=12345)
Wrote 1 summary rows to data_processed/crux/latency/hit/L1/base_dependent_sequential_summary_20260913T061111Z.csv
  wrote 1002 lines -> data_raw/crux/latency/hit/L1/hit_latency_base_independent_random_20260913T061111Z.csv (mode=independent pattern=random seed=12345)
Wrote 1 summary rows to data_processed/crux/latency/hit/L1/base_independent_random_summary_20260913T061111Z.csv
  wrote 1002 lines -> data_raw/crux/latency/hit/L1/hit_latency_base_independent_sequential_20260913T061111Z.csv (mode=independent pattern=sequential seed=12345)
Wrote 1 summary rows to data_processed/crux/latency/hit/L1/base_independent_sequential_summary_20260913T061111Z.csv
-- rep1 (seed=12346) --
  wrote 1002 lines -> data_raw/crux/latency/hit/L1/hit_latency_rep1_dependent_random_20260913T061111Z.csv (mode=dependent pattern=random seed=12346)
Wrote 1 summary rows to data_processed/crux/latency/hit/L1/rep1_dependent_random_summary_20260913T061111Z.csv
  wrote 1002 lines -> data_raw/crux/latency/hit/L1/hit_latency_rep1_dependent_sequential_20260913T061111Z.csv (mode=dependent pattern=sequential seed=12346)
Wrote 1 summary rows to data_processed/crux/latency/hit/L1/rep1_dependent_sequential_summary_20260913T061111Z.csv
  wrote 1002 lines -> data_raw/crux/latency/hit/L1/hit_latency_rep1_independent_random_20260913T061111Z.csv (mode=independent pattern=random seed=12346)
Wrote 1 summary rows to data_processed/crux/latency/hit/L1/rep1_independent_random_summary_20260913T061111Z.csv
  wrote 1002 lines -> data_raw/crux/latency/hit/L1/hit_latency_rep1_independent_sequential_20260913T061111Z.csv (mode=independent pattern=sequential seed=12346)
Wrote 1 summary rows to data_processed/crux/latency/hit/L1/rep1_independent_sequential_summary_20260913T061111Z.csv
-- rep2 (seed=12347) --
  wrote 1002 lines -> data_raw/crux/latency/hit/L1/hit_latency_rep2_dependent_random_20260913T061111Z.csv (mode=dependent pattern=random seed=12347)
Wrote 1 summary rows to data_processed/crux/latency/hit/L1/rep2_dependent_random_summary_20260913T061111Z.csv
  wrote 1002 lines -> data_raw/crux/latency/hit/L1/hit_latency_rep2_dependent_sequential_20260913T061111Z.csv (mode=dependent pattern=sequential seed=12347)
Wrote 1 summary rows to data_processed/crux/latency/hit/L1/rep2_dependent_sequential_summary_20260913T061111Z.csv
  wrote 1002 lines -> data_raw/crux/latency/hit/L1/hit_latency_rep2_independent_random_20260913T061111Z.csv (mode=independent pattern=random seed=12347)
Wrote 1 summary rows to data_processed/crux/latency/hit/L1/rep2_independent_random_summary_20260913T061111Z.csv
  wrote 1002 lines -> data_raw/crux/latency/hit/L1/hit_latency_rep2_independent_sequential_20260913T061111Z.csv (mode=independent pattern=sequential seed=12347)
Wrote 1 summary rows to data_processed/crux/latency/hit/L1/rep2_independent_sequential_summary_20260913T061111Z.csv
-- generating plots for L1 --
  note: ('dependent', 'random') has 3 overlapping summary rows with medians [7.4, 5.8, 5.8] (spread 1.6 ticks, 26.0%) -- averaging, widening whiskers to the union
random: independent < dependent (5.42 vs 6.33 ticks) [expected]
sequential: independent < dependent (5.35 vs 5.63 ticks) [expected]
Wrote data_processed/crux/latency/hit/L1/plots/hit_latency_boxplots.pdf and .png
-- compressing raw CSVs for L1 --

== level L2: footprint_bytes=262144 ==
-- base (seed=12345) --
  wrote 1002 lines -> data_raw/crux/latency/hit/L2/hit_latency_base_dependent_random_20260913T061111Z.csv (mode=dependent pattern=random seed=12345)
Wrote 1 summary rows to data_processed/crux/latency/hit/L2/base_dependent_random_summary_20260913T061111Z.csv
  wrote 1002 lines -> data_raw/crux/latency/hit/L2/hit_latency_base_dependent_sequential_20260913T061111Z.csv (mode=dependent pattern=sequential seed=12345)
Wrote 1 summary rows to data_processed/crux/latency/hit/L2/base_dependent_sequential_summary_20260913T061111Z.csv
  wrote 1002 lines -> data_raw/crux/latency/hit/L2/hit_latency_base_independent_random_20260913T061111Z.csv (mode=independent pattern=random seed=12345)
Wrote 1 summary rows to data_processed/crux/latency/hit/L2/base_independent_random_summary_20260913T061111Z.csv
  wrote 1002 lines -> data_raw/crux/latency/hit/L2/hit_latency_base_independent_sequential_20260913T061111Z.csv (mode=independent pattern=sequential seed=12345)
Wrote 1 summary rows to data_processed/crux/latency/hit/L2/base_independent_sequential_summary_20260913T061111Z.csv
-- rep1 (seed=12346) --
  wrote 1002 lines -> data_raw/crux/latency/hit/L2/hit_latency_rep1_dependent_random_20260913T061111Z.csv (mode=dependent pattern=random seed=12346)
Wrote 1 summary rows to data_processed/crux/latency/hit/L2/rep1_dependent_random_summary_20260913T061111Z.csv
  wrote 1002 lines -> data_raw/crux/latency/hit/L2/hit_latency_rep1_dependent_sequential_20260913T061111Z.csv (mode=dependent pattern=sequential seed=12346)
Wrote 1 summary rows to data_processed/crux/latency/hit/L2/rep1_dependent_sequential_summary_20260913T061111Z.csv
  wrote 1002 lines -> data_raw/crux/latency/hit/L2/hit_latency_rep1_independent_random_20260913T061111Z.csv (mode=independent pattern=random seed=12346)
Wrote 1 summary rows to data_processed/crux/latency/hit/L2/rep1_independent_random_summary_20260913T061111Z.csv
  wrote 1002 lines -> data_raw/crux/latency/hit/L2/hit_latency_rep1_independent_sequential_20260913T061111Z.csv (mode=independent pattern=sequential seed=12346)
Wrote 1 summary rows to data_processed/crux/latency/hit/L2/rep1_independent_sequential_summary_20260913T061111Z.csv
-- rep2 (seed=12347) --
  wrote 1002 lines -> data_raw/crux/latency/hit/L2/hit_latency_rep2_dependent_random_20260913T061111Z.csv (mode=dependent pattern=random seed=12347)
Wrote 1 summary rows to data_processed/crux/latency/hit/L2/rep2_dependent_random_summary_20260913T061111Z.csv
  wrote 1002 lines -> data_raw/crux/latency/hit/L2/hit_latency_rep2_dependent_sequential_20260913T061111Z.csv (mode=dependent pattern=sequential seed=12347)
Wrote 1 summary rows to data_processed/crux/latency/hit/L2/rep2_dependent_sequential_summary_20260913T061111Z.csv
  wrote 1002 lines -> data_raw/crux/latency/hit/L2/hit_latency_rep2_independent_random_20260913T061111Z.csv (mode=independent pattern=random seed=12347)
Wrote 1 summary rows to data_processed/crux/latency/hit/L2/rep2_independent_random_summary_20260913T061111Z.csv
  wrote 1002 lines -> data_raw/crux/latency/hit/L2/hit_latency_rep2_independent_sequential_20260913T061111Z.csv (mode=independent pattern=sequential seed=12347)
Wrote 1 summary rows to data_processed/crux/latency/hit/L2/rep2_independent_sequential_summary_20260913T061111Z.csv
-- generating plots for L2 --
random: independent < dependent (7.12 vs 13.35 ticks) [expected]
sequential: independent < dependent (5.45 vs 5.60 ticks) [expected]
Wrote data_processed/crux/latency/hit/L2/plots/hit_latency_boxplots.pdf and .png
-- compressing raw CSVs for L2 --

== level LLC: footprint_bytes=8388608 ==
-- base (seed=12345) --
  wrote 1002 lines -> data_raw/crux/latency/hit/LLC/hit_latency_base_dependent_random_20260913T061111Z.csv (mode=dependent pattern=random seed=12345)
Wrote 1 summary rows to data_processed/crux/latency/hit/LLC/base_dependent_random_summary_20260913T061111Z.csv
  wrote 1002 lines -> data_raw/crux/latency/hit/LLC/hit_latency_base_dependent_sequential_20260913T061111Z.csv (mode=dependent pattern=sequential seed=12345)
Wrote 1 summary rows to data_processed/crux/latency/hit/LLC/base_dependent_sequential_summary_20260913T061111Z.csv
  wrote 1002 lines -> data_raw/crux/latency/hit/LLC/hit_latency_base_independent_random_20260913T061111Z.csv (mode=independent pattern=random seed=12345)
Wrote 1 summary rows to data_processed/crux/latency/hit/LLC/base_independent_random_summary_20260913T061111Z.csv
  wrote 1002 lines -> data_raw/crux/latency/hit/LLC/hit_latency_base_independent_sequential_20260913T061111Z.csv (mode=independent pattern=sequential seed=12345)
Wrote 1 summary rows to data_processed/crux/latency/hit/LLC/base_independent_sequential_summary_20260913T061111Z.csv
-- rep1 (seed=12346) --
  wrote 1002 lines -> data_raw/crux/latency/hit/LLC/hit_latency_rep1_dependent_random_20260913T061111Z.csv (mode=dependent pattern=random seed=12346)
Wrote 1 summary rows to data_processed/crux/latency/hit/LLC/rep1_dependent_random_summary_20260913T061111Z.csv
  wrote 1002 lines -> data_raw/crux/latency/hit/LLC/hit_latency_rep1_dependent_sequential_20260913T061111Z.csv (mode=dependent pattern=sequential seed=12346)
Wrote 1 summary rows to data_processed/crux/latency/hit/LLC/rep1_dependent_sequential_summary_20260913T061111Z.csv
  wrote 1002 lines -> data_raw/crux/latency/hit/LLC/hit_latency_rep1_independent_random_20260913T061111Z.csv (mode=independent pattern=random seed=12346)
Wrote 1 summary rows to data_processed/crux/latency/hit/LLC/rep1_independent_random_summary_20260913T061111Z.csv
  wrote 1002 lines -> data_raw/crux/latency/hit/LLC/hit_latency_rep1_independent_sequential_20260913T061111Z.csv (mode=independent pattern=sequential seed=12346)
Wrote 1 summary rows to data_processed/crux/latency/hit/LLC/rep1_independent_sequential_summary_20260913T061111Z.csv
-- rep2 (seed=12347) --
  wrote 1002 lines -> data_raw/crux/latency/hit/LLC/hit_latency_rep2_dependent_random_20260913T061111Z.csv (mode=dependent pattern=random seed=12347)
Wrote 1 summary rows to data_processed/crux/latency/hit/LLC/rep2_dependent_random_summary_20260913T061111Z.csv
  wrote 1002 lines -> data_raw/crux/latency/hit/LLC/hit_latency_rep2_dependent_sequential_20260913T061111Z.csv (mode=dependent pattern=sequential seed=12347)
Wrote 1 summary rows to data_processed/crux/latency/hit/LLC/rep2_dependent_sequential_summary_20260913T061111Z.csv
  wrote 1002 lines -> data_raw/crux/latency/hit/LLC/hit_latency_rep2_independent_random_20260913T061111Z.csv (mode=independent pattern=random seed=12347)
Wrote 1 summary rows to data_processed/crux/latency/hit/LLC/rep2_independent_random_summary_20260913T061111Z.csv
  wrote 1002 lines -> data_raw/crux/latency/hit/LLC/hit_latency_rep2_independent_sequential_20260913T061111Z.csv (mode=independent pattern=sequential seed=12347)
Wrote 1 summary rows to data_processed/crux/latency/hit/LLC/rep2_independent_sequential_summary_20260913T061111Z.csv
-- generating plots for LLC --
random: independent < dependent (16.34 vs 42.87 ticks) [expected]
sequential: independent >= dependent (5.96 vs 5.63 ticks) [UNEXPECTED -- investigate]
Wrote data_processed/crux/latency/hit/LLC/plots/hit_latency_boxplots.pdf and .png
-- compressing raw CSVs for LLC --

== level DRAM: footprint_bytes=536870912 ==
-- base (seed=12345) --
  wrote 1002 lines -> data_raw/crux/latency/hit/DRAM/hit_latency_base_dependent_random_20260913T061111Z.csv (mode=dependent pattern=random seed=12345)
Wrote 1 summary rows to data_processed/crux/latency/hit/DRAM/base_dependent_random_summary_20260913T061111Z.csv
  wrote 1002 lines -> data_raw/crux/latency/hit/DRAM/hit_latency_base_dependent_sequential_20260913T061111Z.csv (mode=dependent pattern=sequential seed=12345)
Wrote 1 summary rows to data_processed/crux/latency/hit/DRAM/base_dependent_sequential_summary_20260913T061111Z.csv
  wrote 1002 lines -> data_raw/crux/latency/hit/DRAM/hit_latency_base_independent_random_20260913T061111Z.csv (mode=independent pattern=random seed=12345)
Wrote 1 summary rows to data_processed/crux/latency/hit/DRAM/base_independent_random_summary_20260913T061111Z.csv
  wrote 1002 lines -> data_raw/crux/latency/hit/DRAM/hit_latency_base_independent_sequential_20260913T061111Z.csv (mode=independent pattern=sequential seed=12345)
Wrote 1 summary rows to data_processed/crux/latency/hit/DRAM/base_independent_sequential_summary_20260913T061111Z.csv
-- rep1 (seed=12346) --
  wrote 1002 lines -> data_raw/crux/latency/hit/DRAM/hit_latency_rep1_dependent_random_20260913T061111Z.csv (mode=dependent pattern=random seed=12346)
Wrote 1 summary rows to data_processed/crux/latency/hit/DRAM/rep1_dependent_random_summary_20260913T061111Z.csv
  wrote 1002 lines -> data_raw/crux/latency/hit/DRAM/hit_latency_rep1_dependent_sequential_20260913T061111Z.csv (mode=dependent pattern=sequential seed=12346)
Wrote 1 summary rows to data_processed/crux/latency/hit/DRAM/rep1_dependent_sequential_summary_20260913T061111Z.csv
  wrote 1002 lines -> data_raw/crux/latency/hit/DRAM/hit_latency_rep1_independent_random_20260913T061111Z.csv (mode=independent pattern=random seed=12346)
Wrote 1 summary rows to data_processed/crux/latency/hit/DRAM/rep1_independent_random_summary_20260913T061111Z.csv
  wrote 1002 lines -> data_raw/crux/latency/hit/DRAM/hit_latency_rep1_independent_sequential_20260913T061111Z.csv (mode=independent pattern=sequential seed=12346)
Wrote 1 summary rows to data_processed/crux/latency/hit/DRAM/rep1_independent_sequential_summary_20260913T061111Z.csv
-- rep2 (seed=12347) --
  wrote 1002 lines -> data_raw/crux/latency/hit/DRAM/hit_latency_rep2_dependent_random_20260913T061111Z.csv (mode=dependent pattern=random seed=12347)
Wrote 1 summary rows to data_processed/crux/latency/hit/DRAM/rep2_dependent_random_summary_20260913T061111Z.csv
  wrote 1002 lines -> data_raw/crux/latency/hit/DRAM/hit_latency_rep2_dependent_sequential_20260913T061111Z.csv (mode=dependent pattern=sequential seed=12347)
Wrote 1 summary rows to data_processed/crux/latency/hit/DRAM/rep2_dependent_sequential_summary_20260913T061111Z.csv
  wrote 1002 lines -> data_raw/crux/latency/hit/DRAM/hit_latency_rep2_independent_random_20260913T061111Z.csv (mode=independent pattern=random seed=12347)
Wrote 1 summary rows to data_processed/crux/latency/hit/DRAM/rep2_independent_random_summary_20260913T061111Z.csv
  wrote 1002 lines -> data_raw/crux/latency/hit/DRAM/hit_latency_rep2_independent_sequential_20260913T061111Z.csv (mode=independent pattern=sequential seed=12347)
Wrote 1 summary rows to data_processed/crux/latency/hit/DRAM/rep2_independent_sequential_summary_20260913T061111Z.csv
-- generating plots for DRAM --
random: independent < dependent (47.07 vs 236.91 ticks) [expected]
sequential: independent >= dependent (5.95 vs 5.81 ticks) [UNEXPECTED -- investigate]
Wrote data_processed/crux/latency/hit/DRAM/plots/hit_latency_boxplots.pdf and .png
-- compressing raw CSVs for DRAM --

== done ==
== L1: footprint_bytes=32768 ==
== L2: footprint_bytes=262144 ==
== LLC: footprint_bytes=8388608 ==
== DRAM: footprint_bytes=536870912 ==
== record in data_raw/crux/README.md: core=2, base_seed=12345 (repeats use base_seed+index), samples=1000000, timestamp=20260913T061111Z ==
== full transcript saved to: data_raw/crux/latency/run_hit_latency_full_20260913T061111Z.log ==
