== run_miss_latency_full: machine=crux core=2 base_seed=12345 ==
== timestamp=20260913T061432Z ==

== transition L1_to_L2: target_bytes=32768 evict_bytes=262144 ==
-- base (seed=12345) --
  wrote 202 lines -> data_raw/crux/latency/miss/L1_to_L2/miss_latency_base_random_20260913T061432Z.csv (pattern=random seed=12345)
Wrote 1 summary rows to data_processed/crux/latency/miss/L1_to_L2/base_random_summary_20260913T061432Z.csv
  wrote 202 lines -> data_raw/crux/latency/miss/L1_to_L2/miss_latency_base_sequential_20260913T061432Z.csv (pattern=sequential seed=12345)
Wrote 1 summary rows to data_processed/crux/latency/miss/L1_to_L2/base_sequential_summary_20260913T061432Z.csv
-- rep1 (seed=12346) --
  wrote 202 lines -> data_raw/crux/latency/miss/L1_to_L2/miss_latency_rep1_random_20260913T061432Z.csv (pattern=random seed=12346)
Wrote 1 summary rows to data_processed/crux/latency/miss/L1_to_L2/rep1_random_summary_20260913T061432Z.csv
  wrote 202 lines -> data_raw/crux/latency/miss/L1_to_L2/miss_latency_rep1_sequential_20260913T061432Z.csv (pattern=sequential seed=12346)
Wrote 1 summary rows to data_processed/crux/latency/miss/L1_to_L2/rep1_sequential_summary_20260913T061432Z.csv
-- rep2 (seed=12347) --
  wrote 202 lines -> data_raw/crux/latency/miss/L1_to_L2/miss_latency_rep2_random_20260913T061432Z.csv (pattern=random seed=12347)
Wrote 1 summary rows to data_processed/crux/latency/miss/L1_to_L2/rep2_random_summary_20260913T061432Z.csv
  wrote 202 lines -> data_raw/crux/latency/miss/L1_to_L2/miss_latency_rep2_sequential_20260913T061432Z.csv (pattern=sequential seed=12347)
Wrote 1 summary rows to data_processed/crux/latency/miss/L1_to_L2/rep2_sequential_summary_20260913T061432Z.csv
-- found source-level (L1) hit_latency data for penalty annotation: data_processed/crux/latency/hit/L1/base_dependent_random_summary_20260913T061111Z.csv data_processed/crux/latency/hit/L1/rep1_dependent_random_summary_20260913T061111Z.csv data_processed/crux/latency/hit/L1/rep2_dependent_random_summary_20260913T061111Z.csv --
-- generating plots for L1_to_L2 --
Wrote data_processed/crux/latency/miss/L1_to_L2/plots/miss_latency_boxplots.pdf and .png
-- compressing raw CSVs for L1_to_L2 --

== transition L2_to_LLC: target_bytes=262144 evict_bytes=8388608 ==
-- base (seed=12345) --
  wrote 202 lines -> data_raw/crux/latency/miss/L2_to_LLC/miss_latency_base_random_20260913T061432Z.csv (pattern=random seed=12345)
Wrote 1 summary rows to data_processed/crux/latency/miss/L2_to_LLC/base_random_summary_20260913T061432Z.csv
  wrote 202 lines -> data_raw/crux/latency/miss/L2_to_LLC/miss_latency_base_sequential_20260913T061432Z.csv (pattern=sequential seed=12345)
Wrote 1 summary rows to data_processed/crux/latency/miss/L2_to_LLC/base_sequential_summary_20260913T061432Z.csv
-- rep1 (seed=12346) --
  wrote 202 lines -> data_raw/crux/latency/miss/L2_to_LLC/miss_latency_rep1_random_20260913T061432Z.csv (pattern=random seed=12346)
Wrote 1 summary rows to data_processed/crux/latency/miss/L2_to_LLC/rep1_random_summary_20260913T061432Z.csv
  wrote 202 lines -> data_raw/crux/latency/miss/L2_to_LLC/miss_latency_rep1_sequential_20260913T061432Z.csv (pattern=sequential seed=12346)
Wrote 1 summary rows to data_processed/crux/latency/miss/L2_to_LLC/rep1_sequential_summary_20260913T061432Z.csv
-- rep2 (seed=12347) --
  wrote 202 lines -> data_raw/crux/latency/miss/L2_to_LLC/miss_latency_rep2_random_20260913T061432Z.csv (pattern=random seed=12347)
Wrote 1 summary rows to data_processed/crux/latency/miss/L2_to_LLC/rep2_random_summary_20260913T061432Z.csv
  wrote 202 lines -> data_raw/crux/latency/miss/L2_to_LLC/miss_latency_rep2_sequential_20260913T061432Z.csv (pattern=sequential seed=12347)
Wrote 1 summary rows to data_processed/crux/latency/miss/L2_to_LLC/rep2_sequential_summary_20260913T061432Z.csv
-- found source-level (L2) hit_latency data for penalty annotation: data_processed/crux/latency/hit/L2/base_dependent_random_summary_20260913T061111Z.csv data_processed/crux/latency/hit/L2/rep1_dependent_random_summary_20260913T061111Z.csv data_processed/crux/latency/hit/L2/rep2_dependent_random_summary_20260913T061111Z.csv --
-- generating plots for L2_to_LLC --
  note: pattern=random has 3 overlapping summary rows with medians [260.0, 105.5, 270.5] (spread 165.0 ticks, 77.8%) -- averaging, widening whiskers to the union
Wrote data_processed/crux/latency/miss/L2_to_LLC/plots/miss_latency_boxplots.pdf and .png
-- compressing raw CSVs for L2_to_LLC --

== transition LLC_to_DRAM: target_bytes=8388608 evict_bytes=16777216 ==
-- base (seed=12345) --
  wrote 202 lines -> data_raw/crux/latency/miss/LLC_to_DRAM/miss_latency_base_random_20260913T061432Z.csv (pattern=random seed=12345)
Wrote 1 summary rows to data_processed/crux/latency/miss/LLC_to_DRAM/base_random_summary_20260913T061432Z.csv
  wrote 202 lines -> data_raw/crux/latency/miss/LLC_to_DRAM/miss_latency_base_sequential_20260913T061432Z.csv (pattern=sequential seed=12345)
Wrote 1 summary rows to data_processed/crux/latency/miss/LLC_to_DRAM/base_sequential_summary_20260913T061432Z.csv
-- rep1 (seed=12346) --
  wrote 202 lines -> data_raw/crux/latency/miss/LLC_to_DRAM/miss_latency_rep1_random_20260913T061432Z.csv (pattern=random seed=12346)
Wrote 1 summary rows to data_processed/crux/latency/miss/LLC_to_DRAM/rep1_random_summary_20260913T061432Z.csv
  wrote 202 lines -> data_raw/crux/latency/miss/LLC_to_DRAM/miss_latency_rep1_sequential_20260913T061432Z.csv (pattern=sequential seed=12346)
Wrote 1 summary rows to data_processed/crux/latency/miss/LLC_to_DRAM/rep1_sequential_summary_20260913T061432Z.csv
-- rep2 (seed=12347) --
  wrote 202 lines -> data_raw/crux/latency/miss/LLC_to_DRAM/miss_latency_rep2_random_20260913T061432Z.csv (pattern=random seed=12347)
Wrote 1 summary rows to data_processed/crux/latency/miss/LLC_to_DRAM/rep2_random_summary_20260913T061432Z.csv
  wrote 202 lines -> data_raw/crux/latency/miss/LLC_to_DRAM/miss_latency_rep2_sequential_20260913T061432Z.csv (pattern=sequential seed=12347)
Wrote 1 summary rows to data_processed/crux/latency/miss/LLC_to_DRAM/rep2_sequential_summary_20260913T061432Z.csv
-- found source-level (LLC) hit_latency data for penalty annotation: data_processed/crux/latency/hit/LLC/base_dependent_random_summary_20260913T061111Z.csv data_processed/crux/latency/hit/LLC/rep1_dependent_random_summary_20260913T061111Z.csv data_processed/crux/latency/hit/LLC/rep2_dependent_random_summary_20260913T061111Z.csv --
-- generating plots for LLC_to_DRAM --
  note: pattern=random has 3 overlapping summary rows with medians [437.0, 512.0, 407.0] (spread 105.0 ticks, 23.2%) -- averaging, widening whiskers to the union
  note: pattern=sequential has 3 overlapping summary rows with medians [260.5, 396.5, 301.5] (spread 136.0 ticks, 42.6%) -- averaging, widening whiskers to the union
Wrote data_processed/crux/latency/miss/LLC_to_DRAM/plots/miss_latency_boxplots.pdf and .png
-- compressing raw CSVs for LLC_to_DRAM --

== done ==
== L1_to_L2: target_bytes=32768 evict_bytes=262144 ==
== L2_to_LLC: target_bytes=262144 evict_bytes=8388608 ==
== LLC_to_DRAM: target_bytes=8388608 evict_bytes=16777216 ==
== record in data_raw/crux/README.md: core=2, base_seed=12345 (repeats use base_seed+index), trials=200, timestamp=20260913T061432Z ==
== full transcript saved to: data_raw/crux/latency/run_miss_latency_full_20260913T061432Z.log ==
