== run_associativity_full: machine=hazel_sapphirerapids core=40 base_seed=12345 max_ways=40 ==
== timestamp=20260915T024301Z ==
-- using explicit cache_bytes override: 49152 2097152 39903232 --

== level L1: cache_bytes=49152 ==
-- base sweep num_ways=2-40 --
  wrote 39002 lines -> data_raw/hazel_sapphirerapids/associativity/L1/associativity_base_random_20260915T024301Z.csv (seed=12345)
  wrote 39002 lines -> data_raw/hazel_sapphirerapids/associativity/L1/associativity_base_sequential_20260915T024301Z.csv (seed=12345)
Wrote 39 summary rows to data_processed/hazel_sapphirerapids/associativity/L1/base_random_summary_20260915T024301Z.csv
Wrote 39 summary rows to data_processed/hazel_sapphirerapids/associativity/L1/base_sequential_summary_20260915T024301Z.csv
-- detected associativity estimate: 12 --
  -- repeat 1/2 (seed=12346) --
  wrote 39002 lines -> data_raw/hazel_sapphirerapids/associativity/L1/associativity_rep1_random_20260915T024301Z.csv (seed=12346)
  wrote 39002 lines -> data_raw/hazel_sapphirerapids/associativity/L1/associativity_rep1_sequential_20260915T024301Z.csv (seed=12346)
Wrote 39 summary rows to data_processed/hazel_sapphirerapids/associativity/L1/rep1_random_summary_20260915T024301Z.csv
Wrote 39 summary rows to data_processed/hazel_sapphirerapids/associativity/L1/rep1_sequential_summary_20260915T024301Z.csv
     repeat 1 detected estimate: 12
  -- repeat 2/2 (seed=12347) --
  wrote 39002 lines -> data_raw/hazel_sapphirerapids/associativity/L1/associativity_rep2_random_20260915T024301Z.csv (seed=12347)
  wrote 39002 lines -> data_raw/hazel_sapphirerapids/associativity/L1/associativity_rep2_sequential_20260915T024301Z.csv (seed=12347)
Wrote 39 summary rows to data_processed/hazel_sapphirerapids/associativity/L1/rep2_random_summary_20260915T024301Z.csv
Wrote 39 summary rows to data_processed/hazel_sapphirerapids/associativity/L1/rep2_sequential_summary_20260915T024301Z.csv
     repeat 2 detected estimate: 12
-- generating plots for L1 --
  note: num_ways=2 (random) has 3 overlapping summary rows with medians [26.8, 19.4, 17.2] (spread 9.6 ticks, 45.2%) -- averaging, widening whiskers to the union
  note: num_ways=3 (random) has 3 overlapping summary rows with medians [13.7, 11.0, 12.2] (spread 2.7 ticks, 22.1%) -- averaging, widening whiskers to the union
  note: num_ways=4 (random) has 3 overlapping summary rows with medians [11.2, 14.2, 14.1] (spread 2.9 ticks, 22.1%) -- averaging, widening whiskers to the union
  note: num_ways=5 (random) has 3 overlapping summary rows with medians [11.1, 9.9, 6.3] (spread 4.7 ticks, 52.0%) -- averaging, widening whiskers to the union
  note: num_ways=7 (random) has 3 overlapping summary rows with medians [9.5, 5.1, 9.7] (spread 4.6 ticks, 57.2%) -- averaging, widening whiskers to the union
  note: num_ways=9 (random) has 3 overlapping summary rows with medians [9.6, 9.5, 5.1] (spread 4.5 ticks, 55.7%) -- averaging, widening whiskers to the union
  note: num_ways=12 (random) has 3 overlapping summary rows with medians [9.5, 9.7, 6.7] (spread 2.9 ticks, 34.0%) -- averaging, widening whiskers to the union
  note: num_ways=2 (sequential) has 3 overlapping summary rows with medians [24.5, 12.4, 18.9] (spread 12.1 ticks, 65.1%) -- averaging, widening whiskers to the union
  note: num_ways=3 (sequential) has 3 overlapping summary rows with medians [8.9, 14.2, 17.8] (spread 8.9 ticks, 65.4%) -- averaging, widening whiskers to the union
  note: num_ways=4 (sequential) has 3 overlapping summary rows with medians [11.7, 10.1, 12.7] (spread 2.6 ticks, 22.6%) -- averaging, widening whiskers to the union
  note: num_ways=5 (sequential) has 3 overlapping summary rows with medians [6.6, 9.7, 9.6] (spread 3.1 ticks, 35.5%) -- averaging, widening whiskers to the union
  note: num_ways=6 (sequential) has 3 overlapping summary rows with medians [6.5, 9.6, 6.4] (spread 3.2 ticks, 43.0%) -- averaging, widening whiskers to the union
  note: num_ways=7 (sequential) has 3 overlapping summary rows with medians [6.4, 5.2, 9.5] (spread 4.3 ticks, 61.6%) -- averaging, widening whiskers to the union
  note: num_ways=8 (sequential) has 3 overlapping summary rows with medians [9.5, 6.1, 6.2] (spread 3.5 ticks, 47.7%) -- averaging, widening whiskers to the union
  note: num_ways=9 (sequential) has 3 overlapping summary rows with medians [9.7, 6.1, 6.4] (spread 3.6 ticks, 48.9%) -- averaging, widening whiskers to the union
  note: num_ways=12 (sequential) has 3 overlapping summary rows with medians [8.1, 6.0, 6.2] (spread 2.1 ticks, 31.1%) -- averaging, widening whiskers to the union
  note: num_ways=13 (sequential) has 3 overlapping summary rows with medians [16.1, 16.1, 12.8] (spread 3.3 ticks, 21.7%) -- averaging, widening whiskers to the union
Wrote data_processed/hazel_sapphirerapids/associativity/L1/plots/associativity_curve.pdf and .png
Wrote data_processed/hazel_sapphirerapids/associativity/L1/plots/associativity_boxplots.pdf and .png
-- compressing raw CSVs for L1 --

== level L2: cache_bytes=2097152 ==
-- base sweep num_ways=2-40 --
  wrote 39002 lines -> data_raw/hazel_sapphirerapids/associativity/L2/associativity_base_random_20260915T024301Z.csv (seed=12345)
  wrote 39002 lines -> data_raw/hazel_sapphirerapids/associativity/L2/associativity_base_sequential_20260915T024301Z.csv (seed=12345)
Wrote 39 summary rows to data_processed/hazel_sapphirerapids/associativity/L2/base_random_summary_20260915T024301Z.csv
Wrote 39 summary rows to data_processed/hazel_sapphirerapids/associativity/L2/base_sequential_summary_20260915T024301Z.csv
-- detected associativity estimate: 12 --
  -- repeat 1/2 (seed=12346) --
  wrote 39002 lines -> data_raw/hazel_sapphirerapids/associativity/L2/associativity_rep1_random_20260915T024301Z.csv (seed=12346)
  wrote 39002 lines -> data_raw/hazel_sapphirerapids/associativity/L2/associativity_rep1_sequential_20260915T024301Z.csv (seed=12346)
Wrote 39 summary rows to data_processed/hazel_sapphirerapids/associativity/L2/rep1_random_summary_20260915T024301Z.csv
Wrote 39 summary rows to data_processed/hazel_sapphirerapids/associativity/L2/rep1_sequential_summary_20260915T024301Z.csv
     repeat 1 detected estimate: 12
  -- repeat 2/2 (seed=12347) --
  wrote 39002 lines -> data_raw/hazel_sapphirerapids/associativity/L2/associativity_rep2_random_20260915T024301Z.csv (seed=12347)
  wrote 39002 lines -> data_raw/hazel_sapphirerapids/associativity/L2/associativity_rep2_sequential_20260915T024301Z.csv (seed=12347)
Wrote 39 summary rows to data_processed/hazel_sapphirerapids/associativity/L2/rep2_random_summary_20260915T024301Z.csv
Wrote 39 summary rows to data_processed/hazel_sapphirerapids/associativity/L2/rep2_sequential_summary_20260915T024301Z.csv
     repeat 2 detected estimate: 12
-- generating plots for L2 --
  note: num_ways=2 (random) has 3 overlapping summary rows with medians [19.2, 18.3, 23.4] (spread 5.0 ticks, 24.8%) -- averaging, widening whiskers to the union
  note: num_ways=3 (random) has 3 overlapping summary rows with medians [11.2, 15.1, 15.9] (spread 4.7 ticks, 33.7%) -- averaging, widening whiskers to the union
  note: num_ways=4 (random) has 3 overlapping summary rows with medians [13.3, 10.4, 10.7] (spread 2.9 ticks, 25.3%) -- averaging, widening whiskers to the union
  note: num_ways=5 (random) has 3 overlapping summary rows with medians [9.6, 7.2, 9.5] (spread 2.4 ticks, 27.2%) -- averaging, widening whiskers to the union
  note: num_ways=18 (random) has 3 overlapping summary rows with medians [30.8, 39.4, 39.6] (spread 8.8 ticks, 24.1%) -- averaging, widening whiskers to the union
  note: num_ways=3 (sequential) has 3 overlapping summary rows with medians [12.9, 15.1, 20.6] (spread 7.7 ticks, 47.4%) -- averaging, widening whiskers to the union
  note: num_ways=4 (sequential) has 3 overlapping summary rows with medians [12.3, 10.1, 14.2] (spread 4.1 ticks, 33.5%) -- averaging, widening whiskers to the union
  note: num_ways=8 (sequential) has 3 overlapping summary rows with medians [8.1, 5.1, 9.5] (spread 4.4 ticks, 58.0%) -- averaging, widening whiskers to the union
  note: num_ways=18 (sequential) has 3 overlapping summary rows with medians [30.5, 29.9, 39.9] (spread 10.0 ticks, 29.8%) -- averaging, widening whiskers to the union
Wrote data_processed/hazel_sapphirerapids/associativity/L2/plots/associativity_curve.pdf and .png
Wrote data_processed/hazel_sapphirerapids/associativity/L2/plots/associativity_boxplots.pdf and .png
-- compressing raw CSVs for L2 --

== level L3_LLC: cache_bytes=39903232 ==
-- base sweep num_ways=2-40 --
  wrote 39002 lines -> data_raw/hazel_sapphirerapids/associativity/L3_LLC/associativity_base_random_20260915T024301Z.csv (seed=12345)
  wrote 39002 lines -> data_raw/hazel_sapphirerapids/associativity/L3_LLC/associativity_base_sequential_20260915T024301Z.csv (seed=12345)
Wrote 39 summary rows to data_processed/hazel_sapphirerapids/associativity/L3_LLC/base_random_summary_20260915T024301Z.csv
Wrote 39 summary rows to data_processed/hazel_sapphirerapids/associativity/L3_LLC/base_sequential_summary_20260915T024301Z.csv
-- detected associativity estimate: 12 --
  -- repeat 1/2 (seed=12346) --
  wrote 39002 lines -> data_raw/hazel_sapphirerapids/associativity/L3_LLC/associativity_rep1_random_20260915T024301Z.csv (seed=12346)
  wrote 39002 lines -> data_raw/hazel_sapphirerapids/associativity/L3_LLC/associativity_rep1_sequential_20260915T024301Z.csv (seed=12346)
Wrote 39 summary rows to data_processed/hazel_sapphirerapids/associativity/L3_LLC/rep1_random_summary_20260915T024301Z.csv
Wrote 39 summary rows to data_processed/hazel_sapphirerapids/associativity/L3_LLC/rep1_sequential_summary_20260915T024301Z.csv
     repeat 1 detected estimate: 12
  -- repeat 2/2 (seed=12347) --
  wrote 39002 lines -> data_raw/hazel_sapphirerapids/associativity/L3_LLC/associativity_rep2_random_20260915T024301Z.csv (seed=12347)
  wrote 39002 lines -> data_raw/hazel_sapphirerapids/associativity/L3_LLC/associativity_rep2_sequential_20260915T024301Z.csv (seed=12347)
Wrote 39 summary rows to data_processed/hazel_sapphirerapids/associativity/L3_LLC/rep2_random_summary_20260915T024301Z.csv
Wrote 39 summary rows to data_processed/hazel_sapphirerapids/associativity/L3_LLC/rep2_sequential_summary_20260915T024301Z.csv
     repeat 2 detected estimate: 12
-- generating plots for L3_LLC --
  note: num_ways=2 (random) has 3 overlapping summary rows with medians [24.0, 19.9, 24.8] (spread 4.8 ticks, 21.2%) -- averaging, widening whiskers to the union
  note: num_ways=6 (random) has 3 overlapping summary rows with medians [9.5, 9.5, 5.1] (spread 4.4 ticks, 55.1%) -- averaging, widening whiskers to the union
  note: num_ways=2 (sequential) has 3 overlapping summary rows with medians [22.6, 15.7, 17.2] (spread 6.9 ticks, 37.1%) -- averaging, widening whiskers to the union
  note: num_ways=3 (sequential) has 3 overlapping summary rows with medians [14.9, 12.5, 18.0] (spread 5.6 ticks, 36.7%) -- averaging, widening whiskers to the union
  note: num_ways=4 (sequential) has 3 overlapping summary rows with medians [10.7, 12.2, 8.1] (spread 4.1 ticks, 39.7%) -- averaging, widening whiskers to the union
  note: num_ways=5 (sequential) has 3 overlapping summary rows with medians [9.8, 5.4, 6.1] (spread 4.4 ticks, 62.0%) -- averaging, widening whiskers to the union
  note: num_ways=6 (sequential) has 3 overlapping summary rows with medians [5.1, 9.5, 9.6] (spread 4.5 ticks, 55.4%) -- averaging, widening whiskers to the union
Wrote data_processed/hazel_sapphirerapids/associativity/L3_LLC/plots/associativity_curve.pdf and .png
Wrote data_processed/hazel_sapphirerapids/associativity/L3_LLC/plots/associativity_boxplots.pdf and .png
-- compressing raw CSVs for L3_LLC --

== done ==
== L1: cache_bytes=49152 -> associativity=12 (repeats: 12 12) ==
== L2: cache_bytes=2097152 -> associativity=12 (repeats: 12 12) ==
== L3_LLC: cache_bytes=39903232 -> associativity=12 (repeats: 12 12) ==
== record in data_raw/hazel_sapphirerapids/README.md: core=40, base_seed=12345 (repeats use base_seed+index), samples=1000000, max_ways=40, timestamp=20260915T024301Z ==
== full transcript saved to: data_raw/hazel_sapphirerapids/associativity/run_associativity_full_20260915T024301Z.log ==
