== run_line_size: machine=hazel_broadwell core=12 seed=12345 ==
== timestamp=20260915T023857Z boundaries=32768,262144,25874000 coarse_strides=8,16,32,64,128,256 ==

############################################################
## LEVEL boundary=32768B -- Method A window=[4096,131072] bytes
############################################################
-- [L32768 A coarse] stride=8B pattern=random offset=0B --
  wrote 31002 lines -> data_raw/hazel_broadwell/line_size/level_32768/family_8_random_20260915T023857Z.csv
Wrote 31 summary rows to data_processed/hazel_broadwell/line_size/level_32768/family_8_random_summary.csv
-- [L32768 A coarse] stride=8B pattern=sequential offset=0B --
  wrote 31002 lines -> data_raw/hazel_broadwell/line_size/level_32768/family_8_sequential_20260915T023857Z.csv
Wrote 31 summary rows to data_processed/hazel_broadwell/line_size/level_32768/family_8_sequential_summary.csv
-- [L32768 A coarse] stride=16B pattern=random offset=0B --
  wrote 31002 lines -> data_raw/hazel_broadwell/line_size/level_32768/family_16_random_20260915T023857Z.csv
Wrote 31 summary rows to data_processed/hazel_broadwell/line_size/level_32768/family_16_random_summary.csv
-- [L32768 A coarse] stride=16B pattern=sequential offset=0B --
  wrote 31002 lines -> data_raw/hazel_broadwell/line_size/level_32768/family_16_sequential_20260915T023857Z.csv
Wrote 31 summary rows to data_processed/hazel_broadwell/line_size/level_32768/family_16_sequential_summary.csv
-- [L32768 A coarse] stride=32B pattern=random offset=0B --
  wrote 31002 lines -> data_raw/hazel_broadwell/line_size/level_32768/family_32_random_20260915T023857Z.csv
Wrote 31 summary rows to data_processed/hazel_broadwell/line_size/level_32768/family_32_random_summary.csv
-- [L32768 A coarse] stride=32B pattern=sequential offset=0B --
  wrote 31002 lines -> data_raw/hazel_broadwell/line_size/level_32768/family_32_sequential_20260915T023857Z.csv
Wrote 31 summary rows to data_processed/hazel_broadwell/line_size/level_32768/family_32_sequential_summary.csv
-- [L32768 A coarse] stride=64B pattern=random offset=0B --
  wrote 31002 lines -> data_raw/hazel_broadwell/line_size/level_32768/family_64_random_20260915T023857Z.csv
Wrote 31 summary rows to data_processed/hazel_broadwell/line_size/level_32768/family_64_random_summary.csv
-- [L32768 A coarse] stride=64B pattern=sequential offset=0B --
  wrote 31002 lines -> data_raw/hazel_broadwell/line_size/level_32768/family_64_sequential_20260915T023857Z.csv
Wrote 31 summary rows to data_processed/hazel_broadwell/line_size/level_32768/family_64_sequential_summary.csv
-- [L32768 A coarse] stride=128B pattern=random offset=0B --
  wrote 31002 lines -> data_raw/hazel_broadwell/line_size/level_32768/family_128_random_20260915T023857Z.csv
Wrote 31 summary rows to data_processed/hazel_broadwell/line_size/level_32768/family_128_random_summary.csv
-- [L32768 A coarse] stride=128B pattern=sequential offset=0B --
  wrote 31002 lines -> data_raw/hazel_broadwell/line_size/level_32768/family_128_sequential_20260915T023857Z.csv
Wrote 31 summary rows to data_processed/hazel_broadwell/line_size/level_32768/family_128_sequential_summary.csv
-- [L32768 A coarse] stride=256B pattern=random offset=0B --
  wrote 31002 lines -> data_raw/hazel_broadwell/line_size/level_32768/family_256_random_20260915T023857Z.csv
Wrote 31 summary rows to data_processed/hazel_broadwell/line_size/level_32768/family_256_random_summary.csv
-- [L32768 A coarse] stride=256B pattern=sequential offset=0B --
  wrote 31002 lines -> data_raw/hazel_broadwell/line_size/level_32768/family_256_sequential_20260915T023857Z.csv
Wrote 31 summary rows to data_processed/hazel_broadwell/line_size/level_32768/family_256_sequential_summary.csv
-- [L32768 A steps 1-3] generating coarse family-of-curves plots --
Wrote data_processed/hazel_broadwell/line_size/level_32768/plots/line_size_family_curve.pdf and .png
-- per-stride elbow (bytes): {8B: 58384, 16B: 52016, 32B: 52000, 64B: 36736, 128B: 36736, 256B: 36608}
-- line-size estimate: smallest candidate stride whose elbow agrees with largest tested stride (~36608 bytes) is 64B -- see infer_line_size's docstring caveat on the fixed grid resolution before citing this as a clean line-size number on its own
Wrote data_processed/hazel_broadwell/line_size/level_32768/plots/line_size_family_boxplots.pdf and .png
   (the per-stride elbow / line-size-estimate lines just above are
   plot_line_size_family.py's own diagnostic guess from ONE un-repeated coarse
   sweep -- NOT auto-applied below; see data_processed/hazel_broadwell/line_size/level_32768/plots/line_size_family_curve.png
   and decide the step-4 candidate yourself)
== [L32768 A] no candidate given for this level -- inspect
   data_processed/hazel_broadwell/line_size/level_32768/plots/line_size_family_curve.png yourself and re-run with an
   explicit candidate stride in candidate_overrides_csv for this level (no
   auto-detection: it proved unreliable across runs/cores, see the script's
   header comment). Skipping Method-A step 4.

-- [L32768 B] single-curve method, footprint_bytes=65536 (2.0x boundary) --
-- [L32768 B coarse] stride 8-1024 bytes (step 8) --
  wrote 128002 lines -> data_raw/hazel_broadwell/line_size/level_32768/singlecurve_coarse_random_20260915T023857Z.csv
  wrote 128002 lines -> data_raw/hazel_broadwell/line_size/level_32768/singlecurve_coarse_sequential_20260915T023857Z.csv
Wrote 128 summary rows to data_processed/hazel_broadwell/line_size/level_32768/singlecurve_coarse_random_summary.csv
Wrote 128 summary rows to data_processed/hazel_broadwell/line_size/level_32768/singlecurve_coarse_sequential_summary.csv
-- [L32768 B] detected line-size estimate (bytes): 64 --
-- [L32768 B] dense sweep around estimate 64 bytes: 32-129 (step 1) --
  wrote 98002 lines -> data_raw/hazel_broadwell/line_size/level_32768/singlecurve_dense_random_20260915T023857Z.csv
  wrote 98002 lines -> data_raw/hazel_broadwell/line_size/level_32768/singlecurve_dense_sequential_20260915T023857Z.csv
Wrote 98 summary rows to data_processed/hazel_broadwell/line_size/level_32768/singlecurve_dense_random_summary.csv
Wrote 98 summary rows to data_processed/hazel_broadwell/line_size/level_32768/singlecurve_dense_sequential_summary.csv
  -- [L32768 B] repeat 1/2 of the dense window --
  wrote 98002 lines -> data_raw/hazel_broadwell/line_size/level_32768/singlecurve_dense_rep1_random_20260915T023857Z.csv
  wrote 98002 lines -> data_raw/hazel_broadwell/line_size/level_32768/singlecurve_dense_rep1_sequential_20260915T023857Z.csv
Wrote 98 summary rows to data_processed/hazel_broadwell/line_size/level_32768/singlecurve_dense_rep1_random_summary.csv
Wrote 98 summary rows to data_processed/hazel_broadwell/line_size/level_32768/singlecurve_dense_rep1_sequential_summary.csv
  -- [L32768 B] repeat 2/2 of the dense window --
  wrote 98002 lines -> data_raw/hazel_broadwell/line_size/level_32768/singlecurve_dense_rep2_random_20260915T023857Z.csv
  wrote 98002 lines -> data_raw/hazel_broadwell/line_size/level_32768/singlecurve_dense_rep2_sequential_20260915T023857Z.csv
Wrote 98 summary rows to data_processed/hazel_broadwell/line_size/level_32768/singlecurve_dense_rep2_random_summary.csv
Wrote 98 summary rows to data_processed/hazel_broadwell/line_size/level_32768/singlecurve_dense_rep2_sequential_summary.csv
-- [L32768 B] generating single-curve plots --
  note: 128B (sequential) has 4 overlapping summary rows with medians [12.4, 12.4, 12.3, 15.0] (spread 2.7 ticks, 20.4%) -- averaging, widening whiskers to the union
  note: flagged 3 isolated spike stride(s) as probable page-aliasing artifacts: [256, 512, 1024]
Wrote data_processed/hazel_broadwell/line_size/level_32768/plots/line_size_curve.pdf and .png
Wrote data_processed/hazel_broadwell/line_size/level_32768/plots/line_size_boxplots.pdf and .png
-- compressing raw CSVs for level 32768 --

############################################################
## LEVEL boundary=262144B -- Method A window=[32768,1048576] bytes
############################################################
-- [L262144 A coarse] stride=8B pattern=random offset=0B --
  wrote 31002 lines -> data_raw/hazel_broadwell/line_size/level_262144/family_8_random_20260915T023857Z.csv
Wrote 31 summary rows to data_processed/hazel_broadwell/line_size/level_262144/family_8_random_summary.csv
-- [L262144 A coarse] stride=8B pattern=sequential offset=0B --
  wrote 31002 lines -> data_raw/hazel_broadwell/line_size/level_262144/family_8_sequential_20260915T023857Z.csv
Wrote 31 summary rows to data_processed/hazel_broadwell/line_size/level_262144/family_8_sequential_summary.csv
-- [L262144 A coarse] stride=16B pattern=random offset=0B --
  wrote 31002 lines -> data_raw/hazel_broadwell/line_size/level_262144/family_16_random_20260915T023857Z.csv
Wrote 31 summary rows to data_processed/hazel_broadwell/line_size/level_262144/family_16_random_summary.csv
-- [L262144 A coarse] stride=16B pattern=sequential offset=0B --
  wrote 31002 lines -> data_raw/hazel_broadwell/line_size/level_262144/family_16_sequential_20260915T023857Z.csv
Wrote 31 summary rows to data_processed/hazel_broadwell/line_size/level_262144/family_16_sequential_summary.csv
-- [L262144 A coarse] stride=32B pattern=random offset=0B --
  wrote 31002 lines -> data_raw/hazel_broadwell/line_size/level_262144/family_32_random_20260915T023857Z.csv
Wrote 31 summary rows to data_processed/hazel_broadwell/line_size/level_262144/family_32_random_summary.csv
-- [L262144 A coarse] stride=32B pattern=sequential offset=0B --
  wrote 31002 lines -> data_raw/hazel_broadwell/line_size/level_262144/family_32_sequential_20260915T023857Z.csv
Wrote 31 summary rows to data_processed/hazel_broadwell/line_size/level_262144/family_32_sequential_summary.csv
-- [L262144 A coarse] stride=64B pattern=random offset=0B --
  wrote 31002 lines -> data_raw/hazel_broadwell/line_size/level_262144/family_64_random_20260915T023857Z.csv
Wrote 31 summary rows to data_processed/hazel_broadwell/line_size/level_262144/family_64_random_summary.csv
-- [L262144 A coarse] stride=64B pattern=sequential offset=0B --
  wrote 31002 lines -> data_raw/hazel_broadwell/line_size/level_262144/family_64_sequential_20260915T023857Z.csv
Wrote 31 summary rows to data_processed/hazel_broadwell/line_size/level_262144/family_64_sequential_summary.csv
-- [L262144 A coarse] stride=128B pattern=random offset=0B --
  wrote 31002 lines -> data_raw/hazel_broadwell/line_size/level_262144/family_128_random_20260915T023857Z.csv
Wrote 31 summary rows to data_processed/hazel_broadwell/line_size/level_262144/family_128_random_summary.csv
-- [L262144 A coarse] stride=128B pattern=sequential offset=0B --
  wrote 31002 lines -> data_raw/hazel_broadwell/line_size/level_262144/family_128_sequential_20260915T023857Z.csv
Wrote 31 summary rows to data_processed/hazel_broadwell/line_size/level_262144/family_128_sequential_summary.csv
-- [L262144 A coarse] stride=256B pattern=random offset=0B --
  wrote 31002 lines -> data_raw/hazel_broadwell/line_size/level_262144/family_256_random_20260915T023857Z.csv
Wrote 31 summary rows to data_processed/hazel_broadwell/line_size/level_262144/family_256_random_summary.csv
-- [L262144 A coarse] stride=256B pattern=sequential offset=0B --
  wrote 31002 lines -> data_raw/hazel_broadwell/line_size/level_262144/family_256_sequential_20260915T023857Z.csv
Wrote 31 summary rows to data_processed/hazel_broadwell/line_size/level_262144/family_256_sequential_summary.csv
-- [L262144 A steps 1-3] generating coarse family-of-curves plots --
Wrote data_processed/hazel_broadwell/line_size/level_262144/plots/line_size_family_curve.pdf and .png
-- per-stride elbow (bytes): {8B: 588488, 16B: 588480, 32B: 524288, 64B: 370688, 128B: 416128, 256B: 370688}
-- line-size estimate: smallest candidate stride whose elbow agrees with largest tested stride (~370688 bytes) is 64B -- see infer_line_size's docstring caveat on the fixed grid resolution before citing this as a clean line-size number on its own
Wrote data_processed/hazel_broadwell/line_size/level_262144/plots/line_size_family_boxplots.pdf and .png
   (the per-stride elbow / line-size-estimate lines just above are
   plot_line_size_family.py's own diagnostic guess from ONE un-repeated coarse
   sweep -- NOT auto-applied below; see data_processed/hazel_broadwell/line_size/level_262144/plots/line_size_family_curve.png
   and decide the step-4 candidate yourself)
== [L262144 A] no candidate given for this level -- inspect
   data_processed/hazel_broadwell/line_size/level_262144/plots/line_size_family_curve.png yourself and re-run with an
   explicit candidate stride in candidate_overrides_csv for this level (no
   auto-detection: it proved unreliable across runs/cores, see the script's
   header comment). Skipping Method-A step 4.

-- [L262144 B] single-curve method, footprint_bytes=524288 (2.0x boundary) --
-- [L262144 B coarse] stride 8-1024 bytes (step 8) --
  wrote 128002 lines -> data_raw/hazel_broadwell/line_size/level_262144/singlecurve_coarse_random_20260915T023857Z.csv
  wrote 128002 lines -> data_raw/hazel_broadwell/line_size/level_262144/singlecurve_coarse_sequential_20260915T023857Z.csv
Wrote 128 summary rows to data_processed/hazel_broadwell/line_size/level_262144/singlecurve_coarse_random_summary.csv
Wrote 128 summary rows to data_processed/hazel_broadwell/line_size/level_262144/singlecurve_coarse_sequential_summary.csv
-- [L262144 B] detected line-size estimate (bytes): none --
-- [L262144 B] no transition detected in the coarse sweep; skipping dense/repeat stages --
-- [L262144 B] generating single-curve plots --
  note: flagged 3 isolated spike stride(s) as probable page-aliasing artifacts: [256, 512, 1024]
Wrote data_processed/hazel_broadwell/line_size/level_262144/plots/line_size_curve.pdf and .png
Wrote data_processed/hazel_broadwell/line_size/level_262144/plots/line_size_boxplots.pdf and .png
-- compressing raw CSVs for level 262144 --

############################################################
## LEVEL boundary=25874000B -- Method A window=[3234250,103496000] bytes
############################################################
-- [L25874000 A coarse] stride=8B pattern=random offset=0B --
  wrote 31002 lines -> data_raw/hazel_broadwell/line_size/level_25874000/family_8_random_20260915T023857Z.csv
Wrote 31 summary rows to data_processed/hazel_broadwell/line_size/level_25874000/family_8_random_summary.csv
-- [L25874000 A coarse] stride=8B pattern=sequential offset=0B --
  wrote 31002 lines -> data_raw/hazel_broadwell/line_size/level_25874000/family_8_sequential_20260915T023857Z.csv
Wrote 31 summary rows to data_processed/hazel_broadwell/line_size/level_25874000/family_8_sequential_summary.csv
-- [L25874000 A coarse] stride=16B pattern=random offset=0B --
  wrote 31002 lines -> data_raw/hazel_broadwell/line_size/level_25874000/family_16_random_20260915T023857Z.csv
Wrote 31 summary rows to data_processed/hazel_broadwell/line_size/level_25874000/family_16_random_summary.csv
-- [L25874000 A coarse] stride=16B pattern=sequential offset=0B --
  wrote 31002 lines -> data_raw/hazel_broadwell/line_size/level_25874000/family_16_sequential_20260915T023857Z.csv
Wrote 31 summary rows to data_processed/hazel_broadwell/line_size/level_25874000/family_16_sequential_summary.csv
-- [L25874000 A coarse] stride=32B pattern=random offset=0B --
  wrote 31002 lines -> data_raw/hazel_broadwell/line_size/level_25874000/family_32_random_20260915T023857Z.csv
Wrote 31 summary rows to data_processed/hazel_broadwell/line_size/level_25874000/family_32_random_summary.csv
-- [L25874000 A coarse] stride=32B pattern=sequential offset=0B --
  wrote 31002 lines -> data_raw/hazel_broadwell/line_size/level_25874000/family_32_sequential_20260915T023857Z.csv
Wrote 31 summary rows to data_processed/hazel_broadwell/line_size/level_25874000/family_32_sequential_summary.csv
-- [L25874000 A coarse] stride=64B pattern=random offset=0B --
  wrote 31002 lines -> data_raw/hazel_broadwell/line_size/level_25874000/family_64_random_20260915T023857Z.csv
Wrote 31 summary rows to data_processed/hazel_broadwell/line_size/level_25874000/family_64_random_summary.csv
-- [L25874000 A coarse] stride=64B pattern=sequential offset=0B --
  wrote 31002 lines -> data_raw/hazel_broadwell/line_size/level_25874000/family_64_sequential_20260915T023857Z.csv
Wrote 31 summary rows to data_processed/hazel_broadwell/line_size/level_25874000/family_64_sequential_summary.csv
-- [L25874000 A coarse] stride=128B pattern=random offset=0B --
  wrote 31002 lines -> data_raw/hazel_broadwell/line_size/level_25874000/family_128_random_20260915T023857Z.csv
Wrote 31 summary rows to data_processed/hazel_broadwell/line_size/level_25874000/family_128_random_summary.csv
-- [L25874000 A coarse] stride=128B pattern=sequential offset=0B --
  wrote 31002 lines -> data_raw/hazel_broadwell/line_size/level_25874000/family_128_sequential_20260915T023857Z.csv
Wrote 31 summary rows to data_processed/hazel_broadwell/line_size/level_25874000/family_128_sequential_summary.csv
-- [L25874000 A coarse] stride=256B pattern=random offset=0B --
  wrote 31002 lines -> data_raw/hazel_broadwell/line_size/level_25874000/family_256_random_20260915T023857Z.csv
Wrote 31 summary rows to data_processed/hazel_broadwell/line_size/level_25874000/family_256_random_summary.csv
-- [L25874000 A coarse] stride=256B pattern=sequential offset=0B --
  wrote 31002 lines -> data_raw/hazel_broadwell/line_size/level_25874000/family_256_sequential_20260915T023857Z.csv
Wrote 31 summary rows to data_processed/hazel_broadwell/line_size/level_25874000/family_256_sequential_summary.csv
-- [L25874000 A steps 1-3] generating coarse family-of-curves plots --
Wrote data_processed/hazel_broadwell/line_size/level_25874000/plots/line_size_family_curve.pdf and .png
-- per-stride elbow (bytes): {8B: 7260640, 16B: 7260640, 32B: 4074880, 64B: 6468480, 128B: 8149760, 256B: 12936960}
-- line-size estimate: smallest candidate stride whose elbow agrees with largest tested stride (~12936960 bytes) is 256B -- see infer_line_size's docstring caveat on the fixed grid resolution before citing this as a clean line-size number on its own
Wrote data_processed/hazel_broadwell/line_size/level_25874000/plots/line_size_family_boxplots.pdf and .png
   (the per-stride elbow / line-size-estimate lines just above are
   plot_line_size_family.py's own diagnostic guess from ONE un-repeated coarse
   sweep -- NOT auto-applied below; see data_processed/hazel_broadwell/line_size/level_25874000/plots/line_size_family_curve.png
   and decide the step-4 candidate yourself)
== [L25874000 A] no candidate given for this level -- inspect
   data_processed/hazel_broadwell/line_size/level_25874000/plots/line_size_family_curve.png yourself and re-run with an
   explicit candidate stride in candidate_overrides_csv for this level (no
   auto-detection: it proved unreliable across runs/cores, see the script's
   header comment). Skipping Method-A step 4.

-- [L25874000 B] single-curve method, footprint_bytes=51748000 (2.0x boundary) --
-- [L25874000 B coarse] stride 8-1024 bytes (step 8) --
  wrote 128002 lines -> data_raw/hazel_broadwell/line_size/level_25874000/singlecurve_coarse_random_20260915T023857Z.csv
  wrote 128002 lines -> data_raw/hazel_broadwell/line_size/level_25874000/singlecurve_coarse_sequential_20260915T023857Z.csv
Wrote 128 summary rows to data_processed/hazel_broadwell/line_size/level_25874000/singlecurve_coarse_random_summary.csv
Wrote 128 summary rows to data_processed/hazel_broadwell/line_size/level_25874000/singlecurve_coarse_sequential_summary.csv
-- [L25874000 B] detected line-size estimate (bytes): 136 --
-- [L25874000 B] dense sweep around estimate 136 bytes: 68-273 (step 1) --
  wrote 206002 lines -> data_raw/hazel_broadwell/line_size/level_25874000/singlecurve_dense_random_20260915T023857Z.csv
  wrote 206002 lines -> data_raw/hazel_broadwell/line_size/level_25874000/singlecurve_dense_sequential_20260915T023857Z.csv
Wrote 206 summary rows to data_processed/hazel_broadwell/line_size/level_25874000/singlecurve_dense_random_summary.csv
Wrote 206 summary rows to data_processed/hazel_broadwell/line_size/level_25874000/singlecurve_dense_sequential_summary.csv
  -- [L25874000 B] repeat 1/2 of the dense window --
  wrote 206002 lines -> data_raw/hazel_broadwell/line_size/level_25874000/singlecurve_dense_rep1_random_20260915T023857Z.csv
  wrote 206002 lines -> data_raw/hazel_broadwell/line_size/level_25874000/singlecurve_dense_rep1_sequential_20260915T023857Z.csv
Wrote 206 summary rows to data_processed/hazel_broadwell/line_size/level_25874000/singlecurve_dense_rep1_random_summary.csv
Wrote 206 summary rows to data_processed/hazel_broadwell/line_size/level_25874000/singlecurve_dense_rep1_sequential_summary.csv
  -- [L25874000 B] repeat 2/2 of the dense window --
  wrote 206002 lines -> data_raw/hazel_broadwell/line_size/level_25874000/singlecurve_dense_rep2_random_20260915T023857Z.csv
  wrote 206002 lines -> data_raw/hazel_broadwell/line_size/level_25874000/singlecurve_dense_rep2_sequential_20260915T023857Z.csv
Wrote 206 summary rows to data_processed/hazel_broadwell/line_size/level_25874000/singlecurve_dense_rep2_random_summary.csv
Wrote 206 summary rows to data_processed/hazel_broadwell/line_size/level_25874000/singlecurve_dense_rep2_sequential_summary.csv
-- [L25874000 B] generating single-curve plots --
  note: 113B (sequential) has 3 overlapping summary rows with medians [37.6, 29.2, 35.5] (spread 8.4 ticks, 24.8%) -- averaging, widening whiskers to the union
  note: flagged 10 isolated spike stride(s) as probable page-aliasing artifacts: [496, 512, 624, 736, 784, 880, 904, 928, 976, 1024]
Wrote data_processed/hazel_broadwell/line_size/level_25874000/plots/line_size_curve.pdf and .png
Wrote data_processed/hazel_broadwell/line_size/level_25874000/plots/line_size_boxplots.pdf and .png
-- compressing raw CSVs for level 25874000 --

############################################################
## step 5: cross-level, cross-method agreement summary
############################################################
   level boundary=32768B -> method A (family of curves) = noneB, method B (single curve) = 64B
   level boundary=262144B -> method A (family of curves) = noneB, method B (single curve) = noneB
   level boundary=25874000B -> method A (family of curves) = noneB, method B (single curve) = 136B
== estimates DISAGREE (distinct values seen: 64,136) -- do not average these into
   one number; report the disagreement itself and investigate per-level/per-method before Phase II
== done: all levels, both methods, complete ==
== this is a FROZEN PHASE-I TIMING-ONLY result -- compare against PMU counters
   and the documented/system-reported line size in Phase II before treating it as
   confirmed (see README.md's Phase I/II/III discipline).
== plots per level: data_processed/hazel_broadwell/line_size/level_<boundary>/plots/line_size_family_{curve,boxplots}.{png,pdf} (A, steps 1-3),
          .../line_size_offset_{elbow,boxplots}.{png,pdf} (A, step 4), .../line_size_{curve,boxplots}.{png,pdf} (B) ==
== record in data_raw/hazel_broadwell/README.md: boundaries=32768,262144,25874000, core=12,
   seed=12345, samples=1000000, coarse_strides=8,16,32,64,128,256, per-level/per-method estimates as above,
   timestamp=20260915T023857Z ==
== full transcript saved to: data_raw/hazel_broadwell/line_size/run_line_size_20260915T023857Z.log ==
