== run_line_size: machine=upgrade core=5 seed=12345 ==
== timestamp=20260913T145735Z boundaries=12582912 coarse_strides=8,16,32,64,128,256 ==

############################################################
## LEVEL boundary=12582912B -- Method A window=[1572864,50331648] bytes
############################################################
-- [L12582912 A coarse] stride=8B pattern=random offset=0B --
  wrote 31002 lines -> data_raw/upgrade/line_size/level_12582912/family_8_random_20260913T145735Z.csv
Wrote 31 summary rows to data_processed/upgrade/line_size/level_12582912/family_8_random_summary.csv
-- [L12582912 A coarse] stride=8B pattern=sequential offset=0B --
  wrote 31002 lines -> data_raw/upgrade/line_size/level_12582912/family_8_sequential_20260913T145735Z.csv
Wrote 31 summary rows to data_processed/upgrade/line_size/level_12582912/family_8_sequential_summary.csv
-- [L12582912 A coarse] stride=16B pattern=random offset=0B --
  wrote 31002 lines -> data_raw/upgrade/line_size/level_12582912/family_16_random_20260913T145735Z.csv
Wrote 31 summary rows to data_processed/upgrade/line_size/level_12582912/family_16_random_summary.csv
-- [L12582912 A coarse] stride=16B pattern=sequential offset=0B --
  wrote 31002 lines -> data_raw/upgrade/line_size/level_12582912/family_16_sequential_20260913T145735Z.csv
Wrote 31 summary rows to data_processed/upgrade/line_size/level_12582912/family_16_sequential_summary.csv
-- [L12582912 A coarse] stride=32B pattern=random offset=0B --
  wrote 31002 lines -> data_raw/upgrade/line_size/level_12582912/family_32_random_20260913T145735Z.csv
Wrote 31 summary rows to data_processed/upgrade/line_size/level_12582912/family_32_random_summary.csv
-- [L12582912 A coarse] stride=32B pattern=sequential offset=0B --
  wrote 31002 lines -> data_raw/upgrade/line_size/level_12582912/family_32_sequential_20260913T145735Z.csv
Wrote 31 summary rows to data_processed/upgrade/line_size/level_12582912/family_32_sequential_summary.csv
-- [L12582912 A coarse] stride=64B pattern=random offset=0B --
  wrote 31002 lines -> data_raw/upgrade/line_size/level_12582912/family_64_random_20260913T145735Z.csv
Wrote 31 summary rows to data_processed/upgrade/line_size/level_12582912/family_64_random_summary.csv
-- [L12582912 A coarse] stride=64B pattern=sequential offset=0B --
  wrote 31002 lines -> data_raw/upgrade/line_size/level_12582912/family_64_sequential_20260913T145735Z.csv
Wrote 31 summary rows to data_processed/upgrade/line_size/level_12582912/family_64_sequential_summary.csv
-- [L12582912 A coarse] stride=128B pattern=random offset=0B --
  wrote 31002 lines -> data_raw/upgrade/line_size/level_12582912/family_128_random_20260913T145735Z.csv
Wrote 31 summary rows to data_processed/upgrade/line_size/level_12582912/family_128_random_summary.csv
-- [L12582912 A coarse] stride=128B pattern=sequential offset=0B --
  wrote 31002 lines -> data_raw/upgrade/line_size/level_12582912/family_128_sequential_20260913T145735Z.csv
Wrote 31 summary rows to data_processed/upgrade/line_size/level_12582912/family_128_sequential_summary.csv
-- [L12582912 A coarse] stride=256B pattern=random offset=0B --
  wrote 31002 lines -> data_raw/upgrade/line_size/level_12582912/family_256_random_20260913T145735Z.csv
Wrote 31 summary rows to data_processed/upgrade/line_size/level_12582912/family_256_random_summary.csv
-- [L12582912 A coarse] stride=256B pattern=sequential offset=0B --
  wrote 31002 lines -> data_raw/upgrade/line_size/level_12582912/family_256_sequential_20260913T145735Z.csv
Wrote 31 summary rows to data_processed/upgrade/line_size/level_12582912/family_256_sequential_summary.csv
-- [L12582912 A steps 1-3] generating coarse family-of-curves plots --
/home/krchen/Proj1-Cache-Reverse-Engineering/scripts/plot_line_size_family.py:163: MatplotlibDeprecationWarning: The get_cmap function was deprecated in Matplotlib 3.7 and will be removed in 3.11. Use ``matplotlib.colormaps[name]`` or ``matplotlib.colormaps.get_cmap()`` or ``pyplot.get_cmap()`` instead.
  cmap = cm.get_cmap("viridis", max(len(strides), 2))
Wrote data_processed/upgrade/line_size/level_12582912/plots/line_size_family_curve.pdf and .png
-- per-stride elbow (bytes): {8B: 31706944, 16B: 31706944, 32B: 28247680, 64B: 22420160, 128B: 28247680, 256B: 31706880}
-- line-size estimate: smallest candidate stride whose elbow agrees with largest tested stride (~31706880 bytes) is 8B -- see infer_line_size's docstring caveat on the fixed grid resolution before citing this as a clean line-size number on its own
/home/krchen/Proj1-Cache-Reverse-Engineering/scripts/plot_line_size_family.py:277: MatplotlibDeprecationWarning: The get_cmap function was deprecated in Matplotlib 3.7 and will be removed in 3.11. Use ``matplotlib.colormaps[name]`` or ``matplotlib.colormaps.get_cmap()`` or ``pyplot.get_cmap()`` instead.
  cmap = cm.get_cmap("viridis", max(len(strides), 2))
Wrote data_processed/upgrade/line_size/level_12582912/plots/line_size_family_boxplots.pdf and .png
   (the per-stride elbow / line-size-estimate lines just above are
   plot_line_size_family.py's own diagnostic guess from ONE un-repeated coarse
   sweep -- NOT auto-applied below; see data_processed/upgrade/line_size/level_12582912/plots/line_size_family_curve.png
   and decide the step-4 candidate yourself)
== [L12582912 A step 4] candidate=64B (manual, from line_size_family_curve.png) ==
== [L12582912 A step 4] bracket=40,48,56,64,72,80,88B (8B granularity) offsets=0,8,16,24,32,40,48,56B pattern=random ==
-- [L12582912 A refine] stride=40B offset=0B pattern=random --
  wrote 31002 lines -> data_raw/upgrade/line_size/level_12582912/refine_40_off0_20260913T145735Z.csv
Wrote 31 summary rows to data_processed/upgrade/line_size/level_12582912/refine_40_off0_summary.csv
-- [L12582912 A refine] stride=48B offset=0B pattern=random --
  wrote 31002 lines -> data_raw/upgrade/line_size/level_12582912/refine_48_off0_20260913T145735Z.csv
Wrote 31 summary rows to data_processed/upgrade/line_size/level_12582912/refine_48_off0_summary.csv
-- [L12582912 A refine] stride=56B offset=0B pattern=random --
  wrote 31002 lines -> data_raw/upgrade/line_size/level_12582912/refine_56_off0_20260913T145735Z.csv
Wrote 31 summary rows to data_processed/upgrade/line_size/level_12582912/refine_56_off0_summary.csv
-- [L12582912 A refine] stride=64B offset=0B pattern=random --
  wrote 31002 lines -> data_raw/upgrade/line_size/level_12582912/refine_64_off0_20260913T145735Z.csv
Wrote 31 summary rows to data_processed/upgrade/line_size/level_12582912/refine_64_off0_summary.csv
-- [L12582912 A refine] stride=72B offset=0B pattern=random --
  wrote 31002 lines -> data_raw/upgrade/line_size/level_12582912/refine_72_off0_20260913T145735Z.csv
Wrote 31 summary rows to data_processed/upgrade/line_size/level_12582912/refine_72_off0_summary.csv
-- [L12582912 A refine] stride=80B offset=0B pattern=random --
  wrote 31002 lines -> data_raw/upgrade/line_size/level_12582912/refine_80_off0_20260913T145735Z.csv
Wrote 31 summary rows to data_processed/upgrade/line_size/level_12582912/refine_80_off0_summary.csv
-- [L12582912 A refine] stride=88B offset=0B pattern=random --
  wrote 31002 lines -> data_raw/upgrade/line_size/level_12582912/refine_88_off0_20260913T145735Z.csv
Wrote 31 summary rows to data_processed/upgrade/line_size/level_12582912/refine_88_off0_summary.csv
-- [L12582912 A refine] stride=40B offset=8B pattern=random --
  wrote 31002 lines -> data_raw/upgrade/line_size/level_12582912/refine_40_off8_20260913T145735Z.csv
Wrote 31 summary rows to data_processed/upgrade/line_size/level_12582912/refine_40_off8_summary.csv
-- [L12582912 A refine] stride=48B offset=8B pattern=random --
  wrote 31002 lines -> data_raw/upgrade/line_size/level_12582912/refine_48_off8_20260913T145735Z.csv
Wrote 31 summary rows to data_processed/upgrade/line_size/level_12582912/refine_48_off8_summary.csv
-- [L12582912 A refine] stride=56B offset=8B pattern=random --
  wrote 31002 lines -> data_raw/upgrade/line_size/level_12582912/refine_56_off8_20260913T145735Z.csv
Wrote 31 summary rows to data_processed/upgrade/line_size/level_12582912/refine_56_off8_summary.csv
-- [L12582912 A refine] stride=64B offset=8B pattern=random --
  wrote 31002 lines -> data_raw/upgrade/line_size/level_12582912/refine_64_off8_20260913T145735Z.csv
Wrote 31 summary rows to data_processed/upgrade/line_size/level_12582912/refine_64_off8_summary.csv
-- [L12582912 A refine] stride=72B offset=8B pattern=random --
  wrote 31002 lines -> data_raw/upgrade/line_size/level_12582912/refine_72_off8_20260913T145735Z.csv
Wrote 31 summary rows to data_processed/upgrade/line_size/level_12582912/refine_72_off8_summary.csv
-- [L12582912 A refine] stride=80B offset=8B pattern=random --
  wrote 31002 lines -> data_raw/upgrade/line_size/level_12582912/refine_80_off8_20260913T145735Z.csv
Wrote 31 summary rows to data_processed/upgrade/line_size/level_12582912/refine_80_off8_summary.csv
-- [L12582912 A refine] stride=88B offset=8B pattern=random --
  wrote 31002 lines -> data_raw/upgrade/line_size/level_12582912/refine_88_off8_20260913T145735Z.csv
Wrote 31 summary rows to data_processed/upgrade/line_size/level_12582912/refine_88_off8_summary.csv
-- [L12582912 A refine] stride=40B offset=16B pattern=random --
  wrote 31002 lines -> data_raw/upgrade/line_size/level_12582912/refine_40_off16_20260913T145735Z.csv
Wrote 31 summary rows to data_processed/upgrade/line_size/level_12582912/refine_40_off16_summary.csv
-- [L12582912 A refine] stride=48B offset=16B pattern=random --
  wrote 31002 lines -> data_raw/upgrade/line_size/level_12582912/refine_48_off16_20260913T145735Z.csv
Wrote 31 summary rows to data_processed/upgrade/line_size/level_12582912/refine_48_off16_summary.csv
-- [L12582912 A refine] stride=56B offset=16B pattern=random --
  wrote 31002 lines -> data_raw/upgrade/line_size/level_12582912/refine_56_off16_20260913T145735Z.csv
Wrote 31 summary rows to data_processed/upgrade/line_size/level_12582912/refine_56_off16_summary.csv
-- [L12582912 A refine] stride=64B offset=16B pattern=random --
  wrote 31002 lines -> data_raw/upgrade/line_size/level_12582912/refine_64_off16_20260913T145735Z.csv
Wrote 31 summary rows to data_processed/upgrade/line_size/level_12582912/refine_64_off16_summary.csv
-- [L12582912 A refine] stride=72B offset=16B pattern=random --
  wrote 31002 lines -> data_raw/upgrade/line_size/level_12582912/refine_72_off16_20260913T145735Z.csv
Wrote 31 summary rows to data_processed/upgrade/line_size/level_12582912/refine_72_off16_summary.csv
-- [L12582912 A refine] stride=80B offset=16B pattern=random --
  wrote 31002 lines -> data_raw/upgrade/line_size/level_12582912/refine_80_off16_20260913T145735Z.csv
Wrote 31 summary rows to data_processed/upgrade/line_size/level_12582912/refine_80_off16_summary.csv
-- [L12582912 A refine] stride=88B offset=16B pattern=random --
  wrote 31002 lines -> data_raw/upgrade/line_size/level_12582912/refine_88_off16_20260913T145735Z.csv
Wrote 31 summary rows to data_processed/upgrade/line_size/level_12582912/refine_88_off16_summary.csv
-- [L12582912 A refine] stride=40B offset=24B pattern=random --
  wrote 31002 lines -> data_raw/upgrade/line_size/level_12582912/refine_40_off24_20260913T145735Z.csv
Wrote 31 summary rows to data_processed/upgrade/line_size/level_12582912/refine_40_off24_summary.csv
-- [L12582912 A refine] stride=48B offset=24B pattern=random --
  wrote 31002 lines -> data_raw/upgrade/line_size/level_12582912/refine_48_off24_20260913T145735Z.csv
Wrote 31 summary rows to data_processed/upgrade/line_size/level_12582912/refine_48_off24_summary.csv
-- [L12582912 A refine] stride=56B offset=24B pattern=random --
  wrote 31002 lines -> data_raw/upgrade/line_size/level_12582912/refine_56_off24_20260913T145735Z.csv
Wrote 31 summary rows to data_processed/upgrade/line_size/level_12582912/refine_56_off24_summary.csv
-- [L12582912 A refine] stride=64B offset=24B pattern=random --
  wrote 31002 lines -> data_raw/upgrade/line_size/level_12582912/refine_64_off24_20260913T145735Z.csv
Wrote 31 summary rows to data_processed/upgrade/line_size/level_12582912/refine_64_off24_summary.csv
-- [L12582912 A refine] stride=72B offset=24B pattern=random --
  wrote 31002 lines -> data_raw/upgrade/line_size/level_12582912/refine_72_off24_20260913T145735Z.csv
Wrote 31 summary rows to data_processed/upgrade/line_size/level_12582912/refine_72_off24_summary.csv
-- [L12582912 A refine] stride=80B offset=24B pattern=random --
  wrote 31002 lines -> data_raw/upgrade/line_size/level_12582912/refine_80_off24_20260913T145735Z.csv
Wrote 31 summary rows to data_processed/upgrade/line_size/level_12582912/refine_80_off24_summary.csv
-- [L12582912 A refine] stride=88B offset=24B pattern=random --
  wrote 31002 lines -> data_raw/upgrade/line_size/level_12582912/refine_88_off24_20260913T145735Z.csv
Wrote 31 summary rows to data_processed/upgrade/line_size/level_12582912/refine_88_off24_summary.csv
-- [L12582912 A refine] stride=40B offset=32B pattern=random --
  wrote 31002 lines -> data_raw/upgrade/line_size/level_12582912/refine_40_off32_20260913T145735Z.csv
Wrote 31 summary rows to data_processed/upgrade/line_size/level_12582912/refine_40_off32_summary.csv
-- [L12582912 A refine] stride=48B offset=32B pattern=random --
  wrote 31002 lines -> data_raw/upgrade/line_size/level_12582912/refine_48_off32_20260913T145735Z.csv
Wrote 31 summary rows to data_processed/upgrade/line_size/level_12582912/refine_48_off32_summary.csv
-- [L12582912 A refine] stride=56B offset=32B pattern=random --
  wrote 31002 lines -> data_raw/upgrade/line_size/level_12582912/refine_56_off32_20260913T145735Z.csv
Wrote 31 summary rows to data_processed/upgrade/line_size/level_12582912/refine_56_off32_summary.csv
-- [L12582912 A refine] stride=64B offset=32B pattern=random --
  wrote 31002 lines -> data_raw/upgrade/line_size/level_12582912/refine_64_off32_20260913T145735Z.csv
Wrote 31 summary rows to data_processed/upgrade/line_size/level_12582912/refine_64_off32_summary.csv
-- [L12582912 A refine] stride=72B offset=32B pattern=random --
  wrote 31002 lines -> data_raw/upgrade/line_size/level_12582912/refine_72_off32_20260913T145735Z.csv
Wrote 31 summary rows to data_processed/upgrade/line_size/level_12582912/refine_72_off32_summary.csv
-- [L12582912 A refine] stride=80B offset=32B pattern=random --
  wrote 31002 lines -> data_raw/upgrade/line_size/level_12582912/refine_80_off32_20260913T145735Z.csv
Wrote 31 summary rows to data_processed/upgrade/line_size/level_12582912/refine_80_off32_summary.csv
-- [L12582912 A refine] stride=88B offset=32B pattern=random --
  wrote 31002 lines -> data_raw/upgrade/line_size/level_12582912/refine_88_off32_20260913T145735Z.csv
Wrote 31 summary rows to data_processed/upgrade/line_size/level_12582912/refine_88_off32_summary.csv
-- [L12582912 A refine] stride=40B offset=40B pattern=random --
  wrote 31002 lines -> data_raw/upgrade/line_size/level_12582912/refine_40_off40_20260913T145735Z.csv
Wrote 31 summary rows to data_processed/upgrade/line_size/level_12582912/refine_40_off40_summary.csv
-- [L12582912 A refine] stride=48B offset=40B pattern=random --
  wrote 31002 lines -> data_raw/upgrade/line_size/level_12582912/refine_48_off40_20260913T145735Z.csv
Wrote 31 summary rows to data_processed/upgrade/line_size/level_12582912/refine_48_off40_summary.csv
-- [L12582912 A refine] stride=56B offset=40B pattern=random --
  wrote 31002 lines -> data_raw/upgrade/line_size/level_12582912/refine_56_off40_20260913T145735Z.csv
Wrote 31 summary rows to data_processed/upgrade/line_size/level_12582912/refine_56_off40_summary.csv
-- [L12582912 A refine] stride=64B offset=40B pattern=random --
  wrote 31002 lines -> data_raw/upgrade/line_size/level_12582912/refine_64_off40_20260913T145735Z.csv
Wrote 31 summary rows to data_processed/upgrade/line_size/level_12582912/refine_64_off40_summary.csv
-- [L12582912 A refine] stride=72B offset=40B pattern=random --
  wrote 31002 lines -> data_raw/upgrade/line_size/level_12582912/refine_72_off40_20260913T145735Z.csv
Wrote 31 summary rows to data_processed/upgrade/line_size/level_12582912/refine_72_off40_summary.csv
-- [L12582912 A refine] stride=80B offset=40B pattern=random --
  wrote 31002 lines -> data_raw/upgrade/line_size/level_12582912/refine_80_off40_20260913T145735Z.csv
Wrote 31 summary rows to data_processed/upgrade/line_size/level_12582912/refine_80_off40_summary.csv
-- [L12582912 A refine] stride=88B offset=40B pattern=random --
  wrote 31002 lines -> data_raw/upgrade/line_size/level_12582912/refine_88_off40_20260913T145735Z.csv
Wrote 31 summary rows to data_processed/upgrade/line_size/level_12582912/refine_88_off40_summary.csv
-- [L12582912 A refine] stride=40B offset=48B pattern=random --
  wrote 31002 lines -> data_raw/upgrade/line_size/level_12582912/refine_40_off48_20260913T145735Z.csv
Wrote 31 summary rows to data_processed/upgrade/line_size/level_12582912/refine_40_off48_summary.csv
-- [L12582912 A refine] stride=48B offset=48B pattern=random --
  wrote 31002 lines -> data_raw/upgrade/line_size/level_12582912/refine_48_off48_20260913T145735Z.csv
Wrote 31 summary rows to data_processed/upgrade/line_size/level_12582912/refine_48_off48_summary.csv
-- [L12582912 A refine] stride=56B offset=48B pattern=random --
  wrote 31002 lines -> data_raw/upgrade/line_size/level_12582912/refine_56_off48_20260913T145735Z.csv
Wrote 31 summary rows to data_processed/upgrade/line_size/level_12582912/refine_56_off48_summary.csv
-- [L12582912 A refine] stride=64B offset=48B pattern=random --
  wrote 31002 lines -> data_raw/upgrade/line_size/level_12582912/refine_64_off48_20260913T145735Z.csv
Wrote 31 summary rows to data_processed/upgrade/line_size/level_12582912/refine_64_off48_summary.csv
-- [L12582912 A refine] stride=72B offset=48B pattern=random --
  wrote 31002 lines -> data_raw/upgrade/line_size/level_12582912/refine_72_off48_20260913T145735Z.csv
Wrote 31 summary rows to data_processed/upgrade/line_size/level_12582912/refine_72_off48_summary.csv
-- [L12582912 A refine] stride=80B offset=48B pattern=random --
  wrote 31002 lines -> data_raw/upgrade/line_size/level_12582912/refine_80_off48_20260913T145735Z.csv
Wrote 31 summary rows to data_processed/upgrade/line_size/level_12582912/refine_80_off48_summary.csv
-- [L12582912 A refine] stride=88B offset=48B pattern=random --
  wrote 31002 lines -> data_raw/upgrade/line_size/level_12582912/refine_88_off48_20260913T145735Z.csv
Wrote 31 summary rows to data_processed/upgrade/line_size/level_12582912/refine_88_off48_summary.csv
-- [L12582912 A refine] stride=40B offset=56B pattern=random --
  wrote 31002 lines -> data_raw/upgrade/line_size/level_12582912/refine_40_off56_20260913T145735Z.csv
Wrote 31 summary rows to data_processed/upgrade/line_size/level_12582912/refine_40_off56_summary.csv
-- [L12582912 A refine] stride=48B offset=56B pattern=random --
  wrote 31002 lines -> data_raw/upgrade/line_size/level_12582912/refine_48_off56_20260913T145735Z.csv
Wrote 31 summary rows to data_processed/upgrade/line_size/level_12582912/refine_48_off56_summary.csv
-- [L12582912 A refine] stride=56B offset=56B pattern=random --
  wrote 31002 lines -> data_raw/upgrade/line_size/level_12582912/refine_56_off56_20260913T145735Z.csv
Wrote 31 summary rows to data_processed/upgrade/line_size/level_12582912/refine_56_off56_summary.csv
-- [L12582912 A refine] stride=64B offset=56B pattern=random --
  wrote 31002 lines -> data_raw/upgrade/line_size/level_12582912/refine_64_off56_20260913T145735Z.csv
Wrote 31 summary rows to data_processed/upgrade/line_size/level_12582912/refine_64_off56_summary.csv
-- [L12582912 A refine] stride=72B offset=56B pattern=random --
  wrote 31002 lines -> data_raw/upgrade/line_size/level_12582912/refine_72_off56_20260913T145735Z.csv
Wrote 31 summary rows to data_processed/upgrade/line_size/level_12582912/refine_72_off56_summary.csv
-- [L12582912 A refine] stride=80B offset=56B pattern=random --
  wrote 31002 lines -> data_raw/upgrade/line_size/level_12582912/refine_80_off56_20260913T145735Z.csv
Wrote 31 summary rows to data_processed/upgrade/line_size/level_12582912/refine_80_off56_summary.csv
-- [L12582912 A refine] stride=88B offset=56B pattern=random --
  wrote 31002 lines -> data_raw/upgrade/line_size/level_12582912/refine_88_off56_20260913T145735Z.csv
Wrote 31 summary rows to data_processed/upgrade/line_size/level_12582912/refine_88_off56_summary.csv
-- [L12582912 A step 4] generating cross-alignment confirmation plots --
/home/krchen/Proj1-Cache-Reverse-Engineering/scripts/plot_line_size_offset.py:77: MatplotlibDeprecationWarning: The get_cmap function was deprecated in Matplotlib 3.7 and will be removed in 3.11. Use ``matplotlib.colormaps[name]`` or ``matplotlib.colormaps.get_cmap()`` or ``pyplot.get_cmap()`` instead.
  cmap = cm.get_cmap("plasma", max(len(offsets), 2))
Wrote data_processed/upgrade/line_size/level_12582912/plots/line_size_offset_elbow.pdf and .png
/home/krchen/Proj1-Cache-Reverse-Engineering/scripts/plot_line_size_offset.py:143: MatplotlibDeprecationWarning: The get_cmap function was deprecated in Matplotlib 3.7 and will be removed in 3.11. Use ``matplotlib.colormaps[name]`` or ``matplotlib.colormaps.get_cmap()`` or ``pyplot.get_cmap()`` instead.
  cmap = cm.get_cmap("plasma", max(len(offsets), 2))
Wrote data_processed/upgrade/line_size/level_12582912/plots/line_size_offset_boxplots.pdf and .png
-- elbow footprint by (offset, stride):
   offset=0B: {40: 28247680, 48: 28247664, 56: 25165784, 64: 22420160, 72: 19974096, 80: 22420160, 88: 22420200}
   offset=8B: {40: 25165800, 48: 28247664, 56: 25165784, 64: 22420160, 72: 22420152, 80: 22420160, 88: 22420200}
   offset=16B: {40: 28247680, 48: 28247664, 56: 25165784, 64: 19974080, 72: 22420152, 80: 22420160, 88: 22420200}
   offset=24B: {40: 25165800, 48: 25165824, 56: 25165784, 64: 22420160, 72: 22420152, 80: 22420160, 88: 22420200}
   offset=32B: {40: 25165800, 48: 28247664, 56: 25165784, 64: 22420160, 72: 22420152, 80: 22420160, 88: 22420200}
   offset=40B: {40: 25165800, 48: 25165824, 56: 25165784, 64: 22420160, 72: 22420152, 80: 22420160, 88: 22420200}
   offset=48B: {40: 25165800, 48: 28247664, 56: 22420160, 64: 22420160, 72: 22420152, 80: 22420160, 88: 22420200}
   offset=56B: {40: 25165800, 48: 25165824, 56: 25165784, 64: 22420160, 72: 15853464, 80: 15853440, 88: 19974064}
-- candidate stride 64B: elbow stable across the 8/8 offsets with a detectable elbow (19974080-22420160 bytes, 1.12x spread) -- consistent with a genuine, alignment-independent transition, but see the gap warning above before treating this as full 8/8 agreement

-- [L12582912 B] single-curve method, footprint_bytes=25165824 (2.0x boundary) --
-- [L12582912 B coarse] stride 8-1024 bytes (step 8) --
  wrote 128002 lines -> data_raw/upgrade/line_size/level_12582912/singlecurve_coarse_random_20260913T145735Z.csv
  wrote 128002 lines -> data_raw/upgrade/line_size/level_12582912/singlecurve_coarse_sequential_20260913T145735Z.csv
Wrote 128 summary rows to data_processed/upgrade/line_size/level_12582912/singlecurve_coarse_random_summary.csv
Wrote 128 summary rows to data_processed/upgrade/line_size/level_12582912/singlecurve_coarse_sequential_summary.csv
-- [L12582912 B] detected line-size estimate (bytes): none --
-- [L12582912 B] no transition detected in the coarse sweep; skipping dense/repeat stages --
-- [L12582912 B] generating single-curve plots --
  note: flagged 9 isolated spike stride(s) as probable page-aliasing artifacts: [256, 384, 512, 664, 792, 864, 944, 992, 1024]
Wrote data_processed/upgrade/line_size/level_12582912/plots/line_size_curve.pdf and .png
Wrote data_processed/upgrade/line_size/level_12582912/plots/line_size_boxplots.pdf and .png

############################################################
## step 5: cross-level, cross-method agreement summary
############################################################
   level boundary=12582912B -> method A (family of curves) = 64B, method B (single curve) = noneB
== every level/method that produced an estimate AGREES on 64B -- strong Phase-I evidence ==
== done: all levels, both methods, complete ==
== this is a FROZEN PHASE-I TIMING-ONLY result -- compare against PMU counters
   and the documented/system-reported line size in Phase II before treating it as
   confirmed (see README.md's Phase I/II/III discipline).
== plots per level: data_processed/upgrade/line_size/level_<boundary>/plots/line_size_family_{curve,boxplots}.{png,pdf} (A, steps 1-3),
          .../line_size_offset_{elbow,boxplots}.{png,pdf} (A, step 4), .../line_size_{curve,boxplots}.{png,pdf} (B) ==
== record in data_raw/upgrade/README.md: boundaries=12582912, core=5,
   seed=12345, samples=1000000, coarse_strides=8,16,32,64,128,256, per-level/per-method estimates as above,
   timestamp=20260913T145735Z ==
== full transcript saved to: data_raw/upgrade/line_size/run_line_size_20260913T145735Z.log ==
