== run_line_size: machine=upgrade core=5 seed=12345 ==
== timestamp=20260912T221911Z boundaries=32768,262144,12582912 coarse_strides=8,16,32,64,128,256 ==

############################################################
## LEVEL boundary=32768B -- Method A window=[4096,131072] bytes
############################################################
-- [L32768 A coarse] stride=8B pattern=random offset=0B --
  wrote 31002 lines -> data_raw/upgrade/line_size/level_32768/family_8_random_20260912T221911Z.csv
Wrote 31 summary rows to data_processed/upgrade/line_size/level_32768/family_8_random_summary.csv
-- [L32768 A coarse] stride=8B pattern=sequential offset=0B --
  wrote 31002 lines -> data_raw/upgrade/line_size/level_32768/family_8_sequential_20260912T221911Z.csv
Wrote 31 summary rows to data_processed/upgrade/line_size/level_32768/family_8_sequential_summary.csv
-- [L32768 A coarse] stride=16B pattern=random offset=0B --
  wrote 31002 lines -> data_raw/upgrade/line_size/level_32768/family_16_random_20260912T221911Z.csv
Wrote 31 summary rows to data_processed/upgrade/line_size/level_32768/family_16_random_summary.csv
-- [L32768 A coarse] stride=16B pattern=sequential offset=0B --
  wrote 31002 lines -> data_raw/upgrade/line_size/level_32768/family_16_sequential_20260912T221911Z.csv
Wrote 31 summary rows to data_processed/upgrade/line_size/level_32768/family_16_sequential_summary.csv
-- [L32768 A coarse] stride=32B pattern=random offset=0B --
  wrote 31002 lines -> data_raw/upgrade/line_size/level_32768/family_32_random_20260912T221911Z.csv
Wrote 31 summary rows to data_processed/upgrade/line_size/level_32768/family_32_random_summary.csv
-- [L32768 A coarse] stride=32B pattern=sequential offset=0B --
  wrote 31002 lines -> data_raw/upgrade/line_size/level_32768/family_32_sequential_20260912T221911Z.csv
Wrote 31 summary rows to data_processed/upgrade/line_size/level_32768/family_32_sequential_summary.csv
-- [L32768 A coarse] stride=64B pattern=random offset=0B --
  wrote 31002 lines -> data_raw/upgrade/line_size/level_32768/family_64_random_20260912T221911Z.csv
Wrote 31 summary rows to data_processed/upgrade/line_size/level_32768/family_64_random_summary.csv
-- [L32768 A coarse] stride=64B pattern=sequential offset=0B --
  wrote 31002 lines -> data_raw/upgrade/line_size/level_32768/family_64_sequential_20260912T221911Z.csv
Wrote 31 summary rows to data_processed/upgrade/line_size/level_32768/family_64_sequential_summary.csv
-- [L32768 A coarse] stride=128B pattern=random offset=0B --
  wrote 31002 lines -> data_raw/upgrade/line_size/level_32768/family_128_random_20260912T221911Z.csv
Wrote 31 summary rows to data_processed/upgrade/line_size/level_32768/family_128_random_summary.csv
-- [L32768 A coarse] stride=128B pattern=sequential offset=0B --
  wrote 31002 lines -> data_raw/upgrade/line_size/level_32768/family_128_sequential_20260912T221911Z.csv
Wrote 31 summary rows to data_processed/upgrade/line_size/level_32768/family_128_sequential_summary.csv
-- [L32768 A coarse] stride=256B pattern=random offset=0B --
  wrote 31002 lines -> data_raw/upgrade/line_size/level_32768/family_256_random_20260912T221911Z.csv
Wrote 31 summary rows to data_processed/upgrade/line_size/level_32768/family_256_random_summary.csv
-- [L32768 A coarse] stride=256B pattern=sequential offset=0B --
  wrote 31002 lines -> data_raw/upgrade/line_size/level_32768/family_256_sequential_20260912T221911Z.csv
Wrote 31 summary rows to data_processed/upgrade/line_size/level_32768/family_256_sequential_summary.csv
-- [L32768 A steps 1-3] generating coarse family-of-curves plots --
Traceback (most recent call last):
  File "/home/krchen/Proj1-Cache-Reverse-Engineering/scripts/plot_line_size_family.py", line 46, in <module>
    import matplotlib
ModuleNotFoundError: No module named 'matplotlib'
WARNING: [L32768 A steps 1-3] plotting failed (e.g. matplotlib missing on this machine, same failure mode as Skylark/Thunderbird/Ookay) -- data collection is unaffected, continuing to the next stage; regenerate this level's plots standalone once matplotlib is available.
   (the per-stride elbow / line-size-estimate lines just above are
   plot_line_size_family.py's own diagnostic guess from ONE un-repeated coarse
   sweep -- NOT auto-applied below; see data_processed/upgrade/line_size/level_32768/plots/line_size_family_curve.png
   and decide the step-4 candidate yourself)
== [L32768 A] no candidate given for this level -- inspect
   data_processed/upgrade/line_size/level_32768/plots/line_size_family_curve.png yourself and re-run with an
   explicit candidate stride in candidate_overrides_csv for this level (no
   auto-detection: it proved unreliable across runs/cores, see the script's
   header comment). Skipping Method-A step 4.

-- [L32768 B] single-curve method, footprint_bytes=65536 (2.0x boundary) --
-- [L32768 B coarse] stride 8-1024 bytes (step 8) --
  wrote 128002 lines -> data_raw/upgrade/line_size/level_32768/singlecurve_coarse_random_20260912T221911Z.csv
  wrote 128002 lines -> data_raw/upgrade/line_size/level_32768/singlecurve_coarse_sequential_20260912T221911Z.csv
Wrote 128 summary rows to data_processed/upgrade/line_size/level_32768/singlecurve_coarse_random_summary.csv
Wrote 128 summary rows to data_processed/upgrade/line_size/level_32768/singlecurve_coarse_sequential_summary.csv
-- [L32768 B] detected line-size estimate (bytes): 64 --
-- [L32768 B] dense sweep around estimate 64 bytes: 32-129 (step 1) --
  wrote 98002 lines -> data_raw/upgrade/line_size/level_32768/singlecurve_dense_random_20260912T221911Z.csv
  wrote 98002 lines -> data_raw/upgrade/line_size/level_32768/singlecurve_dense_sequential_20260912T221911Z.csv
Wrote 98 summary rows to data_processed/upgrade/line_size/level_32768/singlecurve_dense_random_summary.csv
Wrote 98 summary rows to data_processed/upgrade/line_size/level_32768/singlecurve_dense_sequential_summary.csv
  -- [L32768 B] repeat 1/2 of the dense window --
  wrote 98002 lines -> data_raw/upgrade/line_size/level_32768/singlecurve_dense_rep1_random_20260912T221911Z.csv
  wrote 98002 lines -> data_raw/upgrade/line_size/level_32768/singlecurve_dense_rep1_sequential_20260912T221911Z.csv
Wrote 98 summary rows to data_processed/upgrade/line_size/level_32768/singlecurve_dense_rep1_random_summary.csv
Wrote 98 summary rows to data_processed/upgrade/line_size/level_32768/singlecurve_dense_rep1_sequential_summary.csv
  -- [L32768 B] repeat 2/2 of the dense window --
  wrote 98002 lines -> data_raw/upgrade/line_size/level_32768/singlecurve_dense_rep2_random_20260912T221911Z.csv
  wrote 98002 lines -> data_raw/upgrade/line_size/level_32768/singlecurve_dense_rep2_sequential_20260912T221911Z.csv
Wrote 98 summary rows to data_processed/upgrade/line_size/level_32768/singlecurve_dense_rep2_random_summary.csv
Wrote 98 summary rows to data_processed/upgrade/line_size/level_32768/singlecurve_dense_rep2_sequential_summary.csv
-- [L32768 B] generating single-curve plots --
Traceback (most recent call last):
  File "/home/krchen/Proj1-Cache-Reverse-Engineering/scripts/plot_line_size.py", line 35, in <module>
    import matplotlib
ModuleNotFoundError: No module named 'matplotlib'
WARNING: [L32768 B] plotting failed (matplotlib missing?) -- data collection is unaffected; regenerate standalone once matplotlib is available.

############################################################
## LEVEL boundary=262144B -- Method A window=[32768,1048576] bytes
############################################################
-- [L262144 A coarse] stride=8B pattern=random offset=0B --
  wrote 31002 lines -> data_raw/upgrade/line_size/level_262144/family_8_random_20260912T221911Z.csv
Wrote 31 summary rows to data_processed/upgrade/line_size/level_262144/family_8_random_summary.csv
-- [L262144 A coarse] stride=8B pattern=sequential offset=0B --
  wrote 31002 lines -> data_raw/upgrade/line_size/level_262144/family_8_sequential_20260912T221911Z.csv
Wrote 31 summary rows to data_processed/upgrade/line_size/level_262144/family_8_sequential_summary.csv
-- [L262144 A coarse] stride=16B pattern=random offset=0B --
  wrote 31002 lines -> data_raw/upgrade/line_size/level_262144/family_16_random_20260912T221911Z.csv
Wrote 31 summary rows to data_processed/upgrade/line_size/level_262144/family_16_random_summary.csv
-- [L262144 A coarse] stride=16B pattern=sequential offset=0B --
  wrote 31002 lines -> data_raw/upgrade/line_size/level_262144/family_16_sequential_20260912T221911Z.csv
Wrote 31 summary rows to data_processed/upgrade/line_size/level_262144/family_16_sequential_summary.csv
-- [L262144 A coarse] stride=32B pattern=random offset=0B --
  wrote 31002 lines -> data_raw/upgrade/line_size/level_262144/family_32_random_20260912T221911Z.csv
Wrote 31 summary rows to data_processed/upgrade/line_size/level_262144/family_32_random_summary.csv
-- [L262144 A coarse] stride=32B pattern=sequential offset=0B --
  wrote 31002 lines -> data_raw/upgrade/line_size/level_262144/family_32_sequential_20260912T221911Z.csv
Wrote 31 summary rows to data_processed/upgrade/line_size/level_262144/family_32_sequential_summary.csv
-- [L262144 A coarse] stride=64B pattern=random offset=0B --
  wrote 31002 lines -> data_raw/upgrade/line_size/level_262144/family_64_random_20260912T221911Z.csv
Wrote 31 summary rows to data_processed/upgrade/line_size/level_262144/family_64_random_summary.csv
-- [L262144 A coarse] stride=64B pattern=sequential offset=0B --
  wrote 31002 lines -> data_raw/upgrade/line_size/level_262144/family_64_sequential_20260912T221911Z.csv
Wrote 31 summary rows to data_processed/upgrade/line_size/level_262144/family_64_sequential_summary.csv
-- [L262144 A coarse] stride=128B pattern=random offset=0B --
  wrote 31002 lines -> data_raw/upgrade/line_size/level_262144/family_128_random_20260912T221911Z.csv
Wrote 31 summary rows to data_processed/upgrade/line_size/level_262144/family_128_random_summary.csv
-- [L262144 A coarse] stride=128B pattern=sequential offset=0B --
  wrote 31002 lines -> data_raw/upgrade/line_size/level_262144/family_128_sequential_20260912T221911Z.csv
Wrote 31 summary rows to data_processed/upgrade/line_size/level_262144/family_128_sequential_summary.csv
-- [L262144 A coarse] stride=256B pattern=random offset=0B --
  wrote 31002 lines -> data_raw/upgrade/line_size/level_262144/family_256_random_20260912T221911Z.csv
Wrote 31 summary rows to data_processed/upgrade/line_size/level_262144/family_256_random_summary.csv
-- [L262144 A coarse] stride=256B pattern=sequential offset=0B --
  wrote 31002 lines -> data_raw/upgrade/line_size/level_262144/family_256_sequential_20260912T221911Z.csv
Wrote 31 summary rows to data_processed/upgrade/line_size/level_262144/family_256_sequential_summary.csv
-- [L262144 A steps 1-3] generating coarse family-of-curves plots --
Traceback (most recent call last):
  File "/home/krchen/Proj1-Cache-Reverse-Engineering/scripts/plot_line_size_family.py", line 46, in <module>
    import matplotlib
ModuleNotFoundError: No module named 'matplotlib'
WARNING: [L262144 A steps 1-3] plotting failed (e.g. matplotlib missing on this machine, same failure mode as Skylark/Thunderbird/Ookay) -- data collection is unaffected, continuing to the next stage; regenerate this level's plots standalone once matplotlib is available.
   (the per-stride elbow / line-size-estimate lines just above are
   plot_line_size_family.py's own diagnostic guess from ONE un-repeated coarse
   sweep -- NOT auto-applied below; see data_processed/upgrade/line_size/level_262144/plots/line_size_family_curve.png
   and decide the step-4 candidate yourself)
== [L262144 A] no candidate given for this level -- inspect
   data_processed/upgrade/line_size/level_262144/plots/line_size_family_curve.png yourself and re-run with an
   explicit candidate stride in candidate_overrides_csv for this level (no
   auto-detection: it proved unreliable across runs/cores, see the script's
   header comment). Skipping Method-A step 4.

-- [L262144 B] single-curve method, footprint_bytes=524288 (2.0x boundary) --
-- [L262144 B coarse] stride 8-1024 bytes (step 8) --
  wrote 128002 lines -> data_raw/upgrade/line_size/level_262144/singlecurve_coarse_random_20260912T221911Z.csv
  wrote 128002 lines -> data_raw/upgrade/line_size/level_262144/singlecurve_coarse_sequential_20260912T221911Z.csv
Wrote 128 summary rows to data_processed/upgrade/line_size/level_262144/singlecurve_coarse_random_summary.csv
Wrote 128 summary rows to data_processed/upgrade/line_size/level_262144/singlecurve_coarse_sequential_summary.csv
-- [L262144 B] detected line-size estimate (bytes): none --
-- [L262144 B] no transition detected in the coarse sweep; skipping dense/repeat stages --
-- [L262144 B] generating single-curve plots --
Traceback (most recent call last):
  File "/home/krchen/Proj1-Cache-Reverse-Engineering/scripts/plot_line_size.py", line 35, in <module>
    import matplotlib
ModuleNotFoundError: No module named 'matplotlib'
WARNING: [L262144 B] plotting failed (matplotlib missing?) -- data collection is unaffected; regenerate standalone once matplotlib is available.

############################################################
## LEVEL boundary=12582912B -- Method A window=[1572864,50331648] bytes
############################################################
-- [L12582912 A coarse] stride=8B pattern=random offset=0B --
  wrote 31002 lines -> data_raw/upgrade/line_size/level_12582912/family_8_random_20260912T221911Z.csv
Wrote 31 summary rows to data_processed/upgrade/line_size/level_12582912/family_8_random_summary.csv
-- [L12582912 A coarse] stride=8B pattern=sequential offset=0B --
  wrote 31002 lines -> data_raw/upgrade/line_size/level_12582912/family_8_sequential_20260912T221911Z.csv
Wrote 31 summary rows to data_processed/upgrade/line_size/level_12582912/family_8_sequential_summary.csv
-- [L12582912 A coarse] stride=16B pattern=random offset=0B --
  wrote 31002 lines -> data_raw/upgrade/line_size/level_12582912/family_16_random_20260912T221911Z.csv
Wrote 31 summary rows to data_processed/upgrade/line_size/level_12582912/family_16_random_summary.csv
-- [L12582912 A coarse] stride=16B pattern=sequential offset=0B --
  wrote 31002 lines -> data_raw/upgrade/line_size/level_12582912/family_16_sequential_20260912T221911Z.csv
Wrote 31 summary rows to data_processed/upgrade/line_size/level_12582912/family_16_sequential_summary.csv
-- [L12582912 A coarse] stride=32B pattern=random offset=0B --
  wrote 31002 lines -> data_raw/upgrade/line_size/level_12582912/family_32_random_20260912T221911Z.csv
Wrote 31 summary rows to data_processed/upgrade/line_size/level_12582912/family_32_random_summary.csv
-- [L12582912 A coarse] stride=32B pattern=sequential offset=0B --
  wrote 31002 lines -> data_raw/upgrade/line_size/level_12582912/family_32_sequential_20260912T221911Z.csv
Wrote 31 summary rows to data_processed/upgrade/line_size/level_12582912/family_32_sequential_summary.csv
-- [L12582912 A coarse] stride=64B pattern=random offset=0B --
  wrote 31002 lines -> data_raw/upgrade/line_size/level_12582912/family_64_random_20260912T221911Z.csv
Wrote 31 summary rows to data_processed/upgrade/line_size/level_12582912/family_64_random_summary.csv
-- [L12582912 A coarse] stride=64B pattern=sequential offset=0B --
  wrote 31002 lines -> data_raw/upgrade/line_size/level_12582912/family_64_sequential_20260912T221911Z.csv
Wrote 31 summary rows to data_processed/upgrade/line_size/level_12582912/family_64_sequential_summary.csv
-- [L12582912 A coarse] stride=128B pattern=random offset=0B --
  wrote 31002 lines -> data_raw/upgrade/line_size/level_12582912/family_128_random_20260912T221911Z.csv
Wrote 31 summary rows to data_processed/upgrade/line_size/level_12582912/family_128_random_summary.csv
-- [L12582912 A coarse] stride=128B pattern=sequential offset=0B --
  wrote 31002 lines -> data_raw/upgrade/line_size/level_12582912/family_128_sequential_20260912T221911Z.csv
Wrote 31 summary rows to data_processed/upgrade/line_size/level_12582912/family_128_sequential_summary.csv
-- [L12582912 A coarse] stride=256B pattern=random offset=0B --
  wrote 31002 lines -> data_raw/upgrade/line_size/level_12582912/family_256_random_20260912T221911Z.csv
Wrote 31 summary rows to data_processed/upgrade/line_size/level_12582912/family_256_random_summary.csv
-- [L12582912 A coarse] stride=256B pattern=sequential offset=0B --
  wrote 31002 lines -> data_raw/upgrade/line_size/level_12582912/family_256_sequential_20260912T221911Z.csv
Wrote 31 summary rows to data_processed/upgrade/line_size/level_12582912/family_256_sequential_summary.csv
-- [L12582912 A steps 1-3] generating coarse family-of-curves plots --
Traceback (most recent call last):
  File "/home/krchen/Proj1-Cache-Reverse-Engineering/scripts/plot_line_size_family.py", line 46, in <module>
    import matplotlib
ModuleNotFoundError: No module named 'matplotlib'
WARNING: [L12582912 A steps 1-3] plotting failed (e.g. matplotlib missing on this machine, same failure mode as Skylark/Thunderbird/Ookay) -- data collection is unaffected, continuing to the next stage; regenerate this level's plots standalone once matplotlib is available.
   (the per-stride elbow / line-size-estimate lines just above are
   plot_line_size_family.py's own diagnostic guess from ONE un-repeated coarse
   sweep -- NOT auto-applied below; see data_processed/upgrade/line_size/level_12582912/plots/line_size_family_curve.png
   and decide the step-4 candidate yourself)
== [L12582912 A] no candidate given for this level -- inspect
   data_processed/upgrade/line_size/level_12582912/plots/line_size_family_curve.png yourself and re-run with an
   explicit candidate stride in candidate_overrides_csv for this level (no
   auto-detection: it proved unreliable across runs/cores, see the script's
   header comment). Skipping Method-A step 4.

-- [L12582912 B] single-curve method, footprint_bytes=25165824 (2.0x boundary) --
-- [L12582912 B coarse] stride 8-1024 bytes (step 8) --
  wrote 128002 lines -> data_raw/upgrade/line_size/level_12582912/singlecurve_coarse_random_20260912T221911Z.csv
  wrote 128002 lines -> data_raw/upgrade/line_size/level_12582912/singlecurve_coarse_sequential_20260912T221911Z.csv
Wrote 128 summary rows to data_processed/upgrade/line_size/level_12582912/singlecurve_coarse_random_summary.csv
Wrote 128 summary rows to data_processed/upgrade/line_size/level_12582912/singlecurve_coarse_sequential_summary.csv
-- [L12582912 B] detected line-size estimate (bytes): none --
-- [L12582912 B] no transition detected in the coarse sweep; skipping dense/repeat stages --
-- [L12582912 B] generating single-curve plots --
Traceback (most recent call last):
  File "/home/krchen/Proj1-Cache-Reverse-Engineering/scripts/plot_line_size.py", line 35, in <module>
    import matplotlib
ModuleNotFoundError: No module named 'matplotlib'
WARNING: [L12582912 B] plotting failed (matplotlib missing?) -- data collection is unaffected; regenerate standalone once matplotlib is available.

############################################################
## step 5: cross-level, cross-method agreement summary
############################################################
   level boundary=32768B -> method A (family of curves) = noneB, method B (single curve) = 64B
   level boundary=262144B -> method A (family of curves) = noneB, method B (single curve) = noneB
   level boundary=12582912B -> method A (family of curves) = noneB, method B (single curve) = noneB
== every level/method that produced an estimate AGREES on 64B -- strong Phase-I evidence ==
== done: all levels, both methods, complete ==
== this is a FROZEN PHASE-I TIMING-ONLY result -- compare against PMU counters
   and the documented/system-reported line size in Phase II before treating it as
   confirmed (see README.md's Phase I/II/III discipline).
== plots per level: data_processed/upgrade/line_size/level_<boundary>/plots/line_size_family_{curve,boxplots}.{png,pdf} (A, steps 1-3),
          .../line_size_offset_{elbow,boxplots}.{png,pdf} (A, step 4), .../line_size_{curve,boxplots}.{png,pdf} (B) ==
== record in data_raw/upgrade/README.md: boundaries=32768,262144,12582912, core=5,
   seed=12345, samples=1000000, coarse_strides=8,16,32,64,128,256, per-level/per-method estimates as above,
   timestamp=20260912T221911Z ==
== full transcript saved to: data_raw/upgrade/line_size/run_line_size_20260912T221911Z.log ==
