== run_line_size: machine=upgrade core=5 seed=12345 ==
== timestamp=20260913T141755Z boundaries=262144,12582912 coarse_strides=8,16,32,64,128,256 ==

############################################################
## LEVEL boundary=262144B -- Method A window=[32768,1048576] bytes
############################################################
-- [L262144 A coarse] stride=8B pattern=random offset=0B --
  wrote 31002 lines -> data_raw/upgrade/line_size/level_262144/family_8_random_20260913T141755Z.csv
Wrote 31 summary rows to data_processed/upgrade/line_size/level_262144/family_8_random_summary.csv
-- [L262144 A coarse] stride=8B pattern=sequential offset=0B --
  wrote 31002 lines -> data_raw/upgrade/line_size/level_262144/family_8_sequential_20260913T141755Z.csv
Wrote 31 summary rows to data_processed/upgrade/line_size/level_262144/family_8_sequential_summary.csv
-- [L262144 A coarse] stride=16B pattern=random offset=0B --
  wrote 31002 lines -> data_raw/upgrade/line_size/level_262144/family_16_random_20260913T141755Z.csv
Wrote 31 summary rows to data_processed/upgrade/line_size/level_262144/family_16_random_summary.csv
-- [L262144 A coarse] stride=16B pattern=sequential offset=0B --
  wrote 31002 lines -> data_raw/upgrade/line_size/level_262144/family_16_sequential_20260913T141755Z.csv
Wrote 31 summary rows to data_processed/upgrade/line_size/level_262144/family_16_sequential_summary.csv
-- [L262144 A coarse] stride=32B pattern=random offset=0B --
  wrote 31002 lines -> data_raw/upgrade/line_size/level_262144/family_32_random_20260913T141755Z.csv
Wrote 31 summary rows to data_processed/upgrade/line_size/level_262144/family_32_random_summary.csv
-- [L262144 A coarse] stride=32B pattern=sequential offset=0B --
  wrote 31002 lines -> data_raw/upgrade/line_size/level_262144/family_32_sequential_20260913T141755Z.csv
Wrote 31 summary rows to data_processed/upgrade/line_size/level_262144/family_32_sequential_summary.csv
-- [L262144 A coarse] stride=64B pattern=random offset=0B --
  wrote 31002 lines -> data_raw/upgrade/line_size/level_262144/family_64_random_20260913T141755Z.csv
Wrote 31 summary rows to data_processed/upgrade/line_size/level_262144/family_64_random_summary.csv
-- [L262144 A coarse] stride=64B pattern=sequential offset=0B --
  wrote 31002 lines -> data_raw/upgrade/line_size/level_262144/family_64_sequential_20260913T141755Z.csv
Wrote 31 summary rows to data_processed/upgrade/line_size/level_262144/family_64_sequential_summary.csv
-- [L262144 A coarse] stride=128B pattern=random offset=0B --
  wrote 31002 lines -> data_raw/upgrade/line_size/level_262144/family_128_random_20260913T141755Z.csv
Wrote 31 summary rows to data_processed/upgrade/line_size/level_262144/family_128_random_summary.csv
-- [L262144 A coarse] stride=128B pattern=sequential offset=0B --
  wrote 31002 lines -> data_raw/upgrade/line_size/level_262144/family_128_sequential_20260913T141755Z.csv
Wrote 31 summary rows to data_processed/upgrade/line_size/level_262144/family_128_sequential_summary.csv
-- [L262144 A coarse] stride=256B pattern=random offset=0B --
  wrote 31002 lines -> data_raw/upgrade/line_size/level_262144/family_256_random_20260913T141755Z.csv
Wrote 31 summary rows to data_processed/upgrade/line_size/level_262144/family_256_random_summary.csv
-- [L262144 A coarse] stride=256B pattern=sequential offset=0B --
  wrote 31002 lines -> data_raw/upgrade/line_size/level_262144/family_256_sequential_20260913T141755Z.csv
Wrote 31 summary rows to data_processed/upgrade/line_size/level_262144/family_256_sequential_summary.csv
-- [L262144 A steps 1-3] generating coarse family-of-curves plots --
/home/krchen/Proj1-Cache-Reverse-Engineering/scripts/plot_line_size_family.py:163: MatplotlibDeprecationWarning: The get_cmap function was deprecated in Matplotlib 3.7 and will be removed in 3.11. Use ``matplotlib.colormaps[name]`` or ``matplotlib.colormaps.get_cmap()`` or ``pyplot.get_cmap()`` instead.
  cmap = cm.get_cmap("viridis", max(len(strides), 2))
Wrote data_processed/upgrade/line_size/level_262144/plots/line_size_family_curve.pdf and .png
-- per-stride elbow (bytes): {8B: 588488, 16B: 588480, 32B: 588480, 64B: 524288, 128B: 524288, 256B: 466944}
-- line-size estimate: smallest candidate stride whose elbow agrees with largest tested stride (~466944 bytes) is 64B -- see infer_line_size's docstring caveat on the fixed grid resolution before citing this as a clean line-size number on its own
/home/krchen/Proj1-Cache-Reverse-Engineering/scripts/plot_line_size_family.py:277: MatplotlibDeprecationWarning: The get_cmap function was deprecated in Matplotlib 3.7 and will be removed in 3.11. Use ``matplotlib.colormaps[name]`` or ``matplotlib.colormaps.get_cmap()`` or ``pyplot.get_cmap()`` instead.
  cmap = cm.get_cmap("viridis", max(len(strides), 2))
Wrote data_processed/upgrade/line_size/level_262144/plots/line_size_family_boxplots.pdf and .png
   (the per-stride elbow / line-size-estimate lines just above are
   plot_line_size_family.py's own diagnostic guess from ONE un-repeated coarse
   sweep -- NOT auto-applied below; see data_processed/upgrade/line_size/level_262144/plots/line_size_family_curve.png
   and decide the step-4 candidate yourself)
== [L262144 A] no candidate given for this level -- inspect
   data_processed/upgrade/line_size/level_262144/plots/line_size_family_curve.png yourself and re-run with an
   explicit candidate stride in candidate_overrides_csv for this level (no
   auto-detection: it proved unreliable across runs/cores, see the script's
   header comment). Skipping Method-A step 4.

-- [L262144 B] single-curve method, footprint_bytes=524288 (2.0x boundary) --
-- [L262144 B coarse] stride 8-1024 bytes (step 8) --
  wrote 128002 lines -> data_raw/upgrade/line_size/level_262144/singlecurve_coarse_random_20260913T141755Z.csv
  wrote 128002 lines -> data_raw/upgrade/line_size/level_262144/singlecurve_coarse_sequential_20260913T141755Z.csv
Wrote 128 summary rows to data_processed/upgrade/line_size/level_262144/singlecurve_coarse_random_summary.csv
Wrote 128 summary rows to data_processed/upgrade/line_size/level_262144/singlecurve_coarse_sequential_summary.csv
-- [L262144 B] detected line-size estimate (bytes): 760 --
-- [L262144 B] dense sweep around estimate 760 bytes: 380-1024 (step 1) --
  wrote 645002 lines -> data_raw/upgrade/line_size/level_262144/singlecurve_dense_random_20260913T141755Z.csv
  wrote 645002 lines -> data_raw/upgrade/line_size/level_262144/singlecurve_dense_sequential_20260913T141755Z.csv
Wrote 645 summary rows to data_processed/upgrade/line_size/level_262144/singlecurve_dense_random_summary.csv
Wrote 645 summary rows to data_processed/upgrade/line_size/level_262144/singlecurve_dense_sequential_summary.csv
  -- [L262144 B] repeat 1/2 of the dense window --
  wrote 645002 lines -> data_raw/upgrade/line_size/level_262144/singlecurve_dense_rep1_random_20260913T141755Z.csv
  wrote 645002 lines -> data_raw/upgrade/line_size/level_262144/singlecurve_dense_rep1_sequential_20260913T141755Z.csv
Wrote 645 summary rows to data_processed/upgrade/line_size/level_262144/singlecurve_dense_rep1_random_summary.csv
Wrote 645 summary rows to data_processed/upgrade/line_size/level_262144/singlecurve_dense_rep1_sequential_summary.csv
  -- [L262144 B] repeat 2/2 of the dense window --
  wrote 645002 lines -> data_raw/upgrade/line_size/level_262144/singlecurve_dense_rep2_random_20260913T141755Z.csv
  wrote 645002 lines -> data_raw/upgrade/line_size/level_262144/singlecurve_dense_rep2_sequential_20260913T141755Z.csv
Wrote 645 summary rows to data_processed/upgrade/line_size/level_262144/singlecurve_dense_rep2_random_summary.csv
Wrote 645 summary rows to data_processed/upgrade/line_size/level_262144/singlecurve_dense_rep2_sequential_summary.csv
-- [L262144 B] generating single-curve plots --
  note: 488B (random) has 4 overlapping summary rows with medians [14.7, 16.6, 18.4, 16.0] (spread 3.7 ticks, 22.4%) -- averaging, widening whiskers to the union
  note: 451B (random) has 3 overlapping summary rows with medians [17.9, 20.2, 16.4] (spread 3.8 ticks, 20.9%) -- averaging, widening whiskers to the union
  note: 466B (random) has 3 overlapping summary rows with medians [17.4, 22.7, 16.5] (spread 6.2 ticks, 33.1%) -- averaging, widening whiskers to the union
  note: 467B (random) has 3 overlapping summary rows with medians [17.7, 22.1, 16.4] (spread 5.7 ticks, 30.3%) -- averaging, widening whiskers to the union
  note: 395B (sequential) has 3 overlapping summary rows with medians [16.0, 15.5, 13.0] (spread 3.0 ticks, 20.3%) -- averaging, widening whiskers to the union
  note: 401B (sequential) has 3 overlapping summary rows with medians [16.2, 15.0, 13.1] (spread 3.1 ticks, 21.2%) -- averaging, widening whiskers to the union
  note: 404B (sequential) has 3 overlapping summary rows with medians [14.7, 15.7, 12.7] (spread 3.0 ticks, 20.8%) -- averaging, widening whiskers to the union
  note: 462B (sequential) has 3 overlapping summary rows with medians [15.8, 14.2, 12.9] (spread 2.9 ticks, 20.6%) -- averaging, widening whiskers to the union
  note: 482B (sequential) has 3 overlapping summary rows with medians [17.3, 14.7, 14.2] (spread 3.1 ticks, 20.4%) -- averaging, widening whiskers to the union
  note: 1022B (sequential) has 3 overlapping summary rows with medians [14.0, 10.8, 13.1] (spread 3.1 ticks, 24.9%) -- averaging, widening whiskers to the union
  note: flagged 7 isolated spike stride(s) as probable page-aliasing artifacts: [256, 455, 512, 585, 683, 819, 1024]
Wrote data_processed/upgrade/line_size/level_262144/plots/line_size_curve.pdf and .png
Wrote data_processed/upgrade/line_size/level_262144/plots/line_size_boxplots.pdf and .png

############################################################
## LEVEL boundary=12582912B -- Method A window=[1572864,50331648] bytes
############################################################
-- [L12582912 A coarse] stride=8B pattern=random offset=0B --
  wrote 31002 lines -> data_raw/upgrade/line_size/level_12582912/family_8_random_20260913T141755Z.csv
Wrote 31 summary rows to data_processed/upgrade/line_size/level_12582912/family_8_random_summary.csv
-- [L12582912 A coarse] stride=8B pattern=sequential offset=0B --
  wrote 31002 lines -> data_raw/upgrade/line_size/level_12582912/family_8_sequential_20260913T141755Z.csv
Wrote 31 summary rows to data_processed/upgrade/line_size/level_12582912/family_8_sequential_summary.csv
-- [L12582912 A coarse] stride=16B pattern=random offset=0B --
  wrote 31002 lines -> data_raw/upgrade/line_size/level_12582912/family_16_random_20260913T141755Z.csv
Wrote 31 summary rows to data_processed/upgrade/line_size/level_12582912/family_16_random_summary.csv
-- [L12582912 A coarse] stride=16B pattern=sequential offset=0B --
  wrote 31002 lines -> data_raw/upgrade/line_size/level_12582912/family_16_sequential_20260913T141755Z.csv
Wrote 31 summary rows to data_processed/upgrade/line_size/level_12582912/family_16_sequential_summary.csv
-- [L12582912 A coarse] stride=32B pattern=random offset=0B --
  wrote 31002 lines -> data_raw/upgrade/line_size/level_12582912/family_32_random_20260913T141755Z.csv
Wrote 31 summary rows to data_processed/upgrade/line_size/level_12582912/family_32_random_summary.csv
-- [L12582912 A coarse] stride=32B pattern=sequential offset=0B --
  wrote 31002 lines -> data_raw/upgrade/line_size/level_12582912/family_32_sequential_20260913T141755Z.csv
Wrote 31 summary rows to data_processed/upgrade/line_size/level_12582912/family_32_sequential_summary.csv
-- [L12582912 A coarse] stride=64B pattern=random offset=0B --
  wrote 31002 lines -> data_raw/upgrade/line_size/level_12582912/family_64_random_20260913T141755Z.csv
Wrote 31 summary rows to data_processed/upgrade/line_size/level_12582912/family_64_random_summary.csv
-- [L12582912 A coarse] stride=64B pattern=sequential offset=0B --
  wrote 31002 lines -> data_raw/upgrade/line_size/level_12582912/family_64_sequential_20260913T141755Z.csv
Wrote 31 summary rows to data_processed/upgrade/line_size/level_12582912/family_64_sequential_summary.csv
-- [L12582912 A coarse] stride=128B pattern=random offset=0B --
  wrote 31002 lines -> data_raw/upgrade/line_size/level_12582912/family_128_random_20260913T141755Z.csv
Wrote 31 summary rows to data_processed/upgrade/line_size/level_12582912/family_128_random_summary.csv
-- [L12582912 A coarse] stride=128B pattern=sequential offset=0B --
  wrote 31002 lines -> data_raw/upgrade/line_size/level_12582912/family_128_sequential_20260913T141755Z.csv
Wrote 31 summary rows to data_processed/upgrade/line_size/level_12582912/family_128_sequential_summary.csv
-- [L12582912 A coarse] stride=256B pattern=random offset=0B --
  wrote 31002 lines -> data_raw/upgrade/line_size/level_12582912/family_256_random_20260913T141755Z.csv
Wrote 31 summary rows to data_processed/upgrade/line_size/level_12582912/family_256_random_summary.csv
-- [L12582912 A coarse] stride=256B pattern=sequential offset=0B --
  wrote 31002 lines -> data_raw/upgrade/line_size/level_12582912/family_256_sequential_20260913T141755Z.csv
Wrote 31 summary rows to data_processed/upgrade/line_size/level_12582912/family_256_sequential_summary.csv
-- [L12582912 A steps 1-3] generating coarse family-of-curves plots --
/home/krchen/Proj1-Cache-Reverse-Engineering/scripts/plot_line_size_family.py:163: MatplotlibDeprecationWarning: The get_cmap function was deprecated in Matplotlib 3.7 and will be removed in 3.11. Use ``matplotlib.colormaps[name]`` or ``matplotlib.colormaps.get_cmap()`` or ``pyplot.get_cmap()`` instead.
  cmap = cm.get_cmap("viridis", max(len(strides), 2))
Wrote data_processed/upgrade/line_size/level_12582912/plots/line_size_family_curve.pdf and .png
-- per-stride elbow (bytes): {8B: 31706944, 16B: 31706944, 32B: 28247680, 64B: 22420160, 128B: 25165824, 256B: 28247552}
-- line-size estimate: smallest candidate stride whose elbow agrees with largest tested stride (~28247552 bytes) is 8B -- see infer_line_size's docstring caveat on the fixed grid resolution before citing this as a clean line-size number on its own
/home/krchen/Proj1-Cache-Reverse-Engineering/scripts/plot_line_size_family.py:277: MatplotlibDeprecationWarning: The get_cmap function was deprecated in Matplotlib 3.7 and will be removed in 3.11. Use ``matplotlib.colormaps[name]`` or ``matplotlib.colormaps.get_cmap()`` or ``pyplot.get_cmap()`` instead.
  cmap = cm.get_cmap("viridis", max(len(strides), 2))
Wrote data_processed/upgrade/line_size/level_12582912/plots/line_size_family_boxplots.pdf and .png
   (the per-stride elbow / line-size-estimate lines just above are
   plot_line_size_family.py's own diagnostic guess from ONE un-repeated coarse
   sweep -- NOT auto-applied below; see data_processed/upgrade/line_size/level_12582912/plots/line_size_family_curve.png
   and decide the step-4 candidate yourself)
== [L12582912 A] no candidate given for this level -- inspect
   data_processed/upgrade/line_size/level_12582912/plots/line_size_family_curve.png yourself and re-run with an
   explicit candidate stride in candidate_overrides_csv for this level (no
   auto-detection: it proved unreliable across runs/cores, see the script's
   header comment). Skipping Method-A step 4.

-- [L12582912 B] single-curve method, footprint_bytes=25165824 (2.0x boundary) --
-- [L12582912 B coarse] stride 8-1024 bytes (step 8) --
  wrote 128002 lines -> data_raw/upgrade/line_size/level_12582912/singlecurve_coarse_random_20260913T141755Z.csv
  wrote 128002 lines -> data_raw/upgrade/line_size/level_12582912/singlecurve_coarse_sequential_20260913T141755Z.csv
Wrote 128 summary rows to data_processed/upgrade/line_size/level_12582912/singlecurve_coarse_random_summary.csv
Wrote 128 summary rows to data_processed/upgrade/line_size/level_12582912/singlecurve_coarse_sequential_summary.csv
-- [L12582912 B] detected line-size estimate (bytes): none --
-- [L12582912 B] no transition detected in the coarse sweep; skipping dense/repeat stages --
-- [L12582912 B] generating single-curve plots --
  note: flagged 3 isolated spike stride(s) as probable page-aliasing artifacts: [256, 512, 1024]
Wrote data_processed/upgrade/line_size/level_12582912/plots/line_size_curve.pdf and .png
Wrote data_processed/upgrade/line_size/level_12582912/plots/line_size_boxplots.pdf and .png

############################################################
## step 5: cross-level, cross-method agreement summary
############################################################
   level boundary=262144B -> method A (family of curves) = noneB, method B (single curve) = 760B
   level boundary=12582912B -> method A (family of curves) = noneB, method B (single curve) = noneB
== every level/method that produced an estimate AGREES on 760B -- strong Phase-I evidence ==
== done: all levels, both methods, complete ==
== this is a FROZEN PHASE-I TIMING-ONLY result -- compare against PMU counters
   and the documented/system-reported line size in Phase II before treating it as
   confirmed (see README.md's Phase I/II/III discipline).
== plots per level: data_processed/upgrade/line_size/level_<boundary>/plots/line_size_family_{curve,boxplots}.{png,pdf} (A, steps 1-3),
          .../line_size_offset_{elbow,boxplots}.{png,pdf} (A, step 4), .../line_size_{curve,boxplots}.{png,pdf} (B) ==
== record in data_raw/upgrade/README.md: boundaries=262144,12582912, core=5,
   seed=12345, samples=1000000, coarse_strides=8,16,32,64,128,256, per-level/per-method estimates as above,
   timestamp=20260913T141755Z ==
== full transcript saved to: data_raw/upgrade/line_size/run_line_size_20260913T141755Z.log ==
