== run_line_size: machine=upgrade core=5 seed=12345 ==
== timestamp=20260912T221041Z boundaries=32768,262144,12582912 coarse_strides=8,16,32,64,128,256 ==

############################################################
## LEVEL boundary=32768B -- Method A window=[4096,131072] bytes
############################################################
-- [L32768 A coarse] stride=8B pattern=random offset=0B --
  wrote 31002 lines -> data_raw/upgrade/line_size/level_32768/family_8_random_20260912T221041Z.csv
Wrote 31 summary rows to data_processed/upgrade/line_size/level_32768/family_8_random_summary.csv
-- [L32768 A coarse] stride=8B pattern=sequential offset=0B --
  wrote 31002 lines -> data_raw/upgrade/line_size/level_32768/family_8_sequential_20260912T221041Z.csv
Wrote 31 summary rows to data_processed/upgrade/line_size/level_32768/family_8_sequential_summary.csv
-- [L32768 A coarse] stride=16B pattern=random offset=0B --
  wrote 31002 lines -> data_raw/upgrade/line_size/level_32768/family_16_random_20260912T221041Z.csv
Wrote 31 summary rows to data_processed/upgrade/line_size/level_32768/family_16_random_summary.csv
-- [L32768 A coarse] stride=16B pattern=sequential offset=0B --
  wrote 31002 lines -> data_raw/upgrade/line_size/level_32768/family_16_sequential_20260912T221041Z.csv
Wrote 31 summary rows to data_processed/upgrade/line_size/level_32768/family_16_sequential_summary.csv
-- [L32768 A coarse] stride=32B pattern=random offset=0B --
  wrote 31002 lines -> data_raw/upgrade/line_size/level_32768/family_32_random_20260912T221041Z.csv
Wrote 31 summary rows to data_processed/upgrade/line_size/level_32768/family_32_random_summary.csv
-- [L32768 A coarse] stride=32B pattern=sequential offset=0B --
  wrote 31002 lines -> data_raw/upgrade/line_size/level_32768/family_32_sequential_20260912T221041Z.csv
Wrote 31 summary rows to data_processed/upgrade/line_size/level_32768/family_32_sequential_summary.csv
-- [L32768 A coarse] stride=64B pattern=random offset=0B --
  wrote 31002 lines -> data_raw/upgrade/line_size/level_32768/family_64_random_20260912T221041Z.csv
Wrote 31 summary rows to data_processed/upgrade/line_size/level_32768/family_64_random_summary.csv
-- [L32768 A coarse] stride=64B pattern=sequential offset=0B --
  wrote 31002 lines -> data_raw/upgrade/line_size/level_32768/family_64_sequential_20260912T221041Z.csv
Wrote 31 summary rows to data_processed/upgrade/line_size/level_32768/family_64_sequential_summary.csv
-- [L32768 A coarse] stride=128B pattern=random offset=0B --
  wrote 31002 lines -> data_raw/upgrade/line_size/level_32768/family_128_random_20260912T221041Z.csv
Wrote 31 summary rows to data_processed/upgrade/line_size/level_32768/family_128_random_summary.csv
-- [L32768 A coarse] stride=128B pattern=sequential offset=0B --
  wrote 31002 lines -> data_raw/upgrade/line_size/level_32768/family_128_sequential_20260912T221041Z.csv
Wrote 31 summary rows to data_processed/upgrade/line_size/level_32768/family_128_sequential_summary.csv
-- [L32768 A coarse] stride=256B pattern=random offset=0B --
  wrote 31002 lines -> data_raw/upgrade/line_size/level_32768/family_256_random_20260912T221041Z.csv
Wrote 31 summary rows to data_processed/upgrade/line_size/level_32768/family_256_random_summary.csv
-- [L32768 A coarse] stride=256B pattern=sequential offset=0B --
  wrote 31002 lines -> data_raw/upgrade/line_size/level_32768/family_256_sequential_20260912T221041Z.csv
Wrote 31 summary rows to data_processed/upgrade/line_size/level_32768/family_256_sequential_summary.csv
-- [L32768 A steps 1-3] generating coarse family-of-curves plots --
Traceback (most recent call last):
  File "/home/krchen/Proj1-Cache-Reverse-Engineering/scripts/plot_line_size_family.py", line 46, in <module>
    import matplotlib
ModuleNotFoundError: No module named 'matplotlib'
