== run_line_size: machine=upgrade core=5 seed=12345 ==
== timestamp=20260912T225539Z boundaries=32768,262144,12582912 coarse_strides=8,16,32,64,128,256 ==

############################################################
## LEVEL boundary=32768B -- Method A window=[4096,131072] bytes
############################################################
-- [L32768 A coarse] stride=8B pattern=random offset=0B --
  wrote 31002 lines -> data_raw/upgrade/line_size/level_32768/family_8_random_20260912T225539Z.csv
Wrote 31 summary rows to data_processed/upgrade/line_size/level_32768/family_8_random_summary.csv
-- [L32768 A coarse] stride=8B pattern=sequential offset=0B --
  wrote 31002 lines -> data_raw/upgrade/line_size/level_32768/family_8_sequential_20260912T225539Z.csv
Wrote 31 summary rows to data_processed/upgrade/line_size/level_32768/family_8_sequential_summary.csv
-- [L32768 A coarse] stride=16B pattern=random offset=0B --
  wrote 31002 lines -> data_raw/upgrade/line_size/level_32768/family_16_random_20260912T225539Z.csv
Wrote 31 summary rows to data_processed/upgrade/line_size/level_32768/family_16_random_summary.csv
-- [L32768 A coarse] stride=16B pattern=sequential offset=0B --
  wrote 31002 lines -> data_raw/upgrade/line_size/level_32768/family_16_sequential_20260912T225539Z.csv
Wrote 31 summary rows to data_processed/upgrade/line_size/level_32768/family_16_sequential_summary.csv
-- [L32768 A coarse] stride=32B pattern=random offset=0B --
  wrote 31002 lines -> data_raw/upgrade/line_size/level_32768/family_32_random_20260912T225539Z.csv
Wrote 31 summary rows to data_processed/upgrade/line_size/level_32768/family_32_random_summary.csv
-- [L32768 A coarse] stride=32B pattern=sequential offset=0B --
  wrote 31002 lines -> data_raw/upgrade/line_size/level_32768/family_32_sequential_20260912T225539Z.csv
Wrote 31 summary rows to data_processed/upgrade/line_size/level_32768/family_32_sequential_summary.csv
-- [L32768 A coarse] stride=64B pattern=random offset=0B --
  wrote 31002 lines -> data_raw/upgrade/line_size/level_32768/family_64_random_20260912T225539Z.csv
Wrote 31 summary rows to data_processed/upgrade/line_size/level_32768/family_64_random_summary.csv
-- [L32768 A coarse] stride=64B pattern=sequential offset=0B --
  wrote 31002 lines -> data_raw/upgrade/line_size/level_32768/family_64_sequential_20260912T225539Z.csv
Wrote 31 summary rows to data_processed/upgrade/line_size/level_32768/family_64_sequential_summary.csv
-- [L32768 A coarse] stride=128B pattern=random offset=0B --
  wrote 31002 lines -> data_raw/upgrade/line_size/level_32768/family_128_random_20260912T225539Z.csv
Wrote 31 summary rows to data_processed/upgrade/line_size/level_32768/family_128_random_summary.csv
-- [L32768 A coarse] stride=128B pattern=sequential offset=0B --
  wrote 31002 lines -> data_raw/upgrade/line_size/level_32768/family_128_sequential_20260912T225539Z.csv
Wrote 31 summary rows to data_processed/upgrade/line_size/level_32768/family_128_sequential_summary.csv
-- [L32768 A coarse] stride=256B pattern=random offset=0B --
  wrote 31002 lines -> data_raw/upgrade/line_size/level_32768/family_256_random_20260912T225539Z.csv
Wrote 31 summary rows to data_processed/upgrade/line_size/level_32768/family_256_random_summary.csv
-- [L32768 A coarse] stride=256B pattern=sequential offset=0B --
  wrote 31002 lines -> data_raw/upgrade/line_size/level_32768/family_256_sequential_20260912T225539Z.csv
Wrote 31 summary rows to data_processed/upgrade/line_size/level_32768/family_256_sequential_summary.csv
-- [L32768 A steps 1-3] generating coarse family-of-curves plots --
/home/krchen/Proj1-Cache-Reverse-Engineering/scripts/plot_line_size_family.py:163: MatplotlibDeprecationWarning: The get_cmap function was deprecated in Matplotlib 3.7 and will be removed in 3.11. Use ``matplotlib.colormaps[name]`` or ``matplotlib.colormaps.get_cmap()`` or ``pyplot.get_cmap()`` instead.
  cmap = cm.get_cmap("viridis", max(len(strides), 2))
Wrote data_processed/upgrade/line_size/level_32768/plots/line_size_family_curve.pdf and .png
-- per-stride elbow (bytes): {8B: 73560, 16B: 65536, 32B: 73536, 64B: 36736, 128B: 36736, 256B: 36608}
-- line-size estimate: smallest candidate stride whose elbow agrees with largest tested stride (~36608 bytes) is 64B -- see infer_line_size's docstring caveat on the fixed grid resolution before citing this as a clean line-size number on its own
/home/krchen/Proj1-Cache-Reverse-Engineering/scripts/plot_line_size_family.py:277: MatplotlibDeprecationWarning: The get_cmap function was deprecated in Matplotlib 3.7 and will be removed in 3.11. Use ``matplotlib.colormaps[name]`` or ``matplotlib.colormaps.get_cmap()`` or ``pyplot.get_cmap()`` instead.
  cmap = cm.get_cmap("viridis", max(len(strides), 2))
Wrote data_processed/upgrade/line_size/level_32768/plots/line_size_family_boxplots.pdf and .png
   (the per-stride elbow / line-size-estimate lines just above are
   plot_line_size_family.py's own diagnostic guess from ONE un-repeated coarse
   sweep -- NOT auto-applied below; see data_processed/upgrade/line_size/level_32768/plots/line_size_family_curve.png
   and decide the step-4 candidate yourself)
== [L32768 A step 4] candidate=64B (manual, from line_size_family_curve.png) ==
== [L32768 A step 4] bracket=40,48,56,64,72,80,88B (8B granularity) offsets=0,8,16,24,32,40,48,56B pattern=random ==
-- [L32768 A refine] stride=40B offset=0B pattern=random --
  wrote 31002 lines -> data_raw/upgrade/line_size/level_32768/refine_40_off0_20260912T225539Z.csv
Wrote 31 summary rows to data_processed/upgrade/line_size/level_32768/refine_40_off0_summary.csv
-- [L32768 A refine] stride=48B offset=0B pattern=random --
  wrote 31002 lines -> data_raw/upgrade/line_size/level_32768/refine_48_off0_20260912T225539Z.csv
Wrote 31 summary rows to data_processed/upgrade/line_size/level_32768/refine_48_off0_summary.csv
-- [L32768 A refine] stride=56B offset=0B pattern=random --
  wrote 31002 lines -> data_raw/upgrade/line_size/level_32768/refine_56_off0_20260912T225539Z.csv
Wrote 31 summary rows to data_processed/upgrade/line_size/level_32768/refine_56_off0_summary.csv
-- [L32768 A refine] stride=64B offset=0B pattern=random --
  wrote 31002 lines -> data_raw/upgrade/line_size/level_32768/refine_64_off0_20260912T225539Z.csv
Wrote 31 summary rows to data_processed/upgrade/line_size/level_32768/refine_64_off0_summary.csv
-- [L32768 A refine] stride=72B offset=0B pattern=random --
  wrote 31002 lines -> data_raw/upgrade/line_size/level_32768/refine_72_off0_20260912T225539Z.csv
Wrote 31 summary rows to data_processed/upgrade/line_size/level_32768/refine_72_off0_summary.csv
-- [L32768 A refine] stride=80B offset=0B pattern=random --
  wrote 31002 lines -> data_raw/upgrade/line_size/level_32768/refine_80_off0_20260912T225539Z.csv
Wrote 31 summary rows to data_processed/upgrade/line_size/level_32768/refine_80_off0_summary.csv
-- [L32768 A refine] stride=88B offset=0B pattern=random --
  wrote 31002 lines -> data_raw/upgrade/line_size/level_32768/refine_88_off0_20260912T225539Z.csv
Wrote 31 summary rows to data_processed/upgrade/line_size/level_32768/refine_88_off0_summary.csv
-- [L32768 A refine] stride=40B offset=8B pattern=random --
  wrote 31002 lines -> data_raw/upgrade/line_size/level_32768/refine_40_off8_20260912T225539Z.csv
Wrote 31 summary rows to data_processed/upgrade/line_size/level_32768/refine_40_off8_summary.csv
-- [L32768 A refine] stride=48B offset=8B pattern=random --
  wrote 31002 lines -> data_raw/upgrade/line_size/level_32768/refine_48_off8_20260912T225539Z.csv
Wrote 31 summary rows to data_processed/upgrade/line_size/level_32768/refine_48_off8_summary.csv
-- [L32768 A refine] stride=56B offset=8B pattern=random --
  wrote 31002 lines -> data_raw/upgrade/line_size/level_32768/refine_56_off8_20260912T225539Z.csv
Wrote 31 summary rows to data_processed/upgrade/line_size/level_32768/refine_56_off8_summary.csv
-- [L32768 A refine] stride=64B offset=8B pattern=random --
  wrote 31002 lines -> data_raw/upgrade/line_size/level_32768/refine_64_off8_20260912T225539Z.csv
Wrote 31 summary rows to data_processed/upgrade/line_size/level_32768/refine_64_off8_summary.csv
-- [L32768 A refine] stride=72B offset=8B pattern=random --
  wrote 31002 lines -> data_raw/upgrade/line_size/level_32768/refine_72_off8_20260912T225539Z.csv
Wrote 31 summary rows to data_processed/upgrade/line_size/level_32768/refine_72_off8_summary.csv
-- [L32768 A refine] stride=80B offset=8B pattern=random --
  wrote 31002 lines -> data_raw/upgrade/line_size/level_32768/refine_80_off8_20260912T225539Z.csv
Wrote 31 summary rows to data_processed/upgrade/line_size/level_32768/refine_80_off8_summary.csv
-- [L32768 A refine] stride=88B offset=8B pattern=random --
  wrote 31002 lines -> data_raw/upgrade/line_size/level_32768/refine_88_off8_20260912T225539Z.csv
Wrote 31 summary rows to data_processed/upgrade/line_size/level_32768/refine_88_off8_summary.csv
-- [L32768 A refine] stride=40B offset=16B pattern=random --
  wrote 31002 lines -> data_raw/upgrade/line_size/level_32768/refine_40_off16_20260912T225539Z.csv
Wrote 31 summary rows to data_processed/upgrade/line_size/level_32768/refine_40_off16_summary.csv
-- [L32768 A refine] stride=48B offset=16B pattern=random --
  wrote 31002 lines -> data_raw/upgrade/line_size/level_32768/refine_48_off16_20260912T225539Z.csv
Wrote 31 summary rows to data_processed/upgrade/line_size/level_32768/refine_48_off16_summary.csv
-- [L32768 A refine] stride=56B offset=16B pattern=random --
  wrote 31002 lines -> data_raw/upgrade/line_size/level_32768/refine_56_off16_20260912T225539Z.csv
Wrote 31 summary rows to data_processed/upgrade/line_size/level_32768/refine_56_off16_summary.csv
-- [L32768 A refine] stride=64B offset=16B pattern=random --
  wrote 31002 lines -> data_raw/upgrade/line_size/level_32768/refine_64_off16_20260912T225539Z.csv
Wrote 31 summary rows to data_processed/upgrade/line_size/level_32768/refine_64_off16_summary.csv
-- [L32768 A refine] stride=72B offset=16B pattern=random --
  wrote 31002 lines -> data_raw/upgrade/line_size/level_32768/refine_72_off16_20260912T225539Z.csv
Wrote 31 summary rows to data_processed/upgrade/line_size/level_32768/refine_72_off16_summary.csv
-- [L32768 A refine] stride=80B offset=16B pattern=random --
  wrote 31002 lines -> data_raw/upgrade/line_size/level_32768/refine_80_off16_20260912T225539Z.csv
Wrote 31 summary rows to data_processed/upgrade/line_size/level_32768/refine_80_off16_summary.csv
-- [L32768 A refine] stride=88B offset=16B pattern=random --
  wrote 31002 lines -> data_raw/upgrade/line_size/level_32768/refine_88_off16_20260912T225539Z.csv
Wrote 31 summary rows to data_processed/upgrade/line_size/level_32768/refine_88_off16_summary.csv
-- [L32768 A refine] stride=40B offset=24B pattern=random --
  wrote 31002 lines -> data_raw/upgrade/line_size/level_32768/refine_40_off24_20260912T225539Z.csv
Wrote 31 summary rows to data_processed/upgrade/line_size/level_32768/refine_40_off24_summary.csv
-- [L32768 A refine] stride=48B offset=24B pattern=random --
  wrote 31002 lines -> data_raw/upgrade/line_size/level_32768/refine_48_off24_20260912T225539Z.csv
Wrote 31 summary rows to data_processed/upgrade/line_size/level_32768/refine_48_off24_summary.csv
-- [L32768 A refine] stride=56B offset=24B pattern=random --
  wrote 31002 lines -> data_raw/upgrade/line_size/level_32768/refine_56_off24_20260912T225539Z.csv
Wrote 31 summary rows to data_processed/upgrade/line_size/level_32768/refine_56_off24_summary.csv
-- [L32768 A refine] stride=64B offset=24B pattern=random --
  wrote 31002 lines -> data_raw/upgrade/line_size/level_32768/refine_64_off24_20260912T225539Z.csv
Wrote 31 summary rows to data_processed/upgrade/line_size/level_32768/refine_64_off24_summary.csv
-- [L32768 A refine] stride=72B offset=24B pattern=random --
  wrote 31002 lines -> data_raw/upgrade/line_size/level_32768/refine_72_off24_20260912T225539Z.csv
Wrote 31 summary rows to data_processed/upgrade/line_size/level_32768/refine_72_off24_summary.csv
-- [L32768 A refine] stride=80B offset=24B pattern=random --
  wrote 31002 lines -> data_raw/upgrade/line_size/level_32768/refine_80_off24_20260912T225539Z.csv
Wrote 31 summary rows to data_processed/upgrade/line_size/level_32768/refine_80_off24_summary.csv
-- [L32768 A refine] stride=88B offset=24B pattern=random --
  wrote 31002 lines -> data_raw/upgrade/line_size/level_32768/refine_88_off24_20260912T225539Z.csv
Wrote 31 summary rows to data_processed/upgrade/line_size/level_32768/refine_88_off24_summary.csv
-- [L32768 A refine] stride=40B offset=32B pattern=random --
  wrote 31002 lines -> data_raw/upgrade/line_size/level_32768/refine_40_off32_20260912T225539Z.csv
Wrote 31 summary rows to data_processed/upgrade/line_size/level_32768/refine_40_off32_summary.csv
-- [L32768 A refine] stride=48B offset=32B pattern=random --
  wrote 31002 lines -> data_raw/upgrade/line_size/level_32768/refine_48_off32_20260912T225539Z.csv
Wrote 31 summary rows to data_processed/upgrade/line_size/level_32768/refine_48_off32_summary.csv
-- [L32768 A refine] stride=56B offset=32B pattern=random --
  wrote 31002 lines -> data_raw/upgrade/line_size/level_32768/refine_56_off32_20260912T225539Z.csv
Wrote 31 summary rows to data_processed/upgrade/line_size/level_32768/refine_56_off32_summary.csv
-- [L32768 A refine] stride=64B offset=32B pattern=random --
  wrote 31002 lines -> data_raw/upgrade/line_size/level_32768/refine_64_off32_20260912T225539Z.csv
Wrote 31 summary rows to data_processed/upgrade/line_size/level_32768/refine_64_off32_summary.csv
-- [L32768 A refine] stride=72B offset=32B pattern=random --
  wrote 31002 lines -> data_raw/upgrade/line_size/level_32768/refine_72_off32_20260912T225539Z.csv
Wrote 31 summary rows to data_processed/upgrade/line_size/level_32768/refine_72_off32_summary.csv
-- [L32768 A refine] stride=80B offset=32B pattern=random --
  wrote 31002 lines -> data_raw/upgrade/line_size/level_32768/refine_80_off32_20260912T225539Z.csv
Wrote 31 summary rows to data_processed/upgrade/line_size/level_32768/refine_80_off32_summary.csv
-- [L32768 A refine] stride=88B offset=32B pattern=random --
  wrote 31002 lines -> data_raw/upgrade/line_size/level_32768/refine_88_off32_20260912T225539Z.csv
Wrote 31 summary rows to data_processed/upgrade/line_size/level_32768/refine_88_off32_summary.csv
-- [L32768 A refine] stride=40B offset=40B pattern=random --
  wrote 31002 lines -> data_raw/upgrade/line_size/level_32768/refine_40_off40_20260912T225539Z.csv
Wrote 31 summary rows to data_processed/upgrade/line_size/level_32768/refine_40_off40_summary.csv
-- [L32768 A refine] stride=48B offset=40B pattern=random --
  wrote 31002 lines -> data_raw/upgrade/line_size/level_32768/refine_48_off40_20260912T225539Z.csv
Wrote 31 summary rows to data_processed/upgrade/line_size/level_32768/refine_48_off40_summary.csv
-- [L32768 A refine] stride=56B offset=40B pattern=random --
  wrote 31002 lines -> data_raw/upgrade/line_size/level_32768/refine_56_off40_20260912T225539Z.csv
Wrote 31 summary rows to data_processed/upgrade/line_size/level_32768/refine_56_off40_summary.csv
-- [L32768 A refine] stride=64B offset=40B pattern=random --
  wrote 31002 lines -> data_raw/upgrade/line_size/level_32768/refine_64_off40_20260912T225539Z.csv
Wrote 31 summary rows to data_processed/upgrade/line_size/level_32768/refine_64_off40_summary.csv
-- [L32768 A refine] stride=72B offset=40B pattern=random --
  wrote 31002 lines -> data_raw/upgrade/line_size/level_32768/refine_72_off40_20260912T225539Z.csv
Wrote 31 summary rows to data_processed/upgrade/line_size/level_32768/refine_72_off40_summary.csv
-- [L32768 A refine] stride=80B offset=40B pattern=random --
  wrote 31002 lines -> data_raw/upgrade/line_size/level_32768/refine_80_off40_20260912T225539Z.csv
Wrote 31 summary rows to data_processed/upgrade/line_size/level_32768/refine_80_off40_summary.csv
-- [L32768 A refine] stride=88B offset=40B pattern=random --
  wrote 31002 lines -> data_raw/upgrade/line_size/level_32768/refine_88_off40_20260912T225539Z.csv
Wrote 31 summary rows to data_processed/upgrade/line_size/level_32768/refine_88_off40_summary.csv
-- [L32768 A refine] stride=40B offset=48B pattern=random --
  wrote 31002 lines -> data_raw/upgrade/line_size/level_32768/refine_40_off48_20260912T225539Z.csv
Wrote 31 summary rows to data_processed/upgrade/line_size/level_32768/refine_40_off48_summary.csv
-- [L32768 A refine] stride=48B offset=48B pattern=random --
  wrote 31002 lines -> data_raw/upgrade/line_size/level_32768/refine_48_off48_20260912T225539Z.csv
Wrote 31 summary rows to data_processed/upgrade/line_size/level_32768/refine_48_off48_summary.csv
-- [L32768 A refine] stride=56B offset=48B pattern=random --
  wrote 31002 lines -> data_raw/upgrade/line_size/level_32768/refine_56_off48_20260912T225539Z.csv
Wrote 31 summary rows to data_processed/upgrade/line_size/level_32768/refine_56_off48_summary.csv
-- [L32768 A refine] stride=64B offset=48B pattern=random --
  wrote 31002 lines -> data_raw/upgrade/line_size/level_32768/refine_64_off48_20260912T225539Z.csv
Wrote 31 summary rows to data_processed/upgrade/line_size/level_32768/refine_64_off48_summary.csv
-- [L32768 A refine] stride=72B offset=48B pattern=random --
  wrote 31002 lines -> data_raw/upgrade/line_size/level_32768/refine_72_off48_20260912T225539Z.csv
Wrote 31 summary rows to data_processed/upgrade/line_size/level_32768/refine_72_off48_summary.csv
-- [L32768 A refine] stride=80B offset=48B pattern=random --
  wrote 31002 lines -> data_raw/upgrade/line_size/level_32768/refine_80_off48_20260912T225539Z.csv
Wrote 31 summary rows to data_processed/upgrade/line_size/level_32768/refine_80_off48_summary.csv
-- [L32768 A refine] stride=88B offset=48B pattern=random --
  wrote 31002 lines -> data_raw/upgrade/line_size/level_32768/refine_88_off48_20260912T225539Z.csv
Wrote 31 summary rows to data_processed/upgrade/line_size/level_32768/refine_88_off48_summary.csv
-- [L32768 A refine] stride=40B offset=56B pattern=random --
  wrote 31002 lines -> data_raw/upgrade/line_size/level_32768/refine_40_off56_20260912T225539Z.csv
Wrote 31 summary rows to data_processed/upgrade/line_size/level_32768/refine_40_off56_summary.csv
-- [L32768 A refine] stride=48B offset=56B pattern=random --
  wrote 31002 lines -> data_raw/upgrade/line_size/level_32768/refine_48_off56_20260912T225539Z.csv
Wrote 31 summary rows to data_processed/upgrade/line_size/level_32768/refine_48_off56_summary.csv
-- [L32768 A refine] stride=56B offset=56B pattern=random --
  wrote 31002 lines -> data_raw/upgrade/line_size/level_32768/refine_56_off56_20260912T225539Z.csv
Wrote 31 summary rows to data_processed/upgrade/line_size/level_32768/refine_56_off56_summary.csv
-- [L32768 A refine] stride=64B offset=56B pattern=random --
  wrote 31002 lines -> data_raw/upgrade/line_size/level_32768/refine_64_off56_20260912T225539Z.csv
Wrote 31 summary rows to data_processed/upgrade/line_size/level_32768/refine_64_off56_summary.csv
-- [L32768 A refine] stride=72B offset=56B pattern=random --
  wrote 31002 lines -> data_raw/upgrade/line_size/level_32768/refine_72_off56_20260912T225539Z.csv
Wrote 31 summary rows to data_processed/upgrade/line_size/level_32768/refine_72_off56_summary.csv
-- [L32768 A refine] stride=80B offset=56B pattern=random --
  wrote 31002 lines -> data_raw/upgrade/line_size/level_32768/refine_80_off56_20260912T225539Z.csv
Wrote 31 summary rows to data_processed/upgrade/line_size/level_32768/refine_80_off56_summary.csv
-- [L32768 A refine] stride=88B offset=56B pattern=random --
  wrote 31002 lines -> data_raw/upgrade/line_size/level_32768/refine_88_off56_20260912T225539Z.csv
Wrote 31 summary rows to data_processed/upgrade/line_size/level_32768/refine_88_off56_summary.csv
-- [L32768 A step 4] generating cross-alignment confirmation plots --
/home/krchen/Proj1-Cache-Reverse-Engineering/scripts/plot_line_size_offset.py:77: MatplotlibDeprecationWarning: The get_cmap function was deprecated in Matplotlib 3.7 and will be removed in 3.11. Use ``matplotlib.colormaps[name]`` or ``matplotlib.colormaps.get_cmap()`` or ``pyplot.get_cmap()`` instead.
  cmap = cm.get_cmap("plasma", max(len(offsets), 2))
Wrote data_processed/upgrade/line_size/level_32768/plots/line_size_offset_elbow.pdf and .png
/home/krchen/Proj1-Cache-Reverse-Engineering/scripts/plot_line_size_offset.py:143: MatplotlibDeprecationWarning: The get_cmap function was deprecated in Matplotlib 3.7 and will be removed in 3.11. Use ``matplotlib.colormaps[name]`` or ``matplotlib.colormaps.get_cmap()`` or ``pyplot.get_cmap()`` instead.
  cmap = cm.get_cmap("plasma", max(len(offsets), 2))
Wrote data_processed/upgrade/line_size/level_32768/plots/line_size_offset_boxplots.pdf and .png
-- elbow footprint by (offset, stride):
   offset=0B: {40: 58360, 48: 46320, 56: 92680, 64: 36736, 72: 46296, 80: 46320, 88: 52008}
   offset=8B: {40: 52000, 48: 46320, 56: 51968, 64: 36736, 72: 46296, 80: 52000, 88: 52008}
   offset=16B: {40: 52000, 48: 65520, 56: 41272, 64: 65536, 72: 41256, 80: 52000, 88: 116688}
   offset=24B: {40: 52000, 48: 46320, 56: 41272, 64: 92672, 72: 46296, 80: 46320, 88: 52008}
   offset=32B: {40: 52000, 48: 92640, 56: 41272, 64: 36736, 72: 82512, 80: 52000, 88: 52008}
   offset=40B: {48: 46320, 56: 41272, 64: 104000, 72: 41256, 80: 46320, 88: 52008}
   offset=48B: {40: 52000, 56: 82544, 64: 36736, 80: 46320, 88: 58344}
   offset=56B: {40: 52000, 48: 46320, 56: 41272, 64: 36736, 72: 46296, 80: 46320, 88: 52008}
-- candidate stride 64B: elbow varies 2.83x across offsets (36736-104000 bytes) -- transition may be alignment-sensitive, do not cite this candidate as a clean line-size result without further investigation

-- [L32768 B] single-curve method, footprint_bytes=65536 (2.0x boundary) --
-- [L32768 B coarse] stride 8-1024 bytes (step 8) --
  wrote 128002 lines -> data_raw/upgrade/line_size/level_32768/singlecurve_coarse_random_20260912T225539Z.csv
  wrote 128002 lines -> data_raw/upgrade/line_size/level_32768/singlecurve_coarse_sequential_20260912T225539Z.csv
Wrote 128 summary rows to data_processed/upgrade/line_size/level_32768/singlecurve_coarse_random_summary.csv
Wrote 128 summary rows to data_processed/upgrade/line_size/level_32768/singlecurve_coarse_sequential_summary.csv
-- [L32768 B] detected line-size estimate (bytes): 64 --
-- [L32768 B] dense sweep around estimate 64 bytes: 32-129 (step 1) --
  wrote 98002 lines -> data_raw/upgrade/line_size/level_32768/singlecurve_dense_random_20260912T225539Z.csv
  wrote 98002 lines -> data_raw/upgrade/line_size/level_32768/singlecurve_dense_sequential_20260912T225539Z.csv
Wrote 98 summary rows to data_processed/upgrade/line_size/level_32768/singlecurve_dense_random_summary.csv
Wrote 98 summary rows to data_processed/upgrade/line_size/level_32768/singlecurve_dense_sequential_summary.csv
  -- [L32768 B] repeat 1/2 of the dense window --
  wrote 98002 lines -> data_raw/upgrade/line_size/level_32768/singlecurve_dense_rep1_random_20260912T225539Z.csv
  wrote 98002 lines -> data_raw/upgrade/line_size/level_32768/singlecurve_dense_rep1_sequential_20260912T225539Z.csv
Wrote 98 summary rows to data_processed/upgrade/line_size/level_32768/singlecurve_dense_rep1_random_summary.csv
Wrote 98 summary rows to data_processed/upgrade/line_size/level_32768/singlecurve_dense_rep1_sequential_summary.csv
  -- [L32768 B] repeat 2/2 of the dense window --
  wrote 98002 lines -> data_raw/upgrade/line_size/level_32768/singlecurve_dense_rep2_random_20260912T225539Z.csv
  wrote 98002 lines -> data_raw/upgrade/line_size/level_32768/singlecurve_dense_rep2_sequential_20260912T225539Z.csv
Wrote 98 summary rows to data_processed/upgrade/line_size/level_32768/singlecurve_dense_rep2_random_summary.csv
Wrote 98 summary rows to data_processed/upgrade/line_size/level_32768/singlecurve_dense_rep2_sequential_summary.csv
-- [L32768 B] generating single-curve plots --
  note: 47B (random) has 3 overlapping summary rows with medians [14.3, 11.0, 10.7] (spread 3.6 ticks, 29.8%) -- averaging, widening whiskers to the union
  note: 40B (sequential) has 4 overlapping summary rows with medians [9.4, 7.1, 7.1, 9.4] (spread 2.3 ticks, 27.9%) -- averaging, widening whiskers to the union
  note: 48B (sequential) has 4 overlapping summary rows with medians [10.1, 7.7, 7.6, 7.7] (spread 2.4 ticks, 29.5%) -- averaging, widening whiskers to the union
  note: 56B (sequential) has 4 overlapping summary rows with medians [10.7, 8.1, 7.9, 8.2] (spread 2.8 ticks, 31.9%) -- averaging, widening whiskers to the union
  note: 33B (sequential) has 3 overlapping summary rows with medians [7.2, 9.8, 9.8] (spread 2.6 ticks, 29.2%) -- averaging, widening whiskers to the union
  note: 34B (sequential) has 3 overlapping summary rows with medians [7.2, 7.2, 9.8] (spread 2.6 ticks, 32.1%) -- averaging, widening whiskers to the union
  note: 35B (sequential) has 3 overlapping summary rows with medians [7.4, 7.4, 10.0] (spread 2.7 ticks, 32.1%) -- averaging, widening whiskers to the union
  note: 36B (sequential) has 3 overlapping summary rows with medians [7.2, 7.2, 9.7] (spread 2.5 ticks, 30.7%) -- averaging, widening whiskers to the union
  note: 37B (sequential) has 3 overlapping summary rows with medians [7.5, 7.5, 10.2] (spread 2.6 ticks, 31.3%) -- averaging, widening whiskers to the union
  note: 38B (sequential) has 3 overlapping summary rows with medians [7.5, 7.5, 10.1] (spread 2.6 ticks, 30.7%) -- averaging, widening whiskers to the union
  note: 39B (sequential) has 3 overlapping summary rows with medians [7.7, 7.7, 10.3] (spread 2.7 ticks, 31.1%) -- averaging, widening whiskers to the union
  note: 41B (sequential) has 3 overlapping summary rows with medians [7.8, 7.8, 10.5] (spread 2.7 ticks, 30.5%) -- averaging, widening whiskers to the union
  note: 42B (sequential) has 3 overlapping summary rows with medians [7.8, 7.8, 10.4] (spread 2.6 ticks, 29.9%) -- averaging, widening whiskers to the union
  note: flagged 3 isolated spike stride(s) as probable page-aliasing artifacts: [256, 512, 1024]
Wrote data_processed/upgrade/line_size/level_32768/plots/line_size_curve.pdf and .png
Wrote data_processed/upgrade/line_size/level_32768/plots/line_size_boxplots.pdf and .png

############################################################
## LEVEL boundary=262144B -- Method A window=[32768,1048576] bytes
############################################################
-- [L262144 A coarse] stride=8B pattern=random offset=0B --
  wrote 31002 lines -> data_raw/upgrade/line_size/level_262144/family_8_random_20260912T225539Z.csv
Wrote 31 summary rows to data_processed/upgrade/line_size/level_262144/family_8_random_summary.csv
-- [L262144 A coarse] stride=8B pattern=sequential offset=0B --
  wrote 31002 lines -> data_raw/upgrade/line_size/level_262144/family_8_sequential_20260912T225539Z.csv
Wrote 31 summary rows to data_processed/upgrade/line_size/level_262144/family_8_sequential_summary.csv
-- [L262144 A coarse] stride=16B pattern=random offset=0B --
  wrote 31002 lines -> data_raw/upgrade/line_size/level_262144/family_16_random_20260912T225539Z.csv
Wrote 31 summary rows to data_processed/upgrade/line_size/level_262144/family_16_random_summary.csv
-- [L262144 A coarse] stride=16B pattern=sequential offset=0B --
  wrote 31002 lines -> data_raw/upgrade/line_size/level_262144/family_16_sequential_20260912T225539Z.csv
Wrote 31 summary rows to data_processed/upgrade/line_size/level_262144/family_16_sequential_summary.csv
-- [L262144 A coarse] stride=32B pattern=random offset=0B --
  wrote 31002 lines -> data_raw/upgrade/line_size/level_262144/family_32_random_20260912T225539Z.csv
Wrote 31 summary rows to data_processed/upgrade/line_size/level_262144/family_32_random_summary.csv
-- [L262144 A coarse] stride=32B pattern=sequential offset=0B --
  wrote 31002 lines -> data_raw/upgrade/line_size/level_262144/family_32_sequential_20260912T225539Z.csv
Wrote 31 summary rows to data_processed/upgrade/line_size/level_262144/family_32_sequential_summary.csv
-- [L262144 A coarse] stride=64B pattern=random offset=0B --
  wrote 31002 lines -> data_raw/upgrade/line_size/level_262144/family_64_random_20260912T225539Z.csv
Wrote 31 summary rows to data_processed/upgrade/line_size/level_262144/family_64_random_summary.csv
-- [L262144 A coarse] stride=64B pattern=sequential offset=0B --
  wrote 31002 lines -> data_raw/upgrade/line_size/level_262144/family_64_sequential_20260912T225539Z.csv
Wrote 31 summary rows to data_processed/upgrade/line_size/level_262144/family_64_sequential_summary.csv
-- [L262144 A coarse] stride=128B pattern=random offset=0B --
  wrote 31002 lines -> data_raw/upgrade/line_size/level_262144/family_128_random_20260912T225539Z.csv
Wrote 31 summary rows to data_processed/upgrade/line_size/level_262144/family_128_random_summary.csv
-- [L262144 A coarse] stride=128B pattern=sequential offset=0B --
  wrote 31002 lines -> data_raw/upgrade/line_size/level_262144/family_128_sequential_20260912T225539Z.csv
Wrote 31 summary rows to data_processed/upgrade/line_size/level_262144/family_128_sequential_summary.csv
-- [L262144 A coarse] stride=256B pattern=random offset=0B --
  wrote 31002 lines -> data_raw/upgrade/line_size/level_262144/family_256_random_20260912T225539Z.csv
Wrote 31 summary rows to data_processed/upgrade/line_size/level_262144/family_256_random_summary.csv
-- [L262144 A coarse] stride=256B pattern=sequential offset=0B --
  wrote 31002 lines -> data_raw/upgrade/line_size/level_262144/family_256_sequential_20260912T225539Z.csv
Wrote 31 summary rows to data_processed/upgrade/line_size/level_262144/family_256_sequential_summary.csv
-- [L262144 A steps 1-3] generating coarse family-of-curves plots --
/home/krchen/Proj1-Cache-Reverse-Engineering/scripts/plot_line_size_family.py:163: MatplotlibDeprecationWarning: The get_cmap function was deprecated in Matplotlib 3.7 and will be removed in 3.11. Use ``matplotlib.colormaps[name]`` or ``matplotlib.colormaps.get_cmap()`` or ``pyplot.get_cmap()`` instead.
  cmap = cm.get_cmap("viridis", max(len(strides), 2))
Wrote data_processed/upgrade/line_size/level_262144/plots/line_size_family_curve.pdf and .png
-- per-stride elbow (bytes): {8B: 588488, 16B: 588480, 32B: 588480, 64B: 524288, 128B: 524288, 256B: 466944}
-- line-size estimate: smallest candidate stride whose elbow agrees with largest tested stride (~466944 bytes) is 64B -- see infer_line_size's docstring caveat on the fixed grid resolution before citing this as a clean line-size number on its own
/home/krchen/Proj1-Cache-Reverse-Engineering/scripts/plot_line_size_family.py:277: MatplotlibDeprecationWarning: The get_cmap function was deprecated in Matplotlib 3.7 and will be removed in 3.11. Use ``matplotlib.colormaps[name]`` or ``matplotlib.colormaps.get_cmap()`` or ``pyplot.get_cmap()`` instead.
  cmap = cm.get_cmap("viridis", max(len(strides), 2))
Wrote data_processed/upgrade/line_size/level_262144/plots/line_size_family_boxplots.pdf and .png
   (the per-stride elbow / line-size-estimate lines just above are
   plot_line_size_family.py's own diagnostic guess from ONE un-repeated coarse
   sweep -- NOT auto-applied below; see data_processed/upgrade/line_size/level_262144/plots/line_size_family_curve.png
   and decide the step-4 candidate yourself)
== [L262144 A] no candidate given for this level -- inspect
   data_processed/upgrade/line_size/level_262144/plots/line_size_family_curve.png yourself and re-run with an
   explicit candidate stride in candidate_overrides_csv for this level (no
   auto-detection: it proved unreliable across runs/cores, see the script's
   header comment). Skipping Method-A step 4.

-- [L262144 B] single-curve method, footprint_bytes=524288 (2.0x boundary) --
-- [L262144 B coarse] stride 8-1024 bytes (step 8) --
  wrote 128002 lines -> data_raw/upgrade/line_size/level_262144/singlecurve_coarse_random_20260912T225539Z.csv
  wrote 128002 lines -> data_raw/upgrade/line_size/level_262144/singlecurve_coarse_sequential_20260912T225539Z.csv
Wrote 128 summary rows to data_processed/upgrade/line_size/level_262144/singlecurve_coarse_random_summary.csv
Wrote 128 summary rows to data_processed/upgrade/line_size/level_262144/singlecurve_coarse_sequential_summary.csv
-- [L262144 B] detected line-size estimate (bytes): none --
-- [L262144 B] no transition detected in the coarse sweep; skipping dense/repeat stages --
-- [L262144 B] generating single-curve plots --
  note: flagged 4 isolated spike stride(s) as probable page-aliasing artifacts: [256, 512, 768, 1024]
Wrote data_processed/upgrade/line_size/level_262144/plots/line_size_curve.pdf and .png
Wrote data_processed/upgrade/line_size/level_262144/plots/line_size_boxplots.pdf and .png

############################################################
## LEVEL boundary=12582912B -- Method A window=[1572864,50331648] bytes
############################################################
-- [L12582912 A coarse] stride=8B pattern=random offset=0B --
  wrote 31002 lines -> data_raw/upgrade/line_size/level_12582912/family_8_random_20260912T225539Z.csv
Wrote 31 summary rows to data_processed/upgrade/line_size/level_12582912/family_8_random_summary.csv
-- [L12582912 A coarse] stride=8B pattern=sequential offset=0B --
  wrote 31002 lines -> data_raw/upgrade/line_size/level_12582912/family_8_sequential_20260912T225539Z.csv
Wrote 31 summary rows to data_processed/upgrade/line_size/level_12582912/family_8_sequential_summary.csv
-- [L12582912 A coarse] stride=16B pattern=random offset=0B --
  wrote 31002 lines -> data_raw/upgrade/line_size/level_12582912/family_16_random_20260912T225539Z.csv
Wrote 31 summary rows to data_processed/upgrade/line_size/level_12582912/family_16_random_summary.csv
-- [L12582912 A coarse] stride=16B pattern=sequential offset=0B --
  wrote 31002 lines -> data_raw/upgrade/line_size/level_12582912/family_16_sequential_20260912T225539Z.csv
Wrote 31 summary rows to data_processed/upgrade/line_size/level_12582912/family_16_sequential_summary.csv
-- [L12582912 A coarse] stride=32B pattern=random offset=0B --
  wrote 31002 lines -> data_raw/upgrade/line_size/level_12582912/family_32_random_20260912T225539Z.csv
Wrote 31 summary rows to data_processed/upgrade/line_size/level_12582912/family_32_random_summary.csv
-- [L12582912 A coarse] stride=32B pattern=sequential offset=0B --
  wrote 31002 lines -> data_raw/upgrade/line_size/level_12582912/family_32_sequential_20260912T225539Z.csv
Wrote 31 summary rows to data_processed/upgrade/line_size/level_12582912/family_32_sequential_summary.csv
-- [L12582912 A coarse] stride=64B pattern=random offset=0B --
  wrote 31002 lines -> data_raw/upgrade/line_size/level_12582912/family_64_random_20260912T225539Z.csv
Wrote 31 summary rows to data_processed/upgrade/line_size/level_12582912/family_64_random_summary.csv
-- [L12582912 A coarse] stride=64B pattern=sequential offset=0B --
  wrote 31002 lines -> data_raw/upgrade/line_size/level_12582912/family_64_sequential_20260912T225539Z.csv
Wrote 31 summary rows to data_processed/upgrade/line_size/level_12582912/family_64_sequential_summary.csv
-- [L12582912 A coarse] stride=128B pattern=random offset=0B --
  wrote 31002 lines -> data_raw/upgrade/line_size/level_12582912/family_128_random_20260912T225539Z.csv
Wrote 31 summary rows to data_processed/upgrade/line_size/level_12582912/family_128_random_summary.csv
-- [L12582912 A coarse] stride=128B pattern=sequential offset=0B --
  wrote 31002 lines -> data_raw/upgrade/line_size/level_12582912/family_128_sequential_20260912T225539Z.csv
Wrote 31 summary rows to data_processed/upgrade/line_size/level_12582912/family_128_sequential_summary.csv
-- [L12582912 A coarse] stride=256B pattern=random offset=0B --
  wrote 31002 lines -> data_raw/upgrade/line_size/level_12582912/family_256_random_20260912T225539Z.csv
Wrote 31 summary rows to data_processed/upgrade/line_size/level_12582912/family_256_random_summary.csv
-- [L12582912 A coarse] stride=256B pattern=sequential offset=0B --
  wrote 31002 lines -> data_raw/upgrade/line_size/level_12582912/family_256_sequential_20260912T225539Z.csv
Wrote 31 summary rows to data_processed/upgrade/line_size/level_12582912/family_256_sequential_summary.csv
-- [L12582912 A steps 1-3] generating coarse family-of-curves plots --
/home/krchen/Proj1-Cache-Reverse-Engineering/scripts/plot_line_size_family.py:163: MatplotlibDeprecationWarning: The get_cmap function was deprecated in Matplotlib 3.7 and will be removed in 3.11. Use ``matplotlib.colormaps[name]`` or ``matplotlib.colormaps.get_cmap()`` or ``pyplot.get_cmap()`` instead.
  cmap = cm.get_cmap("viridis", max(len(strides), 2))
Wrote data_processed/upgrade/line_size/level_12582912/plots/line_size_family_curve.pdf and .png
-- per-stride elbow (bytes): {8B: 31706944, 16B: 28247680, 32B: 22420192, 64B: 17794880, 128B: 28247680, 256B: 28247552}
-- line-size estimate: smallest candidate stride whose elbow agrees with largest tested stride (~28247552 bytes) is 8B -- see infer_line_size's docstring caveat on the fixed grid resolution before citing this as a clean line-size number on its own
/home/krchen/Proj1-Cache-Reverse-Engineering/scripts/plot_line_size_family.py:277: MatplotlibDeprecationWarning: The get_cmap function was deprecated in Matplotlib 3.7 and will be removed in 3.11. Use ``matplotlib.colormaps[name]`` or ``matplotlib.colormaps.get_cmap()`` or ``pyplot.get_cmap()`` instead.
  cmap = cm.get_cmap("viridis", max(len(strides), 2))
Wrote data_processed/upgrade/line_size/level_12582912/plots/line_size_family_boxplots.pdf and .png
   (the per-stride elbow / line-size-estimate lines just above are
   plot_line_size_family.py's own diagnostic guess from ONE un-repeated coarse
   sweep -- NOT auto-applied below; see data_processed/upgrade/line_size/level_12582912/plots/line_size_family_curve.png
   and decide the step-4 candidate yourself)
== [L12582912 A] no candidate given for this level -- inspect
   data_processed/upgrade/line_size/level_12582912/plots/line_size_family_curve.png yourself and re-run with an
   explicit candidate stride in candidate_overrides_csv for this level (no
   auto-detection: it proved unreliable across runs/cores, see the script's
   header comment). Skipping Method-A step 4.

-- [L12582912 B] single-curve method, footprint_bytes=25165824 (2.0x boundary) --
-- [L12582912 B coarse] stride 8-1024 bytes (step 8) --
  wrote 128002 lines -> data_raw/upgrade/line_size/level_12582912/singlecurve_coarse_random_20260912T225539Z.csv
  wrote 128002 lines -> data_raw/upgrade/line_size/level_12582912/singlecurve_coarse_sequential_20260912T225539Z.csv
Wrote 128 summary rows to data_processed/upgrade/line_size/level_12582912/singlecurve_coarse_random_summary.csv
Wrote 128 summary rows to data_processed/upgrade/line_size/level_12582912/singlecurve_coarse_sequential_summary.csv
-- [L12582912 B] detected line-size estimate (bytes): none --
-- [L12582912 B] no transition detected in the coarse sweep; skipping dense/repeat stages --
-- [L12582912 B] generating single-curve plots --
  note: flagged 8 isolated spike stride(s) as probable page-aliasing artifacts: [192, 256, 512, 768, 840, 896, 920, 1024]
Wrote data_processed/upgrade/line_size/level_12582912/plots/line_size_curve.pdf and .png
Wrote data_processed/upgrade/line_size/level_12582912/plots/line_size_boxplots.pdf and .png

############################################################
## step 5: cross-level, cross-method agreement summary
############################################################
   level boundary=32768B -> method A (family of curves) = 64B, method B (single curve) = 64B
   level boundary=262144B -> method A (family of curves) = noneB, method B (single curve) = noneB
   level boundary=12582912B -> method A (family of curves) = noneB, method B (single curve) = noneB
== every level/method that produced an estimate AGREES on 64B -- strong Phase-I evidence ==
== done: all levels, both methods, complete ==
== this is a FROZEN PHASE-I TIMING-ONLY result -- compare against PMU counters
   and the documented/system-reported line size in Phase II before treating it as
   confirmed (see README.md's Phase I/II/III discipline).
== plots per level: data_processed/upgrade/line_size/level_<boundary>/plots/line_size_family_{curve,boxplots}.{png,pdf} (A, steps 1-3),
          .../line_size_offset_{elbow,boxplots}.{png,pdf} (A, step 4), .../line_size_{curve,boxplots}.{png,pdf} (B) ==
== record in data_raw/upgrade/README.md: boundaries=32768,262144,12582912, core=5,
   seed=12345, samples=1000000, coarse_strides=8,16,32,64,128,256, per-level/per-method estimates as above,
   timestamp=20260912T225539Z ==
== full transcript saved to: data_raw/upgrade/line_size/run_line_size_20260912T225539Z.log ==
