== run_line_size: machine=upgrade core=5 seed=12345 ==
== timestamp=20260913T142546Z boundaries=262144,12582912 coarse_strides=8,16,32,64,128,256 ==

############################################################
## LEVEL boundary=262144B -- Method A window=[32768,1048576] bytes
############################################################
-- [L262144 A coarse] stride=8B pattern=random offset=0B --
  wrote 31002 lines -> data_raw/upgrade/line_size/level_262144/family_8_random_20260913T142546Z.csv
Wrote 31 summary rows to data_processed/upgrade/line_size/level_262144/family_8_random_summary.csv
-- [L262144 A coarse] stride=8B pattern=sequential offset=0B --
  wrote 31002 lines -> data_raw/upgrade/line_size/level_262144/family_8_sequential_20260913T142546Z.csv
Wrote 31 summary rows to data_processed/upgrade/line_size/level_262144/family_8_sequential_summary.csv
-- [L262144 A coarse] stride=16B pattern=random offset=0B --
  wrote 31002 lines -> data_raw/upgrade/line_size/level_262144/family_16_random_20260913T142546Z.csv
Wrote 31 summary rows to data_processed/upgrade/line_size/level_262144/family_16_random_summary.csv
-- [L262144 A coarse] stride=16B pattern=sequential offset=0B --
  wrote 31002 lines -> data_raw/upgrade/line_size/level_262144/family_16_sequential_20260913T142546Z.csv
Wrote 31 summary rows to data_processed/upgrade/line_size/level_262144/family_16_sequential_summary.csv
-- [L262144 A coarse] stride=32B pattern=random offset=0B --
  wrote 31002 lines -> data_raw/upgrade/line_size/level_262144/family_32_random_20260913T142546Z.csv
Wrote 31 summary rows to data_processed/upgrade/line_size/level_262144/family_32_random_summary.csv
-- [L262144 A coarse] stride=32B pattern=sequential offset=0B --
  wrote 31002 lines -> data_raw/upgrade/line_size/level_262144/family_32_sequential_20260913T142546Z.csv
Wrote 31 summary rows to data_processed/upgrade/line_size/level_262144/family_32_sequential_summary.csv
-- [L262144 A coarse] stride=64B pattern=random offset=0B --
  wrote 31002 lines -> data_raw/upgrade/line_size/level_262144/family_64_random_20260913T142546Z.csv
Wrote 31 summary rows to data_processed/upgrade/line_size/level_262144/family_64_random_summary.csv
-- [L262144 A coarse] stride=64B pattern=sequential offset=0B --
  wrote 31002 lines -> data_raw/upgrade/line_size/level_262144/family_64_sequential_20260913T142546Z.csv
Wrote 31 summary rows to data_processed/upgrade/line_size/level_262144/family_64_sequential_summary.csv
-- [L262144 A coarse] stride=128B pattern=random offset=0B --
  wrote 31002 lines -> data_raw/upgrade/line_size/level_262144/family_128_random_20260913T142546Z.csv
Wrote 31 summary rows to data_processed/upgrade/line_size/level_262144/family_128_random_summary.csv
-- [L262144 A coarse] stride=128B pattern=sequential offset=0B --
  wrote 31002 lines -> data_raw/upgrade/line_size/level_262144/family_128_sequential_20260913T142546Z.csv
Wrote 31 summary rows to data_processed/upgrade/line_size/level_262144/family_128_sequential_summary.csv
-- [L262144 A coarse] stride=256B pattern=random offset=0B --
  wrote 31002 lines -> data_raw/upgrade/line_size/level_262144/family_256_random_20260913T142546Z.csv
Wrote 31 summary rows to data_processed/upgrade/line_size/level_262144/family_256_random_summary.csv
-- [L262144 A coarse] stride=256B pattern=sequential offset=0B --
  wrote 31002 lines -> data_raw/upgrade/line_size/level_262144/family_256_sequential_20260913T142546Z.csv
Wrote 31 summary rows to data_processed/upgrade/line_size/level_262144/family_256_sequential_summary.csv
-- [L262144 A steps 1-3] generating coarse family-of-curves plots --
/home/krchen/Proj1-Cache-Reverse-Engineering/scripts/plot_line_size_family.py:163: MatplotlibDeprecationWarning: The get_cmap function was deprecated in Matplotlib 3.7 and will be removed in 3.11. Use ``matplotlib.colormaps[name]`` or ``matplotlib.colormaps.get_cmap()`` or ``pyplot.get_cmap()`` instead.
  cmap = cm.get_cmap("viridis", max(len(strides), 2))
Wrote data_processed/upgrade/line_size/level_262144/plots/line_size_family_curve.pdf and .png
-- per-stride elbow (bytes): {8B: 588488, 16B: 588480, 32B: 588480, 64B: 524288, 128B: 416128, 256B: 416000}
-- line-size estimate: smallest candidate stride whose elbow agrees with largest tested stride (~416000 bytes) is 128B -- see infer_line_size's docstring caveat on the fixed grid resolution before citing this as a clean line-size number on its own
/home/krchen/Proj1-Cache-Reverse-Engineering/scripts/plot_line_size_family.py:277: MatplotlibDeprecationWarning: The get_cmap function was deprecated in Matplotlib 3.7 and will be removed in 3.11. Use ``matplotlib.colormaps[name]`` or ``matplotlib.colormaps.get_cmap()`` or ``pyplot.get_cmap()`` instead.
  cmap = cm.get_cmap("viridis", max(len(strides), 2))
Wrote data_processed/upgrade/line_size/level_262144/plots/line_size_family_boxplots.pdf and .png
   (the per-stride elbow / line-size-estimate lines just above are
   plot_line_size_family.py's own diagnostic guess from ONE un-repeated coarse
   sweep -- NOT auto-applied below; see data_processed/upgrade/line_size/level_262144/plots/line_size_family_curve.png
   and decide the step-4 candidate yourself)
== [L262144 A] no candidate given for this level -- inspect
   data_processed/upgrade/line_size/level_262144/plots/line_size_family_curve.png yourself and re-run with an
   explicit candidate stride in candidate_overrides_csv for this level (no
   auto-detection: it proved unreliable across runs/cores, see the script's
   header comment). Skipping Method-A step 4.

-- [L262144 B] single-curve method, footprint_bytes=524288 (2.0x boundary) --
-- [L262144 B coarse] stride 8-1024 bytes (step 8) --
  wrote 128002 lines -> data_raw/upgrade/line_size/level_262144/singlecurve_coarse_random_20260913T142546Z.csv
  wrote 128002 lines -> data_raw/upgrade/line_size/level_262144/singlecurve_coarse_sequential_20260913T142546Z.csv
Wrote 128 summary rows to data_processed/upgrade/line_size/level_262144/singlecurve_coarse_random_summary.csv
Wrote 128 summary rows to data_processed/upgrade/line_size/level_262144/singlecurve_coarse_sequential_summary.csv
-- [L262144 B] detected line-size estimate (bytes): none --
-- [L262144 B] no transition detected in the coarse sweep; skipping dense/repeat stages --
-- [L262144 B] generating single-curve plots --
  note: flagged 3 isolated spike stride(s) as probable page-aliasing artifacts: [256, 512, 1024]
Wrote data_processed/upgrade/line_size/level_262144/plots/line_size_curve.pdf and .png
Wrote data_processed/upgrade/line_size/level_262144/plots/line_size_boxplots.pdf and .png

############################################################
## LEVEL boundary=12582912B -- Method A window=[1572864,50331648] bytes
############################################################
-- [L12582912 A coarse] stride=8B pattern=random offset=0B --
  wrote 31002 lines -> data_raw/upgrade/line_size/level_12582912/family_8_random_20260913T142546Z.csv
Wrote 31 summary rows to data_processed/upgrade/line_size/level_12582912/family_8_random_summary.csv
-- [L12582912 A coarse] stride=8B pattern=sequential offset=0B --
  wrote 31002 lines -> data_raw/upgrade/line_size/level_12582912/family_8_sequential_20260913T142546Z.csv
Wrote 31 summary rows to data_processed/upgrade/line_size/level_12582912/family_8_sequential_summary.csv
-- [L12582912 A coarse] stride=16B pattern=random offset=0B --
  wrote 31002 lines -> data_raw/upgrade/line_size/level_12582912/family_16_random_20260913T142546Z.csv
Wrote 31 summary rows to data_processed/upgrade/line_size/level_12582912/family_16_random_summary.csv
-- [L12582912 A coarse] stride=16B pattern=sequential offset=0B --
  wrote 31002 lines -> data_raw/upgrade/line_size/level_12582912/family_16_sequential_20260913T142546Z.csv
Wrote 31 summary rows to data_processed/upgrade/line_size/level_12582912/family_16_sequential_summary.csv
-- [L12582912 A coarse] stride=32B pattern=random offset=0B --
  wrote 31002 lines -> data_raw/upgrade/line_size/level_12582912/family_32_random_20260913T142546Z.csv
Wrote 31 summary rows to data_processed/upgrade/line_size/level_12582912/family_32_random_summary.csv
-- [L12582912 A coarse] stride=32B pattern=sequential offset=0B --
  wrote 31002 lines -> data_raw/upgrade/line_size/level_12582912/family_32_sequential_20260913T142546Z.csv
Wrote 31 summary rows to data_processed/upgrade/line_size/level_12582912/family_32_sequential_summary.csv
-- [L12582912 A coarse] stride=64B pattern=random offset=0B --
  wrote 31002 lines -> data_raw/upgrade/line_size/level_12582912/family_64_random_20260913T142546Z.csv
Wrote 31 summary rows to data_processed/upgrade/line_size/level_12582912/family_64_random_summary.csv
-- [L12582912 A coarse] stride=64B pattern=sequential offset=0B --
  wrote 31002 lines -> data_raw/upgrade/line_size/level_12582912/family_64_sequential_20260913T142546Z.csv
Wrote 31 summary rows to data_processed/upgrade/line_size/level_12582912/family_64_sequential_summary.csv
-- [L12582912 A coarse] stride=128B pattern=random offset=0B --
  wrote 31002 lines -> data_raw/upgrade/line_size/level_12582912/family_128_random_20260913T142546Z.csv
Wrote 31 summary rows to data_processed/upgrade/line_size/level_12582912/family_128_random_summary.csv
-- [L12582912 A coarse] stride=128B pattern=sequential offset=0B --
  wrote 31002 lines -> data_raw/upgrade/line_size/level_12582912/family_128_sequential_20260913T142546Z.csv
Wrote 31 summary rows to data_processed/upgrade/line_size/level_12582912/family_128_sequential_summary.csv
-- [L12582912 A coarse] stride=256B pattern=random offset=0B --
  wrote 31002 lines -> data_raw/upgrade/line_size/level_12582912/family_256_random_20260913T142546Z.csv
Wrote 31 summary rows to data_processed/upgrade/line_size/level_12582912/family_256_random_summary.csv
-- [L12582912 A coarse] stride=256B pattern=sequential offset=0B --
  wrote 31002 lines -> data_raw/upgrade/line_size/level_12582912/family_256_sequential_20260913T142546Z.csv
Wrote 31 summary rows to data_processed/upgrade/line_size/level_12582912/family_256_sequential_summary.csv
-- [L12582912 A steps 1-3] generating coarse family-of-curves plots --
/home/krchen/Proj1-Cache-Reverse-Engineering/scripts/plot_line_size_family.py:163: MatplotlibDeprecationWarning: The get_cmap function was deprecated in Matplotlib 3.7 and will be removed in 3.11. Use ``matplotlib.colormaps[name]`` or ``matplotlib.colormaps.get_cmap()`` or ``pyplot.get_cmap()`` instead.
  cmap = cm.get_cmap("viridis", max(len(strides), 2))
Wrote data_processed/upgrade/line_size/level_12582912/plots/line_size_family_curve.pdf and .png
-- per-stride elbow (bytes): {8B: 31706944, 16B: 28247680, 32B: 28247680, 64B: 22420160, 128B: 31706880, 256B: 31706880}
-- line-size estimate: smallest candidate stride whose elbow agrees with largest tested stride (~31706880 bytes) is 8B -- see infer_line_size's docstring caveat on the fixed grid resolution before citing this as a clean line-size number on its own
/home/krchen/Proj1-Cache-Reverse-Engineering/scripts/plot_line_size_family.py:277: MatplotlibDeprecationWarning: The get_cmap function was deprecated in Matplotlib 3.7 and will be removed in 3.11. Use ``matplotlib.colormaps[name]`` or ``matplotlib.colormaps.get_cmap()`` or ``pyplot.get_cmap()`` instead.
  cmap = cm.get_cmap("viridis", max(len(strides), 2))
Wrote data_processed/upgrade/line_size/level_12582912/plots/line_size_family_boxplots.pdf and .png
   (the per-stride elbow / line-size-estimate lines just above are
   plot_line_size_family.py's own diagnostic guess from ONE un-repeated coarse
   sweep -- NOT auto-applied below; see data_processed/upgrade/line_size/level_12582912/plots/line_size_family_curve.png
   and decide the step-4 candidate yourself)
== [L12582912 A] no candidate given for this level -- inspect
   data_processed/upgrade/line_size/level_12582912/plots/line_size_family_curve.png yourself and re-run with an
   explicit candidate stride in candidate_overrides_csv for this level (no
   auto-detection: it proved unreliable across runs/cores, see the script's
   header comment). Skipping Method-A step 4.

-- [L12582912 B] single-curve method, footprint_bytes=25165824 (2.0x boundary) --
-- [L12582912 B coarse] stride 8-1024 bytes (step 8) --
  wrote 128002 lines -> data_raw/upgrade/line_size/level_12582912/singlecurve_coarse_random_20260913T142546Z.csv
  wrote 128002 lines -> data_raw/upgrade/line_size/level_12582912/singlecurve_coarse_sequential_20260913T142546Z.csv
Wrote 128 summary rows to data_processed/upgrade/line_size/level_12582912/singlecurve_coarse_random_summary.csv
Wrote 128 summary rows to data_processed/upgrade/line_size/level_12582912/singlecurve_coarse_sequential_summary.csv
-- [L12582912 B] detected line-size estimate (bytes): none --
-- [L12582912 B] no transition detected in the coarse sweep; skipping dense/repeat stages --
-- [L12582912 B] generating single-curve plots --
  note: flagged 8 isolated spike stride(s) as probable page-aliasing artifacts: [176, 256, 384, 512, 784, 976, 1000, 1024]
Wrote data_processed/upgrade/line_size/level_12582912/plots/line_size_curve.pdf and .png
Wrote data_processed/upgrade/line_size/level_12582912/plots/line_size_boxplots.pdf and .png

############################################################
## step 5: cross-level, cross-method agreement summary
############################################################
   level boundary=262144B -> method A (family of curves) = noneB, method B (single curve) = noneB
   level boundary=12582912B -> method A (family of curves) = noneB, method B (single curve) = noneB
== no level/method produced a usable estimate -- widen windows or strides before citing anything
== done: all levels, both methods, complete ==
== this is a FROZEN PHASE-I TIMING-ONLY result -- compare against PMU counters
   and the documented/system-reported line size in Phase II before treating it as
   confirmed (see README.md's Phase I/II/III discipline).
== plots per level: data_processed/upgrade/line_size/level_<boundary>/plots/line_size_family_{curve,boxplots}.{png,pdf} (A, steps 1-3),
          .../line_size_offset_{elbow,boxplots}.{png,pdf} (A, step 4), .../line_size_{curve,boxplots}.{png,pdf} (B) ==
== record in data_raw/upgrade/README.md: boundaries=262144,12582912, core=5,
   seed=12345, samples=1000000, coarse_strides=8,16,32,64,128,256, per-level/per-method estimates as above,
   timestamp=20260913T142546Z ==
== full transcript saved to: data_raw/upgrade/line_size/run_line_size_20260913T142546Z.log ==
