== run_line_size: machine=thunderbird core=3 seed=12345 ==
== timestamp=20260912T215546Z boundaries=31457280 coarse_strides=8,16,32,64,128,256 ==

############################################################
## LEVEL boundary=31457280B -- Method A window=[3932160,125829120] bytes
############################################################
-- [L31457280 A coarse] stride=8B pattern=random offset=0B --
  wrote 31002 lines -> data_raw/thunderbird/line_size/level_31457280/family_8_random_20260912T215546Z.csv
Wrote 31 summary rows to data_processed/thunderbird/line_size/level_31457280/family_8_random_summary.csv
-- [L31457280 A coarse] stride=8B pattern=sequential offset=0B --
  wrote 31002 lines -> data_raw/thunderbird/line_size/level_31457280/family_8_sequential_20260912T215546Z.csv
Wrote 31 summary rows to data_processed/thunderbird/line_size/level_31457280/family_8_sequential_summary.csv
-- [L31457280 A coarse] stride=16B pattern=random offset=0B --
  wrote 31002 lines -> data_raw/thunderbird/line_size/level_31457280/family_16_random_20260912T215546Z.csv
Wrote 31 summary rows to data_processed/thunderbird/line_size/level_31457280/family_16_random_summary.csv
-- [L31457280 A coarse] stride=16B pattern=sequential offset=0B --
  wrote 31002 lines -> data_raw/thunderbird/line_size/level_31457280/family_16_sequential_20260912T215546Z.csv
Wrote 31 summary rows to data_processed/thunderbird/line_size/level_31457280/family_16_sequential_summary.csv
-- [L31457280 A coarse] stride=32B pattern=random offset=0B --
  wrote 31002 lines -> data_raw/thunderbird/line_size/level_31457280/family_32_random_20260912T215546Z.csv
Wrote 31 summary rows to data_processed/thunderbird/line_size/level_31457280/family_32_random_summary.csv
-- [L31457280 A coarse] stride=32B pattern=sequential offset=0B --
  wrote 31002 lines -> data_raw/thunderbird/line_size/level_31457280/family_32_sequential_20260912T215546Z.csv
Wrote 31 summary rows to data_processed/thunderbird/line_size/level_31457280/family_32_sequential_summary.csv
-- [L31457280 A coarse] stride=64B pattern=random offset=0B --
  wrote 31002 lines -> data_raw/thunderbird/line_size/level_31457280/family_64_random_20260912T215546Z.csv
Wrote 31 summary rows to data_processed/thunderbird/line_size/level_31457280/family_64_random_summary.csv
-- [L31457280 A coarse] stride=64B pattern=sequential offset=0B --
  wrote 31002 lines -> data_raw/thunderbird/line_size/level_31457280/family_64_sequential_20260912T215546Z.csv
Wrote 31 summary rows to data_processed/thunderbird/line_size/level_31457280/family_64_sequential_summary.csv
-- [L31457280 A coarse] stride=128B pattern=random offset=0B --
  wrote 31002 lines -> data_raw/thunderbird/line_size/level_31457280/family_128_random_20260912T215546Z.csv
Wrote 31 summary rows to data_processed/thunderbird/line_size/level_31457280/family_128_random_summary.csv
-- [L31457280 A coarse] stride=128B pattern=sequential offset=0B --
  wrote 31002 lines -> data_raw/thunderbird/line_size/level_31457280/family_128_sequential_20260912T215546Z.csv
Wrote 31 summary rows to data_processed/thunderbird/line_size/level_31457280/family_128_sequential_summary.csv
-- [L31457280 A coarse] stride=256B pattern=random offset=0B --
  wrote 31002 lines -> data_raw/thunderbird/line_size/level_31457280/family_256_random_20260912T215546Z.csv
Wrote 31 summary rows to data_processed/thunderbird/line_size/level_31457280/family_256_random_summary.csv
-- [L31457280 A coarse] stride=256B pattern=sequential offset=0B --
  wrote 31002 lines -> data_raw/thunderbird/line_size/level_31457280/family_256_sequential_20260912T215546Z.csv
Wrote 31 summary rows to data_processed/thunderbird/line_size/level_31457280/family_256_sequential_summary.csv
-- [L31457280 A steps 1-3] generating coarse family-of-curves plots --
/home/krchen/Proj1-Cache-Reverse-Engineering/scripts/plot_line_size_family.py:163: MatplotlibDeprecationWarning: The get_cmap function was deprecated in Matplotlib 3.7 and will be removed in 3.11. Use ``matplotlib.colormaps[name]`` or ``matplotlib.colormaps.get_cmap()`` or ``pyplot.get_cmap()`` instead.
  cmap = cm.get_cmap("viridis", max(len(strides), 2))
Wrote data_processed/thunderbird/line_size/level_31457280/plots/line_size_family_curve.pdf and .png
-- per-stride elbow (bytes): {8B: 62914560, 16B: 62914560, 32B: 79267360, 64B: 62914560, 128B: 56050432, 256B: 56050432}
-- line-size estimate: smallest candidate stride whose elbow agrees with largest tested stride (~56050432 bytes) is 8B -- see infer_line_size's docstring caveat on the fixed grid resolution before citing this as a clean line-size number on its own
/home/krchen/Proj1-Cache-Reverse-Engineering/scripts/plot_line_size_family.py:277: MatplotlibDeprecationWarning: The get_cmap function was deprecated in Matplotlib 3.7 and will be removed in 3.11. Use ``matplotlib.colormaps[name]`` or ``matplotlib.colormaps.get_cmap()`` or ``pyplot.get_cmap()`` instead.
  cmap = cm.get_cmap("viridis", max(len(strides), 2))
Wrote data_processed/thunderbird/line_size/level_31457280/plots/line_size_family_boxplots.pdf and .png
   (the per-stride elbow / line-size-estimate lines just above are
   plot_line_size_family.py's own diagnostic guess from ONE un-repeated coarse
   sweep -- NOT auto-applied below; see data_processed/thunderbird/line_size/level_31457280/plots/line_size_family_curve.png
   and decide the step-4 candidate yourself)
== [L31457280 A step 4] candidate=128B (manual, from line_size_family_curve.png) ==
== [L31457280 A step 4] bracket=104,112,120,128,136,144,152B (8B granularity) offsets=0,8,16,24,32,40,48,56B pattern=random ==
-- [L31457280 A refine] stride=104B offset=0B pattern=random --
  wrote 31002 lines -> data_raw/thunderbird/line_size/level_31457280/refine_104_off0_20260912T215546Z.csv
Wrote 31 summary rows to data_processed/thunderbird/line_size/level_31457280/refine_104_off0_summary.csv
-- [L31457280 A refine] stride=112B offset=0B pattern=random --
  wrote 31002 lines -> data_raw/thunderbird/line_size/level_31457280/refine_112_off0_20260912T215546Z.csv
Wrote 31 summary rows to data_processed/thunderbird/line_size/level_31457280/refine_112_off0_summary.csv
-- [L31457280 A refine] stride=120B offset=0B pattern=random --
  wrote 31002 lines -> data_raw/thunderbird/line_size/level_31457280/refine_120_off0_20260912T215546Z.csv
Wrote 31 summary rows to data_processed/thunderbird/line_size/level_31457280/refine_120_off0_summary.csv
-- [L31457280 A refine] stride=128B offset=0B pattern=random --
  wrote 31002 lines -> data_raw/thunderbird/line_size/level_31457280/refine_128_off0_20260912T215546Z.csv
Wrote 31 summary rows to data_processed/thunderbird/line_size/level_31457280/refine_128_off0_summary.csv
-- [L31457280 A refine] stride=136B offset=0B pattern=random --
  wrote 31002 lines -> data_raw/thunderbird/line_size/level_31457280/refine_136_off0_20260912T215546Z.csv
Wrote 31 summary rows to data_processed/thunderbird/line_size/level_31457280/refine_136_off0_summary.csv
-- [L31457280 A refine] stride=144B offset=0B pattern=random --
  wrote 31002 lines -> data_raw/thunderbird/line_size/level_31457280/refine_144_off0_20260912T215546Z.csv
Wrote 31 summary rows to data_processed/thunderbird/line_size/level_31457280/refine_144_off0_summary.csv
-- [L31457280 A refine] stride=152B offset=0B pattern=random --
  wrote 31002 lines -> data_raw/thunderbird/line_size/level_31457280/refine_152_off0_20260912T215546Z.csv
Wrote 31 summary rows to data_processed/thunderbird/line_size/level_31457280/refine_152_off0_summary.csv
-- [L31457280 A refine] stride=104B offset=8B pattern=random --
  wrote 31002 lines -> data_raw/thunderbird/line_size/level_31457280/refine_104_off8_20260912T215546Z.csv
Wrote 31 summary rows to data_processed/thunderbird/line_size/level_31457280/refine_104_off8_summary.csv
-- [L31457280 A refine] stride=112B offset=8B pattern=random --
  wrote 31002 lines -> data_raw/thunderbird/line_size/level_31457280/refine_112_off8_20260912T215546Z.csv
Wrote 31 summary rows to data_processed/thunderbird/line_size/level_31457280/refine_112_off8_summary.csv
-- [L31457280 A refine] stride=120B offset=8B pattern=random --
  wrote 31002 lines -> data_raw/thunderbird/line_size/level_31457280/refine_120_off8_20260912T215546Z.csv
Wrote 31 summary rows to data_processed/thunderbird/line_size/level_31457280/refine_120_off8_summary.csv
-- [L31457280 A refine] stride=128B offset=8B pattern=random --
  wrote 31002 lines -> data_raw/thunderbird/line_size/level_31457280/refine_128_off8_20260912T215546Z.csv
Wrote 31 summary rows to data_processed/thunderbird/line_size/level_31457280/refine_128_off8_summary.csv
-- [L31457280 A refine] stride=136B offset=8B pattern=random --
  wrote 31002 lines -> data_raw/thunderbird/line_size/level_31457280/refine_136_off8_20260912T215546Z.csv
Wrote 31 summary rows to data_processed/thunderbird/line_size/level_31457280/refine_136_off8_summary.csv
-- [L31457280 A refine] stride=144B offset=8B pattern=random --
  wrote 31002 lines -> data_raw/thunderbird/line_size/level_31457280/refine_144_off8_20260912T215546Z.csv
Wrote 31 summary rows to data_processed/thunderbird/line_size/level_31457280/refine_144_off8_summary.csv
-- [L31457280 A refine] stride=152B offset=8B pattern=random --
  wrote 31002 lines -> data_raw/thunderbird/line_size/level_31457280/refine_152_off8_20260912T215546Z.csv
Wrote 31 summary rows to data_processed/thunderbird/line_size/level_31457280/refine_152_off8_summary.csv
-- [L31457280 A refine] stride=104B offset=16B pattern=random --
  wrote 31002 lines -> data_raw/thunderbird/line_size/level_31457280/refine_104_off16_20260912T215546Z.csv
Wrote 31 summary rows to data_processed/thunderbird/line_size/level_31457280/refine_104_off16_summary.csv
-- [L31457280 A refine] stride=112B offset=16B pattern=random --
  wrote 31002 lines -> data_raw/thunderbird/line_size/level_31457280/refine_112_off16_20260912T215546Z.csv
Wrote 31 summary rows to data_processed/thunderbird/line_size/level_31457280/refine_112_off16_summary.csv
-- [L31457280 A refine] stride=120B offset=16B pattern=random --
  wrote 31002 lines -> data_raw/thunderbird/line_size/level_31457280/refine_120_off16_20260912T215546Z.csv
Wrote 31 summary rows to data_processed/thunderbird/line_size/level_31457280/refine_120_off16_summary.csv
-- [L31457280 A refine] stride=128B offset=16B pattern=random --
  wrote 31002 lines -> data_raw/thunderbird/line_size/level_31457280/refine_128_off16_20260912T215546Z.csv
Wrote 31 summary rows to data_processed/thunderbird/line_size/level_31457280/refine_128_off16_summary.csv
-- [L31457280 A refine] stride=136B offset=16B pattern=random --
  wrote 31002 lines -> data_raw/thunderbird/line_size/level_31457280/refine_136_off16_20260912T215546Z.csv
Wrote 31 summary rows to data_processed/thunderbird/line_size/level_31457280/refine_136_off16_summary.csv
-- [L31457280 A refine] stride=144B offset=16B pattern=random --
  wrote 31002 lines -> data_raw/thunderbird/line_size/level_31457280/refine_144_off16_20260912T215546Z.csv
Wrote 31 summary rows to data_processed/thunderbird/line_size/level_31457280/refine_144_off16_summary.csv
-- [L31457280 A refine] stride=152B offset=16B pattern=random --
  wrote 31002 lines -> data_raw/thunderbird/line_size/level_31457280/refine_152_off16_20260912T215546Z.csv
Wrote 31 summary rows to data_processed/thunderbird/line_size/level_31457280/refine_152_off16_summary.csv
-- [L31457280 A refine] stride=104B offset=24B pattern=random --
  wrote 31002 lines -> data_raw/thunderbird/line_size/level_31457280/refine_104_off24_20260912T215546Z.csv
Wrote 31 summary rows to data_processed/thunderbird/line_size/level_31457280/refine_104_off24_summary.csv
-- [L31457280 A refine] stride=112B offset=24B pattern=random --
  wrote 31002 lines -> data_raw/thunderbird/line_size/level_31457280/refine_112_off24_20260912T215546Z.csv
Wrote 31 summary rows to data_processed/thunderbird/line_size/level_31457280/refine_112_off24_summary.csv
-- [L31457280 A refine] stride=120B offset=24B pattern=random --
  wrote 31002 lines -> data_raw/thunderbird/line_size/level_31457280/refine_120_off24_20260912T215546Z.csv
Wrote 31 summary rows to data_processed/thunderbird/line_size/level_31457280/refine_120_off24_summary.csv
-- [L31457280 A refine] stride=128B offset=24B pattern=random --
  wrote 31002 lines -> data_raw/thunderbird/line_size/level_31457280/refine_128_off24_20260912T215546Z.csv
Wrote 31 summary rows to data_processed/thunderbird/line_size/level_31457280/refine_128_off24_summary.csv
-- [L31457280 A refine] stride=136B offset=24B pattern=random --
  wrote 31002 lines -> data_raw/thunderbird/line_size/level_31457280/refine_136_off24_20260912T215546Z.csv
Wrote 31 summary rows to data_processed/thunderbird/line_size/level_31457280/refine_136_off24_summary.csv
-- [L31457280 A refine] stride=144B offset=24B pattern=random --
  wrote 31002 lines -> data_raw/thunderbird/line_size/level_31457280/refine_144_off24_20260912T215546Z.csv
Wrote 31 summary rows to data_processed/thunderbird/line_size/level_31457280/refine_144_off24_summary.csv
-- [L31457280 A refine] stride=152B offset=24B pattern=random --
  wrote 31002 lines -> data_raw/thunderbird/line_size/level_31457280/refine_152_off24_20260912T215546Z.csv
Wrote 31 summary rows to data_processed/thunderbird/line_size/level_31457280/refine_152_off24_summary.csv
-- [L31457280 A refine] stride=104B offset=32B pattern=random --
  wrote 31002 lines -> data_raw/thunderbird/line_size/level_31457280/refine_104_off32_20260912T215546Z.csv
Wrote 31 summary rows to data_processed/thunderbird/line_size/level_31457280/refine_104_off32_summary.csv
-- [L31457280 A refine] stride=112B offset=32B pattern=random --
  wrote 31002 lines -> data_raw/thunderbird/line_size/level_31457280/refine_112_off32_20260912T215546Z.csv
Wrote 31 summary rows to data_processed/thunderbird/line_size/level_31457280/refine_112_off32_summary.csv
-- [L31457280 A refine] stride=120B offset=32B pattern=random --
  wrote 31002 lines -> data_raw/thunderbird/line_size/level_31457280/refine_120_off32_20260912T215546Z.csv
Wrote 31 summary rows to data_processed/thunderbird/line_size/level_31457280/refine_120_off32_summary.csv
-- [L31457280 A refine] stride=128B offset=32B pattern=random --
  wrote 31002 lines -> data_raw/thunderbird/line_size/level_31457280/refine_128_off32_20260912T215546Z.csv
Wrote 31 summary rows to data_processed/thunderbird/line_size/level_31457280/refine_128_off32_summary.csv
-- [L31457280 A refine] stride=136B offset=32B pattern=random --
  wrote 31002 lines -> data_raw/thunderbird/line_size/level_31457280/refine_136_off32_20260912T215546Z.csv
Wrote 31 summary rows to data_processed/thunderbird/line_size/level_31457280/refine_136_off32_summary.csv
-- [L31457280 A refine] stride=144B offset=32B pattern=random --
  wrote 31002 lines -> data_raw/thunderbird/line_size/level_31457280/refine_144_off32_20260912T215546Z.csv
Wrote 31 summary rows to data_processed/thunderbird/line_size/level_31457280/refine_144_off32_summary.csv
-- [L31457280 A refine] stride=152B offset=32B pattern=random --
  wrote 31002 lines -> data_raw/thunderbird/line_size/level_31457280/refine_152_off32_20260912T215546Z.csv
Wrote 31 summary rows to data_processed/thunderbird/line_size/level_31457280/refine_152_off32_summary.csv
-- [L31457280 A refine] stride=104B offset=40B pattern=random --
  wrote 31002 lines -> data_raw/thunderbird/line_size/level_31457280/refine_104_off40_20260912T215546Z.csv
Wrote 31 summary rows to data_processed/thunderbird/line_size/level_31457280/refine_104_off40_summary.csv
-- [L31457280 A refine] stride=112B offset=40B pattern=random --
  wrote 31002 lines -> data_raw/thunderbird/line_size/level_31457280/refine_112_off40_20260912T215546Z.csv
Wrote 31 summary rows to data_processed/thunderbird/line_size/level_31457280/refine_112_off40_summary.csv
-- [L31457280 A refine] stride=120B offset=40B pattern=random --
  wrote 31002 lines -> data_raw/thunderbird/line_size/level_31457280/refine_120_off40_20260912T215546Z.csv
Wrote 31 summary rows to data_processed/thunderbird/line_size/level_31457280/refine_120_off40_summary.csv
-- [L31457280 A refine] stride=128B offset=40B pattern=random --
  wrote 31002 lines -> data_raw/thunderbird/line_size/level_31457280/refine_128_off40_20260912T215546Z.csv
Wrote 31 summary rows to data_processed/thunderbird/line_size/level_31457280/refine_128_off40_summary.csv
-- [L31457280 A refine] stride=136B offset=40B pattern=random --
  wrote 31002 lines -> data_raw/thunderbird/line_size/level_31457280/refine_136_off40_20260912T215546Z.csv
Wrote 31 summary rows to data_processed/thunderbird/line_size/level_31457280/refine_136_off40_summary.csv
-- [L31457280 A refine] stride=144B offset=40B pattern=random --
  wrote 31002 lines -> data_raw/thunderbird/line_size/level_31457280/refine_144_off40_20260912T215546Z.csv
Wrote 31 summary rows to data_processed/thunderbird/line_size/level_31457280/refine_144_off40_summary.csv
-- [L31457280 A refine] stride=152B offset=40B pattern=random --
  wrote 31002 lines -> data_raw/thunderbird/line_size/level_31457280/refine_152_off40_20260912T215546Z.csv
Wrote 31 summary rows to data_processed/thunderbird/line_size/level_31457280/refine_152_off40_summary.csv
-- [L31457280 A refine] stride=104B offset=48B pattern=random --
  wrote 31002 lines -> data_raw/thunderbird/line_size/level_31457280/refine_104_off48_20260912T215546Z.csv
Wrote 31 summary rows to data_processed/thunderbird/line_size/level_31457280/refine_104_off48_summary.csv
-- [L31457280 A refine] stride=112B offset=48B pattern=random --
  wrote 31002 lines -> data_raw/thunderbird/line_size/level_31457280/refine_112_off48_20260912T215546Z.csv
Wrote 31 summary rows to data_processed/thunderbird/line_size/level_31457280/refine_112_off48_summary.csv
-- [L31457280 A refine] stride=120B offset=48B pattern=random --
  wrote 31002 lines -> data_raw/thunderbird/line_size/level_31457280/refine_120_off48_20260912T215546Z.csv
Wrote 31 summary rows to data_processed/thunderbird/line_size/level_31457280/refine_120_off48_summary.csv
-- [L31457280 A refine] stride=128B offset=48B pattern=random --
  wrote 31002 lines -> data_raw/thunderbird/line_size/level_31457280/refine_128_off48_20260912T215546Z.csv
Wrote 31 summary rows to data_processed/thunderbird/line_size/level_31457280/refine_128_off48_summary.csv
-- [L31457280 A refine] stride=136B offset=48B pattern=random --
  wrote 31002 lines -> data_raw/thunderbird/line_size/level_31457280/refine_136_off48_20260912T215546Z.csv
Wrote 31 summary rows to data_processed/thunderbird/line_size/level_31457280/refine_136_off48_summary.csv
-- [L31457280 A refine] stride=144B offset=48B pattern=random --
  wrote 31002 lines -> data_raw/thunderbird/line_size/level_31457280/refine_144_off48_20260912T215546Z.csv
Wrote 31 summary rows to data_processed/thunderbird/line_size/level_31457280/refine_144_off48_summary.csv
-- [L31457280 A refine] stride=152B offset=48B pattern=random --
  wrote 31002 lines -> data_raw/thunderbird/line_size/level_31457280/refine_152_off48_20260912T215546Z.csv
Wrote 31 summary rows to data_processed/thunderbird/line_size/level_31457280/refine_152_off48_summary.csv
-- [L31457280 A refine] stride=104B offset=56B pattern=random --
  wrote 31002 lines -> data_raw/thunderbird/line_size/level_31457280/refine_104_off56_20260912T215546Z.csv
Wrote 31 summary rows to data_processed/thunderbird/line_size/level_31457280/refine_104_off56_summary.csv
-- [L31457280 A refine] stride=112B offset=56B pattern=random --
  wrote 31002 lines -> data_raw/thunderbird/line_size/level_31457280/refine_112_off56_20260912T215546Z.csv
Wrote 31 summary rows to data_processed/thunderbird/line_size/level_31457280/refine_112_off56_summary.csv
-- [L31457280 A refine] stride=120B offset=56B pattern=random --
  wrote 31002 lines -> data_raw/thunderbird/line_size/level_31457280/refine_120_off56_20260912T215546Z.csv
Wrote 31 summary rows to data_processed/thunderbird/line_size/level_31457280/refine_120_off56_summary.csv
-- [L31457280 A refine] stride=128B offset=56B pattern=random --
  wrote 31002 lines -> data_raw/thunderbird/line_size/level_31457280/refine_128_off56_20260912T215546Z.csv
Wrote 31 summary rows to data_processed/thunderbird/line_size/level_31457280/refine_128_off56_summary.csv
-- [L31457280 A refine] stride=136B offset=56B pattern=random --
  wrote 31002 lines -> data_raw/thunderbird/line_size/level_31457280/refine_136_off56_20260912T215546Z.csv
Wrote 31 summary rows to data_processed/thunderbird/line_size/level_31457280/refine_136_off56_summary.csv
-- [L31457280 A refine] stride=144B offset=56B pattern=random --
  wrote 31002 lines -> data_raw/thunderbird/line_size/level_31457280/refine_144_off56_20260912T215546Z.csv
Wrote 31 summary rows to data_processed/thunderbird/line_size/level_31457280/refine_144_off56_summary.csv
-- [L31457280 A refine] stride=152B offset=56B pattern=random --
  wrote 31002 lines -> data_raw/thunderbird/line_size/level_31457280/refine_152_off56_20260912T215546Z.csv
Wrote 31 summary rows to data_processed/thunderbird/line_size/level_31457280/refine_152_off56_summary.csv
-- [L31457280 A step 4] generating cross-alignment confirmation plots --
/home/krchen/Proj1-Cache-Reverse-Engineering/scripts/plot_line_size_offset.py:77: MatplotlibDeprecationWarning: The get_cmap function was deprecated in Matplotlib 3.7 and will be removed in 3.11. Use ``matplotlib.colormaps[name]`` or ``matplotlib.colormaps.get_cmap()`` or ``pyplot.get_cmap()`` instead.
  cmap = cm.get_cmap("plasma", max(len(offsets), 2))
Wrote data_processed/thunderbird/line_size/level_31457280/plots/line_size_offset_elbow.pdf and .png
/home/krchen/Proj1-Cache-Reverse-Engineering/scripts/plot_line_size_offset.py:143: MatplotlibDeprecationWarning: The get_cmap function was deprecated in Matplotlib 3.7 and will be removed in 3.11. Use ``matplotlib.colormaps[name]`` or ``matplotlib.colormaps.get_cmap()`` or ``pyplot.get_cmap()`` instead.
  cmap = cm.get_cmap("plasma", max(len(offsets), 2))
Wrote data_processed/thunderbird/line_size/level_31457280/plots/line_size_offset_boxplots.pdf and .png
-- elbow footprint by (offset, stride):
   offset=0B: {104: 79267344, 112: 79267328, 120: 88974600, 128: 56050432, 136: 88974600, 144: 99870624, 152: 99870536}
   offset=8B: {104: 79267344, 112: 79267328, 120: 88974600, 128: 49935232, 136: 88974600, 144: 79267248, 152: 112100912}
   offset=16B: {104: 79267344, 112: 79267328, 120: 70619160, 128: 49935232, 136: 88974600, 144: 79267248, 152: 112100912}
   offset=24B: {104: 70619120, 112: 79267328, 120: 79267320, 128: 49935232, 136: 88974600, 144: 88974576, 152: 112100912}
   offset=32B: {104: 79267344, 112: 79267328, 120: 79267320, 128: 49935232, 136: 88974600, 144: 88974576, 152: 112100912}
   offset=40B: {104: 70619120, 112: 79267328, 120: 79267320, 128: 49935232, 136: 88974600, 144: 99870624, 152: 112100912}
   offset=48B: {104: 79267344, 112: 79267328, 120: 79267320, 128: 49935232, 136: 88974600, 144: 99870624, 152: 112100912}
   offset=56B: {104: 79267344, 112: 79267328, 120: 79267320, 128: 49935232, 136: 88974600, 144: 99870624, 152: 112100912}
-- candidate stride 128B: elbow stable across the 8/8 offsets with a detectable elbow (49935232-56050432 bytes, 1.12x spread) -- consistent with a genuine, alignment-independent transition, but see the gap warning above before treating this as full 8/8 agreement

-- [L31457280 B] single-curve method, footprint_bytes=62914560 (2.0x boundary) --
-- [L31457280 B coarse] stride 8-1024 bytes (step 8) --
  wrote 128002 lines -> data_raw/thunderbird/line_size/level_31457280/singlecurve_coarse_random_20260912T215546Z.csv
  wrote 128002 lines -> data_raw/thunderbird/line_size/level_31457280/singlecurve_coarse_sequential_20260912T215546Z.csv
Wrote 128 summary rows to data_processed/thunderbird/line_size/level_31457280/singlecurve_coarse_random_summary.csv
Wrote 128 summary rows to data_processed/thunderbird/line_size/level_31457280/singlecurve_coarse_sequential_summary.csv
-- [L31457280 B] detected line-size estimate (bytes): none --
-- [L31457280 B] no transition detected in the coarse sweep; skipping dense/repeat stages --
-- [L31457280 B] generating single-curve plots --
  note: flagged 5 isolated spike stride(s) as probable page-aliasing artifacts: [248, 256, 264, 512, 1024]
Wrote data_processed/thunderbird/line_size/level_31457280/plots/line_size_curve.pdf and .png
Wrote data_processed/thunderbird/line_size/level_31457280/plots/line_size_boxplots.pdf and .png

############################################################
## step 5: cross-level, cross-method agreement summary
############################################################
   level boundary=31457280B -> method A (family of curves) = 128B, method B (single curve) = noneB
== every level/method that produced an estimate AGREES on 128B -- strong Phase-I evidence ==
== done: all levels, both methods, complete ==
== this is a FROZEN PHASE-I TIMING-ONLY result -- compare against PMU counters
   and the documented/system-reported line size in Phase II before treating it as
   confirmed (see README.md's Phase I/II/III discipline).
== plots per level: data_processed/thunderbird/line_size/level_<boundary>/plots/line_size_family_{curve,boxplots}.{png,pdf} (A, steps 1-3),
          .../line_size_offset_{elbow,boxplots}.{png,pdf} (A, step 4), .../line_size_{curve,boxplots}.{png,pdf} (B) ==
== record in data_raw/thunderbird/README.md: boundaries=31457280, core=3,
   seed=12345, samples=1000000, coarse_strides=8,16,32,64,128,256, per-level/per-method estimates as above,
   timestamp=20260912T215546Z ==
== full transcript saved to: data_raw/thunderbird/line_size/run_line_size_20260912T215546Z.log ==
