== run_hit_latency_full: machine=hazel_skylake core=18 base_seed=12345 ==
== timestamp=20260915T021913Z ==

== level L1: footprint_bytes=32768 ==
-- base (seed=12345) --
  wrote 1002 lines -> data_raw/hazel_skylake/latency/hit/L1/hit_latency_base_dependent_random_20260915T021913Z.csv (mode=dependent pattern=random seed=12345)
Wrote 1 summary rows to data_processed/hazel_skylake/latency/hit/L1/base_dependent_random_summary_20260915T021913Z.csv
  wrote 1002 lines -> data_raw/hazel_skylake/latency/hit/L1/hit_latency_base_dependent_sequential_20260915T021913Z.csv (mode=dependent pattern=sequential seed=12345)
Wrote 1 summary rows to data_processed/hazel_skylake/latency/hit/L1/base_dependent_sequential_summary_20260915T021913Z.csv
  wrote 1002 lines -> data_raw/hazel_skylake/latency/hit/L1/hit_latency_base_independent_random_20260915T021913Z.csv (mode=independent pattern=random seed=12345)
Wrote 1 summary rows to data_processed/hazel_skylake/latency/hit/L1/base_independent_random_summary_20260915T021913Z.csv
  wrote 1002 lines -> data_raw/hazel_skylake/latency/hit/L1/hit_latency_base_independent_sequential_20260915T021913Z.csv (mode=independent pattern=sequential seed=12345)
Wrote 1 summary rows to data_processed/hazel_skylake/latency/hit/L1/base_independent_sequential_summary_20260915T021913Z.csv
-- rep1 (seed=12346) --
  wrote 1002 lines -> data_raw/hazel_skylake/latency/hit/L1/hit_latency_rep1_dependent_random_20260915T021913Z.csv (mode=dependent pattern=random seed=12346)
Wrote 1 summary rows to data_processed/hazel_skylake/latency/hit/L1/rep1_dependent_random_summary_20260915T021913Z.csv
  wrote 1002 lines -> data_raw/hazel_skylake/latency/hit/L1/hit_latency_rep1_dependent_sequential_20260915T021913Z.csv (mode=dependent pattern=sequential seed=12346)
Wrote 1 summary rows to data_processed/hazel_skylake/latency/hit/L1/rep1_dependent_sequential_summary_20260915T021913Z.csv
  wrote 1002 lines -> data_raw/hazel_skylake/latency/hit/L1/hit_latency_rep1_independent_random_20260915T021913Z.csv (mode=independent pattern=random seed=12346)
Wrote 1 summary rows to data_processed/hazel_skylake/latency/hit/L1/rep1_independent_random_summary_20260915T021913Z.csv
  wrote 1002 lines -> data_raw/hazel_skylake/latency/hit/L1/hit_latency_rep1_independent_sequential_20260915T021913Z.csv (mode=independent pattern=sequential seed=12346)
Wrote 1 summary rows to data_processed/hazel_skylake/latency/hit/L1/rep1_independent_sequential_summary_20260915T021913Z.csv
-- rep2 (seed=12347) --
  wrote 1002 lines -> data_raw/hazel_skylake/latency/hit/L1/hit_latency_rep2_dependent_random_20260915T021913Z.csv (mode=dependent pattern=random seed=12347)
Wrote 1 summary rows to data_processed/hazel_skylake/latency/hit/L1/rep2_dependent_random_summary_20260915T021913Z.csv
  wrote 1002 lines -> data_raw/hazel_skylake/latency/hit/L1/hit_latency_rep2_dependent_sequential_20260915T021913Z.csv (mode=dependent pattern=sequential seed=12347)
Wrote 1 summary rows to data_processed/hazel_skylake/latency/hit/L1/rep2_dependent_sequential_summary_20260915T021913Z.csv
  wrote 1002 lines -> data_raw/hazel_skylake/latency/hit/L1/hit_latency_rep2_independent_random_20260915T021913Z.csv (mode=independent pattern=random seed=12347)
Wrote 1 summary rows to data_processed/hazel_skylake/latency/hit/L1/rep2_independent_random_summary_20260915T021913Z.csv
  wrote 1002 lines -> data_raw/hazel_skylake/latency/hit/L1/hit_latency_rep2_independent_sequential_20260915T021913Z.csv (mode=independent pattern=sequential seed=12347)
Wrote 1 summary rows to data_processed/hazel_skylake/latency/hit/L1/rep2_independent_sequential_summary_20260915T021913Z.csv
-- generating plots for L1 --
  note: ('dependent', 'random') has 3 overlapping summary rows with medians [9.5, 7.0, 5.7] (spread 3.9 ticks, 52.3%) -- averaging, widening whiskers to the union
  note: ('dependent', 'sequential') has 3 overlapping summary rows with medians [5.3, 5.1, 7.5] (spread 2.4 ticks, 39.6%) -- averaging, widening whiskers to the union
  note: ('independent', 'random') has 3 overlapping summary rows with medians [6.1, 6.8, 5.0] (spread 1.8 ticks, 30.2%) -- averaging, widening whiskers to the union
  note: ('independent', 'sequential') has 3 overlapping summary rows with medians [7.7, 5.1, 5.0] (spread 2.7 ticks, 45.4%) -- averaging, widening whiskers to the union
random: independent < dependent (5.99 vs 7.40 ticks) [expected]
sequential: independent < dependent (5.95 vs 5.95 ticks) [expected]
Wrote data_processed/hazel_skylake/latency/hit/L1/plots/hit_latency_boxplots.pdf and .png
-- compressing raw CSVs for L1 --

== level L2: footprint_bytes=1048576 ==
-- base (seed=12345) --
  wrote 1002 lines -> data_raw/hazel_skylake/latency/hit/L2/hit_latency_base_dependent_random_20260915T021913Z.csv (mode=dependent pattern=random seed=12345)
Wrote 1 summary rows to data_processed/hazel_skylake/latency/hit/L2/base_dependent_random_summary_20260915T021913Z.csv
  wrote 1002 lines -> data_raw/hazel_skylake/latency/hit/L2/hit_latency_base_dependent_sequential_20260915T021913Z.csv (mode=dependent pattern=sequential seed=12345)
Wrote 1 summary rows to data_processed/hazel_skylake/latency/hit/L2/base_dependent_sequential_summary_20260915T021913Z.csv
  wrote 1002 lines -> data_raw/hazel_skylake/latency/hit/L2/hit_latency_base_independent_random_20260915T021913Z.csv (mode=independent pattern=random seed=12345)
Wrote 1 summary rows to data_processed/hazel_skylake/latency/hit/L2/base_independent_random_summary_20260915T021913Z.csv
  wrote 1002 lines -> data_raw/hazel_skylake/latency/hit/L2/hit_latency_base_independent_sequential_20260915T021913Z.csv (mode=independent pattern=sequential seed=12345)
Wrote 1 summary rows to data_processed/hazel_skylake/latency/hit/L2/base_independent_sequential_summary_20260915T021913Z.csv
-- rep1 (seed=12346) --
  wrote 1002 lines -> data_raw/hazel_skylake/latency/hit/L2/hit_latency_rep1_dependent_random_20260915T021913Z.csv (mode=dependent pattern=random seed=12346)
Wrote 1 summary rows to data_processed/hazel_skylake/latency/hit/L2/rep1_dependent_random_summary_20260915T021913Z.csv
  wrote 1002 lines -> data_raw/hazel_skylake/latency/hit/L2/hit_latency_rep1_dependent_sequential_20260915T021913Z.csv (mode=dependent pattern=sequential seed=12346)
Wrote 1 summary rows to data_processed/hazel_skylake/latency/hit/L2/rep1_dependent_sequential_summary_20260915T021913Z.csv
  wrote 1002 lines -> data_raw/hazel_skylake/latency/hit/L2/hit_latency_rep1_independent_random_20260915T021913Z.csv (mode=independent pattern=random seed=12346)
Wrote 1 summary rows to data_processed/hazel_skylake/latency/hit/L2/rep1_independent_random_summary_20260915T021913Z.csv
  wrote 1002 lines -> data_raw/hazel_skylake/latency/hit/L2/hit_latency_rep1_independent_sequential_20260915T021913Z.csv (mode=independent pattern=sequential seed=12346)
Wrote 1 summary rows to data_processed/hazel_skylake/latency/hit/L2/rep1_independent_sequential_summary_20260915T021913Z.csv
-- rep2 (seed=12347) --
  wrote 1002 lines -> data_raw/hazel_skylake/latency/hit/L2/hit_latency_rep2_dependent_random_20260915T021913Z.csv (mode=dependent pattern=random seed=12347)
Wrote 1 summary rows to data_processed/hazel_skylake/latency/hit/L2/rep2_dependent_random_summary_20260915T021913Z.csv
  wrote 1002 lines -> data_raw/hazel_skylake/latency/hit/L2/hit_latency_rep2_dependent_sequential_20260915T021913Z.csv (mode=dependent pattern=sequential seed=12347)
Wrote 1 summary rows to data_processed/hazel_skylake/latency/hit/L2/rep2_dependent_sequential_summary_20260915T021913Z.csv
  wrote 1002 lines -> data_raw/hazel_skylake/latency/hit/L2/hit_latency_rep2_independent_random_20260915T021913Z.csv (mode=independent pattern=random seed=12347)
Wrote 1 summary rows to data_processed/hazel_skylake/latency/hit/L2/rep2_independent_random_summary_20260915T021913Z.csv
  wrote 1002 lines -> data_raw/hazel_skylake/latency/hit/L2/hit_latency_rep2_independent_sequential_20260915T021913Z.csv (mode=independent pattern=sequential seed=12347)
Wrote 1 summary rows to data_processed/hazel_skylake/latency/hit/L2/rep2_independent_sequential_summary_20260915T021913Z.csv
-- generating plots for L2 --
  note: ('dependent', 'sequential') has 3 overlapping summary rows with medians [5.6, 5.1, 7.1] (spread 2.0 ticks, 33.3%) -- averaging, widening whiskers to the union
  note: ('independent', 'sequential') has 3 overlapping summary rows with medians [4.9, 4.9, 6.8] (spread 1.9 ticks, 35.0%) -- averaging, widening whiskers to the union
random: independent < dependent (9.03 vs 18.80 ticks) [expected]
sequential: independent < dependent (5.51 vs 5.95 ticks) [expected]
Wrote data_processed/hazel_skylake/latency/hit/L2/plots/hit_latency_boxplots.pdf and .png
-- compressing raw CSVs for L2 --

== level LLC: footprint_bytes=23726560 ==
-- base (seed=12345) --
  wrote 1002 lines -> data_raw/hazel_skylake/latency/hit/LLC/hit_latency_base_dependent_random_20260915T021913Z.csv (mode=dependent pattern=random seed=12345)
Wrote 1 summary rows to data_processed/hazel_skylake/latency/hit/LLC/base_dependent_random_summary_20260915T021913Z.csv
  wrote 1002 lines -> data_raw/hazel_skylake/latency/hit/LLC/hit_latency_base_dependent_sequential_20260915T021913Z.csv (mode=dependent pattern=sequential seed=12345)
Wrote 1 summary rows to data_processed/hazel_skylake/latency/hit/LLC/base_dependent_sequential_summary_20260915T021913Z.csv
  wrote 1002 lines -> data_raw/hazel_skylake/latency/hit/LLC/hit_latency_base_independent_random_20260915T021913Z.csv (mode=independent pattern=random seed=12345)
Wrote 1 summary rows to data_processed/hazel_skylake/latency/hit/LLC/base_independent_random_summary_20260915T021913Z.csv
  wrote 1002 lines -> data_raw/hazel_skylake/latency/hit/LLC/hit_latency_base_independent_sequential_20260915T021913Z.csv (mode=independent pattern=sequential seed=12345)
Wrote 1 summary rows to data_processed/hazel_skylake/latency/hit/LLC/base_independent_sequential_summary_20260915T021913Z.csv
-- rep1 (seed=12346) --
  wrote 1002 lines -> data_raw/hazel_skylake/latency/hit/LLC/hit_latency_rep1_dependent_random_20260915T021913Z.csv (mode=dependent pattern=random seed=12346)
Wrote 1 summary rows to data_processed/hazel_skylake/latency/hit/LLC/rep1_dependent_random_summary_20260915T021913Z.csv
  wrote 1002 lines -> data_raw/hazel_skylake/latency/hit/LLC/hit_latency_rep1_dependent_sequential_20260915T021913Z.csv (mode=dependent pattern=sequential seed=12346)
Wrote 1 summary rows to data_processed/hazel_skylake/latency/hit/LLC/rep1_dependent_sequential_summary_20260915T021913Z.csv
  wrote 1002 lines -> data_raw/hazel_skylake/latency/hit/LLC/hit_latency_rep1_independent_random_20260915T021913Z.csv (mode=independent pattern=random seed=12346)
Wrote 1 summary rows to data_processed/hazel_skylake/latency/hit/LLC/rep1_independent_random_summary_20260915T021913Z.csv
  wrote 1002 lines -> data_raw/hazel_skylake/latency/hit/LLC/hit_latency_rep1_independent_sequential_20260915T021913Z.csv (mode=independent pattern=sequential seed=12346)
Wrote 1 summary rows to data_processed/hazel_skylake/latency/hit/LLC/rep1_independent_sequential_summary_20260915T021913Z.csv
-- rep2 (seed=12347) --
  wrote 1002 lines -> data_raw/hazel_skylake/latency/hit/LLC/hit_latency_rep2_dependent_random_20260915T021913Z.csv (mode=dependent pattern=random seed=12347)
Wrote 1 summary rows to data_processed/hazel_skylake/latency/hit/LLC/rep2_dependent_random_summary_20260915T021913Z.csv
  wrote 1002 lines -> data_raw/hazel_skylake/latency/hit/LLC/hit_latency_rep2_dependent_sequential_20260915T021913Z.csv (mode=dependent pattern=sequential seed=12347)
Wrote 1 summary rows to data_processed/hazel_skylake/latency/hit/LLC/rep2_dependent_sequential_summary_20260915T021913Z.csv
  wrote 1002 lines -> data_raw/hazel_skylake/latency/hit/LLC/hit_latency_rep2_independent_random_20260915T021913Z.csv (mode=independent pattern=random seed=12347)
Wrote 1 summary rows to data_processed/hazel_skylake/latency/hit/LLC/rep2_independent_random_summary_20260915T021913Z.csv
  wrote 1002 lines -> data_raw/hazel_skylake/latency/hit/LLC/hit_latency_rep2_independent_sequential_20260915T021913Z.csv (mode=independent pattern=sequential seed=12347)
Wrote 1 summary rows to data_processed/hazel_skylake/latency/hit/LLC/rep2_independent_sequential_summary_20260915T021913Z.csv
-- generating plots for LLC --
random: independent < dependent (32.36 vs 142.62 ticks) [expected]
sequential: independent < dependent (4.92 vs 5.06 ticks) [expected]
Wrote data_processed/hazel_skylake/latency/hit/LLC/plots/hit_latency_boxplots.pdf and .png
-- compressing raw CSVs for LLC --

== level DRAM: footprint_bytes=536870912 ==
-- base (seed=12345) --
  wrote 1002 lines -> data_raw/hazel_skylake/latency/hit/DRAM/hit_latency_base_dependent_random_20260915T021913Z.csv (mode=dependent pattern=random seed=12345)
Wrote 1 summary rows to data_processed/hazel_skylake/latency/hit/DRAM/base_dependent_random_summary_20260915T021913Z.csv
  wrote 1002 lines -> data_raw/hazel_skylake/latency/hit/DRAM/hit_latency_base_dependent_sequential_20260915T021913Z.csv (mode=dependent pattern=sequential seed=12345)
Wrote 1 summary rows to data_processed/hazel_skylake/latency/hit/DRAM/base_dependent_sequential_summary_20260915T021913Z.csv
  wrote 1002 lines -> data_raw/hazel_skylake/latency/hit/DRAM/hit_latency_base_independent_random_20260915T021913Z.csv (mode=independent pattern=random seed=12345)
Wrote 1 summary rows to data_processed/hazel_skylake/latency/hit/DRAM/base_independent_random_summary_20260915T021913Z.csv
  wrote 1002 lines -> data_raw/hazel_skylake/latency/hit/DRAM/hit_latency_base_independent_sequential_20260915T021913Z.csv (mode=independent pattern=sequential seed=12345)
Wrote 1 summary rows to data_processed/hazel_skylake/latency/hit/DRAM/base_independent_sequential_summary_20260915T021913Z.csv
-- rep1 (seed=12346) --
  wrote 1002 lines -> data_raw/hazel_skylake/latency/hit/DRAM/hit_latency_rep1_dependent_random_20260915T021913Z.csv (mode=dependent pattern=random seed=12346)
Wrote 1 summary rows to data_processed/hazel_skylake/latency/hit/DRAM/rep1_dependent_random_summary_20260915T021913Z.csv
  wrote 1002 lines -> data_raw/hazel_skylake/latency/hit/DRAM/hit_latency_rep1_dependent_sequential_20260915T021913Z.csv (mode=dependent pattern=sequential seed=12346)
Wrote 1 summary rows to data_processed/hazel_skylake/latency/hit/DRAM/rep1_dependent_sequential_summary_20260915T021913Z.csv
  wrote 1002 lines -> data_raw/hazel_skylake/latency/hit/DRAM/hit_latency_rep1_independent_random_20260915T021913Z.csv (mode=independent pattern=random seed=12346)
Wrote 1 summary rows to data_processed/hazel_skylake/latency/hit/DRAM/rep1_independent_random_summary_20260915T021913Z.csv
  wrote 1002 lines -> data_raw/hazel_skylake/latency/hit/DRAM/hit_latency_rep1_independent_sequential_20260915T021913Z.csv (mode=independent pattern=sequential seed=12346)
Wrote 1 summary rows to data_processed/hazel_skylake/latency/hit/DRAM/rep1_independent_sequential_summary_20260915T021913Z.csv
-- rep2 (seed=12347) --
  wrote 1002 lines -> data_raw/hazel_skylake/latency/hit/DRAM/hit_latency_rep2_dependent_random_20260915T021913Z.csv (mode=dependent pattern=random seed=12347)
Wrote 1 summary rows to data_processed/hazel_skylake/latency/hit/DRAM/rep2_dependent_random_summary_20260915T021913Z.csv
  wrote 1002 lines -> data_raw/hazel_skylake/latency/hit/DRAM/hit_latency_rep2_dependent_sequential_20260915T021913Z.csv (mode=dependent pattern=sequential seed=12347)
Wrote 1 summary rows to data_processed/hazel_skylake/latency/hit/DRAM/rep2_dependent_sequential_summary_20260915T021913Z.csv
  wrote 1002 lines -> data_raw/hazel_skylake/latency/hit/DRAM/hit_latency_rep2_independent_random_20260915T021913Z.csv (mode=independent pattern=random seed=12347)
Wrote 1 summary rows to data_processed/hazel_skylake/latency/hit/DRAM/rep2_independent_random_summary_20260915T021913Z.csv
  wrote 1002 lines -> data_raw/hazel_skylake/latency/hit/DRAM/hit_latency_rep2_independent_sequential_20260915T021913Z.csv (mode=independent pattern=sequential seed=12347)
Wrote 1 summary rows to data_processed/hazel_skylake/latency/hit/DRAM/rep2_independent_sequential_summary_20260915T021913Z.csv
-- generating plots for DRAM --
random: independent < dependent (38.65 vs 196.17 ticks) [expected]
sequential: independent < dependent (4.92 vs 5.02 ticks) [expected]
Wrote data_processed/hazel_skylake/latency/hit/DRAM/plots/hit_latency_boxplots.pdf and .png
-- compressing raw CSVs for DRAM --

== done ==
== L1: footprint_bytes=32768 ==
== L2: footprint_bytes=1048576 ==
== LLC: footprint_bytes=23726560 ==
== DRAM: footprint_bytes=536870912 ==
== record in data_raw/hazel_skylake/README.md: core=18, base_seed=12345 (repeats use base_seed+index), samples=1000000, timestamp=20260915T021913Z ==
== full transcript saved to: data_raw/hazel_skylake/latency/run_hit_latency_full_20260915T021913Z.log ==
