== run_inclusion_policy_full: machine=hazel_haswell core=10 base_seed=12345 ==
== assumed_line_size_bytes=64 (confirmed for Sunbird 2026-09-11; verify for other machines) ==
== timestamp=20260914T234331Z ==

== L1_vs_L2: target_bytes=32768 lower_level_bytes=262144 -> evict_bytes=16777216 (scaled 4096/64x) ==
-- survived-class calibration (evict_bytes=target_bytes, nothing evicted) --
  survived-class (single-shot, calibrated here): 51.078 ticks
  invalidated-class (from data_processed/hazel_haswell/latency/miss/L1_to_L2/base_random_summary_20260914T201700Z.csv): 95.0 ticks
-- base (seed=12345) --
  wrote 402 lines -> data_raw/hazel_haswell/inclusion_policy/L1_vs_L2/inclusion_policy_base_random_20260914T234331Z.csv (pattern=random seed=12345)
Wrote 2 summary rows to data_processed/hazel_haswell/inclusion_policy/L1_vs_L2/base_random_summary_20260914T234331Z.csv
  wrote 402 lines -> data_raw/hazel_haswell/inclusion_policy/L1_vs_L2/inclusion_policy_base_sequential_20260914T234331Z.csv (pattern=sequential seed=12345)
Wrote 2 summary rows to data_processed/hazel_haswell/inclusion_policy/L1_vs_L2/base_sequential_summary_20260914T234331Z.csv
-- rep1 (seed=12346) --
  wrote 402 lines -> data_raw/hazel_haswell/inclusion_policy/L1_vs_L2/inclusion_policy_rep1_random_20260914T234331Z.csv (pattern=random seed=12346)
Wrote 2 summary rows to data_processed/hazel_haswell/inclusion_policy/L1_vs_L2/rep1_random_summary_20260914T234331Z.csv
  wrote 402 lines -> data_raw/hazel_haswell/inclusion_policy/L1_vs_L2/inclusion_policy_rep1_sequential_20260914T234331Z.csv (pattern=sequential seed=12346)
Wrote 2 summary rows to data_processed/hazel_haswell/inclusion_policy/L1_vs_L2/rep1_sequential_summary_20260914T234331Z.csv
-- rep2 (seed=12347) --
  wrote 402 lines -> data_raw/hazel_haswell/inclusion_policy/L1_vs_L2/inclusion_policy_rep2_random_20260914T234331Z.csv (pattern=random seed=12347)
Wrote 2 summary rows to data_processed/hazel_haswell/inclusion_policy/L1_vs_L2/rep2_random_summary_20260914T234331Z.csv
  wrote 402 lines -> data_raw/hazel_haswell/inclusion_policy/L1_vs_L2/inclusion_policy_rep2_sequential_20260914T234331Z.csv (pattern=sequential seed=12347)
Wrote 2 summary rows to data_processed/hazel_haswell/inclusion_policy/L1_vs_L2/rep2_sequential_summary_20260914T234331Z.csv
Survived-class (upper-level hit) median:       51.08 ticks
Invalidated-class (beyond-lower-level) median: 95.00 ticks
Classification boundary (geometric mean):      69.66 ticks

TARGET channel  (n=200): median=65.0 mean=64.7 ticks -- 57 survived-like (28.5%), 141 ambiguous, 2 invalidated-like (1.0%)
CONTROL channel (n=200): median=56.0 mean=53.0 ticks -- 183 survived-like (91.5%), 16 ambiguous, 1 invalidated-like (0.5%)
Paired check: target read slower than its own trial's control in 89.5% of trials (distribution-free, independent of the class boundary above)

VERDICT: UNCERTAIN (mixed result -- do not claim a global policy from this alone)
-- generating plots for L1_vs_L2 --
Wrote data_processed/hazel_haswell/inclusion_policy/L1_vs_L2/plots/inclusion_policy_boxplots.pdf and .png
-- compressing raw CSVs for L1_vs_L2 --

== L2_vs_LLC: target_bytes=262144 lower_level_bytes=25165824 -> evict_bytes=1610612736 (scaled 4096/64x) ==
-- survived-class calibration (evict_bytes=target_bytes, nothing evicted) --
  survived-class (single-shot, calibrated here): 62.33 ticks
  invalidated-class (from data_processed/hazel_haswell/latency/miss/L2_to_LLC/base_random_summary_20260914T201700Z.csv): 279.0 ticks
-- base (seed=12345) --
  wrote 402 lines -> data_raw/hazel_haswell/inclusion_policy/L2_vs_LLC/inclusion_policy_base_random_20260914T234331Z.csv (pattern=random seed=12345)
Wrote 2 summary rows to data_processed/hazel_haswell/inclusion_policy/L2_vs_LLC/base_random_summary_20260914T234331Z.csv
  wrote 402 lines -> data_raw/hazel_haswell/inclusion_policy/L2_vs_LLC/inclusion_policy_base_sequential_20260914T234331Z.csv (pattern=sequential seed=12345)
Wrote 2 summary rows to data_processed/hazel_haswell/inclusion_policy/L2_vs_LLC/base_sequential_summary_20260914T234331Z.csv
-- rep1 (seed=12346) --
  wrote 402 lines -> data_raw/hazel_haswell/inclusion_policy/L2_vs_LLC/inclusion_policy_rep1_random_20260914T234331Z.csv (pattern=random seed=12346)
Wrote 2 summary rows to data_processed/hazel_haswell/inclusion_policy/L2_vs_LLC/rep1_random_summary_20260914T234331Z.csv
  wrote 402 lines -> data_raw/hazel_haswell/inclusion_policy/L2_vs_LLC/inclusion_policy_rep1_sequential_20260914T234331Z.csv (pattern=sequential seed=12346)
Wrote 2 summary rows to data_processed/hazel_haswell/inclusion_policy/L2_vs_LLC/rep1_sequential_summary_20260914T234331Z.csv
-- rep2 (seed=12347) --
  wrote 402 lines -> data_raw/hazel_haswell/inclusion_policy/L2_vs_LLC/inclusion_policy_rep2_random_20260914T234331Z.csv (pattern=random seed=12347)
Wrote 2 summary rows to data_processed/hazel_haswell/inclusion_policy/L2_vs_LLC/rep2_random_summary_20260914T234331Z.csv
  wrote 402 lines -> data_raw/hazel_haswell/inclusion_policy/L2_vs_LLC/inclusion_policy_rep2_sequential_20260914T234331Z.csv (pattern=sequential seed=12347)
Wrote 2 summary rows to data_processed/hazel_haswell/inclusion_policy/L2_vs_LLC/rep2_sequential_summary_20260914T234331Z.csv
Survived-class (upper-level hit) median:       62.33 ticks
Invalidated-class (beyond-lower-level) median: 279.00 ticks
Classification boundary (geometric mean):      131.87 ticks

TARGET channel  (n=200): median=92.0 mean=105.7 ticks -- 161 survived-like (80.5%), 2 ambiguous, 37 invalidated-like (18.5%)
CONTROL channel (n=200): median=63.0 mean=82.8 ticks -- 171 survived-like (85.5%), 27 ambiguous, 2 invalidated-like (1.0%)
Paired check: target read slower than its own trial's control in 78.5% of trials (distribution-free, independent of the class boundary above)

VERDICT: EXCLUSIVE / NON-INCLUSIVE (upper-level copy consistently survived lower-level eviction)
-- generating plots for L2_vs_LLC --
  note: ('control', 'random') has 3 overlapping summary rows with medians [63.0, 89.0, 86.0] (spread 26.0 ticks, 32.8%) -- averaging, widening whiskers to the union
  note: ('target', 'sequential') has 3 overlapping summary rows with medians [101.0, 135.0, 98.0] (spread 37.0 ticks, 33.2%) -- averaging, widening whiskers to the union
  note: ('control', 'sequential') has 3 overlapping summary rows with medians [78.0, 63.0, 98.0] (spread 35.0 ticks, 43.9%) -- averaging, widening whiskers to the union
Wrote data_processed/hazel_haswell/inclusion_policy/L2_vs_LLC/plots/inclusion_policy_boxplots.pdf and .png
-- compressing raw CSVs for L2_vs_LLC --

== L1_vs_LLC: target_bytes=32768 lower_level_bytes=25165824 -> evict_bytes=1610612736 (scaled 4096/64x) ==
-- survived-class calibration (evict_bytes=target_bytes, nothing evicted) --
  survived-class (single-shot, calibrated here): 49.53 ticks
  invalidated-class (from data_processed/hazel_haswell/latency/miss/LLC_to_DRAM/base_random_summary_20260914T201700Z.csv): 616.5 ticks
-- base (seed=12345) --
  wrote 402 lines -> data_raw/hazel_haswell/inclusion_policy/L1_vs_LLC/inclusion_policy_base_random_20260914T234331Z.csv (pattern=random seed=12345)
Wrote 2 summary rows to data_processed/hazel_haswell/inclusion_policy/L1_vs_LLC/base_random_summary_20260914T234331Z.csv
  wrote 402 lines -> data_raw/hazel_haswell/inclusion_policy/L1_vs_LLC/inclusion_policy_base_sequential_20260914T234331Z.csv (pattern=sequential seed=12345)
Wrote 2 summary rows to data_processed/hazel_haswell/inclusion_policy/L1_vs_LLC/base_sequential_summary_20260914T234331Z.csv
-- rep1 (seed=12346) --
  wrote 402 lines -> data_raw/hazel_haswell/inclusion_policy/L1_vs_LLC/inclusion_policy_rep1_random_20260914T234331Z.csv (pattern=random seed=12346)
Wrote 2 summary rows to data_processed/hazel_haswell/inclusion_policy/L1_vs_LLC/rep1_random_summary_20260914T234331Z.csv
  wrote 402 lines -> data_raw/hazel_haswell/inclusion_policy/L1_vs_LLC/inclusion_policy_rep1_sequential_20260914T234331Z.csv (pattern=sequential seed=12346)
Wrote 2 summary rows to data_processed/hazel_haswell/inclusion_policy/L1_vs_LLC/rep1_sequential_summary_20260914T234331Z.csv
-- rep2 (seed=12347) --
  wrote 402 lines -> data_raw/hazel_haswell/inclusion_policy/L1_vs_LLC/inclusion_policy_rep2_random_20260914T234331Z.csv (pattern=random seed=12347)
Wrote 2 summary rows to data_processed/hazel_haswell/inclusion_policy/L1_vs_LLC/rep2_random_summary_20260914T234331Z.csv
  wrote 402 lines -> data_raw/hazel_haswell/inclusion_policy/L1_vs_LLC/inclusion_policy_rep2_sequential_20260914T234331Z.csv (pattern=sequential seed=12347)
Wrote 2 summary rows to data_processed/hazel_haswell/inclusion_policy/L1_vs_LLC/rep2_sequential_summary_20260914T234331Z.csv
Survived-class (upper-level hit) median:       49.53 ticks
Invalidated-class (beyond-lower-level) median: 616.50 ticks
Classification boundary (geometric mean):      174.74 ticks

TARGET channel  (n=200): median=69.0 mean=77.8 ticks -- 195 survived-like (97.5%), 2 ambiguous, 3 invalidated-like (1.5%)
CONTROL channel (n=200): median=63.0 mean=71.9 ticks -- 197 survived-like (98.5%), 0 ambiguous, 3 invalidated-like (1.5%)
Paired check: target read slower than its own trial's control in 85.0% of trials (distribution-free, independent of the class boundary above)

VERDICT: EXCLUSIVE / NON-INCLUSIVE (upper-level copy consistently survived lower-level eviction)
-- generating plots for L1_vs_LLC --
Wrote data_processed/hazel_haswell/inclusion_policy/L1_vs_LLC/plots/inclusion_policy_boxplots.pdf and .png
-- compressing raw CSVs for L1_vs_LLC --

== done ==
== L1_vs_L2: VERDICT: UNCERTAIN (mixed result -- do not claim a global policy from this alone) ==
== L2_vs_LLC: VERDICT: EXCLUSIVE / NON-INCLUSIVE (upper-level copy consistently survived lower-level eviction) ==
== L1_vs_LLC: VERDICT: EXCLUSIVE / NON-INCLUSIVE (upper-level copy consistently survived lower-level eviction) ==
== record in data_raw/hazel_haswell/README.md: core=10, base_seed=12345 (repeats use base_seed+index), trials=200, assumed_line_size_bytes=64, timestamp=20260914T234331Z ==
== full transcript saved to: data_raw/hazel_haswell/inclusion_policy/run_inclusion_policy_full_20260914T234331Z.log ==
