== run_capacity_full: machine=ookay core=1 coarse_max=67108864 seed=12345 ==
== timestamp=20260908T231044Z ==
-- coarse sweep 1024-67108864 bytes --
  wrote 129002 lines -> data_raw/ookay/capacity/capacity_coarse_random_20260908T231044Z.csv
  wrote 129002 lines -> data_raw/ookay/capacity/capacity_coarse_sequential_20260908T231044Z.csv
Wrote 129 summary rows to data_processed/ookay/capacity/coarse_random_summary.csv
Wrote 129 summary rows to data_processed/ookay/capacity/coarse_sequential_summary.csv
-- tail-extension sweep 67108864-268435456 bytes --
  wrote 17002 lines -> data_raw/ookay/capacity/capacity_coarse_ext_random_20260908T231044Z.csv
  wrote 17002 lines -> data_raw/ookay/capacity/capacity_coarse_ext_sequential_20260908T231044Z.csv
Wrote 17 summary rows to data_processed/ookay/capacity/coarse_ext_random_summary.csv
Wrote 17 summary rows to data_processed/ookay/capacity/coarse_ext_sequential_summary.csv
-- detected boundaries (bytes): 285864 440872 5439336 6468496 7692384 11863280 --
-- dense sweep around boundary 285864 bytes: 35733-2286912 --
  wrote 289002 lines -> data_raw/ookay/capacity/capacity_dense0_random_20260908T231044Z.csv
  wrote 289002 lines -> data_raw/ookay/capacity/capacity_dense0_sequential_20260908T231044Z.csv
Wrote 289 summary rows to data_processed/ookay/capacity/dense0_random_summary.csv
Wrote 289 summary rows to data_processed/ookay/capacity/dense0_sequential_summary.csv
-- dense sweep around boundary 440872 bytes: 55109-3526976 --
  wrote 289002 lines -> data_raw/ookay/capacity/capacity_dense1_random_20260908T231044Z.csv
  wrote 289002 lines -> data_raw/ookay/capacity/capacity_dense1_sequential_20260908T231044Z.csv
Wrote 289 summary rows to data_processed/ookay/capacity/dense1_random_summary.csv
Wrote 289 summary rows to data_processed/ookay/capacity/dense1_sequential_summary.csv
-- dense sweep around boundary 5439336 bytes: 679917-43514688 --
  wrote 289002 lines -> data_raw/ookay/capacity/capacity_dense2_random_20260908T231044Z.csv
  wrote 289002 lines -> data_raw/ookay/capacity/capacity_dense2_sequential_20260908T231044Z.csv
Wrote 289 summary rows to data_processed/ookay/capacity/dense2_random_summary.csv
Wrote 289 summary rows to data_processed/ookay/capacity/dense2_sequential_summary.csv
-- dense sweep around boundary 6468496 bytes: 808562-51747968 --
  wrote 289002 lines -> data_raw/ookay/capacity/capacity_dense3_random_20260908T231044Z.csv
  wrote 289002 lines -> data_raw/ookay/capacity/capacity_dense3_sequential_20260908T231044Z.csv
Wrote 289 summary rows to data_processed/ookay/capacity/dense3_random_summary.csv
Wrote 289 summary rows to data_processed/ookay/capacity/dense3_sequential_summary.csv
-- dense sweep around boundary 7692384 bytes: 961548-61539072 --
  wrote 289002 lines -> data_raw/ookay/capacity/capacity_dense4_random_20260908T231044Z.csv
  wrote 289002 lines -> data_raw/ookay/capacity/capacity_dense4_sequential_20260908T231044Z.csv
Wrote 289 summary rows to data_processed/ookay/capacity/dense4_random_summary.csv
Wrote 289 summary rows to data_processed/ookay/capacity/dense4_sequential_summary.csv
-- dense sweep around boundary 11863280 bytes: 1482910-94906240 --
  wrote 289002 lines -> data_raw/ookay/capacity/capacity_dense5_random_20260908T231044Z.csv
  wrote 289002 lines -> data_raw/ookay/capacity/capacity_dense5_sequential_20260908T231044Z.csv
Wrote 289 summary rows to data_processed/ookay/capacity/dense5_random_summary.csv
Wrote 289 summary rows to data_processed/ookay/capacity/dense5_sequential_summary.csv
  -- repeat 1/2 of deepest boundary's dense window --
  wrote 289002 lines -> data_raw/ookay/capacity/capacity_dense5_rep1_random_20260908T231044Z.csv
  wrote 289002 lines -> data_raw/ookay/capacity/capacity_dense5_rep1_sequential_20260908T231044Z.csv
Wrote 289 summary rows to data_processed/ookay/capacity/dense5_rep1_random_summary.csv
Wrote 289 summary rows to data_processed/ookay/capacity/dense5_rep1_sequential_summary.csv
  -- repeat 2/2 of deepest boundary's dense window --
  wrote 289002 lines -> data_raw/ookay/capacity/capacity_dense5_rep2_random_20260908T231044Z.csv
  wrote 289002 lines -> data_raw/ookay/capacity/capacity_dense5_rep2_sequential_20260908T231044Z.csv
Wrote 289 summary rows to data_processed/ookay/capacity/dense5_rep2_random_summary.csv
Wrote 289 summary rows to data_processed/ookay/capacity/dense5_rep2_sequential_summary.csv
-- dense sweep past deepest boundary, checking for a further plateau: 67108864-268435456 --
  wrote 97002 lines -> data_raw/ookay/capacity/capacity_denseTail_random_20260908T231044Z.csv
  wrote 97002 lines -> data_raw/ookay/capacity/capacity_denseTail_sequential_20260908T231044Z.csv
Wrote 97 summary rows to data_processed/ookay/capacity/denseTail_random_summary.csv
Wrote 97 summary rows to data_processed/ookay/capacity/denseTail_sequential_summary.csv
-- generating plots --
Traceback (most recent call last):
  File "/home/nsngo/ECE592/Proj1-Cache-Reverse-Engineering/scripts/plot_capacity.py", line 33, in <module>
    import matplotlib
ModuleNotFoundError: No module named 'matplotlib'
