== run_inclusion_policy_full: machine=thunderbird core=4 base_seed=12345 ==
== assumed_line_size_bytes=128 (confirmed for Sunbird 2026-09-11; verify for other machines) ==
== timestamp=20260913T180932Z ==

== L2_vs_LLC: target_bytes=1048576 lower_level_bytes=31457280 -> evict_bytes=1006632960 (scaled 4096/128x) ==
-- survived-class calibration (evict_bytes=target_bytes, nothing evicted) --
  survived-class (single-shot, calibrated here): 1.002 ticks
  invalidated-class (from data_processed/thunderbird/latency/miss/LLC_to_DRAM/base_random_summary_20260913T061738Z.csv): 4.0 ticks
-- base (seed=12345) --
  wrote 402 lines -> data_raw/thunderbird/inclusion_policy/L2_vs_LLC/inclusion_policy_base_random_20260913T180932Z.csv (pattern=random seed=12345)
Wrote 2 summary rows to data_processed/thunderbird/inclusion_policy/L2_vs_LLC/base_random_summary_20260913T180932Z.csv
  wrote 402 lines -> data_raw/thunderbird/inclusion_policy/L2_vs_LLC/inclusion_policy_base_sequential_20260913T180932Z.csv (pattern=sequential seed=12345)
Wrote 2 summary rows to data_processed/thunderbird/inclusion_policy/L2_vs_LLC/base_sequential_summary_20260913T180932Z.csv
-- rep1 (seed=12346) --
  wrote 402 lines -> data_raw/thunderbird/inclusion_policy/L2_vs_LLC/inclusion_policy_rep1_random_20260913T180932Z.csv (pattern=random seed=12346)
Wrote 2 summary rows to data_processed/thunderbird/inclusion_policy/L2_vs_LLC/rep1_random_summary_20260913T180932Z.csv
  wrote 402 lines -> data_raw/thunderbird/inclusion_policy/L2_vs_LLC/inclusion_policy_rep1_sequential_20260913T180932Z.csv (pattern=sequential seed=12346)
Wrote 2 summary rows to data_processed/thunderbird/inclusion_policy/L2_vs_LLC/rep1_sequential_summary_20260913T180932Z.csv
-- rep2 (seed=12347) --
  wrote 402 lines -> data_raw/thunderbird/inclusion_policy/L2_vs_LLC/inclusion_policy_rep2_random_20260913T180932Z.csv (pattern=random seed=12347)
Wrote 2 summary rows to data_processed/thunderbird/inclusion_policy/L2_vs_LLC/rep2_random_summary_20260913T180932Z.csv
  wrote 402 lines -> data_raw/thunderbird/inclusion_policy/L2_vs_LLC/inclusion_policy_rep2_sequential_20260913T180932Z.csv (pattern=sequential seed=12347)
Wrote 2 summary rows to data_processed/thunderbird/inclusion_policy/L2_vs_LLC/rep2_sequential_summary_20260913T180932Z.csv
Survived-class (upper-level hit) median:       1.00 ticks
Invalidated-class (beyond-lower-level) median: 4.00 ticks
Classification boundary (geometric mean):      2.00 ticks

TARGET channel  (n=200): median=3.0 mean=2.9 ticks -- 0 survived-like (0.0%), 47 ambiguous, 153 invalidated-like (76.5%)
CONTROL channel (n=200): median=1.0 mean=1.0 ticks -- 197 survived-like (98.5%), 3 ambiguous, 0 invalidated-like (0.0%)
Paired check: target read slower than its own trial's control in 99.5% of trials (distribution-free, independent of the class boundary above)

VERDICT: UNCERTAIN (mixed result -- do not claim a global policy from this alone)
-- generating plots for L2_vs_LLC --
  note: ('target', 'random') has 3 overlapping summary rows with medians [3.0, 2.0, 2.0] (spread 1.0 ticks, 42.9%) -- averaging, widening whiskers to the union
Wrote data_processed/thunderbird/inclusion_policy/L2_vs_LLC/plots/inclusion_policy_boxplots.pdf and .png
-- compressing raw CSVs for L2_vs_LLC --

== L1_vs_LLC: target_bytes=65536 lower_level_bytes=31457280 -> evict_bytes=1006632960 (scaled 4096/128x) ==
-- survived-class calibration (evict_bytes=target_bytes, nothing evicted) --
  survived-class (single-shot, calibrated here): 0.9 ticks
  invalidated-class (from data_processed/thunderbird/latency/miss/LLC_to_DRAM/base_random_summary_20260913T061738Z.csv): 4.0 ticks
-- base (seed=12345) --
  wrote 402 lines -> data_raw/thunderbird/inclusion_policy/L1_vs_LLC/inclusion_policy_base_random_20260913T180932Z.csv (pattern=random seed=12345)
Wrote 2 summary rows to data_processed/thunderbird/inclusion_policy/L1_vs_LLC/base_random_summary_20260913T180932Z.csv
  wrote 402 lines -> data_raw/thunderbird/inclusion_policy/L1_vs_LLC/inclusion_policy_base_sequential_20260913T180932Z.csv (pattern=sequential seed=12345)
Wrote 2 summary rows to data_processed/thunderbird/inclusion_policy/L1_vs_LLC/base_sequential_summary_20260913T180932Z.csv
-- rep1 (seed=12346) --
  wrote 402 lines -> data_raw/thunderbird/inclusion_policy/L1_vs_LLC/inclusion_policy_rep1_random_20260913T180932Z.csv (pattern=random seed=12346)
Wrote 2 summary rows to data_processed/thunderbird/inclusion_policy/L1_vs_LLC/rep1_random_summary_20260913T180932Z.csv
  wrote 402 lines -> data_raw/thunderbird/inclusion_policy/L1_vs_LLC/inclusion_policy_rep1_sequential_20260913T180932Z.csv (pattern=sequential seed=12346)
Wrote 2 summary rows to data_processed/thunderbird/inclusion_policy/L1_vs_LLC/rep1_sequential_summary_20260913T180932Z.csv
-- rep2 (seed=12347) --
  wrote 402 lines -> data_raw/thunderbird/inclusion_policy/L1_vs_LLC/inclusion_policy_rep2_random_20260913T180932Z.csv (pattern=random seed=12347)
Wrote 2 summary rows to data_processed/thunderbird/inclusion_policy/L1_vs_LLC/rep2_random_summary_20260913T180932Z.csv
  wrote 402 lines -> data_raw/thunderbird/inclusion_policy/L1_vs_LLC/inclusion_policy_rep2_sequential_20260913T180932Z.csv (pattern=sequential seed=12347)
Wrote 2 summary rows to data_processed/thunderbird/inclusion_policy/L1_vs_LLC/rep2_sequential_summary_20260913T180932Z.csv
Survived-class (upper-level hit) median:       0.90 ticks
Invalidated-class (beyond-lower-level) median: 4.00 ticks
Classification boundary (geometric mean):      1.90 ticks

TARGET channel  (n=200): median=1.0 mean=1.2 ticks -- 161 survived-like (80.5%), 37 ambiguous, 2 invalidated-like (1.0%)
CONTROL channel (n=200): median=1.0 mean=1.1 ticks -- 183 survived-like (91.5%), 16 ambiguous, 1 invalidated-like (0.5%)
Paired check: target read slower than its own trial's control in 13.0% of trials (distribution-free, independent of the class boundary above)

VERDICT: EXCLUSIVE / NON-INCLUSIVE (upper-level copy consistently survived lower-level eviction)
-- generating plots for L1_vs_LLC --
Wrote data_processed/thunderbird/inclusion_policy/L1_vs_LLC/plots/inclusion_policy_boxplots.pdf and .png
-- compressing raw CSVs for L1_vs_LLC --

== done ==
== L2_vs_LLC: VERDICT: UNCERTAIN (mixed result -- do not claim a global policy from this alone) ==
== L1_vs_LLC: VERDICT: EXCLUSIVE / NON-INCLUSIVE (upper-level copy consistently survived lower-level eviction) ==
== record in data_raw/thunderbird/README.md: core=4, base_seed=12345 (repeats use base_seed+index), trials=200, assumed_line_size_bytes=128, timestamp=20260913T180932Z ==
== full transcript saved to: data_raw/thunderbird/inclusion_policy/run_inclusion_policy_full_20260913T180932Z.log ==
