=== Machine identification (Phase Discipline whitelist only) ===
c207n05
Linux c207n05 5.14.0-611.5.1.el9_7.x86_64 #1 SMP PREEMPT_DYNAMIC Fri Oct 17 14:16:35 EDT 2025 x86_64 x86_64 x86_64 GNU/Linux
model name	: Intel(R) Xeon(R) CPU E5-2650 v3 @ 2.30GHz
CPU CORE SOCKET NODE
  0    0      0    0
  1    1      0    0
  2    2      0    0
  3    3      0    0
  4    4      0    0
  5    5      0    0
  6    6      0    0
  7    7      0    0
  8    8      0    0
  9    9      0    0
 10   10      1    1
 11   11      1    1
 12   12      1    1
 13   13      1    1
 14   14      1    1
 15   15      1    1
 16   16      1    1
 17   17      1    1
 18   18      1    1
 19   19      1    1
Assigned logical CPU (physcpubind, informational -- srun --cpu-bind=cores does the real pinning): 10
SLURM_JOB_ID=842707

=== Phase Discipline gate check: is predictions-frozen an ancestor of HEAD? ===
OK -- predictions-frozen confirmed ancestor of HEAD, proceeding.

=== Running scripts/run_capacity_full.sh (HAZEL_MODE=1) for hazel_haswell/capacity_rerun ===
== run_capacity_full: machine=hazel_haswell/capacity_rerun core=10 coarse_max=67108864 seed=12345 ==
== timestamp=20260915T143524Z ==
-- coarse sweep 1024-67108864 bytes --
  wrote 129002 lines -> data_raw/hazel_haswell/capacity_rerun/capacity/capacity_coarse_random_20260915T143524Z.csv
  wrote 129002 lines -> data_raw/hazel_haswell/capacity_rerun/capacity/capacity_coarse_sequential_20260915T143524Z.csv
Wrote 129 summary rows to data_processed/hazel_haswell/capacity_rerun/capacity/coarse_random_summary.csv
Wrote 129 summary rows to data_processed/hazel_haswell/capacity_rerun/capacity/coarse_sequential_summary.csv
-- tail-extension sweep 67108864-268435456 bytes --
  wrote 17002 lines -> data_raw/hazel_haswell/capacity_rerun/capacity/capacity_coarse_ext_random_20260915T143524Z.csv
  wrote 17002 lines -> data_raw/hazel_haswell/capacity_rerun/capacity/capacity_coarse_ext_sequential_20260915T143524Z.csv
Wrote 17 summary rows to data_processed/hazel_haswell/capacity_rerun/capacity/coarse_ext_random_summary.csv
Wrote 17 summary rows to data_processed/hazel_haswell/capacity_rerun/capacity/coarse_ext_sequential_summary.csv
-- detected boundaries (bytes): 285864 5931640 7692384 9147840 --
-- dense sweep around boundary 285864 bytes: 35733-2286912 --
  wrote 289002 lines -> data_raw/hazel_haswell/capacity_rerun/capacity/capacity_dense0_random_20260915T143524Z.csv
  wrote 289002 lines -> data_raw/hazel_haswell/capacity_rerun/capacity/capacity_dense0_sequential_20260915T143524Z.csv
Wrote 289 summary rows to data_processed/hazel_haswell/capacity_rerun/capacity/dense0_random_summary.csv
Wrote 289 summary rows to data_processed/hazel_haswell/capacity_rerun/capacity/dense0_sequential_summary.csv
-- dense sweep around boundary 5931640 bytes: 741455-47453120 --
  wrote 289002 lines -> data_raw/hazel_haswell/capacity_rerun/capacity/capacity_dense1_random_20260915T143524Z.csv
  wrote 289002 lines -> data_raw/hazel_haswell/capacity_rerun/capacity/capacity_dense1_sequential_20260915T143524Z.csv
Wrote 289 summary rows to data_processed/hazel_haswell/capacity_rerun/capacity/dense1_random_summary.csv
Wrote 289 summary rows to data_processed/hazel_haswell/capacity_rerun/capacity/dense1_sequential_summary.csv
-- dense sweep around boundary 7692384 bytes: 961548-61539072 --
  wrote 289002 lines -> data_raw/hazel_haswell/capacity_rerun/capacity/capacity_dense2_random_20260915T143524Z.csv
  wrote 289002 lines -> data_raw/hazel_haswell/capacity_rerun/capacity/capacity_dense2_sequential_20260915T143524Z.csv
Wrote 289 summary rows to data_processed/hazel_haswell/capacity_rerun/capacity/dense2_random_summary.csv
Wrote 289 summary rows to data_processed/hazel_haswell/capacity_rerun/capacity/dense2_sequential_summary.csv
-- dense sweep around boundary 9147840 bytes: 1143480-73182720 --
  wrote 289002 lines -> data_raw/hazel_haswell/capacity_rerun/capacity/capacity_dense3_random_20260915T143524Z.csv
  wrote 289002 lines -> data_raw/hazel_haswell/capacity_rerun/capacity/capacity_dense3_sequential_20260915T143524Z.csv
Wrote 289 summary rows to data_processed/hazel_haswell/capacity_rerun/capacity/dense3_random_summary.csv
Wrote 289 summary rows to data_processed/hazel_haswell/capacity_rerun/capacity/dense3_sequential_summary.csv
  -- repeat 1/2 of deepest boundary's dense window --
  wrote 289002 lines -> data_raw/hazel_haswell/capacity_rerun/capacity/capacity_dense3_rep1_random_20260915T143524Z.csv
  wrote 289002 lines -> data_raw/hazel_haswell/capacity_rerun/capacity/capacity_dense3_rep1_sequential_20260915T143524Z.csv
Wrote 289 summary rows to data_processed/hazel_haswell/capacity_rerun/capacity/dense3_rep1_random_summary.csv
Wrote 289 summary rows to data_processed/hazel_haswell/capacity_rerun/capacity/dense3_rep1_sequential_summary.csv
  -- repeat 2/2 of deepest boundary's dense window --
  wrote 289002 lines -> data_raw/hazel_haswell/capacity_rerun/capacity/capacity_dense3_rep2_random_20260915T143524Z.csv
  wrote 289002 lines -> data_raw/hazel_haswell/capacity_rerun/capacity/capacity_dense3_rep2_sequential_20260915T143524Z.csv
Wrote 289 summary rows to data_processed/hazel_haswell/capacity_rerun/capacity/dense3_rep2_random_summary.csv
Wrote 289 summary rows to data_processed/hazel_haswell/capacity_rerun/capacity/dense3_rep2_sequential_summary.csv
-- dense sweep past deepest boundary, checking for a further plateau: 67108864-268435456 --
  wrote 97002 lines -> data_raw/hazel_haswell/capacity_rerun/capacity/capacity_denseTail_random_20260915T143524Z.csv
  wrote 97002 lines -> data_raw/hazel_haswell/capacity_rerun/capacity/capacity_denseTail_sequential_20260915T143524Z.csv
Wrote 97 summary rows to data_processed/hazel_haswell/capacity_rerun/capacity/denseTail_random_summary.csv
Wrote 97 summary rows to data_processed/hazel_haswell/capacity_rerun/capacity/denseTail_sequential_summary.csv
-- generating plots --
  note: 1.83401 MiB (random) has 6 overlapping summary rows with medians [46.0, 54.6, 45.8, 61.7, 48.0, 49.2] (spread 15.9 ticks, 31.2%) -- averaging, widening whiskers to the union
  note: 2 MiB (random) has 4 overlapping summary rows with medians [42.9, 42.1, 52.2, 45.1] (spread 10.0 ticks, 22.0%) -- averaging, widening whiskers to the union
  note: 2.37841 MiB (random) has 6 overlapping summary rows with medians [51.6, 41.3, 41.6, 95.3, 67.2, 50.0] (spread 54.0 ticks, 93.4%) -- averaging, widening whiskers to the union
  note: 2.59367 MiB (random) has 6 overlapping summary rows with medians [51.3, 42.3, 43.1, 44.0, 120.4, 43.9] (spread 78.1 ticks, 135.8%) -- averaging, widening whiskers to the union
  note: 2.82842 MiB (random) has 6 overlapping summary rows with medians [44.1, 43.2, 43.4, 76.2, 154.0, 47.0] (spread 110.8 ticks, 163.0%) -- averaging, widening whiskers to the union
  note: 3.08442 MiB (random) has 6 overlapping summary rows with medians [44.4, 48.9, 52.8, 45.9, 161.2, 51.8] (spread 116.8 ticks, 173.0%) -- averaging, widening whiskers to the union
  note: 3.36358 MiB (random) has 6 overlapping summary rows with medians [46.4, 51.8, 45.8, 127.5, 82.2, 70.9] (spread 81.7 ticks, 115.4%) -- averaging, widening whiskers to the union
  note: 3.66801 MiB (random) has 6 overlapping summary rows with medians [54.3, 47.5, 48.8, 114.3, 93.3, 59.1] (spread 66.8 ticks, 96.1%) -- averaging, widening whiskers to the union
  note: 4.36203 MiB (random) has 5 overlapping summary rows with medians [45.9, 70.6, 152.8, 176.1, 63.8] (spread 130.1 ticks, 127.8%) -- averaging, widening whiskers to the union
  note: 5.18736 MiB (random) has 6 overlapping summary rows with medians [60.7, 139.7, 148.7, 146.1, 148.3, 174.1] (spread 113.4 ticks, 83.2%) -- averaging, widening whiskers to the union
  note: 5.65685 MiB (random) has 5 overlapping summary rows with medians [114.2, 117.6, 159.8, 149.7, 172.0] (spread 57.8 ticks, 40.6%) -- averaging, widening whiskers to the union
  note: 6.16884 MiB (random) has 6 overlapping summary rows with medians [66.9, 67.5, 150.2, 173.4, 62.0, 172.2] (spread 111.3 ticks, 96.5%) -- averaging, widening whiskers to the union
  note: 6.72717 MiB (random) has 6 overlapping summary rows with medians [130.4, 133.2, 108.3, 145.7, 148.4, 193.3] (spread 85.0 ticks, 59.4%) -- averaging, widening whiskers to the union
  note: 7.33603 MiB (random) has 6 overlapping summary rows with medians [79.8, 154.7, 139.9, 177.7, 200.2, 188.2] (spread 120.3 ticks, 76.8%) -- averaging, widening whiskers to the union
  note: 8.72406 MiB (random) has 4 overlapping summary rows with medians [117.1, 183.6, 197.3, 201.8] (spread 84.6 ticks, 48.4%) -- averaging, widening whiskers to the union
  note: 1.68179 MiB (random) has 5 overlapping summary rows with medians [53.1, 45.4, 48.2, 51.3, 59.0] (spread 13.7 ticks, 26.6%) -- averaging, widening whiskers to the union
  note: 1.70625 MiB (random) has 5 overlapping summary rows with medians [45.7, 45.4, 50.3, 56.7, 56.7] (spread 11.3 ticks, 22.1%) -- averaging, widening whiskers to the union
  note: 1.86068 MiB (random) has 5 overlapping summary rows with medians [54.8, 45.8, 55.8, 48.5, 58.6] (spread 12.7 ticks, 24.2%) -- averaging, widening whiskers to the union
  note: 1.88774 MiB (random) has 5 overlapping summary rows with medians [46.2, 45.9, 54.2, 58.9, 53.6] (spread 13.0 ticks, 25.1%) -- averaging, widening whiskers to the union
  note: 1.9152 MiB (random) has 5 overlapping summary rows with medians [45.9, 45.9, 62.9, 54.1, 52.7] (spread 17.0 ticks, 32.4%) -- averaging, widening whiskers to the union
  note: 1.94306 MiB (random) has 5 overlapping summary rows with medians [46.1, 46.1, 71.0, 49.1, 54.0] (spread 25.0 ticks, 46.9%) -- averaging, widening whiskers to the union
  note: 2.02908 MiB (random) has 5 overlapping summary rows with medians [40.8, 41.6, 46.3, 51.6, 48.5] (spread 10.8 ticks, 23.6%) -- averaging, widening whiskers to the union
  note: 2.08855 MiB (random) has 5 overlapping summary rows with medians [41.9, 41.0, 51.7, 51.6, 47.7] (spread 10.7 ticks, 22.9%) -- averaging, widening whiskers to the union
  note: 2.11892 MiB (random) has 5 overlapping summary rows with medians [40.6, 40.6, 47.6, 54.0, 47.4] (spread 13.4 ticks, 29.1%) -- averaging, widening whiskers to the union
  note: 2.14974 MiB (random) has 5 overlapping summary rows with medians [40.6, 40.9, 47.6, 50.3, 48.0] (spread 9.6 ticks, 21.2%) -- averaging, widening whiskers to the union
  note: 2.21274 MiB (random) has 5 overlapping summary rows with medians [42.2, 47.4, 100.3, 49.1, 48.6] (spread 58.0 ticks, 100.9%) -- averaging, widening whiskers to the union
  note: 2.24492 MiB (random) has 5 overlapping summary rows with medians [45.8, 47.4, 48.8, 90.3, 48.4] (spread 44.5 ticks, 79.2%) -- averaging, widening whiskers to the union
  note: 2.27757 MiB (random) has 5 overlapping summary rows with medians [47.5, 42.2, 48.5, 61.9, 48.8] (spread 19.6 ticks, 39.4%) -- averaging, widening whiskers to the union
  note: 2.3107 MiB (random) has 5 overlapping summary rows with medians [42.3, 50.1, 49.6, 62.5, 48.8] (spread 20.1 ticks, 39.8%) -- averaging, widening whiskers to the union
  note: 2.34431 MiB (random) has 5 overlapping summary rows with medians [49.8, 41.7, 51.4, 69.6, 48.8] (spread 27.9 ticks, 53.4%) -- averaging, widening whiskers to the union
  note: 2.413 MiB (random) has 5 overlapping summary rows with medians [41.5, 41.7, 50.4, 59.0, 50.1] (spread 17.5 ticks, 36.1%) -- averaging, widening whiskers to the union
  note: 2.4481 MiB (random) has 5 overlapping summary rows with medians [41.7, 41.7, 55.7, 49.6, 60.6] (spread 18.9 ticks, 37.9%) -- averaging, widening whiskers to the union
  note: 2.48371 MiB (random) has 5 overlapping summary rows with medians [41.9, 45.5, 79.3, 52.4, 90.9] (spread 49.0 ticks, 79.1%) -- averaging, widening whiskers to the union
  note: 2.51984 MiB (random) has 5 overlapping summary rows with medians [42.0, 52.9, 52.7, 59.5, 85.3] (spread 43.3 ticks, 74.0%) -- averaging, widening whiskers to the union
  note: 2.55649 MiB (random) has 5 overlapping summary rows with medians [42.2, 53.4, 101.9, 93.4, 44.1] (spread 59.8 ticks, 89.2%) -- averaging, widening whiskers to the union
  note: 2.6314 MiB (random) has 5 overlapping summary rows with medians [42.4, 43.0, 46.3, 107.7, 47.5] (spread 65.3 ticks, 113.8%) -- averaging, widening whiskers to the union
  note: 2.66968 MiB (random) has 5 overlapping summary rows with medians [42.7, 42.7, 46.4, 119.1, 61.3] (spread 76.4 ticks, 122.4%) -- averaging, widening whiskers to the union
  note: 2.7085 MiB (random) has 5 overlapping summary rows with medians [42.8, 42.7, 48.5, 108.5, 82.8] (spread 65.8 ticks, 101.2%) -- averaging, widening whiskers to the union
  note: 2.7479 MiB (random) has 5 overlapping summary rows with medians [42.9, 42.9, 70.2, 120.0, 107.3] (spread 77.1 ticks, 100.6%) -- averaging, widening whiskers to the union
  note: 2.78787 MiB (random) has 5 overlapping summary rows with medians [42.9, 43.1, 66.4, 117.7, 45.6] (spread 74.8 ticks, 118.4%) -- averaging, widening whiskers to the union
  note: 2.86956 MiB (random) has 5 overlapping summary rows with medians [44.1, 57.1, 66.8, 71.3, 47.9] (spread 27.3 ticks, 47.5%) -- averaging, widening whiskers to the union
  note: 2.9113 MiB (random) has 5 overlapping summary rows with medians [55.1, 44.6, 90.4, 71.2, 55.8] (spread 45.8 ticks, 72.2%) -- averaging, widening whiskers to the union
  note: 2.95365 MiB (random) has 5 overlapping summary rows with medians [49.3, 44.8, 110.7, 87.9, 48.2] (spread 65.9 ticks, 96.6%) -- averaging, widening whiskers to the union
  note: 2.99661 MiB (random) has 5 overlapping summary rows with medians [54.7, 44.9, 85.5, 137.0, 47.3] (spread 92.1 ticks, 124.7%) -- averaging, widening whiskers to the union
  note: 3.0402 MiB (random) has 5 overlapping summary rows with medians [45.0, 45.4, 91.2, 146.4, 49.0] (spread 101.4 ticks, 134.5%) -- averaging, widening whiskers to the union
  note: 3.12928 MiB (random) has 5 overlapping summary rows with medians [44.1, 52.5, 51.0, 158.2, 47.9] (spread 114.1 ticks, 161.3%) -- averaging, widening whiskers to the union
  note: 3.1748 MiB (random) has 5 overlapping summary rows with medians [45.1, 54.2, 49.2, 159.0, 49.6] (spread 113.9 ticks, 159.4%) -- averaging, widening whiskers to the union
  note: 3.22098 MiB (random) has 5 overlapping summary rows with medians [50.5, 54.3, 97.5, 52.2, 47.2] (spread 50.3 ticks, 83.3%) -- averaging, widening whiskers to the union
  note: 3.26783 MiB (random) has 5 overlapping summary rows with medians [51.8, 53.8, 128.1, 61.9, 48.1] (spread 80.0 ticks, 116.4%) -- averaging, widening whiskers to the union
  note: 3.31536 MiB (random) has 5 overlapping summary rows with medians [52.0, 46.5, 109.7, 68.5, 63.8] (spread 63.1 ticks, 92.7%) -- averaging, widening whiskers to the union
  note: 3.41251 MiB (random) has 5 overlapping summary rows with medians [48.3, 45.8, 133.3, 99.3, 59.4] (spread 87.5 ticks, 113.3%) -- averaging, widening whiskers to the union
  note: 3.46214 MiB (random) has 5 overlapping summary rows with medians [47.1, 46.3, 131.5, 119.8, 70.2] (spread 85.2 ticks, 102.7%) -- averaging, widening whiskers to the union
  note: 3.5125 MiB (random) has 5 overlapping summary rows with medians [46.7, 47.3, 56.5, 86.9, 66.0] (spread 40.2 ticks, 66.3%) -- averaging, widening whiskers to the union
  note: 3.56359 MiB (random) has 5 overlapping summary rows with medians [46.8, 47.4, 53.2, 79.1, 70.4] (spread 32.3 ticks, 54.4%) -- averaging, widening whiskers to the union
  note: 3.61543 MiB (random) has 5 overlapping summary rows with medians [47.1, 57.0, 117.2, 99.4, 70.4] (spread 70.1 ticks, 89.6%) -- averaging, widening whiskers to the union
  note: 3.72137 MiB (random) has 5 overlapping summary rows with medians [48.2, 49.6, 83.3, 177.2, 48.1] (spread 129.2 ticks, 158.9%) -- averaging, widening whiskers to the union
  note: 3.77549 MiB (random) has 5 overlapping summary rows with medians [48.6, 50.2, 64.7, 73.7, 51.2] (spread 25.1 ticks, 43.5%) -- averaging, widening whiskers to the union
  note: 3.83041 MiB (random) has 5 overlapping summary rows with medians [49.6, 57.9, 67.6, 164.0, 130.3] (spread 114.4 ticks, 121.8%) -- averaging, widening whiskers to the union
  note: 3.88612 MiB (random) has 5 overlapping summary rows with medians [86.1, 48.2, 69.8, 165.9, 67.0] (spread 117.7 ticks, 134.6%) -- averaging, widening whiskers to the union
  note: 3.94265 MiB (random) has 5 overlapping summary rows with medians [47.6, 48.7, 63.6, 156.0, 59.8] (spread 108.4 ticks, 144.2%) -- averaging, widening whiskers to the union
  note: 3.99999 MiB (random) has 5 overlapping summary rows with medians [56.1, 60.5, 68.3, 134.6, 56.0] (spread 78.6 ticks, 104.7%) -- averaging, widening whiskers to the union
  note: 4.05817 MiB (random) has 5 overlapping summary rows with medians [47.7, 65.3, 74.9, 171.4, 57.7] (spread 123.7 ticks, 148.3%) -- averaging, widening whiskers to the union
  note: 4.1172 MiB (random) has 5 overlapping summary rows with medians [48.5, 55.9, 65.8, 66.1, 107.5] (spread 59.0 ticks, 85.8%) -- averaging, widening whiskers to the union
  note: 4.17709 MiB (random) has 5 overlapping summary rows with medians [51.5, 55.4, 144.7, 69.5, 56.9] (spread 93.2 ticks, 123.3%) -- averaging, widening whiskers to the union
  note: 4.23785 MiB (random) has 5 overlapping summary rows with medians [56.0, 55.1, 136.2, 172.1, 58.1] (spread 117.1 ticks, 122.6%) -- averaging, widening whiskers to the union
  note: 4.29949 MiB (random) has 5 overlapping summary rows with medians [56.7, 54.6, 153.7, 93.6, 130.9] (spread 99.1 ticks, 101.2%) -- averaging, widening whiskers to the union
  note: 4.42548 MiB (random) has 5 overlapping summary rows with medians [69.1, 55.7, 160.0, 122.2, 49.9] (spread 110.1 ticks, 120.4%) -- averaging, widening whiskers to the union
  note: 4.48985 MiB (random) has 5 overlapping summary rows with medians [115.0, 72.0, 72.0, 95.6, 154.1] (spread 82.1 ticks, 80.7%) -- averaging, widening whiskers to the union
  note: 4.55515 MiB (random) has 5 overlapping summary rows with medians [49.3, 48.2, 111.3, 142.2, 152.9] (spread 104.7 ticks, 103.9%) -- averaging, widening whiskers to the union
  note: 4.62141 MiB (random) has 5 overlapping summary rows with medians [50.2, 49.0, 126.3, 173.7, 178.9] (spread 129.9 ticks, 112.4%) -- averaging, widening whiskers to the union
  note: 4.68863 MiB (random) has 4 overlapping summary rows with medians [117.7, 125.3, 57.3, 180.0] (spread 122.8 ticks, 102.2%) -- averaging, widening whiskers to the union
  note: 4.75682 MiB (random) has 5 overlapping summary rows with medians [120.2, 103.0, 107.9, 115.1, 127.3] (spread 24.4 ticks, 21.2%) -- averaging, widening whiskers to the union
  note: 4.82601 MiB (random) has 5 overlapping summary rows with medians [129.4, 101.0, 123.8, 67.0, 180.8] (spread 113.9 ticks, 94.6%) -- averaging, widening whiskers to the union
  note: 4.89621 MiB (random) has 5 overlapping summary rows with medians [123.9, 91.4, 86.0, 151.9, 145.3] (spread 66.0 ticks, 55.1%) -- averaging, widening whiskers to the union
  note: 4.96743 MiB (random) has 4 overlapping summary rows with medians [49.2, 53.5, 66.1, 154.7] (spread 105.5 ticks, 130.5%) -- averaging, widening whiskers to the union
  note: 5.03968 MiB (random) has 5 overlapping summary rows with medians [51.1, 50.9, 86.7, 138.5, 170.2] (spread 119.3 ticks, 119.9%) -- averaging, widening whiskers to the union
  note: 5.11298 MiB (random) has 5 overlapping summary rows with medians [130.5, 54.3, 138.4, 71.7, 149.8] (spread 95.5 ticks, 87.7%) -- averaging, widening whiskers to the union
  note: 5.2628 MiB (random) has 5 overlapping summary rows with medians [137.2, 147.6, 152.2, 82.8, 159.1] (spread 76.3 ticks, 56.2%) -- averaging, widening whiskers to the union
  note: 5.33936 MiB (random) has 5 overlapping summary rows with medians [139.2, 154.5, 54.2, 135.3, 182.0] (spread 127.8 ticks, 96.1%) -- averaging, widening whiskers to the union
  note: 5.41702 MiB (random) has 5 overlapping summary rows with medians [58.8, 55.2, 65.8, 162.6, 190.0] (spread 134.8 ticks, 126.6%) -- averaging, widening whiskers to the union
  note: 5.49581 MiB (random) has 5 overlapping summary rows with medians [134.8, 68.6, 153.3, 153.2, 120.3] (spread 84.7 ticks, 67.2%) -- averaging, widening whiskers to the union
  note: 5.57574 MiB (random) has 2 overlapping summary rows with medians [61.3, 151.1] (spread 89.8 ticks, 84.6%) -- averaging, widening whiskers to the union
  note: 5.73913 MiB (random) has 5 overlapping summary rows with medians [120.1, 154.5, 90.9, 63.0, 168.9] (spread 106.0 ticks, 88.7%) -- averaging, widening whiskers to the union
  note: 5.82261 MiB (random) has 5 overlapping summary rows with medians [120.3, 54.4, 144.3, 152.4, 190.9] (spread 136.4 ticks, 103.0%) -- averaging, widening whiskers to the union
  note: 5.9073 MiB (random) has 4 overlapping summary rows with medians [121.6, 102.8, 182.9, 113.5] (spread 80.1 ticks, 61.5%) -- averaging, widening whiskers to the union
  note: 5.99323 MiB (random) has 5 overlapping summary rows with medians [70.9, 161.1, 154.0, 178.4, 190.1] (spread 119.3 ticks, 79.0%) -- averaging, widening whiskers to the union
  note: 6.0804 MiB (random) has 5 overlapping summary rows with medians [61.3, 136.0, 96.5, 188.3, 188.1] (spread 127.1 ticks, 94.8%) -- averaging, widening whiskers to the union
  note: 6.25857 MiB (random) has 5 overlapping summary rows with medians [108.9, 56.1, 128.6, 181.5, 189.0] (spread 132.9 ticks, 100.1%) -- averaging, widening whiskers to the union
  note: 6.3496 MiB (random) has 5 overlapping summary rows with medians [110.8, 118.9, 165.2, 183.4, 190.8] (spread 79.9 ticks, 52.0%) -- averaging, widening whiskers to the union
  note: 6.44196 MiB (random) has 5 overlapping summary rows with medians [90.3, 80.0, 167.6, 77.5, 193.6] (spread 116.1 ticks, 95.3%) -- averaging, widening whiskers to the union
  note: 6.53566 MiB (random) has 4 overlapping summary rows with medians [69.8, 152.4, 135.8, 190.7] (spread 120.9 ticks, 88.2%) -- averaging, widening whiskers to the union
  note: 6.63072 MiB (random) has 5 overlapping summary rows with medians [62.2, 82.5, 161.7, 137.9, 187.3] (spread 125.1 ticks, 99.0%) -- averaging, widening whiskers to the union
  note: 6.82501 MiB (random) has 5 overlapping summary rows with medians [84.4, 101.9, 180.8, 92.7, 173.4] (spread 96.3 ticks, 76.1%) -- averaging, widening whiskers to the union
  note: 6.92429 MiB (random) has 5 overlapping summary rows with medians [87.9, 167.5, 174.4, 180.5, 174.0] (spread 92.7 ticks, 59.1%) -- averaging, widening whiskers to the union
  note: 7.12718 MiB (random) has 5 overlapping summary rows with medians [85.6, 61.5, 160.1, 195.5, 157.7] (spread 134.0 ticks, 101.5%) -- averaging, widening whiskers to the union
  note: 7.23085 MiB (random) has 5 overlapping summary rows with medians [79.4, 133.0, 186.4, 195.3, 168.8] (spread 115.9 ticks, 75.9%) -- averaging, widening whiskers to the union
  note: 7.44273 MiB (random) has 5 overlapping summary rows with medians [155.1, 138.5, 193.1, 198.7, 193.5] (spread 60.2 ticks, 34.2%) -- averaging, widening whiskers to the union
  note: 7.55099 MiB (random) has 5 overlapping summary rows with medians [63.3, 136.8, 193.0, 196.3, 181.8] (spread 133.0 ticks, 86.2%) -- averaging, widening whiskers to the union
  note: 7.66082 MiB (random) has 5 overlapping summary rows with medians [91.0, 164.8, 191.5, 200.7, 189.6] (spread 109.7 ticks, 65.5%) -- averaging, widening whiskers to the union
  note: 7.77225 MiB (random) has 5 overlapping summary rows with medians [93.0, 159.9, 201.9, 186.3, 191.1] (spread 108.9 ticks, 65.4%) -- averaging, widening whiskers to the union
  note: 7.8853 MiB (random) has 5 overlapping summary rows with medians [141.0, 177.4, 191.7, 162.3, 95.1] (spread 96.6 ticks, 62.9%) -- averaging, widening whiskers to the union
  note: 7.99999 MiB (random) has 5 overlapping summary rows with medians [143.2, 149.5, 196.4, 187.0, 197.4] (spread 54.1 ticks, 31.0%) -- averaging, widening whiskers to the union
  note: 8.11636 MiB (random) has 5 overlapping summary rows with medians [125.2, 159.7, 198.7, 199.2, 192.0] (spread 74.0 ticks, 42.3%) -- averaging, widening whiskers to the union
  note: 8.23441 MiB (random) has 5 overlapping summary rows with medians [159.3, 161.5, 182.8, 184.6, 198.2] (spread 38.9 ticks, 22.0%) -- averaging, widening whiskers to the union
  note: 8.4757 MiB (random) has 5 overlapping summary rows with medians [168.2, 96.9, 150.0, 195.0, 193.8] (spread 98.1 ticks, 61.0%) -- averaging, widening whiskers to the union
  note: 8.59898 MiB (random) has 4 overlapping summary rows with medians [162.1, 180.5, 204.1, 205.2] (spread 43.1 ticks, 22.9%) -- averaging, widening whiskers to the union
  note: 8.72405 MiB (random) has 2 overlapping summary rows with medians [165.0, 131.1] (spread 33.8 ticks, 22.9%) -- averaging, widening whiskers to the union
  note: 8.85095 MiB (random) has 5 overlapping summary rows with medians [173.0, 176.8, 132.4, 199.1, 201.5] (spread 69.1 ticks, 39.1%) -- averaging, widening whiskers to the union
  note: 8.97969 MiB (random) has 5 overlapping summary rows with medians [166.1, 127.0, 191.7, 180.8, 194.0] (spread 66.9 ticks, 38.9%) -- averaging, widening whiskers to the union
  note: 9.24281 MiB (random) has 5 overlapping summary rows with medians [176.5, 168.0, 138.6, 193.9, 190.6] (spread 55.4 ticks, 31.9%) -- averaging, widening whiskers to the union
  note: 9.37726 MiB (random) has 4 overlapping summary rows with medians [121.9, 194.4, 147.6, 203.4] (spread 81.6 ticks, 48.9%) -- averaging, widening whiskers to the union
  note: 9.51365 MiB (random) has 5 overlapping summary rows with medians [139.2, 170.1, 198.4, 200.9, 203.9] (spread 64.7 ticks, 35.4%) -- averaging, widening whiskers to the union
  note: 10.0794 MiB (random) has 5 overlapping summary rows with medians [192.3, 115.0, 204.4, 188.3, 182.0] (spread 89.4 ticks, 50.7%) -- averaging, widening whiskers to the union
  note: 10.226 MiB (random) has 5 overlapping summary rows with medians [174.9, 152.3, 202.8, 192.5, 192.6] (spread 50.5 ticks, 27.6%) -- averaging, widening whiskers to the union
  note: 10.5256 MiB (random) has 5 overlapping summary rows with medians [127.0, 179.8, 196.4, 203.5, 192.3] (spread 76.4 ticks, 42.5%) -- averaging, widening whiskers to the union
  note: 10.834 MiB (random) has 5 overlapping summary rows with medians [158.0, 174.4, 199.1, 209.3, 195.9] (spread 51.3 ticks, 27.4%) -- averaging, widening whiskers to the union
  note: 11.1515 MiB (random) has 5 overlapping summary rows with medians [132.2, 149.1, 197.6, 209.6, 197.0] (spread 77.4 ticks, 43.7%) -- averaging, widening whiskers to the union
  note: 11.6452 MiB (random) has 5 overlapping summary rows with medians [145.5, 181.8, 203.8, 200.9, 193.2] (spread 58.2 ticks, 31.5%) -- averaging, widening whiskers to the union
  note: 11.9865 MiB (random) has 5 overlapping summary rows with medians [195.1, 166.8, 201.0, 204.3, 209.7] (spread 42.9 ticks, 22.0%) -- averaging, widening whiskers to the union
  note: 14.2544 MiB (random) has 5 overlapping summary rows with medians [168.3, 185.7, 207.4, 206.3, 199.5] (spread 39.2 ticks, 20.2%) -- averaging, widening whiskers to the union
Wrote data_processed/hazel_haswell/capacity_rerun/capacity/plots/capacity_curve.pdf and .png
Wrote data_processed/hazel_haswell/capacity_rerun/capacity/plots/capacity_boxplots.pdf and .png
-- compressing raw CSVs --
== done ==
== plots: data_processed/hazel_haswell/capacity_rerun/capacity/plots/capacity_curve.{png,pdf}, data_processed/hazel_haswell/capacity_rerun/capacity/plots/capacity_boxplots.{png,pdf} ==
== detected boundaries (bytes): 285864 5931640 7692384 9147840 ==
== record in data_raw/hazel_haswell/capacity_rerun/README.md: core=10, seed=12345, samples=1000000, timestamp=20260915T143524Z ==
== full transcript saved to: data_raw/hazel_haswell/capacity_rerun/capacity/run_capacity_full_20260915T143524Z.log ==

=== Done ===

------------------------------------------------------------
Resource usage summary:

    Job ID            : 842707
    Job name          : hw1_cap_relook
    User / Account    : krchen / ece592f26_cpu
    Partition / QOS   : compute_partners / short
    Submitted         : 2026-09-15T10:35:03
    Started           : 2026-09-15T10:35:23
    Wait time         : 20 sec
    Elapsed (wall)    : 00:39:39
    Nodes             : 1 (c207n05)
    CPUs allocated    : 1
    Tasks             : 1
    CPU time (total)  : 2358.75 sec  (user 2310.99, sys 47.77)
    CPU efficiency    : 99.1%
    Memory in use     : 522.44 MB  (sampled at job end; see seff for peak)
    Memory requested  : 8G
    Working directory : /gpfs_common/share01/titan/krchen/Proj1-Cache-Reverse-Engineering
    Exit code         : 0:0

    For final accounting (Slurm's MaxRSS, billing, etc.):  seff 842707
------------------------------------------------------------
