=== Machine identification (Phase Discipline whitelist only) ===
c207n03
Linux c207n03 5.14.0-611.5.1.el9_7.x86_64 #1 SMP PREEMPT_DYNAMIC Fri Oct 17 14:16:35 EDT 2025 x86_64 x86_64 x86_64 GNU/Linux
model name	: Intel(R) Xeon(R) CPU E5-2650 v3 @ 2.30GHz
Assigned logical CPU: 10, SLURM_JOB_ID=834510

=== Running scripts/run_hit_latency_full.sh (HAZEL_MODE=1) ===
== run_hit_latency_full: machine=hazel_haswell core=10 base_seed=12345 ==
== timestamp=20260914T201700Z ==

== level L1: footprint_bytes=32768 ==
-- base (seed=12345) --
/usr/local/sbin/task_epilog.sh: line 261: /home/krchen/.cache/slurm-summary/834510.c207n03.tmp.1975946: Disk quota exceeded
  wrote 1002 lines -> data_raw/hazel_haswell/latency/hit/L1/hit_latency_base_dependent_random_20260914T201700Z.csv (mode=dependent pattern=random seed=12345)
Wrote 1 summary rows to data_processed/hazel_haswell/latency/hit/L1/base_dependent_random_summary_20260914T201700Z.csv
/usr/local/sbin/task_epilog.sh: line 261: /home/krchen/.cache/slurm-summary/834510.c207n03.tmp.1975990: Disk quota exceeded
  wrote 1002 lines -> data_raw/hazel_haswell/latency/hit/L1/hit_latency_base_dependent_sequential_20260914T201700Z.csv (mode=dependent pattern=sequential seed=12345)
Wrote 1 summary rows to data_processed/hazel_haswell/latency/hit/L1/base_dependent_sequential_summary_20260914T201700Z.csv
/usr/local/sbin/task_epilog.sh: line 261: /home/krchen/.cache/slurm-summary/834510.c207n03.tmp.1976034: Disk quota exceeded
  wrote 1002 lines -> data_raw/hazel_haswell/latency/hit/L1/hit_latency_base_independent_random_20260914T201700Z.csv (mode=independent pattern=random seed=12345)
Wrote 1 summary rows to data_processed/hazel_haswell/latency/hit/L1/base_independent_random_summary_20260914T201700Z.csv
/usr/local/sbin/task_epilog.sh: line 261: /home/krchen/.cache/slurm-summary/834510.c207n03.tmp.1976078: Disk quota exceeded
  wrote 1002 lines -> data_raw/hazel_haswell/latency/hit/L1/hit_latency_base_independent_sequential_20260914T201700Z.csv (mode=independent pattern=sequential seed=12345)
Wrote 1 summary rows to data_processed/hazel_haswell/latency/hit/L1/base_independent_sequential_summary_20260914T201700Z.csv
-- rep1 (seed=12346) --
/usr/local/sbin/task_epilog.sh: line 261: /home/krchen/.cache/slurm-summary/834510.c207n03.tmp.1976122: Disk quota exceeded
  wrote 1002 lines -> data_raw/hazel_haswell/latency/hit/L1/hit_latency_rep1_dependent_random_20260914T201700Z.csv (mode=dependent pattern=random seed=12346)
Wrote 1 summary rows to data_processed/hazel_haswell/latency/hit/L1/rep1_dependent_random_summary_20260914T201700Z.csv
/usr/local/sbin/task_epilog.sh: line 261: /home/krchen/.cache/slurm-summary/834510.c207n03.tmp.1976166: Disk quota exceeded
  wrote 1002 lines -> data_raw/hazel_haswell/latency/hit/L1/hit_latency_rep1_dependent_sequential_20260914T201700Z.csv (mode=dependent pattern=sequential seed=12346)
Wrote 1 summary rows to data_processed/hazel_haswell/latency/hit/L1/rep1_dependent_sequential_summary_20260914T201700Z.csv
/usr/local/sbin/task_epilog.sh: line 261: /home/krchen/.cache/slurm-summary/834510.c207n03.tmp.1976210: Disk quota exceeded
  wrote 1002 lines -> data_raw/hazel_haswell/latency/hit/L1/hit_latency_rep1_independent_random_20260914T201700Z.csv (mode=independent pattern=random seed=12346)
Wrote 1 summary rows to data_processed/hazel_haswell/latency/hit/L1/rep1_independent_random_summary_20260914T201700Z.csv
/usr/local/sbin/task_epilog.sh: line 261: /home/krchen/.cache/slurm-summary/834510.c207n03.tmp.1976254: Disk quota exceeded
  wrote 1002 lines -> data_raw/hazel_haswell/latency/hit/L1/hit_latency_rep1_independent_sequential_20260914T201700Z.csv (mode=independent pattern=sequential seed=12346)
Wrote 1 summary rows to data_processed/hazel_haswell/latency/hit/L1/rep1_independent_sequential_summary_20260914T201700Z.csv
-- rep2 (seed=12347) --
/usr/local/sbin/task_epilog.sh: line 261: /home/krchen/.cache/slurm-summary/834510.c207n03.tmp.1976299: Disk quota exceeded
  wrote 1002 lines -> data_raw/hazel_haswell/latency/hit/L1/hit_latency_rep2_dependent_random_20260914T201700Z.csv (mode=dependent pattern=random seed=12347)
Wrote 1 summary rows to data_processed/hazel_haswell/latency/hit/L1/rep2_dependent_random_summary_20260914T201700Z.csv
/usr/local/sbin/task_epilog.sh: line 261: /home/krchen/.cache/slurm-summary/834510.c207n03.tmp.1976343: Disk quota exceeded
  wrote 1002 lines -> data_raw/hazel_haswell/latency/hit/L1/hit_latency_rep2_dependent_sequential_20260914T201700Z.csv (mode=dependent pattern=sequential seed=12347)
Wrote 1 summary rows to data_processed/hazel_haswell/latency/hit/L1/rep2_dependent_sequential_summary_20260914T201700Z.csv
/usr/local/sbin/task_epilog.sh: line 261: /home/krchen/.cache/slurm-summary/834510.c207n03.tmp.1976387: Disk quota exceeded
  wrote 1002 lines -> data_raw/hazel_haswell/latency/hit/L1/hit_latency_rep2_independent_random_20260914T201700Z.csv (mode=independent pattern=random seed=12347)
Wrote 1 summary rows to data_processed/hazel_haswell/latency/hit/L1/rep2_independent_random_summary_20260914T201700Z.csv
/usr/local/sbin/task_epilog.sh: line 261: /home/krchen/.cache/slurm-summary/834510.c207n03.tmp.1976431: Disk quota exceeded
  wrote 1002 lines -> data_raw/hazel_haswell/latency/hit/L1/hit_latency_rep2_independent_sequential_20260914T201700Z.csv (mode=independent pattern=sequential seed=12347)
Wrote 1 summary rows to data_processed/hazel_haswell/latency/hit/L1/rep2_independent_sequential_summary_20260914T201700Z.csv
-- generating plots for L1 --
random: independent < dependent (6.53 vs 8.12 ticks) [expected]
sequential: independent < dependent (6.45 vs 7.85 ticks) [expected]
Wrote data_processed/hazel_haswell/latency/hit/L1/plots/hit_latency_boxplots.pdf and .png
-- compressing raw CSVs for L1 --

== level L2: footprint_bytes=262144 ==
-- base (seed=12345) --
/usr/local/sbin/task_epilog.sh: line 261: /home/krchen/.cache/slurm-summary/834510.c207n03.tmp.1976479: Disk quota exceeded
  wrote 1002 lines -> data_raw/hazel_haswell/latency/hit/L2/hit_latency_base_dependent_random_20260914T201700Z.csv (mode=dependent pattern=random seed=12345)
Wrote 1 summary rows to data_processed/hazel_haswell/latency/hit/L2/base_dependent_random_summary_20260914T201700Z.csv
/usr/local/sbin/task_epilog.sh: line 261: /home/krchen/.cache/slurm-summary/834510.c207n03.tmp.1976525: Disk quota exceeded
  wrote 1002 lines -> data_raw/hazel_haswell/latency/hit/L2/hit_latency_base_dependent_sequential_20260914T201700Z.csv (mode=dependent pattern=sequential seed=12345)
Wrote 1 summary rows to data_processed/hazel_haswell/latency/hit/L2/base_dependent_sequential_summary_20260914T201700Z.csv
/usr/local/sbin/task_epilog.sh: line 261: /home/krchen/.cache/slurm-summary/834510.c207n03.tmp.1976569: Disk quota exceeded
  wrote 1002 lines -> data_raw/hazel_haswell/latency/hit/L2/hit_latency_base_independent_random_20260914T201700Z.csv (mode=independent pattern=random seed=12345)
Wrote 1 summary rows to data_processed/hazel_haswell/latency/hit/L2/base_independent_random_summary_20260914T201700Z.csv
/usr/local/sbin/task_epilog.sh: line 261: /home/krchen/.cache/slurm-summary/834510.c207n03.tmp.1976613: Disk quota exceeded
  wrote 1002 lines -> data_raw/hazel_haswell/latency/hit/L2/hit_latency_base_independent_sequential_20260914T201700Z.csv (mode=independent pattern=sequential seed=12345)
Wrote 1 summary rows to data_processed/hazel_haswell/latency/hit/L2/base_independent_sequential_summary_20260914T201700Z.csv
-- rep1 (seed=12346) --
/usr/local/sbin/task_epilog.sh: line 261: /home/krchen/.cache/slurm-summary/834510.c207n03.tmp.1976657: Disk quota exceeded
  wrote 1002 lines -> data_raw/hazel_haswell/latency/hit/L2/hit_latency_rep1_dependent_random_20260914T201700Z.csv (mode=dependent pattern=random seed=12346)
Wrote 1 summary rows to data_processed/hazel_haswell/latency/hit/L2/rep1_dependent_random_summary_20260914T201700Z.csv
/usr/local/sbin/task_epilog.sh: line 261: /home/krchen/.cache/slurm-summary/834510.c207n03.tmp.1976701: Disk quota exceeded
  wrote 1002 lines -> data_raw/hazel_haswell/latency/hit/L2/hit_latency_rep1_dependent_sequential_20260914T201700Z.csv (mode=dependent pattern=sequential seed=12346)
Wrote 1 summary rows to data_processed/hazel_haswell/latency/hit/L2/rep1_dependent_sequential_summary_20260914T201700Z.csv
/usr/local/sbin/task_epilog.sh: line 261: /home/krchen/.cache/slurm-summary/834510.c207n03.tmp.1976745: Disk quota exceeded
  wrote 1002 lines -> data_raw/hazel_haswell/latency/hit/L2/hit_latency_rep1_independent_random_20260914T201700Z.csv (mode=independent pattern=random seed=12346)
Wrote 1 summary rows to data_processed/hazel_haswell/latency/hit/L2/rep1_independent_random_summary_20260914T201700Z.csv
/usr/local/sbin/task_epilog.sh: line 261: /home/krchen/.cache/slurm-summary/834510.c207n03.tmp.1976789: Disk quota exceeded
  wrote 1002 lines -> data_raw/hazel_haswell/latency/hit/L2/hit_latency_rep1_independent_sequential_20260914T201700Z.csv (mode=independent pattern=sequential seed=12346)
Wrote 1 summary rows to data_processed/hazel_haswell/latency/hit/L2/rep1_independent_sequential_summary_20260914T201700Z.csv
-- rep2 (seed=12347) --
/usr/local/sbin/task_epilog.sh: line 261: /home/krchen/.cache/slurm-summary/834510.c207n03.tmp.1976833: Disk quota exceeded
  wrote 1002 lines -> data_raw/hazel_haswell/latency/hit/L2/hit_latency_rep2_dependent_random_20260914T201700Z.csv (mode=dependent pattern=random seed=12347)
Wrote 1 summary rows to data_processed/hazel_haswell/latency/hit/L2/rep2_dependent_random_summary_20260914T201700Z.csv
/usr/local/sbin/task_epilog.sh: line 261: /home/krchen/.cache/slurm-summary/834510.c207n03.tmp.1976877: Disk quota exceeded
  wrote 1002 lines -> data_raw/hazel_haswell/latency/hit/L2/hit_latency_rep2_dependent_sequential_20260914T201700Z.csv (mode=dependent pattern=sequential seed=12347)
Wrote 1 summary rows to data_processed/hazel_haswell/latency/hit/L2/rep2_dependent_sequential_summary_20260914T201700Z.csv
/usr/local/sbin/task_epilog.sh: line 261: /home/krchen/.cache/slurm-summary/834510.c207n03.tmp.1976921: Disk quota exceeded
  wrote 1002 lines -> data_raw/hazel_haswell/latency/hit/L2/hit_latency_rep2_independent_random_20260914T201700Z.csv (mode=independent pattern=random seed=12347)
Wrote 1 summary rows to data_processed/hazel_haswell/latency/hit/L2/rep2_independent_random_summary_20260914T201700Z.csv
/usr/local/sbin/task_epilog.sh: line 261: /home/krchen/.cache/slurm-summary/834510.c207n03.tmp.1976965: Disk quota exceeded
  wrote 1002 lines -> data_raw/hazel_haswell/latency/hit/L2/hit_latency_rep2_independent_sequential_20260914T201700Z.csv (mode=independent pattern=sequential seed=12347)
Wrote 1 summary rows to data_processed/hazel_haswell/latency/hit/L2/rep2_independent_sequential_summary_20260914T201700Z.csv
-- generating plots for L2 --
random: independent < dependent (8.99 vs 16.81 ticks) [expected]
sequential: independent < dependent (6.77 vs 7.76 ticks) [expected]
Wrote data_processed/hazel_haswell/latency/hit/L2/plots/hit_latency_boxplots.pdf and .png
-- compressing raw CSVs for L2 --

== level LLC: footprint_bytes=25165824 ==
-- base (seed=12345) --
/usr/local/sbin/task_epilog.sh: line 261: /home/krchen/.cache/slurm-summary/834510.c207n03.tmp.1977013: Disk quota exceeded
  wrote 1002 lines -> data_raw/hazel_haswell/latency/hit/LLC/hit_latency_base_dependent_random_20260914T201700Z.csv (mode=dependent pattern=random seed=12345)
Wrote 1 summary rows to data_processed/hazel_haswell/latency/hit/LLC/base_dependent_random_summary_20260914T201700Z.csv
/usr/local/sbin/task_epilog.sh: line 261: /home/krchen/.cache/slurm-summary/834510.c207n03.tmp.1977057: Disk quota exceeded
  wrote 1002 lines -> data_raw/hazel_haswell/latency/hit/LLC/hit_latency_base_dependent_sequential_20260914T201700Z.csv (mode=dependent pattern=sequential seed=12345)
Wrote 1 summary rows to data_processed/hazel_haswell/latency/hit/LLC/base_dependent_sequential_summary_20260914T201700Z.csv
/usr/local/sbin/task_epilog.sh: line 261: /home/krchen/.cache/slurm-summary/834510.c207n03.tmp.1977101: Disk quota exceeded
  wrote 1002 lines -> data_raw/hazel_haswell/latency/hit/LLC/hit_latency_base_independent_random_20260914T201700Z.csv (mode=independent pattern=random seed=12345)
Wrote 1 summary rows to data_processed/hazel_haswell/latency/hit/LLC/base_independent_random_summary_20260914T201700Z.csv
/usr/local/sbin/task_epilog.sh: line 261: /home/krchen/.cache/slurm-summary/834510.c207n03.tmp.1977145: Disk quota exceeded
  wrote 1002 lines -> data_raw/hazel_haswell/latency/hit/LLC/hit_latency_base_independent_sequential_20260914T201700Z.csv (mode=independent pattern=sequential seed=12345)
Wrote 1 summary rows to data_processed/hazel_haswell/latency/hit/LLC/base_independent_sequential_summary_20260914T201700Z.csv
-- rep1 (seed=12346) --
/usr/local/sbin/task_epilog.sh: line 261: /home/krchen/.cache/slurm-summary/834510.c207n03.tmp.1977189: Disk quota exceeded
  wrote 1002 lines -> data_raw/hazel_haswell/latency/hit/LLC/hit_latency_rep1_dependent_random_20260914T201700Z.csv (mode=dependent pattern=random seed=12346)
Wrote 1 summary rows to data_processed/hazel_haswell/latency/hit/LLC/rep1_dependent_random_summary_20260914T201700Z.csv
/usr/local/sbin/task_epilog.sh: line 261: /home/krchen/.cache/slurm-summary/834510.c207n03.tmp.1977233: Disk quota exceeded
  wrote 1002 lines -> data_raw/hazel_haswell/latency/hit/LLC/hit_latency_rep1_dependent_sequential_20260914T201700Z.csv (mode=dependent pattern=sequential seed=12346)
Wrote 1 summary rows to data_processed/hazel_haswell/latency/hit/LLC/rep1_dependent_sequential_summary_20260914T201700Z.csv
/usr/local/sbin/task_epilog.sh: line 261: /home/krchen/.cache/slurm-summary/834510.c207n03.tmp.1977277: Disk quota exceeded
  wrote 1002 lines -> data_raw/hazel_haswell/latency/hit/LLC/hit_latency_rep1_independent_random_20260914T201700Z.csv (mode=independent pattern=random seed=12346)
Wrote 1 summary rows to data_processed/hazel_haswell/latency/hit/LLC/rep1_independent_random_summary_20260914T201700Z.csv
/usr/local/sbin/task_epilog.sh: line 261: /home/krchen/.cache/slurm-summary/834510.c207n03.tmp.1977321: Disk quota exceeded
  wrote 1002 lines -> data_raw/hazel_haswell/latency/hit/LLC/hit_latency_rep1_independent_sequential_20260914T201700Z.csv (mode=independent pattern=sequential seed=12346)
Wrote 1 summary rows to data_processed/hazel_haswell/latency/hit/LLC/rep1_independent_sequential_summary_20260914T201700Z.csv
-- rep2 (seed=12347) --
/usr/local/sbin/task_epilog.sh: line 261: /home/krchen/.cache/slurm-summary/834510.c207n03.tmp.1977365: Disk quota exceeded
  wrote 1002 lines -> data_raw/hazel_haswell/latency/hit/LLC/hit_latency_rep2_dependent_random_20260914T201700Z.csv (mode=dependent pattern=random seed=12347)
Wrote 1 summary rows to data_processed/hazel_haswell/latency/hit/LLC/rep2_dependent_random_summary_20260914T201700Z.csv
/usr/local/sbin/task_epilog.sh: line 261: /home/krchen/.cache/slurm-summary/834510.c207n03.tmp.1977409: Disk quota exceeded
  wrote 1002 lines -> data_raw/hazel_haswell/latency/hit/LLC/hit_latency_rep2_dependent_sequential_20260914T201700Z.csv (mode=dependent pattern=sequential seed=12347)
Wrote 1 summary rows to data_processed/hazel_haswell/latency/hit/LLC/rep2_dependent_sequential_summary_20260914T201700Z.csv
/usr/local/sbin/task_epilog.sh: line 261: /home/krchen/.cache/slurm-summary/834510.c207n03.tmp.1977453: Disk quota exceeded
  wrote 1002 lines -> data_raw/hazel_haswell/latency/hit/LLC/hit_latency_rep2_independent_random_20260914T201700Z.csv (mode=independent pattern=random seed=12347)
Wrote 1 summary rows to data_processed/hazel_haswell/latency/hit/LLC/rep2_independent_random_summary_20260914T201700Z.csv
/usr/local/sbin/task_epilog.sh: line 261: /home/krchen/.cache/slurm-summary/834510.c207n03.tmp.1977497: Disk quota exceeded
  wrote 1002 lines -> data_raw/hazel_haswell/latency/hit/LLC/hit_latency_rep2_independent_sequential_20260914T201700Z.csv (mode=independent pattern=sequential seed=12347)
Wrote 1 summary rows to data_processed/hazel_haswell/latency/hit/LLC/rep2_independent_sequential_summary_20260914T201700Z.csv
-- generating plots for LLC --
random: independent < dependent (29.30 vs 50.91 ticks) [expected]
sequential: independent < dependent (6.46 vs 7.76 ticks) [expected]
Wrote data_processed/hazel_haswell/latency/hit/LLC/plots/hit_latency_boxplots.pdf and .png
-- compressing raw CSVs for LLC --

== level DRAM: footprint_bytes=536870912 ==
-- base (seed=12345) --
/usr/local/sbin/task_epilog.sh: line 261: /home/krchen/.cache/slurm-summary/834510.c207n03.tmp.1977570: Disk quota exceeded
  wrote 1002 lines -> data_raw/hazel_haswell/latency/hit/DRAM/hit_latency_base_dependent_random_20260914T201700Z.csv (mode=dependent pattern=random seed=12345)
Wrote 1 summary rows to data_processed/hazel_haswell/latency/hit/DRAM/base_dependent_random_summary_20260914T201700Z.csv
/usr/local/sbin/task_epilog.sh: line 261: /home/krchen/.cache/slurm-summary/834510.c207n03.tmp.1977614: Disk quota exceeded
  wrote 1002 lines -> data_raw/hazel_haswell/latency/hit/DRAM/hit_latency_base_dependent_sequential_20260914T201700Z.csv (mode=dependent pattern=sequential seed=12345)
Wrote 1 summary rows to data_processed/hazel_haswell/latency/hit/DRAM/base_dependent_sequential_summary_20260914T201700Z.csv
/usr/local/sbin/task_epilog.sh: line 261: /home/krchen/.cache/slurm-summary/834510.c207n03.tmp.1977682: Disk quota exceeded
  wrote 1002 lines -> data_raw/hazel_haswell/latency/hit/DRAM/hit_latency_base_independent_random_20260914T201700Z.csv (mode=independent pattern=random seed=12345)
Wrote 1 summary rows to data_processed/hazel_haswell/latency/hit/DRAM/base_independent_random_summary_20260914T201700Z.csv
/usr/local/sbin/task_epilog.sh: line 261: /home/krchen/.cache/slurm-summary/834510.c207n03.tmp.1977758: Disk quota exceeded
  wrote 1002 lines -> data_raw/hazel_haswell/latency/hit/DRAM/hit_latency_base_independent_sequential_20260914T201700Z.csv (mode=independent pattern=sequential seed=12345)
Wrote 1 summary rows to data_processed/hazel_haswell/latency/hit/DRAM/base_independent_sequential_summary_20260914T201700Z.csv
-- rep1 (seed=12346) --
/usr/local/sbin/task_epilog.sh: line 261: /home/krchen/.cache/slurm-summary/834510.c207n03.tmp.1977878: Disk quota exceeded
  wrote 1002 lines -> data_raw/hazel_haswell/latency/hit/DRAM/hit_latency_rep1_dependent_random_20260914T201700Z.csv (mode=dependent pattern=random seed=12346)
Wrote 1 summary rows to data_processed/hazel_haswell/latency/hit/DRAM/rep1_dependent_random_summary_20260914T201700Z.csv
/usr/local/sbin/task_epilog.sh: line 261: /home/krchen/.cache/slurm-summary/834510.c207n03.tmp.1977932: Disk quota exceeded
  wrote 1002 lines -> data_raw/hazel_haswell/latency/hit/DRAM/hit_latency_rep1_dependent_sequential_20260914T201700Z.csv (mode=dependent pattern=sequential seed=12346)
Wrote 1 summary rows to data_processed/hazel_haswell/latency/hit/DRAM/rep1_dependent_sequential_summary_20260914T201700Z.csv
/usr/local/sbin/task_epilog.sh: line 261: /home/krchen/.cache/slurm-summary/834510.c207n03.tmp.1978004: Disk quota exceeded
  wrote 1002 lines -> data_raw/hazel_haswell/latency/hit/DRAM/hit_latency_rep1_independent_random_20260914T201700Z.csv (mode=independent pattern=random seed=12346)
Wrote 1 summary rows to data_processed/hazel_haswell/latency/hit/DRAM/rep1_independent_random_summary_20260914T201700Z.csv
/usr/local/sbin/task_epilog.sh: line 261: /home/krchen/.cache/slurm-summary/834510.c207n03.tmp.1978048: Disk quota exceeded
  wrote 1002 lines -> data_raw/hazel_haswell/latency/hit/DRAM/hit_latency_rep1_independent_sequential_20260914T201700Z.csv (mode=independent pattern=sequential seed=12346)
Wrote 1 summary rows to data_processed/hazel_haswell/latency/hit/DRAM/rep1_independent_sequential_summary_20260914T201700Z.csv
-- rep2 (seed=12347) --
/usr/local/sbin/task_epilog.sh: line 261: /home/krchen/.cache/slurm-summary/834510.c207n03.tmp.1978406: Disk quota exceeded
  wrote 1002 lines -> data_raw/hazel_haswell/latency/hit/DRAM/hit_latency_rep2_dependent_random_20260914T201700Z.csv (mode=dependent pattern=random seed=12347)
Wrote 1 summary rows to data_processed/hazel_haswell/latency/hit/DRAM/rep2_dependent_random_summary_20260914T201700Z.csv
/usr/local/sbin/task_epilog.sh: line 261: /home/krchen/.cache/slurm-summary/834510.c207n03.tmp.1978475: Disk quota exceeded
  wrote 1002 lines -> data_raw/hazel_haswell/latency/hit/DRAM/hit_latency_rep2_dependent_sequential_20260914T201700Z.csv (mode=dependent pattern=sequential seed=12347)
Wrote 1 summary rows to data_processed/hazel_haswell/latency/hit/DRAM/rep2_dependent_sequential_summary_20260914T201700Z.csv
/usr/local/sbin/task_epilog.sh: line 261: /home/krchen/.cache/slurm-summary/834510.c207n03.tmp.1978929: Disk quota exceeded
  wrote 1002 lines -> data_raw/hazel_haswell/latency/hit/DRAM/hit_latency_rep2_independent_random_20260914T201700Z.csv (mode=independent pattern=random seed=12347)
Wrote 1 summary rows to data_processed/hazel_haswell/latency/hit/DRAM/rep2_independent_random_summary_20260914T201700Z.csv
/usr/local/sbin/task_epilog.sh: line 261: /home/krchen/.cache/slurm-summary/834510.c207n03.tmp.1979009: Disk quota exceeded
  wrote 1002 lines -> data_raw/hazel_haswell/latency/hit/DRAM/hit_latency_rep2_independent_sequential_20260914T201700Z.csv (mode=independent pattern=sequential seed=12347)
Wrote 1 summary rows to data_processed/hazel_haswell/latency/hit/DRAM/rep2_independent_sequential_summary_20260914T201700Z.csv
-- generating plots for DRAM --
random: independent < dependent (36.86 vs 205.96 ticks) [expected]
sequential: independent < dependent (6.62 vs 7.76 ticks) [expected]
Wrote data_processed/hazel_haswell/latency/hit/DRAM/plots/hit_latency_boxplots.pdf and .png
-- compressing raw CSVs for DRAM --

== done ==
== L1: footprint_bytes=32768 ==
== L2: footprint_bytes=262144 ==
== LLC: footprint_bytes=25165824 ==
== DRAM: footprint_bytes=536870912 ==
== record in data_raw/hazel_haswell/README.md: core=10, base_seed=12345 (repeats use base_seed+index), samples=1000000, timestamp=20260914T201700Z ==
== full transcript saved to: data_raw/hazel_haswell/latency/run_hit_latency_full_20260914T201700Z.log ==

=== Done ===
