=== Machine identification (Phase Discipline whitelist only) ===
c207n08
Linux c207n08 5.14.0-611.5.1.el9_7.x86_64 #1 SMP PREEMPT_DYNAMIC Fri Oct 17 14:16:35 EDT 2025 x86_64 x86_64 x86_64 GNU/Linux
model name	: Intel(R) Xeon(R) CPU E5-2650 v3 @ 2.30GHz
Assigned logical CPU: 10, SLURM_JOB_ID=836433

=== Running scripts/run_miss_latency_full.sh (HAZEL_MODE=1) ===
== run_miss_latency_full: machine=hazel_haswell core=10 base_seed=12345 ==
== timestamp=20260914T223457Z ==

== transition L1_to_L2: target_bytes=32768 evict_bytes=262144 ==
-- base (seed=12345) --
  wrote 202 lines -> data_raw/hazel_haswell/latency/miss/L1_to_L2/miss_latency_base_random_20260914T223457Z.csv (pattern=random seed=12345)
Wrote 1 summary rows to data_processed/hazel_haswell/latency/miss/L1_to_L2/base_random_summary_20260914T223457Z.csv
  wrote 202 lines -> data_raw/hazel_haswell/latency/miss/L1_to_L2/miss_latency_base_sequential_20260914T223457Z.csv (pattern=sequential seed=12345)
Wrote 1 summary rows to data_processed/hazel_haswell/latency/miss/L1_to_L2/base_sequential_summary_20260914T223457Z.csv
-- rep1 (seed=12346) --
  wrote 202 lines -> data_raw/hazel_haswell/latency/miss/L1_to_L2/miss_latency_rep1_random_20260914T223457Z.csv (pattern=random seed=12346)
Wrote 1 summary rows to data_processed/hazel_haswell/latency/miss/L1_to_L2/rep1_random_summary_20260914T223457Z.csv
  wrote 202 lines -> data_raw/hazel_haswell/latency/miss/L1_to_L2/miss_latency_rep1_sequential_20260914T223457Z.csv (pattern=sequential seed=12346)
Wrote 1 summary rows to data_processed/hazel_haswell/latency/miss/L1_to_L2/rep1_sequential_summary_20260914T223457Z.csv
-- rep2 (seed=12347) --
  wrote 202 lines -> data_raw/hazel_haswell/latency/miss/L1_to_L2/miss_latency_rep2_random_20260914T223457Z.csv (pattern=random seed=12347)
Wrote 1 summary rows to data_processed/hazel_haswell/latency/miss/L1_to_L2/rep2_random_summary_20260914T223457Z.csv
  wrote 202 lines -> data_raw/hazel_haswell/latency/miss/L1_to_L2/miss_latency_rep2_sequential_20260914T223457Z.csv (pattern=sequential seed=12347)
Wrote 1 summary rows to data_processed/hazel_haswell/latency/miss/L1_to_L2/rep2_sequential_summary_20260914T223457Z.csv
-- found source-level (L1) hit_latency data for penalty annotation: data_processed/hazel_haswell/latency/hit/L1/base_dependent_random_summary_20260914T201700Z.csv data_processed/hazel_haswell/latency/hit/L1/rep1_dependent_random_summary_20260914T201700Z.csv data_processed/hazel_haswell/latency/hit/L1/rep2_dependent_random_summary_20260914T201700Z.csv --
-- generating plots for L1_to_L2 --
  note: pattern=random has 3 overlapping summary rows with medians [104.0, 135.0, 98.0] (spread 37.0 ticks, 32.9%) -- averaging, widening whiskers to the union
  note: pattern=sequential has 3 overlapping summary rows with medians [108.0, 107.0, 64.0] (spread 44.0 ticks, 47.3%) -- averaging, widening whiskers to the union
Wrote data_processed/hazel_haswell/latency/miss/L1_to_L2/plots/miss_latency_boxplots.pdf and .png
-- compressing raw CSVs for L1_to_L2 --

== transition L2_to_LLC: target_bytes=262144 evict_bytes=25165824 ==
-- base (seed=12345) --
  wrote 202 lines -> data_raw/hazel_haswell/latency/miss/L2_to_LLC/miss_latency_base_random_20260914T223457Z.csv (pattern=random seed=12345)
Wrote 1 summary rows to data_processed/hazel_haswell/latency/miss/L2_to_LLC/base_random_summary_20260914T223457Z.csv
  wrote 202 lines -> data_raw/hazel_haswell/latency/miss/L2_to_LLC/miss_latency_base_sequential_20260914T223457Z.csv (pattern=sequential seed=12345)
Wrote 1 summary rows to data_processed/hazel_haswell/latency/miss/L2_to_LLC/base_sequential_summary_20260914T223457Z.csv
-- rep1 (seed=12346) --
  wrote 202 lines -> data_raw/hazel_haswell/latency/miss/L2_to_LLC/miss_latency_rep1_random_20260914T223457Z.csv (pattern=random seed=12346)
Wrote 1 summary rows to data_processed/hazel_haswell/latency/miss/L2_to_LLC/rep1_random_summary_20260914T223457Z.csv
  wrote 202 lines -> data_raw/hazel_haswell/latency/miss/L2_to_LLC/miss_latency_rep1_sequential_20260914T223457Z.csv (pattern=sequential seed=12346)
Wrote 1 summary rows to data_processed/hazel_haswell/latency/miss/L2_to_LLC/rep1_sequential_summary_20260914T223457Z.csv
-- rep2 (seed=12347) --
  wrote 202 lines -> data_raw/hazel_haswell/latency/miss/L2_to_LLC/miss_latency_rep2_random_20260914T223457Z.csv (pattern=random seed=12347)
Wrote 1 summary rows to data_processed/hazel_haswell/latency/miss/L2_to_LLC/rep2_random_summary_20260914T223457Z.csv
  wrote 202 lines -> data_raw/hazel_haswell/latency/miss/L2_to_LLC/miss_latency_rep2_sequential_20260914T223457Z.csv (pattern=sequential seed=12347)
Wrote 1 summary rows to data_processed/hazel_haswell/latency/miss/L2_to_LLC/rep2_sequential_summary_20260914T223457Z.csv
-- found source-level (L2) hit_latency data for penalty annotation: data_processed/hazel_haswell/latency/hit/L2/base_dependent_random_summary_20260914T201700Z.csv data_processed/hazel_haswell/latency/hit/L2/rep1_dependent_random_summary_20260914T201700Z.csv data_processed/hazel_haswell/latency/hit/L2/rep2_dependent_random_summary_20260914T201700Z.csv --
-- generating plots for L2_to_LLC --
  note: pattern=random has 3 overlapping summary rows with medians [270.0, 276.0, 128.0] (spread 148.0 ticks, 65.9%) -- averaging, widening whiskers to the union
  note: pattern=sequential has 3 overlapping summary rows with medians [260.0, 101.0, 262.0] (spread 161.0 ticks, 77.5%) -- averaging, widening whiskers to the union
Wrote data_processed/hazel_haswell/latency/miss/L2_to_LLC/plots/miss_latency_boxplots.pdf and .png
-- compressing raw CSVs for L2_to_LLC --

== transition LLC_to_DRAM: target_bytes=25165824 evict_bytes=536870912 ==
-- base (seed=12345) --
  wrote 202 lines -> data_raw/hazel_haswell/latency/miss/LLC_to_DRAM/miss_latency_base_random_20260914T223457Z.csv (pattern=random seed=12345)
Wrote 1 summary rows to data_processed/hazel_haswell/latency/miss/LLC_to_DRAM/base_random_summary_20260914T223457Z.csv
  wrote 202 lines -> data_raw/hazel_haswell/latency/miss/LLC_to_DRAM/miss_latency_base_sequential_20260914T223457Z.csv (pattern=sequential seed=12345)
Wrote 1 summary rows to data_processed/hazel_haswell/latency/miss/LLC_to_DRAM/base_sequential_summary_20260914T223457Z.csv
-- rep1 (seed=12346) --
  wrote 202 lines -> data_raw/hazel_haswell/latency/miss/LLC_to_DRAM/miss_latency_rep1_random_20260914T223457Z.csv (pattern=random seed=12346)
Wrote 1 summary rows to data_processed/hazel_haswell/latency/miss/LLC_to_DRAM/rep1_random_summary_20260914T223457Z.csv
  wrote 202 lines -> data_raw/hazel_haswell/latency/miss/LLC_to_DRAM/miss_latency_rep1_sequential_20260914T223457Z.csv (pattern=sequential seed=12346)
Wrote 1 summary rows to data_processed/hazel_haswell/latency/miss/LLC_to_DRAM/rep1_sequential_summary_20260914T223457Z.csv
-- rep2 (seed=12347) --
  wrote 202 lines -> data_raw/hazel_haswell/latency/miss/LLC_to_DRAM/miss_latency_rep2_random_20260914T223457Z.csv (pattern=random seed=12347)
Wrote 1 summary rows to data_processed/hazel_haswell/latency/miss/LLC_to_DRAM/rep2_random_summary_20260914T223457Z.csv
  wrote 202 lines -> data_raw/hazel_haswell/latency/miss/LLC_to_DRAM/miss_latency_rep2_sequential_20260914T223457Z.csv (pattern=sequential seed=12347)
Wrote 1 summary rows to data_processed/hazel_haswell/latency/miss/LLC_to_DRAM/rep2_sequential_summary_20260914T223457Z.csv
-- found source-level (LLC) hit_latency data for penalty annotation: data_processed/hazel_haswell/latency/hit/LLC/base_dependent_random_summary_20260914T201700Z.csv data_processed/hazel_haswell/latency/hit/LLC/rep1_dependent_random_summary_20260914T201700Z.csv data_processed/hazel_haswell/latency/hit/LLC/rep2_dependent_random_summary_20260914T201700Z.csv --
-- generating plots for LLC_to_DRAM --
  note: pattern=random has 3 overlapping summary rows with medians [497.0, 616.5, 638.0] (spread 141.0 ticks, 24.2%) -- averaging, widening whiskers to the union
Wrote data_processed/hazel_haswell/latency/miss/LLC_to_DRAM/plots/miss_latency_boxplots.pdf and .png
-- compressing raw CSVs for LLC_to_DRAM --

== done ==
== L1_to_L2: target_bytes=32768 evict_bytes=262144 ==
== L2_to_LLC: target_bytes=262144 evict_bytes=25165824 ==
== LLC_to_DRAM: target_bytes=25165824 evict_bytes=536870912 ==
== record in data_raw/hazel_haswell/README.md: core=10, base_seed=12345 (repeats use base_seed+index), trials=200, timestamp=20260914T223457Z ==
== full transcript saved to: data_raw/hazel_haswell/latency/run_miss_latency_full_20260914T223457Z.log ==

=== Done ===

------------------------------------------------------------
Resource usage summary:

    Job ID            : 836433
    Job name          : hw1_miss_latency
    User / Account    : krchen / ece592f26_cpu
    Partition / QOS   : compute_partners / short
    Submitted         : 2026-09-14T18:34:52
    Started           : 2026-09-14T18:34:56
    Wait time         : 4 sec
    Elapsed (wall)    : 01:08:29
    Nodes             : 1 (c207n08)
    CPUs allocated    : 1
    Tasks             : 1
    CPU time (total)  : 4077.14 sec  (user 4074.40, sys 2.75)
    CPU efficiency    : 99.2%
    Memory in use     : 1.08 GB  (sampled at job end; see seff for peak)
    Memory requested  : 8G
    Working directory : /gpfs_common/share01/titan/krchen/Proj1-Cache-Reverse-Engineering
    Exit code         : 0:0

    For final accounting (Slurm's MaxRSS, billing, etc.):  seff 836433
------------------------------------------------------------
