=== Machine identification (Phase Discipline whitelist only) ===
c207n02
Linux c207n02 5.14.0-611.5.1.el9_7.x86_64 #1 SMP PREEMPT_DYNAMIC Fri Oct 17 14:16:35 EDT 2025 x86_64 x86_64 x86_64 GNU/Linux
model name	: Intel(R) Xeon(R) CPU E5-2650 v3 @ 2.30GHz
CPU CORE SOCKET NODE
  0    0      0    0
  1    1      0    0
  2    2      0    0
  3    3      0    0
  4    4      0    0
  5    5      0    0
  6    6      0    0
  7    7      0    0
  8    8      0    0
  9    9      0    0
 10   10      1    1
 11   11      1    1
 12   12      1    1
 13   13      1    1
 14   14      1    1
 15   15      1    1
 16   16      1    1
 17   17      1    1
 18   18      1    1
 19   19      1    1

=== Slurm job context ===
SLURM_JOB_ID=833461
SLURM_JOB_NODELIST=c207n02
SLURM_CPUS_ON_NODE=1
SLURM_JOB_CONSTRAINT (feature match)=haswell
policy: default
preferred node: current
physcpubind: 10 
cpubind: 1 
nodebind: 1 
membind: 0 1 
preferred: 

=== Toolchain ===
gcc (GCC) 11.5.0 20240719 (Red Hat 11.5.0-11)

=== Benchmark commit ===
cache_bench git commit: b4bf2a3851988965442b06cedf6d272da94b7248

=== Build ===
rm -f cache_bench main_code/common/main.o main_code/common/benchmark.o main_code/common/pointer_chase.o main_code/common/random.o main_code/common/capacity.o main_code/common/line_size.o main_code/common/associativity.o main_code/common/latency.o main_code/common/inclusion_policy.o main_code/software_hit_rate/software_hit_rate.o
gcc -O0 -g -std=c11 -Wall -Wextra -fno-omit-frame-pointer -c main_code/common/main.c -o main_code/common/main.o
gcc -O0 -g -std=c11 -Wall -Wextra -fno-omit-frame-pointer -c main_code/common/benchmark.c -o main_code/common/benchmark.o
gcc -O0 -g -std=c11 -Wall -Wextra -fno-omit-frame-pointer -c main_code/common/pointer_chase.c -o main_code/common/pointer_chase.o
gcc -O0 -g -std=c11 -Wall -Wextra -fno-omit-frame-pointer -c main_code/common/random.c -o main_code/common/random.o
gcc -O0 -g -std=c11 -Wall -Wextra -fno-omit-frame-pointer -c main_code/common/capacity.c -o main_code/common/capacity.o
gcc -O0 -g -std=c11 -Wall -Wextra -fno-omit-frame-pointer -c main_code/common/line_size.c -o main_code/common/line_size.o
gcc -O0 -g -std=c11 -Wall -Wextra -fno-omit-frame-pointer -c main_code/common/associativity.c -o main_code/common/associativity.o
gcc -O0 -g -std=c11 -Wall -Wextra -fno-omit-frame-pointer -c main_code/common/latency.c -o main_code/common/latency.o
gcc -O0 -g -std=c11 -Wall -Wextra -fno-omit-frame-pointer -c main_code/common/inclusion_policy.c -o main_code/common/inclusion_policy.o
gcc -O0 -g -std=c11 -Wall -Wextra -fno-omit-frame-pointer -c main_code/software_hit_rate/software_hit_rate.c -o main_code/software_hit_rate/software_hit_rate.o
gcc -O0 -g -std=c11 -Wall -Wextra -fno-omit-frame-pointer -o cache_bench main_code/common/main.o main_code/common/benchmark.o main_code/common/pointer_chase.o main_code/common/random.o main_code/common/capacity.o main_code/common/line_size.o main_code/common/associativity.o main_code/common/latency.o main_code/common/inclusion_policy.o main_code/software_hit_rate/software_hit_rate.o -lm

=== Smoke test: srun --cpu-bind=cores ./cache_bench (tiny capacity probe) ===
# experiment=capacity samples_requested=1000 samples_achieved=1000 batch_size=1000 num_batches=1 warmup_passes=2 seed=12345 node_bytes=8 pattern=random
size_bytes,num_nodes,pattern,batch_index,avg_ticks_per_access
4096,512,random,0,7.8170
4464,558,random,0,7.7620
4864,608,random,0,7.7710
5312,664,random,0,7.7740
5792,724,random,0,7.7800
6312,789,random,0,7.7680
6888,861,random,0,7.7650
7512,939,random,0,8.9550
8192,1024,random,0,8.9480
8928,1116,random,0,8.9700
9736,1217,random,0,8.9610
10624,1328,random,0,8.9610
11584,1448,random,0,7.7650
12632,1579,random,0,7.7640
13776,1722,random,0,7.7830
15024,1878,random,0,7.7710
16384,2048,random,0,7.7520
17864,2233,random,0,7.7710
19480,2435,random,0,7.7640
21240,2655,random,0,7.7680
23168,2896,random,0,9.0290
25264,3158,random,0,9.0470
27552,3444,random,0,7.8330
30048,3756,random,0,7.8510
32768,4096,random,0,7.9090
35728,4466,random,0,8.3690
38968,4871,random,0,10.2760
42488,5311,random,0,10.6990
46336,5792,random,0,9.6510
50528,6316,random,0,10.0310
55104,6888,random,0,11.7150
60096,7512,random,0,10.5310
65536,8192,random,0,10.8190

=== Phase Discipline gate check: is HEAD tagged predictions-frozen? ===
HEAD is tagged predictions-frozen -- real cache-suite runs are permitted
from a separate, dedicated job script once the full-suite pipeline is built.

=== Done ===

------------------------------------------------------------
Resource usage summary:

    Job ID            : 833461
    Job name          : hw1_cache
    User / Account    : krchen / ece592f26_cpu
    Partition / QOS   : compute_partners / short
    Submitted         : 2026-09-14T14:25:38
    Started           : 2026-09-14T14:25:53
    Wait time         : 15 sec
    Elapsed (wall)    : 00:00:03
    Nodes             : 1 (c207n02)
    CPUs allocated    : 1
    Tasks             : 1
    CPU time (total)  : 1.53 sec  (user 1.24, sys 0.30)
    CPU efficiency    : 51.0%
    Memory in use     : 67.08 MB  (sampled at job end; see seff for peak)
    Memory requested  : 4G
    Working directory : /gpfs_common/share01/titan/krchen/Proj1-Cache-Reverse-Engineering
    Exit code         : 0:0

    For final accounting (Slurm's MaxRSS, billing, etc.):  seff 833461
------------------------------------------------------------
