=== Machine identification (Phase Discipline whitelist only) ===
c207n01
Linux c207n01 5.14.0-611.5.1.el9_7.x86_64 #1 SMP PREEMPT_DYNAMIC Fri Oct 17 14:16:35 EDT 2025 x86_64 x86_64 x86_64 GNU/Linux
model name	: Intel(R) Xeon(R) CPU E5-2650 v3 @ 2.30GHz
CPU CORE SOCKET NODE
  0    0      0    0
  1    1      0    0
  2    2      0    0
  3    3      0    0
  4    4      0    0
  5    5      0    0
  6    6      0    0
  7    7      0    0
  8    8      0    0
  9    9      0    0
 10   10      1    1
 11   11      1    1
 12   12      1    1
 13   13      1    1
 14   14      1    1
 15   15      1    1
 16   16      1    1
 17   17      1    1
 18   18      1    1
 19   19      1    1
Assigned logical CPU (physcpubind, informational -- srun --cpu-bind=cores does the real pinning): 10
SLURM_JOB_ID=833680

=== Phase Discipline gate check: is predictions-frozen an ancestor of HEAD? ===
OK -- predictions-frozen confirmed ancestor of HEAD, proceeding.

=== Running scripts/run_capacity_full.sh (HAZEL_MODE=1) ===
== run_capacity_full: machine=hazel_haswell core=10 coarse_max=67108864 seed=12345 ==
== timestamp=20260914T184407Z ==
-- coarse sweep 1024-67108864 bytes --
/usr/local/sbin/task_epilog.sh: line 261: /home/krchen/.cache/slurm-summary/833680.c207n01.tmp.3086192: Disk quota exceeded
  wrote 129002 lines -> data_raw/hazel_haswell/capacity/capacity_coarse_random_20260914T184407Z.csv
/usr/local/sbin/task_epilog.sh: line 261: /home/krchen/.cache/slurm-summary/833680.c207n01.tmp.3086235: Disk quota exceeded
  wrote 129002 lines -> data_raw/hazel_haswell/capacity/capacity_coarse_sequential_20260914T184407Z.csv
Wrote 129 summary rows to data_processed/hazel_haswell/capacity/coarse_random_summary.csv
Wrote 129 summary rows to data_processed/hazel_haswell/capacity/coarse_sequential_summary.csv
-- tail-extension sweep 67108864-268435456 bytes --
/usr/local/sbin/task_epilog.sh: line 261: /home/krchen/.cache/slurm-summary/833680.c207n01.tmp.3086413: Disk quota exceeded
  wrote 17002 lines -> data_raw/hazel_haswell/capacity/capacity_coarse_ext_random_20260914T184407Z.csv
/usr/local/sbin/task_epilog.sh: line 261: /home/krchen/.cache/slurm-summary/833680.c207n01.tmp.3086469: Disk quota exceeded
  wrote 17002 lines -> data_raw/hazel_haswell/capacity/capacity_coarse_ext_sequential_20260914T184407Z.csv
Wrote 17 summary rows to data_processed/hazel_haswell/capacity/coarse_ext_random_summary.csv
Wrote 17 summary rows to data_processed/hazel_haswell/capacity/coarse_ext_sequential_summary.csv
-- detected boundaries (bytes): 285864 23726560 28215800 39903168 --
-- dense sweep around boundary 285864 bytes: 35733-2286912 --
/usr/local/sbin/task_epilog.sh: line 261: /home/krchen/.cache/slurm-summary/833680.c207n01.tmp.3086532: Disk quota exceeded
  wrote 289002 lines -> data_raw/hazel_haswell/capacity/capacity_dense0_random_20260914T184407Z.csv
/usr/local/sbin/task_epilog.sh: line 261: /home/krchen/.cache/slurm-summary/833680.c207n01.tmp.3086576: Disk quota exceeded
  wrote 289002 lines -> data_raw/hazel_haswell/capacity/capacity_dense0_sequential_20260914T184407Z.csv
Wrote 289 summary rows to data_processed/hazel_haswell/capacity/dense0_random_summary.csv
Wrote 289 summary rows to data_processed/hazel_haswell/capacity/dense0_sequential_summary.csv
-- dense sweep around boundary 23726560 bytes: 2965820-189812480 --
/usr/local/sbin/task_epilog.sh: line 261: /home/krchen/.cache/slurm-summary/833680.c207n01.tmp.3088158: Disk quota exceeded
  wrote 289002 lines -> data_raw/hazel_haswell/capacity/capacity_dense1_random_20260914T184407Z.csv
/usr/local/sbin/task_epilog.sh: line 261: /home/krchen/.cache/slurm-summary/833680.c207n01.tmp.3088269: Disk quota exceeded
  wrote 289002 lines -> data_raw/hazel_haswell/capacity/capacity_dense1_sequential_20260914T184407Z.csv
Wrote 289 summary rows to data_processed/hazel_haswell/capacity/dense1_random_summary.csv
Wrote 289 summary rows to data_processed/hazel_haswell/capacity/dense1_sequential_summary.csv
-- dense sweep around boundary 28215800 bytes: 3526975-225726400 --
/usr/local/sbin/task_epilog.sh: line 261: /home/krchen/.cache/slurm-summary/833680.c207n01.tmp.3089513: Disk quota exceeded
  wrote 289002 lines -> data_raw/hazel_haswell/capacity/capacity_dense2_random_20260914T184407Z.csv
/usr/local/sbin/task_epilog.sh: line 261: /home/krchen/.cache/slurm-summary/833680.c207n01.tmp.3089605: Disk quota exceeded
  wrote 289002 lines -> data_raw/hazel_haswell/capacity/capacity_dense2_sequential_20260914T184407Z.csv
Wrote 289 summary rows to data_processed/hazel_haswell/capacity/dense2_random_summary.csv
Wrote 289 summary rows to data_processed/hazel_haswell/capacity/dense2_sequential_summary.csv
-- dense sweep around boundary 39903168 bytes: 4987896-268435456 --
/usr/local/sbin/task_epilog.sh: line 261: /home/krchen/.cache/slurm-summary/833680.c207n01.tmp.3091897: Disk quota exceeded
  wrote 277002 lines -> data_raw/hazel_haswell/capacity/capacity_dense3_random_20260914T184407Z.csv
/usr/local/sbin/task_epilog.sh: line 261: /home/krchen/.cache/slurm-summary/833680.c207n01.tmp.3092094: Disk quota exceeded
  wrote 277002 lines -> data_raw/hazel_haswell/capacity/capacity_dense3_sequential_20260914T184407Z.csv
Wrote 277 summary rows to data_processed/hazel_haswell/capacity/dense3_random_summary.csv
Wrote 277 summary rows to data_processed/hazel_haswell/capacity/dense3_sequential_summary.csv
  -- repeat 1/2 of deepest boundary's dense window --
/usr/local/sbin/task_epilog.sh: line 261: /home/krchen/.cache/slurm-summary/833680.c207n01.tmp.3093592: Disk quota exceeded
  wrote 277002 lines -> data_raw/hazel_haswell/capacity/capacity_dense3_rep1_random_20260914T184407Z.csv
/usr/local/sbin/task_epilog.sh: line 261: /home/krchen/.cache/slurm-summary/833680.c207n01.tmp.3093713: Disk quota exceeded
  wrote 277002 lines -> data_raw/hazel_haswell/capacity/capacity_dense3_rep1_sequential_20260914T184407Z.csv
Wrote 277 summary rows to data_processed/hazel_haswell/capacity/dense3_rep1_random_summary.csv
Wrote 277 summary rows to data_processed/hazel_haswell/capacity/dense3_rep1_sequential_summary.csv
  -- repeat 2/2 of deepest boundary's dense window --
/usr/local/sbin/task_epilog.sh: line 261: /home/krchen/.cache/slurm-summary/833680.c207n01.tmp.3095209: Disk quota exceeded
  wrote 277002 lines -> data_raw/hazel_haswell/capacity/capacity_dense3_rep2_random_20260914T184407Z.csv
/usr/local/sbin/task_epilog.sh: line 261: /home/krchen/.cache/slurm-summary/833680.c207n01.tmp.3095475: Disk quota exceeded
  wrote 277002 lines -> data_raw/hazel_haswell/capacity/capacity_dense3_rep2_sequential_20260914T184407Z.csv
Wrote 277 summary rows to data_processed/hazel_haswell/capacity/dense3_rep2_random_summary.csv
Wrote 277 summary rows to data_processed/hazel_haswell/capacity/dense3_rep2_sequential_summary.csv
-- dense sweep past deepest boundary, checking for a further plateau: 79806336-268435456 --
/usr/local/sbin/task_epilog.sh: line 261: /home/krchen/.cache/slurm-summary/833680.c207n01.tmp.3096685: Disk quota exceeded
  wrote 85002 lines -> data_raw/hazel_haswell/capacity/capacity_denseTail_random_20260914T184407Z.csv
/usr/local/sbin/task_epilog.sh: line 261: /home/krchen/.cache/slurm-summary/833680.c207n01.tmp.3096888: Disk quota exceeded
  wrote 85002 lines -> data_raw/hazel_haswell/capacity/capacity_denseTail_sequential_20260914T184407Z.csv
Wrote 85 summary rows to data_processed/hazel_haswell/capacity/denseTail_random_summary.csv
Wrote 85 summary rows to data_processed/hazel_haswell/capacity/denseTail_sequential_summary.csv
-- generating plots --
  note: 15.102 MiB (random) has 5 overlapping summary rows with medians [43.3, 43.3, 43.3, 43.3, 61.9] (spread 18.6 ticks, 39.5%) -- averaging, widening whiskers to the union
  note: 19.3041 MiB (random) has 4 overlapping summary rows with medians [43.6, 46.1, 87.3, 43.5] (spread 43.7 ticks, 79.3%) -- averaging, widening whiskers to the union
  note: 19.5849 MiB (random) has 4 overlapping summary rows with medians [44.0, 44.3, 61.6, 43.7] (spread 17.9 ticks, 37.0%) -- averaging, widening whiskers to the union
Wrote data_processed/hazel_haswell/capacity/plots/capacity_curve.pdf and .png
Wrote data_processed/hazel_haswell/capacity/plots/capacity_boxplots.pdf and .png
-- compressing raw CSVs --
== done ==
== plots: data_processed/hazel_haswell/capacity/plots/capacity_curve.{png,pdf}, data_processed/hazel_haswell/capacity/plots/capacity_boxplots.{png,pdf} ==
== detected boundaries (bytes): 285864 23726560 28215800 39903168 ==
== record in data_raw/hazel_haswell/README.md: core=10, seed=12345, samples=1000000, timestamp=20260914T184407Z ==
== full transcript saved to: data_raw/hazel_haswell/capacity/run_capacity_full_20260914T184407Z.log ==

=== Done ===
