=== Machine identification (Phase Discipline whitelist only) ===
n0398
Linux n0398 5.14.0-611.5.1.el9_7.x86_64 #1 SMP PREEMPT_DYNAMIC Fri Oct 17 14:16:35 EDT 2025 x86_64 x86_64 x86_64 GNU/Linux
model name	: AMD EPYC 9654 96-Core Processor
Assigned logical CPU: 96, SLURM_JOB_ID=838201

=== Running scripts/run_line_size.sh (HAZEL_MODE=1) ===
== run_line_size: machine=hazel_genoa core=96 seed=12345 ==
== timestamp=20260915T022618Z boundaries=32768,1048576,33554432 coarse_strides=8,16,32,64,128,256 ==

############################################################
## LEVEL boundary=32768B -- Method A window=[4096,131072] bytes
############################################################
-- [L32768 A coarse] stride=8B pattern=random offset=0B --
  wrote 31002 lines -> data_raw/hazel_genoa/line_size/level_32768/family_8_random_20260915T022618Z.csv
Wrote 31 summary rows to data_processed/hazel_genoa/line_size/level_32768/family_8_random_summary.csv
-- [L32768 A coarse] stride=8B pattern=sequential offset=0B --
  wrote 31002 lines -> data_raw/hazel_genoa/line_size/level_32768/family_8_sequential_20260915T022618Z.csv
Wrote 31 summary rows to data_processed/hazel_genoa/line_size/level_32768/family_8_sequential_summary.csv
-- [L32768 A coarse] stride=16B pattern=random offset=0B --
  wrote 31002 lines -> data_raw/hazel_genoa/line_size/level_32768/family_16_random_20260915T022618Z.csv
Wrote 31 summary rows to data_processed/hazel_genoa/line_size/level_32768/family_16_random_summary.csv
-- [L32768 A coarse] stride=16B pattern=sequential offset=0B --
  wrote 31002 lines -> data_raw/hazel_genoa/line_size/level_32768/family_16_sequential_20260915T022618Z.csv
Wrote 31 summary rows to data_processed/hazel_genoa/line_size/level_32768/family_16_sequential_summary.csv
-- [L32768 A coarse] stride=32B pattern=random offset=0B --
  wrote 31002 lines -> data_raw/hazel_genoa/line_size/level_32768/family_32_random_20260915T022618Z.csv
Wrote 31 summary rows to data_processed/hazel_genoa/line_size/level_32768/family_32_random_summary.csv
-- [L32768 A coarse] stride=32B pattern=sequential offset=0B --
  wrote 31002 lines -> data_raw/hazel_genoa/line_size/level_32768/family_32_sequential_20260915T022618Z.csv
Wrote 31 summary rows to data_processed/hazel_genoa/line_size/level_32768/family_32_sequential_summary.csv
-- [L32768 A coarse] stride=64B pattern=random offset=0B --
  wrote 31002 lines -> data_raw/hazel_genoa/line_size/level_32768/family_64_random_20260915T022618Z.csv
Wrote 31 summary rows to data_processed/hazel_genoa/line_size/level_32768/family_64_random_summary.csv
-- [L32768 A coarse] stride=64B pattern=sequential offset=0B --
  wrote 31002 lines -> data_raw/hazel_genoa/line_size/level_32768/family_64_sequential_20260915T022618Z.csv
Wrote 31 summary rows to data_processed/hazel_genoa/line_size/level_32768/family_64_sequential_summary.csv
-- [L32768 A coarse] stride=128B pattern=random offset=0B --
  wrote 31002 lines -> data_raw/hazel_genoa/line_size/level_32768/family_128_random_20260915T022618Z.csv
Wrote 31 summary rows to data_processed/hazel_genoa/line_size/level_32768/family_128_random_summary.csv
-- [L32768 A coarse] stride=128B pattern=sequential offset=0B --
  wrote 31002 lines -> data_raw/hazel_genoa/line_size/level_32768/family_128_sequential_20260915T022618Z.csv
Wrote 31 summary rows to data_processed/hazel_genoa/line_size/level_32768/family_128_sequential_summary.csv
-- [L32768 A coarse] stride=256B pattern=random offset=0B --
  wrote 31002 lines -> data_raw/hazel_genoa/line_size/level_32768/family_256_random_20260915T022618Z.csv
Wrote 31 summary rows to data_processed/hazel_genoa/line_size/level_32768/family_256_random_summary.csv
-- [L32768 A coarse] stride=256B pattern=sequential offset=0B --
  wrote 31002 lines -> data_raw/hazel_genoa/line_size/level_32768/family_256_sequential_20260915T022618Z.csv
Wrote 31 summary rows to data_processed/hazel_genoa/line_size/level_32768/family_256_sequential_summary.csv
-- [L32768 A steps 1-3] generating coarse family-of-curves plots --
Wrote data_processed/hazel_genoa/line_size/level_32768/plots/line_size_family_curve.pdf and .png
-- per-stride elbow (bytes): {8B: 65536, 16B: 65536, 32B: 52000, 64B: 36736, 128B: 36736, 256B: 36608}
-- line-size estimate: smallest candidate stride whose elbow agrees with largest tested stride (~36608 bytes) is 64B -- see infer_line_size's docstring caveat on the fixed grid resolution before citing this as a clean line-size number on its own
Wrote data_processed/hazel_genoa/line_size/level_32768/plots/line_size_family_boxplots.pdf and .png
   (the per-stride elbow / line-size-estimate lines just above are
   plot_line_size_family.py's own diagnostic guess from ONE un-repeated coarse
   sweep -- NOT auto-applied below; see data_processed/hazel_genoa/line_size/level_32768/plots/line_size_family_curve.png
   and decide the step-4 candidate yourself)
== [L32768 A] no candidate given for this level -- inspect
   data_processed/hazel_genoa/line_size/level_32768/plots/line_size_family_curve.png yourself and re-run with an
   explicit candidate stride in candidate_overrides_csv for this level (no
   auto-detection: it proved unreliable across runs/cores, see the script's
   header comment). Skipping Method-A step 4.

-- [L32768 B] single-curve method, footprint_bytes=65536 (2.0x boundary) --
-- [L32768 B coarse] stride 8-1024 bytes (step 8) --
  wrote 128002 lines -> data_raw/hazel_genoa/line_size/level_32768/singlecurve_coarse_random_20260915T022618Z.csv
  wrote 128002 lines -> data_raw/hazel_genoa/line_size/level_32768/singlecurve_coarse_sequential_20260915T022618Z.csv
Wrote 128 summary rows to data_processed/hazel_genoa/line_size/level_32768/singlecurve_coarse_random_summary.csv
Wrote 128 summary rows to data_processed/hazel_genoa/line_size/level_32768/singlecurve_coarse_sequential_summary.csv
-- [L32768 B] detected line-size estimate (bytes): 64 --
-- [L32768 B] dense sweep around estimate 64 bytes: 32-129 (step 1) --
  wrote 98002 lines -> data_raw/hazel_genoa/line_size/level_32768/singlecurve_dense_random_20260915T022618Z.csv
  wrote 98002 lines -> data_raw/hazel_genoa/line_size/level_32768/singlecurve_dense_sequential_20260915T022618Z.csv
Wrote 98 summary rows to data_processed/hazel_genoa/line_size/level_32768/singlecurve_dense_random_summary.csv
Wrote 98 summary rows to data_processed/hazel_genoa/line_size/level_32768/singlecurve_dense_sequential_summary.csv
  -- [L32768 B] repeat 1/2 of the dense window --
  wrote 98002 lines -> data_raw/hazel_genoa/line_size/level_32768/singlecurve_dense_rep1_random_20260915T022618Z.csv
  wrote 98002 lines -> data_raw/hazel_genoa/line_size/level_32768/singlecurve_dense_rep1_sequential_20260915T022618Z.csv
Wrote 98 summary rows to data_processed/hazel_genoa/line_size/level_32768/singlecurve_dense_rep1_random_summary.csv
Wrote 98 summary rows to data_processed/hazel_genoa/line_size/level_32768/singlecurve_dense_rep1_sequential_summary.csv
  -- [L32768 B] repeat 2/2 of the dense window --
  wrote 98002 lines -> data_raw/hazel_genoa/line_size/level_32768/singlecurve_dense_rep2_random_20260915T022618Z.csv
  wrote 98002 lines -> data_raw/hazel_genoa/line_size/level_32768/singlecurve_dense_rep2_sequential_20260915T022618Z.csv
Wrote 98 summary rows to data_processed/hazel_genoa/line_size/level_32768/singlecurve_dense_rep2_random_summary.csv
Wrote 98 summary rows to data_processed/hazel_genoa/line_size/level_32768/singlecurve_dense_rep2_sequential_summary.csv
-- [L32768 B] generating single-curve plots --
  note: flagged 4 isolated spike stride(s) as probable page-aliasing artifacts: [129, 256, 512, 1024]
Wrote data_processed/hazel_genoa/line_size/level_32768/plots/line_size_curve.pdf and .png
Wrote data_processed/hazel_genoa/line_size/level_32768/plots/line_size_boxplots.pdf and .png
-- compressing raw CSVs for level 32768 --

############################################################
## LEVEL boundary=1048576B -- Method A window=[131072,4194304] bytes
############################################################
-- [L1048576 A coarse] stride=8B pattern=random offset=0B --
  wrote 31002 lines -> data_raw/hazel_genoa/line_size/level_1048576/family_8_random_20260915T022618Z.csv
Wrote 31 summary rows to data_processed/hazel_genoa/line_size/level_1048576/family_8_random_summary.csv
-- [L1048576 A coarse] stride=8B pattern=sequential offset=0B --
  wrote 31002 lines -> data_raw/hazel_genoa/line_size/level_1048576/family_8_sequential_20260915T022618Z.csv
Wrote 31 summary rows to data_processed/hazel_genoa/line_size/level_1048576/family_8_sequential_summary.csv
-- [L1048576 A coarse] stride=16B pattern=random offset=0B --
  wrote 31002 lines -> data_raw/hazel_genoa/line_size/level_1048576/family_16_random_20260915T022618Z.csv
Wrote 31 summary rows to data_processed/hazel_genoa/line_size/level_1048576/family_16_random_summary.csv
-- [L1048576 A coarse] stride=16B pattern=sequential offset=0B --
  wrote 31002 lines -> data_raw/hazel_genoa/line_size/level_1048576/family_16_sequential_20260915T022618Z.csv
Wrote 31 summary rows to data_processed/hazel_genoa/line_size/level_1048576/family_16_sequential_summary.csv
-- [L1048576 A coarse] stride=32B pattern=random offset=0B --
  wrote 31002 lines -> data_raw/hazel_genoa/line_size/level_1048576/family_32_random_20260915T022618Z.csv
Wrote 31 summary rows to data_processed/hazel_genoa/line_size/level_1048576/family_32_random_summary.csv
-- [L1048576 A coarse] stride=32B pattern=sequential offset=0B --
  wrote 31002 lines -> data_raw/hazel_genoa/line_size/level_1048576/family_32_sequential_20260915T022618Z.csv
Wrote 31 summary rows to data_processed/hazel_genoa/line_size/level_1048576/family_32_sequential_summary.csv
-- [L1048576 A coarse] stride=64B pattern=random offset=0B --
  wrote 31002 lines -> data_raw/hazel_genoa/line_size/level_1048576/family_64_random_20260915T022618Z.csv
Wrote 31 summary rows to data_processed/hazel_genoa/line_size/level_1048576/family_64_random_summary.csv
-- [L1048576 A coarse] stride=64B pattern=sequential offset=0B --
  wrote 31002 lines -> data_raw/hazel_genoa/line_size/level_1048576/family_64_sequential_20260915T022618Z.csv
Wrote 31 summary rows to data_processed/hazel_genoa/line_size/level_1048576/family_64_sequential_summary.csv
-- [L1048576 A coarse] stride=128B pattern=random offset=0B --
  wrote 31002 lines -> data_raw/hazel_genoa/line_size/level_1048576/family_128_random_20260915T022618Z.csv
Wrote 31 summary rows to data_processed/hazel_genoa/line_size/level_1048576/family_128_random_summary.csv
-- [L1048576 A coarse] stride=128B pattern=sequential offset=0B --
  wrote 31002 lines -> data_raw/hazel_genoa/line_size/level_1048576/family_128_sequential_20260915T022618Z.csv
Wrote 31 summary rows to data_processed/hazel_genoa/line_size/level_1048576/family_128_sequential_summary.csv
-- [L1048576 A coarse] stride=256B pattern=random offset=0B --
  wrote 31002 lines -> data_raw/hazel_genoa/line_size/level_1048576/family_256_random_20260915T022618Z.csv
Wrote 31 summary rows to data_processed/hazel_genoa/line_size/level_1048576/family_256_random_summary.csv
-- [L1048576 A coarse] stride=256B pattern=sequential offset=0B --
  wrote 31002 lines -> data_raw/hazel_genoa/line_size/level_1048576/family_256_sequential_20260915T022618Z.csv
Wrote 31 summary rows to data_processed/hazel_genoa/line_size/level_1048576/family_256_sequential_summary.csv
-- [L1048576 A steps 1-3] generating coarse family-of-curves plots --
Wrote data_processed/hazel_genoa/line_size/level_1048576/plots/line_size_family_curve.pdf and .png
-- per-stride elbow (bytes): {8B: 2642240, 16B: 2642240, 32B: 2642240, 64B: 1321088, 128B: 1321088, 256B: 1482752}
-- line-size estimate: smallest candidate stride whose elbow agrees with largest tested stride (~1482752 bytes) is 64B -- see infer_line_size's docstring caveat on the fixed grid resolution before citing this as a clean line-size number on its own
Wrote data_processed/hazel_genoa/line_size/level_1048576/plots/line_size_family_boxplots.pdf and .png
   (the per-stride elbow / line-size-estimate lines just above are
   plot_line_size_family.py's own diagnostic guess from ONE un-repeated coarse
   sweep -- NOT auto-applied below; see data_processed/hazel_genoa/line_size/level_1048576/plots/line_size_family_curve.png
   and decide the step-4 candidate yourself)
== [L1048576 A] no candidate given for this level -- inspect
   data_processed/hazel_genoa/line_size/level_1048576/plots/line_size_family_curve.png yourself and re-run with an
   explicit candidate stride in candidate_overrides_csv for this level (no
   auto-detection: it proved unreliable across runs/cores, see the script's
   header comment). Skipping Method-A step 4.

-- [L1048576 B] single-curve method, footprint_bytes=2097152 (2.0x boundary) --
-- [L1048576 B coarse] stride 8-1024 bytes (step 8) --
  wrote 128002 lines -> data_raw/hazel_genoa/line_size/level_1048576/singlecurve_coarse_random_20260915T022618Z.csv
  wrote 128002 lines -> data_raw/hazel_genoa/line_size/level_1048576/singlecurve_coarse_sequential_20260915T022618Z.csv
Wrote 128 summary rows to data_processed/hazel_genoa/line_size/level_1048576/singlecurve_coarse_random_summary.csv
Wrote 128 summary rows to data_processed/hazel_genoa/line_size/level_1048576/singlecurve_coarse_sequential_summary.csv
-- [L1048576 B] detected line-size estimate (bytes): none --
-- [L1048576 B] no transition detected in the coarse sweep; skipping dense/repeat stages --
-- [L1048576 B] generating single-curve plots --
  note: flagged 3 isolated spike stride(s) as probable page-aliasing artifacts: [256, 512, 1024]
Wrote data_processed/hazel_genoa/line_size/level_1048576/plots/line_size_curve.pdf and .png
Wrote data_processed/hazel_genoa/line_size/level_1048576/plots/line_size_boxplots.pdf and .png
-- compressing raw CSVs for level 1048576 --

############################################################
## LEVEL boundary=33554432B -- Method A window=[4194304,134217728] bytes
############################################################
-- [L33554432 A coarse] stride=8B pattern=random offset=0B --
  wrote 31002 lines -> data_raw/hazel_genoa/line_size/level_33554432/family_8_random_20260915T022618Z.csv
Wrote 31 summary rows to data_processed/hazel_genoa/line_size/level_33554432/family_8_random_summary.csv
-- [L33554432 A coarse] stride=8B pattern=sequential offset=0B --
  wrote 31002 lines -> data_raw/hazel_genoa/line_size/level_33554432/family_8_sequential_20260915T022618Z.csv
Wrote 31 summary rows to data_processed/hazel_genoa/line_size/level_33554432/family_8_sequential_summary.csv
-- [L33554432 A coarse] stride=16B pattern=random offset=0B --
  wrote 31002 lines -> data_raw/hazel_genoa/line_size/level_33554432/family_16_random_20260915T022618Z.csv
Wrote 31 summary rows to data_processed/hazel_genoa/line_size/level_33554432/family_16_random_summary.csv
-- [L33554432 A coarse] stride=16B pattern=sequential offset=0B --
  wrote 31002 lines -> data_raw/hazel_genoa/line_size/level_33554432/family_16_sequential_20260915T022618Z.csv
Wrote 31 summary rows to data_processed/hazel_genoa/line_size/level_33554432/family_16_sequential_summary.csv
-- [L33554432 A coarse] stride=32B pattern=random offset=0B --
  wrote 31002 lines -> data_raw/hazel_genoa/line_size/level_33554432/family_32_random_20260915T022618Z.csv
Wrote 31 summary rows to data_processed/hazel_genoa/line_size/level_33554432/family_32_random_summary.csv
-- [L33554432 A coarse] stride=32B pattern=sequential offset=0B --
  wrote 31002 lines -> data_raw/hazel_genoa/line_size/level_33554432/family_32_sequential_20260915T022618Z.csv
Wrote 31 summary rows to data_processed/hazel_genoa/line_size/level_33554432/family_32_sequential_summary.csv
-- [L33554432 A coarse] stride=64B pattern=random offset=0B --
  wrote 31002 lines -> data_raw/hazel_genoa/line_size/level_33554432/family_64_random_20260915T022618Z.csv
Wrote 31 summary rows to data_processed/hazel_genoa/line_size/level_33554432/family_64_random_summary.csv
-- [L33554432 A coarse] stride=64B pattern=sequential offset=0B --
  wrote 31002 lines -> data_raw/hazel_genoa/line_size/level_33554432/family_64_sequential_20260915T022618Z.csv
Wrote 31 summary rows to data_processed/hazel_genoa/line_size/level_33554432/family_64_sequential_summary.csv
-- [L33554432 A coarse] stride=128B pattern=random offset=0B --
  wrote 31002 lines -> data_raw/hazel_genoa/line_size/level_33554432/family_128_random_20260915T022618Z.csv
Wrote 31 summary rows to data_processed/hazel_genoa/line_size/level_33554432/family_128_random_summary.csv
-- [L33554432 A coarse] stride=128B pattern=sequential offset=0B --
  wrote 31002 lines -> data_raw/hazel_genoa/line_size/level_33554432/family_128_sequential_20260915T022618Z.csv
Wrote 31 summary rows to data_processed/hazel_genoa/line_size/level_33554432/family_128_sequential_summary.csv
-- [L33554432 A coarse] stride=256B pattern=random offset=0B --
  wrote 31002 lines -> data_raw/hazel_genoa/line_size/level_33554432/family_256_random_20260915T022618Z.csv
Wrote 31 summary rows to data_processed/hazel_genoa/line_size/level_33554432/family_256_random_summary.csv
-- [L33554432 A coarse] stride=256B pattern=sequential offset=0B --
  wrote 31002 lines -> data_raw/hazel_genoa/line_size/level_33554432/family_256_sequential_20260915T022618Z.csv
Wrote 31 summary rows to data_processed/hazel_genoa/line_size/level_33554432/family_256_sequential_summary.csv
-- [L33554432 A steps 1-3] generating coarse family-of-curves plots --
Wrote data_processed/hazel_genoa/line_size/level_33554432/plots/line_size_family_curve.pdf and .png
-- per-stride elbow (bytes): {8B: 84551864, 16B: 42275920, 32B: 29893600, 64B: 37663552, 128B: 16777216, 256B: 33554432}
-- line-size estimate: smallest candidate stride whose elbow agrees with largest tested stride (~33554432 bytes) is 32B -- see infer_line_size's docstring caveat on the fixed grid resolution before citing this as a clean line-size number on its own
Wrote data_processed/hazel_genoa/line_size/level_33554432/plots/line_size_family_boxplots.pdf and .png
   (the per-stride elbow / line-size-estimate lines just above are
   plot_line_size_family.py's own diagnostic guess from ONE un-repeated coarse
   sweep -- NOT auto-applied below; see data_processed/hazel_genoa/line_size/level_33554432/plots/line_size_family_curve.png
   and decide the step-4 candidate yourself)
== [L33554432 A] no candidate given for this level -- inspect
   data_processed/hazel_genoa/line_size/level_33554432/plots/line_size_family_curve.png yourself and re-run with an
   explicit candidate stride in candidate_overrides_csv for this level (no
   auto-detection: it proved unreliable across runs/cores, see the script's
   header comment). Skipping Method-A step 4.

-- [L33554432 B] single-curve method, footprint_bytes=67108864 (2.0x boundary) --
-- [L33554432 B coarse] stride 8-1024 bytes (step 8) --
  wrote 128002 lines -> data_raw/hazel_genoa/line_size/level_33554432/singlecurve_coarse_random_20260915T022618Z.csv
  wrote 128002 lines -> data_raw/hazel_genoa/line_size/level_33554432/singlecurve_coarse_sequential_20260915T022618Z.csv
Wrote 128 summary rows to data_processed/hazel_genoa/line_size/level_33554432/singlecurve_coarse_random_summary.csv
Wrote 128 summary rows to data_processed/hazel_genoa/line_size/level_33554432/singlecurve_coarse_sequential_summary.csv
-- [L33554432 B] detected line-size estimate (bytes): 112 --
-- [L33554432 B] dense sweep around estimate 112 bytes: 56-225 (step 1) --
  wrote 170002 lines -> data_raw/hazel_genoa/line_size/level_33554432/singlecurve_dense_random_20260915T022618Z.csv
  wrote 170002 lines -> data_raw/hazel_genoa/line_size/level_33554432/singlecurve_dense_sequential_20260915T022618Z.csv
Wrote 170 summary rows to data_processed/hazel_genoa/line_size/level_33554432/singlecurve_dense_random_summary.csv
Wrote 170 summary rows to data_processed/hazel_genoa/line_size/level_33554432/singlecurve_dense_sequential_summary.csv
  -- [L33554432 B] repeat 1/2 of the dense window --
  wrote 170002 lines -> data_raw/hazel_genoa/line_size/level_33554432/singlecurve_dense_rep1_random_20260915T022618Z.csv
  wrote 170002 lines -> data_raw/hazel_genoa/line_size/level_33554432/singlecurve_dense_rep1_sequential_20260915T022618Z.csv
Wrote 170 summary rows to data_processed/hazel_genoa/line_size/level_33554432/singlecurve_dense_rep1_random_summary.csv
Wrote 170 summary rows to data_processed/hazel_genoa/line_size/level_33554432/singlecurve_dense_rep1_sequential_summary.csv
  -- [L33554432 B] repeat 2/2 of the dense window --
  wrote 170002 lines -> data_raw/hazel_genoa/line_size/level_33554432/singlecurve_dense_rep2_random_20260915T022618Z.csv
  wrote 170002 lines -> data_raw/hazel_genoa/line_size/level_33554432/singlecurve_dense_rep2_sequential_20260915T022618Z.csv
Wrote 170 summary rows to data_processed/hazel_genoa/line_size/level_33554432/singlecurve_dense_rep2_random_summary.csv
Wrote 170 summary rows to data_processed/hazel_genoa/line_size/level_33554432/singlecurve_dense_rep2_sequential_summary.csv
-- [L33554432 B] generating single-curve plots --
  note: 56B (random) has 4 overlapping summary rows with medians [310.6, 333.3, 269.9, 280.8] (spread 63.4 ticks, 21.2%) -- averaging, widening whiskers to the union
  note: 224B (random) has 4 overlapping summary rows with medians [332.2, 312.4, 212.1, 282.1] (spread 120.1 ticks, 42.2%) -- averaging, widening whiskers to the union
  note: 215B (random) has 3 overlapping summary rows with medians [321.5, 254.5, 325.1] (spread 70.6 ticks, 23.5%) -- averaging, widening whiskers to the union
  note: 220B (random) has 3 overlapping summary rows with medians [216.7, 322.2, 321.4] (spread 105.5 ticks, 36.8%) -- averaging, widening whiskers to the union
  note: 221B (random) has 3 overlapping summary rows with medians [223.7, 317.5, 317.9] (spread 94.2 ticks, 32.9%) -- averaging, widening whiskers to the union
  note: 168B (sequential) has 4 overlapping summary rows with medians [24.8, 23.8, 20.0, 25.9] (spread 5.9 ticks, 24.9%) -- averaging, widening whiskers to the union
  note: 184B (sequential) has 4 overlapping summary rows with medians [19.2, 24.7, 15.0, 25.2] (spread 10.2 ticks, 48.4%) -- averaging, widening whiskers to the union
  note: 192B (sequential) has 4 overlapping summary rows with medians [15.9, 12.6, 17.9, 14.1] (spread 5.3 ticks, 35.2%) -- averaging, widening whiskers to the union
  note: 208B (sequential) has 4 overlapping summary rows with medians [13.6, 11.5, 9.9, 10.3] (spread 3.7 ticks, 33.0%) -- averaging, widening whiskers to the union
  note: 216B (sequential) has 4 overlapping summary rows with medians [23.6, 25.8, 10.4, 10.6] (spread 15.4 ticks, 87.2%) -- averaging, widening whiskers to the union
  note: 224B (sequential) has 4 overlapping summary rows with medians [11.7, 11.5, 10.1, 27.9] (spread 17.8 ticks, 116.5%) -- averaging, widening whiskers to the union
  note: 178B (sequential) has 3 overlapping summary rows with medians [199.6, 170.5, 158.3] (spread 41.3 ticks, 23.4%) -- averaging, widening whiskers to the union
  note: 186B (sequential) has 3 overlapping summary rows with medians [227.3, 183.9, 199.3] (spread 43.4 ticks, 21.3%) -- averaging, widening whiskers to the union
  note: 202B (sequential) has 3 overlapping summary rows with medians [247.2, 202.0, 210.5] (spread 45.2 ticks, 20.6%) -- averaging, widening whiskers to the union
  note: 212B (sequential) has 3 overlapping summary rows with medians [22.0, 38.7, 29.7] (spread 16.7 ticks, 55.3%) -- averaging, widening whiskers to the union
  note: 220B (sequential) has 3 overlapping summary rows with medians [46.3, 23.8, 19.7] (spread 26.6 ticks, 88.7%) -- averaging, widening whiskers to the union
  note: flagged 30 isolated spike stride(s) as probable page-aliasing artifacts: [128, 136, 166, 170, 174, 178, 182, 186, 188, 196, 198, 202, 206, 210, 214, 218, 222, 225, 256, 344, 384, 488, 496, 512, 528, 560, 640, 768, 896, 1024]
Wrote data_processed/hazel_genoa/line_size/level_33554432/plots/line_size_curve.pdf and .png
Wrote data_processed/hazel_genoa/line_size/level_33554432/plots/line_size_boxplots.pdf and .png
-- compressing raw CSVs for level 33554432 --

############################################################
## step 5: cross-level, cross-method agreement summary
############################################################
   level boundary=32768B -> method A (family of curves) = noneB, method B (single curve) = 64B
   level boundary=1048576B -> method A (family of curves) = noneB, method B (single curve) = noneB
   level boundary=33554432B -> method A (family of curves) = noneB, method B (single curve) = 112B
== estimates DISAGREE (distinct values seen: 64,112) -- do not average these into
   one number; report the disagreement itself and investigate per-level/per-method before Phase II
== done: all levels, both methods, complete ==
== this is a FROZEN PHASE-I TIMING-ONLY result -- compare against PMU counters
   and the documented/system-reported line size in Phase II before treating it as
   confirmed (see README.md's Phase I/II/III discipline).
== plots per level: data_processed/hazel_genoa/line_size/level_<boundary>/plots/line_size_family_{curve,boxplots}.{png,pdf} (A, steps 1-3),
          .../line_size_offset_{elbow,boxplots}.{png,pdf} (A, step 4), .../line_size_{curve,boxplots}.{png,pdf} (B) ==
== record in data_raw/hazel_genoa/README.md: boundaries=32768,1048576,33554432, core=96,
   seed=12345, samples=1000000, coarse_strides=8,16,32,64,128,256, per-level/per-method estimates as above,
   timestamp=20260915T022618Z ==
== full transcript saved to: data_raw/hazel_genoa/line_size/run_line_size_20260915T022618Z.log ==

=== Done ===

------------------------------------------------------------
Resource usage summary:

    Job ID            : 838201
    Job name          : hw1_line_size
    User / Account    : krchen / ece592f26_cpu
    Partition / QOS   : compute_partners / short
    Submitted         : 2026-09-14T22:25:53
    Started           : 2026-09-14T22:26:17
    Wait time         : 24 sec
    Elapsed (wall)    : 00:07:46
    Nodes             : 1 (n0398)
    CPUs allocated    : 1
    Tasks             : 1
    CPU time (total)  : 453.34 sec  (user 405.78, sys 47.57)
    CPU efficiency    : 97.3%
    Memory in use     : 271.63 MB  (sampled at job end; see seff for peak)
    Memory requested  : 8G
    Working directory : /gpfs_common/share01/titan/krchen/Proj1-Cache-Reverse-Engineering
    Exit code         : 0:0

    For final accounting (Slurm's MaxRSS, billing, etc.):  seff 838201
------------------------------------------------------------
