=== Machine identification (Phase Discipline whitelist only) ===
n0398
Linux n0398 5.14.0-611.5.1.el9_7.x86_64 #1 SMP PREEMPT_DYNAMIC Fri Oct 17 14:16:35 EDT 2025 x86_64 x86_64 x86_64 GNU/Linux
model name	: AMD EPYC 9654 96-Core Processor
CPU CORE SOCKET NODE
  0    0      0    0
  1    1      0    0
  2    2      0    0
  3    3      0    0
  4    4      0    0
  5    5      0    0
  6    6      0    0
  7    7      0    0
  8    8      0    0
  9    9      0    0
 10   10      0    0
 11   11      0    0
 12   12      0    0
 13   13      0    0
 14   14      0    0
 15   15      0    0
 16   16      0    0
 17   17      0    0
 18   18      0    0
 19   19      0    0
 20   20      0    0
 21   21      0    0
 22   22      0    0
 23   23      0    0
 24   24      0    0
 25   25      0    0
 26   26      0    0
 27   27      0    0
 28   28      0    0
 29   29      0    0
 30   30      0    0
 31   31      0    0
 32   32      0    0
 33   33      0    0
 34   34      0    0
 35   35      0    0
 36   36      0    0
 37   37      0    0
 38   38      0    0
 39   39      0    0
 40   40      0    0
 41   41      0    0
 42   42      0    0
 43   43      0    0
 44   44      0    0
 45   45      0    0
 46   46      0    0
 47   47      0    0
 48   48      0    0
 49   49      0    0
 50   50      0    0
 51   51      0    0
 52   52      0    0
 53   53      0    0
 54   54      0    0
 55   55      0    0
 56   56      0    0
 57   57      0    0
 58   58      0    0
 59   59      0    0
 60   60      0    0
 61   61      0    0
 62   62      0    0
 63   63      0    0
 64   64      0    0
 65   65      0    0
 66   66      0    0
 67   67      0    0
 68   68      0    0
 69   69      0    0
 70   70      0    0
 71   71      0    0
 72   72      0    0
 73   73      0    0
 74   74      0    0
 75   75      0    0
 76   76      0    0
 77   77      0    0
 78   78      0    0
 79   79      0    0
 80   80      0    0
 81   81      0    0
 82   82      0    0
 83   83      0    0
 84   84      0    0
 85   85      0    0
 86   86      0    0
 87   87      0    0
 88   88      0    0
 89   89      0    0
 90   90      0    0
 91   91      0    0
 92   92      0    0
 93   93      0    0
 94   94      0    0
 95   95      0    0
 96   96      1    1
 97   97      1    1
 98   98      1    1
 99   99      1    1
100  100      1    1
101  101      1    1
102  102      1    1
103  103      1    1
104  104      1    1
105  105      1    1
106  106      1    1
107  107      1    1
108  108      1    1
109  109      1    1
110  110      1    1
111  111      1    1
112  112      1    1
113  113      1    1
114  114      1    1
115  115      1    1
116  116      1    1
117  117      1    1
118  118      1    1
119  119      1    1
120  120      1    1
121  121      1    1
122  122      1    1
123  123      1    1
124  124      1    1
125  125      1    1
126  126      1    1
127  127      1    1
128  128      1    1
129  129      1    1
130  130      1    1
131  131      1    1
132  132      1    1
133  133      1    1
134  134      1    1
135  135      1    1
136  136      1    1
137  137      1    1
138  138      1    1
139  139      1    1
140  140      1    1
141  141      1    1
142  142      1    1
143  143      1    1
144  144      1    1
145  145      1    1
146  146      1    1
147  147      1    1
148  148      1    1
149  149      1    1
150  150      1    1
151  151      1    1
152  152      1    1
153  153      1    1
154  154      1    1
155  155      1    1
156  156      1    1
157  157      1    1
158  158      1    1
159  159      1    1
160  160      1    1
161  161      1    1
162  162      1    1
163  163      1    1
164  164      1    1
165  165      1    1
166  166      1    1
167  167      1    1
168  168      1    1
169  169      1    1
170  170      1    1
171  171      1    1
172  172      1    1
173  173      1    1
174  174      1    1
175  175      1    1
176  176      1    1
177  177      1    1
178  178      1    1
179  179      1    1
180  180      1    1
181  181      1    1
182  182      1    1
183  183      1    1
184  184      1    1
185  185      1    1
186  186      1    1
187  187      1    1
188  188      1    1
189  189      1    1
190  190      1    1
191  191      1    1

=== Slurm job context ===
SLURM_JOB_ID=833557
SLURM_JOB_NODELIST=n0398
SLURM_CPUS_ON_NODE=1
SLURM_JOB_CONSTRAINT (feature match)=genoa
policy: default
preferred node: current
physcpubind: 96 
cpubind: 1 
nodebind: 1 
membind: 0 1 
preferred: 

=== Toolchain ===
gcc (GCC) 11.5.0 20240719 (Red Hat 11.5.0-11)

=== Benchmark commit ===
cache_bench git commit: cb7e0c8c82c0269507e665db04563dee78fda9a6

=== Build (isolated per-job directory, avoids races with sibling jobs) ===
gcc -O0 -g -std=c11 -Wall -Wextra -fno-omit-frame-pointer -c main_code/common/main.c -o main_code/common/main.o
gcc -O0 -g -std=c11 -Wall -Wextra -fno-omit-frame-pointer -c main_code/common/benchmark.c -o main_code/common/benchmark.o
gcc -O0 -g -std=c11 -Wall -Wextra -fno-omit-frame-pointer -c main_code/common/pointer_chase.c -o main_code/common/pointer_chase.o
gcc -O0 -g -std=c11 -Wall -Wextra -fno-omit-frame-pointer -c main_code/common/random.c -o main_code/common/random.o
gcc -O0 -g -std=c11 -Wall -Wextra -fno-omit-frame-pointer -c main_code/common/capacity.c -o main_code/common/capacity.o
gcc -O0 -g -std=c11 -Wall -Wextra -fno-omit-frame-pointer -c main_code/common/line_size.c -o main_code/common/line_size.o
gcc -O0 -g -std=c11 -Wall -Wextra -fno-omit-frame-pointer -c main_code/common/associativity.c -o main_code/common/associativity.o
gcc -O0 -g -std=c11 -Wall -Wextra -fno-omit-frame-pointer -c main_code/common/latency.c -o main_code/common/latency.o
gcc -O0 -g -std=c11 -Wall -Wextra -fno-omit-frame-pointer -c main_code/common/inclusion_policy.c -o main_code/common/inclusion_policy.o
gcc -O0 -g -std=c11 -Wall -Wextra -fno-omit-frame-pointer -c main_code/software_hit_rate/software_hit_rate.c -o main_code/software_hit_rate/software_hit_rate.o
gcc -O0 -g -std=c11 -Wall -Wextra -fno-omit-frame-pointer -o cache_bench main_code/common/main.o main_code/common/benchmark.o main_code/common/pointer_chase.o main_code/common/random.o main_code/common/capacity.o main_code/common/line_size.o main_code/common/associativity.o main_code/common/latency.o main_code/common/inclusion_policy.o main_code/software_hit_rate/software_hit_rate.o -lm

=== Smoke test: srun --cpu-bind=cores ./cache_bench (tiny capacity probe) ===
# experiment=capacity samples_requested=1000 samples_achieved=1000 batch_size=1000 num_batches=1 warmup_passes=2 seed=12345 node_bytes=8 pattern=random
size_bytes,num_nodes,pattern,batch_index,avg_ticks_per_access
4096,512,random,0,7.2720
4464,558,random,0,7.3440
4864,608,random,0,7.1280
5312,664,random,0,7.0800
5792,724,random,0,7.2000
6312,789,random,0,7.1520
6888,861,random,0,7.1280
7512,939,random,0,7.2720
8192,1024,random,0,7.1280
8928,1116,random,0,7.2000
9736,1217,random,0,7.2240
10624,1328,random,0,7.2000
11584,1448,random,0,7.3440
12632,1579,random,0,7.1760
13776,1722,random,0,7.0080
15024,1878,random,0,7.0800
16384,2048,random,0,7.1520
17864,2233,random,0,7.2000
19480,2435,random,0,7.2480
21240,2655,random,0,7.3200
23168,2896,random,0,6.9600
25264,3158,random,0,7.1280
27552,3444,random,0,7.2240
30048,3756,random,0,7.3200
32768,4096,random,0,7.5120
35728,4466,random,0,8.7120
38968,4871,random,0,9.4080
42488,5311,random,0,10.5120
46336,5792,random,0,11.3040
50528,6316,random,0,11.8080
55104,6888,random,0,12.3120
60096,7512,random,0,12.6960
65536,8192,random,0,13.2960

=== Phase Discipline gate check: is predictions-frozen an ancestor of HEAD? ===
predictions-frozen is an ancestor of HEAD -- real cache-suite runs are permitted
from a separate, dedicated job script once the full-suite pipeline is built.

=== Done ===

------------------------------------------------------------
Resource usage summary:

    Job ID            : 833557
    Job name          : hw1_cache
    User / Account    : krchen / ece592f26_cpu
    Partition / QOS   : compute_partners / short
    Submitted         : 2026-09-14T14:32:53
    Started           : 2026-09-14T14:32:59
    Wait time         : 6 sec
    Elapsed (wall)    : 00:00:16
    Nodes             : 1 (n0398)
    CPUs allocated    : 1
    Tasks             : 1
    CPU time (total)  : 1.79 sec  (user 1.19, sys 0.61)
    CPU efficiency    : 11.2%
    Memory in use     : 71.55 MB  (sampled at job end; see seff for peak)
    Memory requested  : 4G
    Working directory : /gpfs_common/share01/titan/krchen/Proj1-Cache-Reverse-Engineering
    Exit code         : 0:0

    For final accounting (Slurm's MaxRSS, billing, etc.):  seff 833557
------------------------------------------------------------
