=== Machine identification (Phase Discipline whitelist only) ===
n0398
Linux n0398 5.14.0-611.5.1.el9_7.x86_64 #1 SMP PREEMPT_DYNAMIC Fri Oct 17 14:16:35 EDT 2025 x86_64 x86_64 x86_64 GNU/Linux
model name	: AMD EPYC 9654 96-Core Processor
Assigned logical CPU: 97, SLURM_JOB_ID=838202

=== Running scripts/run_associativity_full.sh (HAZEL_MODE=1) ===
== run_associativity_full: machine=hazel_genoa core=97 base_seed=12345 max_ways=40 ==
== timestamp=20260915T022618Z ==
-- using explicit cache_bytes override: 32768 1048576 33554432 --

== level L1: cache_bytes=32768 ==
-- base sweep num_ways=2-40 --
  wrote 39002 lines -> data_raw/hazel_genoa/associativity/L1/associativity_base_random_20260915T022618Z.csv (seed=12345)
  wrote 39002 lines -> data_raw/hazel_genoa/associativity/L1/associativity_base_sequential_20260915T022618Z.csv (seed=12345)
Wrote 39 summary rows to data_processed/hazel_genoa/associativity/L1/base_random_summary_20260915T022618Z.csv
Wrote 39 summary rows to data_processed/hazel_genoa/associativity/L1/base_sequential_summary_20260915T022618Z.csv
-- detected associativity estimate: 9 --
  -- repeat 1/2 (seed=12346) --
  wrote 39002 lines -> data_raw/hazel_genoa/associativity/L1/associativity_rep1_random_20260915T022618Z.csv (seed=12346)
  wrote 39002 lines -> data_raw/hazel_genoa/associativity/L1/associativity_rep1_sequential_20260915T022618Z.csv (seed=12346)
Wrote 39 summary rows to data_processed/hazel_genoa/associativity/L1/rep1_random_summary_20260915T022618Z.csv
Wrote 39 summary rows to data_processed/hazel_genoa/associativity/L1/rep1_sequential_summary_20260915T022618Z.csv
     repeat 1 detected estimate: 9
  -- repeat 2/2 (seed=12347) --
  wrote 39002 lines -> data_raw/hazel_genoa/associativity/L1/associativity_rep2_random_20260915T022618Z.csv (seed=12347)
  wrote 39002 lines -> data_raw/hazel_genoa/associativity/L1/associativity_rep2_sequential_20260915T022618Z.csv (seed=12347)
Wrote 39 summary rows to data_processed/hazel_genoa/associativity/L1/rep2_random_summary_20260915T022618Z.csv
Wrote 39 summary rows to data_processed/hazel_genoa/associativity/L1/rep2_sequential_summary_20260915T022618Z.csv
     repeat 2 detected estimate: 9
-- generating plots for L1 --
Wrote data_processed/hazel_genoa/associativity/L1/plots/associativity_curve.pdf and .png
Wrote data_processed/hazel_genoa/associativity/L1/plots/associativity_boxplots.pdf and .png
-- compressing raw CSVs for L1 --

== level L2: cache_bytes=1048576 ==
-- base sweep num_ways=2-40 --
  wrote 39002 lines -> data_raw/hazel_genoa/associativity/L2/associativity_base_random_20260915T022618Z.csv (seed=12345)
  wrote 39002 lines -> data_raw/hazel_genoa/associativity/L2/associativity_base_sequential_20260915T022618Z.csv (seed=12345)
Wrote 39 summary rows to data_processed/hazel_genoa/associativity/L2/base_random_summary_20260915T022618Z.csv
Wrote 39 summary rows to data_processed/hazel_genoa/associativity/L2/base_sequential_summary_20260915T022618Z.csv
-- detected associativity estimate: 9 --
  -- repeat 1/2 (seed=12346) --
  wrote 39002 lines -> data_raw/hazel_genoa/associativity/L2/associativity_rep1_random_20260915T022618Z.csv (seed=12346)
  wrote 39002 lines -> data_raw/hazel_genoa/associativity/L2/associativity_rep1_sequential_20260915T022618Z.csv (seed=12346)
Wrote 39 summary rows to data_processed/hazel_genoa/associativity/L2/rep1_random_summary_20260915T022618Z.csv
Wrote 39 summary rows to data_processed/hazel_genoa/associativity/L2/rep1_sequential_summary_20260915T022618Z.csv
     repeat 1 detected estimate: 9
  -- repeat 2/2 (seed=12347) --
  wrote 39002 lines -> data_raw/hazel_genoa/associativity/L2/associativity_rep2_random_20260915T022618Z.csv (seed=12347)
  wrote 39002 lines -> data_raw/hazel_genoa/associativity/L2/associativity_rep2_sequential_20260915T022618Z.csv (seed=12347)
Wrote 39 summary rows to data_processed/hazel_genoa/associativity/L2/rep2_random_summary_20260915T022618Z.csv
Wrote 39 summary rows to data_processed/hazel_genoa/associativity/L2/rep2_sequential_summary_20260915T022618Z.csv
     repeat 2 detected estimate: 9
-- generating plots for L2 --
  note: num_ways=40 (sequential) has 3 overlapping summary rows with medians [10.8, 11.0, 19.1] (spread 8.3 ticks, 61.0%) -- averaging, widening whiskers to the union
Wrote data_processed/hazel_genoa/associativity/L2/plots/associativity_curve.pdf and .png
Wrote data_processed/hazel_genoa/associativity/L2/plots/associativity_boxplots.pdf and .png
-- compressing raw CSVs for L2 --

== level L3_LLC: cache_bytes=33554432 ==
-- base sweep num_ways=2-40 --
  wrote 39002 lines -> data_raw/hazel_genoa/associativity/L3_LLC/associativity_base_random_20260915T022618Z.csv (seed=12345)
  wrote 39002 lines -> data_raw/hazel_genoa/associativity/L3_LLC/associativity_base_sequential_20260915T022618Z.csv (seed=12345)
Wrote 39 summary rows to data_processed/hazel_genoa/associativity/L3_LLC/base_random_summary_20260915T022618Z.csv
Wrote 39 summary rows to data_processed/hazel_genoa/associativity/L3_LLC/base_sequential_summary_20260915T022618Z.csv
-- detected associativity estimate: 9 --
  -- repeat 1/2 (seed=12346) --
  wrote 39002 lines -> data_raw/hazel_genoa/associativity/L3_LLC/associativity_rep1_random_20260915T022618Z.csv (seed=12346)
  wrote 39002 lines -> data_raw/hazel_genoa/associativity/L3_LLC/associativity_rep1_sequential_20260915T022618Z.csv (seed=12346)
Wrote 39 summary rows to data_processed/hazel_genoa/associativity/L3_LLC/rep1_random_summary_20260915T022618Z.csv
Wrote 39 summary rows to data_processed/hazel_genoa/associativity/L3_LLC/rep1_sequential_summary_20260915T022618Z.csv
     repeat 1 detected estimate: 9
  -- repeat 2/2 (seed=12347) --
  wrote 39002 lines -> data_raw/hazel_genoa/associativity/L3_LLC/associativity_rep2_random_20260915T022618Z.csv (seed=12347)
  wrote 39002 lines -> data_raw/hazel_genoa/associativity/L3_LLC/associativity_rep2_sequential_20260915T022618Z.csv (seed=12347)
Wrote 39 summary rows to data_processed/hazel_genoa/associativity/L3_LLC/rep2_random_summary_20260915T022618Z.csv
Wrote 39 summary rows to data_processed/hazel_genoa/associativity/L3_LLC/rep2_sequential_summary_20260915T022618Z.csv
     repeat 2 detected estimate: 8
WARNING: repeat(s) disagree with the base estimate (base=9,
         repeats=9 8) -- do NOT treat this level's
         associativity as resolved; investigate before citing a number.
-- generating plots for L3_LLC --
  note: num_ways=8 (sequential) has 3 overlapping summary rows with medians [11.7, 7.4, 7.2] (spread 4.5 ticks, 51.3%) -- averaging, widening whiskers to the union
  note: num_ways=9 (sequential) has 3 overlapping summary rows with medians [15.2, 10.8, 10.8] (spread 4.5 ticks, 36.4%) -- averaging, widening whiskers to the union
  note: num_ways=10 (sequential) has 3 overlapping summary rows with medians [16.5, 13.2, 13.3] (spread 3.2 ticks, 22.4%) -- averaging, widening whiskers to the union
Wrote data_processed/hazel_genoa/associativity/L3_LLC/plots/associativity_curve.pdf and .png
Wrote data_processed/hazel_genoa/associativity/L3_LLC/plots/associativity_boxplots.pdf and .png
-- compressing raw CSVs for L3_LLC --

== done ==
== L1: cache_bytes=32768 -> associativity=9 (repeats: 9 9) ==
== L2: cache_bytes=1048576 -> associativity=9 (repeats: 9 9) ==
== L3_LLC: cache_bytes=33554432 -> associativity=9 (repeats: 9 8) ==
== record in data_raw/hazel_genoa/README.md: core=97, base_seed=12345 (repeats use base_seed+index), samples=1000000, max_ways=40, timestamp=20260915T022618Z ==
== full transcript saved to: data_raw/hazel_genoa/associativity/run_associativity_full_20260915T022618Z.log ==

=== Done ===

------------------------------------------------------------
Resource usage summary:

    Job ID            : 838202
    Job name          : hw1_associativity
    User / Account    : krchen / ece592f26_cpu
    Partition / QOS   : compute_partners / short
    Submitted         : 2026-09-14T22:25:53
    Started           : 2026-09-14T22:26:17
    Wait time         : 24 sec
    Elapsed (wall)    : 00:00:40
    Nodes             : 1 (n0398)
    CPUs allocated    : 1
    Tasks             : 1
    CPU time (total)  : 26.76 sec  (user 17.38, sys 9.39)
    CPU efficiency    : 66.9%
    Memory in use     : 92.99 MB  (sampled at job end; see seff for peak)
    Memory requested  : 8G
    Working directory : /gpfs_common/share01/titan/krchen/Proj1-Cache-Reverse-Engineering
    Exit code         : 0:0

    For final accounting (Slurm's MaxRSS, billing, etc.):  seff 838202
------------------------------------------------------------
