=== Machine identification (Phase Discipline whitelist only) ===
n0398
Linux n0398 5.14.0-611.5.1.el9_7.x86_64 #1 SMP PREEMPT_DYNAMIC Fri Oct 17 14:16:35 EDT 2025 x86_64 x86_64 x86_64 GNU/Linux
model name	: AMD EPYC 9654 96-Core Processor
Assigned logical CPU: 98, SLURM_JOB_ID=838203

=== Running scripts/run_hit_latency_full.sh (HAZEL_MODE=1) ===
== run_hit_latency_full: machine=hazel_genoa core=98 base_seed=12345 ==
== timestamp=20260915T022618Z ==

== level L1: footprint_bytes=32768 ==
-- base (seed=12345) --
  wrote 1002 lines -> data_raw/hazel_genoa/latency/hit/L1/hit_latency_base_dependent_random_20260915T022618Z.csv (mode=dependent pattern=random seed=12345)
Wrote 1 summary rows to data_processed/hazel_genoa/latency/hit/L1/base_dependent_random_summary_20260915T022618Z.csv
  wrote 1002 lines -> data_raw/hazel_genoa/latency/hit/L1/hit_latency_base_dependent_sequential_20260915T022618Z.csv (mode=dependent pattern=sequential seed=12345)
Wrote 1 summary rows to data_processed/hazel_genoa/latency/hit/L1/base_dependent_sequential_summary_20260915T022618Z.csv
  wrote 1002 lines -> data_raw/hazel_genoa/latency/hit/L1/hit_latency_base_independent_random_20260915T022618Z.csv (mode=independent pattern=random seed=12345)
Wrote 1 summary rows to data_processed/hazel_genoa/latency/hit/L1/base_independent_random_summary_20260915T022618Z.csv
  wrote 1002 lines -> data_raw/hazel_genoa/latency/hit/L1/hit_latency_base_independent_sequential_20260915T022618Z.csv (mode=independent pattern=sequential seed=12345)
Wrote 1 summary rows to data_processed/hazel_genoa/latency/hit/L1/base_independent_sequential_summary_20260915T022618Z.csv
-- rep1 (seed=12346) --
  wrote 1002 lines -> data_raw/hazel_genoa/latency/hit/L1/hit_latency_rep1_dependent_random_20260915T022618Z.csv (mode=dependent pattern=random seed=12346)
Wrote 1 summary rows to data_processed/hazel_genoa/latency/hit/L1/rep1_dependent_random_summary_20260915T022618Z.csv
  wrote 1002 lines -> data_raw/hazel_genoa/latency/hit/L1/hit_latency_rep1_dependent_sequential_20260915T022618Z.csv (mode=dependent pattern=sequential seed=12346)
Wrote 1 summary rows to data_processed/hazel_genoa/latency/hit/L1/rep1_dependent_sequential_summary_20260915T022618Z.csv
  wrote 1002 lines -> data_raw/hazel_genoa/latency/hit/L1/hit_latency_rep1_independent_random_20260915T022618Z.csv (mode=independent pattern=random seed=12346)
Wrote 1 summary rows to data_processed/hazel_genoa/latency/hit/L1/rep1_independent_random_summary_20260915T022618Z.csv
  wrote 1002 lines -> data_raw/hazel_genoa/latency/hit/L1/hit_latency_rep1_independent_sequential_20260915T022618Z.csv (mode=independent pattern=sequential seed=12346)
Wrote 1 summary rows to data_processed/hazel_genoa/latency/hit/L1/rep1_independent_sequential_summary_20260915T022618Z.csv
-- rep2 (seed=12347) --
  wrote 1002 lines -> data_raw/hazel_genoa/latency/hit/L1/hit_latency_rep2_dependent_random_20260915T022618Z.csv (mode=dependent pattern=random seed=12347)
Wrote 1 summary rows to data_processed/hazel_genoa/latency/hit/L1/rep2_dependent_random_summary_20260915T022618Z.csv
  wrote 1002 lines -> data_raw/hazel_genoa/latency/hit/L1/hit_latency_rep2_dependent_sequential_20260915T022618Z.csv (mode=dependent pattern=sequential seed=12347)
Wrote 1 summary rows to data_processed/hazel_genoa/latency/hit/L1/rep2_dependent_sequential_summary_20260915T022618Z.csv
  wrote 1002 lines -> data_raw/hazel_genoa/latency/hit/L1/hit_latency_rep2_independent_random_20260915T022618Z.csv (mode=independent pattern=random seed=12347)
Wrote 1 summary rows to data_processed/hazel_genoa/latency/hit/L1/rep2_independent_random_summary_20260915T022618Z.csv
  wrote 1002 lines -> data_raw/hazel_genoa/latency/hit/L1/hit_latency_rep2_independent_sequential_20260915T022618Z.csv (mode=independent pattern=sequential seed=12347)
Wrote 1 summary rows to data_processed/hazel_genoa/latency/hit/L1/rep2_independent_sequential_summary_20260915T022618Z.csv
-- generating plots for L1 --
random: independent < dependent (6.89 vs 7.51 ticks) [expected]
sequential: independent < dependent (6.82 vs 7.19 ticks) [expected]
Wrote data_processed/hazel_genoa/latency/hit/L1/plots/hit_latency_boxplots.pdf and .png
-- compressing raw CSVs for L1 --

== level L2: footprint_bytes=1048576 ==
-- base (seed=12345) --
  wrote 1002 lines -> data_raw/hazel_genoa/latency/hit/L2/hit_latency_base_dependent_random_20260915T022618Z.csv (mode=dependent pattern=random seed=12345)
Wrote 1 summary rows to data_processed/hazel_genoa/latency/hit/L2/base_dependent_random_summary_20260915T022618Z.csv
  wrote 1002 lines -> data_raw/hazel_genoa/latency/hit/L2/hit_latency_base_dependent_sequential_20260915T022618Z.csv (mode=dependent pattern=sequential seed=12345)
Wrote 1 summary rows to data_processed/hazel_genoa/latency/hit/L2/base_dependent_sequential_summary_20260915T022618Z.csv
  wrote 1002 lines -> data_raw/hazel_genoa/latency/hit/L2/hit_latency_base_independent_random_20260915T022618Z.csv (mode=independent pattern=random seed=12345)
Wrote 1 summary rows to data_processed/hazel_genoa/latency/hit/L2/base_independent_random_summary_20260915T022618Z.csv
  wrote 1002 lines -> data_raw/hazel_genoa/latency/hit/L2/hit_latency_base_independent_sequential_20260915T022618Z.csv (mode=independent pattern=sequential seed=12345)
Wrote 1 summary rows to data_processed/hazel_genoa/latency/hit/L2/base_independent_sequential_summary_20260915T022618Z.csv
-- rep1 (seed=12346) --
  wrote 1002 lines -> data_raw/hazel_genoa/latency/hit/L2/hit_latency_rep1_dependent_random_20260915T022618Z.csv (mode=dependent pattern=random seed=12346)
Wrote 1 summary rows to data_processed/hazel_genoa/latency/hit/L2/rep1_dependent_random_summary_20260915T022618Z.csv
  wrote 1002 lines -> data_raw/hazel_genoa/latency/hit/L2/hit_latency_rep1_dependent_sequential_20260915T022618Z.csv (mode=dependent pattern=sequential seed=12346)
Wrote 1 summary rows to data_processed/hazel_genoa/latency/hit/L2/rep1_dependent_sequential_summary_20260915T022618Z.csv
  wrote 1002 lines -> data_raw/hazel_genoa/latency/hit/L2/hit_latency_rep1_independent_random_20260915T022618Z.csv (mode=independent pattern=random seed=12346)
Wrote 1 summary rows to data_processed/hazel_genoa/latency/hit/L2/rep1_independent_random_summary_20260915T022618Z.csv
  wrote 1002 lines -> data_raw/hazel_genoa/latency/hit/L2/hit_latency_rep1_independent_sequential_20260915T022618Z.csv (mode=independent pattern=sequential seed=12346)
Wrote 1 summary rows to data_processed/hazel_genoa/latency/hit/L2/rep1_independent_sequential_summary_20260915T022618Z.csv
-- rep2 (seed=12347) --
  wrote 1002 lines -> data_raw/hazel_genoa/latency/hit/L2/hit_latency_rep2_dependent_random_20260915T022618Z.csv (mode=dependent pattern=random seed=12347)
Wrote 1 summary rows to data_processed/hazel_genoa/latency/hit/L2/rep2_dependent_random_summary_20260915T022618Z.csv
  wrote 1002 lines -> data_raw/hazel_genoa/latency/hit/L2/hit_latency_rep2_dependent_sequential_20260915T022618Z.csv (mode=dependent pattern=sequential seed=12347)
Wrote 1 summary rows to data_processed/hazel_genoa/latency/hit/L2/rep2_dependent_sequential_summary_20260915T022618Z.csv
  wrote 1002 lines -> data_raw/hazel_genoa/latency/hit/L2/hit_latency_rep2_independent_random_20260915T022618Z.csv (mode=independent pattern=random seed=12347)
Wrote 1 summary rows to data_processed/hazel_genoa/latency/hit/L2/rep2_independent_random_summary_20260915T022618Z.csv
  wrote 1002 lines -> data_raw/hazel_genoa/latency/hit/L2/hit_latency_rep2_independent_sequential_20260915T022618Z.csv (mode=independent pattern=sequential seed=12347)
Wrote 1 summary rows to data_processed/hazel_genoa/latency/hit/L2/rep2_independent_sequential_summary_20260915T022618Z.csv
-- generating plots for L2 --
random: independent < dependent (10.56 vs 30.45 ticks) [expected]
sequential: independent < dependent (6.84 vs 7.21 ticks) [expected]
Wrote data_processed/hazel_genoa/latency/hit/L2/plots/hit_latency_boxplots.pdf and .png
-- compressing raw CSVs for L2 --

== level LLC: footprint_bytes=33554432 ==
-- base (seed=12345) --
  wrote 1002 lines -> data_raw/hazel_genoa/latency/hit/LLC/hit_latency_base_dependent_random_20260915T022618Z.csv (mode=dependent pattern=random seed=12345)
Wrote 1 summary rows to data_processed/hazel_genoa/latency/hit/LLC/base_dependent_random_summary_20260915T022618Z.csv
  wrote 1002 lines -> data_raw/hazel_genoa/latency/hit/LLC/hit_latency_base_dependent_sequential_20260915T022618Z.csv (mode=dependent pattern=sequential seed=12345)
Wrote 1 summary rows to data_processed/hazel_genoa/latency/hit/LLC/base_dependent_sequential_summary_20260915T022618Z.csv
  wrote 1002 lines -> data_raw/hazel_genoa/latency/hit/LLC/hit_latency_base_independent_random_20260915T022618Z.csv (mode=independent pattern=random seed=12345)
Wrote 1 summary rows to data_processed/hazel_genoa/latency/hit/LLC/base_independent_random_summary_20260915T022618Z.csv
  wrote 1002 lines -> data_raw/hazel_genoa/latency/hit/LLC/hit_latency_base_independent_sequential_20260915T022618Z.csv (mode=independent pattern=sequential seed=12345)
Wrote 1 summary rows to data_processed/hazel_genoa/latency/hit/LLC/base_independent_sequential_summary_20260915T022618Z.csv
-- rep1 (seed=12346) --
  wrote 1002 lines -> data_raw/hazel_genoa/latency/hit/LLC/hit_latency_rep1_dependent_random_20260915T022618Z.csv (mode=dependent pattern=random seed=12346)
Wrote 1 summary rows to data_processed/hazel_genoa/latency/hit/LLC/rep1_dependent_random_summary_20260915T022618Z.csv
  wrote 1002 lines -> data_raw/hazel_genoa/latency/hit/LLC/hit_latency_rep1_dependent_sequential_20260915T022618Z.csv (mode=dependent pattern=sequential seed=12346)
Wrote 1 summary rows to data_processed/hazel_genoa/latency/hit/LLC/rep1_dependent_sequential_summary_20260915T022618Z.csv
  wrote 1002 lines -> data_raw/hazel_genoa/latency/hit/LLC/hit_latency_rep1_independent_random_20260915T022618Z.csv (mode=independent pattern=random seed=12346)
Wrote 1 summary rows to data_processed/hazel_genoa/latency/hit/LLC/rep1_independent_random_summary_20260915T022618Z.csv
  wrote 1002 lines -> data_raw/hazel_genoa/latency/hit/LLC/hit_latency_rep1_independent_sequential_20260915T022618Z.csv (mode=independent pattern=sequential seed=12346)
Wrote 1 summary rows to data_processed/hazel_genoa/latency/hit/LLC/rep1_independent_sequential_summary_20260915T022618Z.csv
-- rep2 (seed=12347) --
  wrote 1002 lines -> data_raw/hazel_genoa/latency/hit/LLC/hit_latency_rep2_dependent_random_20260915T022618Z.csv (mode=dependent pattern=random seed=12347)
Wrote 1 summary rows to data_processed/hazel_genoa/latency/hit/LLC/rep2_dependent_random_summary_20260915T022618Z.csv
  wrote 1002 lines -> data_raw/hazel_genoa/latency/hit/LLC/hit_latency_rep2_dependent_sequential_20260915T022618Z.csv (mode=dependent pattern=sequential seed=12347)
Wrote 1 summary rows to data_processed/hazel_genoa/latency/hit/LLC/rep2_dependent_sequential_summary_20260915T022618Z.csv
  wrote 1002 lines -> data_raw/hazel_genoa/latency/hit/LLC/hit_latency_rep2_independent_random_20260915T022618Z.csv (mode=independent pattern=random seed=12347)
Wrote 1 summary rows to data_processed/hazel_genoa/latency/hit/LLC/rep2_independent_random_summary_20260915T022618Z.csv
  wrote 1002 lines -> data_raw/hazel_genoa/latency/hit/LLC/hit_latency_rep2_independent_sequential_20260915T022618Z.csv (mode=independent pattern=sequential seed=12347)
Wrote 1 summary rows to data_processed/hazel_genoa/latency/hit/LLC/rep2_independent_sequential_summary_20260915T022618Z.csv
-- generating plots for LLC --
random: independent < dependent (46.60 vs 239.95 ticks) [expected]
sequential: independent < dependent (7.10 vs 7.22 ticks) [expected]
Wrote data_processed/hazel_genoa/latency/hit/LLC/plots/hit_latency_boxplots.pdf and .png
-- compressing raw CSVs for LLC --

== level DRAM: footprint_bytes=536870912 ==
-- base (seed=12345) --
  wrote 1002 lines -> data_raw/hazel_genoa/latency/hit/DRAM/hit_latency_base_dependent_random_20260915T022618Z.csv (mode=dependent pattern=random seed=12345)
Wrote 1 summary rows to data_processed/hazel_genoa/latency/hit/DRAM/base_dependent_random_summary_20260915T022618Z.csv
  wrote 1002 lines -> data_raw/hazel_genoa/latency/hit/DRAM/hit_latency_base_dependent_sequential_20260915T022618Z.csv (mode=dependent pattern=sequential seed=12345)
Wrote 1 summary rows to data_processed/hazel_genoa/latency/hit/DRAM/base_dependent_sequential_summary_20260915T022618Z.csv
  wrote 1002 lines -> data_raw/hazel_genoa/latency/hit/DRAM/hit_latency_base_independent_random_20260915T022618Z.csv (mode=independent pattern=random seed=12345)
Wrote 1 summary rows to data_processed/hazel_genoa/latency/hit/DRAM/base_independent_random_summary_20260915T022618Z.csv
  wrote 1002 lines -> data_raw/hazel_genoa/latency/hit/DRAM/hit_latency_base_independent_sequential_20260915T022618Z.csv (mode=independent pattern=sequential seed=12345)
Wrote 1 summary rows to data_processed/hazel_genoa/latency/hit/DRAM/base_independent_sequential_summary_20260915T022618Z.csv
-- rep1 (seed=12346) --
  wrote 1002 lines -> data_raw/hazel_genoa/latency/hit/DRAM/hit_latency_rep1_dependent_random_20260915T022618Z.csv (mode=dependent pattern=random seed=12346)
Wrote 1 summary rows to data_processed/hazel_genoa/latency/hit/DRAM/rep1_dependent_random_summary_20260915T022618Z.csv
  wrote 1002 lines -> data_raw/hazel_genoa/latency/hit/DRAM/hit_latency_rep1_dependent_sequential_20260915T022618Z.csv (mode=dependent pattern=sequential seed=12346)
Wrote 1 summary rows to data_processed/hazel_genoa/latency/hit/DRAM/rep1_dependent_sequential_summary_20260915T022618Z.csv
  wrote 1002 lines -> data_raw/hazel_genoa/latency/hit/DRAM/hit_latency_rep1_independent_random_20260915T022618Z.csv (mode=independent pattern=random seed=12346)
Wrote 1 summary rows to data_processed/hazel_genoa/latency/hit/DRAM/rep1_independent_random_summary_20260915T022618Z.csv
  wrote 1002 lines -> data_raw/hazel_genoa/latency/hit/DRAM/hit_latency_rep1_independent_sequential_20260915T022618Z.csv (mode=independent pattern=sequential seed=12346)
Wrote 1 summary rows to data_processed/hazel_genoa/latency/hit/DRAM/rep1_independent_sequential_summary_20260915T022618Z.csv
-- rep2 (seed=12347) --
  wrote 1002 lines -> data_raw/hazel_genoa/latency/hit/DRAM/hit_latency_rep2_dependent_random_20260915T022618Z.csv (mode=dependent pattern=random seed=12347)
Wrote 1 summary rows to data_processed/hazel_genoa/latency/hit/DRAM/rep2_dependent_random_summary_20260915T022618Z.csv
  wrote 1002 lines -> data_raw/hazel_genoa/latency/hit/DRAM/hit_latency_rep2_dependent_sequential_20260915T022618Z.csv (mode=dependent pattern=sequential seed=12347)
Wrote 1 summary rows to data_processed/hazel_genoa/latency/hit/DRAM/rep2_dependent_sequential_summary_20260915T022618Z.csv
  wrote 1002 lines -> data_raw/hazel_genoa/latency/hit/DRAM/hit_latency_rep2_independent_random_20260915T022618Z.csv (mode=independent pattern=random seed=12347)
Wrote 1 summary rows to data_processed/hazel_genoa/latency/hit/DRAM/rep2_independent_random_summary_20260915T022618Z.csv
  wrote 1002 lines -> data_raw/hazel_genoa/latency/hit/DRAM/hit_latency_rep2_independent_sequential_20260915T022618Z.csv (mode=independent pattern=sequential seed=12347)
Wrote 1 summary rows to data_processed/hazel_genoa/latency/hit/DRAM/rep2_independent_sequential_summary_20260915T022618Z.csv
-- generating plots for DRAM --
random: independent < dependent (52.91 vs 339.44 ticks) [expected]
sequential: independent < dependent (6.98 vs 7.22 ticks) [expected]
Wrote data_processed/hazel_genoa/latency/hit/DRAM/plots/hit_latency_boxplots.pdf and .png
-- compressing raw CSVs for DRAM --

== done ==
== L1: footprint_bytes=32768 ==
== L2: footprint_bytes=1048576 ==
== LLC: footprint_bytes=33554432 ==
== DRAM: footprint_bytes=536870912 ==
== record in data_raw/hazel_genoa/README.md: core=98, base_seed=12345 (repeats use base_seed+index), samples=1000000, timestamp=20260915T022618Z ==
== full transcript saved to: data_raw/hazel_genoa/latency/run_hit_latency_full_20260915T022618Z.log ==

=== Done ===

------------------------------------------------------------
Resource usage summary:

    Job ID            : 838203
    Job name          : hw1_hit_latency
    User / Account    : krchen / ece592f26_cpu
    Partition / QOS   : compute_partners / short
    Submitted         : 2026-09-14T22:25:53
    Started           : 2026-09-14T22:26:17
    Wait time         : 24 sec
    Elapsed (wall)    : 00:04:20
    Nodes             : 1 (n0398)
    CPUs allocated    : 1
    Tasks             : 1
    CPU time (total)  : 243.73 sec  (user 236.21, sys 7.53)
    CPU efficiency    : 93.7%
    Memory in use     : 1.02 GB  (sampled at job end; see seff for peak)
    Memory requested  : 8G
    Working directory : /gpfs_common/share01/titan/krchen/Proj1-Cache-Reverse-Engineering
    Exit code         : 0:0

    For final accounting (Slurm's MaxRSS, billing, etc.):  seff 838203
------------------------------------------------------------
