== run_hit_latency_full: machine=upgrade core=5 base_seed=12345 ==
== timestamp=20260913T061042Z ==

== level L1: footprint_bytes=32768 ==
-- base (seed=12345) --
  wrote 1002 lines -> data_raw/upgrade/latency/hit/L1/hit_latency_base_dependent_random_20260913T061042Z.csv (mode=dependent pattern=random seed=12345)
Wrote 1 summary rows to data_processed/upgrade/latency/hit/L1/base_dependent_random_summary_20260913T061042Z.csv
  wrote 1002 lines -> data_raw/upgrade/latency/hit/L1/hit_latency_base_dependent_sequential_20260913T061042Z.csv (mode=dependent pattern=sequential seed=12345)
Wrote 1 summary rows to data_processed/upgrade/latency/hit/L1/base_dependent_sequential_summary_20260913T061042Z.csv
  wrote 1002 lines -> data_raw/upgrade/latency/hit/L1/hit_latency_base_independent_random_20260913T061042Z.csv (mode=independent pattern=random seed=12345)
Wrote 1 summary rows to data_processed/upgrade/latency/hit/L1/base_independent_random_summary_20260913T061042Z.csv
  wrote 1002 lines -> data_raw/upgrade/latency/hit/L1/hit_latency_base_independent_sequential_20260913T061042Z.csv (mode=independent pattern=sequential seed=12345)
Wrote 1 summary rows to data_processed/upgrade/latency/hit/L1/base_independent_sequential_summary_20260913T061042Z.csv
-- rep1 (seed=12346) --
  wrote 1002 lines -> data_raw/upgrade/latency/hit/L1/hit_latency_rep1_dependent_random_20260913T061042Z.csv (mode=dependent pattern=random seed=12346)
Wrote 1 summary rows to data_processed/upgrade/latency/hit/L1/rep1_dependent_random_summary_20260913T061042Z.csv
  wrote 1002 lines -> data_raw/upgrade/latency/hit/L1/hit_latency_rep1_dependent_sequential_20260913T061042Z.csv (mode=dependent pattern=sequential seed=12346)
Wrote 1 summary rows to data_processed/upgrade/latency/hit/L1/rep1_dependent_sequential_summary_20260913T061042Z.csv
  wrote 1002 lines -> data_raw/upgrade/latency/hit/L1/hit_latency_rep1_independent_random_20260913T061042Z.csv (mode=independent pattern=random seed=12346)
Wrote 1 summary rows to data_processed/upgrade/latency/hit/L1/rep1_independent_random_summary_20260913T061042Z.csv
  wrote 1002 lines -> data_raw/upgrade/latency/hit/L1/hit_latency_rep1_independent_sequential_20260913T061042Z.csv (mode=independent pattern=sequential seed=12346)
Wrote 1 summary rows to data_processed/upgrade/latency/hit/L1/rep1_independent_sequential_summary_20260913T061042Z.csv
-- rep2 (seed=12347) --
  wrote 1002 lines -> data_raw/upgrade/latency/hit/L1/hit_latency_rep2_dependent_random_20260913T061042Z.csv (mode=dependent pattern=random seed=12347)
Wrote 1 summary rows to data_processed/upgrade/latency/hit/L1/rep2_dependent_random_summary_20260913T061042Z.csv
  wrote 1002 lines -> data_raw/upgrade/latency/hit/L1/hit_latency_rep2_dependent_sequential_20260913T061042Z.csv (mode=dependent pattern=sequential seed=12347)
Wrote 1 summary rows to data_processed/upgrade/latency/hit/L1/rep2_dependent_sequential_summary_20260913T061042Z.csv
  wrote 1002 lines -> data_raw/upgrade/latency/hit/L1/hit_latency_rep2_independent_random_20260913T061042Z.csv (mode=independent pattern=random seed=12347)
Wrote 1 summary rows to data_processed/upgrade/latency/hit/L1/rep2_independent_random_summary_20260913T061042Z.csv
  wrote 1002 lines -> data_raw/upgrade/latency/hit/L1/hit_latency_rep2_independent_sequential_20260913T061042Z.csv (mode=independent pattern=sequential seed=12347)
Wrote 1 summary rows to data_processed/upgrade/latency/hit/L1/rep2_independent_sequential_summary_20260913T061042Z.csv
-- generating plots for L1 --
random: independent < dependent (6.16 vs 6.35 ticks) [expected]
sequential: independent < dependent (6.09 vs 6.32 ticks) [expected]
Wrote data_processed/upgrade/latency/hit/L1/plots/hit_latency_boxplots.pdf and .png
-- compressing raw CSVs for L1 --

== level L2: footprint_bytes=262144 ==
-- base (seed=12345) --
  wrote 1002 lines -> data_raw/upgrade/latency/hit/L2/hit_latency_base_dependent_random_20260913T061042Z.csv (mode=dependent pattern=random seed=12345)
Wrote 1 summary rows to data_processed/upgrade/latency/hit/L2/base_dependent_random_summary_20260913T061042Z.csv
  wrote 1002 lines -> data_raw/upgrade/latency/hit/L2/hit_latency_base_dependent_sequential_20260913T061042Z.csv (mode=dependent pattern=sequential seed=12345)
Wrote 1 summary rows to data_processed/upgrade/latency/hit/L2/base_dependent_sequential_summary_20260913T061042Z.csv
  wrote 1002 lines -> data_raw/upgrade/latency/hit/L2/hit_latency_base_independent_random_20260913T061042Z.csv (mode=independent pattern=random seed=12345)
Wrote 1 summary rows to data_processed/upgrade/latency/hit/L2/base_independent_random_summary_20260913T061042Z.csv
  wrote 1002 lines -> data_raw/upgrade/latency/hit/L2/hit_latency_base_independent_sequential_20260913T061042Z.csv (mode=independent pattern=sequential seed=12345)
Wrote 1 summary rows to data_processed/upgrade/latency/hit/L2/base_independent_sequential_summary_20260913T061042Z.csv
-- rep1 (seed=12346) --
  wrote 1002 lines -> data_raw/upgrade/latency/hit/L2/hit_latency_rep1_dependent_random_20260913T061042Z.csv (mode=dependent pattern=random seed=12346)
Wrote 1 summary rows to data_processed/upgrade/latency/hit/L2/rep1_dependent_random_summary_20260913T061042Z.csv
  wrote 1002 lines -> data_raw/upgrade/latency/hit/L2/hit_latency_rep1_dependent_sequential_20260913T061042Z.csv (mode=dependent pattern=sequential seed=12346)
Wrote 1 summary rows to data_processed/upgrade/latency/hit/L2/rep1_dependent_sequential_summary_20260913T061042Z.csv
  wrote 1002 lines -> data_raw/upgrade/latency/hit/L2/hit_latency_rep1_independent_random_20260913T061042Z.csv (mode=independent pattern=random seed=12346)
Wrote 1 summary rows to data_processed/upgrade/latency/hit/L2/rep1_independent_random_summary_20260913T061042Z.csv
  wrote 1002 lines -> data_raw/upgrade/latency/hit/L2/hit_latency_rep1_independent_sequential_20260913T061042Z.csv (mode=independent pattern=sequential seed=12346)
Wrote 1 summary rows to data_processed/upgrade/latency/hit/L2/rep1_independent_sequential_summary_20260913T061042Z.csv
-- rep2 (seed=12347) --
  wrote 1002 lines -> data_raw/upgrade/latency/hit/L2/hit_latency_rep2_dependent_random_20260913T061042Z.csv (mode=dependent pattern=random seed=12347)
Wrote 1 summary rows to data_processed/upgrade/latency/hit/L2/rep2_dependent_random_summary_20260913T061042Z.csv
  wrote 1002 lines -> data_raw/upgrade/latency/hit/L2/hit_latency_rep2_dependent_sequential_20260913T061042Z.csv (mode=dependent pattern=sequential seed=12347)
Wrote 1 summary rows to data_processed/upgrade/latency/hit/L2/rep2_dependent_sequential_summary_20260913T061042Z.csv
  wrote 1002 lines -> data_raw/upgrade/latency/hit/L2/hit_latency_rep2_independent_random_20260913T061042Z.csv (mode=independent pattern=random seed=12347)
Wrote 1 summary rows to data_processed/upgrade/latency/hit/L2/rep2_independent_random_summary_20260913T061042Z.csv
  wrote 1002 lines -> data_raw/upgrade/latency/hit/L2/hit_latency_rep2_independent_sequential_20260913T061042Z.csv (mode=independent pattern=sequential seed=12347)
Wrote 1 summary rows to data_processed/upgrade/latency/hit/L2/rep2_independent_sequential_summary_20260913T061042Z.csv
-- generating plots for L2 --
random: independent < dependent (8.34 vs 16.74 ticks) [expected]
sequential: independent < dependent (6.64 vs 6.68 ticks) [expected]
Wrote data_processed/upgrade/latency/hit/L2/plots/hit_latency_boxplots.pdf and .png
-- compressing raw CSVs for L2 --

== level LLC: footprint_bytes=12582912 ==
-- base (seed=12345) --
  wrote 1002 lines -> data_raw/upgrade/latency/hit/LLC/hit_latency_base_dependent_random_20260913T061042Z.csv (mode=dependent pattern=random seed=12345)
Wrote 1 summary rows to data_processed/upgrade/latency/hit/LLC/base_dependent_random_summary_20260913T061042Z.csv
  wrote 1002 lines -> data_raw/upgrade/latency/hit/LLC/hit_latency_base_dependent_sequential_20260913T061042Z.csv (mode=dependent pattern=sequential seed=12345)
Wrote 1 summary rows to data_processed/upgrade/latency/hit/LLC/base_dependent_sequential_summary_20260913T061042Z.csv
  wrote 1002 lines -> data_raw/upgrade/latency/hit/LLC/hit_latency_base_independent_random_20260913T061042Z.csv (mode=independent pattern=random seed=12345)
Wrote 1 summary rows to data_processed/upgrade/latency/hit/LLC/base_independent_random_summary_20260913T061042Z.csv
  wrote 1002 lines -> data_raw/upgrade/latency/hit/LLC/hit_latency_base_independent_sequential_20260913T061042Z.csv (mode=independent pattern=sequential seed=12345)
Wrote 1 summary rows to data_processed/upgrade/latency/hit/LLC/base_independent_sequential_summary_20260913T061042Z.csv
-- rep1 (seed=12346) --
  wrote 1002 lines -> data_raw/upgrade/latency/hit/LLC/hit_latency_rep1_dependent_random_20260913T061042Z.csv (mode=dependent pattern=random seed=12346)
Wrote 1 summary rows to data_processed/upgrade/latency/hit/LLC/rep1_dependent_random_summary_20260913T061042Z.csv
  wrote 1002 lines -> data_raw/upgrade/latency/hit/LLC/hit_latency_rep1_dependent_sequential_20260913T061042Z.csv (mode=dependent pattern=sequential seed=12346)
Wrote 1 summary rows to data_processed/upgrade/latency/hit/LLC/rep1_dependent_sequential_summary_20260913T061042Z.csv
  wrote 1002 lines -> data_raw/upgrade/latency/hit/LLC/hit_latency_rep1_independent_random_20260913T061042Z.csv (mode=independent pattern=random seed=12346)
Wrote 1 summary rows to data_processed/upgrade/latency/hit/LLC/rep1_independent_random_summary_20260913T061042Z.csv
  wrote 1002 lines -> data_raw/upgrade/latency/hit/LLC/hit_latency_rep1_independent_sequential_20260913T061042Z.csv (mode=independent pattern=sequential seed=12346)
Wrote 1 summary rows to data_processed/upgrade/latency/hit/LLC/rep1_independent_sequential_summary_20260913T061042Z.csv
-- rep2 (seed=12347) --
  wrote 1002 lines -> data_raw/upgrade/latency/hit/LLC/hit_latency_rep2_dependent_random_20260913T061042Z.csv (mode=dependent pattern=random seed=12347)
Wrote 1 summary rows to data_processed/upgrade/latency/hit/LLC/rep2_dependent_random_summary_20260913T061042Z.csv
  wrote 1002 lines -> data_raw/upgrade/latency/hit/LLC/hit_latency_rep2_dependent_sequential_20260913T061042Z.csv (mode=dependent pattern=sequential seed=12347)
Wrote 1 summary rows to data_processed/upgrade/latency/hit/LLC/rep2_dependent_sequential_summary_20260913T061042Z.csv
  wrote 1002 lines -> data_raw/upgrade/latency/hit/LLC/hit_latency_rep2_independent_random_20260913T061042Z.csv (mode=independent pattern=random seed=12347)
Wrote 1 summary rows to data_processed/upgrade/latency/hit/LLC/rep2_independent_random_summary_20260913T061042Z.csv
  wrote 1002 lines -> data_raw/upgrade/latency/hit/LLC/hit_latency_rep2_independent_sequential_20260913T061042Z.csv (mode=independent pattern=sequential seed=12347)
Wrote 1 summary rows to data_processed/upgrade/latency/hit/LLC/rep2_independent_sequential_summary_20260913T061042Z.csv
-- generating plots for LLC --
random: independent < dependent (38.35 vs 155.44 ticks) [expected]
sequential: independent >= dependent (6.99 vs 6.67 ticks) [UNEXPECTED -- investigate]
Wrote data_processed/upgrade/latency/hit/LLC/plots/hit_latency_boxplots.pdf and .png
-- compressing raw CSVs for LLC --

== level DRAM: footprint_bytes=536870912 ==
-- base (seed=12345) --
  wrote 1002 lines -> data_raw/upgrade/latency/hit/DRAM/hit_latency_base_dependent_random_20260913T061042Z.csv (mode=dependent pattern=random seed=12345)
Wrote 1 summary rows to data_processed/upgrade/latency/hit/DRAM/base_dependent_random_summary_20260913T061042Z.csv
  wrote 1002 lines -> data_raw/upgrade/latency/hit/DRAM/hit_latency_base_dependent_sequential_20260913T061042Z.csv (mode=dependent pattern=sequential seed=12345)
Wrote 1 summary rows to data_processed/upgrade/latency/hit/DRAM/base_dependent_sequential_summary_20260913T061042Z.csv
  wrote 1002 lines -> data_raw/upgrade/latency/hit/DRAM/hit_latency_base_independent_random_20260913T061042Z.csv (mode=independent pattern=random seed=12345)
Wrote 1 summary rows to data_processed/upgrade/latency/hit/DRAM/base_independent_random_summary_20260913T061042Z.csv
  wrote 1002 lines -> data_raw/upgrade/latency/hit/DRAM/hit_latency_base_independent_sequential_20260913T061042Z.csv (mode=independent pattern=sequential seed=12345)
Wrote 1 summary rows to data_processed/upgrade/latency/hit/DRAM/base_independent_sequential_summary_20260913T061042Z.csv
-- rep1 (seed=12346) --
  wrote 1002 lines -> data_raw/upgrade/latency/hit/DRAM/hit_latency_rep1_dependent_random_20260913T061042Z.csv (mode=dependent pattern=random seed=12346)
Wrote 1 summary rows to data_processed/upgrade/latency/hit/DRAM/rep1_dependent_random_summary_20260913T061042Z.csv
  wrote 1002 lines -> data_raw/upgrade/latency/hit/DRAM/hit_latency_rep1_dependent_sequential_20260913T061042Z.csv (mode=dependent pattern=sequential seed=12346)
Wrote 1 summary rows to data_processed/upgrade/latency/hit/DRAM/rep1_dependent_sequential_summary_20260913T061042Z.csv
  wrote 1002 lines -> data_raw/upgrade/latency/hit/DRAM/hit_latency_rep1_independent_random_20260913T061042Z.csv (mode=independent pattern=random seed=12346)
Wrote 1 summary rows to data_processed/upgrade/latency/hit/DRAM/rep1_independent_random_summary_20260913T061042Z.csv
  wrote 1002 lines -> data_raw/upgrade/latency/hit/DRAM/hit_latency_rep1_independent_sequential_20260913T061042Z.csv (mode=independent pattern=sequential seed=12346)
Wrote 1 summary rows to data_processed/upgrade/latency/hit/DRAM/rep1_independent_sequential_summary_20260913T061042Z.csv
-- rep2 (seed=12347) --
  wrote 1002 lines -> data_raw/upgrade/latency/hit/DRAM/hit_latency_rep2_dependent_random_20260913T061042Z.csv (mode=dependent pattern=random seed=12347)
Wrote 1 summary rows to data_processed/upgrade/latency/hit/DRAM/rep2_dependent_random_summary_20260913T061042Z.csv
  wrote 1002 lines -> data_raw/upgrade/latency/hit/DRAM/hit_latency_rep2_dependent_sequential_20260913T061042Z.csv (mode=dependent pattern=sequential seed=12347)
Wrote 1 summary rows to data_processed/upgrade/latency/hit/DRAM/rep2_dependent_sequential_summary_20260913T061042Z.csv
  wrote 1002 lines -> data_raw/upgrade/latency/hit/DRAM/hit_latency_rep2_independent_random_20260913T061042Z.csv (mode=independent pattern=random seed=12347)
Wrote 1 summary rows to data_processed/upgrade/latency/hit/DRAM/rep2_independent_random_summary_20260913T061042Z.csv
  wrote 1002 lines -> data_raw/upgrade/latency/hit/DRAM/hit_latency_rep2_independent_sequential_20260913T061042Z.csv (mode=independent pattern=sequential seed=12347)
Wrote 1 summary rows to data_processed/upgrade/latency/hit/DRAM/rep2_independent_sequential_summary_20260913T061042Z.csv
-- generating plots for DRAM --
random: independent < dependent (46.08 vs 251.85 ticks) [expected]
sequential: independent < dependent (6.44 vs 6.46 ticks) [expected]
Wrote data_processed/upgrade/latency/hit/DRAM/plots/hit_latency_boxplots.pdf and .png
-- compressing raw CSVs for DRAM --

== done ==
== L1: footprint_bytes=32768 ==
== L2: footprint_bytes=262144 ==
== LLC: footprint_bytes=12582912 ==
== DRAM: footprint_bytes=536870912 ==
== record in data_raw/upgrade/README.md: core=5, base_seed=12345 (repeats use base_seed+index), samples=1000000, timestamp=20260913T061042Z ==
== full transcript saved to: data_raw/upgrade/latency/run_hit_latency_full_20260913T061042Z.log ==
