== run_inclusion_policy_full: machine=hazel_icelake_6326/phase1_v2 core=31 base_seed=12345 ==
== assumed_line_size_bytes=64 (confirmed for Sunbird 2026-09-11; verify for other machines) ==
== timestamp=20260916T055249Z ==

== L1_vs_L2: target_bytes=65536 lower_level_bytes=1310720 -> evict_bytes=83886080 (scaled 4096/64x) ==
-- survived-class calibration (evict_bytes=target_bytes, nothing evicted) --
  survived-class (single-shot, calibrated here): 109.836 ticks
  invalidated-class (from data_processed/hazel_icelake_6326/phase1_v2/latency/miss/L1_to_L2/base_random_summary_20260916T044220Z.csv): 170.0 ticks
-- base (seed=12345) --
  wrote 402 lines -> data_raw/hazel_icelake_6326/phase1_v2/inclusion_policy/L1_vs_L2/inclusion_policy_base_random_20260916T055249Z.csv (pattern=random seed=12345)
Wrote 2 summary rows to data_processed/hazel_icelake_6326/phase1_v2/inclusion_policy/L1_vs_L2/base_random_summary_20260916T055249Z.csv
  wrote 402 lines -> data_raw/hazel_icelake_6326/phase1_v2/inclusion_policy/L1_vs_L2/inclusion_policy_base_sequential_20260916T055249Z.csv (pattern=sequential seed=12345)
Wrote 2 summary rows to data_processed/hazel_icelake_6326/phase1_v2/inclusion_policy/L1_vs_L2/base_sequential_summary_20260916T055249Z.csv
-- rep1 (seed=12346) --
  wrote 402 lines -> data_raw/hazel_icelake_6326/phase1_v2/inclusion_policy/L1_vs_L2/inclusion_policy_rep1_random_20260916T055249Z.csv (pattern=random seed=12346)
Wrote 2 summary rows to data_processed/hazel_icelake_6326/phase1_v2/inclusion_policy/L1_vs_L2/rep1_random_summary_20260916T055249Z.csv
  wrote 402 lines -> data_raw/hazel_icelake_6326/phase1_v2/inclusion_policy/L1_vs_L2/inclusion_policy_rep1_sequential_20260916T055249Z.csv (pattern=sequential seed=12346)
Wrote 2 summary rows to data_processed/hazel_icelake_6326/phase1_v2/inclusion_policy/L1_vs_L2/rep1_sequential_summary_20260916T055249Z.csv
-- rep2 (seed=12347) --
  wrote 402 lines -> data_raw/hazel_icelake_6326/phase1_v2/inclusion_policy/L1_vs_L2/inclusion_policy_rep2_random_20260916T055249Z.csv (pattern=random seed=12347)
Wrote 2 summary rows to data_processed/hazel_icelake_6326/phase1_v2/inclusion_policy/L1_vs_L2/rep2_random_summary_20260916T055249Z.csv
  wrote 402 lines -> data_raw/hazel_icelake_6326/phase1_v2/inclusion_policy/L1_vs_L2/inclusion_policy_rep2_sequential_20260916T055249Z.csv (pattern=sequential seed=12347)
Wrote 2 summary rows to data_processed/hazel_icelake_6326/phase1_v2/inclusion_policy/L1_vs_L2/rep2_sequential_summary_20260916T055249Z.csv
Survived-class (upper-level hit) median:       109.84 ticks
Invalidated-class (beyond-lower-level) median: 170.00 ticks
Classification boundary (geometric mean):      136.65 ticks

TARGET channel  (n=200): median=92.0 mean=97.8 ticks -- 182 survived-like (91.0%), 13 ambiguous, 5 invalidated-like (2.5%)
CONTROL channel (n=200): median=80.0 mean=82.3 ticks -- 198 survived-like (99.0%), 2 ambiguous, 0 invalidated-like (0.0%)
Paired check: target read slower than its own trial's control in 98.5% of trials (distribution-free, independent of the class boundary above)

VERDICT: EXCLUSIVE / NON-INCLUSIVE (upper-level copy consistently survived lower-level eviction)
-- generating plots for L1_vs_L2 --
Wrote data_processed/hazel_icelake_6326/phase1_v2/inclusion_policy/L1_vs_L2/plots/inclusion_policy_boxplots.pdf and .png
-- compressing raw CSVs for L1_vs_L2 --

== L2_vs_LLC: target_bytes=1310720 lower_level_bytes=25874000 -> evict_bytes=1655936000 (scaled 4096/64x) ==
-- survived-class calibration (evict_bytes=target_bytes, nothing evicted) --
  survived-class (single-shot, calibrated here): 88.14 ticks
  invalidated-class (from data_processed/hazel_icelake_6326/phase1_v2/latency/miss/L2_to_LLC/base_random_summary_20260916T044220Z.csv): 513.0 ticks
-- base (seed=12345) --
  wrote 402 lines -> data_raw/hazel_icelake_6326/phase1_v2/inclusion_policy/L2_vs_LLC/inclusion_policy_base_random_20260916T055249Z.csv (pattern=random seed=12345)
Wrote 2 summary rows to data_processed/hazel_icelake_6326/phase1_v2/inclusion_policy/L2_vs_LLC/base_random_summary_20260916T055249Z.csv
  wrote 402 lines -> data_raw/hazel_icelake_6326/phase1_v2/inclusion_policy/L2_vs_LLC/inclusion_policy_base_sequential_20260916T055249Z.csv (pattern=sequential seed=12345)
Wrote 2 summary rows to data_processed/hazel_icelake_6326/phase1_v2/inclusion_policy/L2_vs_LLC/base_sequential_summary_20260916T055249Z.csv
-- rep1 (seed=12346) --
  wrote 402 lines -> data_raw/hazel_icelake_6326/phase1_v2/inclusion_policy/L2_vs_LLC/inclusion_policy_rep1_random_20260916T055249Z.csv (pattern=random seed=12346)
Wrote 2 summary rows to data_processed/hazel_icelake_6326/phase1_v2/inclusion_policy/L2_vs_LLC/rep1_random_summary_20260916T055249Z.csv
  wrote 402 lines -> data_raw/hazel_icelake_6326/phase1_v2/inclusion_policy/L2_vs_LLC/inclusion_policy_rep1_sequential_20260916T055249Z.csv (pattern=sequential seed=12346)
Wrote 2 summary rows to data_processed/hazel_icelake_6326/phase1_v2/inclusion_policy/L2_vs_LLC/rep1_sequential_summary_20260916T055249Z.csv
-- rep2 (seed=12347) --
  wrote 402 lines -> data_raw/hazel_icelake_6326/phase1_v2/inclusion_policy/L2_vs_LLC/inclusion_policy_rep2_random_20260916T055249Z.csv (pattern=random seed=12347)
Wrote 2 summary rows to data_processed/hazel_icelake_6326/phase1_v2/inclusion_policy/L2_vs_LLC/rep2_random_summary_20260916T055249Z.csv
  wrote 402 lines -> data_raw/hazel_icelake_6326/phase1_v2/inclusion_policy/L2_vs_LLC/inclusion_policy_rep2_sequential_20260916T055249Z.csv (pattern=sequential seed=12347)
Wrote 2 summary rows to data_processed/hazel_icelake_6326/phase1_v2/inclusion_policy/L2_vs_LLC/rep2_sequential_summary_20260916T055249Z.csv
Survived-class (upper-level hit) median:       88.14 ticks
Invalidated-class (beyond-lower-level) median: 513.00 ticks
Classification boundary (geometric mean):      212.64 ticks

TARGET channel  (n=200): median=311.0 mean=354.6 ticks -- 0 survived-like (0.0%), 0 ambiguous, 200 invalidated-like (100.0%)
CONTROL channel (n=200): median=85.0 mean=104.4 ticks -- 184 survived-like (92.0%), 0 ambiguous, 16 invalidated-like (8.0%)
Paired check: target read slower than its own trial's control in 94.5% of trials (distribution-free, independent of the class boundary above)

VERDICT: INCLUSIVE (lower-level eviction consistently removed the upper-level copy)
-- generating plots for L2_vs_LLC --
  note: ('target', 'random') has 3 overlapping summary rows with medians [311.0, 488.0, 508.0] (spread 197.0 ticks, 45.2%) -- averaging, widening whiskers to the union
  note: ('target', 'sequential') has 3 overlapping summary rows with medians [306.0, 506.0, 272.0] (spread 234.0 ticks, 64.8%) -- averaging, widening whiskers to the union
Wrote data_processed/hazel_icelake_6326/phase1_v2/inclusion_policy/L2_vs_LLC/plots/inclusion_policy_boxplots.pdf and .png
-- compressing raw CSVs for L2_vs_LLC --

== L1_vs_LLC: target_bytes=65536 lower_level_bytes=25874000 -> evict_bytes=1655936000 (scaled 4096/64x) ==
-- survived-class calibration (evict_bytes=target_bytes, nothing evicted) --
  survived-class (single-shot, calibrated here): 99.636 ticks
  invalidated-class (from data_processed/hazel_icelake_6326/phase1_v2/latency/miss/LLC_to_DRAM/base_random_summary_20260916T044220Z.csv): 777.0 ticks
-- base (seed=12345) --
  wrote 402 lines -> data_raw/hazel_icelake_6326/phase1_v2/inclusion_policy/L1_vs_LLC/inclusion_policy_base_random_20260916T055249Z.csv (pattern=random seed=12345)
Wrote 2 summary rows to data_processed/hazel_icelake_6326/phase1_v2/inclusion_policy/L1_vs_LLC/base_random_summary_20260916T055249Z.csv
  wrote 402 lines -> data_raw/hazel_icelake_6326/phase1_v2/inclusion_policy/L1_vs_LLC/inclusion_policy_base_sequential_20260916T055249Z.csv (pattern=sequential seed=12345)
Wrote 2 summary rows to data_processed/hazel_icelake_6326/phase1_v2/inclusion_policy/L1_vs_LLC/base_sequential_summary_20260916T055249Z.csv
-- rep1 (seed=12346) --
  wrote 402 lines -> data_raw/hazel_icelake_6326/phase1_v2/inclusion_policy/L1_vs_LLC/inclusion_policy_rep1_random_20260916T055249Z.csv (pattern=random seed=12346)
Wrote 2 summary rows to data_processed/hazel_icelake_6326/phase1_v2/inclusion_policy/L1_vs_LLC/rep1_random_summary_20260916T055249Z.csv
  wrote 402 lines -> data_raw/hazel_icelake_6326/phase1_v2/inclusion_policy/L1_vs_LLC/inclusion_policy_rep1_sequential_20260916T055249Z.csv (pattern=sequential seed=12346)
Wrote 2 summary rows to data_processed/hazel_icelake_6326/phase1_v2/inclusion_policy/L1_vs_LLC/rep1_sequential_summary_20260916T055249Z.csv
-- rep2 (seed=12347) --
  wrote 402 lines -> data_raw/hazel_icelake_6326/phase1_v2/inclusion_policy/L1_vs_LLC/inclusion_policy_rep2_random_20260916T055249Z.csv (pattern=random seed=12347)
Wrote 2 summary rows to data_processed/hazel_icelake_6326/phase1_v2/inclusion_policy/L1_vs_LLC/rep2_random_summary_20260916T055249Z.csv
  wrote 402 lines -> data_raw/hazel_icelake_6326/phase1_v2/inclusion_policy/L1_vs_LLC/inclusion_policy_rep2_sequential_20260916T055249Z.csv (pattern=sequential seed=12347)
Wrote 2 summary rows to data_processed/hazel_icelake_6326/phase1_v2/inclusion_policy/L1_vs_LLC/rep2_sequential_summary_20260916T055249Z.csv
Survived-class (upper-level hit) median:       99.64 ticks
Invalidated-class (beyond-lower-level) median: 777.00 ticks
Classification boundary (geometric mean):      278.24 ticks

TARGET channel  (n=200): median=84.0 mean=94.7 ticks -- 193 survived-like (96.5%), 7 ambiguous, 0 invalidated-like (0.0%)
CONTROL channel (n=200): median=74.0 mean=78.6 ticks -- 198 survived-like (99.0%), 2 ambiguous, 0 invalidated-like (0.0%)
Paired check: target read slower than its own trial's control in 98.5% of trials (distribution-free, independent of the class boundary above)

VERDICT: EXCLUSIVE / NON-INCLUSIVE (upper-level copy consistently survived lower-level eviction)
-- generating plots for L1_vs_LLC --
Wrote data_processed/hazel_icelake_6326/phase1_v2/inclusion_policy/L1_vs_LLC/plots/inclusion_policy_boxplots.pdf and .png
-- compressing raw CSVs for L1_vs_LLC --

== done ==
== L1_vs_L2: VERDICT: EXCLUSIVE / NON-INCLUSIVE (upper-level copy consistently survived lower-level eviction) ==
== L2_vs_LLC: VERDICT: INCLUSIVE (lower-level eviction consistently removed the upper-level copy) ==
== L1_vs_LLC: VERDICT: EXCLUSIVE / NON-INCLUSIVE (upper-level copy consistently survived lower-level eviction) ==
== record in data_raw/hazel_icelake_6326/phase1_v2/README.md: core=31, base_seed=12345 (repeats use base_seed+index), trials=200, assumed_line_size_bytes=64, timestamp=20260916T055249Z ==
== full transcript saved to: data_raw/hazel_icelake_6326/phase1_v2/inclusion_policy/run_inclusion_policy_full_20260916T055249Z.log ==
