== run_capacity_full: machine=charnwood core=3 coarse_max=67108864 seed=12345 ==
== timestamp=20260908T221801Z ==
-- coarse sweep 1024-67108864 bytes --
  wrote 129002 lines -> data_raw/charnwood/capacity/capacity_coarse_random_20260908T221801Z.csv
  wrote 129002 lines -> data_raw/charnwood/capacity/capacity_coarse_sequential_20260908T221801Z.csv
Wrote 129 summary rows to data_processed/charnwood/capacity/coarse_random_summary.csv
Wrote 129 summary rows to data_processed/charnwood/capacity/coarse_sequential_summary.csv
-- tail-extension sweep 67108864-268435456 bytes --
  wrote 17002 lines -> data_raw/charnwood/capacity/capacity_coarse_ext_random_20260908T221801Z.csv
  wrote 17002 lines -> data_raw/charnwood/capacity/capacity_coarse_ext_sequential_20260908T221801Z.csv
Wrote 17 summary rows to data_processed/charnwood/capacity/coarse_ext_random_summary.csv
Wrote 17 summary rows to data_processed/charnwood/capacity/coarse_ext_sequential_summary.csv
-- detected boundaries (bytes): 311744 1923096 2286960 5931640 7692384 11863280 --
-- dense sweep around boundary 311744 bytes: 38968-2493952 --
  wrote 289002 lines -> data_raw/charnwood/capacity/capacity_dense0_random_20260908T221801Z.csv
  wrote 289002 lines -> data_raw/charnwood/capacity/capacity_dense0_sequential_20260908T221801Z.csv
Wrote 289 summary rows to data_processed/charnwood/capacity/dense0_random_summary.csv
Wrote 289 summary rows to data_processed/charnwood/capacity/dense0_sequential_summary.csv
-- dense sweep around boundary 1923096 bytes: 240387-15384768 --
  wrote 289002 lines -> data_raw/charnwood/capacity/capacity_dense1_random_20260908T221801Z.csv
  wrote 289002 lines -> data_raw/charnwood/capacity/capacity_dense1_sequential_20260908T221801Z.csv
Wrote 289 summary rows to data_processed/charnwood/capacity/dense1_random_summary.csv
Wrote 289 summary rows to data_processed/charnwood/capacity/dense1_sequential_summary.csv
-- dense sweep around boundary 2286960 bytes: 285870-18295680 --
  wrote 289002 lines -> data_raw/charnwood/capacity/capacity_dense2_random_20260908T221801Z.csv
  wrote 289002 lines -> data_raw/charnwood/capacity/capacity_dense2_sequential_20260908T221801Z.csv
Wrote 289 summary rows to data_processed/charnwood/capacity/dense2_random_summary.csv
Wrote 289 summary rows to data_processed/charnwood/capacity/dense2_sequential_summary.csv
-- dense sweep around boundary 5931640 bytes: 741455-47453120 --
  wrote 289002 lines -> data_raw/charnwood/capacity/capacity_dense3_random_20260908T221801Z.csv
  wrote 289002 lines -> data_raw/charnwood/capacity/capacity_dense3_sequential_20260908T221801Z.csv
Wrote 289 summary rows to data_processed/charnwood/capacity/dense3_random_summary.csv
Wrote 289 summary rows to data_processed/charnwood/capacity/dense3_sequential_summary.csv
-- dense sweep around boundary 7692384 bytes: 961548-61539072 --
  wrote 289002 lines -> data_raw/charnwood/capacity/capacity_dense4_random_20260908T221801Z.csv
  wrote 289002 lines -> data_raw/charnwood/capacity/capacity_dense4_sequential_20260908T221801Z.csv
Wrote 289 summary rows to data_processed/charnwood/capacity/dense4_random_summary.csv
Wrote 289 summary rows to data_processed/charnwood/capacity/dense4_sequential_summary.csv
-- dense sweep around boundary 11863280 bytes: 1482910-94906240 --
  wrote 289002 lines -> data_raw/charnwood/capacity/capacity_dense5_random_20260908T221801Z.csv
  wrote 289002 lines -> data_raw/charnwood/capacity/capacity_dense5_sequential_20260908T221801Z.csv
Wrote 289 summary rows to data_processed/charnwood/capacity/dense5_random_summary.csv
Wrote 289 summary rows to data_processed/charnwood/capacity/dense5_sequential_summary.csv
  -- repeat 1/2 of deepest boundary's dense window --
  wrote 289002 lines -> data_raw/charnwood/capacity/capacity_dense5_rep1_random_20260908T221801Z.csv
  wrote 289002 lines -> data_raw/charnwood/capacity/capacity_dense5_rep1_sequential_20260908T221801Z.csv
Wrote 289 summary rows to data_processed/charnwood/capacity/dense5_rep1_random_summary.csv
Wrote 289 summary rows to data_processed/charnwood/capacity/dense5_rep1_sequential_summary.csv
  -- repeat 2/2 of deepest boundary's dense window --
  wrote 289002 lines -> data_raw/charnwood/capacity/capacity_dense5_rep2_random_20260908T221801Z.csv
  wrote 289002 lines -> data_raw/charnwood/capacity/capacity_dense5_rep2_sequential_20260908T221801Z.csv
Wrote 289 summary rows to data_processed/charnwood/capacity/dense5_rep2_random_summary.csv
Wrote 289 summary rows to data_processed/charnwood/capacity/dense5_rep2_sequential_summary.csv
-- dense sweep past deepest boundary, checking for a further plateau: 67108864-268435456 --
  wrote 97002 lines -> data_raw/charnwood/capacity/capacity_denseTail_random_20260908T221801Z.csv
  wrote 97002 lines -> data_raw/charnwood/capacity/capacity_denseTail_sequential_20260908T221801Z.csv
Wrote 97 summary rows to data_processed/charnwood/capacity/denseTail_random_summary.csv
Wrote 97 summary rows to data_processed/charnwood/capacity/denseTail_sequential_summary.csv
-- generating plots --
  note: 1.83401 MiB (random) has 9 overlapping summary rows with medians [44.2, 46.6, 40.8, 40.8, 49.5, 40.8, 43.7, 40.8, 51.8] (spread 11.0 ticks, 24.8%) -- averaging, widening whiskers to the union
  note: 2 MiB (random) has 3 overlapping summary rows with medians [54.4, 41.1, 41.1] (spread 13.3 ticks, 29.2%) -- averaging, widening whiskers to the union
  note: 2.18102 MiB (random) has 7 overlapping summary rows with medians [55.4, 41.4, 41.4, 41.4, 41.4, 41.4, 41.4] (spread 14.0 ticks, 32.3%) -- averaging, widening whiskers to the union
  note: 2.37841 MiB (random) has 8 overlapping summary rows with medians [80.4, 49.4, 41.7, 41.7, 41.7, 42.6, 41.8, 41.7] (spread 38.7 ticks, 81.2%) -- averaging, widening whiskers to the union
  note: 2.59367 MiB (random) has 8 overlapping summary rows with medians [125.8, 41.9, 43.1, 41.9, 41.9, 41.9, 41.9, 42.0] (spread 83.8 ticks, 159.5%) -- averaging, widening whiskers to the union
  note: 2.82842 MiB (random) has 8 overlapping summary rows with medians [43.4, 42.2, 42.2, 95.4, 42.2, 123.7, 110.8, 116.7] (spread 81.5 ticks, 105.7%) -- averaging, widening whiskers to the union
  note: 3.36358 MiB (random) has 8 overlapping summary rows with medians [43.5, 42.6, 147.8, 42.8, 42.7, 42.6, 42.7, 44.0] (spread 105.2 ticks, 187.6%) -- averaging, widening whiskers to the union
  note: 3.66801 MiB (random) has 8 overlapping summary rows with medians [42.9, 42.9, 42.8, 159.7, 43.0, 42.8, 55.3, 171.3] (spread 128.5 ticks, 171.2%) -- averaging, widening whiskers to the union
  note: 4.36203 MiB (random) has 6 overlapping summary rows with medians [43.5, 45.0, 44.6, 45.9, 67.2, 45.8] (spread 23.6 ticks, 48.6%) -- averaging, widening whiskers to the union
  note: 5.18736 MiB (random) has 8 overlapping summary rows with medians [47.1, 48.9, 91.1, 47.6, 49.1, 48.2, 49.2, 50.7] (spread 44.1 ticks, 81.6%) -- averaging, widening whiskers to the union
  note: 6.16884 MiB (random) has 8 overlapping summary rows with medians [57.4, 54.3, 54.2, 52.2, 54.6, 54.3, 56.9, 215.6] (spread 163.4 ticks, 218.0%) -- averaging, widening whiskers to the union
  note: 6.72717 MiB (random) has 8 overlapping summary rows with medians [69.7, 74.7, 221.4, 65.7, 64.2, 65.6, 62.1, 72.1] (spread 159.3 ticks, 183.2%) -- averaging, widening whiskers to the union
  note: 7.33603 MiB (random) has 8 overlapping summary rows with medians [226.3, 226.2, 83.1, 72.0, 77.3, 81.0, 82.2, 79.6] (spread 154.3 ticks, 133.1%) -- averaging, widening whiskers to the union
  note: 10.3747 MiB (random) has 8 overlapping summary rows with medians [246.0, 140.1, 141.6, 248.6, 159.8, 249.5, 175.6, 141.6] (spread 109.5 ticks, 58.3%) -- averaging, widening whiskers to the union
  note: 11.3137 MiB (random) has 6 overlapping summary rows with medians [152.6, 152.5, 156.9, 166.3, 157.9, 202.3] (spread 49.8 ticks, 30.2%) -- averaging, widening whiskers to the union
  note: 13.4543 MiB (random) has 6 overlapping summary rows with medians [175.7, 173.1, 259.4, 260.8, 258.8, 265.6] (spread 92.5 ticks, 39.8%) -- averaging, widening whiskers to the union
  note: 14.6721 MiB (random) has 8 overlapping summary rows with medians [192.0, 184.8, 187.9, 264.3, 185.6, 276.1, 262.7, 262.9] (spread 91.3 ticks, 40.2%) -- averaging, widening whiskers to the union
  note: 17.4481 MiB (random) has 2 overlapping summary rows with medians [268.4, 202.1] (spread 66.3 ticks, 28.2%) -- averaging, widening whiskers to the union
  note: 1.94306 MiB (random) has 8 overlapping summary rows with medians [42.1, 41.0, 41.0, 53.5, 41.0, 48.8, 60.6, 58.2] (spread 19.7 ticks, 40.7%) -- averaging, widening whiskers to the union
  note: 2.0586 MiB (random) has 8 overlapping summary rows with medians [41.3, 41.2, 41.2, 42.4, 73.8, 48.8, 44.9, 42.4] (spread 32.6 ticks, 69.4%) -- averaging, widening whiskers to the union
  note: 2.08855 MiB (random) has 8 overlapping summary rows with medians [42.2, 41.3, 41.3, 41.3, 57.7, 42.4, 42.5, 42.4] (spread 16.4 ticks, 37.4%) -- averaging, widening whiskers to the union
  note: 2.21274 MiB (random) has 8 overlapping summary rows with medians [41.5, 62.4, 41.5, 41.5, 42.9, 41.5, 41.5, 42.6] (spread 20.9 ticks, 47.1%) -- averaging, widening whiskers to the union
  note: 2.34431 MiB (random) has 8 overlapping summary rows with medians [41.6, 100.8, 41.6, 41.6, 41.6, 41.7, 41.7, 41.7] (spread 59.1 ticks, 120.6%) -- averaging, widening whiskers to the union
  note: 1.86068 MiB (random) has 7 overlapping summary rows with medians [40.8, 40.8, 54.5, 40.8, 47.9, 49.0, 44.7] (spread 13.7 ticks, 30.1%) -- averaging, widening whiskers to the union
  note: 1.88774 MiB (random) has 7 overlapping summary rows with medians [40.9, 40.9, 53.0, 40.9, 46.9, 53.0, 55.5] (spread 14.6 ticks, 30.9%) -- averaging, widening whiskers to the union
  note: 1.9152 MiB (random) has 7 overlapping summary rows with medians [40.9, 41.0, 55.2, 40.9, 48.0, 56.5, 48.9] (spread 15.6 ticks, 32.9%) -- averaging, widening whiskers to the union
  note: 1.97132 MiB (random) has 7 overlapping summary rows with medians [41.0, 41.0, 54.1, 41.0, 50.8, 56.5, 50.6] (spread 15.5 ticks, 32.4%) -- averaging, widening whiskers to the union
  note: 1.99999 MiB (random) has 6 overlapping summary rows with medians [41.2, 56.1, 49.0, 44.4, 58.9, 62.4] (spread 21.2 ticks, 40.9%) -- averaging, widening whiskers to the union
  note: 2.02908 MiB (random) has 7 overlapping summary rows with medians [41.1, 41.1, 42.3, 53.0, 50.7, 57.4, 53.9] (spread 16.3 ticks, 33.6%) -- averaging, widening whiskers to the union
  note: 2.11892 MiB (random) has 7 overlapping summary rows with medians [41.3, 41.3, 41.3, 61.9, 42.4, 42.5, 42.4] (spread 20.6 ticks, 46.0%) -- averaging, widening whiskers to the union
  note: 2.14974 MiB (random) has 7 overlapping summary rows with medians [41.4, 41.4, 41.4, 56.9, 41.4, 41.4, 41.4] (spread 15.5 ticks, 35.5%) -- averaging, widening whiskers to the union
  note: 2.18101 MiB (random) has 2 overlapping summary rows with medians [41.4, 64.5] (spread 23.0 ticks, 43.5%) -- averaging, widening whiskers to the union
  note: 2.24492 MiB (random) has 7 overlapping summary rows with medians [71.2, 41.5, 41.5, 42.6, 41.5, 41.5, 42.6] (spread 29.7 ticks, 64.4%) -- averaging, widening whiskers to the union
  note: 2.27757 MiB (random) has 7 overlapping summary rows with medians [74.0, 41.6, 41.6, 41.6, 41.6, 41.6, 41.7] (spread 32.5 ticks, 70.2%) -- averaging, widening whiskers to the union
  note: 2.3107 MiB (random) has 7 overlapping summary rows with medians [71.3, 41.6, 41.6, 41.6, 41.7, 41.6, 42.7] (spread 29.7 ticks, 64.6%) -- averaging, widening whiskers to the union
  note: 2.413 MiB (random) has 7 overlapping summary rows with medians [42.9, 67.7, 41.7, 41.7, 42.8, 41.7, 41.8] (spread 26.0 ticks, 56.8%) -- averaging, widening whiskers to the union
  note: 2.4481 MiB (random) has 7 overlapping summary rows with medians [41.9, 91.0, 41.8, 41.8, 41.8, 41.8, 41.8] (spread 49.2 ticks, 100.8%) -- averaging, widening whiskers to the union
  note: 2.48371 MiB (random) has 7 overlapping summary rows with medians [41.9, 83.7, 41.9, 41.8, 41.9, 41.8, 41.9] (spread 41.9 ticks, 87.5%) -- averaging, widening whiskers to the union
  note: 2.51984 MiB (random) has 7 overlapping summary rows with medians [41.9, 98.0, 42.0, 41.9, 41.9, 41.9, 42.8] (spread 56.2 ticks, 112.2%) -- averaging, widening whiskers to the union
  note: 2.55649 MiB (random) has 7 overlapping summary rows with medians [41.9, 108.8, 41.9, 42.0, 41.9, 41.9, 42.1] (spread 66.9 ticks, 129.9%) -- averaging, widening whiskers to the union
  note: 2.7479 MiB (random) has 7 overlapping summary rows with medians [42.1, 42.1, 88.7, 42.1, 42.1, 42.1, 114.9] (spread 72.8 ticks, 123.0%) -- averaging, widening whiskers to the union
  note: 2.78787 MiB (random) has 7 overlapping summary rows with medians [42.2, 42.1, 94.9, 42.1, 117.2, 112.2, 120.1] (spread 77.9 ticks, 95.6%) -- averaging, widening whiskers to the union
  note: 2.86956 MiB (random) has 7 overlapping summary rows with medians [42.2, 42.3, 104.6, 42.3, 119.1, 126.6, 56.1] (spread 84.3 ticks, 110.7%) -- averaging, widening whiskers to the union
  note: 2.9113 MiB (random) has 7 overlapping summary rows with medians [42.4, 42.3, 43.6, 42.3, 61.6, 53.6, 43.6] (spread 19.3 ticks, 41.0%) -- averaging, widening whiskers to the union
  note: 2.95365 MiB (random) has 7 overlapping summary rows with medians [42.4, 42.3, 43.2, 118.4, 43.5, 43.5, 43.6] (spread 76.0 ticks, 141.3%) -- averaging, widening whiskers to the union
  note: 2.99661 MiB (random) has 7 overlapping summary rows with medians [42.4, 42.4, 42.4, 125.9, 42.7, 42.5, 43.3] (spread 83.5 ticks, 153.3%) -- averaging, widening whiskers to the union
  note: 3.0402 MiB (random) has 7 overlapping summary rows with medians [42.4, 42.4, 42.4, 136.1, 42.4, 42.4, 42.5] (spread 93.7 ticks, 168.0%) -- averaging, widening whiskers to the union
  note: 3.12928 MiB (random) has 7 overlapping summary rows with medians [132.2, 42.5, 42.5, 43.6, 42.5, 42.5, 42.7] (spread 89.8 ticks, 161.8%) -- averaging, widening whiskers to the union
  note: 3.1748 MiB (random) has 7 overlapping summary rows with medians [130.8, 43.8, 42.5, 42.5, 42.8, 42.5, 42.5] (spread 88.4 ticks, 159.7%) -- averaging, widening whiskers to the union
  note: 3.22098 MiB (random) has 7 overlapping summary rows with medians [141.5, 42.5, 42.6, 42.5, 43.6, 42.6, 44.0] (spread 99.0 ticks, 173.5%) -- averaging, widening whiskers to the union
  note: 3.31536 MiB (random) has 7 overlapping summary rows with medians [43.6, 141.5, 42.6, 42.6, 42.6, 42.6, 43.2] (spread 98.9 ticks, 173.6%) -- averaging, widening whiskers to the union
  note: 3.41251 MiB (random) has 7 overlapping summary rows with medians [42.7, 152.1, 42.8, 42.7, 42.8, 42.7, 44.1] (spread 109.4 ticks, 186.8%) -- averaging, widening whiskers to the union
  note: 3.72137 MiB (random) has 7 overlapping summary rows with medians [42.9, 43.4, 160.4, 43.0, 156.7, 187.0, 167.7] (spread 144.1 ticks, 126.0%) -- averaging, widening whiskers to the union
  note: 3.77549 MiB (random) has 7 overlapping summary rows with medians [42.9, 42.9, 54.3, 43.4, 166.7, 75.7, 45.0] (spread 123.8 ticks, 184.1%) -- averaging, widening whiskers to the union
  note: 3.83041 MiB (random) has 7 overlapping summary rows with medians [44.0, 43.7, 46.7, 43.4, 44.2, 55.8, 44.9] (spread 12.4 ticks, 26.9%) -- averaging, widening whiskers to the union
  note: 3.88612 MiB (random) has 7 overlapping summary rows with medians [42.9, 43.0, 43.3, 165.3, 44.9, 47.6, 45.1] (spread 122.4 ticks, 198.2%) -- averaging, widening whiskers to the union
  note: 3.94265 MiB (random) has 7 overlapping summary rows with medians [43.2, 43.5, 50.2, 166.3, 44.3, 46.3, 45.5] (spread 123.1 ticks, 196.2%) -- averaging, widening whiskers to the union
  note: 4.05817 MiB (random) has 7 overlapping summary rows with medians [167.5, 45.4, 51.1, 44.4, 44.7, 48.3, 45.7] (spread 123.1 ticks, 192.8%) -- averaging, widening whiskers to the union
  note: 4.1172 MiB (random) has 7 overlapping summary rows with medians [175.1, 44.5, 44.5, 44.8, 45.4, 47.2, 44.7] (spread 130.6 ticks, 204.9%) -- averaging, widening whiskers to the union
  note: 4.23785 MiB (random) has 7 overlapping summary rows with medians [45.2, 177.1, 44.6, 46.7, 44.5, 49.2, 45.1] (spread 132.6 ticks, 205.1%) -- averaging, widening whiskers to the union
  note: 4.29949 MiB (random) has 7 overlapping summary rows with medians [45.5, 180.4, 50.4, 43.7, 44.8, 48.8, 46.6] (spread 136.8 ticks, 208.0%) -- averaging, widening whiskers to the union
  note: 4.42548 MiB (random) has 7 overlapping summary rows with medians [45.4, 45.5, 51.0, 43.6, 45.1, 54.7, 46.5] (spread 11.2 ticks, 23.6%) -- averaging, widening whiskers to the union
  note: 4.48985 MiB (random) has 7 overlapping summary rows with medians [45.8, 44.9, 43.7, 46.1, 46.2, 208.8, 45.5] (spread 165.1 ticks, 240.4%) -- averaging, widening whiskers to the union
  note: 4.55515 MiB (random) has 7 overlapping summary rows with medians [45.6, 44.3, 180.4, 45.0, 45.4, 191.7, 189.6] (spread 147.4 ticks, 139.1%) -- averaging, widening whiskers to the union
  note: 4.62141 MiB (random) has 7 overlapping summary rows with medians [45.5, 45.5, 64.8, 46.5, 185.5, 47.8, 68.4] (spread 140.0 ticks, 194.5%) -- averaging, widening whiskers to the union
  note: 4.75682 MiB (random) has 7 overlapping summary rows with medians [46.5, 46.1, 46.1, 184.1, 46.9, 48.5, 48.0] (spread 138.0 ticks, 207.2%) -- averaging, widening whiskers to the union
  note: 4.82601 MiB (random) has 7 overlapping summary rows with medians [47.2, 46.9, 51.7, 173.3, 46.6, 46.5, 47.9] (spread 126.8 ticks, 192.8%) -- averaging, widening whiskers to the union
  note: 4.89621 MiB (random) has 7 overlapping summary rows with medians [186.3, 47.4, 46.3, 47.5, 47.5, 49.2, 48.3] (spread 140.0 ticks, 207.4%) -- averaging, widening whiskers to the union
  note: 4.96742 MiB (random) has 2 overlapping summary rows with medians [190.3, 46.2] (spread 144.1 ticks, 121.8%) -- averaging, widening whiskers to the union
  note: 5.11298 MiB (random) has 7 overlapping summary rows with medians [47.7, 196.6, 56.0, 47.2, 48.5, 49.4, 49.7] (spread 149.3 ticks, 211.1%) -- averaging, widening whiskers to the union
  note: 5.2628 MiB (random) has 7 overlapping summary rows with medians [47.8, 48.0, 55.3, 48.0, 58.1, 49.8, 50.5] (spread 10.3 ticks, 20.1%) -- averaging, widening whiskers to the union
  note: 5.41702 MiB (random) has 7 overlapping summary rows with medians [48.7, 48.3, 201.4, 52.5, 52.4, 201.0, 205.4] (spread 157.2 ticks, 135.9%) -- averaging, widening whiskers to the union
  note: 5.49581 MiB (random) has 7 overlapping summary rows with medians [48.9, 52.8, 62.0, 48.2, 201.8, 56.2, 57.9] (spread 153.6 ticks, 203.7%) -- averaging, widening whiskers to the union
  note: 5.57574 MiB (random) has 6 overlapping summary rows with medians [49.4, 55.4, 53.4, 63.4, 50.4, 53.2] (spread 14.0 ticks, 25.8%) -- averaging, widening whiskers to the union
  note: 5.65685 MiB (random) has 2 overlapping summary rows with medians [50.8, 220.6] (spread 169.8 ticks, 125.1%) -- averaging, widening whiskers to the union
  note: 5.82261 MiB (random) has 7 overlapping summary rows with medians [205.3, 53.2, 49.3, 49.7, 52.5, 55.1, 54.6] (spread 156.0 ticks, 210.1%) -- averaging, widening whiskers to the union
  note: 5.99323 MiB (random) has 7 overlapping summary rows with medians [53.4, 208.7, 51.1, 53.0, 53.8, 55.2, 57.3] (spread 157.6 ticks, 207.2%) -- averaging, widening whiskers to the union
  note: 6.25857 MiB (random) has 7 overlapping summary rows with medians [54.9, 56.8, 212.5, 58.6, 199.7, 215.2, 75.0] (spread 160.3 ticks, 128.6%) -- averaging, widening whiskers to the union
  note: 6.3496 MiB (random) has 7 overlapping summary rows with medians [57.6, 57.0, 61.7, 57.4, 213.2, 59.3, 61.1] (spread 156.2 ticks, 192.7%) -- averaging, widening whiskers to the union
  note: 6.44196 MiB (random) has 7 overlapping summary rows with medians [59.9, 60.7, 64.2, 217.5, 63.8, 61.1, 60.1] (spread 157.6 ticks, 187.9%) -- averaging, widening whiskers to the union
  note: 6.63072 MiB (random) has 7 overlapping summary rows with medians [219.4, 64.7, 65.7, 62.4, 66.5, 69.0, 65.0] (spread 157.1 ticks, 179.4%) -- averaging, widening whiskers to the union
  note: 6.82501 MiB (random) has 7 overlapping summary rows with medians [68.4, 83.3, 68.6, 70.3, 66.6, 66.7, 68.3] (spread 16.7 ticks, 23.7%) -- averaging, widening whiskers to the union
  note: 6.92429 MiB (random) has 7 overlapping summary rows with medians [66.4, 70.2, 60.6, 65.6, 64.5, 67.8, 223.5] (spread 162.9 ticks, 184.4%) -- averaging, widening whiskers to the union
  note: 7.025 MiB (random) has 7 overlapping summary rows with medians [69.9, 72.8, 222.2, 73.6, 235.1, 223.7, 74.0] (spread 165.3 ticks, 119.1%) -- averaging, widening whiskers to the union
  note: 7.23085 MiB (random) has 7 overlapping summary rows with medians [76.3, 83.9, 76.9, 234.0, 84.2, 79.2, 74.8] (spread 159.2 ticks, 157.1%) -- averaging, widening whiskers to the union
  note: 7.44273 MiB (random) has 7 overlapping summary rows with medians [82.6, 225.3, 88.8, 84.1, 82.8, 80.6, 81.9] (spread 144.6 ticks, 139.4%) -- averaging, widening whiskers to the union
  note: 7.55099 MiB (random) has 7 overlapping summary rows with medians [75.5, 93.0, 78.4, 86.1, 87.8, 91.5, 83.3] (spread 17.5 ticks, 20.5%) -- averaging, widening whiskers to the union
  note: 7.66082 MiB (random) has 7 overlapping summary rows with medians [94.1, 85.8, 229.2, 91.6, 226.0, 231.0, 108.1] (spread 145.2 ticks, 95.3%) -- averaging, widening whiskers to the union
  note: 7.77225 MiB (random) has 7 overlapping summary rows with medians [89.1, 100.4, 85.9, 224.7, 99.7, 94.6, 94.2] (spread 138.8 ticks, 123.1%) -- averaging, widening whiskers to the union
  note: 7.99999 MiB (random) has 7 overlapping summary rows with medians [248.6, 226.4, 109.9, 103.8, 113.0, 105.6, 108.0] (spread 144.7 ticks, 99.8%) -- averaging, widening whiskers to the union
  note: 8.23441 MiB (random) has 7 overlapping summary rows with medians [105.4, 110.1, 231.7, 113.4, 208.0, 251.3, 237.0] (spread 145.9 ticks, 81.2%) -- averaging, widening whiskers to the union
  note: 8.35418 MiB (random) has 2 overlapping summary rows with medians [113.4, 233.0] (spread 119.6 ticks, 69.1%) -- averaging, widening whiskers to the union
  note: 8.59898 MiB (random) has 2 overlapping summary rows with medians [235.6, 116.3] (spread 119.3 ticks, 67.8%) -- averaging, widening whiskers to the union
  note: 8.72405 MiB (random) has 6 overlapping summary rows with medians [111.2, 110.5, 115.2, 109.6, 114.2, 236.0] (spread 126.4 ticks, 95.2%) -- averaging, widening whiskers to the union
  note: 8.85095 MiB (random) has 7 overlapping summary rows with medians [117.3, 113.0, 255.9, 118.6, 239.0, 237.9, 115.4] (spread 143.0 ticks, 83.6%) -- averaging, widening whiskers to the union
  note: 8.97969 MiB (random) has 7 overlapping summary rows with medians [127.0, 136.5, 120.1, 236.1, 121.5, 118.0, 120.6] (spread 118.0 ticks, 84.3%) -- averaging, widening whiskers to the union
  note: 9.1103 MiB (random) has 2 overlapping summary rows with medians [240.4, 123.4] (spread 116.9 ticks, 64.3%) -- averaging, widening whiskers to the union
  note: 9.65203 MiB (random) has 7 overlapping summary rows with medians [135.5, 245.0, 126.5, 128.3, 132.3, 126.5, 130.7] (spread 118.6 ticks, 81.0%) -- averaging, widening whiskers to the union
  note: 9.79242 MiB (random) has 7 overlapping summary rows with medians [127.4, 130.0, 129.9, 134.5, 137.2, 243.1, 247.2] (spread 119.8 ticks, 73.0%) -- averaging, widening whiskers to the union
  note: 9.93485 MiB (random) has 2 overlapping summary rows with medians [139.9, 246.3] (spread 106.4 ticks, 55.1%) -- averaging, widening whiskers to the union
  note: 10.0794 MiB (random) has 7 overlapping summary rows with medians [245.5, 136.9, 135.3, 133.6, 139.5, 138.7, 132.3] (spread 113.2 ticks, 74.7%) -- averaging, widening whiskers to the union
  note: 10.5256 MiB (random) has 7 overlapping summary rows with medians [248.3, 141.9, 143.5, 146.3, 145.9, 144.9, 146.7] (spread 106.4 ticks, 66.7%) -- averaging, widening whiskers to the union
  note: 10.6787 MiB (random) has 7 overlapping summary rows with medians [144.2, 249.5, 145.1, 145.6, 147.4, 144.5, 152.4] (spread 105.3 ticks, 65.3%) -- averaging, widening whiskers to the union
  note: 10.834 MiB (random) has 7 overlapping summary rows with medians [146.3, 143.0, 249.1, 147.9, 250.5, 251.1, 178.9] (spread 108.1 ticks, 55.4%) -- averaging, widening whiskers to the union
  note: 10.9916 MiB (random) has 7 overlapping summary rows with medians [248.8, 151.6, 148.2, 150.6, 151.2, 150.0, 153.5] (spread 100.6 ticks, 61.0%) -- averaging, widening whiskers to the union
  note: 11.1515 MiB (random) has 7 overlapping summary rows with medians [152.1, 250.5, 151.0, 151.6, 150.6, 149.8, 152.8] (spread 100.8 ticks, 60.9%) -- averaging, widening whiskers to the union
  note: 11.3137 MiB (random) has 2 overlapping summary rows with medians [154.3, 248.7] (spread 94.4 ticks, 46.9%) -- averaging, widening whiskers to the union
  note: 11.4783 MiB (random) has 7 overlapping summary rows with medians [252.5, 152.6, 154.9, 152.4, 161.4, 155.0, 152.6] (spread 100.1 ticks, 59.3%) -- averaging, widening whiskers to the union
  note: 11.6452 MiB (random) has 7 overlapping summary rows with medians [157.6, 155.6, 162.9, 163.8, 158.7, 158.2, 253.3] (spread 97.7 ticks, 56.5%) -- averaging, widening whiskers to the union
  note: 11.8146 MiB (random) has 2 overlapping summary rows with medians [168.0, 253.2] (spread 85.2 ticks, 40.5%) -- averaging, widening whiskers to the union
  note: 11.9865 MiB (random) has 7 overlapping summary rows with medians [249.4, 255.3, 166.4, 166.7, 161.8, 159.7, 163.4] (spread 95.6 ticks, 50.6%) -- averaging, widening whiskers to the union
  note: 12.1608 MiB (random) has 7 overlapping summary rows with medians [164.0, 163.8, 255.0, 163.7, 254.6, 255.9, 254.8] (spread 92.2 ticks, 42.7%) -- averaging, widening whiskers to the union
  note: 12.3377 MiB (random) has 7 overlapping summary rows with medians [253.3, 166.8, 165.8, 167.0, 167.7, 163.7, 163.4] (spread 89.9 ticks, 50.5%) -- averaging, widening whiskers to the union
  note: 12.6992 MiB (random) has 2 overlapping summary rows with medians [176.2, 256.5] (spread 80.3 ticks, 37.1%) -- averaging, widening whiskers to the union
  note: 13.0713 MiB (random) has 2 overlapping summary rows with medians [172.1, 257.0] (spread 85.0 ticks, 39.6%) -- averaging, widening whiskers to the union
  note: 13.2614 MiB (random) has 7 overlapping summary rows with medians [258.3, 279.6, 176.6, 174.0, 177.7, 178.5, 174.0] (spread 105.6 ticks, 52.1%) -- averaging, widening whiskers to the union
  note: 13.65 MiB (random) has 7 overlapping summary rows with medians [259.6, 177.6, 176.0, 181.2, 180.7, 175.8, 177.1] (spread 83.8 ticks, 44.2%) -- averaging, widening whiskers to the union
  note: 14.05 MiB (random) has 7 overlapping summary rows with medians [259.9, 180.3, 181.5, 180.8, 183.3, 179.3, 179.1] (spread 80.8 ticks, 42.1%) -- averaging, widening whiskers to the union
  note: 14.2544 MiB (random) has 7 overlapping summary rows with medians [181.1, 183.8, 261.3, 183.9, 260.1, 260.4, 262.3] (spread 81.3 ticks, 35.7%) -- averaging, widening whiskers to the union
  note: 14.4617 MiB (random) has 7 overlapping summary rows with medians [260.8, 187.9, 183.5, 182.5, 184.8, 182.7, 185.1] (spread 78.2 ticks, 40.0%) -- averaging, widening whiskers to the union
  note: 4.68863 MiB (random) has 5 overlapping summary rows with medians [45.8, 51.8, 66.6, 45.7, 47.2] (spread 20.9 ticks, 40.7%) -- averaging, widening whiskers to the union
  note: 6.53566 MiB (random) has 5 overlapping summary rows with medians [65.6, 57.7, 59.8, 59.8, 70.8] (spread 13.1 ticks, 20.9%) -- averaging, widening whiskers to the union
  note: 8.59898 MiB (random) has 5 overlapping summary rows with medians [238.2, 109.3, 107.8, 114.6, 111.8] (spread 130.4 ticks, 95.7%) -- averaging, widening whiskers to the union
  note: 9.37726 MiB (random) has 5 overlapping summary rows with medians [123.7, 254.2, 259.0, 237.4, 125.3] (spread 135.4 ticks, 67.7%) -- averaging, widening whiskers to the union
  note: 12.8839 MiB (random) has 5 overlapping summary rows with medians [273.0, 169.9, 173.3, 170.5, 171.1] (spread 103.1 ticks, 53.8%) -- averaging, widening whiskers to the union
  note: 13.8486 MiB (random) has 5 overlapping summary rows with medians [183.1, 259.7, 258.6, 259.6, 263.9] (spread 80.7 ticks, 33.0%) -- averaging, widening whiskers to the union
  note: 15.102 MiB (random) has 6 overlapping summary rows with medians [186.6, 263.9, 189.2, 275.7, 264.0, 264.4] (spread 89.1 ticks, 37.0%) -- averaging, widening whiskers to the union
  note: 15.3216 MiB (random) has 5 overlapping summary rows with medians [262.3, 189.8, 194.9, 198.9, 199.2] (spread 72.5 ticks, 34.7%) -- averaging, widening whiskers to the union
  note: 15.5445 MiB (random) has 6 overlapping summary rows with medians [192.6, 264.9, 263.5, 197.4, 268.3, 260.8] (spread 75.6 ticks, 31.4%) -- averaging, widening whiskers to the union
  note: 15.7706 MiB (random) has 5 overlapping summary rows with medians [264.4, 196.7, 194.9, 192.9, 199.2] (spread 71.5 ticks, 34.1%) -- averaging, widening whiskers to the union
  note: 16 MiB (random) has 6 overlapping summary rows with medians [195.4, 195.7, 264.7, 197.5, 194.5, 225.6] (spread 70.2 ticks, 33.1%) -- averaging, widening whiskers to the union
  note: 16.7084 MiB (random) has 5 overlapping summary rows with medians [200.5, 265.2, 267.5, 287.9, 268.0] (spread 87.4 ticks, 33.9%) -- averaging, widening whiskers to the union
  note: 16.9514 MiB (random) has 6 overlapping summary rows with medians [266.7, 212.7, 202.3, 204.6, 200.6, 207.8] (spread 66.1 ticks, 30.6%) -- averaging, widening whiskers to the union
  note: 17.198 MiB (random) has 5 overlapping summary rows with medians [268.6, 203.7, 208.5, 202.5, 207.7] (spread 66.1 ticks, 30.3%) -- averaging, widening whiskers to the union
  note: 17.4481 MiB (random) has 5 overlapping summary rows with medians [210.9, 208.0, 268.0, 202.7, 267.8] (spread 65.3 ticks, 28.2%) -- averaging, widening whiskers to the union
  note: 17.9594 MiB (random) has 5 overlapping summary rows with medians [206.3, 268.2, 211.7, 267.0, 209.1] (spread 61.9 ticks, 26.6%) -- averaging, widening whiskers to the union
  note: 18.2206 MiB (random) has 4 overlapping summary rows with medians [209.2, 268.6, 213.2, 245.3] (spread 59.4 ticks, 25.4%) -- averaging, widening whiskers to the union
  note: 19.0273 MiB (random) has 5 overlapping summary rows with medians [268.6, 210.7, 270.0, 214.5, 270.5] (spread 59.8 ticks, 24.2%) -- averaging, widening whiskers to the union
  note: 20.1587 MiB (random) has 4 overlapping summary rows with medians [218.1, 273.2, 217.2, 269.1] (spread 56.0 ticks, 22.9%) -- averaging, widening whiskers to the union
  note: 21.0512 MiB (random) has 4 overlapping summary rows with medians [220.2, 226.8, 269.9, 222.6] (spread 49.7 ticks, 21.1%) -- averaging, widening whiskers to the union
  note: 21.6681 MiB (random) has 4 overlapping summary rows with medians [221.4, 269.2, 222.6, 225.4] (spread 47.8 ticks, 20.4%) -- averaging, widening whiskers to the union
  note: 26.9087 MiB (random) has 4 overlapping summary rows with medians [279.2, 278.0, 215.8, 279.5] (spread 63.6 ticks, 24.2%) -- averaging, widening whiskers to the union
  note: 234.75 KiB (sequential) has 3 overlapping summary rows with medians [7.6, 7.9, 11.8] (spread 4.2 ticks, 46.1%) -- averaging, widening whiskers to the union
  note: 279.164 KiB (sequential) has 4 overlapping summary rows with medians [7.6, 7.9, 7.9, 10.8] (spread 3.1 ticks, 36.5%) -- averaging, widening whiskers to the union
  note: 724.07 KiB (sequential) has 4 overlapping summary rows with medians [7.7, 7.7, 7.7, 10.8] (spread 3.1 ticks, 37.1%) -- averaging, widening whiskers to the union
  note: 939.008 KiB (sequential) has 6 overlapping summary rows with medians [7.7, 7.7, 7.7, 7.7, 7.9, 9.3] (spread 1.6 ticks, 20.2%) -- averaging, widening whiskers to the union
  note: 1.41421 MiB (sequential) has 8 overlapping summary rows with medians [7.7, 7.9, 7.9, 8.0, 7.9, 11.2, 9.0, 9.0] (spread 3.5 ticks, 40.7%) -- averaging, widening whiskers to the union
  note: 238.164 KiB (sequential) has 2 overlapping summary rows with medians [7.9, 10.3] (spread 2.4 ticks, 26.5%) -- averaging, widening whiskers to the union
  note: 283.227 KiB (sequential) has 3 overlapping summary rows with medians [7.9, 7.8, 10.4] (spread 2.5 ticks, 29.0%) -- averaging, widening whiskers to the union
  note: 287.344 KiB (sequential) has 3 overlapping summary rows with medians [7.9, 7.9, 9.7] (spread 1.8 ticks, 21.6%) -- averaging, widening whiskers to the union
  note: 734.609 KiB (sequential) has 4 overlapping summary rows with medians [7.7, 7.7, 7.7, 10.5] (spread 2.8 ticks, 33.2%) -- averaging, widening whiskers to the union
  note: 745.289 KiB (sequential) has 4 overlapping summary rows with medians [7.7, 7.7, 7.7, 10.1] (spread 2.4 ticks, 28.9%) -- averaging, widening whiskers to the union
  note: 756.133 KiB (sequential) has 4 overlapping summary rows with medians [7.7, 7.7, 7.7, 9.7] (spread 2.0 ticks, 24.9%) -- averaging, widening whiskers to the union
  note: 767.133 KiB (sequential) has 4 overlapping summary rows with medians [7.7, 7.7, 7.7, 9.4] (spread 1.7 ticks, 21.5%) -- averaging, widening whiskers to the union
Wrote data_processed/charnwood/capacity/plots/capacity_curve.pdf and .png
Wrote data_processed/charnwood/capacity/plots/capacity_boxplots.pdf and .png
== done ==
== plots: data_processed/charnwood/capacity/plots/capacity_curve.{png,pdf}, data_processed/charnwood/capacity/plots/capacity_boxplots.{png,pdf} ==
== detected boundaries (bytes): 311744 1923096 2286960 5931640 7692384 11863280 ==
== record in data_raw/charnwood/README.md: core=3, seed=12345, samples=1000000, timestamp=20260908T221801Z ==
== full transcript saved to: data_raw/charnwood/capacity/run_capacity_full_20260908T221801Z.log ==
