== run_inclusion_policy_full: machine=upgrade core=5 base_seed=12345 ==
== assumed_line_size_bytes=64 (confirmed for Sunbird 2026-09-11; verify for other machines) ==
== timestamp=20260913T182441Z ==

== L1_vs_L2: target_bytes=32768 lower_level_bytes=262144 -> evict_bytes=16777216 (scaled 4096/64x) ==
-- survived-class calibration (evict_bytes=target_bytes, nothing evicted) --
  survived-class (single-shot, calibrated here): 48.134 ticks
  invalidated-class (from data_processed/upgrade/latency/miss/L2_to_LLC/base_random_summary_20260913T061519Z.csv): 510.0 ticks
-- base (seed=12345) --
  wrote 402 lines -> data_raw/upgrade/inclusion_policy/L1_vs_L2/inclusion_policy_base_random_20260913T182441Z.csv (pattern=random seed=12345)
Wrote 2 summary rows to data_processed/upgrade/inclusion_policy/L1_vs_L2/base_random_summary_20260913T182441Z.csv
  wrote 402 lines -> data_raw/upgrade/inclusion_policy/L1_vs_L2/inclusion_policy_base_sequential_20260913T182441Z.csv (pattern=sequential seed=12345)
Wrote 2 summary rows to data_processed/upgrade/inclusion_policy/L1_vs_L2/base_sequential_summary_20260913T182441Z.csv
-- rep1 (seed=12346) --
  wrote 402 lines -> data_raw/upgrade/inclusion_policy/L1_vs_L2/inclusion_policy_rep1_random_20260913T182441Z.csv (pattern=random seed=12346)
Wrote 2 summary rows to data_processed/upgrade/inclusion_policy/L1_vs_L2/rep1_random_summary_20260913T182441Z.csv
  wrote 402 lines -> data_raw/upgrade/inclusion_policy/L1_vs_L2/inclusion_policy_rep1_sequential_20260913T182441Z.csv (pattern=sequential seed=12346)
Wrote 2 summary rows to data_processed/upgrade/inclusion_policy/L1_vs_L2/rep1_sequential_summary_20260913T182441Z.csv
-- rep2 (seed=12347) --
  wrote 402 lines -> data_raw/upgrade/inclusion_policy/L1_vs_L2/inclusion_policy_rep2_random_20260913T182441Z.csv (pattern=random seed=12347)
Wrote 2 summary rows to data_processed/upgrade/inclusion_policy/L1_vs_L2/rep2_random_summary_20260913T182441Z.csv
  wrote 402 lines -> data_raw/upgrade/inclusion_policy/L1_vs_L2/inclusion_policy_rep2_sequential_20260913T182441Z.csv (pattern=sequential seed=12347)
Wrote 2 summary rows to data_processed/upgrade/inclusion_policy/L1_vs_L2/rep2_sequential_summary_20260913T182441Z.csv
Survived-class (upper-level hit) median:       48.13 ticks
Invalidated-class (beyond-lower-level) median: 510.00 ticks
Classification boundary (geometric mean):      156.68 ticks

TARGET channel  (n=200): median=75.0 mean=80.4 ticks -- 198 survived-like (99.0%), 2 ambiguous, 0 invalidated-like (0.0%)
CONTROL channel (n=200): median=74.0 mean=75.1 ticks -- 200 survived-like (100.0%), 0 ambiguous, 0 invalidated-like (0.0%)
Paired check: target read slower than its own trial's control in 58.0% of trials (distribution-free, independent of the class boundary above)

VERDICT: EXCLUSIVE / NON-INCLUSIVE (upper-level copy consistently survived lower-level eviction)
-- generating plots for L1_vs_L2 --
Wrote data_processed/upgrade/inclusion_policy/L1_vs_L2/plots/inclusion_policy_boxplots.pdf and .png
-- compressing raw CSVs for L1_vs_L2 --

== L2_vs_LLC: target_bytes=262144 lower_level_bytes=12582912 -> evict_bytes=805306368 (scaled 4096/64x) ==
-- survived-class calibration (evict_bytes=target_bytes, nothing evicted) --
  survived-class (single-shot, calibrated here): 69.278 ticks
  invalidated-class (from data_processed/upgrade/latency/miss/LLC_to_DRAM/base_random_summary_20260913T061519Z.csv): 605.0 ticks
-- base (seed=12345) --
  wrote 402 lines -> data_raw/upgrade/inclusion_policy/L2_vs_LLC/inclusion_policy_base_random_20260913T182441Z.csv (pattern=random seed=12345)
Wrote 2 summary rows to data_processed/upgrade/inclusion_policy/L2_vs_LLC/base_random_summary_20260913T182441Z.csv
  wrote 402 lines -> data_raw/upgrade/inclusion_policy/L2_vs_LLC/inclusion_policy_base_sequential_20260913T182441Z.csv (pattern=sequential seed=12345)
Wrote 2 summary rows to data_processed/upgrade/inclusion_policy/L2_vs_LLC/base_sequential_summary_20260913T182441Z.csv
-- rep1 (seed=12346) --
  wrote 402 lines -> data_raw/upgrade/inclusion_policy/L2_vs_LLC/inclusion_policy_rep1_random_20260913T182441Z.csv (pattern=random seed=12346)
Wrote 2 summary rows to data_processed/upgrade/inclusion_policy/L2_vs_LLC/rep1_random_summary_20260913T182441Z.csv
  wrote 402 lines -> data_raw/upgrade/inclusion_policy/L2_vs_LLC/inclusion_policy_rep1_sequential_20260913T182441Z.csv (pattern=sequential seed=12346)
Wrote 2 summary rows to data_processed/upgrade/inclusion_policy/L2_vs_LLC/rep1_sequential_summary_20260913T182441Z.csv
-- rep2 (seed=12347) --
  wrote 402 lines -> data_raw/upgrade/inclusion_policy/L2_vs_LLC/inclusion_policy_rep2_random_20260913T182441Z.csv (pattern=random seed=12347)
Wrote 2 summary rows to data_processed/upgrade/inclusion_policy/L2_vs_LLC/rep2_random_summary_20260913T182441Z.csv
  wrote 402 lines -> data_raw/upgrade/inclusion_policy/L2_vs_LLC/inclusion_policy_rep2_sequential_20260913T182441Z.csv (pattern=sequential seed=12347)
Wrote 2 summary rows to data_processed/upgrade/inclusion_policy/L2_vs_LLC/rep2_sequential_summary_20260913T182441Z.csv
Survived-class (upper-level hit) median:       69.28 ticks
Invalidated-class (beyond-lower-level) median: 605.00 ticks
Classification boundary (geometric mean):      204.73 ticks

TARGET channel  (n=200): median=123.0 mean=141.0 ticks -- 191 survived-like (95.5%), 1 ambiguous, 8 invalidated-like (4.0%)
CONTROL channel (n=200): median=111.0 mean=122.1 ticks -- 193 survived-like (96.5%), 0 ambiguous, 7 invalidated-like (3.5%)
Paired check: target read slower than its own trial's control in 96.5% of trials (distribution-free, independent of the class boundary above)

VERDICT: EXCLUSIVE / NON-INCLUSIVE (upper-level copy consistently survived lower-level eviction)
-- generating plots for L2_vs_LLC --
  note: ('target', 'random') has 3 overlapping summary rows with medians [123.0, 141.0, 290.0] (spread 167.0 ticks, 90.4%) -- averaging, widening whiskers to the union
Wrote data_processed/upgrade/inclusion_policy/L2_vs_LLC/plots/inclusion_policy_boxplots.pdf and .png
-- compressing raw CSVs for L2_vs_LLC --

== L1_vs_LLC: target_bytes=32768 lower_level_bytes=12582912 -> evict_bytes=805306368 (scaled 4096/64x) ==
-- survived-class calibration (evict_bytes=target_bytes, nothing evicted) --
  survived-class (single-shot, calibrated here): 46.314 ticks
  invalidated-class (from data_processed/upgrade/latency/miss/LLC_to_DRAM/base_random_summary_20260913T061519Z.csv): 605.0 ticks
-- base (seed=12345) --
  wrote 402 lines -> data_raw/upgrade/inclusion_policy/L1_vs_LLC/inclusion_policy_base_random_20260913T182441Z.csv (pattern=random seed=12345)
Wrote 2 summary rows to data_processed/upgrade/inclusion_policy/L1_vs_LLC/base_random_summary_20260913T182441Z.csv
  wrote 402 lines -> data_raw/upgrade/inclusion_policy/L1_vs_LLC/inclusion_policy_base_sequential_20260913T182441Z.csv (pattern=sequential seed=12345)
Wrote 2 summary rows to data_processed/upgrade/inclusion_policy/L1_vs_LLC/base_sequential_summary_20260913T182441Z.csv
-- rep1 (seed=12346) --
  wrote 402 lines -> data_raw/upgrade/inclusion_policy/L1_vs_LLC/inclusion_policy_rep1_random_20260913T182441Z.csv (pattern=random seed=12346)
Wrote 2 summary rows to data_processed/upgrade/inclusion_policy/L1_vs_LLC/rep1_random_summary_20260913T182441Z.csv
  wrote 402 lines -> data_raw/upgrade/inclusion_policy/L1_vs_LLC/inclusion_policy_rep1_sequential_20260913T182441Z.csv (pattern=sequential seed=12346)
Wrote 2 summary rows to data_processed/upgrade/inclusion_policy/L1_vs_LLC/rep1_sequential_summary_20260913T182441Z.csv
-- rep2 (seed=12347) --
  wrote 402 lines -> data_raw/upgrade/inclusion_policy/L1_vs_LLC/inclusion_policy_rep2_random_20260913T182441Z.csv (pattern=random seed=12347)
Wrote 2 summary rows to data_processed/upgrade/inclusion_policy/L1_vs_LLC/rep2_random_summary_20260913T182441Z.csv
  wrote 402 lines -> data_raw/upgrade/inclusion_policy/L1_vs_LLC/inclusion_policy_rep2_sequential_20260913T182441Z.csv (pattern=sequential seed=12347)
Wrote 2 summary rows to data_processed/upgrade/inclusion_policy/L1_vs_LLC/rep2_sequential_summary_20260913T182441Z.csv
Survived-class (upper-level hit) median:       46.31 ticks
Invalidated-class (beyond-lower-level) median: 605.00 ticks
Classification boundary (geometric mean):      167.39 ticks

TARGET channel  (n=200): median=168.0 mean=182.7 ticks -- 0 survived-like (0.0%), 190 ambiguous, 10 invalidated-like (5.0%)
CONTROL channel (n=200): median=86.0 mean=94.0 ticks -- 191 survived-like (95.5%), 0 ambiguous, 9 invalidated-like (4.5%)
Paired check: target read slower than its own trial's control in 98.5% of trials (distribution-free, independent of the class boundary above)

VERDICT: UNCERTAIN (mixed result -- do not claim a global policy from this alone)
-- generating plots for L1_vs_LLC --
  note: ('control', 'random') has 3 overlapping summary rows with medians [86.0, 91.0, 110.0] (spread 24.0 ticks, 25.1%) -- averaging, widening whiskers to the union
  note: ('control', 'sequential') has 3 overlapping summary rows with medians [95.0, 112.0, 143.0] (spread 48.0 ticks, 41.1%) -- averaging, widening whiskers to the union
Wrote data_processed/upgrade/inclusion_policy/L1_vs_LLC/plots/inclusion_policy_boxplots.pdf and .png
-- compressing raw CSVs for L1_vs_LLC --

== done ==
== L1_vs_L2: VERDICT: EXCLUSIVE / NON-INCLUSIVE (upper-level copy consistently survived lower-level eviction) ==
== L2_vs_LLC: VERDICT: EXCLUSIVE / NON-INCLUSIVE (upper-level copy consistently survived lower-level eviction) ==
== L1_vs_LLC: VERDICT: UNCERTAIN (mixed result -- do not claim a global policy from this alone) ==
== record in data_raw/upgrade/README.md: core=5, base_seed=12345 (repeats use base_seed+index), trials=200, assumed_line_size_bytes=64, timestamp=20260913T182441Z ==
== full transcript saved to: data_raw/upgrade/inclusion_policy/run_inclusion_policy_full_20260913T182441Z.log ==
