== run_pmu_verification: machine=ookay core=3 base_seed=12345 ==
== timestamp=20260914T003308Z ==

== level L1: footprint_bytes=32768 ==
-- base (seed=12345) --
  group=cache -> data_raw/ookay/pmu/L1/L1_perfstat_cache_base_20260914T003308Z.csv
  group=l1 -> data_raw/ookay/pmu/L1/L1_perfstat_l1_base_20260914T003308Z.csv
  group=llc -> data_raw/ookay/pmu/L1/L1_perfstat_llc_base_20260914T003308Z.csv
  group=cyc -> data_raw/ookay/pmu/L1/L1_perfstat_cyc_base_20260914T003308Z.csv
-- rep1 (seed=12346) --
  group=cache -> data_raw/ookay/pmu/L1/L1_perfstat_cache_rep1_20260914T003308Z.csv
  group=l1 -> data_raw/ookay/pmu/L1/L1_perfstat_l1_rep1_20260914T003308Z.csv
  group=llc -> data_raw/ookay/pmu/L1/L1_perfstat_llc_rep1_20260914T003308Z.csv
  group=cyc -> data_raw/ookay/pmu/L1/L1_perfstat_cyc_rep1_20260914T003308Z.csv
-- rep2 (seed=12347) --
  group=cache -> data_raw/ookay/pmu/L1/L1_perfstat_cache_rep2_20260914T003308Z.csv
  group=l1 -> data_raw/ookay/pmu/L1/L1_perfstat_l1_rep2_20260914T003308Z.csv
  group=llc -> data_raw/ookay/pmu/L1/L1_perfstat_llc_rep2_20260914T003308Z.csv
  group=cyc -> data_raw/ookay/pmu/L1/L1_perfstat_cyc_rep2_20260914T003308Z.csv
Wrote 4 rows (incl. median) to data_processed/ookay/pmu/L1/pmu_summary_20260914T003308Z.csv
-- wrote data_processed/ookay/pmu/L1/pmu_summary_20260914T003308Z.csv --

== level L2: footprint_bytes=262144 ==
-- base (seed=12345) --
  group=cache -> data_raw/ookay/pmu/L2/L2_perfstat_cache_base_20260914T003308Z.csv
  group=l1 -> data_raw/ookay/pmu/L2/L2_perfstat_l1_base_20260914T003308Z.csv
  group=llc -> data_raw/ookay/pmu/L2/L2_perfstat_llc_base_20260914T003308Z.csv
  group=cyc -> data_raw/ookay/pmu/L2/L2_perfstat_cyc_base_20260914T003308Z.csv
-- rep1 (seed=12346) --
  group=cache -> data_raw/ookay/pmu/L2/L2_perfstat_cache_rep1_20260914T003308Z.csv
  group=l1 -> data_raw/ookay/pmu/L2/L2_perfstat_l1_rep1_20260914T003308Z.csv
  group=llc -> data_raw/ookay/pmu/L2/L2_perfstat_llc_rep1_20260914T003308Z.csv
  group=cyc -> data_raw/ookay/pmu/L2/L2_perfstat_cyc_rep1_20260914T003308Z.csv
-- rep2 (seed=12347) --
  group=cache -> data_raw/ookay/pmu/L2/L2_perfstat_cache_rep2_20260914T003308Z.csv
  group=l1 -> data_raw/ookay/pmu/L2/L2_perfstat_l1_rep2_20260914T003308Z.csv
  group=llc -> data_raw/ookay/pmu/L2/L2_perfstat_llc_rep2_20260914T003308Z.csv
  group=cyc -> data_raw/ookay/pmu/L2/L2_perfstat_cyc_rep2_20260914T003308Z.csv
Wrote 4 rows (incl. median) to data_processed/ookay/pmu/L2/pmu_summary_20260914T003308Z.csv
-- wrote data_processed/ookay/pmu/L2/pmu_summary_20260914T003308Z.csv --

== level LLC: footprint_bytes=8388608 ==
-- base (seed=12345) --
  group=cache -> data_raw/ookay/pmu/LLC/LLC_perfstat_cache_base_20260914T003308Z.csv
  group=l1 -> data_raw/ookay/pmu/LLC/LLC_perfstat_l1_base_20260914T003308Z.csv
  group=llc -> data_raw/ookay/pmu/LLC/LLC_perfstat_llc_base_20260914T003308Z.csv
  group=cyc -> data_raw/ookay/pmu/LLC/LLC_perfstat_cyc_base_20260914T003308Z.csv
-- rep1 (seed=12346) --
  group=cache -> data_raw/ookay/pmu/LLC/LLC_perfstat_cache_rep1_20260914T003308Z.csv
  group=l1 -> data_raw/ookay/pmu/LLC/LLC_perfstat_l1_rep1_20260914T003308Z.csv
  group=llc -> data_raw/ookay/pmu/LLC/LLC_perfstat_llc_rep1_20260914T003308Z.csv
  group=cyc -> data_raw/ookay/pmu/LLC/LLC_perfstat_cyc_rep1_20260914T003308Z.csv
-- rep2 (seed=12347) --
  group=cache -> data_raw/ookay/pmu/LLC/LLC_perfstat_cache_rep2_20260914T003308Z.csv
  group=l1 -> data_raw/ookay/pmu/LLC/LLC_perfstat_l1_rep2_20260914T003308Z.csv
  group=llc -> data_raw/ookay/pmu/LLC/LLC_perfstat_llc_rep2_20260914T003308Z.csv
  group=cyc -> data_raw/ookay/pmu/LLC/LLC_perfstat_cyc_rep2_20260914T003308Z.csv
Wrote 4 rows (incl. median) to data_processed/ookay/pmu/LLC/pmu_summary_20260914T003308Z.csv
-- wrote data_processed/ookay/pmu/LLC/pmu_summary_20260914T003308Z.csv --

== done ==
== record in data_raw/ookay/README.md pmu/ section: core=3, base_seed=12345 (repeats use base_seed+index), samples=1000000, timestamp=20260914T003308Z ==
== full transcript saved to: data_raw/ookay/pmu/run_pmu_verification_20260914T003308Z.log ==
