== run_inclusion_policy_full: machine=sunbird core=2 base_seed=12345 ==
== assumed_line_size_bytes=64 (documented assumption, not measured) ==
== timestamp=20260913T070727Z ==

== L1_vs_L2: target_bytes=32768 lower_level_bytes=262144 -> evict_bytes=16777216 (scaled 4096/64x) ==
-- survived-class calibration (evict_bytes=target_bytes, nothing evicted) --
  survived-class (single-shot, calibrated here): 60.008 ticks
  invalidated-class (from data_processed/sunbird/latency/miss/L2_to_LLC/base_random_summary_20260913T054413Z.csv): 284.0 ticks
-- base (seed=12345) --
  wrote 402 lines -> data_raw/sunbird/inclusion_policy/L1_vs_L2/inclusion_policy_base_random_20260913T070727Z.csv (pattern=random seed=12345)
Wrote 2 summary rows to data_processed/sunbird/inclusion_policy/L1_vs_L2/base_random_summary_20260913T070727Z.csv
  wrote 402 lines -> data_raw/sunbird/inclusion_policy/L1_vs_L2/inclusion_policy_base_sequential_20260913T070727Z.csv (pattern=sequential seed=12345)
Wrote 2 summary rows to data_processed/sunbird/inclusion_policy/L1_vs_L2/base_sequential_summary_20260913T070727Z.csv
-- rep1 (seed=12346) --
  wrote 402 lines -> data_raw/sunbird/inclusion_policy/L1_vs_L2/inclusion_policy_rep1_random_20260913T070727Z.csv (pattern=random seed=12346)
Wrote 2 summary rows to data_processed/sunbird/inclusion_policy/L1_vs_L2/rep1_random_summary_20260913T070727Z.csv
  wrote 402 lines -> data_raw/sunbird/inclusion_policy/L1_vs_L2/inclusion_policy_rep1_sequential_20260913T070727Z.csv (pattern=sequential seed=12346)
Wrote 2 summary rows to data_processed/sunbird/inclusion_policy/L1_vs_L2/rep1_sequential_summary_20260913T070727Z.csv
-- rep2 (seed=12347) --
  wrote 402 lines -> data_raw/sunbird/inclusion_policy/L1_vs_L2/inclusion_policy_rep2_random_20260913T070727Z.csv (pattern=random seed=12347)
Wrote 2 summary rows to data_processed/sunbird/inclusion_policy/L1_vs_L2/rep2_random_summary_20260913T070727Z.csv
  wrote 402 lines -> data_raw/sunbird/inclusion_policy/L1_vs_L2/inclusion_policy_rep2_sequential_20260913T070727Z.csv (pattern=sequential seed=12347)
Wrote 2 summary rows to data_processed/sunbird/inclusion_policy/L1_vs_L2/rep2_sequential_summary_20260913T070727Z.csv
Survived-class (upper-level hit) median:       60.01 ticks
Invalidated-class (beyond-lower-level) median: 284.00 ticks
Classification boundary (geometric mean):      130.55 ticks

TARGET channel  (n=200): median=84.0 mean=93.6 ticks -- 180 survived-like (90.0%), 11 ambiguous, 9 invalidated-like (4.5%)
CONTROL channel (n=200): median=68.0 mean=75.2 ticks -- 184 survived-like (92.0%), 10 ambiguous, 6 invalidated-like (3.0%)
Paired check: target read slower than its own trial's control in 96.5% of trials (distribution-free, independent of the class boundary above)

VERDICT: EXCLUSIVE / NON-INCLUSIVE (upper-level copy consistently survived lower-level eviction)
-- generating plots for L1_vs_L2 --
Wrote data_processed/sunbird/inclusion_policy/L1_vs_L2/plots/inclusion_policy_boxplots.pdf and .png
-- compressing raw CSVs for L1_vs_L2 --

== L2_vs_LLC: target_bytes=262144 lower_level_bytes=31457280 -> evict_bytes=2013265920 (scaled 4096/64x) ==
-- survived-class calibration (evict_bytes=target_bytes, nothing evicted) --
  survived-class (single-shot, calibrated here): 76.048 ticks
  invalidated-class (from data_processed/sunbird/latency/miss/LLC_to_DRAM/base_random_summary_20260913T054413Z.csv): 622.0 ticks
-- base (seed=12345) --
  wrote 402 lines -> data_raw/sunbird/inclusion_policy/L2_vs_LLC/inclusion_policy_base_random_20260913T070727Z.csv (pattern=random seed=12345)
Wrote 2 summary rows to data_processed/sunbird/inclusion_policy/L2_vs_LLC/base_random_summary_20260913T070727Z.csv
  wrote 402 lines -> data_raw/sunbird/inclusion_policy/L2_vs_LLC/inclusion_policy_base_sequential_20260913T070727Z.csv (pattern=sequential seed=12345)
Wrote 2 summary rows to data_processed/sunbird/inclusion_policy/L2_vs_LLC/base_sequential_summary_20260913T070727Z.csv
-- rep1 (seed=12346) --
  wrote 402 lines -> data_raw/sunbird/inclusion_policy/L2_vs_LLC/inclusion_policy_rep1_random_20260913T070727Z.csv (pattern=random seed=12346)
Wrote 2 summary rows to data_processed/sunbird/inclusion_policy/L2_vs_LLC/rep1_random_summary_20260913T070727Z.csv
  wrote 402 lines -> data_raw/sunbird/inclusion_policy/L2_vs_LLC/inclusion_policy_rep1_sequential_20260913T070727Z.csv (pattern=sequential seed=12346)
Wrote 2 summary rows to data_processed/sunbird/inclusion_policy/L2_vs_LLC/rep1_sequential_summary_20260913T070727Z.csv
-- rep2 (seed=12347) --
  wrote 402 lines -> data_raw/sunbird/inclusion_policy/L2_vs_LLC/inclusion_policy_rep2_random_20260913T070727Z.csv (pattern=random seed=12347)
Wrote 2 summary rows to data_processed/sunbird/inclusion_policy/L2_vs_LLC/rep2_random_summary_20260913T070727Z.csv
  wrote 402 lines -> data_raw/sunbird/inclusion_policy/L2_vs_LLC/inclusion_policy_rep2_sequential_20260913T070727Z.csv (pattern=sequential seed=12347)
Wrote 2 summary rows to data_processed/sunbird/inclusion_policy/L2_vs_LLC/rep2_sequential_summary_20260913T070727Z.csv
Survived-class (upper-level hit) median:       76.05 ticks
Invalidated-class (beyond-lower-level) median: 622.00 ticks
Classification boundary (geometric mean):      217.49 ticks

TARGET channel  (n=200): median=212.0 mean=213.9 ticks -- 27 survived-like (13.5%), 170 ambiguous, 3 invalidated-like (1.5%)
CONTROL channel (n=200): median=144.0 mean=148.1 ticks -- 193 survived-like (96.5%), 2 ambiguous, 5 invalidated-like (2.5%)
Paired check: target read slower than its own trial's control in 92.0% of trials (distribution-free, independent of the class boundary above)

VERDICT: UNCERTAIN (mixed result -- do not claim a global policy from this alone)
-- generating plots for L2_vs_LLC --
  note: ('target', 'sequential') has 3 overlapping summary rows with medians [164.0, 372.0, 240.0] (spread 208.0 ticks, 80.4%) -- averaging, widening whiskers to the union
  note: ('control', 'sequential') has 3 overlapping summary rows with medians [168.0, 144.0, 132.0] (spread 36.0 ticks, 24.3%) -- averaging, widening whiskers to the union
Wrote data_processed/sunbird/inclusion_policy/L2_vs_LLC/plots/inclusion_policy_boxplots.pdf and .png
-- compressing raw CSVs for L2_vs_LLC --

== done ==
== L1_vs_L2: VERDICT: EXCLUSIVE / NON-INCLUSIVE (upper-level copy consistently survived lower-level eviction) ==
== L2_vs_LLC: VERDICT: UNCERTAIN (mixed result -- do not claim a global policy from this alone) ==
== record in data_raw/sunbird/README.md: core=2, base_seed=12345 (repeats use base_seed+index), trials=200, assumed_line_size_bytes=64, timestamp=20260913T070727Z ==
== full transcript saved to: data_raw/sunbird/inclusion_policy/run_inclusion_policy_full_20260913T070727Z.log ==
