== run_inclusion_policy_full: machine=sunbird core=2 base_seed=12345 ==
== assumed_line_size_bytes=64 (documented assumption, not measured) ==
== timestamp=20260913T065738Z ==

== L1_vs_LLC: target_bytes=32768 lower_level_bytes=31457280 -> evict_bytes=2013265920 (scaled 4096/64x) ==
-- survived-class calibration (evict_bytes=target_bytes, nothing evicted) --
  survived-class (single-shot, calibrated here): 60.024 ticks
  invalidated-class (from data_processed/sunbird/latency/miss/LLC_to_DRAM/base_random_summary_20260913T054413Z.csv): 622.0 ticks
-- base (seed=12345) --
  wrote 402 lines -> data_raw/sunbird/inclusion_policy/L1_vs_LLC/inclusion_policy_base_random_20260913T065738Z.csv (pattern=random seed=12345)
Wrote 2 summary rows to data_processed/sunbird/inclusion_policy/L1_vs_LLC/base_random_summary_20260913T065738Z.csv
  wrote 402 lines -> data_raw/sunbird/inclusion_policy/L1_vs_LLC/inclusion_policy_base_sequential_20260913T065738Z.csv (pattern=sequential seed=12345)
Wrote 2 summary rows to data_processed/sunbird/inclusion_policy/L1_vs_LLC/base_sequential_summary_20260913T065738Z.csv
-- rep1 (seed=12346) --
  wrote 402 lines -> data_raw/sunbird/inclusion_policy/L1_vs_LLC/inclusion_policy_rep1_random_20260913T065738Z.csv (pattern=random seed=12346)
Wrote 2 summary rows to data_processed/sunbird/inclusion_policy/L1_vs_LLC/rep1_random_summary_20260913T065738Z.csv
  wrote 402 lines -> data_raw/sunbird/inclusion_policy/L1_vs_LLC/inclusion_policy_rep1_sequential_20260913T065738Z.csv (pattern=sequential seed=12346)
Wrote 2 summary rows to data_processed/sunbird/inclusion_policy/L1_vs_LLC/rep1_sequential_summary_20260913T065738Z.csv
-- rep2 (seed=12347) --
  wrote 402 lines -> data_raw/sunbird/inclusion_policy/L1_vs_LLC/inclusion_policy_rep2_random_20260913T065738Z.csv (pattern=random seed=12347)
Wrote 2 summary rows to data_processed/sunbird/inclusion_policy/L1_vs_LLC/rep2_random_summary_20260913T065738Z.csv
  wrote 402 lines -> data_raw/sunbird/inclusion_policy/L1_vs_LLC/inclusion_policy_rep2_sequential_20260913T065738Z.csv (pattern=sequential seed=12347)
Wrote 2 summary rows to data_processed/sunbird/inclusion_policy/L1_vs_LLC/rep2_sequential_summary_20260913T065738Z.csv
Survived-class (upper-level hit) median:       60.02 ticks
Invalidated-class (beyond-lower-level) median: 622.00 ticks
Classification boundary (geometric mean):      193.22 ticks

TARGET channel  (n=200): median=236.0 mean=227.1 ticks -- 22 survived-like (11.0%), 28 ambiguous, 150 invalidated-like (75.0%)
CONTROL channel (n=200): median=136.0 mean=133.6 ticks -- 195 survived-like (97.5%), 0 ambiguous, 5 invalidated-like (2.5%)
Paired check: target read slower than its own trial's control in 98.5% of trials (distribution-free, independent of the class boundary above)

VERDICT: UNCERTAIN (mixed result -- do not claim a global policy from this alone)
-- generating plots for L1_vs_LLC --
  note: ('target', 'random') has 3 overlapping summary rows with medians [236.0, 172.0, 244.0] (spread 72.0 ticks, 33.1%) -- averaging, widening whiskers to the union
  note: ('control', 'sequential') has 3 overlapping summary rows with medians [144.0, 160.0, 300.0] (spread 156.0 ticks, 77.5%) -- averaging, widening whiskers to the union
Wrote data_processed/sunbird/inclusion_policy/L1_vs_LLC/plots/inclusion_policy_boxplots.pdf and .png
-- compressing raw CSVs for L1_vs_LLC --

== done ==
== L1_vs_LLC: VERDICT: UNCERTAIN (mixed result -- do not claim a global policy from this alone) ==
== record in data_raw/sunbird/README.md: core=2, base_seed=12345 (repeats use base_seed+index), trials=200, assumed_line_size_bytes=64, timestamp=20260913T065738Z ==
== full transcript saved to: data_raw/sunbird/inclusion_policy/run_inclusion_policy_full_20260913T065738Z.log ==
