== run_associativity_full: machine=ookay core=3 base_seed=12345 max_ways=40 ==
== timestamp=20260912T225532Z ==
-- using explicit cache_bytes override: 32768 262144 8388608 --

== level L1: cache_bytes=32768 ==
-- base sweep num_ways=2-40 --
  wrote 39002 lines -> data_raw/ookay/associativity/L1/associativity_base_random_20260912T225532Z.csv (seed=12345)
  wrote 39002 lines -> data_raw/ookay/associativity/L1/associativity_base_sequential_20260912T225532Z.csv (seed=12345)
Wrote 39 summary rows to data_processed/ookay/associativity/L1/base_random_summary_20260912T225532Z.csv
Wrote 39 summary rows to data_processed/ookay/associativity/L1/base_sequential_summary_20260912T225532Z.csv
-- detected associativity estimate: 8 --
  -- repeat 1/2 (seed=12346) --
  wrote 39002 lines -> data_raw/ookay/associativity/L1/associativity_rep1_random_20260912T225532Z.csv (seed=12346)
  wrote 39002 lines -> data_raw/ookay/associativity/L1/associativity_rep1_sequential_20260912T225532Z.csv (seed=12346)
Wrote 39 summary rows to data_processed/ookay/associativity/L1/rep1_random_summary_20260912T225532Z.csv
Wrote 39 summary rows to data_processed/ookay/associativity/L1/rep1_sequential_summary_20260912T225532Z.csv
     repeat 1 detected estimate: 8
  -- repeat 2/2 (seed=12347) --
  wrote 39002 lines -> data_raw/ookay/associativity/L1/associativity_rep2_random_20260912T225532Z.csv (seed=12347)
  wrote 39002 lines -> data_raw/ookay/associativity/L1/associativity_rep2_sequential_20260912T225532Z.csv (seed=12347)
Wrote 39 summary rows to data_processed/ookay/associativity/L1/rep2_random_summary_20260912T225532Z.csv
Wrote 39 summary rows to data_processed/ookay/associativity/L1/rep2_sequential_summary_20260912T225532Z.csv
     repeat 2 detected estimate: 8
-- generating plots for L1 --
  note: num_ways=8 (random) has 3 overlapping summary rows with medians [7.4, 9.5, 7.4] (spread 2.1 ticks, 26.3%) -- averaging, widening whiskers to the union
  note: num_ways=7 (sequential) has 3 overlapping summary rows with medians [9.8, 7.4, 7.4] (spread 2.4 ticks, 28.8%) -- averaging, widening whiskers to the union
  note: num_ways=8 (sequential) has 3 overlapping summary rows with medians [9.4, 7.4, 9.5] (spread 2.0 ticks, 23.4%) -- averaging, widening whiskers to the union
Wrote data_processed/ookay/associativity/L1/plots/associativity_curve.pdf and .png
Wrote data_processed/ookay/associativity/L1/plots/associativity_boxplots.pdf and .png
-- compressing raw CSVs for L1 --

== level L2: cache_bytes=262144 ==
-- base sweep num_ways=2-40 --
  wrote 39002 lines -> data_raw/ookay/associativity/L2/associativity_base_random_20260912T225532Z.csv (seed=12345)
  wrote 39002 lines -> data_raw/ookay/associativity/L2/associativity_base_sequential_20260912T225532Z.csv (seed=12345)
Wrote 39 summary rows to data_processed/ookay/associativity/L2/base_random_summary_20260912T225532Z.csv
Wrote 39 summary rows to data_processed/ookay/associativity/L2/base_sequential_summary_20260912T225532Z.csv
-- detected associativity estimate: 4 --
  -- repeat 1/2 (seed=12346) --
  wrote 39002 lines -> data_raw/ookay/associativity/L2/associativity_rep1_random_20260912T225532Z.csv (seed=12346)
  wrote 39002 lines -> data_raw/ookay/associativity/L2/associativity_rep1_sequential_20260912T225532Z.csv (seed=12346)
Wrote 39 summary rows to data_processed/ookay/associativity/L2/rep1_random_summary_20260912T225532Z.csv
Wrote 39 summary rows to data_processed/ookay/associativity/L2/rep1_sequential_summary_20260912T225532Z.csv
     repeat 1 detected estimate: 4
  -- repeat 2/2 (seed=12347) --
  wrote 39002 lines -> data_raw/ookay/associativity/L2/associativity_rep2_random_20260912T225532Z.csv (seed=12347)
  wrote 39002 lines -> data_raw/ookay/associativity/L2/associativity_rep2_sequential_20260912T225532Z.csv (seed=12347)
Wrote 39 summary rows to data_processed/ookay/associativity/L2/rep2_random_summary_20260912T225532Z.csv
Wrote 39 summary rows to data_processed/ookay/associativity/L2/rep2_sequential_summary_20260912T225532Z.csv
     repeat 2 detected estimate: 4
-- generating plots for L2 --
  note: num_ways=18 (random) has 3 overlapping summary rows with medians [27.6, 21.4, 20.9] (spread 6.7 ticks, 28.9%) -- averaging, widening whiskers to the union
  note: num_ways=19 (random) has 3 overlapping summary rows with medians [30.5, 21.0, 20.9] (spread 9.5 ticks, 39.5%) -- averaging, widening whiskers to the union
  note: num_ways=20 (random) has 3 overlapping summary rows with medians [32.0, 21.4, 20.9] (spread 11.1 ticks, 44.6%) -- averaging, widening whiskers to the union
  note: num_ways=21 (random) has 3 overlapping summary rows with medians [34.2, 21.4, 20.9] (spread 13.4 ticks, 52.5%) -- averaging, widening whiskers to the union
  note: num_ways=22 (random) has 3 overlapping summary rows with medians [34.6, 20.9, 20.9] (spread 13.7 ticks, 53.8%) -- averaging, widening whiskers to the union
  note: num_ways=23 (random) has 3 overlapping summary rows with medians [36.0, 21.4, 21.4] (spread 14.6 ticks, 55.7%) -- averaging, widening whiskers to the union
  note: num_ways=24 (random) has 3 overlapping summary rows with medians [36.3, 21.4, 21.4] (spread 14.9 ticks, 56.6%) -- averaging, widening whiskers to the union
  note: num_ways=25 (random) has 3 overlapping summary rows with medians [37.0, 20.9, 20.9] (spread 16.1 ticks, 61.2%) -- averaging, widening whiskers to the union
  note: num_ways=26 (random) has 3 overlapping summary rows with medians [37.1, 21.0, 21.4] (spread 16.2 ticks, 61.0%) -- averaging, widening whiskers to the union
  note: num_ways=27 (random) has 3 overlapping summary rows with medians [37.6, 23.3, 21.4] (spread 16.2 ticks, 59.0%) -- averaging, widening whiskers to the union
  note: num_ways=28 (random) has 3 overlapping summary rows with medians [37.8, 23.2, 20.9] (spread 16.9 ticks, 61.8%) -- averaging, widening whiskers to the union
  note: num_ways=29 (random) has 3 overlapping summary rows with medians [37.8, 23.2, 20.9] (spread 16.9 ticks, 61.8%) -- averaging, widening whiskers to the union
  note: num_ways=30 (random) has 3 overlapping summary rows with medians [38.4, 23.6, 20.9] (spread 17.5 ticks, 63.2%) -- averaging, widening whiskers to the union
  note: num_ways=31 (random) has 3 overlapping summary rows with medians [38.2, 22.9, 20.9] (spread 17.2 ticks, 63.0%) -- averaging, widening whiskers to the union
  note: num_ways=32 (random) has 3 overlapping summary rows with medians [38.5, 23.4, 21.4] (spread 17.1 ticks, 61.5%) -- averaging, widening whiskers to the union
  note: num_ways=33 (random) has 3 overlapping summary rows with medians [38.1, 23.3, 23.3] (spread 14.8 ticks, 52.5%) -- averaging, widening whiskers to the union
  note: num_ways=34 (random) has 3 overlapping summary rows with medians [37.7, 22.8, 22.8] (spread 14.9 ticks, 53.6%) -- averaging, widening whiskers to the union
  note: num_ways=35 (random) has 3 overlapping summary rows with medians [37.1, 22.7, 23.2] (spread 14.4 ticks, 52.1%) -- averaging, widening whiskers to the union
  note: num_ways=36 (random) has 3 overlapping summary rows with medians [36.3, 22.7, 23.2] (spread 13.6 ticks, 49.8%) -- averaging, widening whiskers to the union
  note: num_ways=37 (random) has 3 overlapping summary rows with medians [36.0, 22.7, 22.7] (spread 13.3 ticks, 49.0%) -- averaging, widening whiskers to the union
  note: num_ways=38 (random) has 3 overlapping summary rows with medians [35.6, 22.6, 22.6] (spread 13.1 ticks, 48.5%) -- averaging, widening whiskers to the union
  note: num_ways=39 (random) has 3 overlapping summary rows with medians [37.1, 23.0, 23.0] (spread 14.0 ticks, 50.6%) -- averaging, widening whiskers to the union
  note: num_ways=40 (random) has 3 overlapping summary rows with medians [38.4, 23.0, 23.0] (spread 15.4 ticks, 54.7%) -- averaging, widening whiskers to the union
  note: num_ways=30 (sequential) has 3 overlapping summary rows with medians [21.4, 25.5, 20.9] (spread 4.6 ticks, 20.2%) -- averaging, widening whiskers to the union
  note: num_ways=31 (sequential) has 3 overlapping summary rows with medians [21.0, 25.9, 20.9] (spread 4.9 ticks, 21.7%) -- averaging, widening whiskers to the union
  note: num_ways=32 (sequential) has 3 overlapping summary rows with medians [20.9, 25.8, 20.9] (spread 4.9 ticks, 21.6%) -- averaging, widening whiskers to the union
  note: num_ways=33 (sequential) has 3 overlapping summary rows with medians [21.0, 25.7, 23.0] (spread 4.7 ticks, 20.4%) -- averaging, widening whiskers to the union
Wrote data_processed/ookay/associativity/L2/plots/associativity_curve.pdf and .png
Wrote data_processed/ookay/associativity/L2/plots/associativity_boxplots.pdf and .png
-- compressing raw CSVs for L2 --

== level L3_LLC: cache_bytes=8388608 ==
-- base sweep num_ways=2-40 --
  wrote 39002 lines -> data_raw/ookay/associativity/L3_LLC/associativity_base_random_20260912T225532Z.csv (seed=12345)
  wrote 39002 lines -> data_raw/ookay/associativity/L3_LLC/associativity_base_sequential_20260912T225532Z.csv (seed=12345)
Wrote 39 summary rows to data_processed/ookay/associativity/L3_LLC/base_random_summary_20260912T225532Z.csv
Wrote 39 summary rows to data_processed/ookay/associativity/L3_LLC/base_sequential_summary_20260912T225532Z.csv
-- detected associativity estimate: 4 --
  -- repeat 1/2 (seed=12346) --
  wrote 39002 lines -> data_raw/ookay/associativity/L3_LLC/associativity_rep1_random_20260912T225532Z.csv (seed=12346)
  wrote 39002 lines -> data_raw/ookay/associativity/L3_LLC/associativity_rep1_sequential_20260912T225532Z.csv (seed=12346)
Wrote 39 summary rows to data_processed/ookay/associativity/L3_LLC/rep1_random_summary_20260912T225532Z.csv
Wrote 39 summary rows to data_processed/ookay/associativity/L3_LLC/rep1_sequential_summary_20260912T225532Z.csv
     repeat 1 detected estimate: 4
  -- repeat 2/2 (seed=12347) --
  wrote 39002 lines -> data_raw/ookay/associativity/L3_LLC/associativity_rep2_random_20260912T225532Z.csv (seed=12347)
  wrote 39002 lines -> data_raw/ookay/associativity/L3_LLC/associativity_rep2_sequential_20260912T225532Z.csv (seed=12347)
Wrote 39 summary rows to data_processed/ookay/associativity/L3_LLC/rep2_random_summary_20260912T225532Z.csv
Wrote 39 summary rows to data_processed/ookay/associativity/L3_LLC/rep2_sequential_summary_20260912T225532Z.csv
     repeat 2 detected estimate: 4
-- generating plots for L3_LLC --
  note: num_ways=26 (random) has 3 overlapping summary rows with medians [20.9, 20.9, 25.9] (spread 5.0 ticks, 22.0%) -- averaging, widening whiskers to the union
  note: num_ways=28 (random) has 3 overlapping summary rows with medians [21.4, 20.9, 27.0] (spread 6.2 ticks, 26.6%) -- averaging, widening whiskers to the union
  note: num_ways=29 (random) has 3 overlapping summary rows with medians [20.9, 20.9, 26.9] (spread 6.0 ticks, 26.1%) -- averaging, widening whiskers to the union
  note: num_ways=30 (random) has 3 overlapping summary rows with medians [20.9, 21.4, 26.7] (spread 5.7 ticks, 25.0%) -- averaging, widening whiskers to the union
  note: num_ways=31 (random) has 3 overlapping summary rows with medians [20.9, 20.9, 26.6] (spread 5.7 ticks, 25.0%) -- averaging, widening whiskers to the union
  note: num_ways=32 (random) has 3 overlapping summary rows with medians [20.9, 23.7, 27.0] (spread 6.1 ticks, 25.6%) -- averaging, widening whiskers to the union
  note: num_ways=33 (random) has 3 overlapping summary rows with medians [20.9, 23.6, 26.8] (spread 5.9 ticks, 24.7%) -- averaging, widening whiskers to the union
  note: num_ways=34 (random) has 3 overlapping summary rows with medians [20.9, 23.5, 26.0] (spread 5.1 ticks, 21.5%) -- averaging, widening whiskers to the union
  note: num_ways=35 (random) has 3 overlapping summary rows with medians [21.3, 22.9, 26.0] (spread 4.7 ticks, 20.0%) -- averaging, widening whiskers to the union
  note: num_ways=38 (random) has 3 overlapping summary rows with medians [20.9, 24.4, 26.0] (spread 5.2 ticks, 21.7%) -- averaging, widening whiskers to the union
  note: num_ways=40 (random) has 3 overlapping summary rows with medians [21.4, 26.5, 25.6] (spread 5.1 ticks, 20.7%) -- averaging, widening whiskers to the union
Wrote data_processed/ookay/associativity/L3_LLC/plots/associativity_curve.pdf and .png
Wrote data_processed/ookay/associativity/L3_LLC/plots/associativity_boxplots.pdf and .png
-- compressing raw CSVs for L3_LLC --

== done ==
== L1: cache_bytes=32768 -> associativity=8 (repeats: 8 8) ==
== L2: cache_bytes=262144 -> associativity=4 (repeats: 4 4) ==
== L3_LLC: cache_bytes=8388608 -> associativity=4 (repeats: 4 4) ==
== record in data_raw/ookay/README.md: core=3, base_seed=12345 (repeats use base_seed+index), samples=1000000, max_ways=40, timestamp=20260912T225532Z ==
== full transcript saved to: data_raw/ookay/associativity/run_associativity_full_20260912T225532Z.log ==
