== run_line_size: machine=artemisia core=20 seed=12345 ==
== timestamp=20260912T213325Z boundaries=49152,2097152,94371840 coarse_strides=8,16,32,64,128,256 ==

############################################################
## LEVEL boundary=49152B -- Method A window=[6144,196608] bytes
############################################################
-- [L49152 A coarse] stride=8B pattern=random offset=0B --
  wrote 31002 lines -> data_raw/artemisia/line_size/level_49152/family_8_random_20260912T213325Z.csv
Wrote 31 summary rows to data_processed/artemisia/line_size/level_49152/family_8_random_summary.csv
-- [L49152 A coarse] stride=8B pattern=sequential offset=0B --
  wrote 31002 lines -> data_raw/artemisia/line_size/level_49152/family_8_sequential_20260912T213325Z.csv
Wrote 31 summary rows to data_processed/artemisia/line_size/level_49152/family_8_sequential_summary.csv
-- [L49152 A coarse] stride=16B pattern=random offset=0B --
  wrote 31002 lines -> data_raw/artemisia/line_size/level_49152/family_16_random_20260912T213325Z.csv
Wrote 31 summary rows to data_processed/artemisia/line_size/level_49152/family_16_random_summary.csv
-- [L49152 A coarse] stride=16B pattern=sequential offset=0B --
  wrote 31002 lines -> data_raw/artemisia/line_size/level_49152/family_16_sequential_20260912T213325Z.csv
Wrote 31 summary rows to data_processed/artemisia/line_size/level_49152/family_16_sequential_summary.csv
-- [L49152 A coarse] stride=32B pattern=random offset=0B --
  wrote 31002 lines -> data_raw/artemisia/line_size/level_49152/family_32_random_20260912T213325Z.csv
Wrote 31 summary rows to data_processed/artemisia/line_size/level_49152/family_32_random_summary.csv
-- [L49152 A coarse] stride=32B pattern=sequential offset=0B --
  wrote 31002 lines -> data_raw/artemisia/line_size/level_49152/family_32_sequential_20260912T213325Z.csv
Wrote 31 summary rows to data_processed/artemisia/line_size/level_49152/family_32_sequential_summary.csv
-- [L49152 A coarse] stride=64B pattern=random offset=0B --
  wrote 31002 lines -> data_raw/artemisia/line_size/level_49152/family_64_random_20260912T213325Z.csv
Wrote 31 summary rows to data_processed/artemisia/line_size/level_49152/family_64_random_summary.csv
-- [L49152 A coarse] stride=64B pattern=sequential offset=0B --
  wrote 31002 lines -> data_raw/artemisia/line_size/level_49152/family_64_sequential_20260912T213325Z.csv
Wrote 31 summary rows to data_processed/artemisia/line_size/level_49152/family_64_sequential_summary.csv
-- [L49152 A coarse] stride=128B pattern=random offset=0B --
  wrote 31002 lines -> data_raw/artemisia/line_size/level_49152/family_128_random_20260912T213325Z.csv
Wrote 31 summary rows to data_processed/artemisia/line_size/level_49152/family_128_random_summary.csv
-- [L49152 A coarse] stride=128B pattern=sequential offset=0B --
  wrote 31002 lines -> data_raw/artemisia/line_size/level_49152/family_128_sequential_20260912T213325Z.csv
Wrote 31 summary rows to data_processed/artemisia/line_size/level_49152/family_128_sequential_summary.csv
-- [L49152 A coarse] stride=256B pattern=random offset=0B --
  wrote 31002 lines -> data_raw/artemisia/line_size/level_49152/family_256_random_20260912T213325Z.csv
Wrote 31 summary rows to data_processed/artemisia/line_size/level_49152/family_256_random_summary.csv
-- [L49152 A coarse] stride=256B pattern=sequential offset=0B --
  wrote 31002 lines -> data_raw/artemisia/line_size/level_49152/family_256_sequential_20260912T213325Z.csv
Wrote 31 summary rows to data_processed/artemisia/line_size/level_49152/family_256_sequential_summary.csv
-- [L49152 A steps 1-3] generating coarse family-of-curves plots --
/home/krchen/Proj1-Cache-Reverse-Engineering/scripts/plot_line_size_family.py:163: MatplotlibDeprecationWarning: The get_cmap function was deprecated in Matplotlib 3.7 and will be removed in 3.11. Use ``matplotlib.colormaps[name]`` or ``matplotlib.colormaps.get_cmap()`` or ``pyplot.get_cmap()`` instead.
  cmap = cm.get_cmap("viridis", max(len(strides), 2))
Wrote data_processed/artemisia/line_size/level_49152/plots/line_size_family_curve.pdf and .png
-- per-stride elbow (bytes): {8B: 110336, 16B: 110336, 32B: 87552, 64B: 55168, 128B: 55168, 256B: 55040}
-- line-size estimate: smallest candidate stride whose elbow agrees with largest tested stride (~55040 bytes) is 64B -- see infer_line_size's docstring caveat on the fixed grid resolution before citing this as a clean line-size number on its own
/home/krchen/Proj1-Cache-Reverse-Engineering/scripts/plot_line_size_family.py:277: MatplotlibDeprecationWarning: The get_cmap function was deprecated in Matplotlib 3.7 and will be removed in 3.11. Use ``matplotlib.colormaps[name]`` or ``matplotlib.colormaps.get_cmap()`` or ``pyplot.get_cmap()`` instead.
  cmap = cm.get_cmap("viridis", max(len(strides), 2))
Wrote data_processed/artemisia/line_size/level_49152/plots/line_size_family_boxplots.pdf and .png
   (the per-stride elbow / line-size-estimate lines just above are
   plot_line_size_family.py's own diagnostic guess from ONE un-repeated coarse
   sweep -- NOT auto-applied below; see data_processed/artemisia/line_size/level_49152/plots/line_size_family_curve.png
   and decide the step-4 candidate yourself)
== [L49152 A] no candidate given for this level -- inspect
   data_processed/artemisia/line_size/level_49152/plots/line_size_family_curve.png yourself and re-run with an
   explicit candidate stride in candidate_overrides_csv for this level (no
   auto-detection: it proved unreliable across runs/cores, see the script's
   header comment). Skipping Method-A step 4.

-- [L49152 B] single-curve method, footprint_bytes=98304 (2.0x boundary) --
-- [L49152 B coarse] stride 8-1024 bytes (step 8) --
  wrote 128002 lines -> data_raw/artemisia/line_size/level_49152/singlecurve_coarse_random_20260912T213325Z.csv
  wrote 128002 lines -> data_raw/artemisia/line_size/level_49152/singlecurve_coarse_sequential_20260912T213325Z.csv
Wrote 128 summary rows to data_processed/artemisia/line_size/level_49152/singlecurve_coarse_random_summary.csv
Wrote 128 summary rows to data_processed/artemisia/line_size/level_49152/singlecurve_coarse_sequential_summary.csv
-- [L49152 B] detected line-size estimate (bytes): 64 --
-- [L49152 B] dense sweep around estimate 64 bytes: 32-129 (step 1) --
  wrote 98002 lines -> data_raw/artemisia/line_size/level_49152/singlecurve_dense_random_20260912T213325Z.csv
  wrote 98002 lines -> data_raw/artemisia/line_size/level_49152/singlecurve_dense_sequential_20260912T213325Z.csv
Wrote 98 summary rows to data_processed/artemisia/line_size/level_49152/singlecurve_dense_random_summary.csv
Wrote 98 summary rows to data_processed/artemisia/line_size/level_49152/singlecurve_dense_sequential_summary.csv
  -- [L49152 B] repeat 1/2 of the dense window --
  wrote 98002 lines -> data_raw/artemisia/line_size/level_49152/singlecurve_dense_rep1_random_20260912T213325Z.csv
  wrote 98002 lines -> data_raw/artemisia/line_size/level_49152/singlecurve_dense_rep1_sequential_20260912T213325Z.csv
Wrote 98 summary rows to data_processed/artemisia/line_size/level_49152/singlecurve_dense_rep1_random_summary.csv
Wrote 98 summary rows to data_processed/artemisia/line_size/level_49152/singlecurve_dense_rep1_sequential_summary.csv
  -- [L49152 B] repeat 2/2 of the dense window --
  wrote 98002 lines -> data_raw/artemisia/line_size/level_49152/singlecurve_dense_rep2_random_20260912T213325Z.csv
  wrote 98002 lines -> data_raw/artemisia/line_size/level_49152/singlecurve_dense_rep2_sequential_20260912T213325Z.csv
Wrote 98 summary rows to data_processed/artemisia/line_size/level_49152/singlecurve_dense_rep2_random_summary.csv
Wrote 98 summary rows to data_processed/artemisia/line_size/level_49152/singlecurve_dense_rep2_sequential_summary.csv
-- [L49152 B] generating single-curve plots --
  note: 126B (random) has 3 overlapping summary rows with medians [11.3, 11.8, 15.4] (spread 4.1 ticks, 31.7%) -- averaging, widening whiskers to the union
  note: 127B (random) has 3 overlapping summary rows with medians [10.8, 11.2, 15.1] (spread 4.3 ticks, 34.5%) -- averaging, widening whiskers to the union
  note: 129B (random) has 3 overlapping summary rows with medians [10.0, 10.3, 14.7] (spread 4.7 ticks, 40.3%) -- averaging, widening whiskers to the union
  note: flagged 26 isolated spike stride(s) as probable page-aliasing artifacts: [128, 152, 168, 216, 232, 256, 280, 376, 488, 512, 528, 536, 568, 584, 608, 688, 704, 728, 744, 800, 848, 864, 880, 944, 968, 1024]
Wrote data_processed/artemisia/line_size/level_49152/plots/line_size_curve.pdf and .png
Wrote data_processed/artemisia/line_size/level_49152/plots/line_size_boxplots.pdf and .png

############################################################
## LEVEL boundary=2097152B -- Method A window=[262144,8388608] bytes
############################################################
-- [L2097152 A coarse] stride=8B pattern=random offset=0B --
  wrote 31002 lines -> data_raw/artemisia/line_size/level_2097152/family_8_random_20260912T213325Z.csv
Wrote 31 summary rows to data_processed/artemisia/line_size/level_2097152/family_8_random_summary.csv
-- [L2097152 A coarse] stride=8B pattern=sequential offset=0B --
  wrote 31002 lines -> data_raw/artemisia/line_size/level_2097152/family_8_sequential_20260912T213325Z.csv
Wrote 31 summary rows to data_processed/artemisia/line_size/level_2097152/family_8_sequential_summary.csv
-- [L2097152 A coarse] stride=16B pattern=random offset=0B --
  wrote 31002 lines -> data_raw/artemisia/line_size/level_2097152/family_16_random_20260912T213325Z.csv
Wrote 31 summary rows to data_processed/artemisia/line_size/level_2097152/family_16_random_summary.csv
-- [L2097152 A coarse] stride=16B pattern=sequential offset=0B --
  wrote 31002 lines -> data_raw/artemisia/line_size/level_2097152/family_16_sequential_20260912T213325Z.csv
Wrote 31 summary rows to data_processed/artemisia/line_size/level_2097152/family_16_sequential_summary.csv
-- [L2097152 A coarse] stride=32B pattern=random offset=0B --
  wrote 31002 lines -> data_raw/artemisia/line_size/level_2097152/family_32_random_20260912T213325Z.csv
Wrote 31 summary rows to data_processed/artemisia/line_size/level_2097152/family_32_random_summary.csv
-- [L2097152 A coarse] stride=32B pattern=sequential offset=0B --
  wrote 31002 lines -> data_raw/artemisia/line_size/level_2097152/family_32_sequential_20260912T213325Z.csv
Wrote 31 summary rows to data_processed/artemisia/line_size/level_2097152/family_32_sequential_summary.csv
-- [L2097152 A coarse] stride=64B pattern=random offset=0B --
  wrote 31002 lines -> data_raw/artemisia/line_size/level_2097152/family_64_random_20260912T213325Z.csv
Wrote 31 summary rows to data_processed/artemisia/line_size/level_2097152/family_64_random_summary.csv
-- [L2097152 A coarse] stride=64B pattern=sequential offset=0B --
  wrote 31002 lines -> data_raw/artemisia/line_size/level_2097152/family_64_sequential_20260912T213325Z.csv
Wrote 31 summary rows to data_processed/artemisia/line_size/level_2097152/family_64_sequential_summary.csv
-- [L2097152 A coarse] stride=128B pattern=random offset=0B --
  wrote 31002 lines -> data_raw/artemisia/line_size/level_2097152/family_128_random_20260912T213325Z.csv
Wrote 31 summary rows to data_processed/artemisia/line_size/level_2097152/family_128_random_summary.csv
-- [L2097152 A coarse] stride=128B pattern=sequential offset=0B --
  wrote 31002 lines -> data_raw/artemisia/line_size/level_2097152/family_128_sequential_20260912T213325Z.csv
Wrote 31 summary rows to data_processed/artemisia/line_size/level_2097152/family_128_sequential_summary.csv
-- [L2097152 A coarse] stride=256B pattern=random offset=0B --
  wrote 31002 lines -> data_raw/artemisia/line_size/level_2097152/family_256_random_20260912T213325Z.csv
Wrote 31 summary rows to data_processed/artemisia/line_size/level_2097152/family_256_random_summary.csv
-- [L2097152 A coarse] stride=256B pattern=sequential offset=0B --
  wrote 31002 lines -> data_raw/artemisia/line_size/level_2097152/family_256_sequential_20260912T213325Z.csv
Wrote 31 summary rows to data_processed/artemisia/line_size/level_2097152/family_256_sequential_summary.csv
-- [L2097152 A steps 1-3] generating coarse family-of-curves plots --
/home/krchen/Proj1-Cache-Reverse-Engineering/scripts/plot_line_size_family.py:163: MatplotlibDeprecationWarning: The get_cmap function was deprecated in Matplotlib 3.7 and will be removed in 3.11. Use ``matplotlib.colormaps[name]`` or ``matplotlib.colormaps.get_cmap()`` or ``pyplot.get_cmap()`` instead.
  cmap = cm.get_cmap("viridis", max(len(strides), 2))
Wrote data_processed/artemisia/line_size/level_2097152/plots/line_size_family_curve.pdf and .png
-- per-stride elbow (bytes): {8B: 4707944, 16B: 4707936, 32B: 3736672, 64B: 3328960, 128B: 3328896, 256B: 3328768}
-- line-size estimate: smallest candidate stride whose elbow agrees with largest tested stride (~3328768 bytes) is 32B -- see infer_line_size's docstring caveat on the fixed grid resolution before citing this as a clean line-size number on its own
/home/krchen/Proj1-Cache-Reverse-Engineering/scripts/plot_line_size_family.py:277: MatplotlibDeprecationWarning: The get_cmap function was deprecated in Matplotlib 3.7 and will be removed in 3.11. Use ``matplotlib.colormaps[name]`` or ``matplotlib.colormaps.get_cmap()`` or ``pyplot.get_cmap()`` instead.
  cmap = cm.get_cmap("viridis", max(len(strides), 2))
Wrote data_processed/artemisia/line_size/level_2097152/plots/line_size_family_boxplots.pdf and .png
   (the per-stride elbow / line-size-estimate lines just above are
   plot_line_size_family.py's own diagnostic guess from ONE un-repeated coarse
   sweep -- NOT auto-applied below; see data_processed/artemisia/line_size/level_2097152/plots/line_size_family_curve.png
   and decide the step-4 candidate yourself)
== [L2097152 A] no candidate given for this level -- inspect
   data_processed/artemisia/line_size/level_2097152/plots/line_size_family_curve.png yourself and re-run with an
   explicit candidate stride in candidate_overrides_csv for this level (no
   auto-detection: it proved unreliable across runs/cores, see the script's
   header comment). Skipping Method-A step 4.

-- [L2097152 B] single-curve method, footprint_bytes=4194304 (2.0x boundary) --
-- [L2097152 B coarse] stride 8-1024 bytes (step 8) --
  wrote 128002 lines -> data_raw/artemisia/line_size/level_2097152/singlecurve_coarse_random_20260912T213325Z.csv
  wrote 128002 lines -> data_raw/artemisia/line_size/level_2097152/singlecurve_coarse_sequential_20260912T213325Z.csv
Wrote 128 summary rows to data_processed/artemisia/line_size/level_2097152/singlecurve_coarse_random_summary.csv
Wrote 128 summary rows to data_processed/artemisia/line_size/level_2097152/singlecurve_coarse_sequential_summary.csv
-- [L2097152 B] detected line-size estimate (bytes): none --
-- [L2097152 B] no transition detected in the coarse sweep; skipping dense/repeat stages --
-- [L2097152 B] generating single-curve plots --
  note: flagged 4 isolated spike stride(s) as probable page-aliasing artifacts: [128, 256, 512, 1024]
Wrote data_processed/artemisia/line_size/level_2097152/plots/line_size_curve.pdf and .png
Wrote data_processed/artemisia/line_size/level_2097152/plots/line_size_boxplots.pdf and .png

############################################################
## LEVEL boundary=94371840B -- Method A window=[11796480,268435456] bytes
############################################################
-- [L94371840 A coarse] stride=8B pattern=random offset=0B --
  wrote 28002 lines -> data_raw/artemisia/line_size/level_94371840/family_8_random_20260912T213325Z.csv
Wrote 28 summary rows to data_processed/artemisia/line_size/level_94371840/family_8_random_summary.csv
-- [L94371840 A coarse] stride=8B pattern=sequential offset=0B --
  wrote 28002 lines -> data_raw/artemisia/line_size/level_94371840/family_8_sequential_20260912T213325Z.csv
Wrote 28 summary rows to data_processed/artemisia/line_size/level_94371840/family_8_sequential_summary.csv
-- [L94371840 A coarse] stride=16B pattern=random offset=0B --
  wrote 28002 lines -> data_raw/artemisia/line_size/level_94371840/family_16_random_20260912T213325Z.csv
Wrote 28 summary rows to data_processed/artemisia/line_size/level_94371840/family_16_random_summary.csv
-- [L94371840 A coarse] stride=16B pattern=sequential offset=0B --
  wrote 28002 lines -> data_raw/artemisia/line_size/level_94371840/family_16_sequential_20260912T213325Z.csv
Wrote 28 summary rows to data_processed/artemisia/line_size/level_94371840/family_16_sequential_summary.csv
-- [L94371840 A coarse] stride=32B pattern=random offset=0B --
  wrote 28002 lines -> data_raw/artemisia/line_size/level_94371840/family_32_random_20260912T213325Z.csv
Wrote 28 summary rows to data_processed/artemisia/line_size/level_94371840/family_32_random_summary.csv
-- [L94371840 A coarse] stride=32B pattern=sequential offset=0B --
  wrote 28002 lines -> data_raw/artemisia/line_size/level_94371840/family_32_sequential_20260912T213325Z.csv
Wrote 28 summary rows to data_processed/artemisia/line_size/level_94371840/family_32_sequential_summary.csv
-- [L94371840 A coarse] stride=64B pattern=random offset=0B --
  wrote 28002 lines -> data_raw/artemisia/line_size/level_94371840/family_64_random_20260912T213325Z.csv
Wrote 28 summary rows to data_processed/artemisia/line_size/level_94371840/family_64_random_summary.csv
-- [L94371840 A coarse] stride=64B pattern=sequential offset=0B --
  wrote 28002 lines -> data_raw/artemisia/line_size/level_94371840/family_64_sequential_20260912T213325Z.csv
Wrote 28 summary rows to data_processed/artemisia/line_size/level_94371840/family_64_sequential_summary.csv
-- [L94371840 A coarse] stride=128B pattern=random offset=0B --
  wrote 28002 lines -> data_raw/artemisia/line_size/level_94371840/family_128_random_20260912T213325Z.csv
Wrote 28 summary rows to data_processed/artemisia/line_size/level_94371840/family_128_random_summary.csv
-- [L94371840 A coarse] stride=128B pattern=sequential offset=0B --
  wrote 28002 lines -> data_raw/artemisia/line_size/level_94371840/family_128_sequential_20260912T213325Z.csv
Wrote 28 summary rows to data_processed/artemisia/line_size/level_94371840/family_128_sequential_summary.csv
-- [L94371840 A coarse] stride=256B pattern=random offset=0B --
  wrote 28002 lines -> data_raw/artemisia/line_size/level_94371840/family_256_random_20260912T213325Z.csv
Wrote 28 summary rows to data_processed/artemisia/line_size/level_94371840/family_256_random_summary.csv
-- [L94371840 A coarse] stride=256B pattern=sequential offset=0B --
  wrote 28002 lines -> data_raw/artemisia/line_size/level_94371840/family_256_sequential_20260912T213325Z.csv
Wrote 28 summary rows to data_processed/artemisia/line_size/level_94371840/family_256_sequential_summary.csv
-- [L94371840 A steps 1-3] generating coarse family-of-curves plots --
/home/krchen/Proj1-Cache-Reverse-Engineering/scripts/plot_line_size_family.py:163: MatplotlibDeprecationWarning: The get_cmap function was deprecated in Matplotlib 3.7 and will be removed in 3.11. Use ``matplotlib.colormaps[name]`` or ``matplotlib.colormaps.get_cmap()`` or ``pyplot.get_cmap()`` instead.
  cmap = cm.get_cmap("viridis", max(len(strides), 2))
Wrote data_processed/artemisia/line_size/level_94371840/plots/line_size_family_curve.pdf and .png
-- per-stride elbow (bytes): {8B: 94371840, 16B: 118901056, 32B: 94371840, 64B: 118901056, 128B: 118900992, 256B: 133461760}
-- line-size estimate: smallest candidate stride whose elbow agrees with largest tested stride (~133461760 bytes) is 16B -- see infer_line_size's docstring caveat on the fixed grid resolution before citing this as a clean line-size number on its own
/home/krchen/Proj1-Cache-Reverse-Engineering/scripts/plot_line_size_family.py:277: MatplotlibDeprecationWarning: The get_cmap function was deprecated in Matplotlib 3.7 and will be removed in 3.11. Use ``matplotlib.colormaps[name]`` or ``matplotlib.colormaps.get_cmap()`` or ``pyplot.get_cmap()`` instead.
  cmap = cm.get_cmap("viridis", max(len(strides), 2))
Wrote data_processed/artemisia/line_size/level_94371840/plots/line_size_family_boxplots.pdf and .png
   (the per-stride elbow / line-size-estimate lines just above are
   plot_line_size_family.py's own diagnostic guess from ONE un-repeated coarse
   sweep -- NOT auto-applied below; see data_processed/artemisia/line_size/level_94371840/plots/line_size_family_curve.png
   and decide the step-4 candidate yourself)
== [L94371840 A] no candidate given for this level -- inspect
   data_processed/artemisia/line_size/level_94371840/plots/line_size_family_curve.png yourself and re-run with an
   explicit candidate stride in candidate_overrides_csv for this level (no
   auto-detection: it proved unreliable across runs/cores, see the script's
   header comment). Skipping Method-A step 4.

-- [L94371840 B] single-curve method, footprint_bytes=188743680 (2.0x boundary) --
-- [L94371840 B coarse] stride 8-1024 bytes (step 8) --
  wrote 128002 lines -> data_raw/artemisia/line_size/level_94371840/singlecurve_coarse_random_20260912T213325Z.csv
  wrote 128002 lines -> data_raw/artemisia/line_size/level_94371840/singlecurve_coarse_sequential_20260912T213325Z.csv
Wrote 128 summary rows to data_processed/artemisia/line_size/level_94371840/singlecurve_coarse_random_summary.csv
Wrote 128 summary rows to data_processed/artemisia/line_size/level_94371840/singlecurve_coarse_sequential_summary.csv
-- [L94371840 B] detected line-size estimate (bytes): none --
-- [L94371840 B] no transition detected in the coarse sweep; skipping dense/repeat stages --
-- [L94371840 B] generating single-curve plots --
  note: flagged 19 isolated spike stride(s) as probable page-aliasing artifacts: [256, 272, 280, 296, 312, 320, 384, 408, 416, 432, 440, 464, 472, 512, 632, 672, 768, 880, 1024]
Wrote data_processed/artemisia/line_size/level_94371840/plots/line_size_curve.pdf and .png
Wrote data_processed/artemisia/line_size/level_94371840/plots/line_size_boxplots.pdf and .png

############################################################
## step 5: cross-level, cross-method agreement summary
############################################################
   level boundary=49152B -> method A (family of curves) = noneB, method B (single curve) = 64B
   level boundary=2097152B -> method A (family of curves) = noneB, method B (single curve) = noneB
   level boundary=94371840B -> method A (family of curves) = noneB, method B (single curve) = noneB
== every level/method that produced an estimate AGREES on 64B -- strong Phase-I evidence ==
== done: all levels, both methods, complete ==
== this is a FROZEN PHASE-I TIMING-ONLY result -- compare against PMU counters
   and the documented/system-reported line size in Phase II before treating it as
   confirmed (see README.md's Phase I/II/III discipline).
== plots per level: data_processed/artemisia/line_size/level_<boundary>/plots/line_size_family_{curve,boxplots}.{png,pdf} (A, steps 1-3),
          .../line_size_offset_{elbow,boxplots}.{png,pdf} (A, step 4), .../line_size_{curve,boxplots}.{png,pdf} (B) ==
== record in data_raw/artemisia/README.md: boundaries=49152,2097152,94371840, core=20,
   seed=12345, samples=1000000, coarse_strides=8,16,32,64,128,256, per-level/per-method estimates as above,
   timestamp=20260912T213325Z ==
== full transcript saved to: data_raw/artemisia/line_size/run_line_size_20260912T213325Z.log ==
