== run_line_size: machine=artemisia core=0 seed=12345 ==
== timestamp=20260913T143931Z boundaries=49152,2097152,31457280 coarse_strides=8,16,32,64,128,256 ==

############################################################
## LEVEL boundary=49152B -- Method A window=[6144,196608] bytes
############################################################
-- [L49152 A coarse] stride=8B pattern=random offset=0B --
  wrote 31002 lines -> data_raw/artemisia/line_size/level_49152/family_8_random_20260913T143931Z.csv
Wrote 31 summary rows to data_processed/artemisia/line_size/level_49152/family_8_random_summary.csv
-- [L49152 A coarse] stride=8B pattern=sequential offset=0B --
  wrote 31002 lines -> data_raw/artemisia/line_size/level_49152/family_8_sequential_20260913T143931Z.csv
Wrote 31 summary rows to data_processed/artemisia/line_size/level_49152/family_8_sequential_summary.csv
-- [L49152 A coarse] stride=16B pattern=random offset=0B --
  wrote 31002 lines -> data_raw/artemisia/line_size/level_49152/family_16_random_20260913T143931Z.csv
Wrote 31 summary rows to data_processed/artemisia/line_size/level_49152/family_16_random_summary.csv
-- [L49152 A coarse] stride=16B pattern=sequential offset=0B --
  wrote 31002 lines -> data_raw/artemisia/line_size/level_49152/family_16_sequential_20260913T143931Z.csv
Wrote 31 summary rows to data_processed/artemisia/line_size/level_49152/family_16_sequential_summary.csv
-- [L49152 A coarse] stride=32B pattern=random offset=0B --
  wrote 31002 lines -> data_raw/artemisia/line_size/level_49152/family_32_random_20260913T143931Z.csv
Wrote 31 summary rows to data_processed/artemisia/line_size/level_49152/family_32_random_summary.csv
-- [L49152 A coarse] stride=32B pattern=sequential offset=0B --
  wrote 31002 lines -> data_raw/artemisia/line_size/level_49152/family_32_sequential_20260913T143931Z.csv
Wrote 31 summary rows to data_processed/artemisia/line_size/level_49152/family_32_sequential_summary.csv
-- [L49152 A coarse] stride=64B pattern=random offset=0B --
  wrote 31002 lines -> data_raw/artemisia/line_size/level_49152/family_64_random_20260913T143931Z.csv
Wrote 31 summary rows to data_processed/artemisia/line_size/level_49152/family_64_random_summary.csv
-- [L49152 A coarse] stride=64B pattern=sequential offset=0B --
  wrote 31002 lines -> data_raw/artemisia/line_size/level_49152/family_64_sequential_20260913T143931Z.csv
Wrote 31 summary rows to data_processed/artemisia/line_size/level_49152/family_64_sequential_summary.csv
-- [L49152 A coarse] stride=128B pattern=random offset=0B --
  wrote 31002 lines -> data_raw/artemisia/line_size/level_49152/family_128_random_20260913T143931Z.csv
Wrote 31 summary rows to data_processed/artemisia/line_size/level_49152/family_128_random_summary.csv
-- [L49152 A coarse] stride=128B pattern=sequential offset=0B --
  wrote 31002 lines -> data_raw/artemisia/line_size/level_49152/family_128_sequential_20260913T143931Z.csv
Wrote 31 summary rows to data_processed/artemisia/line_size/level_49152/family_128_sequential_summary.csv
-- [L49152 A coarse] stride=256B pattern=random offset=0B --
  wrote 31002 lines -> data_raw/artemisia/line_size/level_49152/family_256_random_20260913T143931Z.csv
Wrote 31 summary rows to data_processed/artemisia/line_size/level_49152/family_256_random_summary.csv
-- [L49152 A coarse] stride=256B pattern=sequential offset=0B --
  wrote 31002 lines -> data_raw/artemisia/line_size/level_49152/family_256_sequential_20260913T143931Z.csv
Wrote 31 summary rows to data_processed/artemisia/line_size/level_49152/family_256_sequential_summary.csv
-- [L49152 A steps 1-3] generating coarse family-of-curves plots --
/home/krchen/Proj1-Cache-Reverse-Engineering/scripts/plot_line_size_family.py:163: MatplotlibDeprecationWarning: The get_cmap function was deprecated in Matplotlib 3.7 and will be removed in 3.11. Use ``matplotlib.colormaps[name]`` or ``matplotlib.colormaps.get_cmap()`` or ``pyplot.get_cmap()`` instead.
  cmap = cm.get_cmap("viridis", max(len(strides), 2))
Wrote data_processed/artemisia/line_size/level_49152/plots/line_size_family_curve.pdf and .png
-- per-stride elbow (bytes): {8B: 110336, 16B: 110336, 32B: 87552, 64B: 55168, 128B: 55168, 256B: 55040}
-- line-size estimate: smallest candidate stride whose elbow agrees with largest tested stride (~55040 bytes) is 64B -- see infer_line_size's docstring caveat on the fixed grid resolution before citing this as a clean line-size number on its own
/home/krchen/Proj1-Cache-Reverse-Engineering/scripts/plot_line_size_family.py:277: MatplotlibDeprecationWarning: The get_cmap function was deprecated in Matplotlib 3.7 and will be removed in 3.11. Use ``matplotlib.colormaps[name]`` or ``matplotlib.colormaps.get_cmap()`` or ``pyplot.get_cmap()`` instead.
  cmap = cm.get_cmap("viridis", max(len(strides), 2))
Wrote data_processed/artemisia/line_size/level_49152/plots/line_size_family_boxplots.pdf and .png
   (the per-stride elbow / line-size-estimate lines just above are
   plot_line_size_family.py's own diagnostic guess from ONE un-repeated coarse
   sweep -- NOT auto-applied below; see data_processed/artemisia/line_size/level_49152/plots/line_size_family_curve.png
   and decide the step-4 candidate yourself)
== [L49152 A step 4] candidate=64B (manual, from line_size_family_curve.png) ==
== [L49152 A step 4] bracket=40,48,56,64,72,80,88B (8B granularity) offsets=0,8,16,24,32,40,48,56B pattern=random ==
-- [L49152 A refine] stride=40B offset=0B pattern=random --
  wrote 31002 lines -> data_raw/artemisia/line_size/level_49152/refine_40_off0_20260913T143931Z.csv
Wrote 31 summary rows to data_processed/artemisia/line_size/level_49152/refine_40_off0_summary.csv
-- [L49152 A refine] stride=48B offset=0B pattern=random --
  wrote 31002 lines -> data_raw/artemisia/line_size/level_49152/refine_48_off0_20260913T143931Z.csv
Wrote 31 summary rows to data_processed/artemisia/line_size/level_49152/refine_48_off0_summary.csv
-- [L49152 A refine] stride=56B offset=0B pattern=random --
  wrote 31002 lines -> data_raw/artemisia/line_size/level_49152/refine_56_off0_20260913T143931Z.csv
Wrote 31 summary rows to data_processed/artemisia/line_size/level_49152/refine_56_off0_summary.csv
-- [L49152 A refine] stride=64B offset=0B pattern=random --
  wrote 31002 lines -> data_raw/artemisia/line_size/level_49152/refine_64_off0_20260913T143931Z.csv
Wrote 31 summary rows to data_processed/artemisia/line_size/level_49152/refine_64_off0_summary.csv
-- [L49152 A refine] stride=72B offset=0B pattern=random --
  wrote 31002 lines -> data_raw/artemisia/line_size/level_49152/refine_72_off0_20260913T143931Z.csv
Wrote 31 summary rows to data_processed/artemisia/line_size/level_49152/refine_72_off0_summary.csv
-- [L49152 A refine] stride=80B offset=0B pattern=random --
  wrote 31002 lines -> data_raw/artemisia/line_size/level_49152/refine_80_off0_20260913T143931Z.csv
Wrote 31 summary rows to data_processed/artemisia/line_size/level_49152/refine_80_off0_summary.csv
-- [L49152 A refine] stride=88B offset=0B pattern=random --
  wrote 31002 lines -> data_raw/artemisia/line_size/level_49152/refine_88_off0_20260913T143931Z.csv
Wrote 31 summary rows to data_processed/artemisia/line_size/level_49152/refine_88_off0_summary.csv
-- [L49152 A refine] stride=40B offset=8B pattern=random --
  wrote 31002 lines -> data_raw/artemisia/line_size/level_49152/refine_40_off8_20260913T143931Z.csv
Wrote 31 summary rows to data_processed/artemisia/line_size/level_49152/refine_40_off8_summary.csv
-- [L49152 A refine] stride=48B offset=8B pattern=random --
  wrote 31002 lines -> data_raw/artemisia/line_size/level_49152/refine_48_off8_20260913T143931Z.csv
Wrote 31 summary rows to data_processed/artemisia/line_size/level_49152/refine_48_off8_summary.csv
-- [L49152 A refine] stride=56B offset=8B pattern=random --
  wrote 31002 lines -> data_raw/artemisia/line_size/level_49152/refine_56_off8_20260913T143931Z.csv
Wrote 31 summary rows to data_processed/artemisia/line_size/level_49152/refine_56_off8_summary.csv
-- [L49152 A refine] stride=64B offset=8B pattern=random --
  wrote 31002 lines -> data_raw/artemisia/line_size/level_49152/refine_64_off8_20260913T143931Z.csv
Wrote 31 summary rows to data_processed/artemisia/line_size/level_49152/refine_64_off8_summary.csv
-- [L49152 A refine] stride=72B offset=8B pattern=random --
  wrote 31002 lines -> data_raw/artemisia/line_size/level_49152/refine_72_off8_20260913T143931Z.csv
Wrote 31 summary rows to data_processed/artemisia/line_size/level_49152/refine_72_off8_summary.csv
-- [L49152 A refine] stride=80B offset=8B pattern=random --
  wrote 31002 lines -> data_raw/artemisia/line_size/level_49152/refine_80_off8_20260913T143931Z.csv
Wrote 31 summary rows to data_processed/artemisia/line_size/level_49152/refine_80_off8_summary.csv
-- [L49152 A refine] stride=88B offset=8B pattern=random --
  wrote 31002 lines -> data_raw/artemisia/line_size/level_49152/refine_88_off8_20260913T143931Z.csv
Wrote 31 summary rows to data_processed/artemisia/line_size/level_49152/refine_88_off8_summary.csv
-- [L49152 A refine] stride=40B offset=16B pattern=random --
  wrote 31002 lines -> data_raw/artemisia/line_size/level_49152/refine_40_off16_20260913T143931Z.csv
Wrote 31 summary rows to data_processed/artemisia/line_size/level_49152/refine_40_off16_summary.csv
-- [L49152 A refine] stride=48B offset=16B pattern=random --
  wrote 31002 lines -> data_raw/artemisia/line_size/level_49152/refine_48_off16_20260913T143931Z.csv
Wrote 31 summary rows to data_processed/artemisia/line_size/level_49152/refine_48_off16_summary.csv
-- [L49152 A refine] stride=56B offset=16B pattern=random --
  wrote 31002 lines -> data_raw/artemisia/line_size/level_49152/refine_56_off16_20260913T143931Z.csv
Wrote 31 summary rows to data_processed/artemisia/line_size/level_49152/refine_56_off16_summary.csv
-- [L49152 A refine] stride=64B offset=16B pattern=random --
  wrote 31002 lines -> data_raw/artemisia/line_size/level_49152/refine_64_off16_20260913T143931Z.csv
Wrote 31 summary rows to data_processed/artemisia/line_size/level_49152/refine_64_off16_summary.csv
-- [L49152 A refine] stride=72B offset=16B pattern=random --
  wrote 31002 lines -> data_raw/artemisia/line_size/level_49152/refine_72_off16_20260913T143931Z.csv
Wrote 31 summary rows to data_processed/artemisia/line_size/level_49152/refine_72_off16_summary.csv
-- [L49152 A refine] stride=80B offset=16B pattern=random --
  wrote 31002 lines -> data_raw/artemisia/line_size/level_49152/refine_80_off16_20260913T143931Z.csv
Wrote 31 summary rows to data_processed/artemisia/line_size/level_49152/refine_80_off16_summary.csv
-- [L49152 A refine] stride=88B offset=16B pattern=random --
  wrote 31002 lines -> data_raw/artemisia/line_size/level_49152/refine_88_off16_20260913T143931Z.csv
Wrote 31 summary rows to data_processed/artemisia/line_size/level_49152/refine_88_off16_summary.csv
-- [L49152 A refine] stride=40B offset=24B pattern=random --
  wrote 31002 lines -> data_raw/artemisia/line_size/level_49152/refine_40_off24_20260913T143931Z.csv
Wrote 31 summary rows to data_processed/artemisia/line_size/level_49152/refine_40_off24_summary.csv
-- [L49152 A refine] stride=48B offset=24B pattern=random --
  wrote 31002 lines -> data_raw/artemisia/line_size/level_49152/refine_48_off24_20260913T143931Z.csv
Wrote 31 summary rows to data_processed/artemisia/line_size/level_49152/refine_48_off24_summary.csv
-- [L49152 A refine] stride=56B offset=24B pattern=random --
  wrote 31002 lines -> data_raw/artemisia/line_size/level_49152/refine_56_off24_20260913T143931Z.csv
Wrote 31 summary rows to data_processed/artemisia/line_size/level_49152/refine_56_off24_summary.csv
-- [L49152 A refine] stride=64B offset=24B pattern=random --
  wrote 31002 lines -> data_raw/artemisia/line_size/level_49152/refine_64_off24_20260913T143931Z.csv
Wrote 31 summary rows to data_processed/artemisia/line_size/level_49152/refine_64_off24_summary.csv
-- [L49152 A refine] stride=72B offset=24B pattern=random --
  wrote 31002 lines -> data_raw/artemisia/line_size/level_49152/refine_72_off24_20260913T143931Z.csv
Wrote 31 summary rows to data_processed/artemisia/line_size/level_49152/refine_72_off24_summary.csv
-- [L49152 A refine] stride=80B offset=24B pattern=random --
  wrote 31002 lines -> data_raw/artemisia/line_size/level_49152/refine_80_off24_20260913T143931Z.csv
Wrote 31 summary rows to data_processed/artemisia/line_size/level_49152/refine_80_off24_summary.csv
-- [L49152 A refine] stride=88B offset=24B pattern=random --
  wrote 31002 lines -> data_raw/artemisia/line_size/level_49152/refine_88_off24_20260913T143931Z.csv
Wrote 31 summary rows to data_processed/artemisia/line_size/level_49152/refine_88_off24_summary.csv
-- [L49152 A refine] stride=40B offset=32B pattern=random --
  wrote 31002 lines -> data_raw/artemisia/line_size/level_49152/refine_40_off32_20260913T143931Z.csv
Wrote 31 summary rows to data_processed/artemisia/line_size/level_49152/refine_40_off32_summary.csv
-- [L49152 A refine] stride=48B offset=32B pattern=random --
  wrote 31002 lines -> data_raw/artemisia/line_size/level_49152/refine_48_off32_20260913T143931Z.csv
Wrote 31 summary rows to data_processed/artemisia/line_size/level_49152/refine_48_off32_summary.csv
-- [L49152 A refine] stride=56B offset=32B pattern=random --
  wrote 31002 lines -> data_raw/artemisia/line_size/level_49152/refine_56_off32_20260913T143931Z.csv
Wrote 31 summary rows to data_processed/artemisia/line_size/level_49152/refine_56_off32_summary.csv
-- [L49152 A refine] stride=64B offset=32B pattern=random --
  wrote 31002 lines -> data_raw/artemisia/line_size/level_49152/refine_64_off32_20260913T143931Z.csv
Wrote 31 summary rows to data_processed/artemisia/line_size/level_49152/refine_64_off32_summary.csv
-- [L49152 A refine] stride=72B offset=32B pattern=random --
  wrote 31002 lines -> data_raw/artemisia/line_size/level_49152/refine_72_off32_20260913T143931Z.csv
Wrote 31 summary rows to data_processed/artemisia/line_size/level_49152/refine_72_off32_summary.csv
-- [L49152 A refine] stride=80B offset=32B pattern=random --
  wrote 31002 lines -> data_raw/artemisia/line_size/level_49152/refine_80_off32_20260913T143931Z.csv
Wrote 31 summary rows to data_processed/artemisia/line_size/level_49152/refine_80_off32_summary.csv
-- [L49152 A refine] stride=88B offset=32B pattern=random --
  wrote 31002 lines -> data_raw/artemisia/line_size/level_49152/refine_88_off32_20260913T143931Z.csv
Wrote 31 summary rows to data_processed/artemisia/line_size/level_49152/refine_88_off32_summary.csv
-- [L49152 A refine] stride=40B offset=40B pattern=random --
  wrote 31002 lines -> data_raw/artemisia/line_size/level_49152/refine_40_off40_20260913T143931Z.csv
Wrote 31 summary rows to data_processed/artemisia/line_size/level_49152/refine_40_off40_summary.csv
-- [L49152 A refine] stride=48B offset=40B pattern=random --
  wrote 31002 lines -> data_raw/artemisia/line_size/level_49152/refine_48_off40_20260913T143931Z.csv
Wrote 31 summary rows to data_processed/artemisia/line_size/level_49152/refine_48_off40_summary.csv
-- [L49152 A refine] stride=56B offset=40B pattern=random --
  wrote 31002 lines -> data_raw/artemisia/line_size/level_49152/refine_56_off40_20260913T143931Z.csv
Wrote 31 summary rows to data_processed/artemisia/line_size/level_49152/refine_56_off40_summary.csv
-- [L49152 A refine] stride=64B offset=40B pattern=random --
  wrote 31002 lines -> data_raw/artemisia/line_size/level_49152/refine_64_off40_20260913T143931Z.csv
Wrote 31 summary rows to data_processed/artemisia/line_size/level_49152/refine_64_off40_summary.csv
-- [L49152 A refine] stride=72B offset=40B pattern=random --
  wrote 31002 lines -> data_raw/artemisia/line_size/level_49152/refine_72_off40_20260913T143931Z.csv
Wrote 31 summary rows to data_processed/artemisia/line_size/level_49152/refine_72_off40_summary.csv
-- [L49152 A refine] stride=80B offset=40B pattern=random --
  wrote 31002 lines -> data_raw/artemisia/line_size/level_49152/refine_80_off40_20260913T143931Z.csv
Wrote 31 summary rows to data_processed/artemisia/line_size/level_49152/refine_80_off40_summary.csv
-- [L49152 A refine] stride=88B offset=40B pattern=random --
  wrote 31002 lines -> data_raw/artemisia/line_size/level_49152/refine_88_off40_20260913T143931Z.csv
Wrote 31 summary rows to data_processed/artemisia/line_size/level_49152/refine_88_off40_summary.csv
-- [L49152 A refine] stride=40B offset=48B pattern=random --
  wrote 31002 lines -> data_raw/artemisia/line_size/level_49152/refine_40_off48_20260913T143931Z.csv
Wrote 31 summary rows to data_processed/artemisia/line_size/level_49152/refine_40_off48_summary.csv
-- [L49152 A refine] stride=48B offset=48B pattern=random --
  wrote 31002 lines -> data_raw/artemisia/line_size/level_49152/refine_48_off48_20260913T143931Z.csv
Wrote 31 summary rows to data_processed/artemisia/line_size/level_49152/refine_48_off48_summary.csv
-- [L49152 A refine] stride=56B offset=48B pattern=random --
  wrote 31002 lines -> data_raw/artemisia/line_size/level_49152/refine_56_off48_20260913T143931Z.csv
Wrote 31 summary rows to data_processed/artemisia/line_size/level_49152/refine_56_off48_summary.csv
-- [L49152 A refine] stride=64B offset=48B pattern=random --
  wrote 31002 lines -> data_raw/artemisia/line_size/level_49152/refine_64_off48_20260913T143931Z.csv
Wrote 31 summary rows to data_processed/artemisia/line_size/level_49152/refine_64_off48_summary.csv
-- [L49152 A refine] stride=72B offset=48B pattern=random --
  wrote 31002 lines -> data_raw/artemisia/line_size/level_49152/refine_72_off48_20260913T143931Z.csv
Wrote 31 summary rows to data_processed/artemisia/line_size/level_49152/refine_72_off48_summary.csv
-- [L49152 A refine] stride=80B offset=48B pattern=random --
  wrote 31002 lines -> data_raw/artemisia/line_size/level_49152/refine_80_off48_20260913T143931Z.csv
Wrote 31 summary rows to data_processed/artemisia/line_size/level_49152/refine_80_off48_summary.csv
-- [L49152 A refine] stride=88B offset=48B pattern=random --
  wrote 31002 lines -> data_raw/artemisia/line_size/level_49152/refine_88_off48_20260913T143931Z.csv
Wrote 31 summary rows to data_processed/artemisia/line_size/level_49152/refine_88_off48_summary.csv
-- [L49152 A refine] stride=40B offset=56B pattern=random --
  wrote 31002 lines -> data_raw/artemisia/line_size/level_49152/refine_40_off56_20260913T143931Z.csv
Wrote 31 summary rows to data_processed/artemisia/line_size/level_49152/refine_40_off56_summary.csv
-- [L49152 A refine] stride=48B offset=56B pattern=random --
  wrote 31002 lines -> data_raw/artemisia/line_size/level_49152/refine_48_off56_20260913T143931Z.csv
Wrote 31 summary rows to data_processed/artemisia/line_size/level_49152/refine_48_off56_summary.csv
-- [L49152 A refine] stride=56B offset=56B pattern=random --
  wrote 31002 lines -> data_raw/artemisia/line_size/level_49152/refine_56_off56_20260913T143931Z.csv
Wrote 31 summary rows to data_processed/artemisia/line_size/level_49152/refine_56_off56_summary.csv
-- [L49152 A refine] stride=64B offset=56B pattern=random --
  wrote 31002 lines -> data_raw/artemisia/line_size/level_49152/refine_64_off56_20260913T143931Z.csv
Wrote 31 summary rows to data_processed/artemisia/line_size/level_49152/refine_64_off56_summary.csv
-- [L49152 A refine] stride=72B offset=56B pattern=random --
  wrote 31002 lines -> data_raw/artemisia/line_size/level_49152/refine_72_off56_20260913T143931Z.csv
Wrote 31 summary rows to data_processed/artemisia/line_size/level_49152/refine_72_off56_summary.csv
-- [L49152 A refine] stride=80B offset=56B pattern=random --
  wrote 31002 lines -> data_raw/artemisia/line_size/level_49152/refine_80_off56_20260913T143931Z.csv
Wrote 31 summary rows to data_processed/artemisia/line_size/level_49152/refine_80_off56_summary.csv
-- [L49152 A refine] stride=88B offset=56B pattern=random --
  wrote 31002 lines -> data_raw/artemisia/line_size/level_49152/refine_88_off56_20260913T143931Z.csv
Wrote 31 summary rows to data_processed/artemisia/line_size/level_49152/refine_88_off56_summary.csv
-- [L49152 A step 4] generating cross-alignment confirmation plots --
/home/krchen/Proj1-Cache-Reverse-Engineering/scripts/plot_line_size_offset.py:77: MatplotlibDeprecationWarning: The get_cmap function was deprecated in Matplotlib 3.7 and will be removed in 3.11. Use ``matplotlib.colormaps[name]`` or ``matplotlib.colormaps.get_cmap()`` or ``pyplot.get_cmap()`` instead.
  cmap = cm.get_cmap("plasma", max(len(offsets), 2))
Wrote data_processed/artemisia/line_size/level_49152/plots/line_size_offset_elbow.pdf and .png
/home/krchen/Proj1-Cache-Reverse-Engineering/scripts/plot_line_size_offset.py:143: MatplotlibDeprecationWarning: The get_cmap function was deprecated in Matplotlib 3.7 and will be removed in 3.11. Use ``matplotlib.colormaps[name]`` or ``matplotlib.colormaps.get_cmap()`` or ``pyplot.get_cmap()`` instead.
  cmap = cm.get_cmap("plasma", max(len(offsets), 2))
Wrote data_processed/artemisia/line_size/level_49152/plots/line_size_offset_boxplots.pdf and .png
-- elbow footprint by (offset, stride):
   offset=0B: {40: 87560, 48: 78000, 56: 69496, 64: 55168, 72: 61920, 80: 69440, 88: 77968}
   offset=8B: {40: 87560, 48: 78000, 56: 69496, 64: 55168, 72: 61920, 80: 69440, 88: 77968}
   offset=16B: {40: 87560, 48: 78000, 56: 69496, 64: 55168, 72: 61920, 80: 69440, 88: 77968}
   offset=24B: {40: 87560, 48: 78000, 56: 61880, 64: 55168, 72: 61920, 80: 69440, 88: 77968}
   offset=32B: {40: 87560, 48: 78000, 56: 69496, 64: 55168, 72: 61920, 80: 69440, 88: 77968}
   offset=40B: {40: 87560, 48: 78000, 56: 69496, 64: 55168, 72: 61920, 80: 69440, 88: 77968}
   offset=48B: {40: 87560, 48: 78000, 56: 69496, 64: 55168, 72: 61920, 80: 69440, 88: 77968}
   offset=56B: {40: 87560, 48: 78000, 56: 61880, 64: 55168, 72: 61920, 80: 69440, 88: 77968}
-- candidate stride 64B: elbow stable across the 8/8 offsets with a detectable elbow (55168-55168 bytes, 1.00x spread) -- consistent with a genuine, alignment-independent transition, but see the gap warning above before treating this as full 8/8 agreement

-- [L49152 B] single-curve method, footprint_bytes=98304 (2.0x boundary) --
-- [L49152 B coarse] stride 8-1024 bytes (step 8) --
  wrote 128002 lines -> data_raw/artemisia/line_size/level_49152/singlecurve_coarse_random_20260913T143931Z.csv
  wrote 128002 lines -> data_raw/artemisia/line_size/level_49152/singlecurve_coarse_sequential_20260913T143931Z.csv
Wrote 128 summary rows to data_processed/artemisia/line_size/level_49152/singlecurve_coarse_random_summary.csv
Wrote 128 summary rows to data_processed/artemisia/line_size/level_49152/singlecurve_coarse_sequential_summary.csv
-- [L49152 B] detected line-size estimate (bytes): 64 --
-- [L49152 B] dense sweep around estimate 64 bytes: 32-129 (step 1) --
  wrote 98002 lines -> data_raw/artemisia/line_size/level_49152/singlecurve_dense_random_20260913T143931Z.csv
  wrote 98002 lines -> data_raw/artemisia/line_size/level_49152/singlecurve_dense_sequential_20260913T143931Z.csv
Wrote 98 summary rows to data_processed/artemisia/line_size/level_49152/singlecurve_dense_random_summary.csv
Wrote 98 summary rows to data_processed/artemisia/line_size/level_49152/singlecurve_dense_sequential_summary.csv
  -- [L49152 B] repeat 1/2 of the dense window --
  wrote 98002 lines -> data_raw/artemisia/line_size/level_49152/singlecurve_dense_rep1_random_20260913T143931Z.csv
  wrote 98002 lines -> data_raw/artemisia/line_size/level_49152/singlecurve_dense_rep1_sequential_20260913T143931Z.csv
Wrote 98 summary rows to data_processed/artemisia/line_size/level_49152/singlecurve_dense_rep1_random_summary.csv
Wrote 98 summary rows to data_processed/artemisia/line_size/level_49152/singlecurve_dense_rep1_sequential_summary.csv
  -- [L49152 B] repeat 2/2 of the dense window --
  wrote 98002 lines -> data_raw/artemisia/line_size/level_49152/singlecurve_dense_rep2_random_20260913T143931Z.csv
  wrote 98002 lines -> data_raw/artemisia/line_size/level_49152/singlecurve_dense_rep2_sequential_20260913T143931Z.csv
Wrote 98 summary rows to data_processed/artemisia/line_size/level_49152/singlecurve_dense_rep2_random_summary.csv
Wrote 98 summary rows to data_processed/artemisia/line_size/level_49152/singlecurve_dense_rep2_sequential_summary.csv
-- [L49152 B] generating single-curve plots --
  note: flagged 19 isolated spike stride(s) as probable page-aliasing artifacts: [128, 152, 256, 280, 296, 312, 336, 512, 616, 696, 720, 744, 768, 840, 864, 944, 968, 1000, 1024]
Wrote data_processed/artemisia/line_size/level_49152/plots/line_size_curve.pdf and .png
Wrote data_processed/artemisia/line_size/level_49152/plots/line_size_boxplots.pdf and .png

############################################################
## LEVEL boundary=2097152B -- Method A window=[262144,8388608] bytes
############################################################
-- [L2097152 A coarse] stride=8B pattern=random offset=0B --
  wrote 31002 lines -> data_raw/artemisia/line_size/level_2097152/family_8_random_20260913T143931Z.csv
Wrote 31 summary rows to data_processed/artemisia/line_size/level_2097152/family_8_random_summary.csv
-- [L2097152 A coarse] stride=8B pattern=sequential offset=0B --
  wrote 31002 lines -> data_raw/artemisia/line_size/level_2097152/family_8_sequential_20260913T143931Z.csv
Wrote 31 summary rows to data_processed/artemisia/line_size/level_2097152/family_8_sequential_summary.csv
-- [L2097152 A coarse] stride=16B pattern=random offset=0B --
  wrote 31002 lines -> data_raw/artemisia/line_size/level_2097152/family_16_random_20260913T143931Z.csv
Wrote 31 summary rows to data_processed/artemisia/line_size/level_2097152/family_16_random_summary.csv
-- [L2097152 A coarse] stride=16B pattern=sequential offset=0B --
  wrote 31002 lines -> data_raw/artemisia/line_size/level_2097152/family_16_sequential_20260913T143931Z.csv
Wrote 31 summary rows to data_processed/artemisia/line_size/level_2097152/family_16_sequential_summary.csv
-- [L2097152 A coarse] stride=32B pattern=random offset=0B --
  wrote 31002 lines -> data_raw/artemisia/line_size/level_2097152/family_32_random_20260913T143931Z.csv
Wrote 31 summary rows to data_processed/artemisia/line_size/level_2097152/family_32_random_summary.csv
-- [L2097152 A coarse] stride=32B pattern=sequential offset=0B --
  wrote 31002 lines -> data_raw/artemisia/line_size/level_2097152/family_32_sequential_20260913T143931Z.csv
Wrote 31 summary rows to data_processed/artemisia/line_size/level_2097152/family_32_sequential_summary.csv
-- [L2097152 A coarse] stride=64B pattern=random offset=0B --
  wrote 31002 lines -> data_raw/artemisia/line_size/level_2097152/family_64_random_20260913T143931Z.csv
Wrote 31 summary rows to data_processed/artemisia/line_size/level_2097152/family_64_random_summary.csv
-- [L2097152 A coarse] stride=64B pattern=sequential offset=0B --
  wrote 31002 lines -> data_raw/artemisia/line_size/level_2097152/family_64_sequential_20260913T143931Z.csv
Wrote 31 summary rows to data_processed/artemisia/line_size/level_2097152/family_64_sequential_summary.csv
-- [L2097152 A coarse] stride=128B pattern=random offset=0B --
  wrote 31002 lines -> data_raw/artemisia/line_size/level_2097152/family_128_random_20260913T143931Z.csv
Wrote 31 summary rows to data_processed/artemisia/line_size/level_2097152/family_128_random_summary.csv
-- [L2097152 A coarse] stride=128B pattern=sequential offset=0B --
  wrote 31002 lines -> data_raw/artemisia/line_size/level_2097152/family_128_sequential_20260913T143931Z.csv
Wrote 31 summary rows to data_processed/artemisia/line_size/level_2097152/family_128_sequential_summary.csv
-- [L2097152 A coarse] stride=256B pattern=random offset=0B --
  wrote 31002 lines -> data_raw/artemisia/line_size/level_2097152/family_256_random_20260913T143931Z.csv
Wrote 31 summary rows to data_processed/artemisia/line_size/level_2097152/family_256_random_summary.csv
-- [L2097152 A coarse] stride=256B pattern=sequential offset=0B --
  wrote 31002 lines -> data_raw/artemisia/line_size/level_2097152/family_256_sequential_20260913T143931Z.csv
Wrote 31 summary rows to data_processed/artemisia/line_size/level_2097152/family_256_sequential_summary.csv
-- [L2097152 A steps 1-3] generating coarse family-of-curves plots --
/home/krchen/Proj1-Cache-Reverse-Engineering/scripts/plot_line_size_family.py:163: MatplotlibDeprecationWarning: The get_cmap function was deprecated in Matplotlib 3.7 and will be removed in 3.11. Use ``matplotlib.colormaps[name]`` or ``matplotlib.colormaps.get_cmap()`` or ``pyplot.get_cmap()`` instead.
  cmap = cm.get_cmap("viridis", max(len(strides), 2))
Wrote data_processed/artemisia/line_size/level_2097152/plots/line_size_family_curve.pdf and .png
-- per-stride elbow (bytes): {8B: 4707944, 16B: 4707936, 32B: 4194304, 64B: 3328960, 128B: 3328896, 256B: 3328768}
-- line-size estimate: smallest candidate stride whose elbow agrees with largest tested stride (~3328768 bytes) is 64B -- see infer_line_size's docstring caveat on the fixed grid resolution before citing this as a clean line-size number on its own
/home/krchen/Proj1-Cache-Reverse-Engineering/scripts/plot_line_size_family.py:277: MatplotlibDeprecationWarning: The get_cmap function was deprecated in Matplotlib 3.7 and will be removed in 3.11. Use ``matplotlib.colormaps[name]`` or ``matplotlib.colormaps.get_cmap()`` or ``pyplot.get_cmap()`` instead.
  cmap = cm.get_cmap("viridis", max(len(strides), 2))
Wrote data_processed/artemisia/line_size/level_2097152/plots/line_size_family_boxplots.pdf and .png
   (the per-stride elbow / line-size-estimate lines just above are
   plot_line_size_family.py's own diagnostic guess from ONE un-repeated coarse
   sweep -- NOT auto-applied below; see data_processed/artemisia/line_size/level_2097152/plots/line_size_family_curve.png
   and decide the step-4 candidate yourself)
== [L2097152 A step 4] candidate=64B (manual, from line_size_family_curve.png) ==
== [L2097152 A step 4] bracket=40,48,56,64,72,80,88B (8B granularity) offsets=0,8,16,24,32,40,48,56B pattern=random ==
-- [L2097152 A refine] stride=40B offset=0B pattern=random --
  wrote 31002 lines -> data_raw/artemisia/line_size/level_2097152/refine_40_off0_20260913T143931Z.csv
Wrote 31 summary rows to data_processed/artemisia/line_size/level_2097152/refine_40_off0_summary.csv
-- [L2097152 A refine] stride=48B offset=0B pattern=random --
  wrote 31002 lines -> data_raw/artemisia/line_size/level_2097152/refine_48_off0_20260913T143931Z.csv
Wrote 31 summary rows to data_processed/artemisia/line_size/level_2097152/refine_48_off0_summary.csv
-- [L2097152 A refine] stride=56B offset=0B pattern=random --
  wrote 31002 lines -> data_raw/artemisia/line_size/level_2097152/refine_56_off0_20260913T143931Z.csv
Wrote 31 summary rows to data_processed/artemisia/line_size/level_2097152/refine_56_off0_summary.csv
-- [L2097152 A refine] stride=64B offset=0B pattern=random --
  wrote 31002 lines -> data_raw/artemisia/line_size/level_2097152/refine_64_off0_20260913T143931Z.csv
Wrote 31 summary rows to data_processed/artemisia/line_size/level_2097152/refine_64_off0_summary.csv
-- [L2097152 A refine] stride=72B offset=0B pattern=random --
  wrote 31002 lines -> data_raw/artemisia/line_size/level_2097152/refine_72_off0_20260913T143931Z.csv
Wrote 31 summary rows to data_processed/artemisia/line_size/level_2097152/refine_72_off0_summary.csv
-- [L2097152 A refine] stride=80B offset=0B pattern=random --
  wrote 31002 lines -> data_raw/artemisia/line_size/level_2097152/refine_80_off0_20260913T143931Z.csv
Wrote 31 summary rows to data_processed/artemisia/line_size/level_2097152/refine_80_off0_summary.csv
-- [L2097152 A refine] stride=88B offset=0B pattern=random --
  wrote 31002 lines -> data_raw/artemisia/line_size/level_2097152/refine_88_off0_20260913T143931Z.csv
Wrote 31 summary rows to data_processed/artemisia/line_size/level_2097152/refine_88_off0_summary.csv
-- [L2097152 A refine] stride=40B offset=8B pattern=random --
  wrote 31002 lines -> data_raw/artemisia/line_size/level_2097152/refine_40_off8_20260913T143931Z.csv
Wrote 31 summary rows to data_processed/artemisia/line_size/level_2097152/refine_40_off8_summary.csv
-- [L2097152 A refine] stride=48B offset=8B pattern=random --
  wrote 31002 lines -> data_raw/artemisia/line_size/level_2097152/refine_48_off8_20260913T143931Z.csv
Wrote 31 summary rows to data_processed/artemisia/line_size/level_2097152/refine_48_off8_summary.csv
-- [L2097152 A refine] stride=56B offset=8B pattern=random --
  wrote 31002 lines -> data_raw/artemisia/line_size/level_2097152/refine_56_off8_20260913T143931Z.csv
Wrote 31 summary rows to data_processed/artemisia/line_size/level_2097152/refine_56_off8_summary.csv
-- [L2097152 A refine] stride=64B offset=8B pattern=random --
  wrote 31002 lines -> data_raw/artemisia/line_size/level_2097152/refine_64_off8_20260913T143931Z.csv
Wrote 31 summary rows to data_processed/artemisia/line_size/level_2097152/refine_64_off8_summary.csv
-- [L2097152 A refine] stride=72B offset=8B pattern=random --
  wrote 31002 lines -> data_raw/artemisia/line_size/level_2097152/refine_72_off8_20260913T143931Z.csv
Wrote 31 summary rows to data_processed/artemisia/line_size/level_2097152/refine_72_off8_summary.csv
-- [L2097152 A refine] stride=80B offset=8B pattern=random --
  wrote 31002 lines -> data_raw/artemisia/line_size/level_2097152/refine_80_off8_20260913T143931Z.csv
Wrote 31 summary rows to data_processed/artemisia/line_size/level_2097152/refine_80_off8_summary.csv
-- [L2097152 A refine] stride=88B offset=8B pattern=random --
  wrote 31002 lines -> data_raw/artemisia/line_size/level_2097152/refine_88_off8_20260913T143931Z.csv
Wrote 31 summary rows to data_processed/artemisia/line_size/level_2097152/refine_88_off8_summary.csv
-- [L2097152 A refine] stride=40B offset=16B pattern=random --
  wrote 31002 lines -> data_raw/artemisia/line_size/level_2097152/refine_40_off16_20260913T143931Z.csv
Wrote 31 summary rows to data_processed/artemisia/line_size/level_2097152/refine_40_off16_summary.csv
-- [L2097152 A refine] stride=48B offset=16B pattern=random --
  wrote 31002 lines -> data_raw/artemisia/line_size/level_2097152/refine_48_off16_20260913T143931Z.csv
Wrote 31 summary rows to data_processed/artemisia/line_size/level_2097152/refine_48_off16_summary.csv
-- [L2097152 A refine] stride=56B offset=16B pattern=random --
  wrote 31002 lines -> data_raw/artemisia/line_size/level_2097152/refine_56_off16_20260913T143931Z.csv
Wrote 31 summary rows to data_processed/artemisia/line_size/level_2097152/refine_56_off16_summary.csv
-- [L2097152 A refine] stride=64B offset=16B pattern=random --
  wrote 31002 lines -> data_raw/artemisia/line_size/level_2097152/refine_64_off16_20260913T143931Z.csv
Wrote 31 summary rows to data_processed/artemisia/line_size/level_2097152/refine_64_off16_summary.csv
-- [L2097152 A refine] stride=72B offset=16B pattern=random --
  wrote 31002 lines -> data_raw/artemisia/line_size/level_2097152/refine_72_off16_20260913T143931Z.csv
Wrote 31 summary rows to data_processed/artemisia/line_size/level_2097152/refine_72_off16_summary.csv
-- [L2097152 A refine] stride=80B offset=16B pattern=random --
  wrote 31002 lines -> data_raw/artemisia/line_size/level_2097152/refine_80_off16_20260913T143931Z.csv
Wrote 31 summary rows to data_processed/artemisia/line_size/level_2097152/refine_80_off16_summary.csv
-- [L2097152 A refine] stride=88B offset=16B pattern=random --
  wrote 31002 lines -> data_raw/artemisia/line_size/level_2097152/refine_88_off16_20260913T143931Z.csv
Wrote 31 summary rows to data_processed/artemisia/line_size/level_2097152/refine_88_off16_summary.csv
-- [L2097152 A refine] stride=40B offset=24B pattern=random --
  wrote 31002 lines -> data_raw/artemisia/line_size/level_2097152/refine_40_off24_20260913T143931Z.csv
Wrote 31 summary rows to data_processed/artemisia/line_size/level_2097152/refine_40_off24_summary.csv
-- [L2097152 A refine] stride=48B offset=24B pattern=random --
  wrote 31002 lines -> data_raw/artemisia/line_size/level_2097152/refine_48_off24_20260913T143931Z.csv
Wrote 31 summary rows to data_processed/artemisia/line_size/level_2097152/refine_48_off24_summary.csv
-- [L2097152 A refine] stride=56B offset=24B pattern=random --
  wrote 31002 lines -> data_raw/artemisia/line_size/level_2097152/refine_56_off24_20260913T143931Z.csv
Wrote 31 summary rows to data_processed/artemisia/line_size/level_2097152/refine_56_off24_summary.csv
-- [L2097152 A refine] stride=64B offset=24B pattern=random --
  wrote 31002 lines -> data_raw/artemisia/line_size/level_2097152/refine_64_off24_20260913T143931Z.csv
Wrote 31 summary rows to data_processed/artemisia/line_size/level_2097152/refine_64_off24_summary.csv
-- [L2097152 A refine] stride=72B offset=24B pattern=random --
  wrote 31002 lines -> data_raw/artemisia/line_size/level_2097152/refine_72_off24_20260913T143931Z.csv
Wrote 31 summary rows to data_processed/artemisia/line_size/level_2097152/refine_72_off24_summary.csv
-- [L2097152 A refine] stride=80B offset=24B pattern=random --
  wrote 31002 lines -> data_raw/artemisia/line_size/level_2097152/refine_80_off24_20260913T143931Z.csv
Wrote 31 summary rows to data_processed/artemisia/line_size/level_2097152/refine_80_off24_summary.csv
-- [L2097152 A refine] stride=88B offset=24B pattern=random --
  wrote 31002 lines -> data_raw/artemisia/line_size/level_2097152/refine_88_off24_20260913T143931Z.csv
Wrote 31 summary rows to data_processed/artemisia/line_size/level_2097152/refine_88_off24_summary.csv
-- [L2097152 A refine] stride=40B offset=32B pattern=random --
  wrote 31002 lines -> data_raw/artemisia/line_size/level_2097152/refine_40_off32_20260913T143931Z.csv
Wrote 31 summary rows to data_processed/artemisia/line_size/level_2097152/refine_40_off32_summary.csv
-- [L2097152 A refine] stride=48B offset=32B pattern=random --
  wrote 31002 lines -> data_raw/artemisia/line_size/level_2097152/refine_48_off32_20260913T143931Z.csv
Wrote 31 summary rows to data_processed/artemisia/line_size/level_2097152/refine_48_off32_summary.csv
-- [L2097152 A refine] stride=56B offset=32B pattern=random --
  wrote 31002 lines -> data_raw/artemisia/line_size/level_2097152/refine_56_off32_20260913T143931Z.csv
Wrote 31 summary rows to data_processed/artemisia/line_size/level_2097152/refine_56_off32_summary.csv
-- [L2097152 A refine] stride=64B offset=32B pattern=random --
  wrote 31002 lines -> data_raw/artemisia/line_size/level_2097152/refine_64_off32_20260913T143931Z.csv
Wrote 31 summary rows to data_processed/artemisia/line_size/level_2097152/refine_64_off32_summary.csv
-- [L2097152 A refine] stride=72B offset=32B pattern=random --
  wrote 31002 lines -> data_raw/artemisia/line_size/level_2097152/refine_72_off32_20260913T143931Z.csv
Wrote 31 summary rows to data_processed/artemisia/line_size/level_2097152/refine_72_off32_summary.csv
-- [L2097152 A refine] stride=80B offset=32B pattern=random --
  wrote 31002 lines -> data_raw/artemisia/line_size/level_2097152/refine_80_off32_20260913T143931Z.csv
Wrote 31 summary rows to data_processed/artemisia/line_size/level_2097152/refine_80_off32_summary.csv
-- [L2097152 A refine] stride=88B offset=32B pattern=random --
  wrote 31002 lines -> data_raw/artemisia/line_size/level_2097152/refine_88_off32_20260913T143931Z.csv
Wrote 31 summary rows to data_processed/artemisia/line_size/level_2097152/refine_88_off32_summary.csv
-- [L2097152 A refine] stride=40B offset=40B pattern=random --
  wrote 31002 lines -> data_raw/artemisia/line_size/level_2097152/refine_40_off40_20260913T143931Z.csv
Wrote 31 summary rows to data_processed/artemisia/line_size/level_2097152/refine_40_off40_summary.csv
-- [L2097152 A refine] stride=48B offset=40B pattern=random --
  wrote 31002 lines -> data_raw/artemisia/line_size/level_2097152/refine_48_off40_20260913T143931Z.csv
Wrote 31 summary rows to data_processed/artemisia/line_size/level_2097152/refine_48_off40_summary.csv
-- [L2097152 A refine] stride=56B offset=40B pattern=random --
  wrote 31002 lines -> data_raw/artemisia/line_size/level_2097152/refine_56_off40_20260913T143931Z.csv
Wrote 31 summary rows to data_processed/artemisia/line_size/level_2097152/refine_56_off40_summary.csv
-- [L2097152 A refine] stride=64B offset=40B pattern=random --
  wrote 31002 lines -> data_raw/artemisia/line_size/level_2097152/refine_64_off40_20260913T143931Z.csv
Wrote 31 summary rows to data_processed/artemisia/line_size/level_2097152/refine_64_off40_summary.csv
-- [L2097152 A refine] stride=72B offset=40B pattern=random --
  wrote 31002 lines -> data_raw/artemisia/line_size/level_2097152/refine_72_off40_20260913T143931Z.csv
Wrote 31 summary rows to data_processed/artemisia/line_size/level_2097152/refine_72_off40_summary.csv
-- [L2097152 A refine] stride=80B offset=40B pattern=random --
  wrote 31002 lines -> data_raw/artemisia/line_size/level_2097152/refine_80_off40_20260913T143931Z.csv
Wrote 31 summary rows to data_processed/artemisia/line_size/level_2097152/refine_80_off40_summary.csv
-- [L2097152 A refine] stride=88B offset=40B pattern=random --
  wrote 31002 lines -> data_raw/artemisia/line_size/level_2097152/refine_88_off40_20260913T143931Z.csv
Wrote 31 summary rows to data_processed/artemisia/line_size/level_2097152/refine_88_off40_summary.csv
-- [L2097152 A refine] stride=40B offset=48B pattern=random --
  wrote 31002 lines -> data_raw/artemisia/line_size/level_2097152/refine_40_off48_20260913T143931Z.csv
Wrote 31 summary rows to data_processed/artemisia/line_size/level_2097152/refine_40_off48_summary.csv
-- [L2097152 A refine] stride=48B offset=48B pattern=random --
  wrote 31002 lines -> data_raw/artemisia/line_size/level_2097152/refine_48_off48_20260913T143931Z.csv
Wrote 31 summary rows to data_processed/artemisia/line_size/level_2097152/refine_48_off48_summary.csv
-- [L2097152 A refine] stride=56B offset=48B pattern=random --
  wrote 31002 lines -> data_raw/artemisia/line_size/level_2097152/refine_56_off48_20260913T143931Z.csv
Wrote 31 summary rows to data_processed/artemisia/line_size/level_2097152/refine_56_off48_summary.csv
-- [L2097152 A refine] stride=64B offset=48B pattern=random --
  wrote 31002 lines -> data_raw/artemisia/line_size/level_2097152/refine_64_off48_20260913T143931Z.csv
Wrote 31 summary rows to data_processed/artemisia/line_size/level_2097152/refine_64_off48_summary.csv
-- [L2097152 A refine] stride=72B offset=48B pattern=random --
  wrote 31002 lines -> data_raw/artemisia/line_size/level_2097152/refine_72_off48_20260913T143931Z.csv
Wrote 31 summary rows to data_processed/artemisia/line_size/level_2097152/refine_72_off48_summary.csv
-- [L2097152 A refine] stride=80B offset=48B pattern=random --
  wrote 31002 lines -> data_raw/artemisia/line_size/level_2097152/refine_80_off48_20260913T143931Z.csv
Wrote 31 summary rows to data_processed/artemisia/line_size/level_2097152/refine_80_off48_summary.csv
-- [L2097152 A refine] stride=88B offset=48B pattern=random --
  wrote 31002 lines -> data_raw/artemisia/line_size/level_2097152/refine_88_off48_20260913T143931Z.csv
Wrote 31 summary rows to data_processed/artemisia/line_size/level_2097152/refine_88_off48_summary.csv
-- [L2097152 A refine] stride=40B offset=56B pattern=random --
  wrote 31002 lines -> data_raw/artemisia/line_size/level_2097152/refine_40_off56_20260913T143931Z.csv
Wrote 31 summary rows to data_processed/artemisia/line_size/level_2097152/refine_40_off56_summary.csv
-- [L2097152 A refine] stride=48B offset=56B pattern=random --
  wrote 31002 lines -> data_raw/artemisia/line_size/level_2097152/refine_48_off56_20260913T143931Z.csv
Wrote 31 summary rows to data_processed/artemisia/line_size/level_2097152/refine_48_off56_summary.csv
-- [L2097152 A refine] stride=56B offset=56B pattern=random --
  wrote 31002 lines -> data_raw/artemisia/line_size/level_2097152/refine_56_off56_20260913T143931Z.csv
Wrote 31 summary rows to data_processed/artemisia/line_size/level_2097152/refine_56_off56_summary.csv
-- [L2097152 A refine] stride=64B offset=56B pattern=random --
  wrote 31002 lines -> data_raw/artemisia/line_size/level_2097152/refine_64_off56_20260913T143931Z.csv
Wrote 31 summary rows to data_processed/artemisia/line_size/level_2097152/refine_64_off56_summary.csv
-- [L2097152 A refine] stride=72B offset=56B pattern=random --
  wrote 31002 lines -> data_raw/artemisia/line_size/level_2097152/refine_72_off56_20260913T143931Z.csv
Wrote 31 summary rows to data_processed/artemisia/line_size/level_2097152/refine_72_off56_summary.csv
-- [L2097152 A refine] stride=80B offset=56B pattern=random --
  wrote 31002 lines -> data_raw/artemisia/line_size/level_2097152/refine_80_off56_20260913T143931Z.csv
Wrote 31 summary rows to data_processed/artemisia/line_size/level_2097152/refine_80_off56_summary.csv
-- [L2097152 A refine] stride=88B offset=56B pattern=random --
  wrote 31002 lines -> data_raw/artemisia/line_size/level_2097152/refine_88_off56_20260913T143931Z.csv
Wrote 31 summary rows to data_processed/artemisia/line_size/level_2097152/refine_88_off56_summary.csv
-- [L2097152 A step 4] generating cross-alignment confirmation plots --
/home/krchen/Proj1-Cache-Reverse-Engineering/scripts/plot_line_size_offset.py:77: MatplotlibDeprecationWarning: The get_cmap function was deprecated in Matplotlib 3.7 and will be removed in 3.11. Use ``matplotlib.colormaps[name]`` or ``matplotlib.colormaps.get_cmap()`` or ``pyplot.get_cmap()`` instead.
  cmap = cm.get_cmap("plasma", max(len(offsets), 2))
Wrote data_processed/artemisia/line_size/level_2097152/plots/line_size_offset_elbow.pdf and .png
/home/krchen/Proj1-Cache-Reverse-Engineering/scripts/plot_line_size_offset.py:143: MatplotlibDeprecationWarning: The get_cmap function was deprecated in Matplotlib 3.7 and will be removed in 3.11. Use ``matplotlib.colormaps[name]`` or ``matplotlib.colormaps.get_cmap()`` or ``pyplot.get_cmap()`` instead.
  cmap = cm.get_cmap("plasma", max(len(offsets), 2))
Wrote data_processed/artemisia/line_size/level_2097152/plots/line_size_offset_boxplots.pdf and .png
-- elbow footprint by (offset, stride):
   offset=0B: {40: 4194280, 48: 4194288, 56: 3328976, 64: 2965760, 72: 3736656, 80: 3736640, 88: 4194256}
   offset=8B: {40: 4194280, 48: 4194288, 56: 3328976, 64: 3328960, 72: 3328992, 80: 3736640, 88: 4194256}
   offset=16B: {40: 3736680, 48: 3736656, 56: 3328976, 64: 3328960, 72: 3328992, 80: 4194240, 88: 4194256}
   offset=24B: {40: 4194280, 48: 4194288, 56: 3328976, 64: 3328960, 72: 3736656, 80: 4194240, 88: 4194256}
   offset=32B: {40: 4194280, 48: 4194288, 56: 3328976, 64: 3328960, 72: 3736656, 80: 3736640, 88: 4194256}
   offset=40B: {40: 4194280, 48: 3736656, 56: 3328976, 64: 3328960, 72: 3736656, 80: 4194240, 88: 4194256}
   offset=48B: {40: 4194280, 48: 4194288, 56: 3328976, 64: 3328960, 72: 3736656, 80: 4194240, 88: 4194256}
   offset=56B: {40: 4194280, 48: 4194288, 56: 3328976, 64: 3328960, 72: 3736656, 80: 4194240, 88: 4194256}
-- candidate stride 64B: elbow stable across the 8/8 offsets with a detectable elbow (2965760-3328960 bytes, 1.12x spread) -- consistent with a genuine, alignment-independent transition, but see the gap warning above before treating this as full 8/8 agreement

-- [L2097152 B] single-curve method, footprint_bytes=4194304 (2.0x boundary) --
-- [L2097152 B coarse] stride 8-1024 bytes (step 8) --
  wrote 128002 lines -> data_raw/artemisia/line_size/level_2097152/singlecurve_coarse_random_20260913T143931Z.csv
  wrote 128002 lines -> data_raw/artemisia/line_size/level_2097152/singlecurve_coarse_sequential_20260913T143931Z.csv
Wrote 128 summary rows to data_processed/artemisia/line_size/level_2097152/singlecurve_coarse_random_summary.csv
Wrote 128 summary rows to data_processed/artemisia/line_size/level_2097152/singlecurve_coarse_sequential_summary.csv
-- [L2097152 B] detected line-size estimate (bytes): none --
-- [L2097152 B] no transition detected in the coarse sweep; skipping dense/repeat stages --
-- [L2097152 B] generating single-curve plots --
  note: flagged 5 isolated spike stride(s) as probable page-aliasing artifacts: [96, 128, 256, 512, 1024]
Wrote data_processed/artemisia/line_size/level_2097152/plots/line_size_curve.pdf and .png
Wrote data_processed/artemisia/line_size/level_2097152/plots/line_size_boxplots.pdf and .png

############################################################
## LEVEL boundary=31457280B -- Method A window=[3932160,125829120] bytes
############################################################
-- [L31457280 A coarse] stride=8B pattern=random offset=0B --
  wrote 31002 lines -> data_raw/artemisia/line_size/level_31457280/family_8_random_20260913T143931Z.csv
Wrote 31 summary rows to data_processed/artemisia/line_size/level_31457280/family_8_random_summary.csv
-- [L31457280 A coarse] stride=8B pattern=sequential offset=0B --
  wrote 31002 lines -> data_raw/artemisia/line_size/level_31457280/family_8_sequential_20260913T143931Z.csv
Wrote 31 summary rows to data_processed/artemisia/line_size/level_31457280/family_8_sequential_summary.csv
-- [L31457280 A coarse] stride=16B pattern=random offset=0B --
  wrote 31002 lines -> data_raw/artemisia/line_size/level_31457280/family_16_random_20260913T143931Z.csv
Wrote 31 summary rows to data_processed/artemisia/line_size/level_31457280/family_16_random_summary.csv
-- [L31457280 A coarse] stride=16B pattern=sequential offset=0B --
  wrote 31002 lines -> data_raw/artemisia/line_size/level_31457280/family_16_sequential_20260913T143931Z.csv
Wrote 31 summary rows to data_processed/artemisia/line_size/level_31457280/family_16_sequential_summary.csv
-- [L31457280 A coarse] stride=32B pattern=random offset=0B --
  wrote 31002 lines -> data_raw/artemisia/line_size/level_31457280/family_32_random_20260913T143931Z.csv
Wrote 31 summary rows to data_processed/artemisia/line_size/level_31457280/family_32_random_summary.csv
-- [L31457280 A coarse] stride=32B pattern=sequential offset=0B --
  wrote 31002 lines -> data_raw/artemisia/line_size/level_31457280/family_32_sequential_20260913T143931Z.csv
Wrote 31 summary rows to data_processed/artemisia/line_size/level_31457280/family_32_sequential_summary.csv
-- [L31457280 A coarse] stride=64B pattern=random offset=0B --
  wrote 31002 lines -> data_raw/artemisia/line_size/level_31457280/family_64_random_20260913T143931Z.csv
Wrote 31 summary rows to data_processed/artemisia/line_size/level_31457280/family_64_random_summary.csv
-- [L31457280 A coarse] stride=64B pattern=sequential offset=0B --
  wrote 31002 lines -> data_raw/artemisia/line_size/level_31457280/family_64_sequential_20260913T143931Z.csv
Wrote 31 summary rows to data_processed/artemisia/line_size/level_31457280/family_64_sequential_summary.csv
-- [L31457280 A coarse] stride=128B pattern=random offset=0B --
  wrote 31002 lines -> data_raw/artemisia/line_size/level_31457280/family_128_random_20260913T143931Z.csv
Wrote 31 summary rows to data_processed/artemisia/line_size/level_31457280/family_128_random_summary.csv
-- [L31457280 A coarse] stride=128B pattern=sequential offset=0B --
  wrote 31002 lines -> data_raw/artemisia/line_size/level_31457280/family_128_sequential_20260913T143931Z.csv
Wrote 31 summary rows to data_processed/artemisia/line_size/level_31457280/family_128_sequential_summary.csv
-- [L31457280 A coarse] stride=256B pattern=random offset=0B --
  wrote 31002 lines -> data_raw/artemisia/line_size/level_31457280/family_256_random_20260913T143931Z.csv
Wrote 31 summary rows to data_processed/artemisia/line_size/level_31457280/family_256_random_summary.csv
-- [L31457280 A coarse] stride=256B pattern=sequential offset=0B --
  wrote 31002 lines -> data_raw/artemisia/line_size/level_31457280/family_256_sequential_20260913T143931Z.csv
Wrote 31 summary rows to data_processed/artemisia/line_size/level_31457280/family_256_sequential_summary.csv
-- [L31457280 A steps 1-3] generating coarse family-of-curves plots --
/home/krchen/Proj1-Cache-Reverse-Engineering/scripts/plot_line_size_family.py:163: MatplotlibDeprecationWarning: The get_cmap function was deprecated in Matplotlib 3.7 and will be removed in 3.11. Use ``matplotlib.colormaps[name]`` or ``matplotlib.colormaps.get_cmap()`` or ``pyplot.get_cmap()`` instead.
  cmap = cm.get_cmap("viridis", max(len(strides), 2))
Wrote data_processed/artemisia/line_size/level_31457280/plots/line_size_family_curve.pdf and .png
-- per-stride elbow (bytes): {8B: 99870632, 16B: 88974624, 32B: 56050496, 64B: 70619200, 128B: 88974592, 256B: 88974592}
-- line-size estimate: smallest candidate stride whose elbow agrees with largest tested stride (~88974592 bytes) is 8B -- see infer_line_size's docstring caveat on the fixed grid resolution before citing this as a clean line-size number on its own
/home/krchen/Proj1-Cache-Reverse-Engineering/scripts/plot_line_size_family.py:277: MatplotlibDeprecationWarning: The get_cmap function was deprecated in Matplotlib 3.7 and will be removed in 3.11. Use ``matplotlib.colormaps[name]`` or ``matplotlib.colormaps.get_cmap()`` or ``pyplot.get_cmap()`` instead.
  cmap = cm.get_cmap("viridis", max(len(strides), 2))
Wrote data_processed/artemisia/line_size/level_31457280/plots/line_size_family_boxplots.pdf and .png
   (the per-stride elbow / line-size-estimate lines just above are
   plot_line_size_family.py's own diagnostic guess from ONE un-repeated coarse
   sweep -- NOT auto-applied below; see data_processed/artemisia/line_size/level_31457280/plots/line_size_family_curve.png
   and decide the step-4 candidate yourself)
== [L31457280 A] no candidate given for this level -- inspect
   data_processed/artemisia/line_size/level_31457280/plots/line_size_family_curve.png yourself and re-run with an
   explicit candidate stride in candidate_overrides_csv for this level (no
   auto-detection: it proved unreliable across runs/cores, see the script's
   header comment). Skipping Method-A step 4.

-- [L31457280 B] single-curve method, footprint_bytes=62914560 (2.0x boundary) --
-- [L31457280 B coarse] stride 8-1024 bytes (step 8) --
  wrote 128002 lines -> data_raw/artemisia/line_size/level_31457280/singlecurve_coarse_random_20260913T143931Z.csv
  wrote 128002 lines -> data_raw/artemisia/line_size/level_31457280/singlecurve_coarse_sequential_20260913T143931Z.csv
Wrote 128 summary rows to data_processed/artemisia/line_size/level_31457280/singlecurve_coarse_random_summary.csv
Wrote 128 summary rows to data_processed/artemisia/line_size/level_31457280/singlecurve_coarse_sequential_summary.csv
-- [L31457280 B] detected line-size estimate (bytes): none --
-- [L31457280 B] no transition detected in the coarse sweep; skipping dense/repeat stages --
-- [L31457280 B] generating single-curve plots --
  note: flagged 5 isolated spike stride(s) as probable page-aliasing artifacts: [128, 256, 384, 512, 1024]
Wrote data_processed/artemisia/line_size/level_31457280/plots/line_size_curve.pdf and .png
Wrote data_processed/artemisia/line_size/level_31457280/plots/line_size_boxplots.pdf and .png

############################################################
## step 5: cross-level, cross-method agreement summary
############################################################
   level boundary=49152B -> method A (family of curves) = 64B, method B (single curve) = 64B
   level boundary=2097152B -> method A (family of curves) = 64B, method B (single curve) = noneB
   level boundary=31457280B -> method A (family of curves) = noneB, method B (single curve) = noneB
== every level/method that produced an estimate AGREES on 64B -- strong Phase-I evidence ==
== done: all levels, both methods, complete ==
== this is a FROZEN PHASE-I TIMING-ONLY result -- compare against PMU counters
   and the documented/system-reported line size in Phase II before treating it as
   confirmed (see README.md's Phase I/II/III discipline).
== plots per level: data_processed/artemisia/line_size/level_<boundary>/plots/line_size_family_{curve,boxplots}.{png,pdf} (A, steps 1-3),
          .../line_size_offset_{elbow,boxplots}.{png,pdf} (A, step 4), .../line_size_{curve,boxplots}.{png,pdf} (B) ==
== record in data_raw/artemisia/README.md: boundaries=49152,2097152,31457280, core=0,
   seed=12345, samples=1000000, coarse_strides=8,16,32,64,128,256, per-level/per-method estimates as above,
   timestamp=20260913T143931Z ==
== full transcript saved to: data_raw/artemisia/line_size/run_line_size_20260913T143931Z.log ==
