== run_miss_latency_full: machine=sunbird core=2 base_seed=12345 ==
== timestamp=20260913T054413Z ==

== transition L1_to_L2: target_bytes=32768 evict_bytes=262144 ==
-- base (seed=12345) --
  wrote 202 lines -> data_raw/sunbird/latency/miss/L1_to_L2/miss_latency_base_random_20260913T054413Z.csv (pattern=random seed=12345)
Wrote 1 summary rows to data_processed/sunbird/latency/miss/L1_to_L2/base_random_summary_20260913T054413Z.csv
  wrote 202 lines -> data_raw/sunbird/latency/miss/L1_to_L2/miss_latency_base_sequential_20260913T054413Z.csv (pattern=sequential seed=12345)
Wrote 1 summary rows to data_processed/sunbird/latency/miss/L1_to_L2/base_sequential_summary_20260913T054413Z.csv
-- rep1 (seed=12346) --
  wrote 202 lines -> data_raw/sunbird/latency/miss/L1_to_L2/miss_latency_rep1_random_20260913T054413Z.csv (pattern=random seed=12346)
Wrote 1 summary rows to data_processed/sunbird/latency/miss/L1_to_L2/rep1_random_summary_20260913T054413Z.csv
  wrote 202 lines -> data_raw/sunbird/latency/miss/L1_to_L2/miss_latency_rep1_sequential_20260913T054413Z.csv (pattern=sequential seed=12346)
Wrote 1 summary rows to data_processed/sunbird/latency/miss/L1_to_L2/rep1_sequential_summary_20260913T054413Z.csv
-- rep2 (seed=12347) --
  wrote 202 lines -> data_raw/sunbird/latency/miss/L1_to_L2/miss_latency_rep2_random_20260913T054413Z.csv (pattern=random seed=12347)
Wrote 1 summary rows to data_processed/sunbird/latency/miss/L1_to_L2/rep2_random_summary_20260913T054413Z.csv
  wrote 202 lines -> data_raw/sunbird/latency/miss/L1_to_L2/miss_latency_rep2_sequential_20260913T054413Z.csv (pattern=sequential seed=12347)
Wrote 1 summary rows to data_processed/sunbird/latency/miss/L1_to_L2/rep2_sequential_summary_20260913T054413Z.csv
-- found source-level (L1) hit_latency data for penalty annotation: data_processed/sunbird/latency/hit/L1/base_dependent_random_summary_20260913T053708Z.csv data_processed/sunbird/latency/hit/L1/rep1_dependent_random_summary_20260913T053708Z.csv data_processed/sunbird/latency/hit/L1/rep2_dependent_random_summary_20260913T053708Z.csv --
-- generating plots for L1_to_L2 --
  note: pattern=random has 3 overlapping summary rows with medians [124.0, 116.0, 150.0] (spread 34.0 ticks, 26.2%) -- averaging, widening whiskers to the union
Wrote data_processed/sunbird/latency/miss/L1_to_L2/plots/miss_latency_boxplots.pdf and .png
-- compressing raw CSVs for L1_to_L2 --

== transition L2_to_LLC: target_bytes=262144 evict_bytes=31457280 ==
-- base (seed=12345) --
  wrote 202 lines -> data_raw/sunbird/latency/miss/L2_to_LLC/miss_latency_base_random_20260913T054413Z.csv (pattern=random seed=12345)
Wrote 1 summary rows to data_processed/sunbird/latency/miss/L2_to_LLC/base_random_summary_20260913T054413Z.csv
  wrote 202 lines -> data_raw/sunbird/latency/miss/L2_to_LLC/miss_latency_base_sequential_20260913T054413Z.csv (pattern=sequential seed=12345)
Wrote 1 summary rows to data_processed/sunbird/latency/miss/L2_to_LLC/base_sequential_summary_20260913T054413Z.csv
-- rep1 (seed=12346) --
  wrote 202 lines -> data_raw/sunbird/latency/miss/L2_to_LLC/miss_latency_rep1_random_20260913T054413Z.csv (pattern=random seed=12346)
Wrote 1 summary rows to data_processed/sunbird/latency/miss/L2_to_LLC/rep1_random_summary_20260913T054413Z.csv
  wrote 202 lines -> data_raw/sunbird/latency/miss/L2_to_LLC/miss_latency_rep1_sequential_20260913T054413Z.csv (pattern=sequential seed=12346)
Wrote 1 summary rows to data_processed/sunbird/latency/miss/L2_to_LLC/rep1_sequential_summary_20260913T054413Z.csv
-- rep2 (seed=12347) --
  wrote 202 lines -> data_raw/sunbird/latency/miss/L2_to_LLC/miss_latency_rep2_random_20260913T054413Z.csv (pattern=random seed=12347)
Wrote 1 summary rows to data_processed/sunbird/latency/miss/L2_to_LLC/rep2_random_summary_20260913T054413Z.csv
  wrote 202 lines -> data_raw/sunbird/latency/miss/L2_to_LLC/miss_latency_rep2_sequential_20260913T054413Z.csv (pattern=sequential seed=12347)
Wrote 1 summary rows to data_processed/sunbird/latency/miss/L2_to_LLC/rep2_sequential_summary_20260913T054413Z.csv
-- found source-level (L2) hit_latency data for penalty annotation: data_processed/sunbird/latency/hit/L2/base_dependent_random_summary_20260913T053708Z.csv data_processed/sunbird/latency/hit/L2/rep1_dependent_random_summary_20260913T053708Z.csv data_processed/sunbird/latency/hit/L2/rep2_dependent_random_summary_20260913T053708Z.csv --
-- generating plots for L2_to_LLC --
  note: pattern=random has 3 overlapping summary rows with medians [284.0, 300.0, 510.0] (spread 226.0 ticks, 62.0%) -- averaging, widening whiskers to the union
  note: pattern=sequential has 3 overlapping summary rows with medians [288.0, 144.0, 288.0] (spread 144.0 ticks, 60.0%) -- averaging, widening whiskers to the union
Wrote data_processed/sunbird/latency/miss/L2_to_LLC/plots/miss_latency_boxplots.pdf and .png
-- compressing raw CSVs for L2_to_LLC --

== transition LLC_to_DRAM: target_bytes=31457280 evict_bytes=67108864 ==
-- base (seed=12345) --
  wrote 202 lines -> data_raw/sunbird/latency/miss/LLC_to_DRAM/miss_latency_base_random_20260913T054413Z.csv (pattern=random seed=12345)
Wrote 1 summary rows to data_processed/sunbird/latency/miss/LLC_to_DRAM/base_random_summary_20260913T054413Z.csv
  wrote 202 lines -> data_raw/sunbird/latency/miss/LLC_to_DRAM/miss_latency_base_sequential_20260913T054413Z.csv (pattern=sequential seed=12345)
Wrote 1 summary rows to data_processed/sunbird/latency/miss/LLC_to_DRAM/base_sequential_summary_20260913T054413Z.csv
-- rep1 (seed=12346) --
  wrote 202 lines -> data_raw/sunbird/latency/miss/LLC_to_DRAM/miss_latency_rep1_random_20260913T054413Z.csv (pattern=random seed=12346)
Wrote 1 summary rows to data_processed/sunbird/latency/miss/LLC_to_DRAM/rep1_random_summary_20260913T054413Z.csv
  wrote 202 lines -> data_raw/sunbird/latency/miss/LLC_to_DRAM/miss_latency_rep1_sequential_20260913T054413Z.csv (pattern=sequential seed=12346)
Wrote 1 summary rows to data_processed/sunbird/latency/miss/LLC_to_DRAM/rep1_sequential_summary_20260913T054413Z.csv
-- rep2 (seed=12347) --
  wrote 202 lines -> data_raw/sunbird/latency/miss/LLC_to_DRAM/miss_latency_rep2_random_20260913T054413Z.csv (pattern=random seed=12347)
Wrote 1 summary rows to data_processed/sunbird/latency/miss/LLC_to_DRAM/rep2_random_summary_20260913T054413Z.csv
  wrote 202 lines -> data_raw/sunbird/latency/miss/LLC_to_DRAM/miss_latency_rep2_sequential_20260913T054413Z.csv (pattern=sequential seed=12347)
Wrote 1 summary rows to data_processed/sunbird/latency/miss/LLC_to_DRAM/rep2_sequential_summary_20260913T054413Z.csv
-- found source-level (LLC) hit_latency data for penalty annotation: data_processed/sunbird/latency/hit/LLC/base_dependent_random_summary_20260913T053708Z.csv data_processed/sunbird/latency/hit/LLC/rep1_dependent_random_summary_20260913T053708Z.csv data_processed/sunbird/latency/hit/LLC/rep2_dependent_random_summary_20260913T053708Z.csv --
-- generating plots for LLC_to_DRAM --
  note: pattern=sequential has 3 overlapping summary rows with medians [296.0, 372.0, 308.0] (spread 76.0 ticks, 23.4%) -- averaging, widening whiskers to the union
Wrote data_processed/sunbird/latency/miss/LLC_to_DRAM/plots/miss_latency_boxplots.pdf and .png
-- compressing raw CSVs for LLC_to_DRAM --

== done ==
== L1_to_L2: target_bytes=32768 evict_bytes=262144 ==
== L2_to_LLC: target_bytes=262144 evict_bytes=31457280 ==
== LLC_to_DRAM: target_bytes=31457280 evict_bytes=67108864 ==
== record in data_raw/sunbird/README.md: core=2, base_seed=12345 (repeats use base_seed+index), trials=200, timestamp=20260913T054413Z ==
== full transcript saved to: data_raw/sunbird/latency/run_miss_latency_full_20260913T054413Z.log ==
