== run_inclusion_policy_full: machine=hazel_icelake_8358 core=46 base_seed=12345 ==
== assumed_line_size_bytes=64 (confirmed for Sunbird 2026-09-11; verify for other machines) ==
== timestamp=20260915T034855Z ==

== L1_vs_L2: target_bytes=32768 lower_level_bytes=1310720 -> evict_bytes=83886080 (scaled 4096/64x) ==
-- survived-class calibration (evict_bytes=target_bytes, nothing evicted) --
  survived-class (single-shot, calibrated here): 124.968 ticks
  invalidated-class (from data_processed/hazel_icelake_8358/latency/miss/L1_to_L2/base_random_summary_20260915T022749Z.csv): 90.0 ticks
-- base (seed=12345) --
  wrote 402 lines -> data_raw/hazel_icelake_8358/inclusion_policy/L1_vs_L2/inclusion_policy_base_random_20260915T034855Z.csv (pattern=random seed=12345)
Wrote 2 summary rows to data_processed/hazel_icelake_8358/inclusion_policy/L1_vs_L2/base_random_summary_20260915T034855Z.csv
  wrote 402 lines -> data_raw/hazel_icelake_8358/inclusion_policy/L1_vs_L2/inclusion_policy_base_sequential_20260915T034855Z.csv (pattern=sequential seed=12345)
Wrote 2 summary rows to data_processed/hazel_icelake_8358/inclusion_policy/L1_vs_L2/base_sequential_summary_20260915T034855Z.csv
-- rep1 (seed=12346) --
  wrote 402 lines -> data_raw/hazel_icelake_8358/inclusion_policy/L1_vs_L2/inclusion_policy_rep1_random_20260915T034855Z.csv (pattern=random seed=12346)
Wrote 2 summary rows to data_processed/hazel_icelake_8358/inclusion_policy/L1_vs_L2/rep1_random_summary_20260915T034855Z.csv
  wrote 402 lines -> data_raw/hazel_icelake_8358/inclusion_policy/L1_vs_L2/inclusion_policy_rep1_sequential_20260915T034855Z.csv (pattern=sequential seed=12346)
Wrote 2 summary rows to data_processed/hazel_icelake_8358/inclusion_policy/L1_vs_L2/rep1_sequential_summary_20260915T034855Z.csv
-- rep2 (seed=12347) --
  wrote 402 lines -> data_raw/hazel_icelake_8358/inclusion_policy/L1_vs_L2/inclusion_policy_rep2_random_20260915T034855Z.csv (pattern=random seed=12347)
Wrote 2 summary rows to data_processed/hazel_icelake_8358/inclusion_policy/L1_vs_L2/rep2_random_summary_20260915T034855Z.csv
  wrote 402 lines -> data_raw/hazel_icelake_8358/inclusion_policy/L1_vs_L2/inclusion_policy_rep2_sequential_20260915T034855Z.csv (pattern=sequential seed=12347)
Wrote 2 summary rows to data_processed/hazel_icelake_8358/inclusion_policy/L1_vs_L2/rep2_sequential_summary_20260915T034855Z.csv
WARNING: invalidated-class median (90.0) is not clearly above survived-class median (125.0) -- classification below will be unreliable; check you picked the right hit_latency summaries.
Survived-class (upper-level hit) median:       124.97 ticks
Invalidated-class (beyond-lower-level) median: 90.00 ticks
Classification boundary (geometric mean):      106.05 ticks

TARGET channel  (n=200): median=84.0 mean=84.5 ticks -- 183 survived-like (91.5%), 17 ambiguous, 0 invalidated-like (0.0%)
CONTROL channel (n=200): median=80.0 mean=81.1 ticks -- 198 survived-like (99.0%), 2 ambiguous, 0 invalidated-like (0.0%)
Paired check: target read slower than its own trial's control in 91.0% of trials (distribution-free, independent of the class boundary above)

VERDICT: EXCLUSIVE / NON-INCLUSIVE (upper-level copy consistently survived lower-level eviction)
-- generating plots for L1_vs_L2 --
Wrote data_processed/hazel_icelake_8358/inclusion_policy/L1_vs_L2/plots/inclusion_policy_boxplots.pdf and .png
-- compressing raw CSVs for L1_vs_L2 --

== L2_vs_LLC: target_bytes=1310720 lower_level_bytes=50331648 -> evict_bytes=3221225472 (scaled 4096/64x) ==
-- survived-class calibration (evict_bytes=target_bytes, nothing evicted) --
  survived-class (single-shot, calibrated here): 88.048 ticks
  invalidated-class (from data_processed/hazel_icelake_8358/latency/miss/L2_to_LLC/base_random_summary_20260915T022749Z.csv): 558.0 ticks
-- base (seed=12345) --
  wrote 402 lines -> data_raw/hazel_icelake_8358/inclusion_policy/L2_vs_LLC/inclusion_policy_base_random_20260915T034855Z.csv (pattern=random seed=12345)
Wrote 2 summary rows to data_processed/hazel_icelake_8358/inclusion_policy/L2_vs_LLC/base_random_summary_20260915T034855Z.csv
  wrote 402 lines -> data_raw/hazel_icelake_8358/inclusion_policy/L2_vs_LLC/inclusion_policy_base_sequential_20260915T034855Z.csv (pattern=sequential seed=12345)
Wrote 2 summary rows to data_processed/hazel_icelake_8358/inclusion_policy/L2_vs_LLC/base_sequential_summary_20260915T034855Z.csv
-- rep1 (seed=12346) --
  wrote 402 lines -> data_raw/hazel_icelake_8358/inclusion_policy/L2_vs_LLC/inclusion_policy_rep1_random_20260915T034855Z.csv (pattern=random seed=12346)
Wrote 2 summary rows to data_processed/hazel_icelake_8358/inclusion_policy/L2_vs_LLC/rep1_random_summary_20260915T034855Z.csv
  wrote 402 lines -> data_raw/hazel_icelake_8358/inclusion_policy/L2_vs_LLC/inclusion_policy_rep1_sequential_20260915T034855Z.csv (pattern=sequential seed=12346)
Wrote 2 summary rows to data_processed/hazel_icelake_8358/inclusion_policy/L2_vs_LLC/rep1_sequential_summary_20260915T034855Z.csv
-- rep2 (seed=12347) --
  wrote 402 lines -> data_raw/hazel_icelake_8358/inclusion_policy/L2_vs_LLC/inclusion_policy_rep2_random_20260915T034855Z.csv (pattern=random seed=12347)
Wrote 2 summary rows to data_processed/hazel_icelake_8358/inclusion_policy/L2_vs_LLC/rep2_random_summary_20260915T034855Z.csv
  wrote 402 lines -> data_raw/hazel_icelake_8358/inclusion_policy/L2_vs_LLC/inclusion_policy_rep2_sequential_20260915T034855Z.csv (pattern=sequential seed=12347)
Wrote 2 summary rows to data_processed/hazel_icelake_8358/inclusion_policy/L2_vs_LLC/rep2_sequential_summary_20260915T034855Z.csv
WARNING: control channel shows 20.5% invalidated-like trials, but control is never touched by the eviction walk by construction -- this suggests the avoidance construction is compromised on this machine/level (e.g. DTLB pressure from a large eviction footprint, or the upper level's index range exceeding one page -- see inclusion_policy.h's KNOWN LIMITATION). Treat the target verdict below as UNCERTAIN regardless of its own fraction.
Survived-class (upper-level hit) median:       88.05 ticks
Invalidated-class (beyond-lower-level) median: 558.00 ticks
Classification boundary (geometric mean):      221.65 ticks

TARGET channel  (n=200): median=284.0 mean=313.2 ticks -- 80 survived-like (40.0%), 8 ambiguous, 112 invalidated-like (56.0%)
CONTROL channel (n=200): median=88.0 mean=147.1 ticks -- 159 survived-like (79.5%), 0 ambiguous, 41 invalidated-like (20.5%)
Paired check: target read slower than its own trial's control in 96.0% of trials (distribution-free, independent of the class boundary above)

VERDICT: UNCERTAIN (confound suspected -- see warning above)
-- generating plots for L2_vs_LLC --
  note: ('target', 'sequential') has 3 overlapping summary rows with medians [225.0, 281.0, 288.0] (spread 63.0 ticks, 23.8%) -- averaging, widening whiskers to the union
Wrote data_processed/hazel_icelake_8358/inclusion_policy/L2_vs_LLC/plots/inclusion_policy_boxplots.pdf and .png
-- compressing raw CSVs for L2_vs_LLC --

== L1_vs_LLC: target_bytes=32768 lower_level_bytes=50331648 -> evict_bytes=3221225472 (scaled 4096/64x) ==
-- survived-class calibration (evict_bytes=target_bytes, nothing evicted) --
  survived-class (single-shot, calibrated here): 140.328 ticks
  invalidated-class (from data_processed/hazel_icelake_8358/latency/miss/LLC_to_DRAM/base_random_summary_20260915T022749Z.csv): 716.0 ticks
-- base (seed=12345) --
  wrote 402 lines -> data_raw/hazel_icelake_8358/inclusion_policy/L1_vs_LLC/inclusion_policy_base_random_20260915T034855Z.csv (pattern=random seed=12345)
Wrote 2 summary rows to data_processed/hazel_icelake_8358/inclusion_policy/L1_vs_LLC/base_random_summary_20260915T034855Z.csv
  wrote 402 lines -> data_raw/hazel_icelake_8358/inclusion_policy/L1_vs_LLC/inclusion_policy_base_sequential_20260915T034855Z.csv (pattern=sequential seed=12345)
Wrote 2 summary rows to data_processed/hazel_icelake_8358/inclusion_policy/L1_vs_LLC/base_sequential_summary_20260915T034855Z.csv
-- rep1 (seed=12346) --
  wrote 402 lines -> data_raw/hazel_icelake_8358/inclusion_policy/L1_vs_LLC/inclusion_policy_rep1_random_20260915T034855Z.csv (pattern=random seed=12346)
Wrote 2 summary rows to data_processed/hazel_icelake_8358/inclusion_policy/L1_vs_LLC/rep1_random_summary_20260915T034855Z.csv
  wrote 402 lines -> data_raw/hazel_icelake_8358/inclusion_policy/L1_vs_LLC/inclusion_policy_rep1_sequential_20260915T034855Z.csv (pattern=sequential seed=12346)
Wrote 2 summary rows to data_processed/hazel_icelake_8358/inclusion_policy/L1_vs_LLC/rep1_sequential_summary_20260915T034855Z.csv
-- rep2 (seed=12347) --
  wrote 402 lines -> data_raw/hazel_icelake_8358/inclusion_policy/L1_vs_LLC/inclusion_policy_rep2_random_20260915T034855Z.csv (pattern=random seed=12347)
Wrote 2 summary rows to data_processed/hazel_icelake_8358/inclusion_policy/L1_vs_LLC/rep2_random_summary_20260915T034855Z.csv
  wrote 402 lines -> data_raw/hazel_icelake_8358/inclusion_policy/L1_vs_LLC/inclusion_policy_rep2_sequential_20260915T034855Z.csv (pattern=sequential seed=12347)
Wrote 2 summary rows to data_processed/hazel_icelake_8358/inclusion_policy/L1_vs_LLC/rep2_sequential_summary_20260915T034855Z.csv
Survived-class (upper-level hit) median:       140.33 ticks
Invalidated-class (beyond-lower-level) median: 716.00 ticks
Classification boundary (geometric mean):      316.98 ticks

TARGET channel  (n=200): median=94.0 mean=186.1 ticks -- 157 survived-like (78.5%), 22 ambiguous, 21 invalidated-like (10.5%)
CONTROL channel (n=200): median=78.0 mean=198.9 ticks -- 152 survived-like (76.0%), 17 ambiguous, 31 invalidated-like (15.5%)
Paired check: target read slower than its own trial's control in 69.0% of trials (distribution-free, independent of the class boundary above)

VERDICT: UNCERTAIN (mixed result -- do not claim a global policy from this alone)
-- generating plots for L1_vs_LLC --
  note: ('target', 'random') has 3 overlapping summary rows with medians [94.0, 153.0, 92.0] (spread 61.0 ticks, 54.0%) -- averaging, widening whiskers to the union
Wrote data_processed/hazel_icelake_8358/inclusion_policy/L1_vs_LLC/plots/inclusion_policy_boxplots.pdf and .png
-- compressing raw CSVs for L1_vs_LLC --

== done ==
== L1_vs_L2: VERDICT: EXCLUSIVE / NON-INCLUSIVE (upper-level copy consistently survived lower-level eviction) ==
== L2_vs_LLC: VERDICT: UNCERTAIN (confound suspected -- see warning above) ==
== L1_vs_LLC: VERDICT: UNCERTAIN (mixed result -- do not claim a global policy from this alone) ==
== record in data_raw/hazel_icelake_8358/README.md: core=46, base_seed=12345 (repeats use base_seed+index), trials=200, assumed_line_size_bytes=64, timestamp=20260915T034855Z ==
== full transcript saved to: data_raw/hazel_icelake_8358/inclusion_policy/run_inclusion_policy_full_20260915T034855Z.log ==
