== run_associativity_full: machine=hazel_haswell core=10 base_seed=12345 max_ways=40 ==
== timestamp=20260914T201700Z ==
-- using explicit cache_bytes override: 32768 262144 25165824 --

== level L1: cache_bytes=32768 ==
-- base sweep num_ways=2-40 --
/usr/local/sbin/task_epilog.sh: line 261: /home/krchen/.cache/slurm-summary/834509.c207n02.tmp.3321324: Disk quota exceeded
  wrote 39002 lines -> data_raw/hazel_haswell/associativity/L1/associativity_base_random_20260914T201700Z.csv (seed=12345)
/usr/local/sbin/task_epilog.sh: line 261: /home/krchen/.cache/slurm-summary/834509.c207n02.tmp.3321368: Disk quota exceeded
  wrote 39002 lines -> data_raw/hazel_haswell/associativity/L1/associativity_base_sequential_20260914T201700Z.csv (seed=12345)
Wrote 39 summary rows to data_processed/hazel_haswell/associativity/L1/base_random_summary_20260914T201700Z.csv
Wrote 39 summary rows to data_processed/hazel_haswell/associativity/L1/base_sequential_summary_20260914T201700Z.csv
-- detected associativity estimate: 8 --
  -- repeat 1/2 (seed=12346) --
/usr/local/sbin/task_epilog.sh: line 261: /home/krchen/.cache/slurm-summary/834509.c207n02.tmp.3321416: Disk quota exceeded
  wrote 39002 lines -> data_raw/hazel_haswell/associativity/L1/associativity_rep1_random_20260914T201700Z.csv (seed=12346)
/usr/local/sbin/task_epilog.sh: line 261: /home/krchen/.cache/slurm-summary/834509.c207n02.tmp.3321472: Disk quota exceeded
  wrote 39002 lines -> data_raw/hazel_haswell/associativity/L1/associativity_rep1_sequential_20260914T201700Z.csv (seed=12346)
Wrote 39 summary rows to data_processed/hazel_haswell/associativity/L1/rep1_random_summary_20260914T201700Z.csv
Wrote 39 summary rows to data_processed/hazel_haswell/associativity/L1/rep1_sequential_summary_20260914T201700Z.csv
     repeat 1 detected estimate: 8
  -- repeat 2/2 (seed=12347) --
/usr/local/sbin/task_epilog.sh: line 261: /home/krchen/.cache/slurm-summary/834509.c207n02.tmp.3321519: Disk quota exceeded
  wrote 39002 lines -> data_raw/hazel_haswell/associativity/L1/associativity_rep2_random_20260914T201700Z.csv (seed=12347)
/usr/local/sbin/task_epilog.sh: line 261: /home/krchen/.cache/slurm-summary/834509.c207n02.tmp.3321562: Disk quota exceeded
  wrote 39002 lines -> data_raw/hazel_haswell/associativity/L1/associativity_rep2_sequential_20260914T201700Z.csv (seed=12347)
Wrote 39 summary rows to data_processed/hazel_haswell/associativity/L1/rep2_random_summary_20260914T201700Z.csv
Wrote 39 summary rows to data_processed/hazel_haswell/associativity/L1/rep2_sequential_summary_20260914T201700Z.csv
     repeat 2 detected estimate: 8
-- generating plots for L1 --
  note: num_ways=25 (sequential) has 3 overlapping summary rows with medians [19.2, 19.2, 28.2] (spread 9.0 ticks, 40.4%) -- averaging, widening whiskers to the union
  note: num_ways=26 (sequential) has 3 overlapping summary rows with medians [19.2, 19.2, 28.6] (spread 9.5 ticks, 42.4%) -- averaging, widening whiskers to the union
  note: num_ways=27 (sequential) has 3 overlapping summary rows with medians [19.2, 19.2, 28.3] (spread 9.1 ticks, 41.0%) -- averaging, widening whiskers to the union
  note: num_ways=28 (sequential) has 3 overlapping summary rows with medians [19.2, 19.2, 28.0] (spread 8.8 ticks, 39.6%) -- averaging, widening whiskers to the union
  note: num_ways=29 (sequential) has 3 overlapping summary rows with medians [19.2, 19.2, 27.7] (spread 8.5 ticks, 38.4%) -- averaging, widening whiskers to the union
  note: num_ways=30 (sequential) has 3 overlapping summary rows with medians [19.2, 19.2, 27.4] (spread 8.2 ticks, 37.4%) -- averaging, widening whiskers to the union
  note: num_ways=31 (sequential) has 3 overlapping summary rows with medians [19.2, 19.2, 27.1] (spread 7.9 ticks, 36.2%) -- averaging, widening whiskers to the union
  note: num_ways=32 (sequential) has 3 overlapping summary rows with medians [19.2, 19.2, 26.8] (spread 7.6 ticks, 34.9%) -- averaging, widening whiskers to the union
  note: num_ways=33 (sequential) has 3 overlapping summary rows with medians [19.2, 19.2, 26.8] (spread 7.6 ticks, 35.1%) -- averaging, widening whiskers to the union
  note: num_ways=34 (sequential) has 3 overlapping summary rows with medians [28.1, 19.2, 26.4] (spread 8.9 ticks, 36.0%) -- averaging, widening whiskers to the union
  note: num_ways=35 (sequential) has 3 overlapping summary rows with medians [27.2, 19.2, 26.2] (spread 8.0 ticks, 33.1%) -- averaging, widening whiskers to the union
  note: num_ways=36 (sequential) has 3 overlapping summary rows with medians [27.6, 19.2, 26.9] (spread 8.5 ticks, 34.4%) -- averaging, widening whiskers to the union
  note: num_ways=37 (sequential) has 3 overlapping summary rows with medians [27.4, 19.2, 26.7] (spread 8.2 ticks, 33.4%) -- averaging, widening whiskers to the union
  note: num_ways=38 (sequential) has 3 overlapping summary rows with medians [26.6, 19.2, 26.5] (spread 7.4 ticks, 30.8%) -- averaging, widening whiskers to the union
  note: num_ways=39 (sequential) has 3 overlapping summary rows with medians [26.2, 19.2, 26.4] (spread 7.2 ticks, 30.1%) -- averaging, widening whiskers to the union
  note: num_ways=40 (sequential) has 3 overlapping summary rows with medians [26.6, 19.2, 26.7] (spread 7.6 ticks, 31.3%) -- averaging, widening whiskers to the union
Wrote data_processed/hazel_haswell/associativity/L1/plots/associativity_curve.pdf and .png
Wrote data_processed/hazel_haswell/associativity/L1/plots/associativity_boxplots.pdf and .png
-- compressing raw CSVs for L1 --

== level L2: cache_bytes=262144 ==
-- base sweep num_ways=2-40 --
/usr/local/sbin/task_epilog.sh: line 261: /home/krchen/.cache/slurm-summary/834509.c207n02.tmp.3321615: Disk quota exceeded
  wrote 39002 lines -> data_raw/hazel_haswell/associativity/L2/associativity_base_random_20260914T201700Z.csv (seed=12345)
/usr/local/sbin/task_epilog.sh: line 261: /home/krchen/.cache/slurm-summary/834509.c207n02.tmp.3321658: Disk quota exceeded
  wrote 39002 lines -> data_raw/hazel_haswell/associativity/L2/associativity_base_sequential_20260914T201700Z.csv (seed=12345)
Wrote 39 summary rows to data_processed/hazel_haswell/associativity/L2/base_random_summary_20260914T201700Z.csv
Wrote 39 summary rows to data_processed/hazel_haswell/associativity/L2/base_sequential_summary_20260914T201700Z.csv
-- detected associativity estimate: 3 --
  -- repeat 1/2 (seed=12346) --
/usr/local/sbin/task_epilog.sh: line 261: /home/krchen/.cache/slurm-summary/834509.c207n02.tmp.3321706: Disk quota exceeded
  wrote 39002 lines -> data_raw/hazel_haswell/associativity/L2/associativity_rep1_random_20260914T201700Z.csv (seed=12346)
/usr/local/sbin/task_epilog.sh: line 261: /home/krchen/.cache/slurm-summary/834509.c207n02.tmp.3321749: Disk quota exceeded
  wrote 39002 lines -> data_raw/hazel_haswell/associativity/L2/associativity_rep1_sequential_20260914T201700Z.csv (seed=12346)
Wrote 39 summary rows to data_processed/hazel_haswell/associativity/L2/rep1_random_summary_20260914T201700Z.csv
Wrote 39 summary rows to data_processed/hazel_haswell/associativity/L2/rep1_sequential_summary_20260914T201700Z.csv
     repeat 1 detected estimate: 4
  -- repeat 2/2 (seed=12347) --
/usr/local/sbin/task_epilog.sh: line 261: /home/krchen/.cache/slurm-summary/834509.c207n02.tmp.3321796: Disk quota exceeded
  wrote 39002 lines -> data_raw/hazel_haswell/associativity/L2/associativity_rep2_random_20260914T201700Z.csv (seed=12347)
/usr/local/sbin/task_epilog.sh: line 261: /home/krchen/.cache/slurm-summary/834509.c207n02.tmp.3321839: Disk quota exceeded
  wrote 39002 lines -> data_raw/hazel_haswell/associativity/L2/associativity_rep2_sequential_20260914T201700Z.csv (seed=12347)
Wrote 39 summary rows to data_processed/hazel_haswell/associativity/L2/rep2_random_summary_20260914T201700Z.csv
Wrote 39 summary rows to data_processed/hazel_haswell/associativity/L2/rep2_sequential_summary_20260914T201700Z.csv
     repeat 2 detected estimate: 4
WARNING: repeat(s) disagree with the base estimate (base=3,
         repeats=4 4) -- do NOT treat this level's
         associativity as resolved; investigate before citing a number.
-- generating plots for L2 --
  note: num_ways=4 (random) has 3 overlapping summary rows with medians [11.7, 7.7, 7.7] (spread 3.9 ticks, 43.6%) -- averaging, widening whiskers to the union
  note: num_ways=13 (random) has 3 overlapping summary rows with medians [15.4, 33.8, 15.5] (spread 18.4 ticks, 85.1%) -- averaging, widening whiskers to the union
  note: num_ways=14 (random) has 3 overlapping summary rows with medians [32.9, 32.5, 15.7] (spread 17.2 ticks, 63.7%) -- averaging, widening whiskers to the union
  note: num_ways=15 (random) has 3 overlapping summary rows with medians [32.2, 32.3, 16.0] (spread 16.3 ticks, 60.9%) -- averaging, widening whiskers to the union
  note: num_ways=16 (random) has 3 overlapping summary rows with medians [32.9, 30.9, 16.2] (spread 16.7 ticks, 62.7%) -- averaging, widening whiskers to the union
  note: num_ways=4 (sequential) has 3 overlapping summary rows with medians [7.7, 7.7, 11.7] (spread 3.9 ticks, 43.6%) -- averaging, widening whiskers to the union
  note: num_ways=9 (sequential) has 3 overlapping summary rows with medians [9.3, 15.8, 9.3] (spread 6.5 ticks, 56.8%) -- averaging, widening whiskers to the union
  note: num_ways=10 (sequential) has 3 overlapping summary rows with medians [14.0, 40.9, 37.6] (spread 26.9 ticks, 87.2%) -- averaging, widening whiskers to the union
  note: num_ways=11 (sequential) has 3 overlapping summary rows with medians [13.2, 38.5, 36.0] (spread 25.3 ticks, 86.6%) -- averaging, widening whiskers to the union
  note: num_ways=12 (sequential) has 3 overlapping summary rows with medians [13.2, 36.3, 34.1] (spread 23.1 ticks, 83.1%) -- averaging, widening whiskers to the union
  note: num_ways=13 (sequential) has 3 overlapping summary rows with medians [15.5, 38.8, 35.1] (spread 23.3 ticks, 78.3%) -- averaging, widening whiskers to the union
  note: num_ways=14 (sequential) has 3 overlapping summary rows with medians [15.7, 37.5, 33.6] (spread 21.8 ticks, 75.3%) -- averaging, widening whiskers to the union
  note: num_ways=15 (sequential) has 3 overlapping summary rows with medians [16.0, 35.2, 32.7] (spread 19.3 ticks, 68.9%) -- averaging, widening whiskers to the union
  note: num_ways=16 (sequential) has 3 overlapping summary rows with medians [16.2, 34.2, 31.1] (spread 18.0 ticks, 66.4%) -- averaging, widening whiskers to the union
Wrote data_processed/hazel_haswell/associativity/L2/plots/associativity_curve.pdf and .png
Wrote data_processed/hazel_haswell/associativity/L2/plots/associativity_boxplots.pdf and .png
-- compressing raw CSVs for L2 --

== level L3_LLC: cache_bytes=25165824 ==
-- base sweep num_ways=2-40 --
/usr/local/sbin/task_epilog.sh: line 261: /home/krchen/.cache/slurm-summary/834509.c207n02.tmp.3321890: Disk quota exceeded
  wrote 39002 lines -> data_raw/hazel_haswell/associativity/L3_LLC/associativity_base_random_20260914T201700Z.csv (seed=12345)
/usr/local/sbin/task_epilog.sh: line 261: /home/krchen/.cache/slurm-summary/834509.c207n02.tmp.3321934: Disk quota exceeded
  wrote 39002 lines -> data_raw/hazel_haswell/associativity/L3_LLC/associativity_base_sequential_20260914T201700Z.csv (seed=12345)
Wrote 39 summary rows to data_processed/hazel_haswell/associativity/L3_LLC/base_random_summary_20260914T201700Z.csv
Wrote 39 summary rows to data_processed/hazel_haswell/associativity/L3_LLC/base_sequential_summary_20260914T201700Z.csv
-- detected associativity estimate: 9 --
  -- repeat 1/2 (seed=12346) --
/usr/local/sbin/task_epilog.sh: line 261: /home/krchen/.cache/slurm-summary/834509.c207n02.tmp.3321992: Disk quota exceeded
  wrote 39002 lines -> data_raw/hazel_haswell/associativity/L3_LLC/associativity_rep1_random_20260914T201700Z.csv (seed=12346)
/usr/local/sbin/task_epilog.sh: line 261: /home/krchen/.cache/slurm-summary/834509.c207n02.tmp.3322041: Disk quota exceeded
  wrote 39002 lines -> data_raw/hazel_haswell/associativity/L3_LLC/associativity_rep1_sequential_20260914T201700Z.csv (seed=12346)
Wrote 39 summary rows to data_processed/hazel_haswell/associativity/L3_LLC/rep1_random_summary_20260914T201700Z.csv
Wrote 39 summary rows to data_processed/hazel_haswell/associativity/L3_LLC/rep1_sequential_summary_20260914T201700Z.csv
     repeat 1 detected estimate: 9
  -- repeat 2/2 (seed=12347) --
/usr/local/sbin/task_epilog.sh: line 261: /home/krchen/.cache/slurm-summary/834509.c207n02.tmp.3322088: Disk quota exceeded
  wrote 39002 lines -> data_raw/hazel_haswell/associativity/L3_LLC/associativity_rep2_random_20260914T201700Z.csv (seed=12347)
/usr/local/sbin/task_epilog.sh: line 261: /home/krchen/.cache/slurm-summary/834509.c207n02.tmp.3322131: Disk quota exceeded
  wrote 39002 lines -> data_raw/hazel_haswell/associativity/L3_LLC/associativity_rep2_sequential_20260914T201700Z.csv (seed=12347)
Wrote 39 summary rows to data_processed/hazel_haswell/associativity/L3_LLC/rep2_random_summary_20260914T201700Z.csv
Wrote 39 summary rows to data_processed/hazel_haswell/associativity/L3_LLC/rep2_sequential_summary_20260914T201700Z.csv
     repeat 2 detected estimate: 9
-- generating plots for L3_LLC --
  note: num_ways=9 (sequential) has 3 overlapping summary rows with medians [29.0, 9.3, 16.2] (spread 19.7 ticks, 108.5%) -- averaging, widening whiskers to the union
Wrote data_processed/hazel_haswell/associativity/L3_LLC/plots/associativity_curve.pdf and .png
Wrote data_processed/hazel_haswell/associativity/L3_LLC/plots/associativity_boxplots.pdf and .png
-- compressing raw CSVs for L3_LLC --

== done ==
== L1: cache_bytes=32768 -> associativity=8 (repeats: 8 8) ==
== L2: cache_bytes=262144 -> associativity=3 (repeats: 4 4) ==
== L3_LLC: cache_bytes=25165824 -> associativity=9 (repeats: 9 9) ==
== record in data_raw/hazel_haswell/README.md: core=10, base_seed=12345 (repeats use base_seed+index), samples=1000000, max_ways=40, timestamp=20260914T201700Z ==
== full transcript saved to: data_raw/hazel_haswell/associativity/run_associativity_full_20260914T201700Z.log ==
