== run_associativity_full: machine=skylark core=10 base_seed=12345 max_ways=40 ==
== timestamp=20260912T224538Z ==
-- using explicit cache_bytes override: 32768 524288 8388608 --

== level L1: cache_bytes=32768 ==
-- base sweep num_ways=2-40 --
  wrote 39002 lines -> data_raw/skylark/associativity/L1/associativity_base_random_20260912T224538Z.csv (seed=12345)
  wrote 39002 lines -> data_raw/skylark/associativity/L1/associativity_base_sequential_20260912T224538Z.csv (seed=12345)
Wrote 39 summary rows to data_processed/skylark/associativity/L1/base_random_summary_20260912T224538Z.csv
Wrote 39 summary rows to data_processed/skylark/associativity/L1/base_sequential_summary_20260912T224538Z.csv
-- detected associativity estimate: 9 --
  -- repeat 1/2 (seed=12346) --
  wrote 39002 lines -> data_raw/skylark/associativity/L1/associativity_rep1_random_20260912T224538Z.csv (seed=12346)
  wrote 39002 lines -> data_raw/skylark/associativity/L1/associativity_rep1_sequential_20260912T224538Z.csv (seed=12346)
Wrote 39 summary rows to data_processed/skylark/associativity/L1/rep1_random_summary_20260912T224538Z.csv
Wrote 39 summary rows to data_processed/skylark/associativity/L1/rep1_sequential_summary_20260912T224538Z.csv
     repeat 1 detected estimate: 9
  -- repeat 2/2 (seed=12347) --
  wrote 39002 lines -> data_raw/skylark/associativity/L1/associativity_rep2_random_20260912T224538Z.csv (seed=12347)
  wrote 39002 lines -> data_raw/skylark/associativity/L1/associativity_rep2_sequential_20260912T224538Z.csv (seed=12347)
Wrote 39 summary rows to data_processed/skylark/associativity/L1/rep2_random_summary_20260912T224538Z.csv
Wrote 39 summary rows to data_processed/skylark/associativity/L1/rep2_sequential_summary_20260912T224538Z.csv
     repeat 2 detected estimate: 9
-- generating plots for L1 --
Wrote data_processed/skylark/associativity/L1/plots/associativity_curve.pdf and .png
Wrote data_processed/skylark/associativity/L1/plots/associativity_boxplots.pdf and .png
-- compressing raw CSVs for L1 --

== level L2: cache_bytes=524288 ==
-- base sweep num_ways=2-40 --
  wrote 39002 lines -> data_raw/skylark/associativity/L2/associativity_base_random_20260912T224538Z.csv (seed=12345)
  wrote 39002 lines -> data_raw/skylark/associativity/L2/associativity_base_sequential_20260912T224538Z.csv (seed=12345)
Wrote 39 summary rows to data_processed/skylark/associativity/L2/base_random_summary_20260912T224538Z.csv
Wrote 39 summary rows to data_processed/skylark/associativity/L2/base_sequential_summary_20260912T224538Z.csv
-- detected associativity estimate: 9 --
  -- repeat 1/2 (seed=12346) --
  wrote 39002 lines -> data_raw/skylark/associativity/L2/associativity_rep1_random_20260912T224538Z.csv (seed=12346)
  wrote 39002 lines -> data_raw/skylark/associativity/L2/associativity_rep1_sequential_20260912T224538Z.csv (seed=12346)
Wrote 39 summary rows to data_processed/skylark/associativity/L2/rep1_random_summary_20260912T224538Z.csv
Wrote 39 summary rows to data_processed/skylark/associativity/L2/rep1_sequential_summary_20260912T224538Z.csv
     repeat 1 detected estimate: 9
  -- repeat 2/2 (seed=12347) --
  wrote 39002 lines -> data_raw/skylark/associativity/L2/associativity_rep2_random_20260912T224538Z.csv (seed=12347)
  wrote 39002 lines -> data_raw/skylark/associativity/L2/associativity_rep2_sequential_20260912T224538Z.csv (seed=12347)
Wrote 39 summary rows to data_processed/skylark/associativity/L2/rep2_random_summary_20260912T224538Z.csv
Wrote 39 summary rows to data_processed/skylark/associativity/L2/rep2_sequential_summary_20260912T224538Z.csv
     repeat 2 detected estimate: 9
-- generating plots for L2 --
  note: num_ways=38 (random) has 3 overlapping summary rows with medians [37.9, 29.1, 29.2] (spread 8.8 ticks, 27.5%) -- averaging, widening whiskers to the union
  note: num_ways=40 (random) has 3 overlapping summary rows with medians [41.3, 47.0, 28.7] (spread 18.3 ticks, 46.9%) -- averaging, widening whiskers to the union
  note: num_ways=10 (sequential) has 3 overlapping summary rows with medians [9.7, 16.4, 9.7] (spread 6.8 ticks, 56.7%) -- averaging, widening whiskers to the union
  note: num_ways=11 (sequential) has 3 overlapping summary rows with medians [9.7, 15.0, 9.6] (spread 5.3 ticks, 46.6%) -- averaging, widening whiskers to the union
  note: num_ways=12 (sequential) has 3 overlapping summary rows with medians [9.7, 16.8, 9.7] (spread 7.2 ticks, 59.4%) -- averaging, widening whiskers to the union
Wrote data_processed/skylark/associativity/L2/plots/associativity_curve.pdf and .png
Wrote data_processed/skylark/associativity/L2/plots/associativity_boxplots.pdf and .png
-- compressing raw CSVs for L2 --

== level L3_LLC: cache_bytes=8388608 ==
-- base sweep num_ways=2-40 --
  wrote 39002 lines -> data_raw/skylark/associativity/L3_LLC/associativity_base_random_20260912T224538Z.csv (seed=12345)
  wrote 39002 lines -> data_raw/skylark/associativity/L3_LLC/associativity_base_sequential_20260912T224538Z.csv (seed=12345)
Wrote 39 summary rows to data_processed/skylark/associativity/L3_LLC/base_random_summary_20260912T224538Z.csv
Wrote 39 summary rows to data_processed/skylark/associativity/L3_LLC/base_sequential_summary_20260912T224538Z.csv
-- detected associativity estimate: 8 --
  -- repeat 1/2 (seed=12346) --
  wrote 39002 lines -> data_raw/skylark/associativity/L3_LLC/associativity_rep1_random_20260912T224538Z.csv (seed=12346)
  wrote 39002 lines -> data_raw/skylark/associativity/L3_LLC/associativity_rep1_sequential_20260912T224538Z.csv (seed=12346)
Wrote 39 summary rows to data_processed/skylark/associativity/L3_LLC/rep1_random_summary_20260912T224538Z.csv
Wrote 39 summary rows to data_processed/skylark/associativity/L3_LLC/rep1_sequential_summary_20260912T224538Z.csv
     repeat 1 detected estimate: 8
  -- repeat 2/2 (seed=12347) --
  wrote 39002 lines -> data_raw/skylark/associativity/L3_LLC/associativity_rep2_random_20260912T224538Z.csv (seed=12347)
  wrote 39002 lines -> data_raw/skylark/associativity/L3_LLC/associativity_rep2_sequential_20260912T224538Z.csv (seed=12347)
Wrote 39 summary rows to data_processed/skylark/associativity/L3_LLC/rep2_random_summary_20260912T224538Z.csv
Wrote 39 summary rows to data_processed/skylark/associativity/L3_LLC/rep2_sequential_summary_20260912T224538Z.csv
     repeat 2 detected estimate: 7
WARNING: repeat(s) disagree with the base estimate (base=8,
         repeats=8 7) -- do NOT treat this level's
         associativity as resolved; investigate before citing a number.
-- generating plots for L3_LLC --
  note: num_ways=8 (random) has 3 overlapping summary rows with medians [6.1, 6.1, 11.9] (spread 5.7 ticks, 71.4%) -- averaging, widening whiskers to the union
  note: num_ways=9 (random) has 3 overlapping summary rows with medians [18.2, 18.2, 12.3] (spread 6.0 ticks, 36.6%) -- averaging, widening whiskers to the union
Wrote data_processed/skylark/associativity/L3_LLC/plots/associativity_curve.pdf and .png
Wrote data_processed/skylark/associativity/L3_LLC/plots/associativity_boxplots.pdf and .png
-- compressing raw CSVs for L3_LLC --

== done ==
== L1: cache_bytes=32768 -> associativity=9 (repeats: 9 9) ==
== L2: cache_bytes=524288 -> associativity=9 (repeats: 9 9) ==
== L3_LLC: cache_bytes=8388608 -> associativity=8 (repeats: 8 7) ==
== record in data_raw/skylark/README.md: core=10, base_seed=12345 (repeats use base_seed+index), samples=1000000, max_ways=40, timestamp=20260912T224538Z ==
== full transcript saved to: data_raw/skylark/associativity/run_associativity_full_20260912T224538Z.log ==
