== run_line_size: machine=hazel_cascadelake/phase1_v2 core=0 seed=12345 ==
== timestamp=20260916T043443Z boundaries=32768,1048576,16777216 coarse_strides=8,16,32,64,128,256 ==

############################################################
## LEVEL boundary=32768B -- Method A window=[4096,131072] bytes
############################################################
-- [L32768 A coarse] stride=8B pattern=random offset=0B --
  wrote 31002 lines -> data_raw/hazel_cascadelake/phase1_v2/line_size/level_32768/family_8_random_20260916T043443Z.csv
Wrote 31 summary rows to data_processed/hazel_cascadelake/phase1_v2/line_size/level_32768/family_8_random_summary.csv
-- [L32768 A coarse] stride=8B pattern=sequential offset=0B --
  wrote 31002 lines -> data_raw/hazel_cascadelake/phase1_v2/line_size/level_32768/family_8_sequential_20260916T043443Z.csv
Wrote 31 summary rows to data_processed/hazel_cascadelake/phase1_v2/line_size/level_32768/family_8_sequential_summary.csv
-- [L32768 A coarse] stride=16B pattern=random offset=0B --
  wrote 31002 lines -> data_raw/hazel_cascadelake/phase1_v2/line_size/level_32768/family_16_random_20260916T043443Z.csv
Wrote 31 summary rows to data_processed/hazel_cascadelake/phase1_v2/line_size/level_32768/family_16_random_summary.csv
-- [L32768 A coarse] stride=16B pattern=sequential offset=0B --
  wrote 31002 lines -> data_raw/hazel_cascadelake/phase1_v2/line_size/level_32768/family_16_sequential_20260916T043443Z.csv
Wrote 31 summary rows to data_processed/hazel_cascadelake/phase1_v2/line_size/level_32768/family_16_sequential_summary.csv
-- [L32768 A coarse] stride=32B pattern=random offset=0B --
  wrote 31002 lines -> data_raw/hazel_cascadelake/phase1_v2/line_size/level_32768/family_32_random_20260916T043443Z.csv
Wrote 31 summary rows to data_processed/hazel_cascadelake/phase1_v2/line_size/level_32768/family_32_random_summary.csv
-- [L32768 A coarse] stride=32B pattern=sequential offset=0B --
  wrote 31002 lines -> data_raw/hazel_cascadelake/phase1_v2/line_size/level_32768/family_32_sequential_20260916T043443Z.csv
Wrote 31 summary rows to data_processed/hazel_cascadelake/phase1_v2/line_size/level_32768/family_32_sequential_summary.csv
-- [L32768 A coarse] stride=64B pattern=random offset=0B --
  wrote 31002 lines -> data_raw/hazel_cascadelake/phase1_v2/line_size/level_32768/family_64_random_20260916T043443Z.csv
Wrote 31 summary rows to data_processed/hazel_cascadelake/phase1_v2/line_size/level_32768/family_64_random_summary.csv
-- [L32768 A coarse] stride=64B pattern=sequential offset=0B --
  wrote 31002 lines -> data_raw/hazel_cascadelake/phase1_v2/line_size/level_32768/family_64_sequential_20260916T043443Z.csv
Wrote 31 summary rows to data_processed/hazel_cascadelake/phase1_v2/line_size/level_32768/family_64_sequential_summary.csv
-- [L32768 A coarse] stride=128B pattern=random offset=0B --
  wrote 31002 lines -> data_raw/hazel_cascadelake/phase1_v2/line_size/level_32768/family_128_random_20260916T043443Z.csv
Wrote 31 summary rows to data_processed/hazel_cascadelake/phase1_v2/line_size/level_32768/family_128_random_summary.csv
-- [L32768 A coarse] stride=128B pattern=sequential offset=0B --
  wrote 31002 lines -> data_raw/hazel_cascadelake/phase1_v2/line_size/level_32768/family_128_sequential_20260916T043443Z.csv
Wrote 31 summary rows to data_processed/hazel_cascadelake/phase1_v2/line_size/level_32768/family_128_sequential_summary.csv
-- [L32768 A coarse] stride=256B pattern=random offset=0B --
  wrote 31002 lines -> data_raw/hazel_cascadelake/phase1_v2/line_size/level_32768/family_256_random_20260916T043443Z.csv
Wrote 31 summary rows to data_processed/hazel_cascadelake/phase1_v2/line_size/level_32768/family_256_random_summary.csv
-- [L32768 A coarse] stride=256B pattern=sequential offset=0B --
  wrote 31002 lines -> data_raw/hazel_cascadelake/phase1_v2/line_size/level_32768/family_256_sequential_20260916T043443Z.csv
Wrote 31 summary rows to data_processed/hazel_cascadelake/phase1_v2/line_size/level_32768/family_256_sequential_summary.csv
-- [L32768 A steps 1-3] generating coarse family-of-curves plots --
Wrote data_processed/hazel_cascadelake/phase1_v2/line_size/level_32768/plots/line_size_family_curve.pdf and .png
-- per-stride elbow (bytes): {8B: 65536, 16B: 58384, 32B: 52000, 64B: 36736, 128B: 36736, 256B: 36608}
-- line-size estimate: smallest candidate stride whose elbow agrees with largest tested stride (~36608 bytes) is 64B -- see infer_line_size's docstring caveat on the fixed grid resolution before citing this as a clean line-size number on its own
Wrote data_processed/hazel_cascadelake/phase1_v2/line_size/level_32768/plots/line_size_family_boxplots.pdf and .png
   (the per-stride elbow / line-size-estimate lines just above are
   plot_line_size_family.py's own diagnostic guess from ONE un-repeated coarse
   sweep -- NOT auto-applied below; see data_processed/hazel_cascadelake/phase1_v2/line_size/level_32768/plots/line_size_family_curve.png
   and decide the step-4 candidate yourself)
== [L32768 A] no candidate given for this level -- inspect
   data_processed/hazel_cascadelake/phase1_v2/line_size/level_32768/plots/line_size_family_curve.png yourself and re-run with an
   explicit candidate stride in candidate_overrides_csv for this level (no
   auto-detection: it proved unreliable across runs/cores, see the script's
   header comment). Skipping Method-A step 4.

-- [L32768 B] single-curve method, footprint_bytes=65536 (2.0x boundary) --
-- [L32768 B coarse] stride 8-1024 bytes (step 8) --
  wrote 128002 lines -> data_raw/hazel_cascadelake/phase1_v2/line_size/level_32768/singlecurve_coarse_random_20260916T043443Z.csv
  wrote 128002 lines -> data_raw/hazel_cascadelake/phase1_v2/line_size/level_32768/singlecurve_coarse_sequential_20260916T043443Z.csv
Wrote 128 summary rows to data_processed/hazel_cascadelake/phase1_v2/line_size/level_32768/singlecurve_coarse_random_summary.csv
Wrote 128 summary rows to data_processed/hazel_cascadelake/phase1_v2/line_size/level_32768/singlecurve_coarse_sequential_summary.csv
-- [L32768 B] detected line-size estimate (bytes): none --
-- [L32768 B] no transition detected in the coarse sweep; skipping dense/repeat stages --
-- [L32768 B] generating single-curve plots --
  note: flagged 3 isolated spike stride(s) as probable page-aliasing artifacts: [256, 512, 1024]
Wrote data_processed/hazel_cascadelake/phase1_v2/line_size/level_32768/plots/line_size_curve.pdf and .png
Wrote data_processed/hazel_cascadelake/phase1_v2/line_size/level_32768/plots/line_size_boxplots.pdf and .png
-- compressing raw CSVs for level 32768 --

############################################################
## LEVEL boundary=1048576B -- Method A window=[131072,4194304] bytes
############################################################
-- [L1048576 A coarse] stride=8B pattern=random offset=0B --
  wrote 31002 lines -> data_raw/hazel_cascadelake/phase1_v2/line_size/level_1048576/family_8_random_20260916T043443Z.csv
Wrote 31 summary rows to data_processed/hazel_cascadelake/phase1_v2/line_size/level_1048576/family_8_random_summary.csv
-- [L1048576 A coarse] stride=8B pattern=sequential offset=0B --
  wrote 31002 lines -> data_raw/hazel_cascadelake/phase1_v2/line_size/level_1048576/family_8_sequential_20260916T043443Z.csv
Wrote 31 summary rows to data_processed/hazel_cascadelake/phase1_v2/line_size/level_1048576/family_8_sequential_summary.csv
-- [L1048576 A coarse] stride=16B pattern=random offset=0B --
  wrote 31002 lines -> data_raw/hazel_cascadelake/phase1_v2/line_size/level_1048576/family_16_random_20260916T043443Z.csv
Wrote 31 summary rows to data_processed/hazel_cascadelake/phase1_v2/line_size/level_1048576/family_16_random_summary.csv
-- [L1048576 A coarse] stride=16B pattern=sequential offset=0B --
  wrote 31002 lines -> data_raw/hazel_cascadelake/phase1_v2/line_size/level_1048576/family_16_sequential_20260916T043443Z.csv
Wrote 31 summary rows to data_processed/hazel_cascadelake/phase1_v2/line_size/level_1048576/family_16_sequential_summary.csv
-- [L1048576 A coarse] stride=32B pattern=random offset=0B --
  wrote 31002 lines -> data_raw/hazel_cascadelake/phase1_v2/line_size/level_1048576/family_32_random_20260916T043443Z.csv
Wrote 31 summary rows to data_processed/hazel_cascadelake/phase1_v2/line_size/level_1048576/family_32_random_summary.csv
-- [L1048576 A coarse] stride=32B pattern=sequential offset=0B --
  wrote 31002 lines -> data_raw/hazel_cascadelake/phase1_v2/line_size/level_1048576/family_32_sequential_20260916T043443Z.csv
Wrote 31 summary rows to data_processed/hazel_cascadelake/phase1_v2/line_size/level_1048576/family_32_sequential_summary.csv
-- [L1048576 A coarse] stride=64B pattern=random offset=0B --
  wrote 31002 lines -> data_raw/hazel_cascadelake/phase1_v2/line_size/level_1048576/family_64_random_20260916T043443Z.csv
Wrote 31 summary rows to data_processed/hazel_cascadelake/phase1_v2/line_size/level_1048576/family_64_random_summary.csv
-- [L1048576 A coarse] stride=64B pattern=sequential offset=0B --
  wrote 31002 lines -> data_raw/hazel_cascadelake/phase1_v2/line_size/level_1048576/family_64_sequential_20260916T043443Z.csv
Wrote 31 summary rows to data_processed/hazel_cascadelake/phase1_v2/line_size/level_1048576/family_64_sequential_summary.csv
-- [L1048576 A coarse] stride=128B pattern=random offset=0B --
  wrote 31002 lines -> data_raw/hazel_cascadelake/phase1_v2/line_size/level_1048576/family_128_random_20260916T043443Z.csv
Wrote 31 summary rows to data_processed/hazel_cascadelake/phase1_v2/line_size/level_1048576/family_128_random_summary.csv
-- [L1048576 A coarse] stride=128B pattern=sequential offset=0B --
  wrote 31002 lines -> data_raw/hazel_cascadelake/phase1_v2/line_size/level_1048576/family_128_sequential_20260916T043443Z.csv
Wrote 31 summary rows to data_processed/hazel_cascadelake/phase1_v2/line_size/level_1048576/family_128_sequential_summary.csv
-- [L1048576 A coarse] stride=256B pattern=random offset=0B --
  wrote 31002 lines -> data_raw/hazel_cascadelake/phase1_v2/line_size/level_1048576/family_256_random_20260916T043443Z.csv
Wrote 31 summary rows to data_processed/hazel_cascadelake/phase1_v2/line_size/level_1048576/family_256_random_summary.csv
-- [L1048576 A coarse] stride=256B pattern=sequential offset=0B --
  wrote 31002 lines -> data_raw/hazel_cascadelake/phase1_v2/line_size/level_1048576/family_256_sequential_20260916T043443Z.csv
Wrote 31 summary rows to data_processed/hazel_cascadelake/phase1_v2/line_size/level_1048576/family_256_sequential_summary.csv
-- [L1048576 A steps 1-3] generating coarse family-of-curves plots --
Wrote data_processed/hazel_cascadelake/phase1_v2/line_size/level_1048576/plots/line_size_family_curve.pdf and .png
-- per-stride elbow (bytes): {8B: 3736696, 16B: 2642240, 32B: 1664480, 64B: 1482880, 128B: 1482880, 256B: 1482752}
-- line-size estimate: smallest candidate stride whose elbow agrees with largest tested stride (~1482752 bytes) is 32B -- see infer_line_size's docstring caveat on the fixed grid resolution before citing this as a clean line-size number on its own
Wrote data_processed/hazel_cascadelake/phase1_v2/line_size/level_1048576/plots/line_size_family_boxplots.pdf and .png
   (the per-stride elbow / line-size-estimate lines just above are
   plot_line_size_family.py's own diagnostic guess from ONE un-repeated coarse
   sweep -- NOT auto-applied below; see data_processed/hazel_cascadelake/phase1_v2/line_size/level_1048576/plots/line_size_family_curve.png
   and decide the step-4 candidate yourself)
== [L1048576 A] no candidate given for this level -- inspect
   data_processed/hazel_cascadelake/phase1_v2/line_size/level_1048576/plots/line_size_family_curve.png yourself and re-run with an
   explicit candidate stride in candidate_overrides_csv for this level (no
   auto-detection: it proved unreliable across runs/cores, see the script's
   header comment). Skipping Method-A step 4.

-- [L1048576 B] single-curve method, footprint_bytes=2097152 (2.0x boundary) --
-- [L1048576 B coarse] stride 8-1024 bytes (step 8) --
  wrote 128002 lines -> data_raw/hazel_cascadelake/phase1_v2/line_size/level_1048576/singlecurve_coarse_random_20260916T043443Z.csv
  wrote 128002 lines -> data_raw/hazel_cascadelake/phase1_v2/line_size/level_1048576/singlecurve_coarse_sequential_20260916T043443Z.csv
Wrote 128 summary rows to data_processed/hazel_cascadelake/phase1_v2/line_size/level_1048576/singlecurve_coarse_random_summary.csv
Wrote 128 summary rows to data_processed/hazel_cascadelake/phase1_v2/line_size/level_1048576/singlecurve_coarse_sequential_summary.csv
-- [L1048576 B] detected line-size estimate (bytes): none --
-- [L1048576 B] no transition detected in the coarse sweep; skipping dense/repeat stages --
-- [L1048576 B] generating single-curve plots --
  note: flagged 5 isolated spike stride(s) as probable page-aliasing artifacts: [128, 216, 256, 512, 1024]
Wrote data_processed/hazel_cascadelake/phase1_v2/line_size/level_1048576/plots/line_size_curve.pdf and .png
Wrote data_processed/hazel_cascadelake/phase1_v2/line_size/level_1048576/plots/line_size_boxplots.pdf and .png
-- compressing raw CSVs for level 1048576 --

############################################################
## LEVEL boundary=16777216B -- Method A window=[2097152,67108864] bytes
############################################################
-- [L16777216 A coarse] stride=8B pattern=random offset=0B --
  wrote 31002 lines -> data_raw/hazel_cascadelake/phase1_v2/line_size/level_16777216/family_8_random_20260916T043443Z.csv
Wrote 31 summary rows to data_processed/hazel_cascadelake/phase1_v2/line_size/level_16777216/family_8_random_summary.csv
-- [L16777216 A coarse] stride=8B pattern=sequential offset=0B --
  wrote 31002 lines -> data_raw/hazel_cascadelake/phase1_v2/line_size/level_16777216/family_8_sequential_20260916T043443Z.csv
Wrote 31 summary rows to data_processed/hazel_cascadelake/phase1_v2/line_size/level_16777216/family_8_sequential_summary.csv
-- [L16777216 A coarse] stride=16B pattern=random offset=0B --
  wrote 31002 lines -> data_raw/hazel_cascadelake/phase1_v2/line_size/level_16777216/family_16_random_20260916T043443Z.csv
Wrote 31 summary rows to data_processed/hazel_cascadelake/phase1_v2/line_size/level_16777216/family_16_random_summary.csv
-- [L16777216 A coarse] stride=16B pattern=sequential offset=0B --
  wrote 31002 lines -> data_raw/hazel_cascadelake/phase1_v2/line_size/level_16777216/family_16_sequential_20260916T043443Z.csv
Wrote 31 summary rows to data_processed/hazel_cascadelake/phase1_v2/line_size/level_16777216/family_16_sequential_summary.csv
-- [L16777216 A coarse] stride=32B pattern=random offset=0B --
  wrote 31002 lines -> data_raw/hazel_cascadelake/phase1_v2/line_size/level_16777216/family_32_random_20260916T043443Z.csv
Wrote 31 summary rows to data_processed/hazel_cascadelake/phase1_v2/line_size/level_16777216/family_32_random_summary.csv
-- [L16777216 A coarse] stride=32B pattern=sequential offset=0B --
  wrote 31002 lines -> data_raw/hazel_cascadelake/phase1_v2/line_size/level_16777216/family_32_sequential_20260916T043443Z.csv
Wrote 31 summary rows to data_processed/hazel_cascadelake/phase1_v2/line_size/level_16777216/family_32_sequential_summary.csv
-- [L16777216 A coarse] stride=64B pattern=random offset=0B --
  wrote 31002 lines -> data_raw/hazel_cascadelake/phase1_v2/line_size/level_16777216/family_64_random_20260916T043443Z.csv
Wrote 31 summary rows to data_processed/hazel_cascadelake/phase1_v2/line_size/level_16777216/family_64_random_summary.csv
-- [L16777216 A coarse] stride=64B pattern=sequential offset=0B --
  wrote 31002 lines -> data_raw/hazel_cascadelake/phase1_v2/line_size/level_16777216/family_64_sequential_20260916T043443Z.csv
Wrote 31 summary rows to data_processed/hazel_cascadelake/phase1_v2/line_size/level_16777216/family_64_sequential_summary.csv
-- [L16777216 A coarse] stride=128B pattern=random offset=0B --
  wrote 31002 lines -> data_raw/hazel_cascadelake/phase1_v2/line_size/level_16777216/family_128_random_20260916T043443Z.csv
Wrote 31 summary rows to data_processed/hazel_cascadelake/phase1_v2/line_size/level_16777216/family_128_random_summary.csv
-- [L16777216 A coarse] stride=128B pattern=sequential offset=0B --
  wrote 31002 lines -> data_raw/hazel_cascadelake/phase1_v2/line_size/level_16777216/family_128_sequential_20260916T043443Z.csv
Wrote 31 summary rows to data_processed/hazel_cascadelake/phase1_v2/line_size/level_16777216/family_128_sequential_summary.csv
-- [L16777216 A coarse] stride=256B pattern=random offset=0B --
  wrote 31002 lines -> data_raw/hazel_cascadelake/phase1_v2/line_size/level_16777216/family_256_random_20260916T043443Z.csv
Wrote 31 summary rows to data_processed/hazel_cascadelake/phase1_v2/line_size/level_16777216/family_256_random_summary.csv
-- [L16777216 A coarse] stride=256B pattern=sequential offset=0B --
  wrote 31002 lines -> data_raw/hazel_cascadelake/phase1_v2/line_size/level_16777216/family_256_sequential_20260916T043443Z.csv
Wrote 31 summary rows to data_processed/hazel_cascadelake/phase1_v2/line_size/level_16777216/family_256_sequential_summary.csv
-- [L16777216 A steps 1-3] generating coarse family-of-curves plots --
Wrote data_processed/hazel_cascadelake/phase1_v2/line_size/level_16777216/plots/line_size_family_curve.pdf and .png
-- per-stride elbow (bytes): {8B: 14946800, 16B: 11863280, 32B: 7473376, 64B: 9415872, 128B: 42275840, 256B: 14946560}
-- line-size estimate: smallest candidate stride whose elbow agrees with largest tested stride (~14946560 bytes) is 8B -- see infer_line_size's docstring caveat on the fixed grid resolution before citing this as a clean line-size number on its own
Wrote data_processed/hazel_cascadelake/phase1_v2/line_size/level_16777216/plots/line_size_family_boxplots.pdf and .png
   (the per-stride elbow / line-size-estimate lines just above are
   plot_line_size_family.py's own diagnostic guess from ONE un-repeated coarse
   sweep -- NOT auto-applied below; see data_processed/hazel_cascadelake/phase1_v2/line_size/level_16777216/plots/line_size_family_curve.png
   and decide the step-4 candidate yourself)
== [L16777216 A] no candidate given for this level -- inspect
   data_processed/hazel_cascadelake/phase1_v2/line_size/level_16777216/plots/line_size_family_curve.png yourself and re-run with an
   explicit candidate stride in candidate_overrides_csv for this level (no
   auto-detection: it proved unreliable across runs/cores, see the script's
   header comment). Skipping Method-A step 4.

-- [L16777216 B] single-curve method, footprint_bytes=33554432 (2.0x boundary) --
-- [L16777216 B coarse] stride 8-1024 bytes (step 8) --
  wrote 128002 lines -> data_raw/hazel_cascadelake/phase1_v2/line_size/level_16777216/singlecurve_coarse_random_20260916T043443Z.csv
  wrote 128002 lines -> data_raw/hazel_cascadelake/phase1_v2/line_size/level_16777216/singlecurve_coarse_sequential_20260916T043443Z.csv
Wrote 128 summary rows to data_processed/hazel_cascadelake/phase1_v2/line_size/level_16777216/singlecurve_coarse_random_summary.csv
Wrote 128 summary rows to data_processed/hazel_cascadelake/phase1_v2/line_size/level_16777216/singlecurve_coarse_sequential_summary.csv
-- [L16777216 B] detected line-size estimate (bytes): 88 --
-- [L16777216 B] dense sweep around estimate 88 bytes: 44-177 (step 1) --
  wrote 134002 lines -> data_raw/hazel_cascadelake/phase1_v2/line_size/level_16777216/singlecurve_dense_random_20260916T043443Z.csv
  wrote 134002 lines -> data_raw/hazel_cascadelake/phase1_v2/line_size/level_16777216/singlecurve_dense_sequential_20260916T043443Z.csv
Wrote 134 summary rows to data_processed/hazel_cascadelake/phase1_v2/line_size/level_16777216/singlecurve_dense_random_summary.csv
Wrote 134 summary rows to data_processed/hazel_cascadelake/phase1_v2/line_size/level_16777216/singlecurve_dense_sequential_summary.csv
  -- [L16777216 B] repeat 1/2 of the dense window --
  wrote 134002 lines -> data_raw/hazel_cascadelake/phase1_v2/line_size/level_16777216/singlecurve_dense_rep1_random_20260916T043443Z.csv
  wrote 134002 lines -> data_raw/hazel_cascadelake/phase1_v2/line_size/level_16777216/singlecurve_dense_rep1_sequential_20260916T043443Z.csv
Wrote 134 summary rows to data_processed/hazel_cascadelake/phase1_v2/line_size/level_16777216/singlecurve_dense_rep1_random_summary.csv
Wrote 134 summary rows to data_processed/hazel_cascadelake/phase1_v2/line_size/level_16777216/singlecurve_dense_rep1_sequential_summary.csv
  -- [L16777216 B] repeat 2/2 of the dense window --
  wrote 134002 lines -> data_raw/hazel_cascadelake/phase1_v2/line_size/level_16777216/singlecurve_dense_rep2_random_20260916T043443Z.csv
  wrote 134002 lines -> data_raw/hazel_cascadelake/phase1_v2/line_size/level_16777216/singlecurve_dense_rep2_sequential_20260916T043443Z.csv
Wrote 134 summary rows to data_processed/hazel_cascadelake/phase1_v2/line_size/level_16777216/singlecurve_dense_rep2_random_summary.csv
Wrote 134 summary rows to data_processed/hazel_cascadelake/phase1_v2/line_size/level_16777216/singlecurve_dense_rep2_sequential_summary.csv
-- [L16777216 B] generating single-curve plots --
  note: 57B (random) has 3 overlapping summary rows with medians [247.3, 136.2, 249.3] (spread 113.1 ticks, 53.6%) -- averaging, widening whiskers to the union
  note: 143B (random) has 3 overlapping summary rows with medians [123.3, 236.2, 258.8] (spread 135.6 ticks, 65.8%) -- averaging, widening whiskers to the union
  note: 151B (random) has 3 overlapping summary rows with medians [243.7, 185.0, 260.0] (spread 75.1 ticks, 32.7%) -- averaging, widening whiskers to the union
  note: 154B (random) has 3 overlapping summary rows with medians [252.7, 95.7, 258.1] (spread 162.4 ticks, 80.3%) -- averaging, widening whiskers to the union
  note: 64B (sequential) has 4 overlapping summary rows with medians [23.8, 23.2, 38.0, 21.0] (spread 17.0 ticks, 64.3%) -- averaging, widening whiskers to the union
  note: 104B (sequential) has 4 overlapping summary rows with medians [41.6, 33.9, 44.1, 39.5] (spread 10.2 ticks, 25.6%) -- averaging, widening whiskers to the union
  note: 112B (sequential) has 4 overlapping summary rows with medians [44.5, 37.6, 50.7, 46.6] (spread 13.1 ticks, 29.1%) -- averaging, widening whiskers to the union
  note: 144B (sequential) has 4 overlapping summary rows with medians [102.1, 92.4, 80.9, 97.8] (spread 21.3 ticks, 22.8%) -- averaging, widening whiskers to the union
  note: 152B (sequential) has 4 overlapping summary rows with medians [105.7, 103.1, 78.0, 104.8] (spread 27.7 ticks, 28.3%) -- averaging, widening whiskers to the union
  note: 44B (sequential) has 3 overlapping summary rows with medians [17.2, 15.5, 14.0] (spread 3.2 ticks, 20.4%) -- averaging, widening whiskers to the union
  note: 54B (sequential) has 3 overlapping summary rows with medians [19.8, 21.3, 17.3] (spread 4.1 ticks, 21.0%) -- averaging, widening whiskers to the union
  note: 57B (sequential) has 3 overlapping summary rows with medians [20.4, 36.7, 18.2] (spread 18.6 ticks, 74.0%) -- averaging, widening whiskers to the union
  note: 58B (sequential) has 3 overlapping summary rows with medians [22.5, 19.3, 17.9] (spread 4.6 ticks, 23.2%) -- averaging, widening whiskers to the union
  note: 82B (sequential) has 3 overlapping summary rows with medians [27.0, 33.2, 29.2] (spread 6.2 ticks, 20.7%) -- averaging, widening whiskers to the union
  note: 97B (sequential) has 3 overlapping summary rows with medians [28.5, 39.3, 35.5] (spread 10.8 ticks, 31.3%) -- averaging, widening whiskers to the union
  note: 98B (sequential) has 3 overlapping summary rows with medians [28.8, 39.7, 34.8] (spread 10.9 ticks, 31.6%) -- averaging, widening whiskers to the union
  note: 100B (sequential) has 3 overlapping summary rows with medians [31.4, 41.0, 35.3] (spread 9.6 ticks, 26.9%) -- averaging, widening whiskers to the union
  note: 101B (sequential) has 3 overlapping summary rows with medians [32.8, 41.1, 35.7] (spread 8.3 ticks, 22.7%) -- averaging, widening whiskers to the union
  note: 105B (sequential) has 3 overlapping summary rows with medians [35.1, 43.0, 39.7] (spread 7.9 ticks, 20.2%) -- averaging, widening whiskers to the union
  note: 108B (sequential) has 3 overlapping summary rows with medians [37.1, 45.9, 42.2] (spread 8.8 ticks, 21.1%) -- averaging, widening whiskers to the union
  note: 110B (sequential) has 3 overlapping summary rows with medians [36.8, 47.4, 44.1] (spread 10.5 ticks, 24.7%) -- averaging, widening whiskers to the union
  note: 111B (sequential) has 3 overlapping summary rows with medians [35.1, 47.5, 44.6] (spread 12.4 ticks, 29.2%) -- averaging, widening whiskers to the union
  note: 113B (sequential) has 3 overlapping summary rows with medians [36.5, 48.6, 45.0] (spread 12.1 ticks, 27.9%) -- averaging, widening whiskers to the union
  note: 114B (sequential) has 3 overlapping summary rows with medians [40.3, 49.8, 45.4] (spread 9.6 ticks, 21.2%) -- averaging, widening whiskers to the union
  note: 115B (sequential) has 3 overlapping summary rows with medians [41.0, 50.7, 45.5] (spread 9.7 ticks, 21.3%) -- averaging, widening whiskers to the union
  note: 121B (sequential) has 3 overlapping summary rows with medians [43.1, 53.0, 48.8] (spread 9.9 ticks, 20.4%) -- averaging, widening whiskers to the union
  note: 123B (sequential) has 3 overlapping summary rows with medians [47.7, 50.0, 67.5] (spread 19.7 ticks, 35.8%) -- averaging, widening whiskers to the union
  note: flagged 8 isolated spike stride(s) as probable page-aliasing artifacts: [136, 256, 512, 608, 624, 664, 768, 1024]
Wrote data_processed/hazel_cascadelake/phase1_v2/line_size/level_16777216/plots/line_size_curve.pdf and .png
Wrote data_processed/hazel_cascadelake/phase1_v2/line_size/level_16777216/plots/line_size_boxplots.pdf and .png
-- compressing raw CSVs for level 16777216 --

############################################################
## step 5: cross-level, cross-method agreement summary
############################################################
   level boundary=32768B -> method A (family of curves) = noneB, method B (single curve) = noneB
   level boundary=1048576B -> method A (family of curves) = noneB, method B (single curve) = noneB
   level boundary=16777216B -> method A (family of curves) = noneB, method B (single curve) = 88B
== every level/method that produced an estimate AGREES on 88B -- strong Phase-I evidence ==
== done: all levels, both methods, complete ==
== this is a FROZEN PHASE-I TIMING-ONLY result -- compare against PMU counters
   and the documented/system-reported line size in Phase II before treating it as
   confirmed (see README.md's Phase I/II/III discipline).
== plots per level: data_processed/hazel_cascadelake/phase1_v2/line_size/level_<boundary>/plots/line_size_family_{curve,boxplots}.{png,pdf} (A, steps 1-3),
          .../line_size_offset_{elbow,boxplots}.{png,pdf} (A, step 4), .../line_size_{curve,boxplots}.{png,pdf} (B) ==
== record in data_raw/hazel_cascadelake/phase1_v2/README.md: boundaries=32768,1048576,16777216, core=0,
   seed=12345, samples=1000000, coarse_strides=8,16,32,64,128,256, per-level/per-method estimates as above,
   timestamp=20260916T043443Z ==
== full transcript saved to: data_raw/hazel_cascadelake/phase1_v2/line_size/run_line_size_20260916T043443Z.log ==
