== run_software_hit_rate_sweep: machine=skylark core=10 seed=12345 ==
== timestamp=20260914T041244Z ==
== test_bytes=4096 ==
  # result tau_ticks=96.0000 sensitivity=0.9933 specificity=0.9779 p_obs=1.0000 Hhat=1.0000 ci_lower=1.0000 ci_upper=1.0000 bootstrap_mean=1.0000 bootstrap_std=0.0000 bootstrap_reps=2000
== test_bytes=16384 ==
  # result tau_ticks=96.0000 sensitivity=0.9919 specificity=0.9806 p_obs=0.9992 Hhat=1.0000 ci_lower=1.0000 ci_upper=1.0000 bootstrap_mean=1.0000 bootstrap_std=0.0000 bootstrap_reps=2000
== test_bytes=32768 ==
  # result tau_ticks=96.0000 sensitivity=0.9919 specificity=0.9781 p_obs=0.9996 Hhat=1.0000 ci_lower=1.0000 ci_upper=1.0000 bootstrap_mean=1.0000 bootstrap_std=0.0000 bootstrap_reps=2000
== test_bytes=65536 ==
  # result tau_ticks=96.0000 sensitivity=0.9929 specificity=0.9775 p_obs=0.9993 Hhat=1.0000 ci_lower=1.0000 ci_upper=1.0000 bootstrap_mean=1.0000 bootstrap_std=0.0000 bootstrap_reps=2000
== test_bytes=131072 ==
  # result tau_ticks=96.0000 sensitivity=0.9909 specificity=0.9777 p_obs=0.9978 Hhat=1.0000 ci_lower=1.0000 ci_upper=1.0000 bootstrap_mean=1.0000 bootstrap_std=0.0000 bootstrap_reps=2000
== test_bytes=262144 ==
  # result tau_ticks=96.0000 sensitivity=0.9921 specificity=0.9775 p_obs=0.9880 Hhat=0.9958 ci_lower=0.9942 ci_upper=0.9974 bootstrap_mean=0.9958 bootstrap_std=0.0008 bootstrap_reps=2000
== test_bytes=524288 ==
  # result tau_ticks=96.0000 sensitivity=0.9932 specificity=0.9791 p_obs=0.9345 Hhat=0.9396 ci_lower=0.9371 ci_upper=0.9421 bootstrap_mean=0.9396 bootstrap_std=0.0013 bootstrap_reps=2000
== test_bytes=1048576 ==
  # result tau_ticks=96.0000 sensitivity=0.9937 specificity=0.9776 p_obs=0.8011 Hhat=0.8017 ci_lower=0.7979 ci_upper=0.8054 bootstrap_mean=0.8017 bootstrap_std=0.0020 bootstrap_reps=2000
== test_bytes=4194304 ==
  # result tau_ticks=96.0000 sensitivity=0.9940 specificity=0.9795 p_obs=0.9164 Hhat=0.9202 ci_lower=0.9175 ci_upper=0.9231 bootstrap_mean=0.9202 bootstrap_std=0.0014 bootstrap_reps=2000
== test_bytes=8388608 ==
  # result tau_ticks=96.0000 sensitivity=0.9910 specificity=0.9774 p_obs=0.9133 Hhat=0.9198 ci_lower=0.9169 ci_upper=0.9226 bootstrap_mean=0.9197 bootstrap_std=0.0015 bootstrap_reps=2000
== test_bytes=16777216 ==
  # result tau_ticks=96.0000 sensitivity=0.9912 specificity=0.9784 p_obs=0.8495 Hhat=0.8538 ci_lower=0.8503 ci_upper=0.8573 bootstrap_mean=0.8538 bootstrap_std=0.0018 bootstrap_reps=2000
== test_bytes=31457280 ==
  # result tau_ticks=96.0000 sensitivity=0.9926 specificity=0.9786 p_obs=0.4495 Hhat=0.4408 ci_lower=0.4361 ci_upper=0.4455 bootstrap_mean=0.4408 bootstrap_std=0.0024 bootstrap_reps=2000
== test_bytes=67108864 ==
  # result tau_ticks=96.0000 sensitivity=0.9931 specificity=0.9780 p_obs=0.2117 Hhat=0.1953 ci_lower=0.1913 ci_upper=0.1995 bootstrap_mean=0.1954 bootstrap_std=0.0021 bootstrap_reps=2000
== test_bytes=134217728 ==
  # result tau_ticks=96.0000 sensitivity=0.9933 specificity=0.9778 p_obs=0.1004 Hhat=0.0805 ci_lower=0.0772 ci_upper=0.0840 bootstrap_mean=0.0806 bootstrap_std=0.0017 bootstrap_reps=2000
== test_bytes=268435456 ==
  # result tau_ticks=96.0000 sensitivity=0.9919 specificity=0.9817 p_obs=0.0477 Hhat=0.0302 ci_lower=0.0274 ci_upper=0.0328 bootstrap_mean=0.0302 bootstrap_std=0.0014 bootstrap_reps=2000
== test_bytes=536870912 ==
  # result tau_ticks=96.0000 sensitivity=0.9929 specificity=0.9768 p_obs=0.0198 Hhat=0.0000 ci_lower=0.0000 ci_upper=0.0000 bootstrap_mean=0.0000 bootstrap_std=0.0000 bootstrap_reps=2000
wrote 16 rows -> data_raw/skylark/software_hit_rate/hit_rate_sweep_20260914T041244Z.csv
-- generating plots --
wrote data_processed/skylark/software_hit_rate/plots/calibration_distributions.{png,pdf}
wrote data_processed/skylark/software_hit_rate/plots/hit_rate_sweep.{png,pdf}
-- compressing raw per-access CSVs --

== done ==
== summary: data_raw/skylark/software_hit_rate/hit_rate_sweep_20260914T041244Z.csv ==
== record in data_raw/skylark/README.md: core=10, seed=12345, timestamp=20260914T041244Z ==
== full transcript saved to: data_raw/skylark/software_hit_rate/run_software_hit_rate_sweep_20260914T041244Z.log ==
