== run_capacity_full: machine=hazel_haswell/capacity_rerun3 core=16 coarse_max=67108864 seed=12345 ==
== timestamp=20260916T033804Z ==
-- coarse sweep 1024-67108864 bytes --
  wrote 129002 lines -> data_raw/hazel_haswell/capacity_rerun3/capacity/capacity_coarse_random_20260916T033804Z.csv
  wrote 129002 lines -> data_raw/hazel_haswell/capacity_rerun3/capacity/capacity_coarse_sequential_20260916T033804Z.csv
Wrote 129 summary rows to data_processed/hazel_haswell/capacity_rerun3/capacity/coarse_random_summary.csv
Wrote 129 summary rows to data_processed/hazel_haswell/capacity_rerun3/capacity/coarse_sequential_summary.csv
-- tail-extension sweep 67108864-268435456 bytes --
  wrote 17002 lines -> data_raw/hazel_haswell/capacity_rerun3/capacity/capacity_coarse_ext_random_20260916T033804Z.csv
  wrote 17002 lines -> data_raw/hazel_haswell/capacity_rerun3/capacity/capacity_coarse_ext_sequential_20260916T033804Z.csv
Wrote 17 summary rows to data_processed/hazel_haswell/capacity_rerun3/capacity/coarse_ext_random_summary.csv
Wrote 17 summary rows to data_processed/hazel_haswell/capacity_rerun3/capacity/coarse_ext_sequential_summary.csv
-- detected boundaries (bytes): 285864 1246968 1763488 --
-- dense sweep around boundary 285864 bytes: 35733-2286912 --
  wrote 289002 lines -> data_raw/hazel_haswell/capacity_rerun3/capacity/capacity_dense0_random_20260916T033804Z.csv
  wrote 289002 lines -> data_raw/hazel_haswell/capacity_rerun3/capacity/capacity_dense0_sequential_20260916T033804Z.csv
Wrote 289 summary rows to data_processed/hazel_haswell/capacity_rerun3/capacity/dense0_random_summary.csv
Wrote 289 summary rows to data_processed/hazel_haswell/capacity_rerun3/capacity/dense0_sequential_summary.csv
-- dense sweep around boundary 1246968 bytes: 155871-9975744 --
  wrote 289002 lines -> data_raw/hazel_haswell/capacity_rerun3/capacity/capacity_dense1_random_20260916T033804Z.csv
  wrote 289002 lines -> data_raw/hazel_haswell/capacity_rerun3/capacity/capacity_dense1_sequential_20260916T033804Z.csv
Wrote 289 summary rows to data_processed/hazel_haswell/capacity_rerun3/capacity/dense1_random_summary.csv
Wrote 289 summary rows to data_processed/hazel_haswell/capacity_rerun3/capacity/dense1_sequential_summary.csv
-- dense sweep around boundary 1763488 bytes: 220436-14107904 --
  wrote 289002 lines -> data_raw/hazel_haswell/capacity_rerun3/capacity/capacity_dense2_random_20260916T033804Z.csv
  wrote 289002 lines -> data_raw/hazel_haswell/capacity_rerun3/capacity/capacity_dense2_sequential_20260916T033804Z.csv
Wrote 289 summary rows to data_processed/hazel_haswell/capacity_rerun3/capacity/dense2_random_summary.csv
Wrote 289 summary rows to data_processed/hazel_haswell/capacity_rerun3/capacity/dense2_sequential_summary.csv
  -- repeat 1/2 of deepest boundary's dense window --
  wrote 289002 lines -> data_raw/hazel_haswell/capacity_rerun3/capacity/capacity_dense2_rep1_random_20260916T033804Z.csv
  wrote 289002 lines -> data_raw/hazel_haswell/capacity_rerun3/capacity/capacity_dense2_rep1_sequential_20260916T033804Z.csv
Wrote 289 summary rows to data_processed/hazel_haswell/capacity_rerun3/capacity/dense2_rep1_random_summary.csv
Wrote 289 summary rows to data_processed/hazel_haswell/capacity_rerun3/capacity/dense2_rep1_sequential_summary.csv
  -- repeat 2/2 of deepest boundary's dense window --
  wrote 289002 lines -> data_raw/hazel_haswell/capacity_rerun3/capacity/capacity_dense2_rep2_random_20260916T033804Z.csv
  wrote 289002 lines -> data_raw/hazel_haswell/capacity_rerun3/capacity/capacity_dense2_rep2_sequential_20260916T033804Z.csv
Wrote 289 summary rows to data_processed/hazel_haswell/capacity_rerun3/capacity/dense2_rep2_random_summary.csv
Wrote 289 summary rows to data_processed/hazel_haswell/capacity_rerun3/capacity/dense2_rep2_sequential_summary.csv
-- dense sweep past deepest boundary, checking for a further plateau: 67108864-268435456 --
  wrote 97002 lines -> data_raw/hazel_haswell/capacity_rerun3/capacity/capacity_denseTail_random_20260916T033804Z.csv
  wrote 97002 lines -> data_raw/hazel_haswell/capacity_rerun3/capacity/capacity_denseTail_sequential_20260916T033804Z.csv
Wrote 97 summary rows to data_processed/hazel_haswell/capacity_rerun3/capacity/denseTail_random_summary.csv
Wrote 97 summary rows to data_processed/hazel_haswell/capacity_rerun3/capacity/denseTail_sequential_summary.csv
-- generating plots --
  note: 939.008 KiB (random) has 5 overlapping summary rows with medians [43.0, 55.1, 42.9, 42.7, 43.2] (spread 12.4 ticks, 27.4%) -- averaging, widening whiskers to the union
  note: 1.09051 MiB (random) has 4 overlapping summary rows with medians [100.4, 46.8, 49.0, 45.1] (spread 55.3 ticks, 91.7%) -- averaging, widening whiskers to the union
  note: 1.29684 MiB (random) has 4 overlapping summary rows with medians [114.9, 56.9, 52.2, 51.7] (spread 63.2 ticks, 91.7%) -- averaging, widening whiskers to the union
  note: 1.41421 MiB (random) has 4 overlapping summary rows with medians [136.2, 47.3, 55.6, 129.5] (spread 88.8 ticks, 96.4%) -- averaging, widening whiskers to the union
  note: 1.54221 MiB (random) has 4 overlapping summary rows with medians [153.5, 59.5, 58.9, 94.1] (spread 94.6 ticks, 103.4%) -- averaging, widening whiskers to the union
  note: 1.68179 MiB (random) has 4 overlapping summary rows with medians [103.6, 64.3, 70.5, 118.5] (spread 54.2 ticks, 60.8%) -- averaging, widening whiskers to the union
  note: 1.83401 MiB (random) has 4 overlapping summary rows with medians [158.1, 115.1, 143.7, 148.1] (spread 43.1 ticks, 30.5%) -- averaging, widening whiskers to the union
  note: 2 MiB (random) has 4 overlapping summary rows with medians [192.8, 121.7, 46.8, 118.4] (spread 146.0 ticks, 121.8%) -- averaging, widening whiskers to the union
  note: 2.18102 MiB (random) has 4 overlapping summary rows with medians [175.3, 137.3, 148.1, 148.6] (spread 38.0 ticks, 25.0%) -- averaging, widening whiskers to the union
  note: 2.37841 MiB (random) has 4 overlapping summary rows with medians [172.9, 152.1, 162.0, 196.1] (spread 44.0 ticks, 25.8%) -- averaging, widening whiskers to the union
  note: 3.66801 MiB (random) has 4 overlapping summary rows with medians [170.6, 213.2, 214.4, 180.8] (spread 43.8 ticks, 22.5%) -- averaging, widening whiskers to the union
  note: 231.383 KiB (random) has 5 overlapping summary rows with medians [16.8, 19.5, 21.9, 18.0, 15.4] (spread 6.5 ticks, 35.5%) -- averaging, widening whiskers to the union
  note: 245.141 KiB (random) has 5 overlapping summary rows with medians [20.7, 19.6, 16.5, 18.3, 19.1] (spread 4.3 ticks, 22.7%) -- averaging, widening whiskers to the union
  note: 218.398 KiB (random) has 4 overlapping summary rows with medians [16.9, 21.3, 15.6, 17.1] (spread 5.7 ticks, 32.1%) -- averaging, widening whiskers to the union
  note: 224.797 KiB (random) has 4 overlapping summary rows with medians [17.4, 21.3, 17.1, 16.1] (spread 5.2 ticks, 29.1%) -- averaging, widening whiskers to the union
  note: 1009.31 KiB (random) has 4 overlapping summary rows with medians [46.3, 155.4, 43.9, 45.2] (spread 111.5 ticks, 153.4%) -- averaging, widening whiskers to the union
  note: 966.523 KiB (random) has 3 overlapping summary rows with medians [43.9, 68.8, 50.2] (spread 24.9 ticks, 45.8%) -- averaging, widening whiskers to the union
  note: 1.25992 MiB (random) has 3 overlapping summary rows with medians [47.0, 54.7, 62.7] (spread 15.7 ticks, 28.6%) -- averaging, widening whiskers to the union
  note: 1.43478 MiB (random) has 3 overlapping summary rows with medians [52.8, 54.8, 68.0] (spread 15.2 ticks, 26.0%) -- averaging, widening whiskers to the union
  note: 1.45565 MiB (random) has 3 overlapping summary rows with medians [152.7, 48.2, 99.5] (spread 104.5 ticks, 104.4%) -- averaging, widening whiskers to the union
  note: 1.47682 MiB (random) has 3 overlapping summary rows with medians [54.9, 49.7, 70.2] (spread 20.5 ticks, 35.2%) -- averaging, widening whiskers to the union
  note: 1.49831 MiB (random) has 3 overlapping summary rows with medians [55.4, 61.2, 76.2] (spread 20.8 ticks, 32.3%) -- averaging, widening whiskers to the union
  note: 1.5201 MiB (random) has 3 overlapping summary rows with medians [60.5, 56.8, 81.5] (spread 24.7 ticks, 37.2%) -- averaging, widening whiskers to the union
  note: 1.56464 MiB (random) has 3 overlapping summary rows with medians [59.1, 58.3, 83.5] (spread 25.2 ticks, 37.6%) -- averaging, widening whiskers to the union
  note: 1.58739 MiB (random) has 3 overlapping summary rows with medians [95.9, 63.9, 90.3] (spread 31.9 ticks, 38.3%) -- averaging, widening whiskers to the union
  note: 1.61049 MiB (random) has 3 overlapping summary rows with medians [76.9, 55.7, 102.5] (spread 46.8 ticks, 59.8%) -- averaging, widening whiskers to the union
  note: 1.63391 MiB (random) has 3 overlapping summary rows with medians [79.5, 63.0, 106.7] (spread 43.6 ticks, 52.5%) -- averaging, widening whiskers to the union
  note: 1.70625 MiB (random) has 3 overlapping summary rows with medians [77.7, 69.0, 107.4] (spread 38.4 ticks, 45.4%) -- averaging, widening whiskers to the union
  note: 1.73107 MiB (random) has 3 overlapping summary rows with medians [122.2, 74.4, 65.4] (spread 56.8 ticks, 65.1%) -- averaging, widening whiskers to the union
  note: 1.75625 MiB (random) has 3 overlapping summary rows with medians [117.5, 66.3, 75.8] (spread 51.2 ticks, 59.2%) -- averaging, widening whiskers to the union
  note: 1.78179 MiB (random) has 3 overlapping summary rows with medians [187.6, 70.4, 85.1] (spread 117.1 ticks, 102.4%) -- averaging, widening whiskers to the union
  note: 1.80771 MiB (random) has 3 overlapping summary rows with medians [106.9, 141.8, 142.9] (spread 36.1 ticks, 27.6%) -- averaging, widening whiskers to the union
  note: 1.86068 MiB (random) has 3 overlapping summary rows with medians [120.0, 165.5, 108.6] (spread 56.9 ticks, 43.3%) -- averaging, widening whiskers to the union
  note: 1.88775 MiB (random) has 3 overlapping summary rows with medians [155.8, 175.3, 94.0] (spread 81.3 ticks, 57.4%) -- averaging, widening whiskers to the union
  note: 1.94306 MiB (random) has 3 overlapping summary rows with medians [75.4, 215.2, 150.7] (spread 139.8 ticks, 95.0%) -- averaging, widening whiskers to the union
  note: 1.97132 MiB (random) has 3 overlapping summary rows with medians [153.1, 178.2, 133.7] (spread 44.5 ticks, 28.7%) -- averaging, widening whiskers to the union
  note: 2.02909 MiB (random) has 3 overlapping summary rows with medians [164.6, 128.1, 68.1] (spread 96.5 ticks, 80.2%) -- averaging, widening whiskers to the union
  note: 2.0586 MiB (random) has 3 overlapping summary rows with medians [169.3, 62.5, 106.0] (spread 106.8 ticks, 94.8%) -- averaging, widening whiskers to the union
  note: 2.08855 MiB (random) has 3 overlapping summary rows with medians [169.4, 89.7, 202.8] (spread 113.1 ticks, 73.5%) -- averaging, widening whiskers to the union
  note: 2.14974 MiB (random) has 3 overlapping summary rows with medians [132.6, 127.1, 168.6] (spread 41.6 ticks, 29.1%) -- averaging, widening whiskers to the union
  note: 2.21274 MiB (random) has 3 overlapping summary rows with medians [145.7, 123.8, 160.1] (spread 36.2 ticks, 25.3%) -- averaging, widening whiskers to the union
  note: 2.24492 MiB (random) has 3 overlapping summary rows with medians [126.2, 118.6, 164.3] (spread 45.7 ticks, 33.5%) -- averaging, widening whiskers to the union
  note: 2.4481 MiB (random) has 3 overlapping summary rows with medians [156.2, 201.6, 176.1] (spread 45.4 ticks, 25.5%) -- averaging, widening whiskers to the union
  note: 2.55649 MiB (random) has 3 overlapping summary rows with medians [150.7, 191.4, 172.4] (spread 40.8 ticks, 23.8%) -- averaging, widening whiskers to the union
  note: 2.86957 MiB (random) has 3 overlapping summary rows with medians [137.5, 154.1, 179.6] (spread 42.1 ticks, 26.8%) -- averaging, widening whiskers to the union
  note: 2.9113 MiB (random) has 3 overlapping summary rows with medians [137.5, 137.7, 167.0] (spread 29.5 ticks, 20.0%) -- averaging, widening whiskers to the union
  note: 2.95365 MiB (random) has 3 overlapping summary rows with medians [140.4, 139.5, 175.1] (spread 35.5 ticks, 23.4%) -- averaging, widening whiskers to the union
  note: 3.26783 MiB (random) has 3 overlapping summary rows with medians [177.8, 227.6, 170.9] (spread 56.7 ticks, 29.5%) -- averaging, widening whiskers to the union
  note: 3.31536 MiB (random) has 3 overlapping summary rows with medians [154.8, 190.1, 175.6] (spread 35.3 ticks, 20.3%) -- averaging, widening whiskers to the union
  note: 3.41251 MiB (random) has 3 overlapping summary rows with medians [167.6, 182.0, 214.9] (spread 47.3 ticks, 25.1%) -- averaging, widening whiskers to the union
  note: 11.6452 MiB (random) has 3 overlapping summary rows with medians [207.6, 260.4, 215.6] (spread 52.8 ticks, 23.2%) -- averaging, widening whiskers to the union
Wrote data_processed/hazel_haswell/capacity_rerun3/capacity/plots/capacity_curve.pdf and .png
Wrote data_processed/hazel_haswell/capacity_rerun3/capacity/plots/capacity_curve_random_only.pdf and .png
Wrote data_processed/hazel_haswell/capacity_rerun3/capacity/plots/capacity_boxplots.pdf and .png
-- compressing raw CSVs --
== done ==
== plots: data_processed/hazel_haswell/capacity_rerun3/capacity/plots/capacity_curve.{png,pdf}, data_processed/hazel_haswell/capacity_rerun3/capacity/plots/capacity_boxplots.{png,pdf} ==
== detected boundaries (bytes): 285864 1246968 1763488 ==
== record in data_raw/hazel_haswell/capacity_rerun3/README.md: core=16, seed=12345, samples=1000000, timestamp=20260916T033804Z ==
== full transcript saved to: data_raw/hazel_haswell/capacity_rerun3/capacity/run_capacity_full_20260916T033804Z.log ==
