== run_associativity_full: machine=charnwood core=3 base_seed=12345 max_ways=40 ==
== timestamp=20260912T225012Z ==
-- using explicit cache_bytes override: 32768 262144 8388608 --

== level L1: cache_bytes=32768 ==
-- base sweep num_ways=2-40 --
  wrote 39002 lines -> data_raw/charnwood/associativity/L1/associativity_base_random_20260912T225012Z.csv (seed=12345)
  wrote 39002 lines -> data_raw/charnwood/associativity/L1/associativity_base_sequential_20260912T225012Z.csv (seed=12345)
Wrote 39 summary rows to data_processed/charnwood/associativity/L1/base_random_summary_20260912T225012Z.csv
Wrote 39 summary rows to data_processed/charnwood/associativity/L1/base_sequential_summary_20260912T225012Z.csv
-- detected associativity estimate: 8 --
  -- repeat 1/2 (seed=12346) --
  wrote 39002 lines -> data_raw/charnwood/associativity/L1/associativity_rep1_random_20260912T225012Z.csv (seed=12346)
  wrote 39002 lines -> data_raw/charnwood/associativity/L1/associativity_rep1_sequential_20260912T225012Z.csv (seed=12346)
Wrote 39 summary rows to data_processed/charnwood/associativity/L1/rep1_random_summary_20260912T225012Z.csv
Wrote 39 summary rows to data_processed/charnwood/associativity/L1/rep1_sequential_summary_20260912T225012Z.csv
     repeat 1 detected estimate: 8
  -- repeat 2/2 (seed=12347) --
  wrote 39002 lines -> data_raw/charnwood/associativity/L1/associativity_rep2_random_20260912T225012Z.csv (seed=12347)
  wrote 39002 lines -> data_raw/charnwood/associativity/L1/associativity_rep2_sequential_20260912T225012Z.csv (seed=12347)
Wrote 39 summary rows to data_processed/charnwood/associativity/L1/rep2_random_summary_20260912T225012Z.csv
Wrote 39 summary rows to data_processed/charnwood/associativity/L1/rep2_sequential_summary_20260912T225012Z.csv
     repeat 2 detected estimate: 8
-- generating plots for L1 --
  note: num_ways=8 (sequential) has 3 overlapping summary rows with medians [7.6, 7.8, 9.7] (spread 2.1 ticks, 25.5%) -- averaging, widening whiskers to the union
Wrote data_processed/charnwood/associativity/L1/plots/associativity_curve.pdf and .png
Wrote data_processed/charnwood/associativity/L1/plots/associativity_boxplots.pdf and .png
-- compressing raw CSVs for L1 --

== level L2: cache_bytes=262144 ==
-- base sweep num_ways=2-40 --
  wrote 39002 lines -> data_raw/charnwood/associativity/L2/associativity_base_random_20260912T225012Z.csv (seed=12345)
  wrote 39002 lines -> data_raw/charnwood/associativity/L2/associativity_base_sequential_20260912T225012Z.csv (seed=12345)
Wrote 39 summary rows to data_processed/charnwood/associativity/L2/base_random_summary_20260912T225012Z.csv
Wrote 39 summary rows to data_processed/charnwood/associativity/L2/base_sequential_summary_20260912T225012Z.csv
-- detected associativity estimate: 4 --
  -- repeat 1/2 (seed=12346) --
  wrote 39002 lines -> data_raw/charnwood/associativity/L2/associativity_rep1_random_20260912T225012Z.csv (seed=12346)
  wrote 39002 lines -> data_raw/charnwood/associativity/L2/associativity_rep1_sequential_20260912T225012Z.csv (seed=12346)
Wrote 39 summary rows to data_processed/charnwood/associativity/L2/rep1_random_summary_20260912T225012Z.csv
Wrote 39 summary rows to data_processed/charnwood/associativity/L2/rep1_sequential_summary_20260912T225012Z.csv
     repeat 1 detected estimate: 4
  -- repeat 2/2 (seed=12347) --
  wrote 39002 lines -> data_raw/charnwood/associativity/L2/associativity_rep2_random_20260912T225012Z.csv (seed=12347)
  wrote 39002 lines -> data_raw/charnwood/associativity/L2/associativity_rep2_sequential_20260912T225012Z.csv (seed=12347)
Wrote 39 summary rows to data_processed/charnwood/associativity/L2/rep2_random_summary_20260912T225012Z.csv
Wrote 39 summary rows to data_processed/charnwood/associativity/L2/rep2_sequential_summary_20260912T225012Z.csv
     repeat 2 detected estimate: 4
-- generating plots for L2 --
  note: num_ways=24 (random) has 3 overlapping summary rows with medians [21.9, 27.1, 24.4] (spread 5.2 ticks, 21.4%) -- averaging, widening whiskers to the union
  note: num_ways=25 (random) has 3 overlapping summary rows with medians [21.9, 30.0, 24.4] (spread 8.1 ticks, 32.0%) -- averaging, widening whiskers to the union
  note: num_ways=26 (random) has 3 overlapping summary rows with medians [21.8, 30.7, 24.2] (spread 8.9 ticks, 34.7%) -- averaging, widening whiskers to the union
  note: num_ways=27 (random) has 3 overlapping summary rows with medians [21.9, 33.0, 24.1] (spread 11.1 ticks, 42.1%) -- averaging, widening whiskers to the union
  note: num_ways=28 (random) has 3 overlapping summary rows with medians [21.9, 33.2, 24.0] (spread 11.3 ticks, 43.0%) -- averaging, widening whiskers to the union
  note: num_ways=29 (random) has 3 overlapping summary rows with medians [21.9, 33.7, 24.0] (spread 11.8 ticks, 44.5%) -- averaging, widening whiskers to the union
  note: num_ways=30 (random) has 3 overlapping summary rows with medians [21.9, 33.8, 25.9] (spread 11.9 ticks, 43.9%) -- averaging, widening whiskers to the union
  note: num_ways=31 (random) has 3 overlapping summary rows with medians [23.8, 34.5, 25.8] (spread 10.7 ticks, 38.2%) -- averaging, widening whiskers to the union
  note: num_ways=32 (random) has 3 overlapping summary rows with medians [23.8, 34.8, 25.6] (spread 10.9 ticks, 39.0%) -- averaging, widening whiskers to the union
  note: num_ways=33 (random) has 3 overlapping summary rows with medians [24.4, 34.1, 27.4] (spread 9.7 ticks, 33.9%) -- averaging, widening whiskers to the union
  note: num_ways=34 (random) has 3 overlapping summary rows with medians [26.3, 34.1, 27.3] (spread 7.9 ticks, 26.9%) -- averaging, widening whiskers to the union
  note: num_ways=35 (random) has 3 overlapping summary rows with medians [25.5, 35.3, 27.2] (spread 9.8 ticks, 33.3%) -- averaging, widening whiskers to the union
  note: num_ways=36 (random) has 3 overlapping summary rows with medians [25.5, 35.3, 27.9] (spread 9.8 ticks, 33.2%) -- averaging, widening whiskers to the union
  note: num_ways=37 (random) has 3 overlapping summary rows with medians [27.4, 35.8, 28.5] (spread 8.4 ticks, 27.4%) -- averaging, widening whiskers to the union
  note: num_ways=38 (random) has 3 overlapping summary rows with medians [26.1, 35.9, 28.2] (spread 9.8 ticks, 32.6%) -- averaging, widening whiskers to the union
  note: num_ways=39 (random) has 3 overlapping summary rows with medians [27.1, 36.5, 27.3] (spread 9.4 ticks, 31.0%) -- averaging, widening whiskers to the union
  note: num_ways=40 (random) has 3 overlapping summary rows with medians [26.4, 37.3, 28.9] (spread 10.9 ticks, 35.2%) -- averaging, widening whiskers to the union
Wrote data_processed/charnwood/associativity/L2/plots/associativity_curve.pdf and .png
Wrote data_processed/charnwood/associativity/L2/plots/associativity_boxplots.pdf and .png
-- compressing raw CSVs for L2 --

== level L3_LLC: cache_bytes=8388608 ==
-- base sweep num_ways=2-40 --
  wrote 39002 lines -> data_raw/charnwood/associativity/L3_LLC/associativity_base_random_20260912T225012Z.csv (seed=12345)
  wrote 39002 lines -> data_raw/charnwood/associativity/L3_LLC/associativity_base_sequential_20260912T225012Z.csv (seed=12345)
Wrote 39 summary rows to data_processed/charnwood/associativity/L3_LLC/base_random_summary_20260912T225012Z.csv
Wrote 39 summary rows to data_processed/charnwood/associativity/L3_LLC/base_sequential_summary_20260912T225012Z.csv
-- detected associativity estimate: 4 --
  -- repeat 1/2 (seed=12346) --
  wrote 39002 lines -> data_raw/charnwood/associativity/L3_LLC/associativity_rep1_random_20260912T225012Z.csv (seed=12346)
  wrote 39002 lines -> data_raw/charnwood/associativity/L3_LLC/associativity_rep1_sequential_20260912T225012Z.csv (seed=12346)
Wrote 39 summary rows to data_processed/charnwood/associativity/L3_LLC/rep1_random_summary_20260912T225012Z.csv
Wrote 39 summary rows to data_processed/charnwood/associativity/L3_LLC/rep1_sequential_summary_20260912T225012Z.csv
     repeat 1 detected estimate: 4
  -- repeat 2/2 (seed=12347) --
  wrote 39002 lines -> data_raw/charnwood/associativity/L3_LLC/associativity_rep2_random_20260912T225012Z.csv (seed=12347)
  wrote 39002 lines -> data_raw/charnwood/associativity/L3_LLC/associativity_rep2_sequential_20260912T225012Z.csv (seed=12347)
Wrote 39 summary rows to data_processed/charnwood/associativity/L3_LLC/rep2_random_summary_20260912T225012Z.csv
Wrote 39 summary rows to data_processed/charnwood/associativity/L3_LLC/rep2_sequential_summary_20260912T225012Z.csv
     repeat 2 detected estimate: 4
-- generating plots for L3_LLC --
Wrote data_processed/charnwood/associativity/L3_LLC/plots/associativity_curve.pdf and .png
Wrote data_processed/charnwood/associativity/L3_LLC/plots/associativity_boxplots.pdf and .png
-- compressing raw CSVs for L3_LLC --

== done ==
== L1: cache_bytes=32768 -> associativity=8 (repeats: 8 8) ==
== L2: cache_bytes=262144 -> associativity=4 (repeats: 4 4) ==
== L3_LLC: cache_bytes=8388608 -> associativity=4 (repeats: 4 4) ==
== record in data_raw/charnwood/README.md: core=3, base_seed=12345 (repeats use base_seed+index), samples=1000000, max_ways=40, timestamp=20260912T225012Z ==
== full transcript saved to: data_raw/charnwood/associativity/run_associativity_full_20260912T225012Z.log ==
