== run_associativity_full: machine=hazel_cascadelake core=0 base_seed=12345 max_ways=40 ==
== timestamp=20260915T014348Z ==
-- using explicit cache_bytes override: 32768 1048576 16777216 --

== level L1: cache_bytes=32768 ==
-- base sweep num_ways=2-40 --
  wrote 39002 lines -> data_raw/hazel_cascadelake/associativity/L1/associativity_base_random_20260915T014348Z.csv (seed=12345)
  wrote 39002 lines -> data_raw/hazel_cascadelake/associativity/L1/associativity_base_sequential_20260915T014348Z.csv (seed=12345)
Wrote 39 summary rows to data_processed/hazel_cascadelake/associativity/L1/base_random_summary_20260915T014348Z.csv
Wrote 39 summary rows to data_processed/hazel_cascadelake/associativity/L1/base_sequential_summary_20260915T014348Z.csv
-- detected associativity estimate: 8 --
  -- repeat 1/2 (seed=12346) --
  wrote 39002 lines -> data_raw/hazel_cascadelake/associativity/L1/associativity_rep1_random_20260915T014348Z.csv (seed=12346)
  wrote 39002 lines -> data_raw/hazel_cascadelake/associativity/L1/associativity_rep1_sequential_20260915T014348Z.csv (seed=12346)
Wrote 39 summary rows to data_processed/hazel_cascadelake/associativity/L1/rep1_random_summary_20260915T014348Z.csv
Wrote 39 summary rows to data_processed/hazel_cascadelake/associativity/L1/rep1_sequential_summary_20260915T014348Z.csv
     repeat 1 detected estimate: 8
  -- repeat 2/2 (seed=12347) --
  wrote 39002 lines -> data_raw/hazel_cascadelake/associativity/L1/associativity_rep2_random_20260915T014348Z.csv (seed=12347)
  wrote 39002 lines -> data_raw/hazel_cascadelake/associativity/L1/associativity_rep2_sequential_20260915T014348Z.csv (seed=12347)
Wrote 39 summary rows to data_processed/hazel_cascadelake/associativity/L1/rep2_random_summary_20260915T014348Z.csv
Wrote 39 summary rows to data_processed/hazel_cascadelake/associativity/L1/rep2_sequential_summary_20260915T014348Z.csv
     repeat 2 detected estimate: 8
-- generating plots for L1 --
  note: num_ways=2 (random) has 3 overlapping summary rows with medians [7.2, 10.6, 9.4] (spread 3.4 ticks, 37.9%) -- averaging, widening whiskers to the union
  note: num_ways=3 (random) has 3 overlapping summary rows with medians [6.8, 10.6, 6.8] (spread 3.8 ticks, 47.8%) -- averaging, widening whiskers to the union
  note: num_ways=8 (random) has 3 overlapping summary rows with medians [6.8, 8.7, 6.8] (spread 2.0 ticks, 26.3%) -- averaging, widening whiskers to the union
  note: num_ways=2 (sequential) has 3 overlapping summary rows with medians [9.0, 6.8, 9.0] (spread 2.3 ticks, 27.4%) -- averaging, widening whiskers to the union
  note: num_ways=3 (sequential) has 3 overlapping summary rows with medians [9.0, 6.8, 9.0] (spread 2.3 ticks, 27.3%) -- averaging, widening whiskers to the union
  note: num_ways=7 (sequential) has 3 overlapping summary rows with medians [6.8, 9.2, 6.8] (spread 2.4 ticks, 31.7%) -- averaging, widening whiskers to the union
  note: num_ways=8 (sequential) has 3 overlapping summary rows with medians [6.8, 9.0, 6.8] (spread 2.2 ticks, 29.8%) -- averaging, widening whiskers to the union
Wrote data_processed/hazel_cascadelake/associativity/L1/plots/associativity_curve.pdf and .png
Wrote data_processed/hazel_cascadelake/associativity/L1/plots/associativity_boxplots.pdf and .png
-- compressing raw CSVs for L1 --

== level L2: cache_bytes=1048576 ==
-- base sweep num_ways=2-40 --
  wrote 39002 lines -> data_raw/hazel_cascadelake/associativity/L2/associativity_base_random_20260915T014348Z.csv (seed=12345)
  wrote 39002 lines -> data_raw/hazel_cascadelake/associativity/L2/associativity_base_sequential_20260915T014348Z.csv (seed=12345)
Wrote 39 summary rows to data_processed/hazel_cascadelake/associativity/L2/base_random_summary_20260915T014348Z.csv
Wrote 39 summary rows to data_processed/hazel_cascadelake/associativity/L2/base_sequential_summary_20260915T014348Z.csv
-- detected associativity estimate: 8 --
  -- repeat 1/2 (seed=12346) --
  wrote 39002 lines -> data_raw/hazel_cascadelake/associativity/L2/associativity_rep1_random_20260915T014348Z.csv (seed=12346)
  wrote 39002 lines -> data_raw/hazel_cascadelake/associativity/L2/associativity_rep1_sequential_20260915T014348Z.csv (seed=12346)
Wrote 39 summary rows to data_processed/hazel_cascadelake/associativity/L2/rep1_random_summary_20260915T014348Z.csv
Wrote 39 summary rows to data_processed/hazel_cascadelake/associativity/L2/rep1_sequential_summary_20260915T014348Z.csv
     repeat 1 detected estimate: 8
  -- repeat 2/2 (seed=12347) --
  wrote 39002 lines -> data_raw/hazel_cascadelake/associativity/L2/associativity_rep2_random_20260915T014348Z.csv (seed=12347)
  wrote 39002 lines -> data_raw/hazel_cascadelake/associativity/L2/associativity_rep2_sequential_20260915T014348Z.csv (seed=12347)
Wrote 39 summary rows to data_processed/hazel_cascadelake/associativity/L2/rep2_random_summary_20260915T014348Z.csv
Wrote 39 summary rows to data_processed/hazel_cascadelake/associativity/L2/rep2_sequential_summary_20260915T014348Z.csv
     repeat 2 detected estimate: 8
-- generating plots for L2 --
  note: num_ways=2 (random) has 3 overlapping summary rows with medians [7.0, 7.0, 9.0] (spread 2.1 ticks, 27.0%) -- averaging, widening whiskers to the union
  note: num_ways=3 (random) has 3 overlapping summary rows with medians [7.0, 7.0, 9.0] (spread 2.1 ticks, 27.0%) -- averaging, widening whiskers to the union
  note: num_ways=17 (random) has 3 overlapping summary rows with medians [41.2, 43.4, 13.9] (spread 29.4 ticks, 89.6%) -- averaging, widening whiskers to the union
  note: num_ways=18 (random) has 3 overlapping summary rows with medians [40.0, 41.9, 14.0] (spread 27.9 ticks, 87.3%) -- averaging, widening whiskers to the union
  note: num_ways=21 (random) has 3 overlapping summary rows with medians [60.0, 61.0, 49.6] (spread 11.4 ticks, 20.0%) -- averaging, widening whiskers to the union
  note: num_ways=22 (random) has 3 overlapping summary rows with medians [59.3, 58.2, 47.5] (spread 11.9 ticks, 21.6%) -- averaging, widening whiskers to the union
  note: num_ways=2 (sequential) has 3 overlapping summary rows with medians [9.0, 6.8, 6.8] (spread 2.3 ticks, 30.0%) -- averaging, widening whiskers to the union
  note: num_ways=3 (sequential) has 3 overlapping summary rows with medians [9.0, 6.8, 6.8] (spread 2.3 ticks, 30.0%) -- averaging, widening whiskers to the union
  note: num_ways=6 (sequential) has 3 overlapping summary rows with medians [14.8, 6.8, 6.8] (spread 8.0 ticks, 85.0%) -- averaging, widening whiskers to the union
  note: num_ways=7 (sequential) has 3 overlapping summary rows with medians [14.8, 6.8, 6.8] (spread 8.0 ticks, 85.0%) -- averaging, widening whiskers to the union
  note: num_ways=8 (sequential) has 3 overlapping summary rows with medians [14.8, 6.8, 6.8] (spread 8.0 ticks, 84.9%) -- averaging, widening whiskers to the union
Wrote data_processed/hazel_cascadelake/associativity/L2/plots/associativity_curve.pdf and .png
Wrote data_processed/hazel_cascadelake/associativity/L2/plots/associativity_boxplots.pdf and .png
-- compressing raw CSVs for L2 --

== level L3_LLC: cache_bytes=16777216 ==
-- base sweep num_ways=2-40 --
  wrote 39002 lines -> data_raw/hazel_cascadelake/associativity/L3_LLC/associativity_base_random_20260915T014348Z.csv (seed=12345)
  wrote 39002 lines -> data_raw/hazel_cascadelake/associativity/L3_LLC/associativity_base_sequential_20260915T014348Z.csv (seed=12345)
Wrote 39 summary rows to data_processed/hazel_cascadelake/associativity/L3_LLC/base_random_summary_20260915T014348Z.csv
Wrote 39 summary rows to data_processed/hazel_cascadelake/associativity/L3_LLC/base_sequential_summary_20260915T014348Z.csv
-- detected associativity estimate: 8 --
  -- repeat 1/2 (seed=12346) --
  wrote 39002 lines -> data_raw/hazel_cascadelake/associativity/L3_LLC/associativity_rep1_random_20260915T014348Z.csv (seed=12346)
  wrote 39002 lines -> data_raw/hazel_cascadelake/associativity/L3_LLC/associativity_rep1_sequential_20260915T014348Z.csv (seed=12346)
Wrote 39 summary rows to data_processed/hazel_cascadelake/associativity/L3_LLC/rep1_random_summary_20260915T014348Z.csv
Wrote 39 summary rows to data_processed/hazel_cascadelake/associativity/L3_LLC/rep1_sequential_summary_20260915T014348Z.csv
     repeat 1 detected estimate: 8
  -- repeat 2/2 (seed=12347) --
  wrote 39002 lines -> data_raw/hazel_cascadelake/associativity/L3_LLC/associativity_rep2_random_20260915T014348Z.csv (seed=12347)
  wrote 39002 lines -> data_raw/hazel_cascadelake/associativity/L3_LLC/associativity_rep2_sequential_20260915T014348Z.csv (seed=12347)
Wrote 39 summary rows to data_processed/hazel_cascadelake/associativity/L3_LLC/rep2_random_summary_20260915T014348Z.csv
Wrote 39 summary rows to data_processed/hazel_cascadelake/associativity/L3_LLC/rep2_sequential_summary_20260915T014348Z.csv
     repeat 2 detected estimate: 8
-- generating plots for L3_LLC --
  note: num_ways=3 (random) has 3 overlapping summary rows with medians [9.0, 8.7, 6.8] (spread 2.2 ticks, 27.4%) -- averaging, widening whiskers to the union
  note: num_ways=18 (sequential) has 3 overlapping summary rows with medians [41.5, 31.6, 40.6] (spread 9.9 ticks, 26.1%) -- averaging, widening whiskers to the union
Wrote data_processed/hazel_cascadelake/associativity/L3_LLC/plots/associativity_curve.pdf and .png
Wrote data_processed/hazel_cascadelake/associativity/L3_LLC/plots/associativity_boxplots.pdf and .png
-- compressing raw CSVs for L3_LLC --

== done ==
== L1: cache_bytes=32768 -> associativity=8 (repeats: 8 8) ==
== L2: cache_bytes=1048576 -> associativity=8 (repeats: 8 8) ==
== L3_LLC: cache_bytes=16777216 -> associativity=8 (repeats: 8 8) ==
== record in data_raw/hazel_cascadelake/README.md: core=0, base_seed=12345 (repeats use base_seed+index), samples=1000000, max_ways=40, timestamp=20260915T014348Z ==
== full transcript saved to: data_raw/hazel_cascadelake/associativity/run_associativity_full_20260915T014348Z.log ==
