== run_hit_latency_full: machine=hazel_sapphirerapids/phase1_v2 core=40 base_seed=12345 ==
== timestamp=20260916T043817Z ==

== level L1: footprint_bytes=65536 ==
-- base (seed=12345) --
  wrote 1002 lines -> data_raw/hazel_sapphirerapids/phase1_v2/latency/hit/L1/hit_latency_base_dependent_random_20260916T043817Z.csv (mode=dependent pattern=random seed=12345)
Wrote 1 summary rows to data_processed/hazel_sapphirerapids/phase1_v2/latency/hit/L1/base_dependent_random_summary_20260916T043817Z.csv
  wrote 1002 lines -> data_raw/hazel_sapphirerapids/phase1_v2/latency/hit/L1/hit_latency_base_dependent_sequential_20260916T043817Z.csv (mode=dependent pattern=sequential seed=12345)
Wrote 1 summary rows to data_processed/hazel_sapphirerapids/phase1_v2/latency/hit/L1/base_dependent_sequential_summary_20260916T043817Z.csv
  wrote 1002 lines -> data_raw/hazel_sapphirerapids/phase1_v2/latency/hit/L1/hit_latency_base_independent_random_20260916T043817Z.csv (mode=independent pattern=random seed=12345)
Wrote 1 summary rows to data_processed/hazel_sapphirerapids/phase1_v2/latency/hit/L1/base_independent_random_summary_20260916T043817Z.csv
  wrote 1002 lines -> data_raw/hazel_sapphirerapids/phase1_v2/latency/hit/L1/hit_latency_base_independent_sequential_20260916T043817Z.csv (mode=independent pattern=sequential seed=12345)
Wrote 1 summary rows to data_processed/hazel_sapphirerapids/phase1_v2/latency/hit/L1/base_independent_sequential_summary_20260916T043817Z.csv
-- rep1 (seed=12346) --
  wrote 1002 lines -> data_raw/hazel_sapphirerapids/phase1_v2/latency/hit/L1/hit_latency_rep1_dependent_random_20260916T043817Z.csv (mode=dependent pattern=random seed=12346)
Wrote 1 summary rows to data_processed/hazel_sapphirerapids/phase1_v2/latency/hit/L1/rep1_dependent_random_summary_20260916T043817Z.csv
  wrote 1002 lines -> data_raw/hazel_sapphirerapids/phase1_v2/latency/hit/L1/hit_latency_rep1_dependent_sequential_20260916T043817Z.csv (mode=dependent pattern=sequential seed=12346)
Wrote 1 summary rows to data_processed/hazel_sapphirerapids/phase1_v2/latency/hit/L1/rep1_dependent_sequential_summary_20260916T043817Z.csv
  wrote 1002 lines -> data_raw/hazel_sapphirerapids/phase1_v2/latency/hit/L1/hit_latency_rep1_independent_random_20260916T043817Z.csv (mode=independent pattern=random seed=12346)
Wrote 1 summary rows to data_processed/hazel_sapphirerapids/phase1_v2/latency/hit/L1/rep1_independent_random_summary_20260916T043817Z.csv
  wrote 1002 lines -> data_raw/hazel_sapphirerapids/phase1_v2/latency/hit/L1/hit_latency_rep1_independent_sequential_20260916T043817Z.csv (mode=independent pattern=sequential seed=12346)
Wrote 1 summary rows to data_processed/hazel_sapphirerapids/phase1_v2/latency/hit/L1/rep1_independent_sequential_summary_20260916T043817Z.csv
-- rep2 (seed=12347) --
  wrote 1002 lines -> data_raw/hazel_sapphirerapids/phase1_v2/latency/hit/L1/hit_latency_rep2_dependent_random_20260916T043817Z.csv (mode=dependent pattern=random seed=12347)
Wrote 1 summary rows to data_processed/hazel_sapphirerapids/phase1_v2/latency/hit/L1/rep2_dependent_random_summary_20260916T043817Z.csv
  wrote 1002 lines -> data_raw/hazel_sapphirerapids/phase1_v2/latency/hit/L1/hit_latency_rep2_dependent_sequential_20260916T043817Z.csv (mode=dependent pattern=sequential seed=12347)
Wrote 1 summary rows to data_processed/hazel_sapphirerapids/phase1_v2/latency/hit/L1/rep2_dependent_sequential_summary_20260916T043817Z.csv
  wrote 1002 lines -> data_raw/hazel_sapphirerapids/phase1_v2/latency/hit/L1/hit_latency_rep2_independent_random_20260916T043817Z.csv (mode=independent pattern=random seed=12347)
Wrote 1 summary rows to data_processed/hazel_sapphirerapids/phase1_v2/latency/hit/L1/rep2_independent_random_summary_20260916T043817Z.csv
  wrote 1002 lines -> data_raw/hazel_sapphirerapids/phase1_v2/latency/hit/L1/hit_latency_rep2_independent_sequential_20260916T043817Z.csv (mode=independent pattern=sequential seed=12347)
Wrote 1 summary rows to data_processed/hazel_sapphirerapids/phase1_v2/latency/hit/L1/rep2_independent_sequential_summary_20260916T043817Z.csv
-- generating plots for L1 --
  note: ('dependent', 'sequential') has 3 overlapping summary rows with medians [20.1, 16.2, 19.8] (spread 3.9 ticks, 20.9%) -- averaging, widening whiskers to the union
  note: ('independent', 'random') has 3 overlapping summary rows with medians [14.5, 22.5, 25.1] (spread 10.6 ticks, 51.1%) -- averaging, widening whiskers to the union
random: independent < dependent (20.68 vs 27.06 ticks) [expected]
sequential: independent >= dependent (22.50 vs 18.72 ticks) [UNEXPECTED -- investigate]
Wrote data_processed/hazel_sapphirerapids/phase1_v2/latency/hit/L1/plots/hit_latency_boxplots.pdf and .png
-- compressing raw CSVs for L1 --

== level L2: footprint_bytes=2097152 ==
-- base (seed=12345) --
  wrote 1002 lines -> data_raw/hazel_sapphirerapids/phase1_v2/latency/hit/L2/hit_latency_base_dependent_random_20260916T043817Z.csv (mode=dependent pattern=random seed=12345)
Wrote 1 summary rows to data_processed/hazel_sapphirerapids/phase1_v2/latency/hit/L2/base_dependent_random_summary_20260916T043817Z.csv
  wrote 1002 lines -> data_raw/hazel_sapphirerapids/phase1_v2/latency/hit/L2/hit_latency_base_dependent_sequential_20260916T043817Z.csv (mode=dependent pattern=sequential seed=12345)
Wrote 1 summary rows to data_processed/hazel_sapphirerapids/phase1_v2/latency/hit/L2/base_dependent_sequential_summary_20260916T043817Z.csv
  wrote 1002 lines -> data_raw/hazel_sapphirerapids/phase1_v2/latency/hit/L2/hit_latency_base_independent_random_20260916T043817Z.csv (mode=independent pattern=random seed=12345)
Wrote 1 summary rows to data_processed/hazel_sapphirerapids/phase1_v2/latency/hit/L2/base_independent_random_summary_20260916T043817Z.csv
  wrote 1002 lines -> data_raw/hazel_sapphirerapids/phase1_v2/latency/hit/L2/hit_latency_base_independent_sequential_20260916T043817Z.csv (mode=independent pattern=sequential seed=12345)
Wrote 1 summary rows to data_processed/hazel_sapphirerapids/phase1_v2/latency/hit/L2/base_independent_sequential_summary_20260916T043817Z.csv
-- rep1 (seed=12346) --
  wrote 1002 lines -> data_raw/hazel_sapphirerapids/phase1_v2/latency/hit/L2/hit_latency_rep1_dependent_random_20260916T043817Z.csv (mode=dependent pattern=random seed=12346)
Wrote 1 summary rows to data_processed/hazel_sapphirerapids/phase1_v2/latency/hit/L2/rep1_dependent_random_summary_20260916T043817Z.csv
  wrote 1002 lines -> data_raw/hazel_sapphirerapids/phase1_v2/latency/hit/L2/hit_latency_rep1_dependent_sequential_20260916T043817Z.csv (mode=dependent pattern=sequential seed=12346)
Wrote 1 summary rows to data_processed/hazel_sapphirerapids/phase1_v2/latency/hit/L2/rep1_dependent_sequential_summary_20260916T043817Z.csv
  wrote 1002 lines -> data_raw/hazel_sapphirerapids/phase1_v2/latency/hit/L2/hit_latency_rep1_independent_random_20260916T043817Z.csv (mode=independent pattern=random seed=12346)
Wrote 1 summary rows to data_processed/hazel_sapphirerapids/phase1_v2/latency/hit/L2/rep1_independent_random_summary_20260916T043817Z.csv
  wrote 1002 lines -> data_raw/hazel_sapphirerapids/phase1_v2/latency/hit/L2/hit_latency_rep1_independent_sequential_20260916T043817Z.csv (mode=independent pattern=sequential seed=12346)
Wrote 1 summary rows to data_processed/hazel_sapphirerapids/phase1_v2/latency/hit/L2/rep1_independent_sequential_summary_20260916T043817Z.csv
-- rep2 (seed=12347) --
  wrote 1002 lines -> data_raw/hazel_sapphirerapids/phase1_v2/latency/hit/L2/hit_latency_rep2_dependent_random_20260916T043817Z.csv (mode=dependent pattern=random seed=12347)
Wrote 1 summary rows to data_processed/hazel_sapphirerapids/phase1_v2/latency/hit/L2/rep2_dependent_random_summary_20260916T043817Z.csv
  wrote 1002 lines -> data_raw/hazel_sapphirerapids/phase1_v2/latency/hit/L2/hit_latency_rep2_dependent_sequential_20260916T043817Z.csv (mode=dependent pattern=sequential seed=12347)
Wrote 1 summary rows to data_processed/hazel_sapphirerapids/phase1_v2/latency/hit/L2/rep2_dependent_sequential_summary_20260916T043817Z.csv
  wrote 1002 lines -> data_raw/hazel_sapphirerapids/phase1_v2/latency/hit/L2/hit_latency_rep2_independent_random_20260916T043817Z.csv (mode=independent pattern=random seed=12347)
Wrote 1 summary rows to data_processed/hazel_sapphirerapids/phase1_v2/latency/hit/L2/rep2_independent_random_summary_20260916T043817Z.csv
  wrote 1002 lines -> data_raw/hazel_sapphirerapids/phase1_v2/latency/hit/L2/hit_latency_rep2_independent_sequential_20260916T043817Z.csv (mode=independent pattern=sequential seed=12347)
Wrote 1 summary rows to data_processed/hazel_sapphirerapids/phase1_v2/latency/hit/L2/rep2_independent_sequential_summary_20260916T043817Z.csv
-- generating plots for L2 --
  note: ('dependent', 'sequential') has 3 overlapping summary rows with medians [17.8, 13.0, 14.8] (spread 4.8 ticks, 31.6%) -- averaging, widening whiskers to the union
  note: ('independent', 'sequential') has 3 overlapping summary rows with medians [7.3, 11.5, 7.8] (spread 4.2 ticks, 47.4%) -- averaging, widening whiskers to the union
random: independent < dependent (8.43 vs 21.71 ticks) [expected]
sequential: independent < dependent (8.89 vs 15.23 ticks) [expected]
Wrote data_processed/hazel_sapphirerapids/phase1_v2/latency/hit/L2/plots/hit_latency_boxplots.pdf and .png
-- compressing raw CSVs for L2 --

== level LLC: footprint_bytes=50331648 ==
-- base (seed=12345) --
  wrote 1002 lines -> data_raw/hazel_sapphirerapids/phase1_v2/latency/hit/LLC/hit_latency_base_dependent_random_20260916T043817Z.csv (mode=dependent pattern=random seed=12345)
Wrote 1 summary rows to data_processed/hazel_sapphirerapids/phase1_v2/latency/hit/LLC/base_dependent_random_summary_20260916T043817Z.csv
  wrote 1002 lines -> data_raw/hazel_sapphirerapids/phase1_v2/latency/hit/LLC/hit_latency_base_dependent_sequential_20260916T043817Z.csv (mode=dependent pattern=sequential seed=12345)
Wrote 1 summary rows to data_processed/hazel_sapphirerapids/phase1_v2/latency/hit/LLC/base_dependent_sequential_summary_20260916T043817Z.csv
  wrote 1002 lines -> data_raw/hazel_sapphirerapids/phase1_v2/latency/hit/LLC/hit_latency_base_independent_random_20260916T043817Z.csv (mode=independent pattern=random seed=12345)
Wrote 1 summary rows to data_processed/hazel_sapphirerapids/phase1_v2/latency/hit/LLC/base_independent_random_summary_20260916T043817Z.csv
  wrote 1002 lines -> data_raw/hazel_sapphirerapids/phase1_v2/latency/hit/LLC/hit_latency_base_independent_sequential_20260916T043817Z.csv (mode=independent pattern=sequential seed=12345)
Wrote 1 summary rows to data_processed/hazel_sapphirerapids/phase1_v2/latency/hit/LLC/base_independent_sequential_summary_20260916T043817Z.csv
-- rep1 (seed=12346) --
  wrote 1002 lines -> data_raw/hazel_sapphirerapids/phase1_v2/latency/hit/LLC/hit_latency_rep1_dependent_random_20260916T043817Z.csv (mode=dependent pattern=random seed=12346)
Wrote 1 summary rows to data_processed/hazel_sapphirerapids/phase1_v2/latency/hit/LLC/rep1_dependent_random_summary_20260916T043817Z.csv
  wrote 1002 lines -> data_raw/hazel_sapphirerapids/phase1_v2/latency/hit/LLC/hit_latency_rep1_dependent_sequential_20260916T043817Z.csv (mode=dependent pattern=sequential seed=12346)
Wrote 1 summary rows to data_processed/hazel_sapphirerapids/phase1_v2/latency/hit/LLC/rep1_dependent_sequential_summary_20260916T043817Z.csv
  wrote 1002 lines -> data_raw/hazel_sapphirerapids/phase1_v2/latency/hit/LLC/hit_latency_rep1_independent_random_20260916T043817Z.csv (mode=independent pattern=random seed=12346)
Wrote 1 summary rows to data_processed/hazel_sapphirerapids/phase1_v2/latency/hit/LLC/rep1_independent_random_summary_20260916T043817Z.csv
  wrote 1002 lines -> data_raw/hazel_sapphirerapids/phase1_v2/latency/hit/LLC/hit_latency_rep1_independent_sequential_20260916T043817Z.csv (mode=independent pattern=sequential seed=12346)
Wrote 1 summary rows to data_processed/hazel_sapphirerapids/phase1_v2/latency/hit/LLC/rep1_independent_sequential_summary_20260916T043817Z.csv
-- rep2 (seed=12347) --
  wrote 1002 lines -> data_raw/hazel_sapphirerapids/phase1_v2/latency/hit/LLC/hit_latency_rep2_dependent_random_20260916T043817Z.csv (mode=dependent pattern=random seed=12347)
Wrote 1 summary rows to data_processed/hazel_sapphirerapids/phase1_v2/latency/hit/LLC/rep2_dependent_random_summary_20260916T043817Z.csv
  wrote 1002 lines -> data_raw/hazel_sapphirerapids/phase1_v2/latency/hit/LLC/hit_latency_rep2_dependent_sequential_20260916T043817Z.csv (mode=dependent pattern=sequential seed=12347)
Wrote 1 summary rows to data_processed/hazel_sapphirerapids/phase1_v2/latency/hit/LLC/rep2_dependent_sequential_summary_20260916T043817Z.csv
  wrote 1002 lines -> data_raw/hazel_sapphirerapids/phase1_v2/latency/hit/LLC/hit_latency_rep2_independent_random_20260916T043817Z.csv (mode=independent pattern=random seed=12347)
Wrote 1 summary rows to data_processed/hazel_sapphirerapids/phase1_v2/latency/hit/LLC/rep2_independent_random_summary_20260916T043817Z.csv
  wrote 1002 lines -> data_raw/hazel_sapphirerapids/phase1_v2/latency/hit/LLC/hit_latency_rep2_independent_sequential_20260916T043817Z.csv (mode=independent pattern=sequential seed=12347)
Wrote 1 summary rows to data_processed/hazel_sapphirerapids/phase1_v2/latency/hit/LLC/rep2_independent_sequential_summary_20260916T043817Z.csv
-- generating plots for LLC --
  note: ('dependent', 'random') has 3 overlapping summary rows with medians [322.3, 71.6, 72.9] (spread 250.7 ticks, 161.1%) -- averaging, widening whiskers to the union
  note: ('independent', 'sequential') has 3 overlapping summary rows with medians [7.1, 4.5, 4.4] (spread 2.7 ticks, 50.2%) -- averaging, widening whiskers to the union
random: independent < dependent (24.77 vs 155.60 ticks) [expected]
sequential: independent < dependent (5.33 vs 5.66 ticks) [expected]
Wrote data_processed/hazel_sapphirerapids/phase1_v2/latency/hit/LLC/plots/hit_latency_boxplots.pdf and .png
-- compressing raw CSVs for LLC --

== level DRAM: footprint_bytes=536870912 ==
-- base (seed=12345) --
  wrote 1002 lines -> data_raw/hazel_sapphirerapids/phase1_v2/latency/hit/DRAM/hit_latency_base_dependent_random_20260916T043817Z.csv (mode=dependent pattern=random seed=12345)
Wrote 1 summary rows to data_processed/hazel_sapphirerapids/phase1_v2/latency/hit/DRAM/base_dependent_random_summary_20260916T043817Z.csv
  wrote 1002 lines -> data_raw/hazel_sapphirerapids/phase1_v2/latency/hit/DRAM/hit_latency_base_dependent_sequential_20260916T043817Z.csv (mode=dependent pattern=sequential seed=12345)
Wrote 1 summary rows to data_processed/hazel_sapphirerapids/phase1_v2/latency/hit/DRAM/base_dependent_sequential_summary_20260916T043817Z.csv
  wrote 1002 lines -> data_raw/hazel_sapphirerapids/phase1_v2/latency/hit/DRAM/hit_latency_base_independent_random_20260916T043817Z.csv (mode=independent pattern=random seed=12345)
Wrote 1 summary rows to data_processed/hazel_sapphirerapids/phase1_v2/latency/hit/DRAM/base_independent_random_summary_20260916T043817Z.csv
  wrote 1002 lines -> data_raw/hazel_sapphirerapids/phase1_v2/latency/hit/DRAM/hit_latency_base_independent_sequential_20260916T043817Z.csv (mode=independent pattern=sequential seed=12345)
Wrote 1 summary rows to data_processed/hazel_sapphirerapids/phase1_v2/latency/hit/DRAM/base_independent_sequential_summary_20260916T043817Z.csv
-- rep1 (seed=12346) --
  wrote 1002 lines -> data_raw/hazel_sapphirerapids/phase1_v2/latency/hit/DRAM/hit_latency_rep1_dependent_random_20260916T043817Z.csv (mode=dependent pattern=random seed=12346)
Wrote 1 summary rows to data_processed/hazel_sapphirerapids/phase1_v2/latency/hit/DRAM/rep1_dependent_random_summary_20260916T043817Z.csv
  wrote 1002 lines -> data_raw/hazel_sapphirerapids/phase1_v2/latency/hit/DRAM/hit_latency_rep1_dependent_sequential_20260916T043817Z.csv (mode=dependent pattern=sequential seed=12346)
Wrote 1 summary rows to data_processed/hazel_sapphirerapids/phase1_v2/latency/hit/DRAM/rep1_dependent_sequential_summary_20260916T043817Z.csv
  wrote 1002 lines -> data_raw/hazel_sapphirerapids/phase1_v2/latency/hit/DRAM/hit_latency_rep1_independent_random_20260916T043817Z.csv (mode=independent pattern=random seed=12346)
Wrote 1 summary rows to data_processed/hazel_sapphirerapids/phase1_v2/latency/hit/DRAM/rep1_independent_random_summary_20260916T043817Z.csv
  wrote 1002 lines -> data_raw/hazel_sapphirerapids/phase1_v2/latency/hit/DRAM/hit_latency_rep1_independent_sequential_20260916T043817Z.csv (mode=independent pattern=sequential seed=12346)
Wrote 1 summary rows to data_processed/hazel_sapphirerapids/phase1_v2/latency/hit/DRAM/rep1_independent_sequential_summary_20260916T043817Z.csv
-- rep2 (seed=12347) --
  wrote 1002 lines -> data_raw/hazel_sapphirerapids/phase1_v2/latency/hit/DRAM/hit_latency_rep2_dependent_random_20260916T043817Z.csv (mode=dependent pattern=random seed=12347)
Wrote 1 summary rows to data_processed/hazel_sapphirerapids/phase1_v2/latency/hit/DRAM/rep2_dependent_random_summary_20260916T043817Z.csv
  wrote 1002 lines -> data_raw/hazel_sapphirerapids/phase1_v2/latency/hit/DRAM/hit_latency_rep2_dependent_sequential_20260916T043817Z.csv (mode=dependent pattern=sequential seed=12347)
Wrote 1 summary rows to data_processed/hazel_sapphirerapids/phase1_v2/latency/hit/DRAM/rep2_dependent_sequential_summary_20260916T043817Z.csv
  wrote 1002 lines -> data_raw/hazel_sapphirerapids/phase1_v2/latency/hit/DRAM/hit_latency_rep2_independent_random_20260916T043817Z.csv (mode=independent pattern=random seed=12347)
Wrote 1 summary rows to data_processed/hazel_sapphirerapids/phase1_v2/latency/hit/DRAM/rep2_independent_random_summary_20260916T043817Z.csv
  wrote 1002 lines -> data_raw/hazel_sapphirerapids/phase1_v2/latency/hit/DRAM/hit_latency_rep2_independent_sequential_20260916T043817Z.csv (mode=independent pattern=sequential seed=12347)
Wrote 1 summary rows to data_processed/hazel_sapphirerapids/phase1_v2/latency/hit/DRAM/rep2_independent_sequential_summary_20260916T043817Z.csv
-- generating plots for DRAM --
  note: ('independent', 'sequential') has 3 overlapping summary rows with medians [5.4, 3.8, 3.7] (spread 1.7 ticks, 38.6%) -- averaging, widening whiskers to the union
random: independent < dependent (25.46 vs 289.30 ticks) [expected]
sequential: independent >= dependent (4.31 vs 4.02 ticks) [UNEXPECTED -- investigate]
Wrote data_processed/hazel_sapphirerapids/phase1_v2/latency/hit/DRAM/plots/hit_latency_boxplots.pdf and .png
-- compressing raw CSVs for DRAM --

== done ==
== L1: footprint_bytes=65536 ==
== L2: footprint_bytes=2097152 ==
== LLC: footprint_bytes=50331648 ==
== DRAM: footprint_bytes=536870912 ==
== record in data_raw/hazel_sapphirerapids/phase1_v2/README.md: core=40, base_seed=12345 (repeats use base_seed+index), samples=1000000, timestamp=20260916T043817Z ==
== full transcript saved to: data_raw/hazel_sapphirerapids/phase1_v2/latency/run_hit_latency_full_20260916T043817Z.log ==
