== run_inclusion_policy_full: machine=skylark core=6 base_seed=12345 ==
== assumed_line_size_bytes=64 (confirmed for Sunbird 2026-09-11; verify for other machines) ==
== timestamp=20260913T180514Z ==

== L1_vs_L2: target_bytes=32768 lower_level_bytes=524288 -> evict_bytes=33554432 (scaled 4096/64x) ==
-- survived-class calibration (evict_bytes=target_bytes, nothing evicted) --
  survived-class (single-shot, calibrated here): 73.104 ticks
  invalidated-class (from data_processed/skylark/latency/miss/L2_to_LLC/base_random_summary_20260913T061426Z.csv): 120.0 ticks
-- base (seed=12345) --
  wrote 402 lines -> data_raw/skylark/inclusion_policy/L1_vs_L2/inclusion_policy_base_random_20260913T180514Z.csv (pattern=random seed=12345)
Wrote 2 summary rows to data_processed/skylark/inclusion_policy/L1_vs_L2/base_random_summary_20260913T180514Z.csv
  wrote 402 lines -> data_raw/skylark/inclusion_policy/L1_vs_L2/inclusion_policy_base_sequential_20260913T180514Z.csv (pattern=sequential seed=12345)
Wrote 2 summary rows to data_processed/skylark/inclusion_policy/L1_vs_L2/base_sequential_summary_20260913T180514Z.csv
-- rep1 (seed=12346) --
  wrote 402 lines -> data_raw/skylark/inclusion_policy/L1_vs_L2/inclusion_policy_rep1_random_20260913T180514Z.csv (pattern=random seed=12346)
Wrote 2 summary rows to data_processed/skylark/inclusion_policy/L1_vs_L2/rep1_random_summary_20260913T180514Z.csv
  wrote 402 lines -> data_raw/skylark/inclusion_policy/L1_vs_L2/inclusion_policy_rep1_sequential_20260913T180514Z.csv (pattern=sequential seed=12346)
Wrote 2 summary rows to data_processed/skylark/inclusion_policy/L1_vs_L2/rep1_sequential_summary_20260913T180514Z.csv
-- rep2 (seed=12347) --
  wrote 402 lines -> data_raw/skylark/inclusion_policy/L1_vs_L2/inclusion_policy_rep2_random_20260913T180514Z.csv (pattern=random seed=12347)
Wrote 2 summary rows to data_processed/skylark/inclusion_policy/L1_vs_L2/rep2_random_summary_20260913T180514Z.csv
  wrote 402 lines -> data_raw/skylark/inclusion_policy/L1_vs_L2/inclusion_policy_rep2_sequential_20260913T180514Z.csv (pattern=sequential seed=12347)
Wrote 2 summary rows to data_processed/skylark/inclusion_policy/L1_vs_L2/rep2_sequential_summary_20260913T180514Z.csv
Survived-class (upper-level hit) median:       73.10 ticks
Invalidated-class (beyond-lower-level) median: 120.00 ticks
Classification boundary (geometric mean):      93.66 ticks

TARGET channel  (n=200): median=72.0 mean=79.8 ticks -- 136 survived-like (68.0%), 63 ambiguous, 1 invalidated-like (0.5%)
CONTROL channel (n=200): median=72.0 mean=78.8 ticks -- 144 survived-like (72.0%), 55 ambiguous, 1 invalidated-like (0.5%)
Paired check: target read slower than its own trial's control in 11.0% of trials (distribution-free, independent of the class boundary above)

VERDICT: UNCERTAIN (mixed result -- do not claim a global policy from this alone)
-- generating plots for L1_vs_L2 --
  note: ('target', 'random') has 3 overlapping summary rows with medians [72.0, 96.0, 96.0] (spread 24.0 ticks, 27.3%) -- averaging, widening whiskers to the union
  note: ('target', 'sequential') has 3 overlapping summary rows with medians [96.0, 96.0, 72.0] (spread 24.0 ticks, 27.3%) -- averaging, widening whiskers to the union
Wrote data_processed/skylark/inclusion_policy/L1_vs_L2/plots/inclusion_policy_boxplots.pdf and .png
-- compressing raw CSVs for L1_vs_L2 --

== done ==
== L1_vs_L2: VERDICT: UNCERTAIN (mixed result -- do not claim a global policy from this alone) ==
== record in data_raw/skylark/README.md: core=6, base_seed=12345 (repeats use base_seed+index), trials=200, assumed_line_size_bytes=64, timestamp=20260913T180514Z ==
== full transcript saved to: data_raw/skylark/inclusion_policy/run_inclusion_policy_full_20260913T180514Z.log ==
