== run_line_size: machine=sunbird core=1 seed=12345 ==
== timestamp=20260910T230216Z boundaries=32768,20971520,157286400 coarse_strides=8,16,32,64,128,256 ==

############################################################
## LEVEL boundary=32768B -- Method A window=[4096,131072] bytes
############################################################
-- [L32768 A coarse] stride=8B pattern=random offset=0B --
  wrote 31002 lines -> data_raw/sunbird/line_size/level_32768/family_8_random_20260910T230216Z.csv
Wrote 31 summary rows to data_processed/sunbird/line_size/level_32768/family_8_random_summary.csv
-- [L32768 A coarse] stride=8B pattern=sequential offset=0B --
  wrote 31002 lines -> data_raw/sunbird/line_size/level_32768/family_8_sequential_20260910T230216Z.csv
Wrote 31 summary rows to data_processed/sunbird/line_size/level_32768/family_8_sequential_summary.csv
-- [L32768 A coarse] stride=16B pattern=random offset=0B --
  wrote 31002 lines -> data_raw/sunbird/line_size/level_32768/family_16_random_20260910T230216Z.csv
Wrote 31 summary rows to data_processed/sunbird/line_size/level_32768/family_16_random_summary.csv
-- [L32768 A coarse] stride=16B pattern=sequential offset=0B --
  wrote 31002 lines -> data_raw/sunbird/line_size/level_32768/family_16_sequential_20260910T230216Z.csv
Wrote 31 summary rows to data_processed/sunbird/line_size/level_32768/family_16_sequential_summary.csv
-- [L32768 A coarse] stride=32B pattern=random offset=0B --
  wrote 31002 lines -> data_raw/sunbird/line_size/level_32768/family_32_random_20260910T230216Z.csv
Wrote 31 summary rows to data_processed/sunbird/line_size/level_32768/family_32_random_summary.csv
-- [L32768 A coarse] stride=32B pattern=sequential offset=0B --
  wrote 31002 lines -> data_raw/sunbird/line_size/level_32768/family_32_sequential_20260910T230216Z.csv
Wrote 31 summary rows to data_processed/sunbird/line_size/level_32768/family_32_sequential_summary.csv
-- [L32768 A coarse] stride=64B pattern=random offset=0B --
  wrote 31002 lines -> data_raw/sunbird/line_size/level_32768/family_64_random_20260910T230216Z.csv
Wrote 31 summary rows to data_processed/sunbird/line_size/level_32768/family_64_random_summary.csv
-- [L32768 A coarse] stride=64B pattern=sequential offset=0B --
  wrote 31002 lines -> data_raw/sunbird/line_size/level_32768/family_64_sequential_20260910T230216Z.csv
Wrote 31 summary rows to data_processed/sunbird/line_size/level_32768/family_64_sequential_summary.csv
-- [L32768 A coarse] stride=128B pattern=random offset=0B --
  wrote 31002 lines -> data_raw/sunbird/line_size/level_32768/family_128_random_20260910T230216Z.csv
Wrote 31 summary rows to data_processed/sunbird/line_size/level_32768/family_128_random_summary.csv
-- [L32768 A coarse] stride=128B pattern=sequential offset=0B --
  wrote 31002 lines -> data_raw/sunbird/line_size/level_32768/family_128_sequential_20260910T230216Z.csv
Wrote 31 summary rows to data_processed/sunbird/line_size/level_32768/family_128_sequential_summary.csv
-- [L32768 A coarse] stride=256B pattern=random offset=0B --
  wrote 31002 lines -> data_raw/sunbird/line_size/level_32768/family_256_random_20260910T230216Z.csv
Wrote 31 summary rows to data_processed/sunbird/line_size/level_32768/family_256_random_summary.csv
-- [L32768 A coarse] stride=256B pattern=sequential offset=0B --
  wrote 31002 lines -> data_raw/sunbird/line_size/level_32768/family_256_sequential_20260910T230216Z.csv
Wrote 31 summary rows to data_processed/sunbird/line_size/level_32768/family_256_sequential_summary.csv
-- [L32768 A steps 1-3] generating coarse family-of-curves plots --
Wrote data_processed/sunbird/line_size/level_32768/plots/line_size_family_curve.pdf and .png
-- per-stride elbow (bytes): {8B: 65536, 16B: None, 32B: None, 64B: None, 128B: None, 256B: None}
-- no candidate stride's elbow separated from the shared baseline within the swept footprint range -- either every tested stride is <= the true line size, or the footprint ceiling needs raising
Wrote data_processed/sunbird/line_size/level_32768/plots/line_size_family_boxplots.pdf and .png
== [L32768 A] no candidate stride separated from the shared baseline
   within this level's window -- widen coarse_strides_csv or pass a
   candidate override for this level. Skipping Method-A step 4.

-- [L32768 B] single-curve method, footprint_bytes=65536 (2.0x boundary) --
-- [L32768 B coarse] stride 8-1024 bytes (step 8) --
  wrote 128002 lines -> data_raw/sunbird/line_size/level_32768/singlecurve_coarse_random_20260910T230216Z.csv
  wrote 128002 lines -> data_raw/sunbird/line_size/level_32768/singlecurve_coarse_sequential_20260910T230216Z.csv
Wrote 128 summary rows to data_processed/sunbird/line_size/level_32768/singlecurve_coarse_random_summary.csv
Wrote 128 summary rows to data_processed/sunbird/line_size/level_32768/singlecurve_coarse_sequential_summary.csv
-- [L32768 B] detected line-size estimate (bytes): 64 --
-- [L32768 B] dense sweep around estimate 64 bytes: 32-129 (step 1) --
  wrote 98002 lines -> data_raw/sunbird/line_size/level_32768/singlecurve_dense_random_20260910T230216Z.csv
  wrote 98002 lines -> data_raw/sunbird/line_size/level_32768/singlecurve_dense_sequential_20260910T230216Z.csv
Wrote 98 summary rows to data_processed/sunbird/line_size/level_32768/singlecurve_dense_random_summary.csv
Wrote 98 summary rows to data_processed/sunbird/line_size/level_32768/singlecurve_dense_sequential_summary.csv
  -- [L32768 B] repeat 1/2 of the dense window --
  wrote 98002 lines -> data_raw/sunbird/line_size/level_32768/singlecurve_dense_rep1_random_20260910T230216Z.csv
  wrote 98002 lines -> data_raw/sunbird/line_size/level_32768/singlecurve_dense_rep1_sequential_20260910T230216Z.csv
Wrote 98 summary rows to data_processed/sunbird/line_size/level_32768/singlecurve_dense_rep1_random_summary.csv
Wrote 98 summary rows to data_processed/sunbird/line_size/level_32768/singlecurve_dense_rep1_sequential_summary.csv
  -- [L32768 B] repeat 2/2 of the dense window --
  wrote 98002 lines -> data_raw/sunbird/line_size/level_32768/singlecurve_dense_rep2_random_20260910T230216Z.csv
  wrote 98002 lines -> data_raw/sunbird/line_size/level_32768/singlecurve_dense_rep2_sequential_20260910T230216Z.csv
Wrote 98 summary rows to data_processed/sunbird/line_size/level_32768/singlecurve_dense_rep2_random_summary.csv
Wrote 98 summary rows to data_processed/sunbird/line_size/level_32768/singlecurve_dense_rep2_sequential_summary.csv
-- [L32768 B] generating single-curve plots --
  note: 32B (random) has 4 overlapping summary rows with medians [16.7, 22.4, 16.2, 16.2] (spread 6.2 ticks, 35.0%) -- averaging, widening whiskers to the union
  note: 120B (random) has 4 overlapping summary rows with medians [14.0, 14.0, 14.1, 17.0] (spread 3.0 ticks, 20.5%) -- averaging, widening whiskers to the union
  note: 33B (random) has 3 overlapping summary rows with medians [21.7, 17.5, 17.4] (spread 4.3 ticks, 22.8%) -- averaging, widening whiskers to the union
  note: 37B (random) has 3 overlapping summary rows with medians [16.7, 21.6, 18.5] (spread 5.0 ticks, 26.2%) -- averaging, widening whiskers to the union
  note: 126B (random) has 3 overlapping summary rows with medians [14.3, 14.0, 18.7] (spread 4.8 ticks, 30.4%) -- averaging, widening whiskers to the union
  note: 127B (random) has 3 overlapping summary rows with medians [18.4, 14.2, 19.7] (spread 5.5 ticks, 31.8%) -- averaging, widening whiskers to the union
  note: 129B (random) has 3 overlapping summary rows with medians [18.2, 13.5, 18.3] (spread 4.8 ticks, 28.9%) -- averaging, widening whiskers to the union
  note: flagged 3 isolated spike stride(s) as probable page-aliasing artifacts: [256, 512, 1024]
Wrote data_processed/sunbird/line_size/level_32768/plots/line_size_curve.pdf and .png
Wrote data_processed/sunbird/line_size/level_32768/plots/line_size_boxplots.pdf and .png

############################################################
## LEVEL boundary=20971520B -- Method A window=[2621440,83886080] bytes
############################################################
-- [L20971520 A coarse] stride=8B pattern=random offset=0B --
  wrote 31002 lines -> data_raw/sunbird/line_size/level_20971520/family_8_random_20260910T230216Z.csv
Wrote 31 summary rows to data_processed/sunbird/line_size/level_20971520/family_8_random_summary.csv
-- [L20971520 A coarse] stride=8B pattern=sequential offset=0B --
  wrote 31002 lines -> data_raw/sunbird/line_size/level_20971520/family_8_sequential_20260910T230216Z.csv
Wrote 31 summary rows to data_processed/sunbird/line_size/level_20971520/family_8_sequential_summary.csv
-- [L20971520 A coarse] stride=16B pattern=random offset=0B --
  wrote 31002 lines -> data_raw/sunbird/line_size/level_20971520/family_16_random_20260910T230216Z.csv
Wrote 31 summary rows to data_processed/sunbird/line_size/level_20971520/family_16_random_summary.csv
-- [L20971520 A coarse] stride=16B pattern=sequential offset=0B --
  wrote 31002 lines -> data_raw/sunbird/line_size/level_20971520/family_16_sequential_20260910T230216Z.csv
Wrote 31 summary rows to data_processed/sunbird/line_size/level_20971520/family_16_sequential_summary.csv
-- [L20971520 A coarse] stride=32B pattern=random offset=0B --
  wrote 31002 lines -> data_raw/sunbird/line_size/level_20971520/family_32_random_20260910T230216Z.csv
Wrote 31 summary rows to data_processed/sunbird/line_size/level_20971520/family_32_random_summary.csv
-- [L20971520 A coarse] stride=32B pattern=sequential offset=0B --
  wrote 31002 lines -> data_raw/sunbird/line_size/level_20971520/family_32_sequential_20260910T230216Z.csv
Wrote 31 summary rows to data_processed/sunbird/line_size/level_20971520/family_32_sequential_summary.csv
-- [L20971520 A coarse] stride=64B pattern=random offset=0B --
  wrote 31002 lines -> data_raw/sunbird/line_size/level_20971520/family_64_random_20260910T230216Z.csv
Wrote 31 summary rows to data_processed/sunbird/line_size/level_20971520/family_64_random_summary.csv
-- [L20971520 A coarse] stride=64B pattern=sequential offset=0B --
  wrote 31002 lines -> data_raw/sunbird/line_size/level_20971520/family_64_sequential_20260910T230216Z.csv
Wrote 31 summary rows to data_processed/sunbird/line_size/level_20971520/family_64_sequential_summary.csv
-- [L20971520 A coarse] stride=128B pattern=random offset=0B --
  wrote 31002 lines -> data_raw/sunbird/line_size/level_20971520/family_128_random_20260910T230216Z.csv
Wrote 31 summary rows to data_processed/sunbird/line_size/level_20971520/family_128_random_summary.csv
-- [L20971520 A coarse] stride=128B pattern=sequential offset=0B --
  wrote 31002 lines -> data_raw/sunbird/line_size/level_20971520/family_128_sequential_20260910T230216Z.csv
Wrote 31 summary rows to data_processed/sunbird/line_size/level_20971520/family_128_sequential_summary.csv
-- [L20971520 A coarse] stride=256B pattern=random offset=0B --
  wrote 31002 lines -> data_raw/sunbird/line_size/level_20971520/family_256_random_20260910T230216Z.csv
Wrote 31 summary rows to data_processed/sunbird/line_size/level_20971520/family_256_random_summary.csv
-- [L20971520 A coarse] stride=256B pattern=sequential offset=0B --
  wrote 31002 lines -> data_raw/sunbird/line_size/level_20971520/family_256_sequential_20260910T230216Z.csv
Wrote 31 summary rows to data_processed/sunbird/line_size/level_20971520/family_256_sequential_summary.csv
-- [L20971520 A steps 1-3] generating coarse family-of-curves plots --
Wrote data_processed/sunbird/line_size/level_20971520/plots/line_size_family_curve.pdf and .png
-- per-stride elbow (bytes): {8B: 33290208, 16B: 33290208, 32B: 33290208, 64B: 26422400, 128B: 33290112, 256B: 33289984}
-- no candidate stride's elbow separated from the shared baseline within the swept footprint range -- either every tested stride is <= the true line size, or the footprint ceiling needs raising
Wrote data_processed/sunbird/line_size/level_20971520/plots/line_size_family_boxplots.pdf and .png
== [L20971520 A] no candidate stride separated from the shared baseline
   within this level's window -- widen coarse_strides_csv or pass a
   candidate override for this level. Skipping Method-A step 4.

-- [L20971520 B] single-curve method, footprint_bytes=41943040 (2.0x boundary) --
-- [L20971520 B coarse] stride 8-1024 bytes (step 8) --
  wrote 128002 lines -> data_raw/sunbird/line_size/level_20971520/singlecurve_coarse_random_20260910T230216Z.csv
  wrote 128002 lines -> data_raw/sunbird/line_size/level_20971520/singlecurve_coarse_sequential_20260910T230216Z.csv
Wrote 128 summary rows to data_processed/sunbird/line_size/level_20971520/singlecurve_coarse_random_summary.csv
Wrote 128 summary rows to data_processed/sunbird/line_size/level_20971520/singlecurve_coarse_sequential_summary.csv
-- [L20971520 B] detected line-size estimate (bytes): none --
-- [L20971520 B] no transition detected in the coarse sweep; skipping dense/repeat stages --
-- [L20971520 B] generating single-curve plots --
  note: flagged 4 isolated spike stride(s) as probable page-aliasing artifacts: [128, 256, 512, 1024]
Wrote data_processed/sunbird/line_size/level_20971520/plots/line_size_curve.pdf and .png
Wrote data_processed/sunbird/line_size/level_20971520/plots/line_size_boxplots.pdf and .png

############################################################
## LEVEL boundary=157286400B -- Method A window=[19660800,268435456] bytes
############################################################
-- [L157286400 A coarse] stride=8B pattern=random offset=0B --
  wrote 23002 lines -> data_raw/sunbird/line_size/level_157286400/family_8_random_20260910T230216Z.csv
Wrote 23 summary rows to data_processed/sunbird/line_size/level_157286400/family_8_random_summary.csv
-- [L157286400 A coarse] stride=8B pattern=sequential offset=0B --
  wrote 23002 lines -> data_raw/sunbird/line_size/level_157286400/family_8_sequential_20260910T230216Z.csv
Wrote 23 summary rows to data_processed/sunbird/line_size/level_157286400/family_8_sequential_summary.csv
-- [L157286400 A coarse] stride=16B pattern=random offset=0B --
  wrote 23002 lines -> data_raw/sunbird/line_size/level_157286400/family_16_random_20260910T230216Z.csv
Wrote 23 summary rows to data_processed/sunbird/line_size/level_157286400/family_16_random_summary.csv
-- [L157286400 A coarse] stride=16B pattern=sequential offset=0B --
  wrote 23002 lines -> data_raw/sunbird/line_size/level_157286400/family_16_sequential_20260910T230216Z.csv
Wrote 23 summary rows to data_processed/sunbird/line_size/level_157286400/family_16_sequential_summary.csv
-- [L157286400 A coarse] stride=32B pattern=random offset=0B --
  wrote 23002 lines -> data_raw/sunbird/line_size/level_157286400/family_32_random_20260910T230216Z.csv
Wrote 23 summary rows to data_processed/sunbird/line_size/level_157286400/family_32_random_summary.csv
-- [L157286400 A coarse] stride=32B pattern=sequential offset=0B --
  wrote 23002 lines -> data_raw/sunbird/line_size/level_157286400/family_32_sequential_20260910T230216Z.csv
Wrote 23 summary rows to data_processed/sunbird/line_size/level_157286400/family_32_sequential_summary.csv
-- [L157286400 A coarse] stride=64B pattern=random offset=0B --
  wrote 23002 lines -> data_raw/sunbird/line_size/level_157286400/family_64_random_20260910T230216Z.csv
Wrote 23 summary rows to data_processed/sunbird/line_size/level_157286400/family_64_random_summary.csv
-- [L157286400 A coarse] stride=64B pattern=sequential offset=0B --
  wrote 23002 lines -> data_raw/sunbird/line_size/level_157286400/family_64_sequential_20260910T230216Z.csv
Wrote 23 summary rows to data_processed/sunbird/line_size/level_157286400/family_64_sequential_summary.csv
-- [L157286400 A coarse] stride=128B pattern=random offset=0B --
  wrote 23002 lines -> data_raw/sunbird/line_size/level_157286400/family_128_random_20260910T230216Z.csv
Wrote 23 summary rows to data_processed/sunbird/line_size/level_157286400/family_128_random_summary.csv
-- [L157286400 A coarse] stride=128B pattern=sequential offset=0B --
  wrote 23002 lines -> data_raw/sunbird/line_size/level_157286400/family_128_sequential_20260910T230216Z.csv
Wrote 23 summary rows to data_processed/sunbird/line_size/level_157286400/family_128_sequential_summary.csv
-- [L157286400 A coarse] stride=256B pattern=random offset=0B --
  wrote 23002 lines -> data_raw/sunbird/line_size/level_157286400/family_256_random_20260910T230216Z.csv
Wrote 23 summary rows to data_processed/sunbird/line_size/level_157286400/family_256_random_summary.csv
-- [L157286400 A coarse] stride=256B pattern=sequential offset=0B --
  wrote 23002 lines -> data_raw/sunbird/line_size/level_157286400/family_256_sequential_20260910T230216Z.csv
Wrote 23 summary rows to data_processed/sunbird/line_size/level_157286400/family_256_sequential_summary.csv
-- [L157286400 A steps 1-3] generating coarse family-of-curves plots --
Wrote data_processed/sunbird/line_size/level_157286400/plots/line_size_family_curve.pdf and .png
-- per-stride elbow (bytes): {8B: 35031560, 16B: 35031552, 32B: 31209568, 64B: 31209536, 128B: 31209472, 256B: 31209472}
-- no candidate stride's elbow separated from the shared baseline within the swept footprint range -- either every tested stride is <= the true line size, or the footprint ceiling needs raising
Wrote data_processed/sunbird/line_size/level_157286400/plots/line_size_family_boxplots.pdf and .png
== [L157286400 A] no candidate stride separated from the shared baseline
   within this level's window -- widen coarse_strides_csv or pass a
   candidate override for this level. Skipping Method-A step 4.

-- [L157286400 B] single-curve method, footprint_bytes=314572800 (2.0x boundary) --
-- [L157286400 B coarse] stride 8-1024 bytes (step 8) --
  wrote 128002 lines -> data_raw/sunbird/line_size/level_157286400/singlecurve_coarse_random_20260910T230216Z.csv
  wrote 128002 lines -> data_raw/sunbird/line_size/level_157286400/singlecurve_coarse_sequential_20260910T230216Z.csv
Wrote 128 summary rows to data_processed/sunbird/line_size/level_157286400/singlecurve_coarse_random_summary.csv
Wrote 128 summary rows to data_processed/sunbird/line_size/level_157286400/singlecurve_coarse_sequential_summary.csv
-- [L157286400 B] detected line-size estimate (bytes): none --
-- [L157286400 B] no transition detected in the coarse sweep; skipping dense/repeat stages --
-- [L157286400 B] generating single-curve plots --
  note: flagged 4 isolated spike stride(s) as probable page-aliasing artifacts: [640, 768, 896, 1024]
Wrote data_processed/sunbird/line_size/level_157286400/plots/line_size_curve.pdf and .png
Wrote data_processed/sunbird/line_size/level_157286400/plots/line_size_boxplots.pdf and .png

############################################################
## step 5: cross-level, cross-method agreement summary
############################################################
   level boundary=32768B -> method A (family of curves) = noneB, method B (single curve) = 64B
   level boundary=20971520B -> method A (family of curves) = noneB, method B (single curve) = noneB
   level boundary=157286400B -> method A (family of curves) = noneB, method B (single curve) = noneB
== every level/method that produced an estimate AGREES on 64B -- strong Phase-I evidence ==
== done: all levels, both methods, complete ==
== this is a FROZEN PHASE-I TIMING-ONLY result -- compare against PMU counters
   and the documented/system-reported line size in Phase II before treating it as
   confirmed (see README.md's Phase I/II/III discipline).
== plots per level: data_processed/sunbird/line_size/level_<boundary>/plots/line_size_family_{curve,boxplots}.{png,pdf} (A, steps 1-3),
          .../line_size_offset_{elbow,boxplots}.{png,pdf} (A, step 4), .../line_size_{curve,boxplots}.{png,pdf} (B) ==
== record in data_raw/sunbird/README.md: boundaries=32768,20971520,157286400, core=1,
   seed=12345, samples=1000000, coarse_strides=8,16,32,64,128,256, per-level/per-method estimates as above,
   timestamp=20260910T230216Z ==
== full transcript saved to: data_raw/sunbird/line_size/run_line_size_20260910T230216Z.log ==
