== run_line_size: machine=sunbird core=1 seed=12345 ==
== timestamp=20260911T200548Z boundaries=32768,262144,31457280 coarse_strides=8,16,32,64,128,256 ==

############################################################
## LEVEL boundary=32768B -- Method A window=[4096,131072] bytes
############################################################
-- [L32768 A coarse] stride=8B pattern=random offset=0B --
  wrote 31002 lines -> data_raw/sunbird/line_size/level_32768/family_8_random_20260911T200548Z.csv
Wrote 31 summary rows to data_processed/sunbird/line_size/level_32768/family_8_random_summary.csv
-- [L32768 A coarse] stride=8B pattern=sequential offset=0B --
  wrote 31002 lines -> data_raw/sunbird/line_size/level_32768/family_8_sequential_20260911T200548Z.csv
Wrote 31 summary rows to data_processed/sunbird/line_size/level_32768/family_8_sequential_summary.csv
-- [L32768 A coarse] stride=16B pattern=random offset=0B --
  wrote 31002 lines -> data_raw/sunbird/line_size/level_32768/family_16_random_20260911T200548Z.csv
Wrote 31 summary rows to data_processed/sunbird/line_size/level_32768/family_16_random_summary.csv
-- [L32768 A coarse] stride=16B pattern=sequential offset=0B --
  wrote 31002 lines -> data_raw/sunbird/line_size/level_32768/family_16_sequential_20260911T200548Z.csv
Wrote 31 summary rows to data_processed/sunbird/line_size/level_32768/family_16_sequential_summary.csv
-- [L32768 A coarse] stride=32B pattern=random offset=0B --
  wrote 31002 lines -> data_raw/sunbird/line_size/level_32768/family_32_random_20260911T200548Z.csv
Wrote 31 summary rows to data_processed/sunbird/line_size/level_32768/family_32_random_summary.csv
-- [L32768 A coarse] stride=32B pattern=sequential offset=0B --
  wrote 31002 lines -> data_raw/sunbird/line_size/level_32768/family_32_sequential_20260911T200548Z.csv
Wrote 31 summary rows to data_processed/sunbird/line_size/level_32768/family_32_sequential_summary.csv
-- [L32768 A coarse] stride=64B pattern=random offset=0B --
  wrote 31002 lines -> data_raw/sunbird/line_size/level_32768/family_64_random_20260911T200548Z.csv
Wrote 31 summary rows to data_processed/sunbird/line_size/level_32768/family_64_random_summary.csv
-- [L32768 A coarse] stride=64B pattern=sequential offset=0B --
  wrote 31002 lines -> data_raw/sunbird/line_size/level_32768/family_64_sequential_20260911T200548Z.csv
Wrote 31 summary rows to data_processed/sunbird/line_size/level_32768/family_64_sequential_summary.csv
-- [L32768 A coarse] stride=128B pattern=random offset=0B --
  wrote 31002 lines -> data_raw/sunbird/line_size/level_32768/family_128_random_20260911T200548Z.csv
Wrote 31 summary rows to data_processed/sunbird/line_size/level_32768/family_128_random_summary.csv
-- [L32768 A coarse] stride=128B pattern=sequential offset=0B --
  wrote 31002 lines -> data_raw/sunbird/line_size/level_32768/family_128_sequential_20260911T200548Z.csv
Wrote 31 summary rows to data_processed/sunbird/line_size/level_32768/family_128_sequential_summary.csv
-- [L32768 A coarse] stride=256B pattern=random offset=0B --
  wrote 31002 lines -> data_raw/sunbird/line_size/level_32768/family_256_random_20260911T200548Z.csv
Wrote 31 summary rows to data_processed/sunbird/line_size/level_32768/family_256_random_summary.csv
-- [L32768 A coarse] stride=256B pattern=sequential offset=0B --
  wrote 31002 lines -> data_raw/sunbird/line_size/level_32768/family_256_sequential_20260911T200548Z.csv
Wrote 31 summary rows to data_processed/sunbird/line_size/level_32768/family_256_sequential_summary.csv
-- [L32768 A steps 1-3] generating coarse family-of-curves plots --
Wrote data_processed/sunbird/line_size/level_32768/plots/line_size_family_curve.pdf and .png
-- per-stride elbow (bytes): {8B: None, 16B: 52016, 32B: 36768, 64B: 32768, 128B: 36736, 256B: 36608}
-- line-size estimate: smallest candidate stride whose elbow agrees with largest tested stride (~36608 bytes) is 32B -- see infer_line_size's docstring caveat on the fixed grid resolution before citing this as a clean line-size number on its own
Wrote data_processed/sunbird/line_size/level_32768/plots/line_size_family_boxplots.pdf and .png
   (the per-stride elbow / line-size-estimate lines just above are
   plot_line_size_family.py's own diagnostic guess from ONE un-repeated coarse
   sweep -- NOT auto-applied below; see data_processed/sunbird/line_size/level_32768/plots/line_size_family_curve.png
   and decide the step-4 candidate yourself)
== [L32768 A step 4] candidate=64B (manual, from line_size_family_curve.png) ==
== [L32768 A step 4] bracket=40,48,56,64,72,80,88B (8B granularity) offsets=0,8,16,24,32,40,48,56B pattern=random ==
-- [L32768 A refine] stride=40B offset=0B pattern=random --
  wrote 31002 lines -> data_raw/sunbird/line_size/level_32768/refine_40_off0_20260911T200548Z.csv
Wrote 31 summary rows to data_processed/sunbird/line_size/level_32768/refine_40_off0_summary.csv
-- [L32768 A refine] stride=48B offset=0B pattern=random --
  wrote 31002 lines -> data_raw/sunbird/line_size/level_32768/refine_48_off0_20260911T200548Z.csv
Wrote 31 summary rows to data_processed/sunbird/line_size/level_32768/refine_48_off0_summary.csv
-- [L32768 A refine] stride=56B offset=0B pattern=random --
  wrote 31002 lines -> data_raw/sunbird/line_size/level_32768/refine_56_off0_20260911T200548Z.csv
Wrote 31 summary rows to data_processed/sunbird/line_size/level_32768/refine_56_off0_summary.csv
-- [L32768 A refine] stride=64B offset=0B pattern=random --
  wrote 31002 lines -> data_raw/sunbird/line_size/level_32768/refine_64_off0_20260911T200548Z.csv
Wrote 31 summary rows to data_processed/sunbird/line_size/level_32768/refine_64_off0_summary.csv
-- [L32768 A refine] stride=72B offset=0B pattern=random --
  wrote 31002 lines -> data_raw/sunbird/line_size/level_32768/refine_72_off0_20260911T200548Z.csv
Wrote 31 summary rows to data_processed/sunbird/line_size/level_32768/refine_72_off0_summary.csv
-- [L32768 A refine] stride=80B offset=0B pattern=random --
  wrote 31002 lines -> data_raw/sunbird/line_size/level_32768/refine_80_off0_20260911T200548Z.csv
Wrote 31 summary rows to data_processed/sunbird/line_size/level_32768/refine_80_off0_summary.csv
-- [L32768 A refine] stride=88B offset=0B pattern=random --
  wrote 31002 lines -> data_raw/sunbird/line_size/level_32768/refine_88_off0_20260911T200548Z.csv
Wrote 31 summary rows to data_processed/sunbird/line_size/level_32768/refine_88_off0_summary.csv
-- [L32768 A refine] stride=40B offset=8B pattern=random --
  wrote 31002 lines -> data_raw/sunbird/line_size/level_32768/refine_40_off8_20260911T200548Z.csv
Wrote 31 summary rows to data_processed/sunbird/line_size/level_32768/refine_40_off8_summary.csv
-- [L32768 A refine] stride=48B offset=8B pattern=random --
  wrote 31002 lines -> data_raw/sunbird/line_size/level_32768/refine_48_off8_20260911T200548Z.csv
Wrote 31 summary rows to data_processed/sunbird/line_size/level_32768/refine_48_off8_summary.csv
-- [L32768 A refine] stride=56B offset=8B pattern=random --
  wrote 31002 lines -> data_raw/sunbird/line_size/level_32768/refine_56_off8_20260911T200548Z.csv
Wrote 31 summary rows to data_processed/sunbird/line_size/level_32768/refine_56_off8_summary.csv
-- [L32768 A refine] stride=64B offset=8B pattern=random --
  wrote 31002 lines -> data_raw/sunbird/line_size/level_32768/refine_64_off8_20260911T200548Z.csv
Wrote 31 summary rows to data_processed/sunbird/line_size/level_32768/refine_64_off8_summary.csv
-- [L32768 A refine] stride=72B offset=8B pattern=random --
  wrote 31002 lines -> data_raw/sunbird/line_size/level_32768/refine_72_off8_20260911T200548Z.csv
Wrote 31 summary rows to data_processed/sunbird/line_size/level_32768/refine_72_off8_summary.csv
-- [L32768 A refine] stride=80B offset=8B pattern=random --
  wrote 31002 lines -> data_raw/sunbird/line_size/level_32768/refine_80_off8_20260911T200548Z.csv
Wrote 31 summary rows to data_processed/sunbird/line_size/level_32768/refine_80_off8_summary.csv
-- [L32768 A refine] stride=88B offset=8B pattern=random --
  wrote 31002 lines -> data_raw/sunbird/line_size/level_32768/refine_88_off8_20260911T200548Z.csv
Wrote 31 summary rows to data_processed/sunbird/line_size/level_32768/refine_88_off8_summary.csv
-- [L32768 A refine] stride=40B offset=16B pattern=random --
  wrote 31002 lines -> data_raw/sunbird/line_size/level_32768/refine_40_off16_20260911T200548Z.csv
Wrote 31 summary rows to data_processed/sunbird/line_size/level_32768/refine_40_off16_summary.csv
-- [L32768 A refine] stride=48B offset=16B pattern=random --
  wrote 31002 lines -> data_raw/sunbird/line_size/level_32768/refine_48_off16_20260911T200548Z.csv
Wrote 31 summary rows to data_processed/sunbird/line_size/level_32768/refine_48_off16_summary.csv
-- [L32768 A refine] stride=56B offset=16B pattern=random --
  wrote 31002 lines -> data_raw/sunbird/line_size/level_32768/refine_56_off16_20260911T200548Z.csv
Wrote 31 summary rows to data_processed/sunbird/line_size/level_32768/refine_56_off16_summary.csv
-- [L32768 A refine] stride=64B offset=16B pattern=random --
  wrote 31002 lines -> data_raw/sunbird/line_size/level_32768/refine_64_off16_20260911T200548Z.csv
Wrote 31 summary rows to data_processed/sunbird/line_size/level_32768/refine_64_off16_summary.csv
-- [L32768 A refine] stride=72B offset=16B pattern=random --
  wrote 31002 lines -> data_raw/sunbird/line_size/level_32768/refine_72_off16_20260911T200548Z.csv
Wrote 31 summary rows to data_processed/sunbird/line_size/level_32768/refine_72_off16_summary.csv
-- [L32768 A refine] stride=80B offset=16B pattern=random --
  wrote 31002 lines -> data_raw/sunbird/line_size/level_32768/refine_80_off16_20260911T200548Z.csv
Wrote 31 summary rows to data_processed/sunbird/line_size/level_32768/refine_80_off16_summary.csv
-- [L32768 A refine] stride=88B offset=16B pattern=random --
  wrote 31002 lines -> data_raw/sunbird/line_size/level_32768/refine_88_off16_20260911T200548Z.csv
Wrote 31 summary rows to data_processed/sunbird/line_size/level_32768/refine_88_off16_summary.csv
-- [L32768 A refine] stride=40B offset=24B pattern=random --
  wrote 31002 lines -> data_raw/sunbird/line_size/level_32768/refine_40_off24_20260911T200548Z.csv
Wrote 31 summary rows to data_processed/sunbird/line_size/level_32768/refine_40_off24_summary.csv
-- [L32768 A refine] stride=48B offset=24B pattern=random --
  wrote 31002 lines -> data_raw/sunbird/line_size/level_32768/refine_48_off24_20260911T200548Z.csv
Wrote 31 summary rows to data_processed/sunbird/line_size/level_32768/refine_48_off24_summary.csv
-- [L32768 A refine] stride=56B offset=24B pattern=random --
  wrote 31002 lines -> data_raw/sunbird/line_size/level_32768/refine_56_off24_20260911T200548Z.csv
Wrote 31 summary rows to data_processed/sunbird/line_size/level_32768/refine_56_off24_summary.csv
-- [L32768 A refine] stride=64B offset=24B pattern=random --
  wrote 31002 lines -> data_raw/sunbird/line_size/level_32768/refine_64_off24_20260911T200548Z.csv
Wrote 31 summary rows to data_processed/sunbird/line_size/level_32768/refine_64_off24_summary.csv
-- [L32768 A refine] stride=72B offset=24B pattern=random --
  wrote 31002 lines -> data_raw/sunbird/line_size/level_32768/refine_72_off24_20260911T200548Z.csv
Wrote 31 summary rows to data_processed/sunbird/line_size/level_32768/refine_72_off24_summary.csv
-- [L32768 A refine] stride=80B offset=24B pattern=random --
  wrote 31002 lines -> data_raw/sunbird/line_size/level_32768/refine_80_off24_20260911T200548Z.csv
Wrote 31 summary rows to data_processed/sunbird/line_size/level_32768/refine_80_off24_summary.csv
-- [L32768 A refine] stride=88B offset=24B pattern=random --
  wrote 31002 lines -> data_raw/sunbird/line_size/level_32768/refine_88_off24_20260911T200548Z.csv
Wrote 31 summary rows to data_processed/sunbird/line_size/level_32768/refine_88_off24_summary.csv
-- [L32768 A refine] stride=40B offset=32B pattern=random --
  wrote 31002 lines -> data_raw/sunbird/line_size/level_32768/refine_40_off32_20260911T200548Z.csv
Wrote 31 summary rows to data_processed/sunbird/line_size/level_32768/refine_40_off32_summary.csv
-- [L32768 A refine] stride=48B offset=32B pattern=random --
  wrote 31002 lines -> data_raw/sunbird/line_size/level_32768/refine_48_off32_20260911T200548Z.csv
Wrote 31 summary rows to data_processed/sunbird/line_size/level_32768/refine_48_off32_summary.csv
-- [L32768 A refine] stride=56B offset=32B pattern=random --
  wrote 31002 lines -> data_raw/sunbird/line_size/level_32768/refine_56_off32_20260911T200548Z.csv
Wrote 31 summary rows to data_processed/sunbird/line_size/level_32768/refine_56_off32_summary.csv
-- [L32768 A refine] stride=64B offset=32B pattern=random --
  wrote 31002 lines -> data_raw/sunbird/line_size/level_32768/refine_64_off32_20260911T200548Z.csv
Wrote 31 summary rows to data_processed/sunbird/line_size/level_32768/refine_64_off32_summary.csv
-- [L32768 A refine] stride=72B offset=32B pattern=random --
  wrote 31002 lines -> data_raw/sunbird/line_size/level_32768/refine_72_off32_20260911T200548Z.csv
Wrote 31 summary rows to data_processed/sunbird/line_size/level_32768/refine_72_off32_summary.csv
-- [L32768 A refine] stride=80B offset=32B pattern=random --
  wrote 31002 lines -> data_raw/sunbird/line_size/level_32768/refine_80_off32_20260911T200548Z.csv
Wrote 31 summary rows to data_processed/sunbird/line_size/level_32768/refine_80_off32_summary.csv
-- [L32768 A refine] stride=88B offset=32B pattern=random --
  wrote 31002 lines -> data_raw/sunbird/line_size/level_32768/refine_88_off32_20260911T200548Z.csv
Wrote 31 summary rows to data_processed/sunbird/line_size/level_32768/refine_88_off32_summary.csv
-- [L32768 A refine] stride=40B offset=40B pattern=random --
  wrote 31002 lines -> data_raw/sunbird/line_size/level_32768/refine_40_off40_20260911T200548Z.csv
Wrote 31 summary rows to data_processed/sunbird/line_size/level_32768/refine_40_off40_summary.csv
-- [L32768 A refine] stride=48B offset=40B pattern=random --
  wrote 31002 lines -> data_raw/sunbird/line_size/level_32768/refine_48_off40_20260911T200548Z.csv
Wrote 31 summary rows to data_processed/sunbird/line_size/level_32768/refine_48_off40_summary.csv
-- [L32768 A refine] stride=56B offset=40B pattern=random --
  wrote 31002 lines -> data_raw/sunbird/line_size/level_32768/refine_56_off40_20260911T200548Z.csv
Wrote 31 summary rows to data_processed/sunbird/line_size/level_32768/refine_56_off40_summary.csv
-- [L32768 A refine] stride=64B offset=40B pattern=random --
  wrote 31002 lines -> data_raw/sunbird/line_size/level_32768/refine_64_off40_20260911T200548Z.csv
Wrote 31 summary rows to data_processed/sunbird/line_size/level_32768/refine_64_off40_summary.csv
-- [L32768 A refine] stride=72B offset=40B pattern=random --
  wrote 31002 lines -> data_raw/sunbird/line_size/level_32768/refine_72_off40_20260911T200548Z.csv
Wrote 31 summary rows to data_processed/sunbird/line_size/level_32768/refine_72_off40_summary.csv
-- [L32768 A refine] stride=80B offset=40B pattern=random --
  wrote 31002 lines -> data_raw/sunbird/line_size/level_32768/refine_80_off40_20260911T200548Z.csv
Wrote 31 summary rows to data_processed/sunbird/line_size/level_32768/refine_80_off40_summary.csv
-- [L32768 A refine] stride=88B offset=40B pattern=random --
  wrote 31002 lines -> data_raw/sunbird/line_size/level_32768/refine_88_off40_20260911T200548Z.csv
Wrote 31 summary rows to data_processed/sunbird/line_size/level_32768/refine_88_off40_summary.csv
-- [L32768 A refine] stride=40B offset=48B pattern=random --
  wrote 31002 lines -> data_raw/sunbird/line_size/level_32768/refine_40_off48_20260911T200548Z.csv
Wrote 31 summary rows to data_processed/sunbird/line_size/level_32768/refine_40_off48_summary.csv
-- [L32768 A refine] stride=48B offset=48B pattern=random --
  wrote 31002 lines -> data_raw/sunbird/line_size/level_32768/refine_48_off48_20260911T200548Z.csv
Wrote 31 summary rows to data_processed/sunbird/line_size/level_32768/refine_48_off48_summary.csv
-- [L32768 A refine] stride=56B offset=48B pattern=random --
  wrote 31002 lines -> data_raw/sunbird/line_size/level_32768/refine_56_off48_20260911T200548Z.csv
Wrote 31 summary rows to data_processed/sunbird/line_size/level_32768/refine_56_off48_summary.csv
-- [L32768 A refine] stride=64B offset=48B pattern=random --
  wrote 31002 lines -> data_raw/sunbird/line_size/level_32768/refine_64_off48_20260911T200548Z.csv
Wrote 31 summary rows to data_processed/sunbird/line_size/level_32768/refine_64_off48_summary.csv
-- [L32768 A refine] stride=72B offset=48B pattern=random --
  wrote 31002 lines -> data_raw/sunbird/line_size/level_32768/refine_72_off48_20260911T200548Z.csv
Wrote 31 summary rows to data_processed/sunbird/line_size/level_32768/refine_72_off48_summary.csv
-- [L32768 A refine] stride=80B offset=48B pattern=random --
  wrote 31002 lines -> data_raw/sunbird/line_size/level_32768/refine_80_off48_20260911T200548Z.csv
Wrote 31 summary rows to data_processed/sunbird/line_size/level_32768/refine_80_off48_summary.csv
-- [L32768 A refine] stride=88B offset=48B pattern=random --
  wrote 31002 lines -> data_raw/sunbird/line_size/level_32768/refine_88_off48_20260911T200548Z.csv
Wrote 31 summary rows to data_processed/sunbird/line_size/level_32768/refine_88_off48_summary.csv
-- [L32768 A refine] stride=40B offset=56B pattern=random --
  wrote 31002 lines -> data_raw/sunbird/line_size/level_32768/refine_40_off56_20260911T200548Z.csv
Wrote 31 summary rows to data_processed/sunbird/line_size/level_32768/refine_40_off56_summary.csv
-- [L32768 A refine] stride=48B offset=56B pattern=random --
  wrote 31002 lines -> data_raw/sunbird/line_size/level_32768/refine_48_off56_20260911T200548Z.csv
Wrote 31 summary rows to data_processed/sunbird/line_size/level_32768/refine_48_off56_summary.csv
-- [L32768 A refine] stride=56B offset=56B pattern=random --
  wrote 31002 lines -> data_raw/sunbird/line_size/level_32768/refine_56_off56_20260911T200548Z.csv
Wrote 31 summary rows to data_processed/sunbird/line_size/level_32768/refine_56_off56_summary.csv
-- [L32768 A refine] stride=64B offset=56B pattern=random --
  wrote 31002 lines -> data_raw/sunbird/line_size/level_32768/refine_64_off56_20260911T200548Z.csv
Wrote 31 summary rows to data_processed/sunbird/line_size/level_32768/refine_64_off56_summary.csv
-- [L32768 A refine] stride=72B offset=56B pattern=random --
  wrote 31002 lines -> data_raw/sunbird/line_size/level_32768/refine_72_off56_20260911T200548Z.csv
Wrote 31 summary rows to data_processed/sunbird/line_size/level_32768/refine_72_off56_summary.csv
-- [L32768 A refine] stride=80B offset=56B pattern=random --
  wrote 31002 lines -> data_raw/sunbird/line_size/level_32768/refine_80_off56_20260911T200548Z.csv
Wrote 31 summary rows to data_processed/sunbird/line_size/level_32768/refine_80_off56_summary.csv
-- [L32768 A refine] stride=88B offset=56B pattern=random --
  wrote 31002 lines -> data_raw/sunbird/line_size/level_32768/refine_88_off56_20260911T200548Z.csv
Wrote 31 summary rows to data_processed/sunbird/line_size/level_32768/refine_88_off56_summary.csv
-- [L32768 A step 4] generating cross-alignment confirmation plots --
Wrote data_processed/sunbird/line_size/level_32768/plots/line_size_offset_elbow.pdf and .png
Wrote data_processed/sunbird/line_size/level_32768/plots/line_size_offset_boxplots.pdf and .png
-- elbow footprint by (offset, stride):
   offset=0B: {48: 36768, 56: 36736, 64: 116736, 72: 36720, 80: 36720, 88: 46288}
   offset=8B: {40: 104000, 48: 41280, 56: 32760, 64: 36736, 72: 36720, 80: 36720, 88: 41272}
   offset=16B: {40: 41280, 48: 29184, 56: 36736, 64: 32768, 72: 36720, 80: 41280, 88: 41272}
   offset=24B: {40: 32760, 48: 32736, 56: 36736, 64: 36736, 72: 41256, 80: 46320, 88: 52008}
   offset=32B: {64: 36736, 80: 104000, 88: 52008}
   offset=40B: {80: 46320, 88: 52008}
   offset=48B: {64: 36736, 72: 41256, 80: 46320, 88: 52008}
   offset=56B: {64: 36736, 72: 41256, 80: 46320, 88: 52008}
-- candidate stride 64B: 1/8 offset(s) produced NO detectable elbow at all within this window's footprint range (40B) -- these are gaps in the plot, not agreement; the spread below is computed only over the 7/8 offsets that did report a value
-- candidate stride 64B: elbow varies 3.56x across offsets (32768-116736 bytes) -- transition may be alignment-sensitive, do not cite this candidate as a clean line-size result without further investigation

-- [L32768 B] single-curve method, footprint_bytes=65536 (2.0x boundary) --
-- [L32768 B coarse] stride 8-1024 bytes (step 8) --
  wrote 128002 lines -> data_raw/sunbird/line_size/level_32768/singlecurve_coarse_random_20260911T200548Z.csv
  wrote 128002 lines -> data_raw/sunbird/line_size/level_32768/singlecurve_coarse_sequential_20260911T200548Z.csv
Wrote 128 summary rows to data_processed/sunbird/line_size/level_32768/singlecurve_coarse_random_summary.csv
Wrote 128 summary rows to data_processed/sunbird/line_size/level_32768/singlecurve_coarse_sequential_summary.csv
-- [L32768 B] detected line-size estimate (bytes): 64 --
-- [L32768 B] dense sweep around estimate 64 bytes: 32-129 (step 1) --
  wrote 98002 lines -> data_raw/sunbird/line_size/level_32768/singlecurve_dense_random_20260911T200548Z.csv
  wrote 98002 lines -> data_raw/sunbird/line_size/level_32768/singlecurve_dense_sequential_20260911T200548Z.csv
Wrote 98 summary rows to data_processed/sunbird/line_size/level_32768/singlecurve_dense_random_summary.csv
Wrote 98 summary rows to data_processed/sunbird/line_size/level_32768/singlecurve_dense_sequential_summary.csv
  -- [L32768 B] repeat 1/2 of the dense window --
  wrote 98002 lines -> data_raw/sunbird/line_size/level_32768/singlecurve_dense_rep1_random_20260911T200548Z.csv
  wrote 98002 lines -> data_raw/sunbird/line_size/level_32768/singlecurve_dense_rep1_sequential_20260911T200548Z.csv
Wrote 98 summary rows to data_processed/sunbird/line_size/level_32768/singlecurve_dense_rep1_random_summary.csv
Wrote 98 summary rows to data_processed/sunbird/line_size/level_32768/singlecurve_dense_rep1_sequential_summary.csv
  -- [L32768 B] repeat 2/2 of the dense window --
  wrote 98002 lines -> data_raw/sunbird/line_size/level_32768/singlecurve_dense_rep2_random_20260911T200548Z.csv
  wrote 98002 lines -> data_raw/sunbird/line_size/level_32768/singlecurve_dense_rep2_sequential_20260911T200548Z.csv
Wrote 98 summary rows to data_processed/sunbird/line_size/level_32768/singlecurve_dense_rep2_random_summary.csv
Wrote 98 summary rows to data_processed/sunbird/line_size/level_32768/singlecurve_dense_rep2_sequential_summary.csv
-- [L32768 B] generating single-curve plots --
  note: 32B (random) has 4 overlapping summary rows with medians [16.7, 22.4, 22.4, 22.4] (spread 5.7 ticks, 27.3%) -- averaging, widening whiskers to the union
  note: flagged 3 isolated spike stride(s) as probable page-aliasing artifacts: [256, 512, 1024]
Wrote data_processed/sunbird/line_size/level_32768/plots/line_size_curve.pdf and .png
Wrote data_processed/sunbird/line_size/level_32768/plots/line_size_boxplots.pdf and .png

############################################################
## LEVEL boundary=262144B -- Method A window=[32768,1048576] bytes
############################################################
-- [L262144 A coarse] stride=8B pattern=random offset=0B --
  wrote 31002 lines -> data_raw/sunbird/line_size/level_262144/family_8_random_20260911T200548Z.csv
Wrote 31 summary rows to data_processed/sunbird/line_size/level_262144/family_8_random_summary.csv
-- [L262144 A coarse] stride=8B pattern=sequential offset=0B --
  wrote 31002 lines -> data_raw/sunbird/line_size/level_262144/family_8_sequential_20260911T200548Z.csv
Wrote 31 summary rows to data_processed/sunbird/line_size/level_262144/family_8_sequential_summary.csv
-- [L262144 A coarse] stride=16B pattern=random offset=0B --
  wrote 31002 lines -> data_raw/sunbird/line_size/level_262144/family_16_random_20260911T200548Z.csv
Wrote 31 summary rows to data_processed/sunbird/line_size/level_262144/family_16_random_summary.csv
-- [L262144 A coarse] stride=16B pattern=sequential offset=0B --
  wrote 31002 lines -> data_raw/sunbird/line_size/level_262144/family_16_sequential_20260911T200548Z.csv
Wrote 31 summary rows to data_processed/sunbird/line_size/level_262144/family_16_sequential_summary.csv
-- [L262144 A coarse] stride=32B pattern=random offset=0B --
  wrote 31002 lines -> data_raw/sunbird/line_size/level_262144/family_32_random_20260911T200548Z.csv
Wrote 31 summary rows to data_processed/sunbird/line_size/level_262144/family_32_random_summary.csv
-- [L262144 A coarse] stride=32B pattern=sequential offset=0B --
  wrote 31002 lines -> data_raw/sunbird/line_size/level_262144/family_32_sequential_20260911T200548Z.csv
Wrote 31 summary rows to data_processed/sunbird/line_size/level_262144/family_32_sequential_summary.csv
-- [L262144 A coarse] stride=64B pattern=random offset=0B --
  wrote 31002 lines -> data_raw/sunbird/line_size/level_262144/family_64_random_20260911T200548Z.csv
Wrote 31 summary rows to data_processed/sunbird/line_size/level_262144/family_64_random_summary.csv
-- [L262144 A coarse] stride=64B pattern=sequential offset=0B --
  wrote 31002 lines -> data_raw/sunbird/line_size/level_262144/family_64_sequential_20260911T200548Z.csv
Wrote 31 summary rows to data_processed/sunbird/line_size/level_262144/family_64_sequential_summary.csv
-- [L262144 A coarse] stride=128B pattern=random offset=0B --
  wrote 31002 lines -> data_raw/sunbird/line_size/level_262144/family_128_random_20260911T200548Z.csv
Wrote 31 summary rows to data_processed/sunbird/line_size/level_262144/family_128_random_summary.csv
-- [L262144 A coarse] stride=128B pattern=sequential offset=0B --
  wrote 31002 lines -> data_raw/sunbird/line_size/level_262144/family_128_sequential_20260911T200548Z.csv
Wrote 31 summary rows to data_processed/sunbird/line_size/level_262144/family_128_sequential_summary.csv
-- [L262144 A coarse] stride=256B pattern=random offset=0B --
  wrote 31002 lines -> data_raw/sunbird/line_size/level_262144/family_256_random_20260911T200548Z.csv
Wrote 31 summary rows to data_processed/sunbird/line_size/level_262144/family_256_random_summary.csv
-- [L262144 A coarse] stride=256B pattern=sequential offset=0B --
  wrote 31002 lines -> data_raw/sunbird/line_size/level_262144/family_256_sequential_20260911T200548Z.csv
Wrote 31 summary rows to data_processed/sunbird/line_size/level_262144/family_256_sequential_summary.csv
-- [L262144 A steps 1-3] generating coarse family-of-curves plots --
Wrote data_processed/sunbird/line_size/level_262144/plots/line_size_family_curve.pdf and .png
-- per-stride elbow (bytes): {8B: 588488, 16B: 588480, 32B: 524288, 64B: 370688, 128B: 330240, 256B: 416000}
-- line-size estimate: smallest candidate stride whose elbow agrees with largest tested stride (~416000 bytes) is 64B -- see infer_line_size's docstring caveat on the fixed grid resolution before citing this as a clean line-size number on its own
Wrote data_processed/sunbird/line_size/level_262144/plots/line_size_family_boxplots.pdf and .png
   (the per-stride elbow / line-size-estimate lines just above are
   plot_line_size_family.py's own diagnostic guess from ONE un-repeated coarse
   sweep -- NOT auto-applied below; see data_processed/sunbird/line_size/level_262144/plots/line_size_family_curve.png
   and decide the step-4 candidate yourself)
== [L262144 A step 4] candidate=64B (manual, from line_size_family_curve.png) ==
== [L262144 A step 4] bracket=40,48,56,64,72,80,88B (8B granularity) offsets=0,8,16,24,32,40,48,56B pattern=random ==
-- [L262144 A refine] stride=40B offset=0B pattern=random --
  wrote 31002 lines -> data_raw/sunbird/line_size/level_262144/refine_40_off0_20260911T200548Z.csv
Wrote 31 summary rows to data_processed/sunbird/line_size/level_262144/refine_40_off0_summary.csv
-- [L262144 A refine] stride=48B offset=0B pattern=random --
  wrote 31002 lines -> data_raw/sunbird/line_size/level_262144/refine_48_off0_20260911T200548Z.csv
Wrote 31 summary rows to data_processed/sunbird/line_size/level_262144/refine_48_off0_summary.csv
-- [L262144 A refine] stride=56B offset=0B pattern=random --
  wrote 31002 lines -> data_raw/sunbird/line_size/level_262144/refine_56_off0_20260911T200548Z.csv
Wrote 31 summary rows to data_processed/sunbird/line_size/level_262144/refine_56_off0_summary.csv
-- [L262144 A refine] stride=64B offset=0B pattern=random --
  wrote 31002 lines -> data_raw/sunbird/line_size/level_262144/refine_64_off0_20260911T200548Z.csv
Wrote 31 summary rows to data_processed/sunbird/line_size/level_262144/refine_64_off0_summary.csv
-- [L262144 A refine] stride=72B offset=0B pattern=random --
  wrote 31002 lines -> data_raw/sunbird/line_size/level_262144/refine_72_off0_20260911T200548Z.csv
Wrote 31 summary rows to data_processed/sunbird/line_size/level_262144/refine_72_off0_summary.csv
-- [L262144 A refine] stride=80B offset=0B pattern=random --
  wrote 31002 lines -> data_raw/sunbird/line_size/level_262144/refine_80_off0_20260911T200548Z.csv
Wrote 31 summary rows to data_processed/sunbird/line_size/level_262144/refine_80_off0_summary.csv
-- [L262144 A refine] stride=88B offset=0B pattern=random --
  wrote 31002 lines -> data_raw/sunbird/line_size/level_262144/refine_88_off0_20260911T200548Z.csv
Wrote 31 summary rows to data_processed/sunbird/line_size/level_262144/refine_88_off0_summary.csv
-- [L262144 A refine] stride=40B offset=8B pattern=random --
  wrote 31002 lines -> data_raw/sunbird/line_size/level_262144/refine_40_off8_20260911T200548Z.csv
Wrote 31 summary rows to data_processed/sunbird/line_size/level_262144/refine_40_off8_summary.csv
-- [L262144 A refine] stride=48B offset=8B pattern=random --
  wrote 31002 lines -> data_raw/sunbird/line_size/level_262144/refine_48_off8_20260911T200548Z.csv
Wrote 31 summary rows to data_processed/sunbird/line_size/level_262144/refine_48_off8_summary.csv
-- [L262144 A refine] stride=56B offset=8B pattern=random --
  wrote 31002 lines -> data_raw/sunbird/line_size/level_262144/refine_56_off8_20260911T200548Z.csv
Wrote 31 summary rows to data_processed/sunbird/line_size/level_262144/refine_56_off8_summary.csv
-- [L262144 A refine] stride=64B offset=8B pattern=random --
  wrote 31002 lines -> data_raw/sunbird/line_size/level_262144/refine_64_off8_20260911T200548Z.csv
Wrote 31 summary rows to data_processed/sunbird/line_size/level_262144/refine_64_off8_summary.csv
-- [L262144 A refine] stride=72B offset=8B pattern=random --
  wrote 31002 lines -> data_raw/sunbird/line_size/level_262144/refine_72_off8_20260911T200548Z.csv
Wrote 31 summary rows to data_processed/sunbird/line_size/level_262144/refine_72_off8_summary.csv
-- [L262144 A refine] stride=80B offset=8B pattern=random --
  wrote 31002 lines -> data_raw/sunbird/line_size/level_262144/refine_80_off8_20260911T200548Z.csv
Wrote 31 summary rows to data_processed/sunbird/line_size/level_262144/refine_80_off8_summary.csv
-- [L262144 A refine] stride=88B offset=8B pattern=random --
  wrote 31002 lines -> data_raw/sunbird/line_size/level_262144/refine_88_off8_20260911T200548Z.csv
Wrote 31 summary rows to data_processed/sunbird/line_size/level_262144/refine_88_off8_summary.csv
-- [L262144 A refine] stride=40B offset=16B pattern=random --
  wrote 31002 lines -> data_raw/sunbird/line_size/level_262144/refine_40_off16_20260911T200548Z.csv
Wrote 31 summary rows to data_processed/sunbird/line_size/level_262144/refine_40_off16_summary.csv
-- [L262144 A refine] stride=48B offset=16B pattern=random --
  wrote 31002 lines -> data_raw/sunbird/line_size/level_262144/refine_48_off16_20260911T200548Z.csv
Wrote 31 summary rows to data_processed/sunbird/line_size/level_262144/refine_48_off16_summary.csv
-- [L262144 A refine] stride=56B offset=16B pattern=random --
  wrote 31002 lines -> data_raw/sunbird/line_size/level_262144/refine_56_off16_20260911T200548Z.csv
Wrote 31 summary rows to data_processed/sunbird/line_size/level_262144/refine_56_off16_summary.csv
-- [L262144 A refine] stride=64B offset=16B pattern=random --
  wrote 31002 lines -> data_raw/sunbird/line_size/level_262144/refine_64_off16_20260911T200548Z.csv
Wrote 31 summary rows to data_processed/sunbird/line_size/level_262144/refine_64_off16_summary.csv
-- [L262144 A refine] stride=72B offset=16B pattern=random --
  wrote 31002 lines -> data_raw/sunbird/line_size/level_262144/refine_72_off16_20260911T200548Z.csv
Wrote 31 summary rows to data_processed/sunbird/line_size/level_262144/refine_72_off16_summary.csv
-- [L262144 A refine] stride=80B offset=16B pattern=random --
  wrote 31002 lines -> data_raw/sunbird/line_size/level_262144/refine_80_off16_20260911T200548Z.csv
Wrote 31 summary rows to data_processed/sunbird/line_size/level_262144/refine_80_off16_summary.csv
-- [L262144 A refine] stride=88B offset=16B pattern=random --
  wrote 31002 lines -> data_raw/sunbird/line_size/level_262144/refine_88_off16_20260911T200548Z.csv
Wrote 31 summary rows to data_processed/sunbird/line_size/level_262144/refine_88_off16_summary.csv
-- [L262144 A refine] stride=40B offset=24B pattern=random --
  wrote 31002 lines -> data_raw/sunbird/line_size/level_262144/refine_40_off24_20260911T200548Z.csv
Wrote 31 summary rows to data_processed/sunbird/line_size/level_262144/refine_40_off24_summary.csv
-- [L262144 A refine] stride=48B offset=24B pattern=random --
  wrote 31002 lines -> data_raw/sunbird/line_size/level_262144/refine_48_off24_20260911T200548Z.csv
Wrote 31 summary rows to data_processed/sunbird/line_size/level_262144/refine_48_off24_summary.csv
-- [L262144 A refine] stride=56B offset=24B pattern=random --
  wrote 31002 lines -> data_raw/sunbird/line_size/level_262144/refine_56_off24_20260911T200548Z.csv
Wrote 31 summary rows to data_processed/sunbird/line_size/level_262144/refine_56_off24_summary.csv
-- [L262144 A refine] stride=64B offset=24B pattern=random --
  wrote 31002 lines -> data_raw/sunbird/line_size/level_262144/refine_64_off24_20260911T200548Z.csv
Wrote 31 summary rows to data_processed/sunbird/line_size/level_262144/refine_64_off24_summary.csv
-- [L262144 A refine] stride=72B offset=24B pattern=random --
  wrote 31002 lines -> data_raw/sunbird/line_size/level_262144/refine_72_off24_20260911T200548Z.csv
Wrote 31 summary rows to data_processed/sunbird/line_size/level_262144/refine_72_off24_summary.csv
-- [L262144 A refine] stride=80B offset=24B pattern=random --
  wrote 31002 lines -> data_raw/sunbird/line_size/level_262144/refine_80_off24_20260911T200548Z.csv
Wrote 31 summary rows to data_processed/sunbird/line_size/level_262144/refine_80_off24_summary.csv
-- [L262144 A refine] stride=88B offset=24B pattern=random --
  wrote 31002 lines -> data_raw/sunbird/line_size/level_262144/refine_88_off24_20260911T200548Z.csv
Wrote 31 summary rows to data_processed/sunbird/line_size/level_262144/refine_88_off24_summary.csv
-- [L262144 A refine] stride=40B offset=32B pattern=random --
  wrote 31002 lines -> data_raw/sunbird/line_size/level_262144/refine_40_off32_20260911T200548Z.csv
Wrote 31 summary rows to data_processed/sunbird/line_size/level_262144/refine_40_off32_summary.csv
-- [L262144 A refine] stride=48B offset=32B pattern=random --
  wrote 31002 lines -> data_raw/sunbird/line_size/level_262144/refine_48_off32_20260911T200548Z.csv
Wrote 31 summary rows to data_processed/sunbird/line_size/level_262144/refine_48_off32_summary.csv
-- [L262144 A refine] stride=56B offset=32B pattern=random --
  wrote 31002 lines -> data_raw/sunbird/line_size/level_262144/refine_56_off32_20260911T200548Z.csv
Wrote 31 summary rows to data_processed/sunbird/line_size/level_262144/refine_56_off32_summary.csv
-- [L262144 A refine] stride=64B offset=32B pattern=random --
  wrote 31002 lines -> data_raw/sunbird/line_size/level_262144/refine_64_off32_20260911T200548Z.csv
Wrote 31 summary rows to data_processed/sunbird/line_size/level_262144/refine_64_off32_summary.csv
-- [L262144 A refine] stride=72B offset=32B pattern=random --
  wrote 31002 lines -> data_raw/sunbird/line_size/level_262144/refine_72_off32_20260911T200548Z.csv
Wrote 31 summary rows to data_processed/sunbird/line_size/level_262144/refine_72_off32_summary.csv
-- [L262144 A refine] stride=80B offset=32B pattern=random --
  wrote 31002 lines -> data_raw/sunbird/line_size/level_262144/refine_80_off32_20260911T200548Z.csv
Wrote 31 summary rows to data_processed/sunbird/line_size/level_262144/refine_80_off32_summary.csv
-- [L262144 A refine] stride=88B offset=32B pattern=random --
  wrote 31002 lines -> data_raw/sunbird/line_size/level_262144/refine_88_off32_20260911T200548Z.csv
Wrote 31 summary rows to data_processed/sunbird/line_size/level_262144/refine_88_off32_summary.csv
-- [L262144 A refine] stride=40B offset=40B pattern=random --
  wrote 31002 lines -> data_raw/sunbird/line_size/level_262144/refine_40_off40_20260911T200548Z.csv
Wrote 31 summary rows to data_processed/sunbird/line_size/level_262144/refine_40_off40_summary.csv
-- [L262144 A refine] stride=48B offset=40B pattern=random --
  wrote 31002 lines -> data_raw/sunbird/line_size/level_262144/refine_48_off40_20260911T200548Z.csv
Wrote 31 summary rows to data_processed/sunbird/line_size/level_262144/refine_48_off40_summary.csv
-- [L262144 A refine] stride=56B offset=40B pattern=random --
  wrote 31002 lines -> data_raw/sunbird/line_size/level_262144/refine_56_off40_20260911T200548Z.csv
Wrote 31 summary rows to data_processed/sunbird/line_size/level_262144/refine_56_off40_summary.csv
-- [L262144 A refine] stride=64B offset=40B pattern=random --
  wrote 31002 lines -> data_raw/sunbird/line_size/level_262144/refine_64_off40_20260911T200548Z.csv
Wrote 31 summary rows to data_processed/sunbird/line_size/level_262144/refine_64_off40_summary.csv
-- [L262144 A refine] stride=72B offset=40B pattern=random --
  wrote 31002 lines -> data_raw/sunbird/line_size/level_262144/refine_72_off40_20260911T200548Z.csv
Wrote 31 summary rows to data_processed/sunbird/line_size/level_262144/refine_72_off40_summary.csv
-- [L262144 A refine] stride=80B offset=40B pattern=random --
  wrote 31002 lines -> data_raw/sunbird/line_size/level_262144/refine_80_off40_20260911T200548Z.csv
Wrote 31 summary rows to data_processed/sunbird/line_size/level_262144/refine_80_off40_summary.csv
-- [L262144 A refine] stride=88B offset=40B pattern=random --
  wrote 31002 lines -> data_raw/sunbird/line_size/level_262144/refine_88_off40_20260911T200548Z.csv
Wrote 31 summary rows to data_processed/sunbird/line_size/level_262144/refine_88_off40_summary.csv
-- [L262144 A refine] stride=40B offset=48B pattern=random --
  wrote 31002 lines -> data_raw/sunbird/line_size/level_262144/refine_40_off48_20260911T200548Z.csv
Wrote 31 summary rows to data_processed/sunbird/line_size/level_262144/refine_40_off48_summary.csv
-- [L262144 A refine] stride=48B offset=48B pattern=random --
  wrote 31002 lines -> data_raw/sunbird/line_size/level_262144/refine_48_off48_20260911T200548Z.csv
Wrote 31 summary rows to data_processed/sunbird/line_size/level_262144/refine_48_off48_summary.csv
-- [L262144 A refine] stride=56B offset=48B pattern=random --
  wrote 31002 lines -> data_raw/sunbird/line_size/level_262144/refine_56_off48_20260911T200548Z.csv
Wrote 31 summary rows to data_processed/sunbird/line_size/level_262144/refine_56_off48_summary.csv
-- [L262144 A refine] stride=64B offset=48B pattern=random --
  wrote 31002 lines -> data_raw/sunbird/line_size/level_262144/refine_64_off48_20260911T200548Z.csv
Wrote 31 summary rows to data_processed/sunbird/line_size/level_262144/refine_64_off48_summary.csv
-- [L262144 A refine] stride=72B offset=48B pattern=random --
  wrote 31002 lines -> data_raw/sunbird/line_size/level_262144/refine_72_off48_20260911T200548Z.csv
Wrote 31 summary rows to data_processed/sunbird/line_size/level_262144/refine_72_off48_summary.csv
-- [L262144 A refine] stride=80B offset=48B pattern=random --
  wrote 31002 lines -> data_raw/sunbird/line_size/level_262144/refine_80_off48_20260911T200548Z.csv
Wrote 31 summary rows to data_processed/sunbird/line_size/level_262144/refine_80_off48_summary.csv
-- [L262144 A refine] stride=88B offset=48B pattern=random --
  wrote 31002 lines -> data_raw/sunbird/line_size/level_262144/refine_88_off48_20260911T200548Z.csv
Wrote 31 summary rows to data_processed/sunbird/line_size/level_262144/refine_88_off48_summary.csv
-- [L262144 A refine] stride=40B offset=56B pattern=random --
  wrote 31002 lines -> data_raw/sunbird/line_size/level_262144/refine_40_off56_20260911T200548Z.csv
Wrote 31 summary rows to data_processed/sunbird/line_size/level_262144/refine_40_off56_summary.csv
-- [L262144 A refine] stride=48B offset=56B pattern=random --
  wrote 31002 lines -> data_raw/sunbird/line_size/level_262144/refine_48_off56_20260911T200548Z.csv
Wrote 31 summary rows to data_processed/sunbird/line_size/level_262144/refine_48_off56_summary.csv
-- [L262144 A refine] stride=56B offset=56B pattern=random --
  wrote 31002 lines -> data_raw/sunbird/line_size/level_262144/refine_56_off56_20260911T200548Z.csv
Wrote 31 summary rows to data_processed/sunbird/line_size/level_262144/refine_56_off56_summary.csv
-- [L262144 A refine] stride=64B offset=56B pattern=random --
  wrote 31002 lines -> data_raw/sunbird/line_size/level_262144/refine_64_off56_20260911T200548Z.csv
Wrote 31 summary rows to data_processed/sunbird/line_size/level_262144/refine_64_off56_summary.csv
-- [L262144 A refine] stride=72B offset=56B pattern=random --
  wrote 31002 lines -> data_raw/sunbird/line_size/level_262144/refine_72_off56_20260911T200548Z.csv
Wrote 31 summary rows to data_processed/sunbird/line_size/level_262144/refine_72_off56_summary.csv
-- [L262144 A refine] stride=80B offset=56B pattern=random --
  wrote 31002 lines -> data_raw/sunbird/line_size/level_262144/refine_80_off56_20260911T200548Z.csv
Wrote 31 summary rows to data_processed/sunbird/line_size/level_262144/refine_80_off56_summary.csv
-- [L262144 A refine] stride=88B offset=56B pattern=random --
  wrote 31002 lines -> data_raw/sunbird/line_size/level_262144/refine_88_off56_20260911T200548Z.csv
Wrote 31 summary rows to data_processed/sunbird/line_size/level_262144/refine_88_off56_summary.csv
-- [L262144 A step 4] generating cross-alignment confirmation plots --
Wrote data_processed/sunbird/line_size/level_262144/plots/line_size_offset_elbow.pdf and .png
Wrote data_processed/sunbird/line_size/level_262144/plots/line_size_offset_boxplots.pdf and .png
-- elbow footprint by (offset, stride):
   offset=0B: {40: 588480, 48: 467088, 56: 416080, 64: 416128, 72: 416088, 80: 467040, 88: 524216}
   offset=8B: {40: 524280, 48: 467088, 56: 467040, 64: 370688, 72: 416088, 80: 467040, 88: 524216}
   offset=16B: {40: 524280, 48: 467088, 56: 416080, 64: 370688, 72: 416088, 80: 416080, 88: 524216}
   offset=24B: {40: 524280, 48: 467088, 56: 467040, 64: 370688, 72: 416088, 80: 416080, 88: 416064}
   offset=32B: {40: 524280, 48: 467088, 56: 416080, 64: 416128, 72: 416088, 80: 467040, 88: 467016}
   offset=40B: {40: 524280, 48: 467088, 56: 467040, 64: 467072, 72: 416088, 80: 416080, 88: 467016}
   offset=48B: {40: 524280, 48: 467088, 56: 416080, 64: 330240, 72: 370728, 80: 416080, 88: 467016}
   offset=56B: {40: 524280, 48: 467088, 56: 467040, 64: 370688, 72: 467064, 80: 467040, 88: 467016}
-- candidate stride 64B: elbow varies 1.41x across offsets (330240-467072 bytes) -- transition may be alignment-sensitive, do not cite this candidate as a clean line-size result without further investigation

-- [L262144 B] single-curve method, footprint_bytes=524288 (2.0x boundary) --
-- [L262144 B coarse] stride 8-1024 bytes (step 8) --
  wrote 128002 lines -> data_raw/sunbird/line_size/level_262144/singlecurve_coarse_random_20260911T200548Z.csv
  wrote 128002 lines -> data_raw/sunbird/line_size/level_262144/singlecurve_coarse_sequential_20260911T200548Z.csv
Wrote 128 summary rows to data_processed/sunbird/line_size/level_262144/singlecurve_coarse_random_summary.csv
Wrote 128 summary rows to data_processed/sunbird/line_size/level_262144/singlecurve_coarse_sequential_summary.csv
-- [L262144 B] detected line-size estimate (bytes): none --
-- [L262144 B] no transition detected in the coarse sweep; skipping dense/repeat stages --
-- [L262144 B] generating single-curve plots --
  note: flagged 4 isolated spike stride(s) as probable page-aliasing artifacts: [256, 512, 768, 1024]
Wrote data_processed/sunbird/line_size/level_262144/plots/line_size_curve.pdf and .png
Wrote data_processed/sunbird/line_size/level_262144/plots/line_size_boxplots.pdf and .png

############################################################
## LEVEL boundary=31457280B -- Method A window=[3932160,125829120] bytes
############################################################
-- [L31457280 A coarse] stride=8B pattern=random offset=0B --
  wrote 31002 lines -> data_raw/sunbird/line_size/level_31457280/family_8_random_20260911T200548Z.csv
Wrote 31 summary rows to data_processed/sunbird/line_size/level_31457280/family_8_random_summary.csv
-- [L31457280 A coarse] stride=8B pattern=sequential offset=0B --
  wrote 31002 lines -> data_raw/sunbird/line_size/level_31457280/family_8_sequential_20260911T200548Z.csv
Wrote 31 summary rows to data_processed/sunbird/line_size/level_31457280/family_8_sequential_summary.csv
-- [L31457280 A coarse] stride=16B pattern=random offset=0B --
  wrote 31002 lines -> data_raw/sunbird/line_size/level_31457280/family_16_random_20260911T200548Z.csv
Wrote 31 summary rows to data_processed/sunbird/line_size/level_31457280/family_16_random_summary.csv
-- [L31457280 A coarse] stride=16B pattern=sequential offset=0B --
  wrote 31002 lines -> data_raw/sunbird/line_size/level_31457280/family_16_sequential_20260911T200548Z.csv
Wrote 31 summary rows to data_processed/sunbird/line_size/level_31457280/family_16_sequential_summary.csv
-- [L31457280 A coarse] stride=32B pattern=random offset=0B --
  wrote 31002 lines -> data_raw/sunbird/line_size/level_31457280/family_32_random_20260911T200548Z.csv
Wrote 31 summary rows to data_processed/sunbird/line_size/level_31457280/family_32_random_summary.csv
-- [L31457280 A coarse] stride=32B pattern=sequential offset=0B --
  wrote 31002 lines -> data_raw/sunbird/line_size/level_31457280/family_32_sequential_20260911T200548Z.csv
Wrote 31 summary rows to data_processed/sunbird/line_size/level_31457280/family_32_sequential_summary.csv
-- [L31457280 A coarse] stride=64B pattern=random offset=0B --
  wrote 31002 lines -> data_raw/sunbird/line_size/level_31457280/family_64_random_20260911T200548Z.csv
Wrote 31 summary rows to data_processed/sunbird/line_size/level_31457280/family_64_random_summary.csv
-- [L31457280 A coarse] stride=64B pattern=sequential offset=0B --
  wrote 31002 lines -> data_raw/sunbird/line_size/level_31457280/family_64_sequential_20260911T200548Z.csv
Wrote 31 summary rows to data_processed/sunbird/line_size/level_31457280/family_64_sequential_summary.csv
-- [L31457280 A coarse] stride=128B pattern=random offset=0B --
  wrote 31002 lines -> data_raw/sunbird/line_size/level_31457280/family_128_random_20260911T200548Z.csv
Wrote 31 summary rows to data_processed/sunbird/line_size/level_31457280/family_128_random_summary.csv
-- [L31457280 A coarse] stride=128B pattern=sequential offset=0B --
  wrote 31002 lines -> data_raw/sunbird/line_size/level_31457280/family_128_sequential_20260911T200548Z.csv
Wrote 31 summary rows to data_processed/sunbird/line_size/level_31457280/family_128_sequential_summary.csv
-- [L31457280 A coarse] stride=256B pattern=random offset=0B --
  wrote 31002 lines -> data_raw/sunbird/line_size/level_31457280/family_256_random_20260911T200548Z.csv
Wrote 31 summary rows to data_processed/sunbird/line_size/level_31457280/family_256_random_summary.csv
-- [L31457280 A coarse] stride=256B pattern=sequential offset=0B --
  wrote 31002 lines -> data_raw/sunbird/line_size/level_31457280/family_256_sequential_20260911T200548Z.csv
Wrote 31 summary rows to data_processed/sunbird/line_size/level_31457280/family_256_sequential_summary.csv
-- [L31457280 A steps 1-3] generating coarse family-of-curves plots --
Wrote data_processed/sunbird/line_size/level_31457280/plots/line_size_family_curve.pdf and .png
-- per-stride elbow (bytes): {8B: 79267376, 16B: 70619200, 32B: 62914560, 64B: 44487296, 128B: 49935232, 256B: 49935104}
-- line-size estimate: smallest candidate stride whose elbow agrees with largest tested stride (~49935104 bytes) is 64B -- see infer_line_size's docstring caveat on the fixed grid resolution before citing this as a clean line-size number on its own
Wrote data_processed/sunbird/line_size/level_31457280/plots/line_size_family_boxplots.pdf and .png
   (the per-stride elbow / line-size-estimate lines just above are
   plot_line_size_family.py's own diagnostic guess from ONE un-repeated coarse
   sweep -- NOT auto-applied below; see data_processed/sunbird/line_size/level_31457280/plots/line_size_family_curve.png
   and decide the step-4 candidate yourself)
== [L31457280 A step 4] candidate=64B (manual, from line_size_family_curve.png) ==
== [L31457280 A step 4] bracket=40,48,56,64,72,80,88B (8B granularity) offsets=0,8,16,24,32,40,48,56B pattern=random ==
-- [L31457280 A refine] stride=40B offset=0B pattern=random --
  wrote 31002 lines -> data_raw/sunbird/line_size/level_31457280/refine_40_off0_20260911T200548Z.csv
Wrote 31 summary rows to data_processed/sunbird/line_size/level_31457280/refine_40_off0_summary.csv
-- [L31457280 A refine] stride=48B offset=0B pattern=random --
  wrote 31002 lines -> data_raw/sunbird/line_size/level_31457280/refine_48_off0_20260911T200548Z.csv
Wrote 31 summary rows to data_processed/sunbird/line_size/level_31457280/refine_48_off0_summary.csv
-- [L31457280 A refine] stride=56B offset=0B pattern=random --
  wrote 31002 lines -> data_raw/sunbird/line_size/level_31457280/refine_56_off0_20260911T200548Z.csv
Wrote 31 summary rows to data_processed/sunbird/line_size/level_31457280/refine_56_off0_summary.csv
-- [L31457280 A refine] stride=64B offset=0B pattern=random --
  wrote 31002 lines -> data_raw/sunbird/line_size/level_31457280/refine_64_off0_20260911T200548Z.csv
Wrote 31 summary rows to data_processed/sunbird/line_size/level_31457280/refine_64_off0_summary.csv
-- [L31457280 A refine] stride=72B offset=0B pattern=random --
  wrote 31002 lines -> data_raw/sunbird/line_size/level_31457280/refine_72_off0_20260911T200548Z.csv
Wrote 31 summary rows to data_processed/sunbird/line_size/level_31457280/refine_72_off0_summary.csv
-- [L31457280 A refine] stride=80B offset=0B pattern=random --
  wrote 31002 lines -> data_raw/sunbird/line_size/level_31457280/refine_80_off0_20260911T200548Z.csv
Wrote 31 summary rows to data_processed/sunbird/line_size/level_31457280/refine_80_off0_summary.csv
-- [L31457280 A refine] stride=88B offset=0B pattern=random --
  wrote 31002 lines -> data_raw/sunbird/line_size/level_31457280/refine_88_off0_20260911T200548Z.csv
Wrote 31 summary rows to data_processed/sunbird/line_size/level_31457280/refine_88_off0_summary.csv
-- [L31457280 A refine] stride=40B offset=8B pattern=random --
  wrote 31002 lines -> data_raw/sunbird/line_size/level_31457280/refine_40_off8_20260911T200548Z.csv
Wrote 31 summary rows to data_processed/sunbird/line_size/level_31457280/refine_40_off8_summary.csv
-- [L31457280 A refine] stride=48B offset=8B pattern=random --
  wrote 31002 lines -> data_raw/sunbird/line_size/level_31457280/refine_48_off8_20260911T200548Z.csv
Wrote 31 summary rows to data_processed/sunbird/line_size/level_31457280/refine_48_off8_summary.csv
-- [L31457280 A refine] stride=56B offset=8B pattern=random --
  wrote 31002 lines -> data_raw/sunbird/line_size/level_31457280/refine_56_off8_20260911T200548Z.csv
Wrote 31 summary rows to data_processed/sunbird/line_size/level_31457280/refine_56_off8_summary.csv
-- [L31457280 A refine] stride=64B offset=8B pattern=random --
  wrote 31002 lines -> data_raw/sunbird/line_size/level_31457280/refine_64_off8_20260911T200548Z.csv
Wrote 31 summary rows to data_processed/sunbird/line_size/level_31457280/refine_64_off8_summary.csv
-- [L31457280 A refine] stride=72B offset=8B pattern=random --
  wrote 31002 lines -> data_raw/sunbird/line_size/level_31457280/refine_72_off8_20260911T200548Z.csv
Wrote 31 summary rows to data_processed/sunbird/line_size/level_31457280/refine_72_off8_summary.csv
-- [L31457280 A refine] stride=80B offset=8B pattern=random --
  wrote 31002 lines -> data_raw/sunbird/line_size/level_31457280/refine_80_off8_20260911T200548Z.csv
Wrote 31 summary rows to data_processed/sunbird/line_size/level_31457280/refine_80_off8_summary.csv
-- [L31457280 A refine] stride=88B offset=8B pattern=random --
  wrote 31002 lines -> data_raw/sunbird/line_size/level_31457280/refine_88_off8_20260911T200548Z.csv
Wrote 31 summary rows to data_processed/sunbird/line_size/level_31457280/refine_88_off8_summary.csv
-- [L31457280 A refine] stride=40B offset=16B pattern=random --
  wrote 31002 lines -> data_raw/sunbird/line_size/level_31457280/refine_40_off16_20260911T200548Z.csv
Wrote 31 summary rows to data_processed/sunbird/line_size/level_31457280/refine_40_off16_summary.csv
-- [L31457280 A refine] stride=48B offset=16B pattern=random --
  wrote 31002 lines -> data_raw/sunbird/line_size/level_31457280/refine_48_off16_20260911T200548Z.csv
Wrote 31 summary rows to data_processed/sunbird/line_size/level_31457280/refine_48_off16_summary.csv
-- [L31457280 A refine] stride=56B offset=16B pattern=random --
  wrote 31002 lines -> data_raw/sunbird/line_size/level_31457280/refine_56_off16_20260911T200548Z.csv
Wrote 31 summary rows to data_processed/sunbird/line_size/level_31457280/refine_56_off16_summary.csv
-- [L31457280 A refine] stride=64B offset=16B pattern=random --
  wrote 31002 lines -> data_raw/sunbird/line_size/level_31457280/refine_64_off16_20260911T200548Z.csv
Wrote 31 summary rows to data_processed/sunbird/line_size/level_31457280/refine_64_off16_summary.csv
-- [L31457280 A refine] stride=72B offset=16B pattern=random --
  wrote 31002 lines -> data_raw/sunbird/line_size/level_31457280/refine_72_off16_20260911T200548Z.csv
Wrote 31 summary rows to data_processed/sunbird/line_size/level_31457280/refine_72_off16_summary.csv
-- [L31457280 A refine] stride=80B offset=16B pattern=random --
  wrote 31002 lines -> data_raw/sunbird/line_size/level_31457280/refine_80_off16_20260911T200548Z.csv
Wrote 31 summary rows to data_processed/sunbird/line_size/level_31457280/refine_80_off16_summary.csv
-- [L31457280 A refine] stride=88B offset=16B pattern=random --
  wrote 31002 lines -> data_raw/sunbird/line_size/level_31457280/refine_88_off16_20260911T200548Z.csv
Wrote 31 summary rows to data_processed/sunbird/line_size/level_31457280/refine_88_off16_summary.csv
-- [L31457280 A refine] stride=40B offset=24B pattern=random --
  wrote 31002 lines -> data_raw/sunbird/line_size/level_31457280/refine_40_off24_20260911T200548Z.csv
Wrote 31 summary rows to data_processed/sunbird/line_size/level_31457280/refine_40_off24_summary.csv
-- [L31457280 A refine] stride=48B offset=24B pattern=random --
  wrote 31002 lines -> data_raw/sunbird/line_size/level_31457280/refine_48_off24_20260911T200548Z.csv
Wrote 31 summary rows to data_processed/sunbird/line_size/level_31457280/refine_48_off24_summary.csv
-- [L31457280 A refine] stride=56B offset=24B pattern=random --
  wrote 31002 lines -> data_raw/sunbird/line_size/level_31457280/refine_56_off24_20260911T200548Z.csv
Wrote 31 summary rows to data_processed/sunbird/line_size/level_31457280/refine_56_off24_summary.csv
-- [L31457280 A refine] stride=64B offset=24B pattern=random --
  wrote 31002 lines -> data_raw/sunbird/line_size/level_31457280/refine_64_off24_20260911T200548Z.csv
Wrote 31 summary rows to data_processed/sunbird/line_size/level_31457280/refine_64_off24_summary.csv
-- [L31457280 A refine] stride=72B offset=24B pattern=random --
  wrote 31002 lines -> data_raw/sunbird/line_size/level_31457280/refine_72_off24_20260911T200548Z.csv
Wrote 31 summary rows to data_processed/sunbird/line_size/level_31457280/refine_72_off24_summary.csv
-- [L31457280 A refine] stride=80B offset=24B pattern=random --
  wrote 31002 lines -> data_raw/sunbird/line_size/level_31457280/refine_80_off24_20260911T200548Z.csv
Wrote 31 summary rows to data_processed/sunbird/line_size/level_31457280/refine_80_off24_summary.csv
-- [L31457280 A refine] stride=88B offset=24B pattern=random --
  wrote 31002 lines -> data_raw/sunbird/line_size/level_31457280/refine_88_off24_20260911T200548Z.csv
Wrote 31 summary rows to data_processed/sunbird/line_size/level_31457280/refine_88_off24_summary.csv
-- [L31457280 A refine] stride=40B offset=32B pattern=random --
  wrote 31002 lines -> data_raw/sunbird/line_size/level_31457280/refine_40_off32_20260911T200548Z.csv
Wrote 31 summary rows to data_processed/sunbird/line_size/level_31457280/refine_40_off32_summary.csv
-- [L31457280 A refine] stride=48B offset=32B pattern=random --
  wrote 31002 lines -> data_raw/sunbird/line_size/level_31457280/refine_48_off32_20260911T200548Z.csv
Wrote 31 summary rows to data_processed/sunbird/line_size/level_31457280/refine_48_off32_summary.csv
-- [L31457280 A refine] stride=56B offset=32B pattern=random --
  wrote 31002 lines -> data_raw/sunbird/line_size/level_31457280/refine_56_off32_20260911T200548Z.csv
Wrote 31 summary rows to data_processed/sunbird/line_size/level_31457280/refine_56_off32_summary.csv
-- [L31457280 A refine] stride=64B offset=32B pattern=random --
  wrote 31002 lines -> data_raw/sunbird/line_size/level_31457280/refine_64_off32_20260911T200548Z.csv
Wrote 31 summary rows to data_processed/sunbird/line_size/level_31457280/refine_64_off32_summary.csv
-- [L31457280 A refine] stride=72B offset=32B pattern=random --
  wrote 31002 lines -> data_raw/sunbird/line_size/level_31457280/refine_72_off32_20260911T200548Z.csv
Wrote 31 summary rows to data_processed/sunbird/line_size/level_31457280/refine_72_off32_summary.csv
-- [L31457280 A refine] stride=80B offset=32B pattern=random --
  wrote 31002 lines -> data_raw/sunbird/line_size/level_31457280/refine_80_off32_20260911T200548Z.csv
Wrote 31 summary rows to data_processed/sunbird/line_size/level_31457280/refine_80_off32_summary.csv
-- [L31457280 A refine] stride=88B offset=32B pattern=random --
  wrote 31002 lines -> data_raw/sunbird/line_size/level_31457280/refine_88_off32_20260911T200548Z.csv
Wrote 31 summary rows to data_processed/sunbird/line_size/level_31457280/refine_88_off32_summary.csv
-- [L31457280 A refine] stride=40B offset=40B pattern=random --
  wrote 31002 lines -> data_raw/sunbird/line_size/level_31457280/refine_40_off40_20260911T200548Z.csv
Wrote 31 summary rows to data_processed/sunbird/line_size/level_31457280/refine_40_off40_summary.csv
-- [L31457280 A refine] stride=48B offset=40B pattern=random --
  wrote 31002 lines -> data_raw/sunbird/line_size/level_31457280/refine_48_off40_20260911T200548Z.csv
Wrote 31 summary rows to data_processed/sunbird/line_size/level_31457280/refine_48_off40_summary.csv
-- [L31457280 A refine] stride=56B offset=40B pattern=random --
  wrote 31002 lines -> data_raw/sunbird/line_size/level_31457280/refine_56_off40_20260911T200548Z.csv
Wrote 31 summary rows to data_processed/sunbird/line_size/level_31457280/refine_56_off40_summary.csv
-- [L31457280 A refine] stride=64B offset=40B pattern=random --
  wrote 31002 lines -> data_raw/sunbird/line_size/level_31457280/refine_64_off40_20260911T200548Z.csv
Wrote 31 summary rows to data_processed/sunbird/line_size/level_31457280/refine_64_off40_summary.csv
-- [L31457280 A refine] stride=72B offset=40B pattern=random --
  wrote 31002 lines -> data_raw/sunbird/line_size/level_31457280/refine_72_off40_20260911T200548Z.csv
Wrote 31 summary rows to data_processed/sunbird/line_size/level_31457280/refine_72_off40_summary.csv
-- [L31457280 A refine] stride=80B offset=40B pattern=random --
  wrote 31002 lines -> data_raw/sunbird/line_size/level_31457280/refine_80_off40_20260911T200548Z.csv
Wrote 31 summary rows to data_processed/sunbird/line_size/level_31457280/refine_80_off40_summary.csv
-- [L31457280 A refine] stride=88B offset=40B pattern=random --
  wrote 31002 lines -> data_raw/sunbird/line_size/level_31457280/refine_88_off40_20260911T200548Z.csv
Wrote 31 summary rows to data_processed/sunbird/line_size/level_31457280/refine_88_off40_summary.csv
-- [L31457280 A refine] stride=40B offset=48B pattern=random --
  wrote 31002 lines -> data_raw/sunbird/line_size/level_31457280/refine_40_off48_20260911T200548Z.csv
Wrote 31 summary rows to data_processed/sunbird/line_size/level_31457280/refine_40_off48_summary.csv
-- [L31457280 A refine] stride=48B offset=48B pattern=random --
  wrote 31002 lines -> data_raw/sunbird/line_size/level_31457280/refine_48_off48_20260911T200548Z.csv
Wrote 31 summary rows to data_processed/sunbird/line_size/level_31457280/refine_48_off48_summary.csv
-- [L31457280 A refine] stride=56B offset=48B pattern=random --
  wrote 31002 lines -> data_raw/sunbird/line_size/level_31457280/refine_56_off48_20260911T200548Z.csv
Wrote 31 summary rows to data_processed/sunbird/line_size/level_31457280/refine_56_off48_summary.csv
-- [L31457280 A refine] stride=64B offset=48B pattern=random --
  wrote 31002 lines -> data_raw/sunbird/line_size/level_31457280/refine_64_off48_20260911T200548Z.csv
Wrote 31 summary rows to data_processed/sunbird/line_size/level_31457280/refine_64_off48_summary.csv
-- [L31457280 A refine] stride=72B offset=48B pattern=random --
  wrote 31002 lines -> data_raw/sunbird/line_size/level_31457280/refine_72_off48_20260911T200548Z.csv
Wrote 31 summary rows to data_processed/sunbird/line_size/level_31457280/refine_72_off48_summary.csv
-- [L31457280 A refine] stride=80B offset=48B pattern=random --
  wrote 31002 lines -> data_raw/sunbird/line_size/level_31457280/refine_80_off48_20260911T200548Z.csv
Wrote 31 summary rows to data_processed/sunbird/line_size/level_31457280/refine_80_off48_summary.csv
-- [L31457280 A refine] stride=88B offset=48B pattern=random --
  wrote 31002 lines -> data_raw/sunbird/line_size/level_31457280/refine_88_off48_20260911T200548Z.csv
Wrote 31 summary rows to data_processed/sunbird/line_size/level_31457280/refine_88_off48_summary.csv
-- [L31457280 A refine] stride=40B offset=56B pattern=random --
  wrote 31002 lines -> data_raw/sunbird/line_size/level_31457280/refine_40_off56_20260911T200548Z.csv
Wrote 31 summary rows to data_processed/sunbird/line_size/level_31457280/refine_40_off56_summary.csv
-- [L31457280 A refine] stride=48B offset=56B pattern=random --
  wrote 31002 lines -> data_raw/sunbird/line_size/level_31457280/refine_48_off56_20260911T200548Z.csv
Wrote 31 summary rows to data_processed/sunbird/line_size/level_31457280/refine_48_off56_summary.csv
-- [L31457280 A refine] stride=56B offset=56B pattern=random --
  wrote 31002 lines -> data_raw/sunbird/line_size/level_31457280/refine_56_off56_20260911T200548Z.csv
Wrote 31 summary rows to data_processed/sunbird/line_size/level_31457280/refine_56_off56_summary.csv
-- [L31457280 A refine] stride=64B offset=56B pattern=random --
  wrote 31002 lines -> data_raw/sunbird/line_size/level_31457280/refine_64_off56_20260911T200548Z.csv
Wrote 31 summary rows to data_processed/sunbird/line_size/level_31457280/refine_64_off56_summary.csv
-- [L31457280 A refine] stride=72B offset=56B pattern=random --
  wrote 31002 lines -> data_raw/sunbird/line_size/level_31457280/refine_72_off56_20260911T200548Z.csv
Wrote 31 summary rows to data_processed/sunbird/line_size/level_31457280/refine_72_off56_summary.csv
-- [L31457280 A refine] stride=80B offset=56B pattern=random --
  wrote 31002 lines -> data_raw/sunbird/line_size/level_31457280/refine_80_off56_20260911T200548Z.csv
Wrote 31 summary rows to data_processed/sunbird/line_size/level_31457280/refine_80_off56_summary.csv
-- [L31457280 A refine] stride=88B offset=56B pattern=random --
  wrote 31002 lines -> data_raw/sunbird/line_size/level_31457280/refine_88_off56_20260911T200548Z.csv
Wrote 31 summary rows to data_processed/sunbird/line_size/level_31457280/refine_88_off56_summary.csv
-- [L31457280 A step 4] generating cross-alignment confirmation plots --
Wrote data_processed/sunbird/line_size/level_31457280/plots/line_size_offset_elbow.pdf and .png
Wrote data_processed/sunbird/line_size/level_31457280/plots/line_size_offset_boxplots.pdf and .png
-- elbow footprint by (offset, stride):
   offset=0B: {40: 62914560, 48: 62914560, 56: 56050456, 64: 44487296, 72: 62914536, 80: 70619200, 88: 70619120}
   offset=8B: {40: 62914560, 48: 70619184, 56: 56050456, 64: 49935296, 72: 62914536, 80: 62914560, 88: 62914544}
   offset=16B: {40: 62914560, 48: 62914560, 56: 56050456, 64: 44487296, 72: 62914536, 80: 70619200, 88: 70619120}
   offset=24B: {40: 62914560, 48: 62914560, 56: 56050456, 64: 44487296, 72: 62914536, 80: 62914560, 88: 70619120}
   offset=32B: {40: 62914560, 48: 62914560, 56: 56050456, 64: 44487296, 72: 62914536, 80: 70619200, 88: 70619120}
   offset=40B: {40: 56050480, 48: 62914560, 56: 56050456, 64: 44487296, 72: 62914536, 80: 70619200, 88: 70619120}
   offset=48B: {40: 56050480, 48: 62914560, 56: 56050456, 64: 44487296, 72: 62914536, 80: 70619200, 88: 70619120}
   offset=56B: {40: 62914560, 48: 62914560, 56: 56050456, 64: 44487296, 72: 62914536, 80: 70619200, 88: 70619120}
-- candidate stride 64B: elbow stable across the 8/8 offsets with a detectable elbow (44487296-49935296 bytes, 1.12x spread) -- consistent with a genuine, alignment-independent transition, but see the gap warning above before treating this as full 8/8 agreement

-- [L31457280 B] single-curve method, footprint_bytes=62914560 (2.0x boundary) --
-- [L31457280 B coarse] stride 8-1024 bytes (step 8) --
  wrote 128002 lines -> data_raw/sunbird/line_size/level_31457280/singlecurve_coarse_random_20260911T200548Z.csv
  wrote 128002 lines -> data_raw/sunbird/line_size/level_31457280/singlecurve_coarse_sequential_20260911T200548Z.csv
Wrote 128 summary rows to data_processed/sunbird/line_size/level_31457280/singlecurve_coarse_random_summary.csv
Wrote 128 summary rows to data_processed/sunbird/line_size/level_31457280/singlecurve_coarse_sequential_summary.csv
-- [L31457280 B] detected line-size estimate (bytes): none --
-- [L31457280 B] no transition detected in the coarse sweep; skipping dense/repeat stages --
-- [L31457280 B] generating single-curve plots --
  note: flagged 4 isolated spike stride(s) as probable page-aliasing artifacts: [128, 256, 512, 1024]
Wrote data_processed/sunbird/line_size/level_31457280/plots/line_size_curve.pdf and .png
Wrote data_processed/sunbird/line_size/level_31457280/plots/line_size_boxplots.pdf and .png

############################################################
## step 5: cross-level, cross-method agreement summary
############################################################
   level boundary=32768B -> method A (family of curves) = 64B, method B (single curve) = 64B
   level boundary=262144B -> method A (family of curves) = 64B, method B (single curve) = noneB
   level boundary=31457280B -> method A (family of curves) = 64B, method B (single curve) = noneB
== every level/method that produced an estimate AGREES on 64B -- strong Phase-I evidence ==
== done: all levels, both methods, complete ==
== this is a FROZEN PHASE-I TIMING-ONLY result -- compare against PMU counters
   and the documented/system-reported line size in Phase II before treating it as
   confirmed (see README.md's Phase I/II/III discipline).
== plots per level: data_processed/sunbird/line_size/level_<boundary>/plots/line_size_family_{curve,boxplots}.{png,pdf} (A, steps 1-3),
          .../line_size_offset_{elbow,boxplots}.{png,pdf} (A, step 4), .../line_size_{curve,boxplots}.{png,pdf} (B) ==
== record in data_raw/sunbird/README.md: boundaries=32768,262144,31457280, core=1,
   seed=12345, samples=1000000, coarse_strides=8,16,32,64,128,256, per-level/per-method estimates as above,
   timestamp=20260911T200548Z ==
== full transcript saved to: data_raw/sunbird/line_size/run_line_size_20260911T200548Z.log ==
