== run_line_size: machine=sunbird core=1 seed=12345 ==
== timestamp=20260911T182443Z boundaries=32768,262144,31457280 coarse_strides=8,16,32,64,128,256 ==

############################################################
## LEVEL boundary=32768B -- Method A window=[4096,131072] bytes
############################################################
-- [L32768 A coarse] stride=8B pattern=random offset=0B --
  wrote 31002 lines -> data_raw/sunbird/line_size/level_32768/family_8_random_20260911T182443Z.csv
Wrote 31 summary rows to data_processed/sunbird/line_size/level_32768/family_8_random_summary.csv
-- [L32768 A coarse] stride=8B pattern=sequential offset=0B --
  wrote 31002 lines -> data_raw/sunbird/line_size/level_32768/family_8_sequential_20260911T182443Z.csv
Wrote 31 summary rows to data_processed/sunbird/line_size/level_32768/family_8_sequential_summary.csv
-- [L32768 A coarse] stride=16B pattern=random offset=0B --
  wrote 31002 lines -> data_raw/sunbird/line_size/level_32768/family_16_random_20260911T182443Z.csv
Wrote 31 summary rows to data_processed/sunbird/line_size/level_32768/family_16_random_summary.csv
-- [L32768 A coarse] stride=16B pattern=sequential offset=0B --
  wrote 31002 lines -> data_raw/sunbird/line_size/level_32768/family_16_sequential_20260911T182443Z.csv
Wrote 31 summary rows to data_processed/sunbird/line_size/level_32768/family_16_sequential_summary.csv
-- [L32768 A coarse] stride=32B pattern=random offset=0B --
  wrote 31002 lines -> data_raw/sunbird/line_size/level_32768/family_32_random_20260911T182443Z.csv
Wrote 31 summary rows to data_processed/sunbird/line_size/level_32768/family_32_random_summary.csv
-- [L32768 A coarse] stride=32B pattern=sequential offset=0B --
  wrote 31002 lines -> data_raw/sunbird/line_size/level_32768/family_32_sequential_20260911T182443Z.csv
Wrote 31 summary rows to data_processed/sunbird/line_size/level_32768/family_32_sequential_summary.csv
-- [L32768 A coarse] stride=64B pattern=random offset=0B --
  wrote 31002 lines -> data_raw/sunbird/line_size/level_32768/family_64_random_20260911T182443Z.csv
Wrote 31 summary rows to data_processed/sunbird/line_size/level_32768/family_64_random_summary.csv
-- [L32768 A coarse] stride=64B pattern=sequential offset=0B --
  wrote 31002 lines -> data_raw/sunbird/line_size/level_32768/family_64_sequential_20260911T182443Z.csv
Wrote 31 summary rows to data_processed/sunbird/line_size/level_32768/family_64_sequential_summary.csv
-- [L32768 A coarse] stride=128B pattern=random offset=0B --
  wrote 31002 lines -> data_raw/sunbird/line_size/level_32768/family_128_random_20260911T182443Z.csv
Wrote 31 summary rows to data_processed/sunbird/line_size/level_32768/family_128_random_summary.csv
-- [L32768 A coarse] stride=128B pattern=sequential offset=0B --
  wrote 31002 lines -> data_raw/sunbird/line_size/level_32768/family_128_sequential_20260911T182443Z.csv
Wrote 31 summary rows to data_processed/sunbird/line_size/level_32768/family_128_sequential_summary.csv
-- [L32768 A coarse] stride=256B pattern=random offset=0B --
  wrote 31002 lines -> data_raw/sunbird/line_size/level_32768/family_256_random_20260911T182443Z.csv
Wrote 31 summary rows to data_processed/sunbird/line_size/level_32768/family_256_random_summary.csv
-- [L32768 A coarse] stride=256B pattern=sequential offset=0B --
  wrote 31002 lines -> data_raw/sunbird/line_size/level_32768/family_256_sequential_20260911T182443Z.csv
Wrote 31 summary rows to data_processed/sunbird/line_size/level_32768/family_256_sequential_summary.csv
-- [L32768 A steps 1-3] generating coarse family-of-curves plots --
Wrote data_processed/sunbird/line_size/level_32768/plots/line_size_family_curve.pdf and .png
-- per-stride elbow (bytes): {8B: 52016, 16B: 65536, 32B: 32768, 64B: 36736, 128B: 36736, 256B: 36608}
-- line-size estimate: smallest candidate stride whose elbow agrees with largest tested stride (~36608 bytes) is 32B -- see infer_line_size's docstring caveat on the fixed grid resolution before citing this as a clean line-size number on its own
Wrote data_processed/sunbird/line_size/level_32768/plots/line_size_family_boxplots.pdf and .png
== [L32768 A step 4] candidate=32B ==
== [L32768 A step 4] bracket=8,16,24,32,40,48,56B (8B granularity) offsets=0,8,16,24,32,40,48,56B pattern=random ==
-- [L32768 A refine] stride=8B offset=0B pattern=random --
  wrote 31002 lines -> data_raw/sunbird/line_size/level_32768/refine_8_off0_20260911T182443Z.csv
Wrote 31 summary rows to data_processed/sunbird/line_size/level_32768/refine_8_off0_summary.csv
-- [L32768 A refine] stride=16B offset=0B pattern=random --
  wrote 31002 lines -> data_raw/sunbird/line_size/level_32768/refine_16_off0_20260911T182443Z.csv
Wrote 31 summary rows to data_processed/sunbird/line_size/level_32768/refine_16_off0_summary.csv
-- [L32768 A refine] stride=24B offset=0B pattern=random --
  wrote 31002 lines -> data_raw/sunbird/line_size/level_32768/refine_24_off0_20260911T182443Z.csv
Wrote 31 summary rows to data_processed/sunbird/line_size/level_32768/refine_24_off0_summary.csv
-- [L32768 A refine] stride=32B offset=0B pattern=random --
  wrote 31002 lines -> data_raw/sunbird/line_size/level_32768/refine_32_off0_20260911T182443Z.csv
Wrote 31 summary rows to data_processed/sunbird/line_size/level_32768/refine_32_off0_summary.csv
-- [L32768 A refine] stride=40B offset=0B pattern=random --
  wrote 31002 lines -> data_raw/sunbird/line_size/level_32768/refine_40_off0_20260911T182443Z.csv
Wrote 31 summary rows to data_processed/sunbird/line_size/level_32768/refine_40_off0_summary.csv
-- [L32768 A refine] stride=48B offset=0B pattern=random --
  wrote 31002 lines -> data_raw/sunbird/line_size/level_32768/refine_48_off0_20260911T182443Z.csv
Wrote 31 summary rows to data_processed/sunbird/line_size/level_32768/refine_48_off0_summary.csv
-- [L32768 A refine] stride=56B offset=0B pattern=random --
  wrote 31002 lines -> data_raw/sunbird/line_size/level_32768/refine_56_off0_20260911T182443Z.csv
Wrote 31 summary rows to data_processed/sunbird/line_size/level_32768/refine_56_off0_summary.csv
-- [L32768 A refine] stride=8B offset=8B pattern=random --
  wrote 31002 lines -> data_raw/sunbird/line_size/level_32768/refine_8_off8_20260911T182443Z.csv
Wrote 31 summary rows to data_processed/sunbird/line_size/level_32768/refine_8_off8_summary.csv
-- [L32768 A refine] stride=16B offset=8B pattern=random --
  wrote 31002 lines -> data_raw/sunbird/line_size/level_32768/refine_16_off8_20260911T182443Z.csv
Wrote 31 summary rows to data_processed/sunbird/line_size/level_32768/refine_16_off8_summary.csv
-- [L32768 A refine] stride=24B offset=8B pattern=random --
  wrote 31002 lines -> data_raw/sunbird/line_size/level_32768/refine_24_off8_20260911T182443Z.csv
Wrote 31 summary rows to data_processed/sunbird/line_size/level_32768/refine_24_off8_summary.csv
-- [L32768 A refine] stride=32B offset=8B pattern=random --
  wrote 31002 lines -> data_raw/sunbird/line_size/level_32768/refine_32_off8_20260911T182443Z.csv
Wrote 31 summary rows to data_processed/sunbird/line_size/level_32768/refine_32_off8_summary.csv
-- [L32768 A refine] stride=40B offset=8B pattern=random --
  wrote 31002 lines -> data_raw/sunbird/line_size/level_32768/refine_40_off8_20260911T182443Z.csv
Wrote 31 summary rows to data_processed/sunbird/line_size/level_32768/refine_40_off8_summary.csv
-- [L32768 A refine] stride=48B offset=8B pattern=random --
  wrote 31002 lines -> data_raw/sunbird/line_size/level_32768/refine_48_off8_20260911T182443Z.csv
Wrote 31 summary rows to data_processed/sunbird/line_size/level_32768/refine_48_off8_summary.csv
-- [L32768 A refine] stride=56B offset=8B pattern=random --
  wrote 31002 lines -> data_raw/sunbird/line_size/level_32768/refine_56_off8_20260911T182443Z.csv
Wrote 31 summary rows to data_processed/sunbird/line_size/level_32768/refine_56_off8_summary.csv
-- [L32768 A refine] stride=8B offset=16B pattern=random --
  wrote 31002 lines -> data_raw/sunbird/line_size/level_32768/refine_8_off16_20260911T182443Z.csv
Wrote 31 summary rows to data_processed/sunbird/line_size/level_32768/refine_8_off16_summary.csv
-- [L32768 A refine] stride=16B offset=16B pattern=random --
  wrote 31002 lines -> data_raw/sunbird/line_size/level_32768/refine_16_off16_20260911T182443Z.csv
Wrote 31 summary rows to data_processed/sunbird/line_size/level_32768/refine_16_off16_summary.csv
-- [L32768 A refine] stride=24B offset=16B pattern=random --
  wrote 31002 lines -> data_raw/sunbird/line_size/level_32768/refine_24_off16_20260911T182443Z.csv
Wrote 31 summary rows to data_processed/sunbird/line_size/level_32768/refine_24_off16_summary.csv
-- [L32768 A refine] stride=32B offset=16B pattern=random --
  wrote 31002 lines -> data_raw/sunbird/line_size/level_32768/refine_32_off16_20260911T182443Z.csv
Wrote 31 summary rows to data_processed/sunbird/line_size/level_32768/refine_32_off16_summary.csv
-- [L32768 A refine] stride=40B offset=16B pattern=random --
  wrote 31002 lines -> data_raw/sunbird/line_size/level_32768/refine_40_off16_20260911T182443Z.csv
Wrote 31 summary rows to data_processed/sunbird/line_size/level_32768/refine_40_off16_summary.csv
-- [L32768 A refine] stride=48B offset=16B pattern=random --
  wrote 31002 lines -> data_raw/sunbird/line_size/level_32768/refine_48_off16_20260911T182443Z.csv
Wrote 31 summary rows to data_processed/sunbird/line_size/level_32768/refine_48_off16_summary.csv
-- [L32768 A refine] stride=56B offset=16B pattern=random --
  wrote 31002 lines -> data_raw/sunbird/line_size/level_32768/refine_56_off16_20260911T182443Z.csv
Wrote 31 summary rows to data_processed/sunbird/line_size/level_32768/refine_56_off16_summary.csv
-- [L32768 A refine] stride=8B offset=24B pattern=random --
  wrote 31002 lines -> data_raw/sunbird/line_size/level_32768/refine_8_off24_20260911T182443Z.csv
Wrote 31 summary rows to data_processed/sunbird/line_size/level_32768/refine_8_off24_summary.csv
-- [L32768 A refine] stride=16B offset=24B pattern=random --
  wrote 31002 lines -> data_raw/sunbird/line_size/level_32768/refine_16_off24_20260911T182443Z.csv
Wrote 31 summary rows to data_processed/sunbird/line_size/level_32768/refine_16_off24_summary.csv
-- [L32768 A refine] stride=24B offset=24B pattern=random --
  wrote 31002 lines -> data_raw/sunbird/line_size/level_32768/refine_24_off24_20260911T182443Z.csv
Wrote 31 summary rows to data_processed/sunbird/line_size/level_32768/refine_24_off24_summary.csv
-- [L32768 A refine] stride=32B offset=24B pattern=random --
  wrote 31002 lines -> data_raw/sunbird/line_size/level_32768/refine_32_off24_20260911T182443Z.csv
Wrote 31 summary rows to data_processed/sunbird/line_size/level_32768/refine_32_off24_summary.csv
-- [L32768 A refine] stride=40B offset=24B pattern=random --
  wrote 31002 lines -> data_raw/sunbird/line_size/level_32768/refine_40_off24_20260911T182443Z.csv
Wrote 31 summary rows to data_processed/sunbird/line_size/level_32768/refine_40_off24_summary.csv
-- [L32768 A refine] stride=48B offset=24B pattern=random --
  wrote 31002 lines -> data_raw/sunbird/line_size/level_32768/refine_48_off24_20260911T182443Z.csv
Wrote 31 summary rows to data_processed/sunbird/line_size/level_32768/refine_48_off24_summary.csv
-- [L32768 A refine] stride=56B offset=24B pattern=random --
  wrote 31002 lines -> data_raw/sunbird/line_size/level_32768/refine_56_off24_20260911T182443Z.csv
Wrote 31 summary rows to data_processed/sunbird/line_size/level_32768/refine_56_off24_summary.csv
-- [L32768 A refine] stride=8B offset=32B pattern=random --
  wrote 31002 lines -> data_raw/sunbird/line_size/level_32768/refine_8_off32_20260911T182443Z.csv
Wrote 31 summary rows to data_processed/sunbird/line_size/level_32768/refine_8_off32_summary.csv
-- [L32768 A refine] stride=16B offset=32B pattern=random --
  wrote 31002 lines -> data_raw/sunbird/line_size/level_32768/refine_16_off32_20260911T182443Z.csv
Wrote 31 summary rows to data_processed/sunbird/line_size/level_32768/refine_16_off32_summary.csv
-- [L32768 A refine] stride=24B offset=32B pattern=random --
  wrote 31002 lines -> data_raw/sunbird/line_size/level_32768/refine_24_off32_20260911T182443Z.csv
Wrote 31 summary rows to data_processed/sunbird/line_size/level_32768/refine_24_off32_summary.csv
-- [L32768 A refine] stride=32B offset=32B pattern=random --
  wrote 31002 lines -> data_raw/sunbird/line_size/level_32768/refine_32_off32_20260911T182443Z.csv
Wrote 31 summary rows to data_processed/sunbird/line_size/level_32768/refine_32_off32_summary.csv
-- [L32768 A refine] stride=40B offset=32B pattern=random --
  wrote 31002 lines -> data_raw/sunbird/line_size/level_32768/refine_40_off32_20260911T182443Z.csv
Wrote 31 summary rows to data_processed/sunbird/line_size/level_32768/refine_40_off32_summary.csv
-- [L32768 A refine] stride=48B offset=32B pattern=random --
  wrote 31002 lines -> data_raw/sunbird/line_size/level_32768/refine_48_off32_20260911T182443Z.csv
Wrote 31 summary rows to data_processed/sunbird/line_size/level_32768/refine_48_off32_summary.csv
-- [L32768 A refine] stride=56B offset=32B pattern=random --
  wrote 31002 lines -> data_raw/sunbird/line_size/level_32768/refine_56_off32_20260911T182443Z.csv
Wrote 31 summary rows to data_processed/sunbird/line_size/level_32768/refine_56_off32_summary.csv
-- [L32768 A refine] stride=8B offset=40B pattern=random --
  wrote 31002 lines -> data_raw/sunbird/line_size/level_32768/refine_8_off40_20260911T182443Z.csv
Wrote 31 summary rows to data_processed/sunbird/line_size/level_32768/refine_8_off40_summary.csv
-- [L32768 A refine] stride=16B offset=40B pattern=random --
  wrote 31002 lines -> data_raw/sunbird/line_size/level_32768/refine_16_off40_20260911T182443Z.csv
Wrote 31 summary rows to data_processed/sunbird/line_size/level_32768/refine_16_off40_summary.csv
-- [L32768 A refine] stride=24B offset=40B pattern=random --
  wrote 31002 lines -> data_raw/sunbird/line_size/level_32768/refine_24_off40_20260911T182443Z.csv
Wrote 31 summary rows to data_processed/sunbird/line_size/level_32768/refine_24_off40_summary.csv
-- [L32768 A refine] stride=32B offset=40B pattern=random --
  wrote 31002 lines -> data_raw/sunbird/line_size/level_32768/refine_32_off40_20260911T182443Z.csv
Wrote 31 summary rows to data_processed/sunbird/line_size/level_32768/refine_32_off40_summary.csv
-- [L32768 A refine] stride=40B offset=40B pattern=random --
  wrote 31002 lines -> data_raw/sunbird/line_size/level_32768/refine_40_off40_20260911T182443Z.csv
Wrote 31 summary rows to data_processed/sunbird/line_size/level_32768/refine_40_off40_summary.csv
-- [L32768 A refine] stride=48B offset=40B pattern=random --
  wrote 31002 lines -> data_raw/sunbird/line_size/level_32768/refine_48_off40_20260911T182443Z.csv
Wrote 31 summary rows to data_processed/sunbird/line_size/level_32768/refine_48_off40_summary.csv
-- [L32768 A refine] stride=56B offset=40B pattern=random --
  wrote 31002 lines -> data_raw/sunbird/line_size/level_32768/refine_56_off40_20260911T182443Z.csv
Wrote 31 summary rows to data_processed/sunbird/line_size/level_32768/refine_56_off40_summary.csv
-- [L32768 A refine] stride=8B offset=48B pattern=random --
  wrote 31002 lines -> data_raw/sunbird/line_size/level_32768/refine_8_off48_20260911T182443Z.csv
Wrote 31 summary rows to data_processed/sunbird/line_size/level_32768/refine_8_off48_summary.csv
-- [L32768 A refine] stride=16B offset=48B pattern=random --
  wrote 31002 lines -> data_raw/sunbird/line_size/level_32768/refine_16_off48_20260911T182443Z.csv
Wrote 31 summary rows to data_processed/sunbird/line_size/level_32768/refine_16_off48_summary.csv
-- [L32768 A refine] stride=24B offset=48B pattern=random --
  wrote 31002 lines -> data_raw/sunbird/line_size/level_32768/refine_24_off48_20260911T182443Z.csv
Wrote 31 summary rows to data_processed/sunbird/line_size/level_32768/refine_24_off48_summary.csv
-- [L32768 A refine] stride=32B offset=48B pattern=random --
  wrote 31002 lines -> data_raw/sunbird/line_size/level_32768/refine_32_off48_20260911T182443Z.csv
Wrote 31 summary rows to data_processed/sunbird/line_size/level_32768/refine_32_off48_summary.csv
-- [L32768 A refine] stride=40B offset=48B pattern=random --
  wrote 31002 lines -> data_raw/sunbird/line_size/level_32768/refine_40_off48_20260911T182443Z.csv
Wrote 31 summary rows to data_processed/sunbird/line_size/level_32768/refine_40_off48_summary.csv
-- [L32768 A refine] stride=48B offset=48B pattern=random --
  wrote 31002 lines -> data_raw/sunbird/line_size/level_32768/refine_48_off48_20260911T182443Z.csv
Wrote 31 summary rows to data_processed/sunbird/line_size/level_32768/refine_48_off48_summary.csv
-- [L32768 A refine] stride=56B offset=48B pattern=random --
  wrote 31002 lines -> data_raw/sunbird/line_size/level_32768/refine_56_off48_20260911T182443Z.csv
Wrote 31 summary rows to data_processed/sunbird/line_size/level_32768/refine_56_off48_summary.csv
-- [L32768 A refine] stride=8B offset=56B pattern=random --
  wrote 31002 lines -> data_raw/sunbird/line_size/level_32768/refine_8_off56_20260911T182443Z.csv
Wrote 31 summary rows to data_processed/sunbird/line_size/level_32768/refine_8_off56_summary.csv
-- [L32768 A refine] stride=16B offset=56B pattern=random --
  wrote 31002 lines -> data_raw/sunbird/line_size/level_32768/refine_16_off56_20260911T182443Z.csv
Wrote 31 summary rows to data_processed/sunbird/line_size/level_32768/refine_16_off56_summary.csv
-- [L32768 A refine] stride=24B offset=56B pattern=random --
  wrote 31002 lines -> data_raw/sunbird/line_size/level_32768/refine_24_off56_20260911T182443Z.csv
Wrote 31 summary rows to data_processed/sunbird/line_size/level_32768/refine_24_off56_summary.csv
-- [L32768 A refine] stride=32B offset=56B pattern=random --
  wrote 31002 lines -> data_raw/sunbird/line_size/level_32768/refine_32_off56_20260911T182443Z.csv
Wrote 31 summary rows to data_processed/sunbird/line_size/level_32768/refine_32_off56_summary.csv
-- [L32768 A refine] stride=40B offset=56B pattern=random --
  wrote 31002 lines -> data_raw/sunbird/line_size/level_32768/refine_40_off56_20260911T182443Z.csv
Wrote 31 summary rows to data_processed/sunbird/line_size/level_32768/refine_40_off56_summary.csv
-- [L32768 A refine] stride=48B offset=56B pattern=random --
  wrote 31002 lines -> data_raw/sunbird/line_size/level_32768/refine_48_off56_20260911T182443Z.csv
Wrote 31 summary rows to data_processed/sunbird/line_size/level_32768/refine_48_off56_summary.csv
-- [L32768 A refine] stride=56B offset=56B pattern=random --
  wrote 31002 lines -> data_raw/sunbird/line_size/level_32768/refine_56_off56_20260911T182443Z.csv
Wrote 31 summary rows to data_processed/sunbird/line_size/level_32768/refine_56_off56_summary.csv
-- [L32768 A step 4] generating cross-alignment confirmation plots --
Wrote data_processed/sunbird/line_size/level_32768/plots/line_size_offset_elbow.pdf and .png
Wrote data_processed/sunbird/line_size/level_32768/plots/line_size_offset_boxplots.pdf and .png
-- elbow footprint by (offset, stride):
   offset=0B: {48: 29184, 56: 29176}
   offset=8B: {8: 58384, 16: 46336, 24: 32760, 32: 32768, 40: 36760, 48: 29184, 56: 36736}
   offset=16B: {8: 41280, 16: 41280, 24: 52008, 32: 41280, 40: 32760, 48: 36768, 56: 36736}
   offset=24B: {8: 32768, 16: 32768, 24: 32760, 32: 32768, 40: 82560, 48: 46320}
   offset=32B: {24: 41280, 32: 46336, 48: 36768, 56: 36736}
   offset=40B: {8: 32768, 16: 52016, 24: 32760, 32: 58368, 40: 32760, 48: 32736}
   offset=48B: {8: 58384, 16: 41280, 24: 32760, 32: 36768, 40: 65520, 48: 32736, 56: 32760}
   offset=56B: {8: 46336, 16: 52016, 24: 52008, 32: 116768, 40: 46320, 48: 32736, 56: 29176}
-- candidate stride 32B: 1/8 offset(s) produced NO detectable elbow at all within this window's footprint range (0B) -- these are gaps in the plot, not agreement; the spread below is computed only over the 7/8 offsets that did report a value
-- candidate stride 32B: elbow varies 3.56x across offsets (32768-116768 bytes) -- transition may be alignment-sensitive, do not cite this candidate as a clean line-size result without further investigation

-- [L32768 B] single-curve method, footprint_bytes=65536 (2.0x boundary) --
-- [L32768 B coarse] stride 8-1024 bytes (step 8) --
  wrote 128002 lines -> data_raw/sunbird/line_size/level_32768/singlecurve_coarse_random_20260911T182443Z.csv
  wrote 128002 lines -> data_raw/sunbird/line_size/level_32768/singlecurve_coarse_sequential_20260911T182443Z.csv
Wrote 128 summary rows to data_processed/sunbird/line_size/level_32768/singlecurve_coarse_random_summary.csv
Wrote 128 summary rows to data_processed/sunbird/line_size/level_32768/singlecurve_coarse_sequential_summary.csv
-- [L32768 B] detected line-size estimate (bytes): 64 --
-- [L32768 B] dense sweep around estimate 64 bytes: 32-129 (step 1) --
  wrote 98002 lines -> data_raw/sunbird/line_size/level_32768/singlecurve_dense_random_20260911T182443Z.csv
  wrote 98002 lines -> data_raw/sunbird/line_size/level_32768/singlecurve_dense_sequential_20260911T182443Z.csv
Wrote 98 summary rows to data_processed/sunbird/line_size/level_32768/singlecurve_dense_random_summary.csv
Wrote 98 summary rows to data_processed/sunbird/line_size/level_32768/singlecurve_dense_sequential_summary.csv
  -- [L32768 B] repeat 1/2 of the dense window --
  wrote 98002 lines -> data_raw/sunbird/line_size/level_32768/singlecurve_dense_rep1_random_20260911T182443Z.csv
  wrote 98002 lines -> data_raw/sunbird/line_size/level_32768/singlecurve_dense_rep1_sequential_20260911T182443Z.csv
Wrote 98 summary rows to data_processed/sunbird/line_size/level_32768/singlecurve_dense_rep1_random_summary.csv
Wrote 98 summary rows to data_processed/sunbird/line_size/level_32768/singlecurve_dense_rep1_sequential_summary.csv
  -- [L32768 B] repeat 2/2 of the dense window --
  wrote 98002 lines -> data_raw/sunbird/line_size/level_32768/singlecurve_dense_rep2_random_20260911T182443Z.csv
  wrote 98002 lines -> data_raw/sunbird/line_size/level_32768/singlecurve_dense_rep2_sequential_20260911T182443Z.csv
Wrote 98 summary rows to data_processed/sunbird/line_size/level_32768/singlecurve_dense_rep2_random_summary.csv
Wrote 98 summary rows to data_processed/sunbird/line_size/level_32768/singlecurve_dense_rep2_sequential_summary.csv
-- [L32768 B] generating single-curve plots --
  note: 32B (random) has 4 overlapping summary rows with medians [16.7, 22.4, 19.1, 22.5] (spread 5.8 ticks, 28.6%) -- averaging, widening whiskers to the union
  note: 33B (random) has 3 overlapping summary rows with medians [21.7, 18.9, 16.7] (spread 5.0 ticks, 26.3%) -- averaging, widening whiskers to the union
  note: flagged 3 isolated spike stride(s) as probable page-aliasing artifacts: [256, 512, 1024]
Wrote data_processed/sunbird/line_size/level_32768/plots/line_size_curve.pdf and .png
Wrote data_processed/sunbird/line_size/level_32768/plots/line_size_boxplots.pdf and .png

############################################################
## LEVEL boundary=262144B -- Method A window=[32768,1048576] bytes
############################################################
-- [L262144 A coarse] stride=8B pattern=random offset=0B --
  wrote 31002 lines -> data_raw/sunbird/line_size/level_262144/family_8_random_20260911T182443Z.csv
Wrote 31 summary rows to data_processed/sunbird/line_size/level_262144/family_8_random_summary.csv
-- [L262144 A coarse] stride=8B pattern=sequential offset=0B --
  wrote 31002 lines -> data_raw/sunbird/line_size/level_262144/family_8_sequential_20260911T182443Z.csv
Wrote 31 summary rows to data_processed/sunbird/line_size/level_262144/family_8_sequential_summary.csv
-- [L262144 A coarse] stride=16B pattern=random offset=0B --
  wrote 31002 lines -> data_raw/sunbird/line_size/level_262144/family_16_random_20260911T182443Z.csv
Wrote 31 summary rows to data_processed/sunbird/line_size/level_262144/family_16_random_summary.csv
-- [L262144 A coarse] stride=16B pattern=sequential offset=0B --
  wrote 31002 lines -> data_raw/sunbird/line_size/level_262144/family_16_sequential_20260911T182443Z.csv
Wrote 31 summary rows to data_processed/sunbird/line_size/level_262144/family_16_sequential_summary.csv
-- [L262144 A coarse] stride=32B pattern=random offset=0B --
  wrote 31002 lines -> data_raw/sunbird/line_size/level_262144/family_32_random_20260911T182443Z.csv
Wrote 31 summary rows to data_processed/sunbird/line_size/level_262144/family_32_random_summary.csv
-- [L262144 A coarse] stride=32B pattern=sequential offset=0B --
  wrote 31002 lines -> data_raw/sunbird/line_size/level_262144/family_32_sequential_20260911T182443Z.csv
Wrote 31 summary rows to data_processed/sunbird/line_size/level_262144/family_32_sequential_summary.csv
-- [L262144 A coarse] stride=64B pattern=random offset=0B --
  wrote 31002 lines -> data_raw/sunbird/line_size/level_262144/family_64_random_20260911T182443Z.csv
Wrote 31 summary rows to data_processed/sunbird/line_size/level_262144/family_64_random_summary.csv
-- [L262144 A coarse] stride=64B pattern=sequential offset=0B --
  wrote 31002 lines -> data_raw/sunbird/line_size/level_262144/family_64_sequential_20260911T182443Z.csv
Wrote 31 summary rows to data_processed/sunbird/line_size/level_262144/family_64_sequential_summary.csv
-- [L262144 A coarse] stride=128B pattern=random offset=0B --
  wrote 31002 lines -> data_raw/sunbird/line_size/level_262144/family_128_random_20260911T182443Z.csv
Wrote 31 summary rows to data_processed/sunbird/line_size/level_262144/family_128_random_summary.csv
-- [L262144 A coarse] stride=128B pattern=sequential offset=0B --
  wrote 31002 lines -> data_raw/sunbird/line_size/level_262144/family_128_sequential_20260911T182443Z.csv
Wrote 31 summary rows to data_processed/sunbird/line_size/level_262144/family_128_sequential_summary.csv
-- [L262144 A coarse] stride=256B pattern=random offset=0B --
  wrote 31002 lines -> data_raw/sunbird/line_size/level_262144/family_256_random_20260911T182443Z.csv
Wrote 31 summary rows to data_processed/sunbird/line_size/level_262144/family_256_random_summary.csv
-- [L262144 A coarse] stride=256B pattern=sequential offset=0B --
  wrote 31002 lines -> data_raw/sunbird/line_size/level_262144/family_256_sequential_20260911T182443Z.csv
Wrote 31 summary rows to data_processed/sunbird/line_size/level_262144/family_256_sequential_summary.csv
-- [L262144 A steps 1-3] generating coarse family-of-curves plots --
Wrote data_processed/sunbird/line_size/level_262144/plots/line_size_family_curve.pdf and .png
-- per-stride elbow (bytes): {8B: 588488, 16B: 467088, 32B: 524288, 64B: 416128, 128B: 370688, 256B: 416000}
-- line-size estimate: smallest candidate stride whose elbow agrees with largest tested stride (~416000 bytes) is 16B -- see infer_line_size's docstring caveat on the fixed grid resolution before citing this as a clean line-size number on its own
Wrote data_processed/sunbird/line_size/level_262144/plots/line_size_family_boxplots.pdf and .png
== [L262144 A step 4] candidate=16B ==
== [L262144 A step 4] bracket=8,16,24,32,40B (8B granularity) offsets=0,8,16,24,32,40,48,56B pattern=random ==
-- [L262144 A refine] stride=8B offset=0B pattern=random --
  wrote 31002 lines -> data_raw/sunbird/line_size/level_262144/refine_8_off0_20260911T182443Z.csv
Wrote 31 summary rows to data_processed/sunbird/line_size/level_262144/refine_8_off0_summary.csv
-- [L262144 A refine] stride=16B offset=0B pattern=random --
  wrote 31002 lines -> data_raw/sunbird/line_size/level_262144/refine_16_off0_20260911T182443Z.csv
Wrote 31 summary rows to data_processed/sunbird/line_size/level_262144/refine_16_off0_summary.csv
-- [L262144 A refine] stride=24B offset=0B pattern=random --
  wrote 31002 lines -> data_raw/sunbird/line_size/level_262144/refine_24_off0_20260911T182443Z.csv
Wrote 31 summary rows to data_processed/sunbird/line_size/level_262144/refine_24_off0_summary.csv
-- [L262144 A refine] stride=32B offset=0B pattern=random --
  wrote 31002 lines -> data_raw/sunbird/line_size/level_262144/refine_32_off0_20260911T182443Z.csv
Wrote 31 summary rows to data_processed/sunbird/line_size/level_262144/refine_32_off0_summary.csv
-- [L262144 A refine] stride=40B offset=0B pattern=random --
  wrote 31002 lines -> data_raw/sunbird/line_size/level_262144/refine_40_off0_20260911T182443Z.csv
Wrote 31 summary rows to data_processed/sunbird/line_size/level_262144/refine_40_off0_summary.csv
-- [L262144 A refine] stride=8B offset=8B pattern=random --
  wrote 31002 lines -> data_raw/sunbird/line_size/level_262144/refine_8_off8_20260911T182443Z.csv
Wrote 31 summary rows to data_processed/sunbird/line_size/level_262144/refine_8_off8_summary.csv
-- [L262144 A refine] stride=16B offset=8B pattern=random --
  wrote 31002 lines -> data_raw/sunbird/line_size/level_262144/refine_16_off8_20260911T182443Z.csv
Wrote 31 summary rows to data_processed/sunbird/line_size/level_262144/refine_16_off8_summary.csv
-- [L262144 A refine] stride=24B offset=8B pattern=random --
  wrote 31002 lines -> data_raw/sunbird/line_size/level_262144/refine_24_off8_20260911T182443Z.csv
Wrote 31 summary rows to data_processed/sunbird/line_size/level_262144/refine_24_off8_summary.csv
-- [L262144 A refine] stride=32B offset=8B pattern=random --
  wrote 31002 lines -> data_raw/sunbird/line_size/level_262144/refine_32_off8_20260911T182443Z.csv
Wrote 31 summary rows to data_processed/sunbird/line_size/level_262144/refine_32_off8_summary.csv
-- [L262144 A refine] stride=40B offset=8B pattern=random --
  wrote 31002 lines -> data_raw/sunbird/line_size/level_262144/refine_40_off8_20260911T182443Z.csv
Wrote 31 summary rows to data_processed/sunbird/line_size/level_262144/refine_40_off8_summary.csv
-- [L262144 A refine] stride=8B offset=16B pattern=random --
  wrote 31002 lines -> data_raw/sunbird/line_size/level_262144/refine_8_off16_20260911T182443Z.csv
Wrote 31 summary rows to data_processed/sunbird/line_size/level_262144/refine_8_off16_summary.csv
-- [L262144 A refine] stride=16B offset=16B pattern=random --
  wrote 31002 lines -> data_raw/sunbird/line_size/level_262144/refine_16_off16_20260911T182443Z.csv
Wrote 31 summary rows to data_processed/sunbird/line_size/level_262144/refine_16_off16_summary.csv
-- [L262144 A refine] stride=24B offset=16B pattern=random --
  wrote 31002 lines -> data_raw/sunbird/line_size/level_262144/refine_24_off16_20260911T182443Z.csv
Wrote 31 summary rows to data_processed/sunbird/line_size/level_262144/refine_24_off16_summary.csv
-- [L262144 A refine] stride=32B offset=16B pattern=random --
  wrote 31002 lines -> data_raw/sunbird/line_size/level_262144/refine_32_off16_20260911T182443Z.csv
Wrote 31 summary rows to data_processed/sunbird/line_size/level_262144/refine_32_off16_summary.csv
-- [L262144 A refine] stride=40B offset=16B pattern=random --
  wrote 31002 lines -> data_raw/sunbird/line_size/level_262144/refine_40_off16_20260911T182443Z.csv
Wrote 31 summary rows to data_processed/sunbird/line_size/level_262144/refine_40_off16_summary.csv
-- [L262144 A refine] stride=8B offset=24B pattern=random --
  wrote 31002 lines -> data_raw/sunbird/line_size/level_262144/refine_8_off24_20260911T182443Z.csv
Wrote 31 summary rows to data_processed/sunbird/line_size/level_262144/refine_8_off24_summary.csv
-- [L262144 A refine] stride=16B offset=24B pattern=random --
  wrote 31002 lines -> data_raw/sunbird/line_size/level_262144/refine_16_off24_20260911T182443Z.csv
Wrote 31 summary rows to data_processed/sunbird/line_size/level_262144/refine_16_off24_summary.csv
-- [L262144 A refine] stride=24B offset=24B pattern=random --
  wrote 31002 lines -> data_raw/sunbird/line_size/level_262144/refine_24_off24_20260911T182443Z.csv
Wrote 31 summary rows to data_processed/sunbird/line_size/level_262144/refine_24_off24_summary.csv
-- [L262144 A refine] stride=32B offset=24B pattern=random --
  wrote 31002 lines -> data_raw/sunbird/line_size/level_262144/refine_32_off24_20260911T182443Z.csv
Wrote 31 summary rows to data_processed/sunbird/line_size/level_262144/refine_32_off24_summary.csv
-- [L262144 A refine] stride=40B offset=24B pattern=random --
  wrote 31002 lines -> data_raw/sunbird/line_size/level_262144/refine_40_off24_20260911T182443Z.csv
Wrote 31 summary rows to data_processed/sunbird/line_size/level_262144/refine_40_off24_summary.csv
-- [L262144 A refine] stride=8B offset=32B pattern=random --
  wrote 31002 lines -> data_raw/sunbird/line_size/level_262144/refine_8_off32_20260911T182443Z.csv
Wrote 31 summary rows to data_processed/sunbird/line_size/level_262144/refine_8_off32_summary.csv
-- [L262144 A refine] stride=16B offset=32B pattern=random --
  wrote 31002 lines -> data_raw/sunbird/line_size/level_262144/refine_16_off32_20260911T182443Z.csv
Wrote 31 summary rows to data_processed/sunbird/line_size/level_262144/refine_16_off32_summary.csv
-- [L262144 A refine] stride=24B offset=32B pattern=random --
  wrote 31002 lines -> data_raw/sunbird/line_size/level_262144/refine_24_off32_20260911T182443Z.csv
Wrote 31 summary rows to data_processed/sunbird/line_size/level_262144/refine_24_off32_summary.csv
-- [L262144 A refine] stride=32B offset=32B pattern=random --
  wrote 31002 lines -> data_raw/sunbird/line_size/level_262144/refine_32_off32_20260911T182443Z.csv
Wrote 31 summary rows to data_processed/sunbird/line_size/level_262144/refine_32_off32_summary.csv
-- [L262144 A refine] stride=40B offset=32B pattern=random --
  wrote 31002 lines -> data_raw/sunbird/line_size/level_262144/refine_40_off32_20260911T182443Z.csv
Wrote 31 summary rows to data_processed/sunbird/line_size/level_262144/refine_40_off32_summary.csv
-- [L262144 A refine] stride=8B offset=40B pattern=random --
  wrote 31002 lines -> data_raw/sunbird/line_size/level_262144/refine_8_off40_20260911T182443Z.csv
Wrote 31 summary rows to data_processed/sunbird/line_size/level_262144/refine_8_off40_summary.csv
-- [L262144 A refine] stride=16B offset=40B pattern=random --
  wrote 31002 lines -> data_raw/sunbird/line_size/level_262144/refine_16_off40_20260911T182443Z.csv
Wrote 31 summary rows to data_processed/sunbird/line_size/level_262144/refine_16_off40_summary.csv
-- [L262144 A refine] stride=24B offset=40B pattern=random --
  wrote 31002 lines -> data_raw/sunbird/line_size/level_262144/refine_24_off40_20260911T182443Z.csv
Wrote 31 summary rows to data_processed/sunbird/line_size/level_262144/refine_24_off40_summary.csv
-- [L262144 A refine] stride=32B offset=40B pattern=random --
  wrote 31002 lines -> data_raw/sunbird/line_size/level_262144/refine_32_off40_20260911T182443Z.csv
Wrote 31 summary rows to data_processed/sunbird/line_size/level_262144/refine_32_off40_summary.csv
-- [L262144 A refine] stride=40B offset=40B pattern=random --
  wrote 31002 lines -> data_raw/sunbird/line_size/level_262144/refine_40_off40_20260911T182443Z.csv
Wrote 31 summary rows to data_processed/sunbird/line_size/level_262144/refine_40_off40_summary.csv
-- [L262144 A refine] stride=8B offset=48B pattern=random --
  wrote 31002 lines -> data_raw/sunbird/line_size/level_262144/refine_8_off48_20260911T182443Z.csv
Wrote 31 summary rows to data_processed/sunbird/line_size/level_262144/refine_8_off48_summary.csv
-- [L262144 A refine] stride=16B offset=48B pattern=random --
  wrote 31002 lines -> data_raw/sunbird/line_size/level_262144/refine_16_off48_20260911T182443Z.csv
Wrote 31 summary rows to data_processed/sunbird/line_size/level_262144/refine_16_off48_summary.csv
-- [L262144 A refine] stride=24B offset=48B pattern=random --
  wrote 31002 lines -> data_raw/sunbird/line_size/level_262144/refine_24_off48_20260911T182443Z.csv
Wrote 31 summary rows to data_processed/sunbird/line_size/level_262144/refine_24_off48_summary.csv
-- [L262144 A refine] stride=32B offset=48B pattern=random --
  wrote 31002 lines -> data_raw/sunbird/line_size/level_262144/refine_32_off48_20260911T182443Z.csv
Wrote 31 summary rows to data_processed/sunbird/line_size/level_262144/refine_32_off48_summary.csv
-- [L262144 A refine] stride=40B offset=48B pattern=random --
  wrote 31002 lines -> data_raw/sunbird/line_size/level_262144/refine_40_off48_20260911T182443Z.csv
Wrote 31 summary rows to data_processed/sunbird/line_size/level_262144/refine_40_off48_summary.csv
-- [L262144 A refine] stride=8B offset=56B pattern=random --
  wrote 31002 lines -> data_raw/sunbird/line_size/level_262144/refine_8_off56_20260911T182443Z.csv
Wrote 31 summary rows to data_processed/sunbird/line_size/level_262144/refine_8_off56_summary.csv
-- [L262144 A refine] stride=16B offset=56B pattern=random --
  wrote 31002 lines -> data_raw/sunbird/line_size/level_262144/refine_16_off56_20260911T182443Z.csv
Wrote 31 summary rows to data_processed/sunbird/line_size/level_262144/refine_16_off56_summary.csv
-- [L262144 A refine] stride=24B offset=56B pattern=random --
  wrote 31002 lines -> data_raw/sunbird/line_size/level_262144/refine_24_off56_20260911T182443Z.csv
Wrote 31 summary rows to data_processed/sunbird/line_size/level_262144/refine_24_off56_summary.csv
-- [L262144 A refine] stride=32B offset=56B pattern=random --
  wrote 31002 lines -> data_raw/sunbird/line_size/level_262144/refine_32_off56_20260911T182443Z.csv
Wrote 31 summary rows to data_processed/sunbird/line_size/level_262144/refine_32_off56_summary.csv
-- [L262144 A refine] stride=40B offset=56B pattern=random --
  wrote 31002 lines -> data_raw/sunbird/line_size/level_262144/refine_40_off56_20260911T182443Z.csv
Wrote 31 summary rows to data_processed/sunbird/line_size/level_262144/refine_40_off56_summary.csv
-- [L262144 A step 4] generating cross-alignment confirmation plots --
Wrote data_processed/sunbird/line_size/level_262144/plots/line_size_offset_elbow.pdf and .png
Wrote data_processed/sunbird/line_size/level_262144/plots/line_size_offset_boxplots.pdf and .png
-- elbow footprint by (offset, stride):
   offset=0B: {8: 588488, 16: 588480, 24: 588480, 32: 524288, 40: 524280}
   offset=8B: {8: 588488, 16: 588480, 24: 588480, 32: 524288, 40: 524280}
   offset=16B: {8: 588488, 16: 588480, 24: 588480, 32: 416128, 40: 524280}
   offset=24B: {8: 588488, 16: 588480, 24: 588480, 32: 524288, 40: 524280}
   offset=32B: {8: 588488, 16: 588480, 24: 588480, 32: 524288, 40: 524280}
   offset=40B: {8: 588488, 16: 588480, 24: 588480, 32: 524288, 40: 524280}
   offset=48B: {8: 588488, 16: 588480, 24: 588480, 32: 524288, 40: 524280}
   offset=56B: {8: 588488, 16: 588480, 24: 588480, 32: 524288, 40: 524280}
-- candidate stride 16B: elbow stable across the 8/8 offsets with a detectable elbow (588480-588480 bytes, 1.00x spread) -- consistent with a genuine, alignment-independent transition, but see the gap warning above before treating this as full 8/8 agreement

-- [L262144 B] single-curve method, footprint_bytes=524288 (2.0x boundary) --
-- [L262144 B coarse] stride 8-1024 bytes (step 8) --
  wrote 128002 lines -> data_raw/sunbird/line_size/level_262144/singlecurve_coarse_random_20260911T182443Z.csv
  wrote 128002 lines -> data_raw/sunbird/line_size/level_262144/singlecurve_coarse_sequential_20260911T182443Z.csv
Wrote 128 summary rows to data_processed/sunbird/line_size/level_262144/singlecurve_coarse_random_summary.csv
Wrote 128 summary rows to data_processed/sunbird/line_size/level_262144/singlecurve_coarse_sequential_summary.csv
-- [L262144 B] detected line-size estimate (bytes): none --
-- [L262144 B] no transition detected in the coarse sweep; skipping dense/repeat stages --
-- [L262144 B] generating single-curve plots --
  note: flagged 6 isolated spike stride(s) as probable page-aliasing artifacts: [256, 272, 384, 512, 768, 1024]
Wrote data_processed/sunbird/line_size/level_262144/plots/line_size_curve.pdf and .png
Wrote data_processed/sunbird/line_size/level_262144/plots/line_size_boxplots.pdf and .png

############################################################
## LEVEL boundary=31457280B -- Method A window=[3932160,125829120] bytes
############################################################
-- [L31457280 A coarse] stride=8B pattern=random offset=0B --
  wrote 31002 lines -> data_raw/sunbird/line_size/level_31457280/family_8_random_20260911T182443Z.csv
Wrote 31 summary rows to data_processed/sunbird/line_size/level_31457280/family_8_random_summary.csv
-- [L31457280 A coarse] stride=8B pattern=sequential offset=0B --
  wrote 31002 lines -> data_raw/sunbird/line_size/level_31457280/family_8_sequential_20260911T182443Z.csv
Wrote 31 summary rows to data_processed/sunbird/line_size/level_31457280/family_8_sequential_summary.csv
-- [L31457280 A coarse] stride=16B pattern=random offset=0B --
  wrote 31002 lines -> data_raw/sunbird/line_size/level_31457280/family_16_random_20260911T182443Z.csv
Wrote 31 summary rows to data_processed/sunbird/line_size/level_31457280/family_16_random_summary.csv
-- [L31457280 A coarse] stride=16B pattern=sequential offset=0B --
  wrote 31002 lines -> data_raw/sunbird/line_size/level_31457280/family_16_sequential_20260911T182443Z.csv
Wrote 31 summary rows to data_processed/sunbird/line_size/level_31457280/family_16_sequential_summary.csv
-- [L31457280 A coarse] stride=32B pattern=random offset=0B --
  wrote 31002 lines -> data_raw/sunbird/line_size/level_31457280/family_32_random_20260911T182443Z.csv
Wrote 31 summary rows to data_processed/sunbird/line_size/level_31457280/family_32_random_summary.csv
-- [L31457280 A coarse] stride=32B pattern=sequential offset=0B --
  wrote 31002 lines -> data_raw/sunbird/line_size/level_31457280/family_32_sequential_20260911T182443Z.csv
Wrote 31 summary rows to data_processed/sunbird/line_size/level_31457280/family_32_sequential_summary.csv
-- [L31457280 A coarse] stride=64B pattern=random offset=0B --
  wrote 31002 lines -> data_raw/sunbird/line_size/level_31457280/family_64_random_20260911T182443Z.csv
Wrote 31 summary rows to data_processed/sunbird/line_size/level_31457280/family_64_random_summary.csv
-- [L31457280 A coarse] stride=64B pattern=sequential offset=0B --
  wrote 31002 lines -> data_raw/sunbird/line_size/level_31457280/family_64_sequential_20260911T182443Z.csv
Wrote 31 summary rows to data_processed/sunbird/line_size/level_31457280/family_64_sequential_summary.csv
-- [L31457280 A coarse] stride=128B pattern=random offset=0B --
  wrote 31002 lines -> data_raw/sunbird/line_size/level_31457280/family_128_random_20260911T182443Z.csv
Wrote 31 summary rows to data_processed/sunbird/line_size/level_31457280/family_128_random_summary.csv
-- [L31457280 A coarse] stride=128B pattern=sequential offset=0B --
  wrote 31002 lines -> data_raw/sunbird/line_size/level_31457280/family_128_sequential_20260911T182443Z.csv
Wrote 31 summary rows to data_processed/sunbird/line_size/level_31457280/family_128_sequential_summary.csv
-- [L31457280 A coarse] stride=256B pattern=random offset=0B --
  wrote 31002 lines -> data_raw/sunbird/line_size/level_31457280/family_256_random_20260911T182443Z.csv
Wrote 31 summary rows to data_processed/sunbird/line_size/level_31457280/family_256_random_summary.csv
-- [L31457280 A coarse] stride=256B pattern=sequential offset=0B --
  wrote 31002 lines -> data_raw/sunbird/line_size/level_31457280/family_256_sequential_20260911T182443Z.csv
Wrote 31 summary rows to data_processed/sunbird/line_size/level_31457280/family_256_sequential_summary.csv
-- [L31457280 A steps 1-3] generating coarse family-of-curves plots --
Wrote data_processed/sunbird/line_size/level_31457280/plots/line_size_family_curve.pdf and .png
-- per-stride elbow (bytes): {8B: 79267376, 16B: 70619200, 32B: 56050496, 64B: 44487296, 128B: 49935232, 256B: 56050432}
-- line-size estimate: smallest candidate stride whose elbow agrees with largest tested stride (~56050432 bytes) is 32B -- see infer_line_size's docstring caveat on the fixed grid resolution before citing this as a clean line-size number on its own
Wrote data_processed/sunbird/line_size/level_31457280/plots/line_size_family_boxplots.pdf and .png
== [L31457280 A step 4] candidate=32B ==
== [L31457280 A step 4] bracket=8,16,24,32,40,48,56B (8B granularity) offsets=0,8,16,24,32,40,48,56B pattern=random ==
-- [L31457280 A refine] stride=8B offset=0B pattern=random --
  wrote 31002 lines -> data_raw/sunbird/line_size/level_31457280/refine_8_off0_20260911T182443Z.csv
Wrote 31 summary rows to data_processed/sunbird/line_size/level_31457280/refine_8_off0_summary.csv
-- [L31457280 A refine] stride=16B offset=0B pattern=random --
  wrote 31002 lines -> data_raw/sunbird/line_size/level_31457280/refine_16_off0_20260911T182443Z.csv
Wrote 31 summary rows to data_processed/sunbird/line_size/level_31457280/refine_16_off0_summary.csv
-- [L31457280 A refine] stride=24B offset=0B pattern=random --
  wrote 31002 lines -> data_raw/sunbird/line_size/level_31457280/refine_24_off0_20260911T182443Z.csv
Wrote 31 summary rows to data_processed/sunbird/line_size/level_31457280/refine_24_off0_summary.csv
-- [L31457280 A refine] stride=32B offset=0B pattern=random --
  wrote 31002 lines -> data_raw/sunbird/line_size/level_31457280/refine_32_off0_20260911T182443Z.csv
Wrote 31 summary rows to data_processed/sunbird/line_size/level_31457280/refine_32_off0_summary.csv
-- [L31457280 A refine] stride=40B offset=0B pattern=random --
  wrote 31002 lines -> data_raw/sunbird/line_size/level_31457280/refine_40_off0_20260911T182443Z.csv
Wrote 31 summary rows to data_processed/sunbird/line_size/level_31457280/refine_40_off0_summary.csv
-- [L31457280 A refine] stride=48B offset=0B pattern=random --
  wrote 31002 lines -> data_raw/sunbird/line_size/level_31457280/refine_48_off0_20260911T182443Z.csv
Wrote 31 summary rows to data_processed/sunbird/line_size/level_31457280/refine_48_off0_summary.csv
-- [L31457280 A refine] stride=56B offset=0B pattern=random --
  wrote 31002 lines -> data_raw/sunbird/line_size/level_31457280/refine_56_off0_20260911T182443Z.csv
Wrote 31 summary rows to data_processed/sunbird/line_size/level_31457280/refine_56_off0_summary.csv
-- [L31457280 A refine] stride=8B offset=8B pattern=random --
  wrote 31002 lines -> data_raw/sunbird/line_size/level_31457280/refine_8_off8_20260911T182443Z.csv
Wrote 31 summary rows to data_processed/sunbird/line_size/level_31457280/refine_8_off8_summary.csv
-- [L31457280 A refine] stride=16B offset=8B pattern=random --
  wrote 31002 lines -> data_raw/sunbird/line_size/level_31457280/refine_16_off8_20260911T182443Z.csv
Wrote 31 summary rows to data_processed/sunbird/line_size/level_31457280/refine_16_off8_summary.csv
-- [L31457280 A refine] stride=24B offset=8B pattern=random --
  wrote 31002 lines -> data_raw/sunbird/line_size/level_31457280/refine_24_off8_20260911T182443Z.csv
Wrote 31 summary rows to data_processed/sunbird/line_size/level_31457280/refine_24_off8_summary.csv
-- [L31457280 A refine] stride=32B offset=8B pattern=random --
  wrote 31002 lines -> data_raw/sunbird/line_size/level_31457280/refine_32_off8_20260911T182443Z.csv
Wrote 31 summary rows to data_processed/sunbird/line_size/level_31457280/refine_32_off8_summary.csv
-- [L31457280 A refine] stride=40B offset=8B pattern=random --
  wrote 31002 lines -> data_raw/sunbird/line_size/level_31457280/refine_40_off8_20260911T182443Z.csv
Wrote 31 summary rows to data_processed/sunbird/line_size/level_31457280/refine_40_off8_summary.csv
-- [L31457280 A refine] stride=48B offset=8B pattern=random --
  wrote 31002 lines -> data_raw/sunbird/line_size/level_31457280/refine_48_off8_20260911T182443Z.csv
Wrote 31 summary rows to data_processed/sunbird/line_size/level_31457280/refine_48_off8_summary.csv
-- [L31457280 A refine] stride=56B offset=8B pattern=random --
  wrote 31002 lines -> data_raw/sunbird/line_size/level_31457280/refine_56_off8_20260911T182443Z.csv
Wrote 31 summary rows to data_processed/sunbird/line_size/level_31457280/refine_56_off8_summary.csv
-- [L31457280 A refine] stride=8B offset=16B pattern=random --
  wrote 31002 lines -> data_raw/sunbird/line_size/level_31457280/refine_8_off16_20260911T182443Z.csv
Wrote 31 summary rows to data_processed/sunbird/line_size/level_31457280/refine_8_off16_summary.csv
-- [L31457280 A refine] stride=16B offset=16B pattern=random --
  wrote 31002 lines -> data_raw/sunbird/line_size/level_31457280/refine_16_off16_20260911T182443Z.csv
Wrote 31 summary rows to data_processed/sunbird/line_size/level_31457280/refine_16_off16_summary.csv
-- [L31457280 A refine] stride=24B offset=16B pattern=random --
  wrote 31002 lines -> data_raw/sunbird/line_size/level_31457280/refine_24_off16_20260911T182443Z.csv
Wrote 31 summary rows to data_processed/sunbird/line_size/level_31457280/refine_24_off16_summary.csv
-- [L31457280 A refine] stride=32B offset=16B pattern=random --
  wrote 31002 lines -> data_raw/sunbird/line_size/level_31457280/refine_32_off16_20260911T182443Z.csv
Wrote 31 summary rows to data_processed/sunbird/line_size/level_31457280/refine_32_off16_summary.csv
-- [L31457280 A refine] stride=40B offset=16B pattern=random --
  wrote 31002 lines -> data_raw/sunbird/line_size/level_31457280/refine_40_off16_20260911T182443Z.csv
Wrote 31 summary rows to data_processed/sunbird/line_size/level_31457280/refine_40_off16_summary.csv
-- [L31457280 A refine] stride=48B offset=16B pattern=random --
  wrote 31002 lines -> data_raw/sunbird/line_size/level_31457280/refine_48_off16_20260911T182443Z.csv
Wrote 31 summary rows to data_processed/sunbird/line_size/level_31457280/refine_48_off16_summary.csv
-- [L31457280 A refine] stride=56B offset=16B pattern=random --
  wrote 31002 lines -> data_raw/sunbird/line_size/level_31457280/refine_56_off16_20260911T182443Z.csv
Wrote 31 summary rows to data_processed/sunbird/line_size/level_31457280/refine_56_off16_summary.csv
-- [L31457280 A refine] stride=8B offset=24B pattern=random --
  wrote 31002 lines -> data_raw/sunbird/line_size/level_31457280/refine_8_off24_20260911T182443Z.csv
Wrote 31 summary rows to data_processed/sunbird/line_size/level_31457280/refine_8_off24_summary.csv
-- [L31457280 A refine] stride=16B offset=24B pattern=random --
  wrote 31002 lines -> data_raw/sunbird/line_size/level_31457280/refine_16_off24_20260911T182443Z.csv
Wrote 31 summary rows to data_processed/sunbird/line_size/level_31457280/refine_16_off24_summary.csv
-- [L31457280 A refine] stride=24B offset=24B pattern=random --
  wrote 31002 lines -> data_raw/sunbird/line_size/level_31457280/refine_24_off24_20260911T182443Z.csv
Wrote 31 summary rows to data_processed/sunbird/line_size/level_31457280/refine_24_off24_summary.csv
-- [L31457280 A refine] stride=32B offset=24B pattern=random --
  wrote 31002 lines -> data_raw/sunbird/line_size/level_31457280/refine_32_off24_20260911T182443Z.csv
Wrote 31 summary rows to data_processed/sunbird/line_size/level_31457280/refine_32_off24_summary.csv
-- [L31457280 A refine] stride=40B offset=24B pattern=random --
  wrote 31002 lines -> data_raw/sunbird/line_size/level_31457280/refine_40_off24_20260911T182443Z.csv
Wrote 31 summary rows to data_processed/sunbird/line_size/level_31457280/refine_40_off24_summary.csv
-- [L31457280 A refine] stride=48B offset=24B pattern=random --
  wrote 31002 lines -> data_raw/sunbird/line_size/level_31457280/refine_48_off24_20260911T182443Z.csv
Wrote 31 summary rows to data_processed/sunbird/line_size/level_31457280/refine_48_off24_summary.csv
-- [L31457280 A refine] stride=56B offset=24B pattern=random --
  wrote 31002 lines -> data_raw/sunbird/line_size/level_31457280/refine_56_off24_20260911T182443Z.csv
Wrote 31 summary rows to data_processed/sunbird/line_size/level_31457280/refine_56_off24_summary.csv
-- [L31457280 A refine] stride=8B offset=32B pattern=random --
  wrote 31002 lines -> data_raw/sunbird/line_size/level_31457280/refine_8_off32_20260911T182443Z.csv
Wrote 31 summary rows to data_processed/sunbird/line_size/level_31457280/refine_8_off32_summary.csv
-- [L31457280 A refine] stride=16B offset=32B pattern=random --
  wrote 31002 lines -> data_raw/sunbird/line_size/level_31457280/refine_16_off32_20260911T182443Z.csv
Wrote 31 summary rows to data_processed/sunbird/line_size/level_31457280/refine_16_off32_summary.csv
-- [L31457280 A refine] stride=24B offset=32B pattern=random --
  wrote 31002 lines -> data_raw/sunbird/line_size/level_31457280/refine_24_off32_20260911T182443Z.csv
Wrote 31 summary rows to data_processed/sunbird/line_size/level_31457280/refine_24_off32_summary.csv
-- [L31457280 A refine] stride=32B offset=32B pattern=random --
  wrote 31002 lines -> data_raw/sunbird/line_size/level_31457280/refine_32_off32_20260911T182443Z.csv
Wrote 31 summary rows to data_processed/sunbird/line_size/level_31457280/refine_32_off32_summary.csv
-- [L31457280 A refine] stride=40B offset=32B pattern=random --
  wrote 31002 lines -> data_raw/sunbird/line_size/level_31457280/refine_40_off32_20260911T182443Z.csv
Wrote 31 summary rows to data_processed/sunbird/line_size/level_31457280/refine_40_off32_summary.csv
-- [L31457280 A refine] stride=48B offset=32B pattern=random --
  wrote 31002 lines -> data_raw/sunbird/line_size/level_31457280/refine_48_off32_20260911T182443Z.csv
Wrote 31 summary rows to data_processed/sunbird/line_size/level_31457280/refine_48_off32_summary.csv
-- [L31457280 A refine] stride=56B offset=32B pattern=random --
  wrote 31002 lines -> data_raw/sunbird/line_size/level_31457280/refine_56_off32_20260911T182443Z.csv
Wrote 31 summary rows to data_processed/sunbird/line_size/level_31457280/refine_56_off32_summary.csv
-- [L31457280 A refine] stride=8B offset=40B pattern=random --
  wrote 31002 lines -> data_raw/sunbird/line_size/level_31457280/refine_8_off40_20260911T182443Z.csv
Wrote 31 summary rows to data_processed/sunbird/line_size/level_31457280/refine_8_off40_summary.csv
-- [L31457280 A refine] stride=16B offset=40B pattern=random --
  wrote 31002 lines -> data_raw/sunbird/line_size/level_31457280/refine_16_off40_20260911T182443Z.csv
Wrote 31 summary rows to data_processed/sunbird/line_size/level_31457280/refine_16_off40_summary.csv
-- [L31457280 A refine] stride=24B offset=40B pattern=random --
  wrote 31002 lines -> data_raw/sunbird/line_size/level_31457280/refine_24_off40_20260911T182443Z.csv
Wrote 31 summary rows to data_processed/sunbird/line_size/level_31457280/refine_24_off40_summary.csv
-- [L31457280 A refine] stride=32B offset=40B pattern=random --
  wrote 31002 lines -> data_raw/sunbird/line_size/level_31457280/refine_32_off40_20260911T182443Z.csv
Wrote 31 summary rows to data_processed/sunbird/line_size/level_31457280/refine_32_off40_summary.csv
-- [L31457280 A refine] stride=40B offset=40B pattern=random --
  wrote 31002 lines -> data_raw/sunbird/line_size/level_31457280/refine_40_off40_20260911T182443Z.csv
Wrote 31 summary rows to data_processed/sunbird/line_size/level_31457280/refine_40_off40_summary.csv
-- [L31457280 A refine] stride=48B offset=40B pattern=random --
  wrote 31002 lines -> data_raw/sunbird/line_size/level_31457280/refine_48_off40_20260911T182443Z.csv
Wrote 31 summary rows to data_processed/sunbird/line_size/level_31457280/refine_48_off40_summary.csv
-- [L31457280 A refine] stride=56B offset=40B pattern=random --
  wrote 31002 lines -> data_raw/sunbird/line_size/level_31457280/refine_56_off40_20260911T182443Z.csv
Wrote 31 summary rows to data_processed/sunbird/line_size/level_31457280/refine_56_off40_summary.csv
-- [L31457280 A refine] stride=8B offset=48B pattern=random --
  wrote 31002 lines -> data_raw/sunbird/line_size/level_31457280/refine_8_off48_20260911T182443Z.csv
Wrote 31 summary rows to data_processed/sunbird/line_size/level_31457280/refine_8_off48_summary.csv
-- [L31457280 A refine] stride=16B offset=48B pattern=random --
  wrote 31002 lines -> data_raw/sunbird/line_size/level_31457280/refine_16_off48_20260911T182443Z.csv
Wrote 31 summary rows to data_processed/sunbird/line_size/level_31457280/refine_16_off48_summary.csv
-- [L31457280 A refine] stride=24B offset=48B pattern=random --
  wrote 31002 lines -> data_raw/sunbird/line_size/level_31457280/refine_24_off48_20260911T182443Z.csv
Wrote 31 summary rows to data_processed/sunbird/line_size/level_31457280/refine_24_off48_summary.csv
-- [L31457280 A refine] stride=32B offset=48B pattern=random --
  wrote 31002 lines -> data_raw/sunbird/line_size/level_31457280/refine_32_off48_20260911T182443Z.csv
Wrote 31 summary rows to data_processed/sunbird/line_size/level_31457280/refine_32_off48_summary.csv
-- [L31457280 A refine] stride=40B offset=48B pattern=random --
  wrote 31002 lines -> data_raw/sunbird/line_size/level_31457280/refine_40_off48_20260911T182443Z.csv
Wrote 31 summary rows to data_processed/sunbird/line_size/level_31457280/refine_40_off48_summary.csv
-- [L31457280 A refine] stride=48B offset=48B pattern=random --
  wrote 31002 lines -> data_raw/sunbird/line_size/level_31457280/refine_48_off48_20260911T182443Z.csv
Wrote 31 summary rows to data_processed/sunbird/line_size/level_31457280/refine_48_off48_summary.csv
-- [L31457280 A refine] stride=56B offset=48B pattern=random --
  wrote 31002 lines -> data_raw/sunbird/line_size/level_31457280/refine_56_off48_20260911T182443Z.csv
Wrote 31 summary rows to data_processed/sunbird/line_size/level_31457280/refine_56_off48_summary.csv
-- [L31457280 A refine] stride=8B offset=56B pattern=random --
  wrote 31002 lines -> data_raw/sunbird/line_size/level_31457280/refine_8_off56_20260911T182443Z.csv
Wrote 31 summary rows to data_processed/sunbird/line_size/level_31457280/refine_8_off56_summary.csv
-- [L31457280 A refine] stride=16B offset=56B pattern=random --
  wrote 31002 lines -> data_raw/sunbird/line_size/level_31457280/refine_16_off56_20260911T182443Z.csv
Wrote 31 summary rows to data_processed/sunbird/line_size/level_31457280/refine_16_off56_summary.csv
-- [L31457280 A refine] stride=24B offset=56B pattern=random --
  wrote 31002 lines -> data_raw/sunbird/line_size/level_31457280/refine_24_off56_20260911T182443Z.csv
Wrote 31 summary rows to data_processed/sunbird/line_size/level_31457280/refine_24_off56_summary.csv
-- [L31457280 A refine] stride=32B offset=56B pattern=random --
  wrote 31002 lines -> data_raw/sunbird/line_size/level_31457280/refine_32_off56_20260911T182443Z.csv
Wrote 31 summary rows to data_processed/sunbird/line_size/level_31457280/refine_32_off56_summary.csv
-- [L31457280 A refine] stride=40B offset=56B pattern=random --
  wrote 31002 lines -> data_raw/sunbird/line_size/level_31457280/refine_40_off56_20260911T182443Z.csv
Wrote 31 summary rows to data_processed/sunbird/line_size/level_31457280/refine_40_off56_summary.csv
-- [L31457280 A refine] stride=48B offset=56B pattern=random --
  wrote 31002 lines -> data_raw/sunbird/line_size/level_31457280/refine_48_off56_20260911T182443Z.csv
Wrote 31 summary rows to data_processed/sunbird/line_size/level_31457280/refine_48_off56_summary.csv
-- [L31457280 A refine] stride=56B offset=56B pattern=random --
  wrote 31002 lines -> data_raw/sunbird/line_size/level_31457280/refine_56_off56_20260911T182443Z.csv
Wrote 31 summary rows to data_processed/sunbird/line_size/level_31457280/refine_56_off56_summary.csv
-- [L31457280 A step 4] generating cross-alignment confirmation plots --
Wrote data_processed/sunbird/line_size/level_31457280/plots/line_size_offset_elbow.pdf and .png
Wrote data_processed/sunbird/line_size/level_31457280/plots/line_size_offset_boxplots.pdf and .png
-- elbow footprint by (offset, stride):
   offset=0B: {8: 70619200, 16: 70619200, 24: 62914560, 32: 56050496, 40: 56050480, 48: 70619184, 56: 56050456}
   offset=8B: {8: 70619200, 16: 70619200, 24: 70619184, 32: 49935296, 40: 62914560, 48: 62914560, 56: 56050456}
   offset=16B: {8: 70619200, 16: 70619200, 24: 62914560, 32: 56050496, 40: 62914560, 48: 62914560, 56: 56050456}
   offset=24B: {8: 79267376, 16: 70619200, 24: 70619184, 32: 62914560, 40: 62914560, 48: 62914560, 56: 56050456}
   offset=32B: {8: 79267376, 16: 70619200, 24: 62914560, 32: 56050496, 40: 56050480, 48: 62914560, 56: 56050456}
   offset=40B: {8: 79267376, 16: 70619200, 24: 62914560, 32: 49935296, 40: 56050480, 48: 70619184, 56: 56050456}
   offset=48B: {8: 79267376, 16: 70619200, 24: 56050488, 32: 56050496, 40: 62914560, 48: 62914560, 56: 56050456}
   offset=56B: {8: 79267376, 16: 70619200, 24: 62914560, 32: 56050496, 40: 62914560, 48: 62914560, 56: 56050456}
-- candidate stride 32B: elbow stable across the 8/8 offsets with a detectable elbow (49935296-62914560 bytes, 1.26x spread) -- consistent with a genuine, alignment-independent transition, but see the gap warning above before treating this as full 8/8 agreement

-- [L31457280 B] single-curve method, footprint_bytes=62914560 (2.0x boundary) --
-- [L31457280 B coarse] stride 8-1024 bytes (step 8) --
  wrote 128002 lines -> data_raw/sunbird/line_size/level_31457280/singlecurve_coarse_random_20260911T182443Z.csv
  wrote 128002 lines -> data_raw/sunbird/line_size/level_31457280/singlecurve_coarse_sequential_20260911T182443Z.csv
Wrote 128 summary rows to data_processed/sunbird/line_size/level_31457280/singlecurve_coarse_random_summary.csv
Wrote 128 summary rows to data_processed/sunbird/line_size/level_31457280/singlecurve_coarse_sequential_summary.csv
-- [L31457280 B] detected line-size estimate (bytes): none --
-- [L31457280 B] no transition detected in the coarse sweep; skipping dense/repeat stages --
-- [L31457280 B] generating single-curve plots --
  note: flagged 4 isolated spike stride(s) as probable page-aliasing artifacts: [128, 256, 512, 1024]
Wrote data_processed/sunbird/line_size/level_31457280/plots/line_size_curve.pdf and .png
Wrote data_processed/sunbird/line_size/level_31457280/plots/line_size_boxplots.pdf and .png

############################################################
## step 5: cross-level, cross-method agreement summary
############################################################
   level boundary=32768B -> method A (family of curves) = 32B, method B (single curve) = 64B
   level boundary=262144B -> method A (family of curves) = 16B, method B (single curve) = noneB
   level boundary=31457280B -> method A (family of curves) = 32B, method B (single curve) = noneB
== estimates DISAGREE (distinct values seen: 16,32,64) -- do not average these into
   one number; report the disagreement itself and investigate per-level/per-method before Phase II
== done: all levels, both methods, complete ==
== this is a FROZEN PHASE-I TIMING-ONLY result -- compare against PMU counters
   and the documented/system-reported line size in Phase II before treating it as
   confirmed (see README.md's Phase I/II/III discipline).
== plots per level: data_processed/sunbird/line_size/level_<boundary>/plots/line_size_family_{curve,boxplots}.{png,pdf} (A, steps 1-3),
          .../line_size_offset_{elbow,boxplots}.{png,pdf} (A, step 4), .../line_size_{curve,boxplots}.{png,pdf} (B) ==
== record in data_raw/sunbird/README.md: boundaries=32768,262144,31457280, core=1,
   seed=12345, samples=1000000, coarse_strides=8,16,32,64,128,256, per-level/per-method estimates as above,
   timestamp=20260911T182443Z ==
== full transcript saved to: data_raw/sunbird/line_size/run_line_size_20260911T182443Z.log ==
