== run_line_size_full: machine=sunbird core=5 seed=12345 ==
== timestamp=20260909T033014Z ==
WARNING: no capacity summary found under data_processed/sunbird/capacity -- run scripts/run_capacity_full.sh
         for sunbird first for a real boundary. Falling back to footprint_bytes=65536.
-- coarse sweep 8-1024 bytes (step 8) --
  wrote 128002 lines -> data_raw/sunbird/line_size/line_size_coarse_random_20260909T033014Z.csv
  wrote 128002 lines -> data_raw/sunbird/line_size/line_size_coarse_sequential_20260909T033014Z.csv
Wrote 128 summary rows to data_processed/sunbird/line_size/coarse_random_summary.csv
Wrote 128 summary rows to data_processed/sunbird/line_size/coarse_sequential_summary.csv
-- detected line-size estimate (bytes): 128 --
-- dense sweep around estimate 128 bytes: 64-257 (step 1) --
  wrote 194002 lines -> data_raw/sunbird/line_size/line_size_dense_random_20260909T033014Z.csv
  wrote 194002 lines -> data_raw/sunbird/line_size/line_size_dense_sequential_20260909T033014Z.csv
Wrote 194 summary rows to data_processed/sunbird/line_size/dense_random_summary.csv
Wrote 194 summary rows to data_processed/sunbird/line_size/dense_sequential_summary.csv
  -- repeat 1/2 of the dense window --
  wrote 194002 lines -> data_raw/sunbird/line_size/line_size_dense_rep1_random_20260909T033014Z.csv
  wrote 194002 lines -> data_raw/sunbird/line_size/line_size_dense_rep1_sequential_20260909T033014Z.csv
Wrote 194 summary rows to data_processed/sunbird/line_size/dense_rep1_random_summary.csv
Wrote 194 summary rows to data_processed/sunbird/line_size/dense_rep1_sequential_summary.csv
  -- repeat 2/2 of the dense window --
  wrote 194002 lines -> data_raw/sunbird/line_size/line_size_dense_rep2_random_20260909T033014Z.csv
  wrote 194002 lines -> data_raw/sunbird/line_size/line_size_dense_rep2_sequential_20260909T033014Z.csv
Wrote 194 summary rows to data_processed/sunbird/line_size/dense_rep2_random_summary.csv
Wrote 194 summary rows to data_processed/sunbird/line_size/dense_rep2_sequential_summary.csv
-- generating plots --
  note: 64B (random) has 4 overlapping summary rows with medians [17.2, 25.1, 25.2, 23.8] (spread 8.0 ticks, 35.0%) -- averaging, widening whiskers to the union
Wrote data_processed/sunbird/line_size/plots/line_size_curve.pdf and .png
Wrote data_processed/sunbird/line_size/plots/line_size_boxplots.pdf and .png
== done ==
== plots: data_processed/sunbird/line_size/plots/line_size_curve.{png,pdf}, data_processed/sunbird/line_size/plots/line_size_boxplots.{png,pdf} ==
== detected line-size estimate (bytes): 128 ==
== record in data_raw/sunbird/README.md: core=5, seed=12345, samples=1000000, footprint_bytes=65536, boundary_bytes=fallback, timestamp=20260909T033014Z ==
== full transcript saved to: data_raw/sunbird/line_size/run_line_size_full_20260909T033014Z.log ==
