=== Machine identification (Phase Discipline whitelist only) ===
c060n02
Linux c060n02 5.14.0-611.5.1.el9_7.x86_64 #1 SMP PREEMPT_DYNAMIC Fri Oct 17 14:16:35 EDT 2025 x86_64 x86_64 x86_64 GNU/Linux
model name	: Intel(R) Xeon(R) Gold 6326 CPU @ 2.90GHz
Assigned logical CPU: 31, SLURM_JOB_ID=848767

=== Running scripts/run_hit_latency_full.sh (HAZEL_MODE=1) for hazel_icelake_6326/phase1_v2, boundaries=L1:65536,L2:1310720,LLC:25874000,DRAM:536870912 ===
== run_hit_latency_full: machine=hazel_icelake_6326/phase1_v2 core=31 base_seed=12345 ==
== timestamp=20260916T043916Z ==

== level L1: footprint_bytes=65536 ==
-- base (seed=12345) --
  wrote 1002 lines -> data_raw/hazel_icelake_6326/phase1_v2/latency/hit/L1/hit_latency_base_dependent_random_20260916T043916Z.csv (mode=dependent pattern=random seed=12345)
Wrote 1 summary rows to data_processed/hazel_icelake_6326/phase1_v2/latency/hit/L1/base_dependent_random_summary_20260916T043916Z.csv
  wrote 1002 lines -> data_raw/hazel_icelake_6326/phase1_v2/latency/hit/L1/hit_latency_base_dependent_sequential_20260916T043916Z.csv (mode=dependent pattern=sequential seed=12345)
Wrote 1 summary rows to data_processed/hazel_icelake_6326/phase1_v2/latency/hit/L1/base_dependent_sequential_summary_20260916T043916Z.csv
  wrote 1002 lines -> data_raw/hazel_icelake_6326/phase1_v2/latency/hit/L1/hit_latency_base_independent_random_20260916T043916Z.csv (mode=independent pattern=random seed=12345)
Wrote 1 summary rows to data_processed/hazel_icelake_6326/phase1_v2/latency/hit/L1/base_independent_random_summary_20260916T043916Z.csv
  wrote 1002 lines -> data_raw/hazel_icelake_6326/phase1_v2/latency/hit/L1/hit_latency_base_independent_sequential_20260916T043916Z.csv (mode=independent pattern=sequential seed=12345)
Wrote 1 summary rows to data_processed/hazel_icelake_6326/phase1_v2/latency/hit/L1/base_independent_sequential_summary_20260916T043916Z.csv
-- rep1 (seed=12346) --
  wrote 1002 lines -> data_raw/hazel_icelake_6326/phase1_v2/latency/hit/L1/hit_latency_rep1_dependent_random_20260916T043916Z.csv (mode=dependent pattern=random seed=12346)
Wrote 1 summary rows to data_processed/hazel_icelake_6326/phase1_v2/latency/hit/L1/rep1_dependent_random_summary_20260916T043916Z.csv
  wrote 1002 lines -> data_raw/hazel_icelake_6326/phase1_v2/latency/hit/L1/hit_latency_rep1_dependent_sequential_20260916T043916Z.csv (mode=dependent pattern=sequential seed=12346)
Wrote 1 summary rows to data_processed/hazel_icelake_6326/phase1_v2/latency/hit/L1/rep1_dependent_sequential_summary_20260916T043916Z.csv
  wrote 1002 lines -> data_raw/hazel_icelake_6326/phase1_v2/latency/hit/L1/hit_latency_rep1_independent_random_20260916T043916Z.csv (mode=independent pattern=random seed=12346)
Wrote 1 summary rows to data_processed/hazel_icelake_6326/phase1_v2/latency/hit/L1/rep1_independent_random_summary_20260916T043916Z.csv
  wrote 1002 lines -> data_raw/hazel_icelake_6326/phase1_v2/latency/hit/L1/hit_latency_rep1_independent_sequential_20260916T043916Z.csv (mode=independent pattern=sequential seed=12346)
Wrote 1 summary rows to data_processed/hazel_icelake_6326/phase1_v2/latency/hit/L1/rep1_independent_sequential_summary_20260916T043916Z.csv
-- rep2 (seed=12347) --
  wrote 1002 lines -> data_raw/hazel_icelake_6326/phase1_v2/latency/hit/L1/hit_latency_rep2_dependent_random_20260916T043916Z.csv (mode=dependent pattern=random seed=12347)
Wrote 1 summary rows to data_processed/hazel_icelake_6326/phase1_v2/latency/hit/L1/rep2_dependent_random_summary_20260916T043916Z.csv
  wrote 1002 lines -> data_raw/hazel_icelake_6326/phase1_v2/latency/hit/L1/hit_latency_rep2_dependent_sequential_20260916T043916Z.csv (mode=dependent pattern=sequential seed=12347)
Wrote 1 summary rows to data_processed/hazel_icelake_6326/phase1_v2/latency/hit/L1/rep2_dependent_sequential_summary_20260916T043916Z.csv
  wrote 1002 lines -> data_raw/hazel_icelake_6326/phase1_v2/latency/hit/L1/hit_latency_rep2_independent_random_20260916T043916Z.csv (mode=independent pattern=random seed=12347)
Wrote 1 summary rows to data_processed/hazel_icelake_6326/phase1_v2/latency/hit/L1/rep2_independent_random_summary_20260916T043916Z.csv
  wrote 1002 lines -> data_raw/hazel_icelake_6326/phase1_v2/latency/hit/L1/hit_latency_rep2_independent_sequential_20260916T043916Z.csv (mode=independent pattern=sequential seed=12347)
Wrote 1 summary rows to data_processed/hazel_icelake_6326/phase1_v2/latency/hit/L1/rep2_independent_sequential_summary_20260916T043916Z.csv
-- generating plots for L1 --
  note: ('dependent', 'sequential') has 3 overlapping summary rows with medians [26.9, 27.9, 17.7] (spread 10.2 ticks, 42.1%) -- averaging, widening whiskers to the union
random: independent < dependent (22.01 vs 33.41 ticks) [expected]
sequential: independent < dependent (22.54 vs 24.17 ticks) [expected]
Wrote data_processed/hazel_icelake_6326/phase1_v2/latency/hit/L1/plots/hit_latency_boxplots.pdf and .png
-- compressing raw CSVs for L1 --

== level L2: footprint_bytes=1310720 ==
-- base (seed=12345) --
  wrote 1002 lines -> data_raw/hazel_icelake_6326/phase1_v2/latency/hit/L2/hit_latency_base_dependent_random_20260916T043916Z.csv (mode=dependent pattern=random seed=12345)
Wrote 1 summary rows to data_processed/hazel_icelake_6326/phase1_v2/latency/hit/L2/base_dependent_random_summary_20260916T043916Z.csv
  wrote 1002 lines -> data_raw/hazel_icelake_6326/phase1_v2/latency/hit/L2/hit_latency_base_dependent_sequential_20260916T043916Z.csv (mode=dependent pattern=sequential seed=12345)
Wrote 1 summary rows to data_processed/hazel_icelake_6326/phase1_v2/latency/hit/L2/base_dependent_sequential_summary_20260916T043916Z.csv
  wrote 1002 lines -> data_raw/hazel_icelake_6326/phase1_v2/latency/hit/L2/hit_latency_base_independent_random_20260916T043916Z.csv (mode=independent pattern=random seed=12345)
Wrote 1 summary rows to data_processed/hazel_icelake_6326/phase1_v2/latency/hit/L2/base_independent_random_summary_20260916T043916Z.csv
  wrote 1002 lines -> data_raw/hazel_icelake_6326/phase1_v2/latency/hit/L2/hit_latency_base_independent_sequential_20260916T043916Z.csv (mode=independent pattern=sequential seed=12345)
Wrote 1 summary rows to data_processed/hazel_icelake_6326/phase1_v2/latency/hit/L2/base_independent_sequential_summary_20260916T043916Z.csv
-- rep1 (seed=12346) --
  wrote 1002 lines -> data_raw/hazel_icelake_6326/phase1_v2/latency/hit/L2/hit_latency_rep1_dependent_random_20260916T043916Z.csv (mode=dependent pattern=random seed=12346)
Wrote 1 summary rows to data_processed/hazel_icelake_6326/phase1_v2/latency/hit/L2/rep1_dependent_random_summary_20260916T043916Z.csv
  wrote 1002 lines -> data_raw/hazel_icelake_6326/phase1_v2/latency/hit/L2/hit_latency_rep1_dependent_sequential_20260916T043916Z.csv (mode=dependent pattern=sequential seed=12346)
Wrote 1 summary rows to data_processed/hazel_icelake_6326/phase1_v2/latency/hit/L2/rep1_dependent_sequential_summary_20260916T043916Z.csv
  wrote 1002 lines -> data_raw/hazel_icelake_6326/phase1_v2/latency/hit/L2/hit_latency_rep1_independent_random_20260916T043916Z.csv (mode=independent pattern=random seed=12346)
Wrote 1 summary rows to data_processed/hazel_icelake_6326/phase1_v2/latency/hit/L2/rep1_independent_random_summary_20260916T043916Z.csv
  wrote 1002 lines -> data_raw/hazel_icelake_6326/phase1_v2/latency/hit/L2/hit_latency_rep1_independent_sequential_20260916T043916Z.csv (mode=independent pattern=sequential seed=12346)
Wrote 1 summary rows to data_processed/hazel_icelake_6326/phase1_v2/latency/hit/L2/rep1_independent_sequential_summary_20260916T043916Z.csv
-- rep2 (seed=12347) --
  wrote 1002 lines -> data_raw/hazel_icelake_6326/phase1_v2/latency/hit/L2/hit_latency_rep2_dependent_random_20260916T043916Z.csv (mode=dependent pattern=random seed=12347)
Wrote 1 summary rows to data_processed/hazel_icelake_6326/phase1_v2/latency/hit/L2/rep2_dependent_random_summary_20260916T043916Z.csv
  wrote 1002 lines -> data_raw/hazel_icelake_6326/phase1_v2/latency/hit/L2/hit_latency_rep2_dependent_sequential_20260916T043916Z.csv (mode=dependent pattern=sequential seed=12347)
Wrote 1 summary rows to data_processed/hazel_icelake_6326/phase1_v2/latency/hit/L2/rep2_dependent_sequential_summary_20260916T043916Z.csv
  wrote 1002 lines -> data_raw/hazel_icelake_6326/phase1_v2/latency/hit/L2/hit_latency_rep2_independent_random_20260916T043916Z.csv (mode=independent pattern=random seed=12347)
Wrote 1 summary rows to data_processed/hazel_icelake_6326/phase1_v2/latency/hit/L2/rep2_independent_random_summary_20260916T043916Z.csv
  wrote 1002 lines -> data_raw/hazel_icelake_6326/phase1_v2/latency/hit/L2/hit_latency_rep2_independent_sequential_20260916T043916Z.csv (mode=independent pattern=sequential seed=12347)
Wrote 1 summary rows to data_processed/hazel_icelake_6326/phase1_v2/latency/hit/L2/rep2_independent_sequential_summary_20260916T043916Z.csv
-- generating plots for L2 --
  note: ('independent', 'random') has 3 overlapping summary rows with medians [12.0, 14.6, 11.6] (spread 3.0 ticks, 23.5%) -- averaging, widening whiskers to the union
  note: ('independent', 'sequential') has 3 overlapping summary rows with medians [16.5, 22.7, 16.8] (spread 6.3 ticks, 33.5%) -- averaging, widening whiskers to the union
random: independent < dependent (12.71 vs 32.27 ticks) [expected]
sequential: independent < dependent (18.68 vs 24.93 ticks) [expected]
Wrote data_processed/hazel_icelake_6326/phase1_v2/latency/hit/L2/plots/hit_latency_boxplots.pdf and .png
-- compressing raw CSVs for L2 --

== level LLC: footprint_bytes=25874000 ==
-- base (seed=12345) --
  wrote 1002 lines -> data_raw/hazel_icelake_6326/phase1_v2/latency/hit/LLC/hit_latency_base_dependent_random_20260916T043916Z.csv (mode=dependent pattern=random seed=12345)
Wrote 1 summary rows to data_processed/hazel_icelake_6326/phase1_v2/latency/hit/LLC/base_dependent_random_summary_20260916T043916Z.csv
  wrote 1002 lines -> data_raw/hazel_icelake_6326/phase1_v2/latency/hit/LLC/hit_latency_base_dependent_sequential_20260916T043916Z.csv (mode=dependent pattern=sequential seed=12345)
Wrote 1 summary rows to data_processed/hazel_icelake_6326/phase1_v2/latency/hit/LLC/base_dependent_sequential_summary_20260916T043916Z.csv
  wrote 1002 lines -> data_raw/hazel_icelake_6326/phase1_v2/latency/hit/LLC/hit_latency_base_independent_random_20260916T043916Z.csv (mode=independent pattern=random seed=12345)
Wrote 1 summary rows to data_processed/hazel_icelake_6326/phase1_v2/latency/hit/LLC/base_independent_random_summary_20260916T043916Z.csv
  wrote 1002 lines -> data_raw/hazel_icelake_6326/phase1_v2/latency/hit/LLC/hit_latency_base_independent_sequential_20260916T043916Z.csv (mode=independent pattern=sequential seed=12345)
Wrote 1 summary rows to data_processed/hazel_icelake_6326/phase1_v2/latency/hit/LLC/base_independent_sequential_summary_20260916T043916Z.csv
-- rep1 (seed=12346) --
  wrote 1002 lines -> data_raw/hazel_icelake_6326/phase1_v2/latency/hit/LLC/hit_latency_rep1_dependent_random_20260916T043916Z.csv (mode=dependent pattern=random seed=12346)
Wrote 1 summary rows to data_processed/hazel_icelake_6326/phase1_v2/latency/hit/LLC/rep1_dependent_random_summary_20260916T043916Z.csv
  wrote 1002 lines -> data_raw/hazel_icelake_6326/phase1_v2/latency/hit/LLC/hit_latency_rep1_dependent_sequential_20260916T043916Z.csv (mode=dependent pattern=sequential seed=12346)
Wrote 1 summary rows to data_processed/hazel_icelake_6326/phase1_v2/latency/hit/LLC/rep1_dependent_sequential_summary_20260916T043916Z.csv
  wrote 1002 lines -> data_raw/hazel_icelake_6326/phase1_v2/latency/hit/LLC/hit_latency_rep1_independent_random_20260916T043916Z.csv (mode=independent pattern=random seed=12346)
Wrote 1 summary rows to data_processed/hazel_icelake_6326/phase1_v2/latency/hit/LLC/rep1_independent_random_summary_20260916T043916Z.csv
  wrote 1002 lines -> data_raw/hazel_icelake_6326/phase1_v2/latency/hit/LLC/hit_latency_rep1_independent_sequential_20260916T043916Z.csv (mode=independent pattern=sequential seed=12346)
Wrote 1 summary rows to data_processed/hazel_icelake_6326/phase1_v2/latency/hit/LLC/rep1_independent_sequential_summary_20260916T043916Z.csv
-- rep2 (seed=12347) --
  wrote 1002 lines -> data_raw/hazel_icelake_6326/phase1_v2/latency/hit/LLC/hit_latency_rep2_dependent_random_20260916T043916Z.csv (mode=dependent pattern=random seed=12347)
Wrote 1 summary rows to data_processed/hazel_icelake_6326/phase1_v2/latency/hit/LLC/rep2_dependent_random_summary_20260916T043916Z.csv
  wrote 1002 lines -> data_raw/hazel_icelake_6326/phase1_v2/latency/hit/LLC/hit_latency_rep2_dependent_sequential_20260916T043916Z.csv (mode=dependent pattern=sequential seed=12347)
Wrote 1 summary rows to data_processed/hazel_icelake_6326/phase1_v2/latency/hit/LLC/rep2_dependent_sequential_summary_20260916T043916Z.csv
  wrote 1002 lines -> data_raw/hazel_icelake_6326/phase1_v2/latency/hit/LLC/hit_latency_rep2_independent_random_20260916T043916Z.csv (mode=independent pattern=random seed=12347)
Wrote 1 summary rows to data_processed/hazel_icelake_6326/phase1_v2/latency/hit/LLC/rep2_independent_random_summary_20260916T043916Z.csv
  wrote 1002 lines -> data_raw/hazel_icelake_6326/phase1_v2/latency/hit/LLC/hit_latency_rep2_independent_sequential_20260916T043916Z.csv (mode=independent pattern=sequential seed=12347)
Wrote 1 summary rows to data_processed/hazel_icelake_6326/phase1_v2/latency/hit/LLC/rep2_independent_sequential_summary_20260916T043916Z.csv
-- generating plots for LLC --
random: independent < dependent (38.70 vs 205.30 ticks) [expected]
sequential: independent < dependent (8.10 vs 10.07 ticks) [expected]
Wrote data_processed/hazel_icelake_6326/phase1_v2/latency/hit/LLC/plots/hit_latency_boxplots.pdf and .png
-- compressing raw CSVs for LLC --

== level DRAM: footprint_bytes=536870912 ==
-- base (seed=12345) --
  wrote 1002 lines -> data_raw/hazel_icelake_6326/phase1_v2/latency/hit/DRAM/hit_latency_base_dependent_random_20260916T043916Z.csv (mode=dependent pattern=random seed=12345)
Wrote 1 summary rows to data_processed/hazel_icelake_6326/phase1_v2/latency/hit/DRAM/base_dependent_random_summary_20260916T043916Z.csv
  wrote 1002 lines -> data_raw/hazel_icelake_6326/phase1_v2/latency/hit/DRAM/hit_latency_base_dependent_sequential_20260916T043916Z.csv (mode=dependent pattern=sequential seed=12345)
Wrote 1 summary rows to data_processed/hazel_icelake_6326/phase1_v2/latency/hit/DRAM/base_dependent_sequential_summary_20260916T043916Z.csv
  wrote 1002 lines -> data_raw/hazel_icelake_6326/phase1_v2/latency/hit/DRAM/hit_latency_base_independent_random_20260916T043916Z.csv (mode=independent pattern=random seed=12345)
Wrote 1 summary rows to data_processed/hazel_icelake_6326/phase1_v2/latency/hit/DRAM/base_independent_random_summary_20260916T043916Z.csv
  wrote 1002 lines -> data_raw/hazel_icelake_6326/phase1_v2/latency/hit/DRAM/hit_latency_base_independent_sequential_20260916T043916Z.csv (mode=independent pattern=sequential seed=12345)
Wrote 1 summary rows to data_processed/hazel_icelake_6326/phase1_v2/latency/hit/DRAM/base_independent_sequential_summary_20260916T043916Z.csv
-- rep1 (seed=12346) --
  wrote 1002 lines -> data_raw/hazel_icelake_6326/phase1_v2/latency/hit/DRAM/hit_latency_rep1_dependent_random_20260916T043916Z.csv (mode=dependent pattern=random seed=12346)
Wrote 1 summary rows to data_processed/hazel_icelake_6326/phase1_v2/latency/hit/DRAM/rep1_dependent_random_summary_20260916T043916Z.csv
  wrote 1002 lines -> data_raw/hazel_icelake_6326/phase1_v2/latency/hit/DRAM/hit_latency_rep1_dependent_sequential_20260916T043916Z.csv (mode=dependent pattern=sequential seed=12346)
Wrote 1 summary rows to data_processed/hazel_icelake_6326/phase1_v2/latency/hit/DRAM/rep1_dependent_sequential_summary_20260916T043916Z.csv
  wrote 1002 lines -> data_raw/hazel_icelake_6326/phase1_v2/latency/hit/DRAM/hit_latency_rep1_independent_random_20260916T043916Z.csv (mode=independent pattern=random seed=12346)
Wrote 1 summary rows to data_processed/hazel_icelake_6326/phase1_v2/latency/hit/DRAM/rep1_independent_random_summary_20260916T043916Z.csv
  wrote 1002 lines -> data_raw/hazel_icelake_6326/phase1_v2/latency/hit/DRAM/hit_latency_rep1_independent_sequential_20260916T043916Z.csv (mode=independent pattern=sequential seed=12346)
Wrote 1 summary rows to data_processed/hazel_icelake_6326/phase1_v2/latency/hit/DRAM/rep1_independent_sequential_summary_20260916T043916Z.csv
-- rep2 (seed=12347) --
  wrote 1002 lines -> data_raw/hazel_icelake_6326/phase1_v2/latency/hit/DRAM/hit_latency_rep2_dependent_random_20260916T043916Z.csv (mode=dependent pattern=random seed=12347)
Wrote 1 summary rows to data_processed/hazel_icelake_6326/phase1_v2/latency/hit/DRAM/rep2_dependent_random_summary_20260916T043916Z.csv
  wrote 1002 lines -> data_raw/hazel_icelake_6326/phase1_v2/latency/hit/DRAM/hit_latency_rep2_dependent_sequential_20260916T043916Z.csv (mode=dependent pattern=sequential seed=12347)
Wrote 1 summary rows to data_processed/hazel_icelake_6326/phase1_v2/latency/hit/DRAM/rep2_dependent_sequential_summary_20260916T043916Z.csv
  wrote 1002 lines -> data_raw/hazel_icelake_6326/phase1_v2/latency/hit/DRAM/hit_latency_rep2_independent_random_20260916T043916Z.csv (mode=independent pattern=random seed=12347)
Wrote 1 summary rows to data_processed/hazel_icelake_6326/phase1_v2/latency/hit/DRAM/rep2_independent_random_summary_20260916T043916Z.csv
  wrote 1002 lines -> data_raw/hazel_icelake_6326/phase1_v2/latency/hit/DRAM/hit_latency_rep2_independent_sequential_20260916T043916Z.csv (mode=independent pattern=sequential seed=12347)
Wrote 1 summary rows to data_processed/hazel_icelake_6326/phase1_v2/latency/hit/DRAM/rep2_independent_sequential_summary_20260916T043916Z.csv
-- generating plots for DRAM --
random: independent < dependent (43.30 vs 261.88 ticks) [expected]
sequential: independent < dependent (7.08 vs 8.45 ticks) [expected]
Wrote data_processed/hazel_icelake_6326/phase1_v2/latency/hit/DRAM/plots/hit_latency_boxplots.pdf and .png
-- compressing raw CSVs for DRAM --

== done ==
== L1: footprint_bytes=65536 ==
== L2: footprint_bytes=1310720 ==
== LLC: footprint_bytes=25874000 ==
== DRAM: footprint_bytes=536870912 ==
== record in data_raw/hazel_icelake_6326/phase1_v2/README.md: core=31, base_seed=12345 (repeats use base_seed+index), samples=1000000, timestamp=20260916T043916Z ==
== full transcript saved to: data_raw/hazel_icelake_6326/phase1_v2/latency/run_hit_latency_full_20260916T043916Z.log ==

=== Done ===

------------------------------------------------------------
Resource usage summary:

    Job ID            : 848767
    Job name          : hw1_hitlat_relook
    User / Account    : krchen / ece592f26_cpu
    Partition / QOS   : compute_partners / short
    Submitted         : 2026-09-16T00:34:12
    Started           : 2026-09-16T00:39:16
    Wait time         : 304 sec
    Elapsed (wall)    : 00:02:57
    Nodes             : 1 (c060n02)
    CPUs allocated    : 1
    Tasks             : 1
    CPU time (total)  : 162.50 sec  (user 157.30, sys 5.20)
    CPU efficiency    : 91.8%
    Memory in use     : 1.01 GB  (sampled at job end; see seff for peak)
    Memory requested  : 8G
    Working directory : /gpfs_common/share01/titan/krchen/Proj1-Cache-Reverse-Engineering
    Exit code         : 0:0

    For final accounting (Slurm's MaxRSS, billing, etc.):  seff 848767
------------------------------------------------------------
