=== Machine identification (Phase Discipline whitelist only) ===
c060n02
Linux c060n02 5.14.0-611.5.1.el9_7.x86_64 #1 SMP PREEMPT_DYNAMIC Fri Oct 17 14:16:35 EDT 2025 x86_64 x86_64 x86_64 GNU/Linux
model name	: Intel(R) Xeon(R) Gold 6326 CPU @ 2.90GHz
Assigned core (informational): 0, SLURM_JOB_ID=848765

=== Running scripts/run_line_size.sh (HAZEL_MODE=1) for hazel_icelake_6326/phase1_v2, boundaries=65536,1310720,25874000 ===
== run_line_size: machine=hazel_icelake_6326/phase1_v2 core=0 seed=12345 ==
== timestamp=20260916T043442Z boundaries=65536,1310720,25874000 coarse_strides=8,16,32,64,128,256 ==

############################################################
## LEVEL boundary=65536B -- Method A window=[8192,262144] bytes
############################################################
-- [L65536 A coarse] stride=8B pattern=random offset=0B --
  wrote 31002 lines -> data_raw/hazel_icelake_6326/phase1_v2/line_size/level_65536/family_8_random_20260916T043442Z.csv
Wrote 31 summary rows to data_processed/hazel_icelake_6326/phase1_v2/line_size/level_65536/family_8_random_summary.csv
-- [L65536 A coarse] stride=8B pattern=sequential offset=0B --
  wrote 31002 lines -> data_raw/hazel_icelake_6326/phase1_v2/line_size/level_65536/family_8_sequential_20260916T043442Z.csv
Wrote 31 summary rows to data_processed/hazel_icelake_6326/phase1_v2/line_size/level_65536/family_8_sequential_summary.csv
-- [L65536 A coarse] stride=16B pattern=random offset=0B --
  wrote 31002 lines -> data_raw/hazel_icelake_6326/phase1_v2/line_size/level_65536/family_16_random_20260916T043442Z.csv
Wrote 31 summary rows to data_processed/hazel_icelake_6326/phase1_v2/line_size/level_65536/family_16_random_summary.csv
-- [L65536 A coarse] stride=16B pattern=sequential offset=0B --
  wrote 31002 lines -> data_raw/hazel_icelake_6326/phase1_v2/line_size/level_65536/family_16_sequential_20260916T043442Z.csv
Wrote 31 summary rows to data_processed/hazel_icelake_6326/phase1_v2/line_size/level_65536/family_16_sequential_summary.csv
-- [L65536 A coarse] stride=32B pattern=random offset=0B --
  wrote 31002 lines -> data_raw/hazel_icelake_6326/phase1_v2/line_size/level_65536/family_32_random_20260916T043442Z.csv
Wrote 31 summary rows to data_processed/hazel_icelake_6326/phase1_v2/line_size/level_65536/family_32_random_summary.csv
-- [L65536 A coarse] stride=32B pattern=sequential offset=0B --
  wrote 31002 lines -> data_raw/hazel_icelake_6326/phase1_v2/line_size/level_65536/family_32_sequential_20260916T043442Z.csv
Wrote 31 summary rows to data_processed/hazel_icelake_6326/phase1_v2/line_size/level_65536/family_32_sequential_summary.csv
-- [L65536 A coarse] stride=64B pattern=random offset=0B --
  wrote 31002 lines -> data_raw/hazel_icelake_6326/phase1_v2/line_size/level_65536/family_64_random_20260916T043442Z.csv
Wrote 31 summary rows to data_processed/hazel_icelake_6326/phase1_v2/line_size/level_65536/family_64_random_summary.csv
-- [L65536 A coarse] stride=64B pattern=sequential offset=0B --
  wrote 31002 lines -> data_raw/hazel_icelake_6326/phase1_v2/line_size/level_65536/family_64_sequential_20260916T043442Z.csv
Wrote 31 summary rows to data_processed/hazel_icelake_6326/phase1_v2/line_size/level_65536/family_64_sequential_summary.csv
-- [L65536 A coarse] stride=128B pattern=random offset=0B --
  wrote 31002 lines -> data_raw/hazel_icelake_6326/phase1_v2/line_size/level_65536/family_128_random_20260916T043442Z.csv
Wrote 31 summary rows to data_processed/hazel_icelake_6326/phase1_v2/line_size/level_65536/family_128_random_summary.csv
-- [L65536 A coarse] stride=128B pattern=sequential offset=0B --
  wrote 31002 lines -> data_raw/hazel_icelake_6326/phase1_v2/line_size/level_65536/family_128_sequential_20260916T043442Z.csv
Wrote 31 summary rows to data_processed/hazel_icelake_6326/phase1_v2/line_size/level_65536/family_128_sequential_summary.csv
-- [L65536 A coarse] stride=256B pattern=random offset=0B --
  wrote 31002 lines -> data_raw/hazel_icelake_6326/phase1_v2/line_size/level_65536/family_256_random_20260916T043442Z.csv
Wrote 31 summary rows to data_processed/hazel_icelake_6326/phase1_v2/line_size/level_65536/family_256_random_summary.csv
-- [L65536 A coarse] stride=256B pattern=sequential offset=0B --
  wrote 31002 lines -> data_raw/hazel_icelake_6326/phase1_v2/line_size/level_65536/family_256_sequential_20260916T043442Z.csv
Wrote 31 summary rows to data_processed/hazel_icelake_6326/phase1_v2/line_size/level_65536/family_256_sequential_summary.csv
-- [L65536 A steps 1-3] generating coarse family-of-curves plots --
Wrote data_processed/hazel_icelake_6326/phase1_v2/line_size/level_65536/plots/line_size_family_curve.pdf and .png
-- per-stride elbow (bytes): {8B: None, 16B: None, 32B: None, 64B: None, 128B: None, 256B: None}
-- no candidate stride's elbow agreed with the largest tested stride's within the swept footprint range -- either every tested stride is below the true line size, or the footprint ceiling needs raising
Wrote data_processed/hazel_icelake_6326/phase1_v2/line_size/level_65536/plots/line_size_family_boxplots.pdf and .png
   (the per-stride elbow / line-size-estimate lines just above are
   plot_line_size_family.py's own diagnostic guess from ONE un-repeated coarse
   sweep -- NOT auto-applied below; see data_processed/hazel_icelake_6326/phase1_v2/line_size/level_65536/plots/line_size_family_curve.png
   and decide the step-4 candidate yourself)
== [L65536 A] no candidate given for this level -- inspect
   data_processed/hazel_icelake_6326/phase1_v2/line_size/level_65536/plots/line_size_family_curve.png yourself and re-run with an
   explicit candidate stride in candidate_overrides_csv for this level (no
   auto-detection: it proved unreliable across runs/cores, see the script's
   header comment). Skipping Method-A step 4.

-- [L65536 B] single-curve method, footprint_bytes=131072 (2.0x boundary) --
-- [L65536 B coarse] stride 8-1024 bytes (step 8) --
  wrote 128002 lines -> data_raw/hazel_icelake_6326/phase1_v2/line_size/level_65536/singlecurve_coarse_random_20260916T043442Z.csv
  wrote 128002 lines -> data_raw/hazel_icelake_6326/phase1_v2/line_size/level_65536/singlecurve_coarse_sequential_20260916T043442Z.csv
Wrote 128 summary rows to data_processed/hazel_icelake_6326/phase1_v2/line_size/level_65536/singlecurve_coarse_random_summary.csv
Wrote 128 summary rows to data_processed/hazel_icelake_6326/phase1_v2/line_size/level_65536/singlecurve_coarse_sequential_summary.csv
-- [L65536 B] detected line-size estimate (bytes): none --
-- [L65536 B] no transition detected in the coarse sweep; skipping dense/repeat stages --
-- [L65536 B] generating single-curve plots --
  note: flagged 4 isolated spike stride(s) as probable page-aliasing artifacts: [8, 256, 512, 1024]
Wrote data_processed/hazel_icelake_6326/phase1_v2/line_size/level_65536/plots/line_size_curve.pdf and .png
Wrote data_processed/hazel_icelake_6326/phase1_v2/line_size/level_65536/plots/line_size_boxplots.pdf and .png
-- compressing raw CSVs for level 65536 --

############################################################
## LEVEL boundary=1310720B -- Method A window=[163840,5242880] bytes
############################################################
-- [L1310720 A coarse] stride=8B pattern=random offset=0B --
  wrote 31002 lines -> data_raw/hazel_icelake_6326/phase1_v2/line_size/level_1310720/family_8_random_20260916T043442Z.csv
Wrote 31 summary rows to data_processed/hazel_icelake_6326/phase1_v2/line_size/level_1310720/family_8_random_summary.csv
-- [L1310720 A coarse] stride=8B pattern=sequential offset=0B --
  wrote 31002 lines -> data_raw/hazel_icelake_6326/phase1_v2/line_size/level_1310720/family_8_sequential_20260916T043442Z.csv
Wrote 31 summary rows to data_processed/hazel_icelake_6326/phase1_v2/line_size/level_1310720/family_8_sequential_summary.csv
-- [L1310720 A coarse] stride=16B pattern=random offset=0B --
  wrote 31002 lines -> data_raw/hazel_icelake_6326/phase1_v2/line_size/level_1310720/family_16_random_20260916T043442Z.csv
Wrote 31 summary rows to data_processed/hazel_icelake_6326/phase1_v2/line_size/level_1310720/family_16_random_summary.csv
-- [L1310720 A coarse] stride=16B pattern=sequential offset=0B --
  wrote 31002 lines -> data_raw/hazel_icelake_6326/phase1_v2/line_size/level_1310720/family_16_sequential_20260916T043442Z.csv
Wrote 31 summary rows to data_processed/hazel_icelake_6326/phase1_v2/line_size/level_1310720/family_16_sequential_summary.csv
-- [L1310720 A coarse] stride=32B pattern=random offset=0B --
  wrote 31002 lines -> data_raw/hazel_icelake_6326/phase1_v2/line_size/level_1310720/family_32_random_20260916T043442Z.csv
Wrote 31 summary rows to data_processed/hazel_icelake_6326/phase1_v2/line_size/level_1310720/family_32_random_summary.csv
-- [L1310720 A coarse] stride=32B pattern=sequential offset=0B --
  wrote 31002 lines -> data_raw/hazel_icelake_6326/phase1_v2/line_size/level_1310720/family_32_sequential_20260916T043442Z.csv
Wrote 31 summary rows to data_processed/hazel_icelake_6326/phase1_v2/line_size/level_1310720/family_32_sequential_summary.csv
-- [L1310720 A coarse] stride=64B pattern=random offset=0B --
  wrote 31002 lines -> data_raw/hazel_icelake_6326/phase1_v2/line_size/level_1310720/family_64_random_20260916T043442Z.csv
Wrote 31 summary rows to data_processed/hazel_icelake_6326/phase1_v2/line_size/level_1310720/family_64_random_summary.csv
-- [L1310720 A coarse] stride=64B pattern=sequential offset=0B --
  wrote 31002 lines -> data_raw/hazel_icelake_6326/phase1_v2/line_size/level_1310720/family_64_sequential_20260916T043442Z.csv
Wrote 31 summary rows to data_processed/hazel_icelake_6326/phase1_v2/line_size/level_1310720/family_64_sequential_summary.csv
-- [L1310720 A coarse] stride=128B pattern=random offset=0B --
  wrote 31002 lines -> data_raw/hazel_icelake_6326/phase1_v2/line_size/level_1310720/family_128_random_20260916T043442Z.csv
Wrote 31 summary rows to data_processed/hazel_icelake_6326/phase1_v2/line_size/level_1310720/family_128_random_summary.csv
-- [L1310720 A coarse] stride=128B pattern=sequential offset=0B --
  wrote 31002 lines -> data_raw/hazel_icelake_6326/phase1_v2/line_size/level_1310720/family_128_sequential_20260916T043442Z.csv
Wrote 31 summary rows to data_processed/hazel_icelake_6326/phase1_v2/line_size/level_1310720/family_128_sequential_summary.csv
-- [L1310720 A coarse] stride=256B pattern=random offset=0B --
  wrote 31002 lines -> data_raw/hazel_icelake_6326/phase1_v2/line_size/level_1310720/family_256_random_20260916T043442Z.csv
Wrote 31 summary rows to data_processed/hazel_icelake_6326/phase1_v2/line_size/level_1310720/family_256_random_summary.csv
-- [L1310720 A coarse] stride=256B pattern=sequential offset=0B --
  wrote 31002 lines -> data_raw/hazel_icelake_6326/phase1_v2/line_size/level_1310720/family_256_sequential_20260916T043442Z.csv
Wrote 31 summary rows to data_processed/hazel_icelake_6326/phase1_v2/line_size/level_1310720/family_256_sequential_summary.csv
-- [L1310720 A steps 1-3] generating coarse family-of-curves plots --
Wrote data_processed/hazel_icelake_6326/phase1_v2/line_size/level_1310720/plots/line_size_family_curve.pdf and .png
-- per-stride elbow (bytes): {8B: 2942464, 16B: 2942464, 32B: 2080608, 64B: 1853632, 128B: 1853568, 256B: 1853440}
-- line-size estimate: smallest candidate stride whose elbow agrees with largest tested stride (~1853440 bytes) is 32B -- see infer_line_size's docstring caveat on the fixed grid resolution before citing this as a clean line-size number on its own
Wrote data_processed/hazel_icelake_6326/phase1_v2/line_size/level_1310720/plots/line_size_family_boxplots.pdf and .png
   (the per-stride elbow / line-size-estimate lines just above are
   plot_line_size_family.py's own diagnostic guess from ONE un-repeated coarse
   sweep -- NOT auto-applied below; see data_processed/hazel_icelake_6326/phase1_v2/line_size/level_1310720/plots/line_size_family_curve.png
   and decide the step-4 candidate yourself)
== [L1310720 A] no candidate given for this level -- inspect
   data_processed/hazel_icelake_6326/phase1_v2/line_size/level_1310720/plots/line_size_family_curve.png yourself and re-run with an
   explicit candidate stride in candidate_overrides_csv for this level (no
   auto-detection: it proved unreliable across runs/cores, see the script's
   header comment). Skipping Method-A step 4.

-- [L1310720 B] single-curve method, footprint_bytes=2621440 (2.0x boundary) --
-- [L1310720 B coarse] stride 8-1024 bytes (step 8) --
  wrote 128002 lines -> data_raw/hazel_icelake_6326/phase1_v2/line_size/level_1310720/singlecurve_coarse_random_20260916T043442Z.csv
  wrote 128002 lines -> data_raw/hazel_icelake_6326/phase1_v2/line_size/level_1310720/singlecurve_coarse_sequential_20260916T043442Z.csv
Wrote 128 summary rows to data_processed/hazel_icelake_6326/phase1_v2/line_size/level_1310720/singlecurve_coarse_random_summary.csv
Wrote 128 summary rows to data_processed/hazel_icelake_6326/phase1_v2/line_size/level_1310720/singlecurve_coarse_sequential_summary.csv
-- [L1310720 B] detected line-size estimate (bytes): none --
-- [L1310720 B] no transition detected in the coarse sweep; skipping dense/repeat stages --
-- [L1310720 B] generating single-curve plots --
  note: flagged 5 isolated spike stride(s) as probable page-aliasing artifacts: [8, 128, 256, 512, 1024]
Wrote data_processed/hazel_icelake_6326/phase1_v2/line_size/level_1310720/plots/line_size_curve.pdf and .png
Wrote data_processed/hazel_icelake_6326/phase1_v2/line_size/level_1310720/plots/line_size_boxplots.pdf and .png
-- compressing raw CSVs for level 1310720 --

############################################################
## LEVEL boundary=25874000B -- Method A window=[3234250,103496000] bytes
############################################################
-- [L25874000 A coarse] stride=8B pattern=random offset=0B --
  wrote 31002 lines -> data_raw/hazel_icelake_6326/phase1_v2/line_size/level_25874000/family_8_random_20260916T043442Z.csv
Wrote 31 summary rows to data_processed/hazel_icelake_6326/phase1_v2/line_size/level_25874000/family_8_random_summary.csv
-- [L25874000 A coarse] stride=8B pattern=sequential offset=0B --
  wrote 31002 lines -> data_raw/hazel_icelake_6326/phase1_v2/line_size/level_25874000/family_8_sequential_20260916T043442Z.csv
Wrote 31 summary rows to data_processed/hazel_icelake_6326/phase1_v2/line_size/level_25874000/family_8_sequential_summary.csv
-- [L25874000 A coarse] stride=16B pattern=random offset=0B --
  wrote 31002 lines -> data_raw/hazel_icelake_6326/phase1_v2/line_size/level_25874000/family_16_random_20260916T043442Z.csv
Wrote 31 summary rows to data_processed/hazel_icelake_6326/phase1_v2/line_size/level_25874000/family_16_random_summary.csv
-- [L25874000 A coarse] stride=16B pattern=sequential offset=0B --
  wrote 31002 lines -> data_raw/hazel_icelake_6326/phase1_v2/line_size/level_25874000/family_16_sequential_20260916T043442Z.csv
Wrote 31 summary rows to data_processed/hazel_icelake_6326/phase1_v2/line_size/level_25874000/family_16_sequential_summary.csv
-- [L25874000 A coarse] stride=32B pattern=random offset=0B --
  wrote 31002 lines -> data_raw/hazel_icelake_6326/phase1_v2/line_size/level_25874000/family_32_random_20260916T043442Z.csv
Wrote 31 summary rows to data_processed/hazel_icelake_6326/phase1_v2/line_size/level_25874000/family_32_random_summary.csv
-- [L25874000 A coarse] stride=32B pattern=sequential offset=0B --
  wrote 31002 lines -> data_raw/hazel_icelake_6326/phase1_v2/line_size/level_25874000/family_32_sequential_20260916T043442Z.csv
Wrote 31 summary rows to data_processed/hazel_icelake_6326/phase1_v2/line_size/level_25874000/family_32_sequential_summary.csv
-- [L25874000 A coarse] stride=64B pattern=random offset=0B --
  wrote 31002 lines -> data_raw/hazel_icelake_6326/phase1_v2/line_size/level_25874000/family_64_random_20260916T043442Z.csv
Wrote 31 summary rows to data_processed/hazel_icelake_6326/phase1_v2/line_size/level_25874000/family_64_random_summary.csv
-- [L25874000 A coarse] stride=64B pattern=sequential offset=0B --
  wrote 31002 lines -> data_raw/hazel_icelake_6326/phase1_v2/line_size/level_25874000/family_64_sequential_20260916T043442Z.csv
Wrote 31 summary rows to data_processed/hazel_icelake_6326/phase1_v2/line_size/level_25874000/family_64_sequential_summary.csv
-- [L25874000 A coarse] stride=128B pattern=random offset=0B --
  wrote 31002 lines -> data_raw/hazel_icelake_6326/phase1_v2/line_size/level_25874000/family_128_random_20260916T043442Z.csv
Wrote 31 summary rows to data_processed/hazel_icelake_6326/phase1_v2/line_size/level_25874000/family_128_random_summary.csv
-- [L25874000 A coarse] stride=128B pattern=sequential offset=0B --
  wrote 31002 lines -> data_raw/hazel_icelake_6326/phase1_v2/line_size/level_25874000/family_128_sequential_20260916T043442Z.csv
Wrote 31 summary rows to data_processed/hazel_icelake_6326/phase1_v2/line_size/level_25874000/family_128_sequential_summary.csv
-- [L25874000 A coarse] stride=256B pattern=random offset=0B --
  wrote 31002 lines -> data_raw/hazel_icelake_6326/phase1_v2/line_size/level_25874000/family_256_random_20260916T043442Z.csv
Wrote 31 summary rows to data_processed/hazel_icelake_6326/phase1_v2/line_size/level_25874000/family_256_random_summary.csv
-- [L25874000 A coarse] stride=256B pattern=sequential offset=0B --
  wrote 31002 lines -> data_raw/hazel_icelake_6326/phase1_v2/line_size/level_25874000/family_256_sequential_20260916T043442Z.csv
Wrote 31 summary rows to data_processed/hazel_icelake_6326/phase1_v2/line_size/level_25874000/family_256_sequential_summary.csv
-- [L25874000 A steps 1-3] generating coarse family-of-curves plots --
Wrote data_processed/hazel_icelake_6326/phase1_v2/line_size/level_25874000/plots/line_size_family_curve.pdf and .png
-- per-stride elbow (bytes): {8B: 58085160, 16B: 41072400, 32B: 41072384, 64B: 46102208, 128B: 20536192, 256B: 25873920}
-- line-size estimate: smallest candidate stride whose elbow agrees with largest tested stride (~25873920 bytes) is 256B -- see infer_line_size's docstring caveat on the fixed grid resolution before citing this as a clean line-size number on its own
Wrote data_processed/hazel_icelake_6326/phase1_v2/line_size/level_25874000/plots/line_size_family_boxplots.pdf and .png
   (the per-stride elbow / line-size-estimate lines just above are
   plot_line_size_family.py's own diagnostic guess from ONE un-repeated coarse
   sweep -- NOT auto-applied below; see data_processed/hazel_icelake_6326/phase1_v2/line_size/level_25874000/plots/line_size_family_curve.png
   and decide the step-4 candidate yourself)
== [L25874000 A] no candidate given for this level -- inspect
   data_processed/hazel_icelake_6326/phase1_v2/line_size/level_25874000/plots/line_size_family_curve.png yourself and re-run with an
   explicit candidate stride in candidate_overrides_csv for this level (no
   auto-detection: it proved unreliable across runs/cores, see the script's
   header comment). Skipping Method-A step 4.

-- [L25874000 B] single-curve method, footprint_bytes=51748000 (2.0x boundary) --
-- [L25874000 B coarse] stride 8-1024 bytes (step 8) --
  wrote 128002 lines -> data_raw/hazel_icelake_6326/phase1_v2/line_size/level_25874000/singlecurve_coarse_random_20260916T043442Z.csv
  wrote 128002 lines -> data_raw/hazel_icelake_6326/phase1_v2/line_size/level_25874000/singlecurve_coarse_sequential_20260916T043442Z.csv
Wrote 128 summary rows to data_processed/hazel_icelake_6326/phase1_v2/line_size/level_25874000/singlecurve_coarse_random_summary.csv
Wrote 128 summary rows to data_processed/hazel_icelake_6326/phase1_v2/line_size/level_25874000/singlecurve_coarse_sequential_summary.csv
-- [L25874000 B] detected line-size estimate (bytes): 32 --
-- [L25874000 B] dense sweep around estimate 32 bytes: 16-65 (step 1) --
  wrote 50002 lines -> data_raw/hazel_icelake_6326/phase1_v2/line_size/level_25874000/singlecurve_dense_random_20260916T043442Z.csv
  wrote 50002 lines -> data_raw/hazel_icelake_6326/phase1_v2/line_size/level_25874000/singlecurve_dense_sequential_20260916T043442Z.csv
Wrote 50 summary rows to data_processed/hazel_icelake_6326/phase1_v2/line_size/level_25874000/singlecurve_dense_random_summary.csv
Wrote 50 summary rows to data_processed/hazel_icelake_6326/phase1_v2/line_size/level_25874000/singlecurve_dense_sequential_summary.csv
  -- [L25874000 B] repeat 1/2 of the dense window --
  wrote 50002 lines -> data_raw/hazel_icelake_6326/phase1_v2/line_size/level_25874000/singlecurve_dense_rep1_random_20260916T043442Z.csv
  wrote 50002 lines -> data_raw/hazel_icelake_6326/phase1_v2/line_size/level_25874000/singlecurve_dense_rep1_sequential_20260916T043442Z.csv
Wrote 50 summary rows to data_processed/hazel_icelake_6326/phase1_v2/line_size/level_25874000/singlecurve_dense_rep1_random_summary.csv
Wrote 50 summary rows to data_processed/hazel_icelake_6326/phase1_v2/line_size/level_25874000/singlecurve_dense_rep1_sequential_summary.csv
  -- [L25874000 B] repeat 2/2 of the dense window --
  wrote 50002 lines -> data_raw/hazel_icelake_6326/phase1_v2/line_size/level_25874000/singlecurve_dense_rep2_random_20260916T043442Z.csv
  wrote 50002 lines -> data_raw/hazel_icelake_6326/phase1_v2/line_size/level_25874000/singlecurve_dense_rep2_sequential_20260916T043442Z.csv
Wrote 50 summary rows to data_processed/hazel_icelake_6326/phase1_v2/line_size/level_25874000/singlecurve_dense_rep2_random_summary.csv
Wrote 50 summary rows to data_processed/hazel_icelake_6326/phase1_v2/line_size/level_25874000/singlecurve_dense_rep2_sequential_summary.csv
-- [L25874000 B] generating single-curve plots --
  note: 40B (random) has 4 overlapping summary rows with medians [247.6, 204.8, 258.5, 254.9] (spread 53.8 ticks, 22.3%) -- averaging, widening whiskers to the union
  note: 48B (random) has 4 overlapping summary rows with medians [247.3, 191.6, 259.1, 253.3] (spread 67.5 ticks, 28.4%) -- averaging, widening whiskers to the union
  note: 56B (random) has 4 overlapping summary rows with medians [249.1, 201.7, 262.8, 246.7] (spread 61.1 ticks, 25.4%) -- averaging, widening whiskers to the union
  note: 41B (random) has 3 overlapping summary rows with medians [218.4, 268.8, 263.8] (spread 50.4 ticks, 20.1%) -- averaging, widening whiskers to the union
  note: 42B (random) has 3 overlapping summary rows with medians [214.8, 267.7, 263.9] (spread 52.9 ticks, 21.3%) -- averaging, widening whiskers to the union
  note: 43B (random) has 3 overlapping summary rows with medians [215.3, 269.0, 264.7] (spread 53.7 ticks, 21.5%) -- averaging, widening whiskers to the union
  note: 47B (random) has 3 overlapping summary rows with medians [211.1, 269.4, 267.7] (spread 58.3 ticks, 23.4%) -- averaging, widening whiskers to the union
  note: 49B (random) has 3 overlapping summary rows with medians [207.2, 268.9, 266.0] (spread 61.6 ticks, 24.9%) -- averaging, widening whiskers to the union
  note: 50B (random) has 3 overlapping summary rows with medians [204.2, 267.7, 264.4] (spread 63.5 ticks, 25.9%) -- averaging, widening whiskers to the union
  note: 51B (random) has 3 overlapping summary rows with medians [214.2, 269.8, 245.2] (spread 55.6 ticks, 22.9%) -- averaging, widening whiskers to the union
  note: 52B (random) has 3 overlapping summary rows with medians [202.4, 264.7, 233.1] (spread 62.3 ticks, 26.7%) -- averaging, widening whiskers to the union
  note: 53B (random) has 3 overlapping summary rows with medians [207.4, 269.6, 239.8] (spread 62.3 ticks, 26.1%) -- averaging, widening whiskers to the union
  note: 54B (random) has 3 overlapping summary rows with medians [205.5, 268.9, 252.0] (spread 63.4 ticks, 26.2%) -- averaging, widening whiskers to the union
  note: 55B (random) has 3 overlapping summary rows with medians [208.4, 274.1, 257.0] (spread 65.7 ticks, 26.7%) -- averaging, widening whiskers to the union
  note: 57B (random) has 3 overlapping summary rows with medians [210.0, 272.4, 256.7] (spread 62.4 ticks, 25.3%) -- averaging, widening whiskers to the union
  note: 58B (random) has 3 overlapping summary rows with medians [210.7, 269.5, 253.5] (spread 58.8 ticks, 24.0%) -- averaging, widening whiskers to the union
  note: 59B (random) has 3 overlapping summary rows with medians [211.5, 271.4, 258.8] (spread 59.9 ticks, 24.2%) -- averaging, widening whiskers to the union
  note: 60B (random) has 3 overlapping summary rows with medians [203.9, 266.7, 252.4] (spread 62.9 ticks, 26.1%) -- averaging, widening whiskers to the union
  note: 61B (random) has 3 overlapping summary rows with medians [208.9, 271.3, 259.9] (spread 62.3 ticks, 25.3%) -- averaging, widening whiskers to the union
  note: 62B (random) has 3 overlapping summary rows with medians [208.0, 269.9, 258.7] (spread 61.9 ticks, 25.2%) -- averaging, widening whiskers to the union
  note: 63B (random) has 3 overlapping summary rows with medians [216.0, 271.3, 261.7] (spread 55.3 ticks, 22.2%) -- averaging, widening whiskers to the union
  note: flagged 2 isolated spike stride(s) as probable page-aliasing artifacts: [512, 1024]
Wrote data_processed/hazel_icelake_6326/phase1_v2/line_size/level_25874000/plots/line_size_curve.pdf and .png
Wrote data_processed/hazel_icelake_6326/phase1_v2/line_size/level_25874000/plots/line_size_boxplots.pdf and .png
-- compressing raw CSVs for level 25874000 --

############################################################
## step 5: cross-level, cross-method agreement summary
############################################################
   level boundary=65536B -> method A (family of curves) = noneB, method B (single curve) = noneB
   level boundary=1310720B -> method A (family of curves) = noneB, method B (single curve) = noneB
   level boundary=25874000B -> method A (family of curves) = noneB, method B (single curve) = 32B
== every level/method that produced an estimate AGREES on 32B -- strong Phase-I evidence ==
== done: all levels, both methods, complete ==
== this is a FROZEN PHASE-I TIMING-ONLY result -- compare against PMU counters
   and the documented/system-reported line size in Phase II before treating it as
   confirmed (see README.md's Phase I/II/III discipline).
== plots per level: data_processed/hazel_icelake_6326/phase1_v2/line_size/level_<boundary>/plots/line_size_family_{curve,boxplots}.{png,pdf} (A, steps 1-3),
          .../line_size_offset_{elbow,boxplots}.{png,pdf} (A, step 4), .../line_size_{curve,boxplots}.{png,pdf} (B) ==
== record in data_raw/hazel_icelake_6326/phase1_v2/README.md: boundaries=65536,1310720,25874000, core=0,
   seed=12345, samples=1000000, coarse_strides=8,16,32,64,128,256, per-level/per-method estimates as above,
   timestamp=20260916T043442Z ==
== full transcript saved to: data_raw/hazel_icelake_6326/phase1_v2/line_size/run_line_size_20260916T043442Z.log ==

=== Done ===

------------------------------------------------------------
Resource usage summary:

    Job ID            : 848765
    Job name          : hw1_ls_relook
    User / Account    : krchen / ece592f26_cpu
    Partition / QOS   : compute_partners / short
    Submitted         : 2026-09-16T00:34:12
    Started           : 2026-09-16T00:34:42
    Wait time         : 30 sec
    Elapsed (wall)    : 00:03:40
    Nodes             : 1 (c060n02)
    CPUs allocated    : 1
    Tasks             : 1
    CPU time (total)  : 201.73 sec  (user 186.51, sys 15.23)
    CPU efficiency    : 91.7%
    Memory in use     : 207.74 MB  (sampled at job end; see seff for peak)
    Memory requested  : 8G
    Working directory : /gpfs_common/share01/titan/krchen/Proj1-Cache-Reverse-Engineering
    Exit code         : 0:0

    For final accounting (Slurm's MaxRSS, billing, etc.):  seff 848765
------------------------------------------------------------
