=== Machine identification (Phase Discipline whitelist only) ===
c060n02
Linux c060n02 5.14.0-611.5.1.el9_7.x86_64 #1 SMP PREEMPT_DYNAMIC Fri Oct 17 14:16:35 EDT 2025 x86_64 x86_64 x86_64 GNU/Linux
model name	: Intel(R) Xeon(R) Gold 6326 CPU @ 2.90GHz
Assigned logical CPU: 15, SLURM_JOB_ID=848686

=== Running scripts/run_associativity_full.sh (HAZEL_MODE=1) for hazel_icelake_6326/phase1_v2, cache_bytes=65536,1310720,25874432 ===
== run_associativity_full: machine=hazel_icelake_6326/phase1_v2 core=15 base_seed=12345 max_ways=40 ==
== timestamp=20260916T042807Z ==
-- using explicit cache_bytes override: 65536 1310720 25874432 --

== level L1: cache_bytes=65536 ==
-- base sweep num_ways=2-40 --
  wrote 39002 lines -> data_raw/hazel_icelake_6326/phase1_v2/associativity/L1/associativity_base_random_20260916T042807Z.csv (seed=12345)
  wrote 39002 lines -> data_raw/hazel_icelake_6326/phase1_v2/associativity/L1/associativity_base_sequential_20260916T042807Z.csv (seed=12345)
Wrote 39 summary rows to data_processed/hazel_icelake_6326/phase1_v2/associativity/L1/base_random_summary_20260916T042807Z.csv
Wrote 39 summary rows to data_processed/hazel_icelake_6326/phase1_v2/associativity/L1/base_sequential_summary_20260916T042807Z.csv
-- detected associativity estimate: 12 --
  -- repeat 1/2 (seed=12346) --
  wrote 39002 lines -> data_raw/hazel_icelake_6326/phase1_v2/associativity/L1/associativity_rep1_random_20260916T042807Z.csv (seed=12346)
  wrote 39002 lines -> data_raw/hazel_icelake_6326/phase1_v2/associativity/L1/associativity_rep1_sequential_20260916T042807Z.csv (seed=12346)
Wrote 39 summary rows to data_processed/hazel_icelake_6326/phase1_v2/associativity/L1/rep1_random_summary_20260916T042807Z.csv
Wrote 39 summary rows to data_processed/hazel_icelake_6326/phase1_v2/associativity/L1/rep1_sequential_summary_20260916T042807Z.csv
     repeat 1 detected estimate: 12
  -- repeat 2/2 (seed=12347) --
  wrote 39002 lines -> data_raw/hazel_icelake_6326/phase1_v2/associativity/L1/associativity_rep2_random_20260916T042807Z.csv (seed=12347)
  wrote 39002 lines -> data_raw/hazel_icelake_6326/phase1_v2/associativity/L1/associativity_rep2_sequential_20260916T042807Z.csv (seed=12347)
Wrote 39 summary rows to data_processed/hazel_icelake_6326/phase1_v2/associativity/L1/rep2_random_summary_20260916T042807Z.csv
Wrote 39 summary rows to data_processed/hazel_icelake_6326/phase1_v2/associativity/L1/rep2_sequential_summary_20260916T042807Z.csv
     repeat 2 detected estimate: 4
WARNING: repeat(s) disagree with the base estimate (base=12,
         repeats=12 4) -- do NOT treat this level's
         associativity as resolved; investigate before citing a number.
-- generating plots for L1 --
  note: num_ways=2 (random) has 3 overlapping summary rows with medians [21.8, 17.1, 12.9] (spread 8.9 ticks, 51.5%) -- averaging, widening whiskers to the union
  note: num_ways=3 (random) has 3 overlapping summary rows with medians [16.1, 17.1, 11.2] (spread 5.9 ticks, 39.8%) -- averaging, widening whiskers to the union
  note: num_ways=4 (random) has 3 overlapping summary rows with medians [10.8, 10.3, 8.7] (spread 2.0 ticks, 20.4%) -- averaging, widening whiskers to the union
  note: num_ways=2 (sequential) has 3 overlapping summary rows with medians [18.4, 25.8, 26.9] (spread 8.5 ticks, 35.9%) -- averaging, widening whiskers to the union
  note: num_ways=3 (sequential) has 3 overlapping summary rows with medians [11.7, 17.2, 18.5] (spread 6.7 ticks, 42.5%) -- averaging, widening whiskers to the union
  note: num_ways=4 (sequential) has 3 overlapping summary rows with medians [8.9, 11.2, 12.4] (spread 3.5 ticks, 32.0%) -- averaging, widening whiskers to the union
Wrote data_processed/hazel_icelake_6326/phase1_v2/associativity/L1/plots/associativity_curve.pdf and .png
Wrote data_processed/hazel_icelake_6326/phase1_v2/associativity/L1/plots/associativity_boxplots.pdf and .png
-- compressing raw CSVs for L1 --

== level L2: cache_bytes=1310720 ==
-- base sweep num_ways=2-40 --
  wrote 39002 lines -> data_raw/hazel_icelake_6326/phase1_v2/associativity/L2/associativity_base_random_20260916T042807Z.csv (seed=12345)
  wrote 39002 lines -> data_raw/hazel_icelake_6326/phase1_v2/associativity/L2/associativity_base_sequential_20260916T042807Z.csv (seed=12345)
Wrote 39 summary rows to data_processed/hazel_icelake_6326/phase1_v2/associativity/L2/base_random_summary_20260916T042807Z.csv
Wrote 39 summary rows to data_processed/hazel_icelake_6326/phase1_v2/associativity/L2/base_sequential_summary_20260916T042807Z.csv
-- detected associativity estimate: 12 --
  -- repeat 1/2 (seed=12346) --
  wrote 39002 lines -> data_raw/hazel_icelake_6326/phase1_v2/associativity/L2/associativity_rep1_random_20260916T042807Z.csv (seed=12346)
  wrote 39002 lines -> data_raw/hazel_icelake_6326/phase1_v2/associativity/L2/associativity_rep1_sequential_20260916T042807Z.csv (seed=12346)
Wrote 39 summary rows to data_processed/hazel_icelake_6326/phase1_v2/associativity/L2/rep1_random_summary_20260916T042807Z.csv
Wrote 39 summary rows to data_processed/hazel_icelake_6326/phase1_v2/associativity/L2/rep1_sequential_summary_20260916T042807Z.csv
     repeat 1 detected estimate: 11
  -- repeat 2/2 (seed=12347) --
  wrote 39002 lines -> data_raw/hazel_icelake_6326/phase1_v2/associativity/L2/associativity_rep2_random_20260916T042807Z.csv (seed=12347)
  wrote 39002 lines -> data_raw/hazel_icelake_6326/phase1_v2/associativity/L2/associativity_rep2_sequential_20260916T042807Z.csv (seed=12347)
Wrote 39 summary rows to data_processed/hazel_icelake_6326/phase1_v2/associativity/L2/rep2_random_summary_20260916T042807Z.csv
Wrote 39 summary rows to data_processed/hazel_icelake_6326/phase1_v2/associativity/L2/rep2_sequential_summary_20260916T042807Z.csv
     repeat 2 detected estimate: 12
WARNING: repeat(s) disagree with the base estimate (base=12,
         repeats=11 12) -- do NOT treat this level's
         associativity as resolved; investigate before citing a number.
-- generating plots for L2 --
  note: num_ways=12 (random) has 3 overlapping summary rows with medians [8.9, 14.1, 10.1] (spread 5.2 ticks, 47.3%) -- averaging, widening whiskers to the union
  note: num_ways=22 (random) has 3 overlapping summary rows with medians [37.7, 16.0, 37.6] (spread 21.7 ticks, 71.2%) -- averaging, widening whiskers to the union
  note: num_ways=23 (random) has 3 overlapping summary rows with medians [35.5, 16.0, 37.0] (spread 21.0 ticks, 71.1%) -- averaging, widening whiskers to the union
  note: num_ways=24 (random) has 3 overlapping summary rows with medians [43.7, 22.0, 44.8] (spread 22.8 ticks, 61.9%) -- averaging, widening whiskers to the union
  note: num_ways=25 (random) has 3 overlapping summary rows with medians [46.7, 38.3, 49.8] (spread 11.5 ticks, 25.5%) -- averaging, widening whiskers to the union
  note: num_ways=26 (random) has 3 overlapping summary rows with medians [44.8, 37.8, 47.4] (spread 9.7 ticks, 22.3%) -- averaging, widening whiskers to the union
  note: num_ways=27 (random) has 3 overlapping summary rows with medians [55.8, 43.8, 59.5] (spread 15.7 ticks, 29.6%) -- averaging, widening whiskers to the union
  note: num_ways=28 (random) has 3 overlapping summary rows with medians [56.2, 43.0, 56.7] (spread 13.7 ticks, 26.3%) -- averaging, widening whiskers to the union
  note: num_ways=29 (random) has 3 overlapping summary rows with medians [61.6, 51.3, 65.5] (spread 14.2 ticks, 23.8%) -- averaging, widening whiskers to the union
  note: num_ways=30 (random) has 3 overlapping summary rows with medians [65.6, 53.6, 68.8] (spread 15.2 ticks, 24.2%) -- averaging, widening whiskers to the union
  note: num_ways=31 (random) has 3 overlapping summary rows with medians [62.8, 54.0, 66.9] (spread 12.9 ticks, 21.1%) -- averaging, widening whiskers to the union
  note: num_ways=2 (sequential) has 3 overlapping summary rows with medians [11.9, 18.4, 24.0] (spread 12.1 ticks, 66.5%) -- averaging, widening whiskers to the union
  note: num_ways=3 (sequential) has 3 overlapping summary rows with medians [10.7, 12.9, 17.2] (spread 6.6 ticks, 48.3%) -- averaging, widening whiskers to the union
  note: num_ways=4 (sequential) has 3 overlapping summary rows with medians [8.6, 8.9, 11.7] (spread 3.1 ticks, 31.8%) -- averaging, widening whiskers to the union
Wrote data_processed/hazel_icelake_6326/phase1_v2/associativity/L2/plots/associativity_curve.pdf and .png
Wrote data_processed/hazel_icelake_6326/phase1_v2/associativity/L2/plots/associativity_boxplots.pdf and .png
-- compressing raw CSVs for L2 --

== level L3_LLC: cache_bytes=25874432 ==
-- base sweep num_ways=2-40 --
  wrote 39002 lines -> data_raw/hazel_icelake_6326/phase1_v2/associativity/L3_LLC/associativity_base_random_20260916T042807Z.csv (seed=12345)
  wrote 39002 lines -> data_raw/hazel_icelake_6326/phase1_v2/associativity/L3_LLC/associativity_base_sequential_20260916T042807Z.csv (seed=12345)
Wrote 39 summary rows to data_processed/hazel_icelake_6326/phase1_v2/associativity/L3_LLC/base_random_summary_20260916T042807Z.csv
Wrote 39 summary rows to data_processed/hazel_icelake_6326/phase1_v2/associativity/L3_LLC/base_sequential_summary_20260916T042807Z.csv
-- detected associativity estimate: 12 --
  -- repeat 1/2 (seed=12346) --
  wrote 39002 lines -> data_raw/hazel_icelake_6326/phase1_v2/associativity/L3_LLC/associativity_rep1_random_20260916T042807Z.csv (seed=12346)
  wrote 39002 lines -> data_raw/hazel_icelake_6326/phase1_v2/associativity/L3_LLC/associativity_rep1_sequential_20260916T042807Z.csv (seed=12346)
Wrote 39 summary rows to data_processed/hazel_icelake_6326/phase1_v2/associativity/L3_LLC/rep1_random_summary_20260916T042807Z.csv
Wrote 39 summary rows to data_processed/hazel_icelake_6326/phase1_v2/associativity/L3_LLC/rep1_sequential_summary_20260916T042807Z.csv
     repeat 1 detected estimate: 12
  -- repeat 2/2 (seed=12347) --
  wrote 39002 lines -> data_raw/hazel_icelake_6326/phase1_v2/associativity/L3_LLC/associativity_rep2_random_20260916T042807Z.csv (seed=12347)
  wrote 39002 lines -> data_raw/hazel_icelake_6326/phase1_v2/associativity/L3_LLC/associativity_rep2_sequential_20260916T042807Z.csv (seed=12347)
Wrote 39 summary rows to data_processed/hazel_icelake_6326/phase1_v2/associativity/L3_LLC/rep2_random_summary_20260916T042807Z.csv
Wrote 39 summary rows to data_processed/hazel_icelake_6326/phase1_v2/associativity/L3_LLC/rep2_sequential_summary_20260916T042807Z.csv
     repeat 2 detected estimate: 12
-- generating plots for L3_LLC --
  note: num_ways=3 (random) has 3 overlapping summary rows with medians [10.7, 12.9, 9.6] (spread 3.4 ticks, 30.4%) -- averaging, widening whiskers to the union
  note: num_ways=2 (sequential) has 3 overlapping summary rows with medians [24.0, 8.9, 16.1] (spread 15.0 ticks, 91.9%) -- averaging, widening whiskers to the union
  note: num_ways=3 (sequential) has 3 overlapping summary rows with medians [17.2, 9.3, 12.2] (spread 7.9 ticks, 61.4%) -- averaging, widening whiskers to the union
  note: num_ways=4 (sequential) has 3 overlapping summary rows with medians [11.7, 8.9, 10.6] (spread 2.8 ticks, 27.2%) -- averaging, widening whiskers to the union
Wrote data_processed/hazel_icelake_6326/phase1_v2/associativity/L3_LLC/plots/associativity_curve.pdf and .png
Wrote data_processed/hazel_icelake_6326/phase1_v2/associativity/L3_LLC/plots/associativity_boxplots.pdf and .png
-- compressing raw CSVs for L3_LLC --

== done ==
== L1: cache_bytes=65536 -> associativity=12 (repeats: 12 4) ==
== L2: cache_bytes=1310720 -> associativity=12 (repeats: 11 12) ==
== L3_LLC: cache_bytes=25874432 -> associativity=12 (repeats: 12 12) ==
== record in data_raw/hazel_icelake_6326/phase1_v2/README.md: core=15, base_seed=12345 (repeats use base_seed+index), samples=1000000, max_ways=40, timestamp=20260916T042807Z ==
== full transcript saved to: data_raw/hazel_icelake_6326/phase1_v2/associativity/run_associativity_full_20260916T042807Z.log ==

=== Done ===

------------------------------------------------------------
Resource usage summary:

    Job ID            : 848686
    Job name          : hw1_assoc_relook
    User / Account    : krchen / ece592f26_cpu
    Partition / QOS   : compute_partners / short
    Submitted         : 2026-09-16T00:27:52
    Started           : 2026-09-16T00:28:06
    Wait time         : 14 sec
    Elapsed (wall)    : 00:01:27
    Nodes             : 1 (c060n02)
    CPUs allocated    : 1
    Tasks             : 1
    CPU time (total)  : 24.22 sec  (user 17.77, sys 6.45)
    CPU efficiency    : 27.8%
    Memory in use     : 94.55 MB  (sampled at job end; see seff for peak)
    Memory requested  : 8G
    Working directory : /gpfs_common/share01/titan/krchen/Proj1-Cache-Reverse-Engineering
    Exit code         : 0:0

    For final accounting (Slurm's MaxRSS, billing, etc.):  seff 848686
------------------------------------------------------------
