=== Machine identification (Phase Discipline whitelist only) ===
c060n03
Linux c060n03 5.14.0-611.5.1.el9_7.x86_64 #1 SMP PREEMPT_DYNAMIC Fri Oct 17 14:16:35 EDT 2025 x86_64 x86_64 x86_64 GNU/Linux
model name	: Intel(R) Xeon(R) Gold 6326 CPU @ 2.90GHz
Assigned logical CPU: 15, SLURM_JOB_ID=848688

=== Running scripts/run_miss_latency_full.sh (HAZEL_MODE=1) for hazel_icelake_6326/phase1_v2, transitions=L1_to_L2:65536:1310720,L2_to_LLC:1310720:25874000,LLC_to_DRAM:25874000:536870912 ===
== run_miss_latency_full: machine=hazel_icelake_6326/phase1_v2 core=15 base_seed=12345 ==
== timestamp=20260916T042808Z ==

== transition L1_to_L2: target_bytes=65536 evict_bytes=1310720 ==
-- base (seed=12345) --
  wrote 202 lines -> data_raw/hazel_icelake_6326/phase1_v2/latency/miss/L1_to_L2/miss_latency_base_random_20260916T042808Z.csv (pattern=random seed=12345)
Wrote 1 summary rows to data_processed/hazel_icelake_6326/phase1_v2/latency/miss/L1_to_L2/base_random_summary_20260916T042808Z.csv
  wrote 202 lines -> data_raw/hazel_icelake_6326/phase1_v2/latency/miss/L1_to_L2/miss_latency_base_sequential_20260916T042808Z.csv (pattern=sequential seed=12345)
Wrote 1 summary rows to data_processed/hazel_icelake_6326/phase1_v2/latency/miss/L1_to_L2/base_sequential_summary_20260916T042808Z.csv
-- rep1 (seed=12346) --
  wrote 202 lines -> data_raw/hazel_icelake_6326/phase1_v2/latency/miss/L1_to_L2/miss_latency_rep1_random_20260916T042808Z.csv (pattern=random seed=12346)
Wrote 1 summary rows to data_processed/hazel_icelake_6326/phase1_v2/latency/miss/L1_to_L2/rep1_random_summary_20260916T042808Z.csv
  wrote 202 lines -> data_raw/hazel_icelake_6326/phase1_v2/latency/miss/L1_to_L2/miss_latency_rep1_sequential_20260916T042808Z.csv (pattern=sequential seed=12346)
Wrote 1 summary rows to data_processed/hazel_icelake_6326/phase1_v2/latency/miss/L1_to_L2/rep1_sequential_summary_20260916T042808Z.csv
-- rep2 (seed=12347) --
  wrote 202 lines -> data_raw/hazel_icelake_6326/phase1_v2/latency/miss/L1_to_L2/miss_latency_rep2_random_20260916T042808Z.csv (pattern=random seed=12347)
Wrote 1 summary rows to data_processed/hazel_icelake_6326/phase1_v2/latency/miss/L1_to_L2/rep2_random_summary_20260916T042808Z.csv
  wrote 202 lines -> data_raw/hazel_icelake_6326/phase1_v2/latency/miss/L1_to_L2/miss_latency_rep2_sequential_20260916T042808Z.csv (pattern=sequential seed=12347)
Wrote 1 summary rows to data_processed/hazel_icelake_6326/phase1_v2/latency/miss/L1_to_L2/rep2_sequential_summary_20260916T042808Z.csv
-- found source-level (L1) hit_latency data for penalty annotation: data_processed/hazel_icelake_6326/phase1_v2/latency/hit/L1/base_dependent_random_summary_20260916T042807Z.csv data_processed/hazel_icelake_6326/phase1_v2/latency/hit/L1/rep1_dependent_random_summary_20260916T042807Z.csv data_processed/hazel_icelake_6326/phase1_v2/latency/hit/L1/rep2_dependent_random_summary_20260916T042807Z.csv --
-- generating plots for L1_to_L2 --
  note: pattern=random has 3 overlapping summary rows with medians [100.0, 332.0, 114.0] (spread 232.0 ticks, 127.5%) -- averaging, widening whiskers to the union
Wrote data_processed/hazel_icelake_6326/phase1_v2/latency/miss/L1_to_L2/plots/miss_latency_boxplots.pdf and .png
-- compressing raw CSVs for L1_to_L2 --

== transition L2_to_LLC: target_bytes=1310720 evict_bytes=25874000 ==
-- base (seed=12345) --
  wrote 202 lines -> data_raw/hazel_icelake_6326/phase1_v2/latency/miss/L2_to_LLC/miss_latency_base_random_20260916T042808Z.csv (pattern=random seed=12345)
Wrote 1 summary rows to data_processed/hazel_icelake_6326/phase1_v2/latency/miss/L2_to_LLC/base_random_summary_20260916T042808Z.csv
  wrote 202 lines -> data_raw/hazel_icelake_6326/phase1_v2/latency/miss/L2_to_LLC/miss_latency_base_sequential_20260916T042808Z.csv (pattern=sequential seed=12345)
Wrote 1 summary rows to data_processed/hazel_icelake_6326/phase1_v2/latency/miss/L2_to_LLC/base_sequential_summary_20260916T042808Z.csv
-- rep1 (seed=12346) --
  wrote 202 lines -> data_raw/hazel_icelake_6326/phase1_v2/latency/miss/L2_to_LLC/miss_latency_rep1_random_20260916T042808Z.csv (pattern=random seed=12346)
Wrote 1 summary rows to data_processed/hazel_icelake_6326/phase1_v2/latency/miss/L2_to_LLC/rep1_random_summary_20260916T042808Z.csv
  wrote 202 lines -> data_raw/hazel_icelake_6326/phase1_v2/latency/miss/L2_to_LLC/miss_latency_rep1_sequential_20260916T042808Z.csv (pattern=sequential seed=12346)
Wrote 1 summary rows to data_processed/hazel_icelake_6326/phase1_v2/latency/miss/L2_to_LLC/rep1_sequential_summary_20260916T042808Z.csv
-- rep2 (seed=12347) --
[2026-09-16T00:31:52.568] error: *** STEP 848688.10 ON c060n03 CANCELLED AT 2026-09-16T00:31:52 DUE to SIGNAL Terminated ***
srun: Job step aborted: Waiting up to 32 seconds for job step to finish.
srun: error: c060n03: task 0: Terminated

------------------------------------------------------------
Resource usage summary:

    Job ID            : 848688
    Job name          : hw1_misslat_relook
    User / Account    : krchen / ece592f26_cpu
    Partition / QOS   : compute_partners / short
    Submitted         : 2026-09-16T00:27:53
    Started           : 2026-09-16T00:28:06
    Wait time         : 13 sec
    Elapsed (wall)    : 00:03:46
    Nodes             : 1 (c060n03)
    CPUs allocated    : 1
    Tasks             : 1
    CPU time (total)  : 156.49 sec  (user 155.20, sys 1.29)
    CPU efficiency    : 69.2%
    Memory in use     : 68.64 MB  (sampled at job end; see seff for peak)
    Memory requested  : 8G
    Working directory : /gpfs_common/share01/titan/krchen/Proj1-Cache-Reverse-Engineering
    Exit code         : 0:0

    For final accounting (Slurm's MaxRSS, billing, etc.):  seff 848688
------------------------------------------------------------
