=== Machine identification (Phase Discipline whitelist only) ===
c060n02
Linux c060n02 5.14.0-611.5.1.el9_7.x86_64 #1 SMP PREEMPT_DYNAMIC Fri Oct 17 14:16:35 EDT 2025 x86_64 x86_64 x86_64 GNU/Linux
model name	: Intel(R) Xeon(R) Gold 6326 CPU @ 2.90GHz
CPU CORE SOCKET NODE
  0    0      0    0
  1    1      0    0
  2    2      0    0
  3    3      0    0
  4    4      0    0
  5    5      0    0
  6    6      0    0
  7    7      0    0
  8    8      0    0
  9    9      0    0
 10   10      0    0
 11   11      0    0
 12   12      0    0
 13   13      0    0
 14   14      0    0
 15   15      0    0
 16   16      1    1
 17   17      1    1
 18   18      1    1
 19   19      1    1
 20   20      1    1
 21   21      1    1
 22   22      1    1
 23   23      1    1
 24   24      1    1
 25   25      1    1
 26   26      1    1
 27   27      1    1
 28   28      1    1
 29   29      1    1
 30   30      1    1
 31   31      1    1
Assigned logical CPU (physcpubind, informational -- srun --cpu-bind=cores does the real pinning): 16
SLURM_JOB_ID=842711

=== Phase Discipline gate check: is predictions-frozen an ancestor of HEAD? ===
OK -- predictions-frozen confirmed ancestor of HEAD, proceeding.

=== Running scripts/run_capacity_full.sh (HAZEL_MODE=1) for hazel_icelake_6326/capacity_rerun ===
== run_capacity_full: machine=hazel_icelake_6326/capacity_rerun core=16 coarse_max=67108864 seed=12345 ==
== timestamp=20260915T143524Z ==
-- coarse sweep 1024-67108864 bytes --
  wrote 129002 lines -> data_raw/hazel_icelake_6326/capacity_rerun/capacity/capacity_coarse_random_20260915T143524Z.csv
  wrote 129002 lines -> data_raw/hazel_icelake_6326/capacity_rerun/capacity/capacity_coarse_sequential_20260915T143524Z.csv
Wrote 129 summary rows to data_processed/hazel_icelake_6326/capacity_rerun/capacity/coarse_random_summary.csv
Wrote 129 summary rows to data_processed/hazel_icelake_6326/capacity_rerun/capacity/coarse_sequential_summary.csv
-- tail-extension sweep 67108864-268435456 bytes --
  wrote 17002 lines -> data_raw/hazel_icelake_6326/capacity_rerun/capacity/capacity_coarse_ext_random_20260915T143524Z.csv
  wrote 17002 lines -> data_raw/hazel_icelake_6326/capacity_rerun/capacity/capacity_coarse_ext_sequential_20260915T143524Z.csv
Wrote 17 summary rows to data_processed/hazel_icelake_6326/capacity_rerun/capacity/coarse_ext_random_summary.csv
Wrote 17 summary rows to data_processed/hazel_icelake_6326/capacity_rerun/capacity/coarse_ext_sequential_summary.csv
-- detected boundaries (bytes): 961544 1143480 1359832 1617120 2493944 25874000 36591368 --
-- dense sweep around boundary 961544 bytes: 120193-7692352 --
  wrote 289002 lines -> data_raw/hazel_icelake_6326/capacity_rerun/capacity/capacity_dense0_random_20260915T143524Z.csv
  wrote 289002 lines -> data_raw/hazel_icelake_6326/capacity_rerun/capacity/capacity_dense0_sequential_20260915T143524Z.csv
Wrote 289 summary rows to data_processed/hazel_icelake_6326/capacity_rerun/capacity/dense0_random_summary.csv
Wrote 289 summary rows to data_processed/hazel_icelake_6326/capacity_rerun/capacity/dense0_sequential_summary.csv
-- dense sweep around boundary 1143480 bytes: 142935-9147840 --
  wrote 289002 lines -> data_raw/hazel_icelake_6326/capacity_rerun/capacity/capacity_dense1_random_20260915T143524Z.csv
  wrote 289002 lines -> data_raw/hazel_icelake_6326/capacity_rerun/capacity/capacity_dense1_sequential_20260915T143524Z.csv
Wrote 289 summary rows to data_processed/hazel_icelake_6326/capacity_rerun/capacity/dense1_random_summary.csv
Wrote 289 summary rows to data_processed/hazel_icelake_6326/capacity_rerun/capacity/dense1_sequential_summary.csv
-- dense sweep around boundary 1359832 bytes: 169979-10878656 --
  wrote 289002 lines -> data_raw/hazel_icelake_6326/capacity_rerun/capacity/capacity_dense2_random_20260915T143524Z.csv
  wrote 289002 lines -> data_raw/hazel_icelake_6326/capacity_rerun/capacity/capacity_dense2_sequential_20260915T143524Z.csv
Wrote 289 summary rows to data_processed/hazel_icelake_6326/capacity_rerun/capacity/dense2_random_summary.csv
Wrote 289 summary rows to data_processed/hazel_icelake_6326/capacity_rerun/capacity/dense2_sequential_summary.csv
-- dense sweep around boundary 1617120 bytes: 202140-12936960 --
  wrote 289002 lines -> data_raw/hazel_icelake_6326/capacity_rerun/capacity/capacity_dense3_random_20260915T143524Z.csv
  wrote 289002 lines -> data_raw/hazel_icelake_6326/capacity_rerun/capacity/capacity_dense3_sequential_20260915T143524Z.csv
Wrote 289 summary rows to data_processed/hazel_icelake_6326/capacity_rerun/capacity/dense3_random_summary.csv
Wrote 289 summary rows to data_processed/hazel_icelake_6326/capacity_rerun/capacity/dense3_sequential_summary.csv
-- dense sweep around boundary 2493944 bytes: 311743-19951552 --
  wrote 289002 lines -> data_raw/hazel_icelake_6326/capacity_rerun/capacity/capacity_dense4_random_20260915T143524Z.csv
  wrote 289002 lines -> data_raw/hazel_icelake_6326/capacity_rerun/capacity/capacity_dense4_sequential_20260915T143524Z.csv
Wrote 289 summary rows to data_processed/hazel_icelake_6326/capacity_rerun/capacity/dense4_random_summary.csv
Wrote 289 summary rows to data_processed/hazel_icelake_6326/capacity_rerun/capacity/dense4_sequential_summary.csv
-- dense sweep around boundary 25874000 bytes: 3234250-206992000 --
  wrote 289002 lines -> data_raw/hazel_icelake_6326/capacity_rerun/capacity/capacity_dense5_random_20260915T143524Z.csv
  wrote 289002 lines -> data_raw/hazel_icelake_6326/capacity_rerun/capacity/capacity_dense5_sequential_20260915T143524Z.csv
Wrote 289 summary rows to data_processed/hazel_icelake_6326/capacity_rerun/capacity/dense5_random_summary.csv
Wrote 289 summary rows to data_processed/hazel_icelake_6326/capacity_rerun/capacity/dense5_sequential_summary.csv
-- dense sweep around boundary 36591368 bytes: 4573921-268435456 --
  wrote 282002 lines -> data_raw/hazel_icelake_6326/capacity_rerun/capacity/capacity_dense6_random_20260915T143524Z.csv
  wrote 282002 lines -> data_raw/hazel_icelake_6326/capacity_rerun/capacity/capacity_dense6_sequential_20260915T143524Z.csv
Wrote 282 summary rows to data_processed/hazel_icelake_6326/capacity_rerun/capacity/dense6_random_summary.csv
Wrote 282 summary rows to data_processed/hazel_icelake_6326/capacity_rerun/capacity/dense6_sequential_summary.csv
  -- repeat 1/2 of deepest boundary's dense window --
  wrote 282002 lines -> data_raw/hazel_icelake_6326/capacity_rerun/capacity/capacity_dense6_rep1_random_20260915T143524Z.csv
  wrote 282002 lines -> data_raw/hazel_icelake_6326/capacity_rerun/capacity/capacity_dense6_rep1_sequential_20260915T143524Z.csv
Wrote 282 summary rows to data_processed/hazel_icelake_6326/capacity_rerun/capacity/dense6_rep1_random_summary.csv
Wrote 282 summary rows to data_processed/hazel_icelake_6326/capacity_rerun/capacity/dense6_rep1_sequential_summary.csv
  -- repeat 2/2 of deepest boundary's dense window --
  wrote 282002 lines -> data_raw/hazel_icelake_6326/capacity_rerun/capacity/capacity_dense6_rep2_random_20260915T143524Z.csv
  wrote 282002 lines -> data_raw/hazel_icelake_6326/capacity_rerun/capacity/capacity_dense6_rep2_sequential_20260915T143524Z.csv
Wrote 282 summary rows to data_processed/hazel_icelake_6326/capacity_rerun/capacity/dense6_rep2_random_summary.csv
Wrote 282 summary rows to data_processed/hazel_icelake_6326/capacity_rerun/capacity/dense6_rep2_sequential_summary.csv
-- dense sweep past deepest boundary, checking for a further plateau: 73182736-268435456 --
  wrote 90002 lines -> data_raw/hazel_icelake_6326/capacity_rerun/capacity/capacity_denseTail_random_20260915T143524Z.csv
  wrote 90002 lines -> data_raw/hazel_icelake_6326/capacity_rerun/capacity/capacity_denseTail_sequential_20260915T143524Z.csv
Wrote 90 summary rows to data_processed/hazel_icelake_6326/capacity_rerun/capacity/denseTail_random_summary.csv
Wrote 90 summary rows to data_processed/hazel_icelake_6326/capacity_rerun/capacity/denseTail_sequential_summary.csv
-- generating plots --
  note: 117.375 KiB (random) has 2 overlapping summary rows with medians [13.5, 32.3] (spread 18.8 ticks, 82.3%) -- averaging, widening whiskers to the union
  note: 139.578 KiB (random) has 3 overlapping summary rows with medians [14.0, 11.5, 37.3] (spread 25.8 ticks, 123.1%) -- averaging, widening whiskers to the union
  note: 165.992 KiB (random) has 4 overlapping summary rows with medians [14.3, 11.9, 11.9, 29.5] (spread 17.6 ticks, 104.2%) -- averaging, widening whiskers to the union
  note: 197.398 KiB (random) has 5 overlapping summary rows with medians [14.6, 12.2, 12.1, 12.1, 28.4] (spread 16.3 ticks, 102.4%) -- averaging, widening whiskers to the union
  note: 215.266 KiB (random) has 5 overlapping summary rows with medians [14.8, 12.2, 12.4, 12.4, 12.3] (spread 2.6 ticks, 20.2%) -- averaging, widening whiskers to the union
  note: 331.984 KiB (random) has 6 overlapping summary rows with medians [16.9, 14.0, 14.0, 14.0, 14.0, 14.0] (spread 2.9 ticks, 20.1%) -- averaging, widening whiskers to the union
  note: 394.805 KiB (random) has 5 overlapping summary rows with medians [17.9, 14.8, 14.8, 14.8, 14.8] (spread 3.1 ticks, 20.1%) -- averaging, widening whiskers to the union
  note: 469.5 KiB (random) has 6 overlapping summary rows with medians [18.7, 15.5, 15.5, 15.5, 15.4, 15.5] (spread 3.2 ticks, 20.1%) -- averaging, widening whiskers to the union
  note: 558.336 KiB (random) has 6 overlapping summary rows with medians [19.4, 16.0, 16.0, 16.1, 16.0, 16.0] (spread 3.3 ticks, 20.1%) -- averaging, widening whiskers to the union
  note: 608.867 KiB (random) has 6 overlapping summary rows with medians [19.7, 16.3, 16.3, 16.3, 16.3, 16.3] (spread 3.4 ticks, 20.0%) -- averaging, widening whiskers to the union
  note: 724.07 KiB (random) has 6 overlapping summary rows with medians [20.2, 16.8, 16.8, 16.8, 16.8, 16.8] (spread 3.5 ticks, 20.0%) -- averaging, widening whiskers to the union
  note: 861.078 KiB (random) has 2 overlapping summary rows with medians [21.2, 17.2] (spread 4.0 ticks, 21.0%) -- averaging, widening whiskers to the union
  note: 1 MiB (random) has 2 overlapping summary rows with medians [26.5, 18.6] (spread 7.9 ticks, 35.2%) -- averaging, widening whiskers to the union
  note: 1.09051 MiB (random) has 2 overlapping summary rows with medians [26.9, 19.1] (spread 7.8 ticks, 34.1%) -- averaging, widening whiskers to the union
  note: 1.1892 MiB (random) has 6 overlapping summary rows with medians [34.0, 22.1, 21.2, 23.4, 20.8, 21.5] (spread 13.2 ticks, 55.4%) -- averaging, widening whiskers to the union
  note: 1.29684 MiB (random) has 4 overlapping summary rows with medians [37.9, 24.3, 24.9, 23.5] (spread 14.4 ticks, 52.1%) -- averaging, widening whiskers to the union
  note: 1.41421 MiB (random) has 6 overlapping summary rows with medians [49.4, 26.6, 27.1, 27.0, 26.9, 26.5] (spread 22.9 ticks, 75.0%) -- averaging, widening whiskers to the union
  note: 1.54221 MiB (random) has 5 overlapping summary rows with medians [53.6, 30.8, 29.9, 30.3, 29.7] (spread 24.0 ticks, 68.8%) -- averaging, widening whiskers to the union
  note: 1.83401 MiB (random) has 2 overlapping summary rows with medians [72.2, 36.5] (spread 35.7 ticks, 65.6%) -- averaging, widening whiskers to the union
  note: 2 MiB (random) has 2 overlapping summary rows with medians [74.0, 35.2] (spread 38.7 ticks, 71.0%) -- averaging, widening whiskers to the union
  note: 2.18102 MiB (random) has 2 overlapping summary rows with medians [80.7, 37.8] (spread 42.8 ticks, 72.3%) -- averaging, widening whiskers to the union
  note: 2.37841 MiB (random) has 3 overlapping summary rows with medians [87.2, 40.4, 40.4] (spread 46.8 ticks, 83.6%) -- averaging, widening whiskers to the union
  note: 2.59367 MiB (random) has 4 overlapping summary rows with medians [92.8, 42.8, 42.9, 42.9] (spread 50.0 ticks, 90.4%) -- averaging, widening whiskers to the union
  note: 2.82842 MiB (random) has 3 overlapping summary rows with medians [98.3, 45.2, 45.1] (spread 53.2 ticks, 84.6%) -- averaging, widening whiskers to the union
  note: 3.08442 MiB (random) has 3 overlapping summary rows with medians [103.3, 47.2, 47.3] (spread 56.1 ticks, 85.0%) -- averaging, widening whiskers to the union
  note: 3.36358 MiB (random) has 5 overlapping summary rows with medians [108.0, 49.1, 49.1, 49.1, 49.1] (spread 58.9 ticks, 96.7%) -- averaging, widening whiskers to the union
  note: 3.66801 MiB (random) has 3 overlapping summary rows with medians [112.1, 50.8, 50.8] (spread 61.3 ticks, 86.0%) -- averaging, widening whiskers to the union
  note: 4.36203 MiB (random) has 6 overlapping summary rows with medians [116.1, 51.7, 51.8, 51.7, 51.7, 51.7] (spread 64.4 ticks, 103.1%) -- averaging, widening whiskers to the union
  note: 4.75683 MiB (random) has 4 overlapping summary rows with medians [119.3, 53.2, 53.2, 53.1] (spread 66.2 ticks, 95.0%) -- averaging, widening whiskers to the union
  note: 5.18736 MiB (random) has 6 overlapping summary rows with medians [122.5, 54.5, 54.5, 54.5, 54.6, 54.5] (spread 68.0 ticks, 103.3%) -- averaging, widening whiskers to the union
  note: 5.65685 MiB (random) has 6 overlapping summary rows with medians [125.3, 55.7, 55.7, 55.7, 55.7, 55.7] (spread 69.6 ticks, 103.4%) -- averaging, widening whiskers to the union
  note: 6.16884 MiB (random) has 6 overlapping summary rows with medians [125.4, 55.5, 55.5, 55.5, 55.4, 55.4] (spread 70.0 ticks, 104.3%) -- averaging, widening whiskers to the union
  note: 6.72717 MiB (random) has 6 overlapping summary rows with medians [128.0, 56.6, 56.6, 56.6, 56.6, 56.6] (spread 71.4 ticks, 104.3%) -- averaging, widening whiskers to the union
  note: 7.33603 MiB (random) has 6 overlapping summary rows with medians [130.4, 57.7, 57.6, 57.7, 57.6, 57.6] (spread 72.8 ticks, 104.3%) -- averaging, widening whiskers to the union
  note: 8 MiB (random) has 4 overlapping summary rows with medians [130.8, 57.6, 57.6, 57.6] (spread 73.2 ticks, 96.4%) -- averaging, widening whiskers to the union
  note: 8.72406 MiB (random) has 6 overlapping summary rows with medians [132.6, 58.4, 58.4, 58.5, 58.4, 58.4] (spread 74.2 ticks, 104.8%) -- averaging, widening whiskers to the union
  note: 9.51366 MiB (random) has 4 overlapping summary rows with medians [91.9, 59.4, 59.4, 59.4] (spread 32.5 ticks, 48.2%) -- averaging, widening whiskers to the union
  note: 141.609 KiB (random) has 2 overlapping summary rows with medians [11.5, 21.5] (spread 10.0 ticks, 60.4%) -- averaging, widening whiskers to the union
  note: 143.672 KiB (random) has 2 overlapping summary rows with medians [11.5, 14.9] (spread 3.3 ticks, 25.3%) -- averaging, widening whiskers to the union
  note: 168.406 KiB (random) has 3 overlapping summary rows with medians [11.9, 11.9, 19.6] (spread 7.7 ticks, 53.5%) -- averaging, widening whiskers to the union
  note: 200.273 KiB (random) has 4 overlapping summary rows with medians [12.1, 12.1, 12.2, 17.2] (spread 5.1 ticks, 38.0%) -- averaging, widening whiskers to the union
  note: 304.43 KiB (random) has 5 overlapping summary rows with medians [13.5, 13.5, 13.5, 13.6, 38.6] (spread 25.1 ticks, 135.1%) -- averaging, widening whiskers to the union
  note: 308.859 KiB (random) has 5 overlapping summary rows with medians [13.6, 13.7, 13.6, 13.6, 17.7] (spread 4.1 ticks, 28.4%) -- averaging, widening whiskers to the union
  note: 117.375 KiB (sequential) has 2 overlapping summary rows with medians [8.0, 19.9] (spread 12.0 ticks, 85.9%) -- averaging, widening whiskers to the union
  note: 139.578 KiB (sequential) has 3 overlapping summary rows with medians [7.7, 7.6, 15.9] (spread 8.4 ticks, 80.6%) -- averaging, widening whiskers to the union
  note: 165.992 KiB (sequential) has 4 overlapping summary rows with medians [7.7, 7.6, 7.7, 26.8] (spread 19.3 ticks, 154.9%) -- averaging, widening whiskers to the union
  note: 197.398 KiB (sequential) has 5 overlapping summary rows with medians [7.6, 7.5, 7.6, 7.6, 22.8] (spread 15.3 ticks, 144.4%) -- averaging, widening whiskers to the union
  note: 279.164 KiB (sequential) has 5 overlapping summary rows with medians [7.5, 7.0, 7.5, 8.2, 6.1] (spread 2.1 ticks, 29.4%) -- averaging, widening whiskers to the union
  note: 1.54221 MiB (sequential) has 5 overlapping summary rows with medians [7.9, 7.8, 7.6, 6.2, 7.7] (spread 1.7 ticks, 22.8%) -- averaging, widening whiskers to the union
  note: 1.83401 MiB (sequential) has 2 overlapping summary rows with medians [7.7, 6.0] (spread 1.7 ticks, 24.1%) -- averaging, widening whiskers to the union
  note: 3.08442 MiB (sequential) has 3 overlapping summary rows with medians [7.6, 7.7, 15.7] (spread 8.1 ticks, 78.2%) -- averaging, widening whiskers to the union
  note: 4.36203 MiB (sequential) has 6 overlapping summary rows with medians [7.7, 7.5, 7.7, 15.8, 15.7, 15.1] (spread 8.3 ticks, 71.4%) -- averaging, widening whiskers to the union
  note: 141.609 KiB (sequential) has 2 overlapping summary rows with medians [7.6, 15.0] (spread 7.4 ticks, 66.0%) -- averaging, widening whiskers to the union
  note: 145.758 KiB (sequential) has 2 overlapping summary rows with medians [6.0, 7.5] (spread 1.5 ticks, 22.3%) -- averaging, widening whiskers to the union
  note: 147.883 KiB (sequential) has 2 overlapping summary rows with medians [6.0, 7.6] (spread 1.6 ticks, 23.4%) -- averaging, widening whiskers to the union
  note: 168.406 KiB (sequential) has 3 overlapping summary rows with medians [7.5, 7.5, 15.7] (spread 8.3 ticks, 80.9%) -- averaging, widening whiskers to the union
  note: 200.273 KiB (sequential) has 4 overlapping summary rows with medians [7.6, 7.5, 7.5, 14.1] (spread 6.7 ticks, 72.7%) -- averaging, widening whiskers to the union
  note: 203.18 KiB (sequential) has 3 overlapping summary rows with medians [7.6, 7.6, 10.7] (spread 3.1 ticks, 36.1%) -- averaging, widening whiskers to the union
  note: 275.164 KiB (sequential) has 4 overlapping summary rows with medians [7.6, 7.5, 7.6, 6.0] (spread 1.6 ticks, 22.0%) -- averaging, widening whiskers to the union
  note: 283.227 KiB (sequential) has 4 overlapping summary rows with medians [6.0, 7.2, 7.6, 7.7] (spread 1.6 ticks, 23.0%) -- averaging, widening whiskers to the union
  note: 304.43 KiB (sequential) has 5 overlapping summary rows with medians [7.6, 7.6, 7.7, 7.5, 18.7] (spread 11.1 ticks, 113.5%) -- averaging, widening whiskers to the union
  note: 308.859 KiB (sequential) has 5 overlapping summary rows with medians [6.5, 7.7, 7.8, 7.6, 16.8] (spread 10.2 ticks, 110.4%) -- averaging, widening whiskers to the union
  note: 313.352 KiB (sequential) has 5 overlapping summary rows with medians [7.5, 7.7, 7.6, 7.6, 9.9] (spread 2.4 ticks, 29.8%) -- averaging, widening whiskers to the union
  note: 327.227 KiB (sequential) has 5 overlapping summary rows with medians [6.0, 7.6, 7.6, 7.6, 7.6] (spread 1.6 ticks, 22.1%) -- averaging, widening whiskers to the union
  note: 356.844 KiB (sequential) has 5 overlapping summary rows with medians [6.0, 7.7, 7.7, 7.7, 7.7] (spread 1.7 ticks, 23.3%) -- averaging, widening whiskers to the union
  note: 362.031 KiB (sequential) has 4 overlapping summary rows with medians [6.1, 7.7, 7.9, 7.6] (spread 1.7 ticks, 23.8%) -- averaging, widening whiskers to the union
  note: 372.641 KiB (sequential) has 5 overlapping summary rows with medians [6.0, 7.6, 7.6, 7.6, 7.5] (spread 1.6 ticks, 21.9%) -- averaging, widening whiskers to the union
  note: 389.141 KiB (sequential) has 5 overlapping summary rows with medians [6.0, 6.1, 7.6, 7.5, 7.5] (spread 1.6 ticks, 22.8%) -- averaging, widening whiskers to the union
  note: 424.359 KiB (sequential) has 5 overlapping summary rows with medians [6.0, 7.3, 7.5, 7.6, 7.4] (spread 1.6 ticks, 22.3%) -- averaging, widening whiskers to the union
  note: 443.148 KiB (sequential) has 5 overlapping summary rows with medians [6.0, 6.0, 7.6, 7.6, 7.6] (spread 1.6 ticks, 23.0%) -- averaging, widening whiskers to the union
  note: 483.258 KiB (sequential) has 5 overlapping summary rows with medians [6.0, 7.5, 7.6, 7.5, 7.6] (spread 1.6 ticks, 21.9%) -- averaging, widening whiskers to the union
  note: 490.289 KiB (sequential) has 5 overlapping summary rows with medians [6.0, 7.7, 7.5, 7.7, 7.6] (spread 1.7 ticks, 23.3%) -- averaging, widening whiskers to the union
  note: 574.695 KiB (sequential) has 5 overlapping summary rows with medians [6.0, 7.5, 7.6, 7.8, 7.4] (spread 1.8 ticks, 24.4%) -- averaging, widening whiskers to the union
  note: 1009.31 KiB (sequential) has 5 overlapping summary rows with medians [6.0, 7.8, 7.8, 7.8, 7.9] (spread 1.9 ticks, 24.9%) -- averaging, widening whiskers to the union
  note: 1.10636 MiB (sequential) has 4 overlapping summary rows with medians [6.0, 7.4, 7.6, 7.5] (spread 1.6 ticks, 22.2%) -- averaging, widening whiskers to the union
  note: 170.859 KiB (sequential) has 2 overlapping summary rows with medians [7.6, 10.0] (spread 2.3 ticks, 26.5%) -- averaging, widening whiskers to the union
  note: 1.63391 MiB (sequential) has 3 overlapping summary rows with medians [6.0, 8.5, 7.9] (spread 2.5 ticks, 32.8%) -- averaging, widening whiskers to the union
  note: 1.86068 MiB (sequential) has 3 overlapping summary rows with medians [6.0, 7.6, 7.6] (spread 1.6 ticks, 22.4%) -- averaging, widening whiskers to the union
  note: 1.97132 MiB (sequential) has 3 overlapping summary rows with medians [6.0, 7.7, 7.9] (spread 1.8 ticks, 25.6%) -- averaging, widening whiskers to the union
  note: 4.42548 MiB (sequential) has 5 overlapping summary rows with medians [7.9, 7.9, 9.6, 7.9, 8.8] (spread 1.7 ticks, 20.7%) -- averaging, widening whiskers to the union
Wrote data_processed/hazel_icelake_6326/capacity_rerun/capacity/plots/capacity_curve.pdf and .png
Wrote data_processed/hazel_icelake_6326/capacity_rerun/capacity/plots/capacity_boxplots.pdf and .png
-- compressing raw CSVs --
== done ==
== plots: data_processed/hazel_icelake_6326/capacity_rerun/capacity/plots/capacity_curve.{png,pdf}, data_processed/hazel_icelake_6326/capacity_rerun/capacity/plots/capacity_boxplots.{png,pdf} ==
== detected boundaries (bytes): 961544 1143480 1359832 1617120 2493944 25874000 36591368 ==
== record in data_raw/hazel_icelake_6326/capacity_rerun/README.md: core=16, seed=12345, samples=1000000, timestamp=20260915T143524Z ==
== full transcript saved to: data_raw/hazel_icelake_6326/capacity_rerun/capacity/run_capacity_full_20260915T143524Z.log ==

=== Done ===

------------------------------------------------------------
Resource usage summary:

    Job ID            : 842711
    Job name          : hw1_cap_relook
    User / Account    : krchen / ece592f26_cpu
    Partition / QOS   : compute_partners / short
    Submitted         : 2026-09-15T10:35:03
    Started           : 2026-09-15T10:35:23
    Wait time         : 20 sec
    Elapsed (wall)    : 00:51:32
    Nodes             : 1 (c060n02)
    CPUs allocated    : 1
    Tasks             : 1
    CPU time (total)  : 3080.40 sec  (user 3034.15, sys 46.25)
    CPU efficiency    : 99.6%
    Memory in use     : 522.61 MB  (sampled at job end; see seff for peak)
    Memory requested  : 8G
    Working directory : /gpfs_common/share01/titan/krchen/Proj1-Cache-Reverse-Engineering
    Exit code         : 0:0

    For final accounting (Slurm's MaxRSS, billing, etc.):  seff 842711
------------------------------------------------------------
