== run_software_hit_rate_sweep: machine=charnwood core=3 seed=12345 ==
== boundaries=L1:32768,L2:262144,LLC:8388608,DRAM:536870912 ==
== timestamp=20260914T123410Z ==
== test_bytes=4096 ==
  # result tau_ticks=196.0000 sensitivity=0.9952 specificity=0.9999 p_obs=1.0000 Hhat=1.0000 ci_lower=1.0000 ci_upper=1.0000 bootstrap_mean=1.0000 bootstrap_std=0.0000 bootstrap_reps=2000
== test_bytes=16384 ==
  # result tau_ticks=190.0000 sensitivity=0.9952 specificity=0.9998 p_obs=1.0000 Hhat=1.0000 ci_lower=1.0000 ci_upper=1.0000 bootstrap_mean=1.0000 bootstrap_std=0.0000 bootstrap_reps=2000
== test_bytes=32768 ==
  # result tau_ticks=192.0000 sensitivity=0.9953 specificity=0.9999 p_obs=0.9999 Hhat=1.0000 ci_lower=1.0000 ci_upper=1.0000 bootstrap_mean=1.0000 bootstrap_std=0.0000 bootstrap_reps=2000
== test_bytes=65536 ==
  # result tau_ticks=186.0000 sensitivity=0.9936 specificity=0.9999 p_obs=1.0000 Hhat=1.0000 ci_lower=1.0000 ci_upper=1.0000 bootstrap_mean=1.0000 bootstrap_std=0.0000 bootstrap_reps=2000
== test_bytes=131072 ==
  # result tau_ticks=130.0000 sensitivity=0.9953 specificity=1.0000 p_obs=0.9997 Hhat=1.0000 ci_lower=1.0000 ci_upper=1.0000 bootstrap_mean=1.0000 bootstrap_std=0.0000 bootstrap_reps=2000
== test_bytes=262144 ==
  # result tau_ticks=198.0000 sensitivity=0.9951 specificity=0.9998 p_obs=1.0000 Hhat=1.0000 ci_lower=1.0000 ci_upper=1.0000 bootstrap_mean=1.0000 bootstrap_std=0.0000 bootstrap_reps=2000
== test_bytes=1048576 ==
  # result tau_ticks=140.0000 sensitivity=0.9953 specificity=0.9999 p_obs=1.0000 Hhat=1.0000 ci_lower=1.0000 ci_upper=1.0000 bootstrap_mean=1.0000 bootstrap_std=0.0000 bootstrap_reps=2000
== test_bytes=4194304 ==
  # result tau_ticks=192.0000 sensitivity=0.9953 specificity=0.9999 p_obs=0.9985 Hhat=1.0000 ci_lower=1.0000 ci_upper=1.0000 bootstrap_mean=1.0000 bootstrap_std=0.0000 bootstrap_reps=2000
== test_bytes=8388608 ==
  # result tau_ticks=142.0000 sensitivity=0.9953 specificity=0.9999 p_obs=0.0988 Hhat=0.0991 ci_lower=0.0781 ci_upper=0.1012 bootstrap_mean=0.0916 bootstrap_std=0.0075 bootstrap_reps=2000
== test_bytes=16777216 ==
  # result tau_ticks=196.0000 sensitivity=0.9953 specificity=0.9998 p_obs=0.2304 Hhat=0.2313 ci_lower=0.1720 ci_upper=0.2344 bootstrap_mean=0.2095 bootstrap_std=0.0227 bootstrap_reps=2000
== test_bytes=31457280 ==
  # result tau_ticks=314.0000 sensitivity=0.9925 specificity=0.9991 p_obs=0.1779 Hhat=0.1785 ci_lower=0.1745 ci_upper=0.1819 bootstrap_mean=0.1784 bootstrap_std=0.0019 bootstrap_reps=2000
== test_bytes=67108864 ==
  # result tau_ticks=194.0000 sensitivity=0.9952 specificity=0.9999 p_obs=0.0042 Hhat=0.0041 ci_lower=0.0028 ci_upper=0.0046 bootstrap_mean=0.0039 bootstrap_std=0.0005 bootstrap_reps=2000
== test_bytes=134217728 ==
  # result tau_ticks=186.0000 sensitivity=0.9952 specificity=0.9999 p_obs=0.0017 Hhat=0.0016 ci_lower=0.0012 ci_upper=0.0039 bootstrap_mean=0.0023 bootstrap_std=0.0009 bootstrap_reps=2000
== test_bytes=268435456 ==
  # result tau_ticks=198.0000 sensitivity=0.9952 specificity=0.9998 p_obs=0.0009 Hhat=0.0007 ci_lower=0.0003 ci_upper=0.0010 bootstrap_mean=0.0007 bootstrap_std=0.0002 bootstrap_reps=2000
== test_bytes=536870912 ==
  # result tau_ticks=190.0000 sensitivity=0.9953 specificity=0.9999 p_obs=0.0002 Hhat=0.0001 ci_lower=0.0000 ci_upper=0.0003 bootstrap_mean=0.0001 bootstrap_std=0.0001 bootstrap_reps=2000
wrote 15 rows -> data_raw/charnwood/software_hit_rate/hit_rate_sweep_20260914T123410Z.csv
-- generating plots --
wrote data_processed/charnwood/software_hit_rate/plots/calibration_distributions.{png,pdf}
wrote data_processed/charnwood/software_hit_rate/plots/hit_rate_sweep.{png,pdf}
-- compressing raw per-access CSVs --

== done ==
== summary: data_raw/charnwood/software_hit_rate/hit_rate_sweep_20260914T123410Z.csv ==
== record in data_raw/charnwood/README.md: core=3, seed=12345, timestamp=20260914T123410Z ==
== full transcript saved to: data_raw/charnwood/software_hit_rate/run_software_hit_rate_sweep_20260914T123410Z.log ==
