== run_capacity_full: machine=skylark core=10 coarse_max=134217728 seed=12345 ==
== timestamp=20260908T160607Z ==
-- coarse sweep 1024-134217728 bytes --
  wrote 137002 lines -> data_raw/skylark/capacity/capacity_coarse_random_20260908T160607Z.csv
  wrote 137002 lines -> data_raw/skylark/capacity/capacity_coarse_sequential_20260908T160607Z.csv
Wrote 137 summary rows to data_processed/skylark/capacity/coarse_random_summary.csv
Wrote 137 summary rows to data_processed/skylark/capacity/coarse_sequential_summary.csv
-- tail-extension sweep 134217728-536870912 bytes --
  wrote 17002 lines -> data_raw/skylark/capacity/capacity_coarse_ext_random_20260908T160607Z.csv
  wrote 17002 lines -> data_raw/skylark/capacity/capacity_coarse_ext_sequential_20260908T160607Z.csv
Wrote 17 summary rows to data_processed/skylark/capacity/coarse_ext_random_summary.csv
Wrote 17 summary rows to data_processed/skylark/capacity/coarse_ext_sequential_summary.csv
-- detected boundaries (bytes): 16777216 18295680 21757352 --
-- dense sweep around boundary 16777216 bytes: 2097152-134217728 --
  wrote 289002 lines -> data_raw/skylark/capacity/capacity_dense0_random_20260908T160607Z.csv
  wrote 289002 lines -> data_raw/skylark/capacity/capacity_dense0_sequential_20260908T160607Z.csv
Wrote 289 summary rows to data_processed/skylark/capacity/dense0_random_summary.csv
Wrote 289 summary rows to data_processed/skylark/capacity/dense0_sequential_summary.csv
-- dense sweep around boundary 18295680 bytes: 2286960-146365440 --
  wrote 289002 lines -> data_raw/skylark/capacity/capacity_dense1_random_20260908T160607Z.csv
  wrote 289002 lines -> data_raw/skylark/capacity/capacity_dense1_sequential_20260908T160607Z.csv
Wrote 289 summary rows to data_processed/skylark/capacity/dense1_random_summary.csv
Wrote 289 summary rows to data_processed/skylark/capacity/dense1_sequential_summary.csv
-- dense sweep around boundary 21757352 bytes: 2719669-174058816 --
  wrote 289002 lines -> data_raw/skylark/capacity/capacity_dense2_random_20260908T160607Z.csv
  wrote 289002 lines -> data_raw/skylark/capacity/capacity_dense2_sequential_20260908T160607Z.csv
Wrote 289 summary rows to data_processed/skylark/capacity/dense2_random_summary.csv
Wrote 289 summary rows to data_processed/skylark/capacity/dense2_sequential_summary.csv
  -- repeat 1/2 of deepest boundary's dense window --
  wrote 289002 lines -> data_raw/skylark/capacity/capacity_dense2_rep1_random_20260908T160607Z.csv
  wrote 289002 lines -> data_raw/skylark/capacity/capacity_dense2_rep1_sequential_20260908T160607Z.csv
Wrote 289 summary rows to data_processed/skylark/capacity/dense2_rep1_random_summary.csv
Wrote 289 summary rows to data_processed/skylark/capacity/dense2_rep1_sequential_summary.csv
  -- repeat 2/2 of deepest boundary's dense window --
  wrote 289002 lines -> data_raw/skylark/capacity/capacity_dense2_rep2_random_20260908T160607Z.csv
  wrote 289002 lines -> data_raw/skylark/capacity/capacity_dense2_rep2_sequential_20260908T160607Z.csv
Wrote 289 summary rows to data_processed/skylark/capacity/dense2_rep2_random_summary.csv
Wrote 289 summary rows to data_processed/skylark/capacity/dense2_rep2_sequential_summary.csv
-- dense sweep past deepest boundary, checking for a further plateau: 134217728-536870912 --
  wrote 97002 lines -> data_raw/skylark/capacity/capacity_denseTail_random_20260908T160607Z.csv
  wrote 97002 lines -> data_raw/skylark/capacity/capacity_denseTail_sequential_20260908T160607Z.csv
Wrote 97 summary rows to data_processed/skylark/capacity/denseTail_random_summary.csv
Wrote 97 summary rows to data_processed/skylark/capacity/denseTail_sequential_summary.csv
-- generating plots --
Traceback (most recent call last):
  File "/home/nsngo/ECE592/Proj1-Cache-Reverse-Engineering/scripts/plot_capacity.py", line 33, in <module>
    import matplotlib
ModuleNotFoundError: No module named 'matplotlib'
