== run_associativity_full: machine=upgrade core=5 base_seed=12345 max_ways=40 ==
== timestamp=20260912T013715Z ==
-- using explicit cache_bytes override: 32768 --

== level L1: cache_bytes=32768 ==
-- base sweep num_ways=2-40 --
  wrote 39002 lines -> data_raw/upgrade/associativity/L1/associativity_base_random_20260912T013715Z.csv (seed=12345)
  wrote 39002 lines -> data_raw/upgrade/associativity/L1/associativity_base_sequential_20260912T013715Z.csv (seed=12345)
Wrote 39 summary rows to data_processed/upgrade/associativity/L1/base_random_summary_20260912T013715Z.csv
Wrote 39 summary rows to data_processed/upgrade/associativity/L1/base_sequential_summary_20260912T013715Z.csv
-- detected associativity estimate: 8 --
  -- repeat 1/2 (seed=12346) --
  wrote 39002 lines -> data_raw/upgrade/associativity/L1/associativity_rep1_random_20260912T013715Z.csv (seed=12346)
  wrote 39002 lines -> data_raw/upgrade/associativity/L1/associativity_rep1_sequential_20260912T013715Z.csv (seed=12346)
Wrote 39 summary rows to data_processed/upgrade/associativity/L1/rep1_random_summary_20260912T013715Z.csv
Wrote 39 summary rows to data_processed/upgrade/associativity/L1/rep1_sequential_summary_20260912T013715Z.csv
     repeat 1 detected estimate: 8
  -- repeat 2/2 (seed=12347) --
  wrote 39002 lines -> data_raw/upgrade/associativity/L1/associativity_rep2_random_20260912T013715Z.csv (seed=12347)
  wrote 39002 lines -> data_raw/upgrade/associativity/L1/associativity_rep2_sequential_20260912T013715Z.csv (seed=12347)
Wrote 39 summary rows to data_processed/upgrade/associativity/L1/rep2_random_summary_20260912T013715Z.csv
Wrote 39 summary rows to data_processed/upgrade/associativity/L1/rep2_sequential_summary_20260912T013715Z.csv
     repeat 2 detected estimate: 8
-- generating plots for L1 --
  note: num_ways=12 (sequential) has 3 overlapping summary rows with medians [17.7, 23.3, 17.7] (spread 5.7 ticks, 29.0%) -- averaging, widening whiskers to the union
  note: num_ways=13 (sequential) has 3 overlapping summary rows with medians [18.1, 23.1, 17.7] (spread 5.4 ticks, 27.3%) -- averaging, widening whiskers to the union
  note: num_ways=14 (sequential) has 3 overlapping summary rows with medians [18.1, 22.7, 17.6] (spread 5.0 ticks, 25.8%) -- averaging, widening whiskers to the union
  note: num_ways=15 (sequential) has 3 overlapping summary rows with medians [18.1, 22.1, 17.6] (spread 4.5 ticks, 23.1%) -- averaging, widening whiskers to the union
  note: num_ways=16 (sequential) has 3 overlapping summary rows with medians [18.1, 21.9, 17.7] (spread 4.1 ticks, 21.6%) -- averaging, widening whiskers to the union
  note: num_ways=25 (sequential) has 3 overlapping summary rows with medians [23.1, 20.8, 17.7] (spread 5.4 ticks, 26.4%) -- averaging, widening whiskers to the union
  note: num_ways=26 (sequential) has 3 overlapping summary rows with medians [22.9, 20.6, 17.7] (spread 5.2 ticks, 25.6%) -- averaging, widening whiskers to the union
  note: num_ways=27 (sequential) has 3 overlapping summary rows with medians [22.8, 20.5, 17.7] (spread 5.1 ticks, 25.2%) -- averaging, widening whiskers to the union
Wrote data_processed/upgrade/associativity/L1/plots/associativity_curve.pdf and .png
Wrote data_processed/upgrade/associativity/L1/plots/associativity_boxplots.pdf and .png
-- compressing raw CSVs for L1 --

== done ==
== L1: cache_bytes=32768 -> associativity=8 (repeats: 8 8) ==
== record in data_raw/upgrade/README.md: core=5, base_seed=12345 (repeats use base_seed+index), samples=1000000, max_ways=40, timestamp=20260912T013715Z ==
== full transcript saved to: data_raw/upgrade/associativity/run_associativity_full_20260912T013715Z.log ==
