== run_associativity_full: machine=upgrade core=5 base_seed=12345 max_ways=40 ==
== timestamp=20260912T230322Z ==
-- using explicit cache_bytes override: 32768 262144 16777216 --

== level L1: cache_bytes=32768 ==
-- base sweep num_ways=2-40 --
  wrote 39002 lines -> data_raw/upgrade/associativity/L1/associativity_base_random_20260912T230322Z.csv (seed=12345)
  wrote 39002 lines -> data_raw/upgrade/associativity/L1/associativity_base_sequential_20260912T230322Z.csv (seed=12345)
Wrote 39 summary rows to data_processed/upgrade/associativity/L1/base_random_summary_20260912T230322Z.csv
Wrote 39 summary rows to data_processed/upgrade/associativity/L1/base_sequential_summary_20260912T230322Z.csv
-- detected associativity estimate: 8 --
  -- repeat 1/2 (seed=12346) --
  wrote 39002 lines -> data_raw/upgrade/associativity/L1/associativity_rep1_random_20260912T230322Z.csv (seed=12346)
  wrote 39002 lines -> data_raw/upgrade/associativity/L1/associativity_rep1_sequential_20260912T230322Z.csv (seed=12346)
Wrote 39 summary rows to data_processed/upgrade/associativity/L1/rep1_random_summary_20260912T230322Z.csv
Wrote 39 summary rows to data_processed/upgrade/associativity/L1/rep1_sequential_summary_20260912T230322Z.csv
     repeat 1 detected estimate: 8
  -- repeat 2/2 (seed=12347) --
  wrote 39002 lines -> data_raw/upgrade/associativity/L1/associativity_rep2_random_20260912T230322Z.csv (seed=12347)
  wrote 39002 lines -> data_raw/upgrade/associativity/L1/associativity_rep2_sequential_20260912T230322Z.csv (seed=12347)
Wrote 39 summary rows to data_processed/upgrade/associativity/L1/rep2_random_summary_20260912T230322Z.csv
Wrote 39 summary rows to data_processed/upgrade/associativity/L1/rep2_sequential_summary_20260912T230322Z.csv
     repeat 2 detected estimate: 8
-- generating plots for L1 --
  note: num_ways=22 (random) has 3 overlapping summary rows with medians [21.1, 23.9, 18.1] (spread 5.7 ticks, 27.3%) -- averaging, widening whiskers to the union
  note: num_ways=23 (random) has 3 overlapping summary rows with medians [21.0, 23.6, 18.1] (spread 5.4 ticks, 26.0%) -- averaging, widening whiskers to the union
  note: num_ways=24 (random) has 3 overlapping summary rows with medians [20.9, 23.8, 18.1] (spread 5.7 ticks, 27.2%) -- averaging, widening whiskers to the union
  note: num_ways=25 (random) has 3 overlapping summary rows with medians [20.8, 23.8, 18.1] (spread 5.6 ticks, 27.0%) -- averaging, widening whiskers to the union
  note: num_ways=26 (random) has 3 overlapping summary rows with medians [20.7, 23.7, 18.1] (spread 5.6 ticks, 27.1%) -- averaging, widening whiskers to the union
  note: num_ways=27 (random) has 3 overlapping summary rows with medians [20.6, 23.3, 18.1] (spread 5.2 ticks, 25.1%) -- averaging, widening whiskers to the union
  note: num_ways=28 (random) has 3 overlapping summary rows with medians [20.5, 23.1, 18.1] (spread 5.1 ticks, 24.6%) -- averaging, widening whiskers to the union
  note: num_ways=29 (random) has 3 overlapping summary rows with medians [20.4, 23.1, 18.1] (spread 5.1 ticks, 24.7%) -- averaging, widening whiskers to the union
  note: num_ways=30 (random) has 3 overlapping summary rows with medians [20.4, 22.8, 17.7] (spread 5.1 ticks, 25.1%) -- averaging, widening whiskers to the union
  note: num_ways=31 (random) has 3 overlapping summary rows with medians [20.3, 22.8, 17.7] (spread 5.1 ticks, 25.1%) -- averaging, widening whiskers to the union
  note: num_ways=32 (random) has 3 overlapping summary rows with medians [20.2, 22.7, 17.7] (spread 4.9 ticks, 24.5%) -- averaging, widening whiskers to the union
  note: num_ways=33 (random) has 3 overlapping summary rows with medians [20.1, 22.4, 17.7] (spread 4.7 ticks, 23.2%) -- averaging, widening whiskers to the union
  note: num_ways=34 (random) has 3 overlapping summary rows with medians [20.1, 22.3, 17.7] (spread 4.6 ticks, 22.8%) -- averaging, widening whiskers to the union
  note: num_ways=8 (sequential) has 3 overlapping summary rows with medians [8.0, 6.3, 6.1] (spread 1.9 ticks, 27.8%) -- averaging, widening whiskers to the union
  note: num_ways=33 (sequential) has 3 overlapping summary rows with medians [17.5, 21.8, 17.7] (spread 4.3 ticks, 22.4%) -- averaging, widening whiskers to the union
  note: num_ways=34 (sequential) has 3 overlapping summary rows with medians [19.1, 21.7, 17.6] (spread 4.0 ticks, 20.6%) -- averaging, widening whiskers to the union
Wrote data_processed/upgrade/associativity/L1/plots/associativity_curve.pdf and .png
Wrote data_processed/upgrade/associativity/L1/plots/associativity_boxplots.pdf and .png
-- compressing raw CSVs for L1 --

== level L2: cache_bytes=262144 ==
-- base sweep num_ways=2-40 --
  wrote 39002 lines -> data_raw/upgrade/associativity/L2/associativity_base_random_20260912T230322Z.csv (seed=12345)
  wrote 39002 lines -> data_raw/upgrade/associativity/L2/associativity_base_sequential_20260912T230322Z.csv (seed=12345)
Wrote 39 summary rows to data_processed/upgrade/associativity/L2/base_random_summary_20260912T230322Z.csv
Wrote 39 summary rows to data_processed/upgrade/associativity/L2/base_sequential_summary_20260912T230322Z.csv
-- detected associativity estimate: 4 --
  -- repeat 1/2 (seed=12346) --
  wrote 39002 lines -> data_raw/upgrade/associativity/L2/associativity_rep1_random_20260912T230322Z.csv (seed=12346)
  wrote 39002 lines -> data_raw/upgrade/associativity/L2/associativity_rep1_sequential_20260912T230322Z.csv (seed=12346)
Wrote 39 summary rows to data_processed/upgrade/associativity/L2/rep1_random_summary_20260912T230322Z.csv
Wrote 39 summary rows to data_processed/upgrade/associativity/L2/rep1_sequential_summary_20260912T230322Z.csv
     repeat 1 detected estimate: 4
  -- repeat 2/2 (seed=12347) --
  wrote 39002 lines -> data_raw/upgrade/associativity/L2/associativity_rep2_random_20260912T230322Z.csv (seed=12347)
  wrote 39002 lines -> data_raw/upgrade/associativity/L2/associativity_rep2_sequential_20260912T230322Z.csv (seed=12347)
Wrote 39 summary rows to data_processed/upgrade/associativity/L2/rep2_random_summary_20260912T230322Z.csv
Wrote 39 summary rows to data_processed/upgrade/associativity/L2/rep2_sequential_summary_20260912T230322Z.csv
     repeat 2 detected estimate: 4
-- generating plots for L2 --
  note: num_ways=21 (random) has 3 overlapping summary rows with medians [17.6, 23.9, 18.1] (spread 6.3 ticks, 31.6%) -- averaging, widening whiskers to the union
  note: num_ways=22 (random) has 3 overlapping summary rows with medians [17.7, 24.9, 21.0] (spread 7.2 ticks, 33.9%) -- averaging, widening whiskers to the union
  note: num_ways=23 (random) has 3 overlapping summary rows with medians [17.7, 27.6, 20.8] (spread 9.9 ticks, 44.8%) -- averaging, widening whiskers to the union
  note: num_ways=24 (random) has 3 overlapping summary rows with medians [17.7, 30.3, 23.8] (spread 12.7 ticks, 52.9%) -- averaging, widening whiskers to the union
  note: num_ways=25 (random) has 3 overlapping summary rows with medians [17.7, 30.8, 25.8] (spread 13.1 ticks, 52.8%) -- averaging, widening whiskers to the union
  note: num_ways=26 (random) has 3 overlapping summary rows with medians [17.7, 30.6, 26.2] (spread 13.0 ticks, 52.3%) -- averaging, widening whiskers to the union
  note: num_ways=27 (random) has 3 overlapping summary rows with medians [17.7, 31.5, 27.7] (spread 13.8 ticks, 53.9%) -- averaging, widening whiskers to the union
  note: num_ways=28 (random) has 3 overlapping summary rows with medians [17.7, 32.0, 27.7] (spread 14.3 ticks, 55.5%) -- averaging, widening whiskers to the union
  note: num_ways=29 (random) has 3 overlapping summary rows with medians [17.7, 31.4, 28.1] (spread 13.7 ticks, 53.1%) -- averaging, widening whiskers to the union
  note: num_ways=30 (random) has 3 overlapping summary rows with medians [17.7, 32.2, 28.5] (spread 14.5 ticks, 55.3%) -- averaging, widening whiskers to the union
  note: num_ways=31 (random) has 3 overlapping summary rows with medians [19.5, 32.1, 28.9] (spread 12.6 ticks, 47.0%) -- averaging, widening whiskers to the union
  note: num_ways=32 (random) has 3 overlapping summary rows with medians [19.4, 32.6, 29.4] (spread 13.2 ticks, 48.7%) -- averaging, widening whiskers to the union
  note: num_ways=33 (random) has 3 overlapping summary rows with medians [19.3, 31.8, 29.0] (spread 12.5 ticks, 46.8%) -- averaging, widening whiskers to the union
  note: num_ways=34 (random) has 3 overlapping summary rows with medians [21.5, 31.7, 28.7] (spread 10.3 ticks, 37.6%) -- averaging, widening whiskers to the union
  note: num_ways=35 (random) has 3 overlapping summary rows with medians [21.3, 31.2, 28.2] (spread 9.9 ticks, 36.7%) -- averaging, widening whiskers to the union
  note: num_ways=36 (random) has 3 overlapping summary rows with medians [21.2, 30.7, 27.9] (spread 9.5 ticks, 35.6%) -- averaging, widening whiskers to the union
  note: num_ways=37 (random) has 3 overlapping summary rows with medians [20.5, 30.3, 27.8] (spread 9.8 ticks, 37.5%) -- averaging, widening whiskers to the union
  note: num_ways=38 (random) has 3 overlapping summary rows with medians [21.0, 31.8, 27.6] (spread 10.7 ticks, 40.1%) -- averaging, widening whiskers to the union
  note: num_ways=39 (random) has 3 overlapping summary rows with medians [21.0, 31.4, 28.8] (spread 10.4 ticks, 38.5%) -- averaging, widening whiskers to the union
  note: num_ways=40 (random) has 3 overlapping summary rows with medians [20.9, 31.4, 28.4] (spread 10.5 ticks, 39.0%) -- averaging, widening whiskers to the union
  note: num_ways=4 (sequential) has 3 overlapping summary rows with medians [9.4, 9.4, 6.1] (spread 3.2 ticks, 39.2%) -- averaging, widening whiskers to the union
Wrote data_processed/upgrade/associativity/L2/plots/associativity_curve.pdf and .png
Wrote data_processed/upgrade/associativity/L2/plots/associativity_boxplots.pdf and .png
-- compressing raw CSVs for L2 --

== level L3_LLC: cache_bytes=16777216 ==
-- base sweep num_ways=2-40 --
  wrote 39002 lines -> data_raw/upgrade/associativity/L3_LLC/associativity_base_random_20260912T230322Z.csv (seed=12345)
  wrote 39002 lines -> data_raw/upgrade/associativity/L3_LLC/associativity_base_sequential_20260912T230322Z.csv (seed=12345)
Wrote 39 summary rows to data_processed/upgrade/associativity/L3_LLC/base_random_summary_20260912T230322Z.csv
Wrote 39 summary rows to data_processed/upgrade/associativity/L3_LLC/base_sequential_summary_20260912T230322Z.csv
-- detected associativity estimate: 4 --
  -- repeat 1/2 (seed=12346) --
  wrote 39002 lines -> data_raw/upgrade/associativity/L3_LLC/associativity_rep1_random_20260912T230322Z.csv (seed=12346)
  wrote 39002 lines -> data_raw/upgrade/associativity/L3_LLC/associativity_rep1_sequential_20260912T230322Z.csv (seed=12346)
Wrote 39 summary rows to data_processed/upgrade/associativity/L3_LLC/rep1_random_summary_20260912T230322Z.csv
Wrote 39 summary rows to data_processed/upgrade/associativity/L3_LLC/rep1_sequential_summary_20260912T230322Z.csv
     repeat 1 detected estimate: 3
  -- repeat 2/2 (seed=12347) --
  wrote 39002 lines -> data_raw/upgrade/associativity/L3_LLC/associativity_rep2_random_20260912T230322Z.csv (seed=12347)
  wrote 39002 lines -> data_raw/upgrade/associativity/L3_LLC/associativity_rep2_sequential_20260912T230322Z.csv (seed=12347)
Wrote 39 summary rows to data_processed/upgrade/associativity/L3_LLC/rep2_random_summary_20260912T230322Z.csv
Wrote 39 summary rows to data_processed/upgrade/associativity/L3_LLC/rep2_sequential_summary_20260912T230322Z.csv
     repeat 2 detected estimate: 4
WARNING: repeat(s) disagree with the base estimate (base=4,
         repeats=3 4) -- do NOT treat this level's
         associativity as resolved; investigate before citing a number.
-- generating plots for L3_LLC --
  note: num_ways=4 (random) has 3 overlapping summary rows with medians [6.0, 10.5, 6.3] (spread 4.5 ticks, 59.4%) -- averaging, widening whiskers to the union
  note: num_ways=7 (random) has 3 overlapping summary rows with medians [12.4, 15.3, 12.9] (spread 3.0 ticks, 22.0%) -- averaging, widening whiskers to the union
  note: num_ways=8 (random) has 3 overlapping summary rows with medians [12.4, 15.8, 12.9] (spread 3.4 ticks, 24.8%) -- averaging, widening whiskers to the union
  note: num_ways=34 (sequential) has 3 overlapping summary rows with medians [22.0, 17.7, 21.2] (spread 4.4 ticks, 21.5%) -- averaging, widening whiskers to the union
  note: num_ways=35 (sequential) has 3 overlapping summary rows with medians [21.9, 17.7, 20.7] (spread 4.2 ticks, 20.8%) -- averaging, widening whiskers to the union
  note: num_ways=36 (sequential) has 3 overlapping summary rows with medians [21.8, 17.7, 21.0] (spread 4.1 ticks, 20.3%) -- averaging, widening whiskers to the union
  note: num_ways=37 (sequential) has 3 overlapping summary rows with medians [21.7, 17.7, 22.1] (spread 4.4 ticks, 21.5%) -- averaging, widening whiskers to the union
  note: num_ways=38 (sequential) has 3 overlapping summary rows with medians [22.0, 17.7, 21.9] (spread 4.3 ticks, 21.1%) -- averaging, widening whiskers to the union
  note: num_ways=39 (sequential) has 3 overlapping summary rows with medians [22.0, 17.7, 22.4] (spread 4.7 ticks, 22.5%) -- averaging, widening whiskers to the union
  note: num_ways=40 (sequential) has 3 overlapping summary rows with medians [23.3, 19.3, 24.0] (spread 4.7 ticks, 21.3%) -- averaging, widening whiskers to the union
Wrote data_processed/upgrade/associativity/L3_LLC/plots/associativity_curve.pdf and .png
Wrote data_processed/upgrade/associativity/L3_LLC/plots/associativity_boxplots.pdf and .png
-- compressing raw CSVs for L3_LLC --

== done ==
== L1: cache_bytes=32768 -> associativity=8 (repeats: 8 8) ==
== L2: cache_bytes=262144 -> associativity=4 (repeats: 4 4) ==
== L3_LLC: cache_bytes=16777216 -> associativity=4 (repeats: 3 4) ==
== record in data_raw/upgrade/README.md: core=5, base_seed=12345 (repeats use base_seed+index), samples=1000000, max_ways=40, timestamp=20260912T230322Z ==
== full transcript saved to: data_raw/upgrade/associativity/run_associativity_full_20260912T230322Z.log ==
