== run_associativity_full: machine=thunderbird core=4 base_seed=12345 max_ways=40 ==
== timestamp=20260912T224539Z ==
-- using explicit cache_bytes override: 65536 1048576 31457280 --

== level L1: cache_bytes=65536 ==
-- base sweep num_ways=2-40 --
  wrote 39002 lines -> data_raw/thunderbird/associativity/L1/associativity_base_random_20260912T224539Z.csv (seed=12345)
  wrote 39002 lines -> data_raw/thunderbird/associativity/L1/associativity_base_sequential_20260912T224539Z.csv (seed=12345)
Wrote 39 summary rows to data_processed/thunderbird/associativity/L1/base_random_summary_20260912T224539Z.csv
Wrote 39 summary rows to data_processed/thunderbird/associativity/L1/base_sequential_summary_20260912T224539Z.csv
-- detected associativity estimate: none --
  -- repeat 1/2 (seed=12346) --
  wrote 39002 lines -> data_raw/thunderbird/associativity/L1/associativity_rep1_random_20260912T224539Z.csv (seed=12346)
  wrote 39002 lines -> data_raw/thunderbird/associativity/L1/associativity_rep1_sequential_20260912T224539Z.csv (seed=12346)
Wrote 39 summary rows to data_processed/thunderbird/associativity/L1/rep1_random_summary_20260912T224539Z.csv
Wrote 39 summary rows to data_processed/thunderbird/associativity/L1/rep1_sequential_summary_20260912T224539Z.csv
     repeat 1 detected estimate: none
  -- repeat 2/2 (seed=12347) --
  wrote 39002 lines -> data_raw/thunderbird/associativity/L1/associativity_rep2_random_20260912T224539Z.csv (seed=12347)
  wrote 39002 lines -> data_raw/thunderbird/associativity/L1/associativity_rep2_sequential_20260912T224539Z.csv (seed=12347)
Wrote 39 summary rows to data_processed/thunderbird/associativity/L1/rep2_random_summary_20260912T224539Z.csv
Wrote 39 summary rows to data_processed/thunderbird/associativity/L1/rep2_sequential_summary_20260912T224539Z.csv
     repeat 2 detected estimate: none
-- base sweep found no knee; the 2 repeats above still ran to check
   whether that's reproducible, not just a borderline miss on one run
   (either true associativity is >= max_ways=40, or cache_bytes=65536
    doesn't match this level's real capacity -- see the warning above if this
    came from auto-detection)
-- generating plots for L1 --
  note: num_ways=2 (random) has 3 overlapping summary rows with medians [0.1, 0.1, 0.1] (spread 0.0 ticks, 43.7%) -- averaging, widening whiskers to the union
  note: num_ways=3 (random) has 3 overlapping summary rows with medians [0.1, 0.1, 0.1] (spread 0.0 ticks, 45.1%) -- averaging, widening whiskers to the union
  note: num_ways=4 (random) has 3 overlapping summary rows with medians [0.1, 0.1, 0.1] (spread 0.0 ticks, 44.9%) -- averaging, widening whiskers to the union
  note: num_ways=5 (random) has 3 overlapping summary rows with medians [0.2, 0.1, 0.2] (spread 0.1 ticks, 44.4%) -- averaging, widening whiskers to the union
  note: num_ways=6 (random) has 3 overlapping summary rows with medians [0.2, 0.2, 0.2] (spread 0.1 ticks, 42.9%) -- averaging, widening whiskers to the union
  note: num_ways=7 (random) has 3 overlapping summary rows with medians [0.2, 0.2, 0.2] (spread 0.1 ticks, 43.1%) -- averaging, widening whiskers to the union
  note: num_ways=8 (random) has 3 overlapping summary rows with medians [0.2, 0.2, 0.2] (spread 0.1 ticks, 42.6%) -- averaging, widening whiskers to the union
  note: num_ways=9 (random) has 3 overlapping summary rows with medians [0.2, 0.1, 0.2] (spread 0.1 ticks, 38.3%) -- averaging, widening whiskers to the union
  note: num_ways=10 (random) has 3 overlapping summary rows with medians [0.2, 0.1, 0.2] (spread 0.0 ticks, 26.1%) -- averaging, widening whiskers to the union
  note: num_ways=37 (sequential) has 3 overlapping summary rows with medians [0.1, 0.8, 0.2] (spread 0.6 ticks, 175.6%) -- averaging, widening whiskers to the union
  note: num_ways=38 (sequential) has 3 overlapping summary rows with medians [0.1, 0.8, 0.2] (spread 0.6 ticks, 172.9%) -- averaging, widening whiskers to the union
  note: num_ways=39 (sequential) has 3 overlapping summary rows with medians [0.1, 0.8, 0.2] (spread 0.6 ticks, 172.2%) -- averaging, widening whiskers to the union
  note: num_ways=40 (sequential) has 3 overlapping summary rows with medians [0.7, 0.7, 0.2] (spread 0.6 ticks, 108.0%) -- averaging, widening whiskers to the union
Wrote data_processed/thunderbird/associativity/L1/plots/associativity_curve.pdf and .png
Wrote data_processed/thunderbird/associativity/L1/plots/associativity_boxplots.pdf and .png
-- compressing raw CSVs for L1 --

== level L2: cache_bytes=1048576 ==
-- base sweep num_ways=2-40 --
  wrote 39002 lines -> data_raw/thunderbird/associativity/L2/associativity_base_random_20260912T224539Z.csv (seed=12345)
  wrote 39002 lines -> data_raw/thunderbird/associativity/L2/associativity_base_sequential_20260912T224539Z.csv (seed=12345)
Wrote 39 summary rows to data_processed/thunderbird/associativity/L2/base_random_summary_20260912T224539Z.csv
Wrote 39 summary rows to data_processed/thunderbird/associativity/L2/base_sequential_summary_20260912T224539Z.csv
-- detected associativity estimate: none --
  -- repeat 1/2 (seed=12346) --
  wrote 39002 lines -> data_raw/thunderbird/associativity/L2/associativity_rep1_random_20260912T224539Z.csv (seed=12346)
  wrote 39002 lines -> data_raw/thunderbird/associativity/L2/associativity_rep1_sequential_20260912T224539Z.csv (seed=12346)
Wrote 39 summary rows to data_processed/thunderbird/associativity/L2/rep1_random_summary_20260912T224539Z.csv
Wrote 39 summary rows to data_processed/thunderbird/associativity/L2/rep1_sequential_summary_20260912T224539Z.csv
     repeat 1 detected estimate: none
  -- repeat 2/2 (seed=12347) --
  wrote 39002 lines -> data_raw/thunderbird/associativity/L2/associativity_rep2_random_20260912T224539Z.csv (seed=12347)
  wrote 39002 lines -> data_raw/thunderbird/associativity/L2/associativity_rep2_sequential_20260912T224539Z.csv (seed=12347)
Wrote 39 summary rows to data_processed/thunderbird/associativity/L2/rep2_random_summary_20260912T224539Z.csv
Wrote 39 summary rows to data_processed/thunderbird/associativity/L2/rep2_sequential_summary_20260912T224539Z.csv
     repeat 2 detected estimate: none
-- base sweep found no knee; the 2 repeats above still ran to check
   whether that's reproducible, not just a borderline miss on one run
   (either true associativity is >= max_ways=40, or cache_bytes=1048576
    doesn't match this level's real capacity -- see the warning above if this
    came from auto-detection)
-- generating plots for L2 --
  note: num_ways=2 (random) has 3 overlapping summary rows with medians [0.1, 0.1, 0.1] (spread 0.0 ticks, 44.9%) -- averaging, widening whiskers to the union
  note: num_ways=3 (random) has 3 overlapping summary rows with medians [0.1, 0.1, 0.1] (spread 0.0 ticks, 39.6%) -- averaging, widening whiskers to the union
  note: num_ways=4 (random) has 3 overlapping summary rows with medians [0.1, 0.1, 0.1] (spread 0.0 ticks, 38.4%) -- averaging, widening whiskers to the union
  note: num_ways=5 (random) has 3 overlapping summary rows with medians [0.2, 0.2, 0.1] (spread 0.1 ticks, 33.3%) -- averaging, widening whiskers to the union
  note: num_ways=6 (random) has 3 overlapping summary rows with medians [0.2, 0.2, 0.1] (spread 0.0 ticks, 20.6%) -- averaging, widening whiskers to the union
  note: num_ways=12 (random) has 3 overlapping summary rows with medians [0.7, 0.2, 0.2] (spread 0.5 ticks, 151.5%) -- averaging, widening whiskers to the union
  note: num_ways=14 (random) has 3 overlapping summary rows with medians [1.1, 0.5, 0.5] (spread 0.6 ticks, 79.4%) -- averaging, widening whiskers to the union
  note: num_ways=18 (random) has 3 overlapping summary rows with medians [0.8, 0.7, 0.7] (spread 0.2 ticks, 22.6%) -- averaging, widening whiskers to the union
  note: num_ways=12 (sequential) has 3 overlapping summary rows with medians [0.6, 0.2, 0.6] (spread 0.4 ticks, 92.4%) -- averaging, widening whiskers to the union
  note: num_ways=14 (sequential) has 3 overlapping summary rows with medians [0.8, 0.5, 0.8] (spread 0.3 ticks, 37.9%) -- averaging, widening whiskers to the union
  note: num_ways=16 (sequential) has 3 overlapping summary rows with medians [0.8, 0.9, 0.7] (spread 0.2 ticks, 21.2%) -- averaging, widening whiskers to the union
Wrote data_processed/thunderbird/associativity/L2/plots/associativity_curve.pdf and .png
Wrote data_processed/thunderbird/associativity/L2/plots/associativity_boxplots.pdf and .png
-- compressing raw CSVs for L2 --

== level L3_LLC: cache_bytes=31457280 ==
-- base sweep num_ways=2-40 --
  wrote 39002 lines -> data_raw/thunderbird/associativity/L3_LLC/associativity_base_random_20260912T224539Z.csv (seed=12345)
  wrote 39002 lines -> data_raw/thunderbird/associativity/L3_LLC/associativity_base_sequential_20260912T224539Z.csv (seed=12345)
Wrote 39 summary rows to data_processed/thunderbird/associativity/L3_LLC/base_random_summary_20260912T224539Z.csv
Wrote 39 summary rows to data_processed/thunderbird/associativity/L3_LLC/base_sequential_summary_20260912T224539Z.csv
-- detected associativity estimate: none --
  -- repeat 1/2 (seed=12346) --
  wrote 39002 lines -> data_raw/thunderbird/associativity/L3_LLC/associativity_rep1_random_20260912T224539Z.csv (seed=12346)
  wrote 39002 lines -> data_raw/thunderbird/associativity/L3_LLC/associativity_rep1_sequential_20260912T224539Z.csv (seed=12346)
Wrote 39 summary rows to data_processed/thunderbird/associativity/L3_LLC/rep1_random_summary_20260912T224539Z.csv
Wrote 39 summary rows to data_processed/thunderbird/associativity/L3_LLC/rep1_sequential_summary_20260912T224539Z.csv
     repeat 1 detected estimate: none
  -- repeat 2/2 (seed=12347) --
  wrote 39002 lines -> data_raw/thunderbird/associativity/L3_LLC/associativity_rep2_random_20260912T224539Z.csv (seed=12347)
  wrote 39002 lines -> data_raw/thunderbird/associativity/L3_LLC/associativity_rep2_sequential_20260912T224539Z.csv (seed=12347)
Wrote 39 summary rows to data_processed/thunderbird/associativity/L3_LLC/rep2_random_summary_20260912T224539Z.csv
Wrote 39 summary rows to data_processed/thunderbird/associativity/L3_LLC/rep2_sequential_summary_20260912T224539Z.csv
     repeat 2 detected estimate: none
-- base sweep found no knee; the 2 repeats above still ran to check
   whether that's reproducible, not just a borderline miss on one run
   (either true associativity is >= max_ways=40, or cache_bytes=31457280
    doesn't match this level's real capacity -- see the warning above if this
    came from auto-detection)
-- generating plots for L3_LLC --
  note: num_ways=2 (random) has 3 overlapping summary rows with medians [0.1, 0.1, 0.1] (spread 0.0 ticks, 38.7%) -- averaging, widening whiskers to the union
  note: num_ways=3 (random) has 3 overlapping summary rows with medians [0.1, 0.1, 0.1] (spread 0.0 ticks, 39.8%) -- averaging, widening whiskers to the union
  note: num_ways=4 (random) has 3 overlapping summary rows with medians [0.1, 0.1, 0.1] (spread 0.0 ticks, 37.0%) -- averaging, widening whiskers to the union
  note: num_ways=5 (random) has 3 overlapping summary rows with medians [0.2, 0.2, 0.2] (spread 0.1 ticks, 29.7%) -- averaging, widening whiskers to the union
  note: num_ways=6 (random) has 3 overlapping summary rows with medians [0.2, 0.2, 0.2] (spread 0.0 ticks, 26.5%) -- averaging, widening whiskers to the union
Wrote data_processed/thunderbird/associativity/L3_LLC/plots/associativity_curve.pdf and .png
Wrote data_processed/thunderbird/associativity/L3_LLC/plots/associativity_boxplots.pdf and .png
-- compressing raw CSVs for L3_LLC --

== done ==
== L1: cache_bytes=65536 -> associativity=none (repeats: none none) ==
== L2: cache_bytes=1048576 -> associativity=none (repeats: none none) ==
== L3_LLC: cache_bytes=31457280 -> associativity=none (repeats: none none) ==
== record in data_raw/thunderbird/README.md: core=4, base_seed=12345 (repeats use base_seed+index), samples=1000000, max_ways=40, timestamp=20260912T224539Z ==
== full transcript saved to: data_raw/thunderbird/associativity/run_associativity_full_20260912T224539Z.log ==
