== run_step4_only (Method A step 4 ONLY): machine=skylark core=10 seed=12345 ==
== timestamp=20260913T145558Z boundaries=32768 524288 8388608 candidates=32 64 128 ==
== candidates chosen by user after visually inspecting the seed=12345 line_size_family_curve.png for each level ==

############################################################
## LEVEL boundary=32768B candidate=32B -- step4 window=[4096,131072] bytes
############################################################
== [L32768 A step 4] bracket=8,16,24,32,40,48,56B (8B granularity) offsets=0,8,16,24,32,40,48,56B pattern=random ==
-- [L32768 A refine] stride=8B offset=0B pattern=random --
  wrote 31002 lines -> data_raw/skylark/line_size/level_32768/refine_8_off0_20260913T145558Z.csv
Wrote 31 summary rows to data_processed/skylark/line_size/level_32768/refine_8_off0_summary.csv
-- [L32768 A refine] stride=16B offset=0B pattern=random --
  wrote 31002 lines -> data_raw/skylark/line_size/level_32768/refine_16_off0_20260913T145558Z.csv
Wrote 31 summary rows to data_processed/skylark/line_size/level_32768/refine_16_off0_summary.csv
-- [L32768 A refine] stride=24B offset=0B pattern=random --
  wrote 31002 lines -> data_raw/skylark/line_size/level_32768/refine_24_off0_20260913T145558Z.csv
Wrote 31 summary rows to data_processed/skylark/line_size/level_32768/refine_24_off0_summary.csv
-- [L32768 A refine] stride=32B offset=0B pattern=random --
  wrote 31002 lines -> data_raw/skylark/line_size/level_32768/refine_32_off0_20260913T145558Z.csv
Wrote 31 summary rows to data_processed/skylark/line_size/level_32768/refine_32_off0_summary.csv
-- [L32768 A refine] stride=40B offset=0B pattern=random --
  wrote 31002 lines -> data_raw/skylark/line_size/level_32768/refine_40_off0_20260913T145558Z.csv
Wrote 31 summary rows to data_processed/skylark/line_size/level_32768/refine_40_off0_summary.csv
-- [L32768 A refine] stride=48B offset=0B pattern=random --
  wrote 31002 lines -> data_raw/skylark/line_size/level_32768/refine_48_off0_20260913T145558Z.csv
Wrote 31 summary rows to data_processed/skylark/line_size/level_32768/refine_48_off0_summary.csv
-- [L32768 A refine] stride=56B offset=0B pattern=random --
  wrote 31002 lines -> data_raw/skylark/line_size/level_32768/refine_56_off0_20260913T145558Z.csv
Wrote 31 summary rows to data_processed/skylark/line_size/level_32768/refine_56_off0_summary.csv
-- [L32768 A refine] stride=8B offset=8B pattern=random --
  wrote 31002 lines -> data_raw/skylark/line_size/level_32768/refine_8_off8_20260913T145558Z.csv
Wrote 31 summary rows to data_processed/skylark/line_size/level_32768/refine_8_off8_summary.csv
-- [L32768 A refine] stride=16B offset=8B pattern=random --
  wrote 31002 lines -> data_raw/skylark/line_size/level_32768/refine_16_off8_20260913T145558Z.csv
Wrote 31 summary rows to data_processed/skylark/line_size/level_32768/refine_16_off8_summary.csv
-- [L32768 A refine] stride=24B offset=8B pattern=random --
  wrote 31002 lines -> data_raw/skylark/line_size/level_32768/refine_24_off8_20260913T145558Z.csv
Wrote 31 summary rows to data_processed/skylark/line_size/level_32768/refine_24_off8_summary.csv
-- [L32768 A refine] stride=32B offset=8B pattern=random --
  wrote 31002 lines -> data_raw/skylark/line_size/level_32768/refine_32_off8_20260913T145558Z.csv
Wrote 31 summary rows to data_processed/skylark/line_size/level_32768/refine_32_off8_summary.csv
-- [L32768 A refine] stride=40B offset=8B pattern=random --
  wrote 31002 lines -> data_raw/skylark/line_size/level_32768/refine_40_off8_20260913T145558Z.csv
Wrote 31 summary rows to data_processed/skylark/line_size/level_32768/refine_40_off8_summary.csv
-- [L32768 A refine] stride=48B offset=8B pattern=random --
  wrote 31002 lines -> data_raw/skylark/line_size/level_32768/refine_48_off8_20260913T145558Z.csv
Wrote 31 summary rows to data_processed/skylark/line_size/level_32768/refine_48_off8_summary.csv
-- [L32768 A refine] stride=56B offset=8B pattern=random --
  wrote 31002 lines -> data_raw/skylark/line_size/level_32768/refine_56_off8_20260913T145558Z.csv
Wrote 31 summary rows to data_processed/skylark/line_size/level_32768/refine_56_off8_summary.csv
-- [L32768 A refine] stride=8B offset=16B pattern=random --
  wrote 31002 lines -> data_raw/skylark/line_size/level_32768/refine_8_off16_20260913T145558Z.csv
Wrote 31 summary rows to data_processed/skylark/line_size/level_32768/refine_8_off16_summary.csv
-- [L32768 A refine] stride=16B offset=16B pattern=random --
  wrote 31002 lines -> data_raw/skylark/line_size/level_32768/refine_16_off16_20260913T145558Z.csv
Wrote 31 summary rows to data_processed/skylark/line_size/level_32768/refine_16_off16_summary.csv
-- [L32768 A refine] stride=24B offset=16B pattern=random --
  wrote 31002 lines -> data_raw/skylark/line_size/level_32768/refine_24_off16_20260913T145558Z.csv
Wrote 31 summary rows to data_processed/skylark/line_size/level_32768/refine_24_off16_summary.csv
-- [L32768 A refine] stride=32B offset=16B pattern=random --
  wrote 31002 lines -> data_raw/skylark/line_size/level_32768/refine_32_off16_20260913T145558Z.csv
Wrote 31 summary rows to data_processed/skylark/line_size/level_32768/refine_32_off16_summary.csv
-- [L32768 A refine] stride=40B offset=16B pattern=random --
  wrote 31002 lines -> data_raw/skylark/line_size/level_32768/refine_40_off16_20260913T145558Z.csv
Wrote 31 summary rows to data_processed/skylark/line_size/level_32768/refine_40_off16_summary.csv
-- [L32768 A refine] stride=48B offset=16B pattern=random --
  wrote 31002 lines -> data_raw/skylark/line_size/level_32768/refine_48_off16_20260913T145558Z.csv
Wrote 31 summary rows to data_processed/skylark/line_size/level_32768/refine_48_off16_summary.csv
-- [L32768 A refine] stride=56B offset=16B pattern=random --
  wrote 31002 lines -> data_raw/skylark/line_size/level_32768/refine_56_off16_20260913T145558Z.csv
Wrote 31 summary rows to data_processed/skylark/line_size/level_32768/refine_56_off16_summary.csv
-- [L32768 A refine] stride=8B offset=24B pattern=random --
  wrote 31002 lines -> data_raw/skylark/line_size/level_32768/refine_8_off24_20260913T145558Z.csv
Wrote 31 summary rows to data_processed/skylark/line_size/level_32768/refine_8_off24_summary.csv
-- [L32768 A refine] stride=16B offset=24B pattern=random --
  wrote 31002 lines -> data_raw/skylark/line_size/level_32768/refine_16_off24_20260913T145558Z.csv
Wrote 31 summary rows to data_processed/skylark/line_size/level_32768/refine_16_off24_summary.csv
-- [L32768 A refine] stride=24B offset=24B pattern=random --
  wrote 31002 lines -> data_raw/skylark/line_size/level_32768/refine_24_off24_20260913T145558Z.csv
Wrote 31 summary rows to data_processed/skylark/line_size/level_32768/refine_24_off24_summary.csv
-- [L32768 A refine] stride=32B offset=24B pattern=random --
  wrote 31002 lines -> data_raw/skylark/line_size/level_32768/refine_32_off24_20260913T145558Z.csv
Wrote 31 summary rows to data_processed/skylark/line_size/level_32768/refine_32_off24_summary.csv
-- [L32768 A refine] stride=40B offset=24B pattern=random --
  wrote 31002 lines -> data_raw/skylark/line_size/level_32768/refine_40_off24_20260913T145558Z.csv
Wrote 31 summary rows to data_processed/skylark/line_size/level_32768/refine_40_off24_summary.csv
-- [L32768 A refine] stride=48B offset=24B pattern=random --
  wrote 31002 lines -> data_raw/skylark/line_size/level_32768/refine_48_off24_20260913T145558Z.csv
Wrote 31 summary rows to data_processed/skylark/line_size/level_32768/refine_48_off24_summary.csv
-- [L32768 A refine] stride=56B offset=24B pattern=random --
  wrote 31002 lines -> data_raw/skylark/line_size/level_32768/refine_56_off24_20260913T145558Z.csv
Wrote 31 summary rows to data_processed/skylark/line_size/level_32768/refine_56_off24_summary.csv
-- [L32768 A refine] stride=8B offset=32B pattern=random --
  wrote 31002 lines -> data_raw/skylark/line_size/level_32768/refine_8_off32_20260913T145558Z.csv
Wrote 31 summary rows to data_processed/skylark/line_size/level_32768/refine_8_off32_summary.csv
-- [L32768 A refine] stride=16B offset=32B pattern=random --
  wrote 31002 lines -> data_raw/skylark/line_size/level_32768/refine_16_off32_20260913T145558Z.csv
Wrote 31 summary rows to data_processed/skylark/line_size/level_32768/refine_16_off32_summary.csv
-- [L32768 A refine] stride=24B offset=32B pattern=random --
  wrote 31002 lines -> data_raw/skylark/line_size/level_32768/refine_24_off32_20260913T145558Z.csv
Wrote 31 summary rows to data_processed/skylark/line_size/level_32768/refine_24_off32_summary.csv
-- [L32768 A refine] stride=32B offset=32B pattern=random --
  wrote 31002 lines -> data_raw/skylark/line_size/level_32768/refine_32_off32_20260913T145558Z.csv
Wrote 31 summary rows to data_processed/skylark/line_size/level_32768/refine_32_off32_summary.csv
-- [L32768 A refine] stride=40B offset=32B pattern=random --
  wrote 31002 lines -> data_raw/skylark/line_size/level_32768/refine_40_off32_20260913T145558Z.csv
Wrote 31 summary rows to data_processed/skylark/line_size/level_32768/refine_40_off32_summary.csv
-- [L32768 A refine] stride=48B offset=32B pattern=random --
  wrote 31002 lines -> data_raw/skylark/line_size/level_32768/refine_48_off32_20260913T145558Z.csv
Wrote 31 summary rows to data_processed/skylark/line_size/level_32768/refine_48_off32_summary.csv
-- [L32768 A refine] stride=56B offset=32B pattern=random --
  wrote 31002 lines -> data_raw/skylark/line_size/level_32768/refine_56_off32_20260913T145558Z.csv
Wrote 31 summary rows to data_processed/skylark/line_size/level_32768/refine_56_off32_summary.csv
-- [L32768 A refine] stride=8B offset=40B pattern=random --
  wrote 31002 lines -> data_raw/skylark/line_size/level_32768/refine_8_off40_20260913T145558Z.csv
Wrote 31 summary rows to data_processed/skylark/line_size/level_32768/refine_8_off40_summary.csv
-- [L32768 A refine] stride=16B offset=40B pattern=random --
  wrote 31002 lines -> data_raw/skylark/line_size/level_32768/refine_16_off40_20260913T145558Z.csv
Wrote 31 summary rows to data_processed/skylark/line_size/level_32768/refine_16_off40_summary.csv
-- [L32768 A refine] stride=24B offset=40B pattern=random --
  wrote 31002 lines -> data_raw/skylark/line_size/level_32768/refine_24_off40_20260913T145558Z.csv
Wrote 31 summary rows to data_processed/skylark/line_size/level_32768/refine_24_off40_summary.csv
-- [L32768 A refine] stride=32B offset=40B pattern=random --
  wrote 31002 lines -> data_raw/skylark/line_size/level_32768/refine_32_off40_20260913T145558Z.csv
Wrote 31 summary rows to data_processed/skylark/line_size/level_32768/refine_32_off40_summary.csv
-- [L32768 A refine] stride=40B offset=40B pattern=random --
  wrote 31002 lines -> data_raw/skylark/line_size/level_32768/refine_40_off40_20260913T145558Z.csv
Wrote 31 summary rows to data_processed/skylark/line_size/level_32768/refine_40_off40_summary.csv
-- [L32768 A refine] stride=48B offset=40B pattern=random --
  wrote 31002 lines -> data_raw/skylark/line_size/level_32768/refine_48_off40_20260913T145558Z.csv
Wrote 31 summary rows to data_processed/skylark/line_size/level_32768/refine_48_off40_summary.csv
-- [L32768 A refine] stride=56B offset=40B pattern=random --
  wrote 31002 lines -> data_raw/skylark/line_size/level_32768/refine_56_off40_20260913T145558Z.csv
Wrote 31 summary rows to data_processed/skylark/line_size/level_32768/refine_56_off40_summary.csv
-- [L32768 A refine] stride=8B offset=48B pattern=random --
  wrote 31002 lines -> data_raw/skylark/line_size/level_32768/refine_8_off48_20260913T145558Z.csv
Wrote 31 summary rows to data_processed/skylark/line_size/level_32768/refine_8_off48_summary.csv
-- [L32768 A refine] stride=16B offset=48B pattern=random --
  wrote 31002 lines -> data_raw/skylark/line_size/level_32768/refine_16_off48_20260913T145558Z.csv
Wrote 31 summary rows to data_processed/skylark/line_size/level_32768/refine_16_off48_summary.csv
-- [L32768 A refine] stride=24B offset=48B pattern=random --
  wrote 31002 lines -> data_raw/skylark/line_size/level_32768/refine_24_off48_20260913T145558Z.csv
Wrote 31 summary rows to data_processed/skylark/line_size/level_32768/refine_24_off48_summary.csv
-- [L32768 A refine] stride=32B offset=48B pattern=random --
  wrote 31002 lines -> data_raw/skylark/line_size/level_32768/refine_32_off48_20260913T145558Z.csv
Wrote 31 summary rows to data_processed/skylark/line_size/level_32768/refine_32_off48_summary.csv
-- [L32768 A refine] stride=40B offset=48B pattern=random --
  wrote 31002 lines -> data_raw/skylark/line_size/level_32768/refine_40_off48_20260913T145558Z.csv
Wrote 31 summary rows to data_processed/skylark/line_size/level_32768/refine_40_off48_summary.csv
-- [L32768 A refine] stride=48B offset=48B pattern=random --
  wrote 31002 lines -> data_raw/skylark/line_size/level_32768/refine_48_off48_20260913T145558Z.csv
Wrote 31 summary rows to data_processed/skylark/line_size/level_32768/refine_48_off48_summary.csv
-- [L32768 A refine] stride=56B offset=48B pattern=random --
  wrote 31002 lines -> data_raw/skylark/line_size/level_32768/refine_56_off48_20260913T145558Z.csv
Wrote 31 summary rows to data_processed/skylark/line_size/level_32768/refine_56_off48_summary.csv
-- [L32768 A refine] stride=8B offset=56B pattern=random --
  wrote 31002 lines -> data_raw/skylark/line_size/level_32768/refine_8_off56_20260913T145558Z.csv
Wrote 31 summary rows to data_processed/skylark/line_size/level_32768/refine_8_off56_summary.csv
-- [L32768 A refine] stride=16B offset=56B pattern=random --
  wrote 31002 lines -> data_raw/skylark/line_size/level_32768/refine_16_off56_20260913T145558Z.csv
Wrote 31 summary rows to data_processed/skylark/line_size/level_32768/refine_16_off56_summary.csv
-- [L32768 A refine] stride=24B offset=56B pattern=random --
  wrote 31002 lines -> data_raw/skylark/line_size/level_32768/refine_24_off56_20260913T145558Z.csv
Wrote 31 summary rows to data_processed/skylark/line_size/level_32768/refine_24_off56_summary.csv
-- [L32768 A refine] stride=32B offset=56B pattern=random --
  wrote 31002 lines -> data_raw/skylark/line_size/level_32768/refine_32_off56_20260913T145558Z.csv
Wrote 31 summary rows to data_processed/skylark/line_size/level_32768/refine_32_off56_summary.csv
-- [L32768 A refine] stride=40B offset=56B pattern=random --
  wrote 31002 lines -> data_raw/skylark/line_size/level_32768/refine_40_off56_20260913T145558Z.csv
Wrote 31 summary rows to data_processed/skylark/line_size/level_32768/refine_40_off56_summary.csv
-- [L32768 A refine] stride=48B offset=56B pattern=random --
  wrote 31002 lines -> data_raw/skylark/line_size/level_32768/refine_48_off56_20260913T145558Z.csv
Wrote 31 summary rows to data_processed/skylark/line_size/level_32768/refine_48_off56_summary.csv
-- [L32768 A refine] stride=56B offset=56B pattern=random --
  wrote 31002 lines -> data_raw/skylark/line_size/level_32768/refine_56_off56_20260913T145558Z.csv
Wrote 31 summary rows to data_processed/skylark/line_size/level_32768/refine_56_off56_summary.csv
-- [L32768 A step 4] generating cross-alignment confirmation plots --
/home/krchen/Proj1-Cache-Reverse-Engineering/scripts/plot_line_size_offset.py:77: MatplotlibDeprecationWarning: The get_cmap function was deprecated in Matplotlib 3.7 and will be removed in 3.11. Use ``matplotlib.colormaps[name]`` or ``matplotlib.colormaps.get_cmap()`` or ``pyplot.get_cmap()`` instead.
  cmap = cm.get_cmap("plasma", max(len(offsets), 2))
Wrote data_processed/skylark/line_size/level_32768/plots/line_size_offset_elbow.pdf and .png
/home/krchen/Proj1-Cache-Reverse-Engineering/scripts/plot_line_size_offset.py:143: MatplotlibDeprecationWarning: The get_cmap function was deprecated in Matplotlib 3.7 and will be removed in 3.11. Use ``matplotlib.colormaps[name]`` or ``matplotlib.colormaps.get_cmap()`` or ``pyplot.get_cmap()`` instead.
  cmap = cm.get_cmap("plasma", max(len(offsets), 2))
Wrote data_processed/skylark/line_size/level_32768/plots/line_size_offset_boxplots.pdf and .png
-- elbow footprint by (offset, stride):
   offset=0B: {8: 58384, 16: 58384, 24: 58368, 32: 52000, 40: 52000, 48: 58368, 56: 41272}
   offset=8B: {8: 58384, 16: 52016, 24: 52008, 32: 52000, 40: 52000, 48: 46320, 56: 41272}
   offset=16B: {8: 58384, 16: 58384, 24: 58368, 32: 52000, 40: 52000, 48: 58368, 56: 41272}
   offset=24B: {8: 58384, 16: 58384, 24: 65520, 32: 52000, 40: 52000, 48: 41280, 56: 41272}
   offset=32B: {8: 58384, 16: 58384, 24: 58368, 32: 52000, 40: 46320, 48: 41280, 56: 46312}
   offset=40B: {8: 58384, 16: 58384, 24: 52008, 32: 58368, 40: 52000, 48: 46320, 56: 41272}
   offset=48B: {8: 58384, 16: 58384, 24: 58368, 32: 46336, 40: 52000, 48: 46320, 56: 41272}
   offset=56B: {8: 58384, 16: 58384, 24: 58368, 32: 52000, 40: 52000, 48: 46320, 56: 41272}
-- candidate stride 32B: elbow stable across the 8/8 offsets with a detectable elbow (46336-58368 bytes, 1.26x spread) -- consistent with a genuine, alignment-independent transition, but see the gap warning above before treating this as full 8/8 agreement

############################################################
## LEVEL boundary=524288B candidate=64B -- step4 window=[65536,2097152] bytes
############################################################
== [L524288 A step 4] bracket=40,48,56,64,72,80,88B (8B granularity) offsets=0,8,16,24,32,40,48,56B pattern=random ==
-- [L524288 A refine] stride=40B offset=0B pattern=random --
  wrote 31002 lines -> data_raw/skylark/line_size/level_524288/refine_40_off0_20260913T145558Z.csv
Wrote 31 summary rows to data_processed/skylark/line_size/level_524288/refine_40_off0_summary.csv
-- [L524288 A refine] stride=48B offset=0B pattern=random --
  wrote 31002 lines -> data_raw/skylark/line_size/level_524288/refine_48_off0_20260913T145558Z.csv
Wrote 31 summary rows to data_processed/skylark/line_size/level_524288/refine_48_off0_summary.csv
-- [L524288 A refine] stride=56B offset=0B pattern=random --
  wrote 31002 lines -> data_raw/skylark/line_size/level_524288/refine_56_off0_20260913T145558Z.csv
Wrote 31 summary rows to data_processed/skylark/line_size/level_524288/refine_56_off0_summary.csv
-- [L524288 A refine] stride=64B offset=0B pattern=random --
  wrote 31002 lines -> data_raw/skylark/line_size/level_524288/refine_64_off0_20260913T145558Z.csv
Wrote 31 summary rows to data_processed/skylark/line_size/level_524288/refine_64_off0_summary.csv
-- [L524288 A refine] stride=72B offset=0B pattern=random --
  wrote 31002 lines -> data_raw/skylark/line_size/level_524288/refine_72_off0_20260913T145558Z.csv
Wrote 31 summary rows to data_processed/skylark/line_size/level_524288/refine_72_off0_summary.csv
-- [L524288 A refine] stride=80B offset=0B pattern=random --
  wrote 31002 lines -> data_raw/skylark/line_size/level_524288/refine_80_off0_20260913T145558Z.csv
Wrote 31 summary rows to data_processed/skylark/line_size/level_524288/refine_80_off0_summary.csv
-- [L524288 A refine] stride=88B offset=0B pattern=random --
  wrote 31002 lines -> data_raw/skylark/line_size/level_524288/refine_88_off0_20260913T145558Z.csv
Wrote 31 summary rows to data_processed/skylark/line_size/level_524288/refine_88_off0_summary.csv
-- [L524288 A refine] stride=40B offset=8B pattern=random --
  wrote 31002 lines -> data_raw/skylark/line_size/level_524288/refine_40_off8_20260913T145558Z.csv
Wrote 31 summary rows to data_processed/skylark/line_size/level_524288/refine_40_off8_summary.csv
-- [L524288 A refine] stride=48B offset=8B pattern=random --
  wrote 31002 lines -> data_raw/skylark/line_size/level_524288/refine_48_off8_20260913T145558Z.csv
Wrote 31 summary rows to data_processed/skylark/line_size/level_524288/refine_48_off8_summary.csv
-- [L524288 A refine] stride=56B offset=8B pattern=random --
  wrote 31002 lines -> data_raw/skylark/line_size/level_524288/refine_56_off8_20260913T145558Z.csv
Wrote 31 summary rows to data_processed/skylark/line_size/level_524288/refine_56_off8_summary.csv
-- [L524288 A refine] stride=64B offset=8B pattern=random --
  wrote 31002 lines -> data_raw/skylark/line_size/level_524288/refine_64_off8_20260913T145558Z.csv
Wrote 31 summary rows to data_processed/skylark/line_size/level_524288/refine_64_off8_summary.csv
-- [L524288 A refine] stride=72B offset=8B pattern=random --
  wrote 31002 lines -> data_raw/skylark/line_size/level_524288/refine_72_off8_20260913T145558Z.csv
Wrote 31 summary rows to data_processed/skylark/line_size/level_524288/refine_72_off8_summary.csv
-- [L524288 A refine] stride=80B offset=8B pattern=random --
  wrote 31002 lines -> data_raw/skylark/line_size/level_524288/refine_80_off8_20260913T145558Z.csv
Wrote 31 summary rows to data_processed/skylark/line_size/level_524288/refine_80_off8_summary.csv
-- [L524288 A refine] stride=88B offset=8B pattern=random --
  wrote 31002 lines -> data_raw/skylark/line_size/level_524288/refine_88_off8_20260913T145558Z.csv
Wrote 31 summary rows to data_processed/skylark/line_size/level_524288/refine_88_off8_summary.csv
-- [L524288 A refine] stride=40B offset=16B pattern=random --
  wrote 31002 lines -> data_raw/skylark/line_size/level_524288/refine_40_off16_20260913T145558Z.csv
Wrote 31 summary rows to data_processed/skylark/line_size/level_524288/refine_40_off16_summary.csv
-- [L524288 A refine] stride=48B offset=16B pattern=random --
  wrote 31002 lines -> data_raw/skylark/line_size/level_524288/refine_48_off16_20260913T145558Z.csv
Wrote 31 summary rows to data_processed/skylark/line_size/level_524288/refine_48_off16_summary.csv
-- [L524288 A refine] stride=56B offset=16B pattern=random --
  wrote 31002 lines -> data_raw/skylark/line_size/level_524288/refine_56_off16_20260913T145558Z.csv
Wrote 31 summary rows to data_processed/skylark/line_size/level_524288/refine_56_off16_summary.csv
-- [L524288 A refine] stride=64B offset=16B pattern=random --
  wrote 31002 lines -> data_raw/skylark/line_size/level_524288/refine_64_off16_20260913T145558Z.csv
Wrote 31 summary rows to data_processed/skylark/line_size/level_524288/refine_64_off16_summary.csv
-- [L524288 A refine] stride=72B offset=16B pattern=random --
  wrote 31002 lines -> data_raw/skylark/line_size/level_524288/refine_72_off16_20260913T145558Z.csv
Wrote 31 summary rows to data_processed/skylark/line_size/level_524288/refine_72_off16_summary.csv
-- [L524288 A refine] stride=80B offset=16B pattern=random --
  wrote 31002 lines -> data_raw/skylark/line_size/level_524288/refine_80_off16_20260913T145558Z.csv
Wrote 31 summary rows to data_processed/skylark/line_size/level_524288/refine_80_off16_summary.csv
-- [L524288 A refine] stride=88B offset=16B pattern=random --
  wrote 31002 lines -> data_raw/skylark/line_size/level_524288/refine_88_off16_20260913T145558Z.csv
Wrote 31 summary rows to data_processed/skylark/line_size/level_524288/refine_88_off16_summary.csv
-- [L524288 A refine] stride=40B offset=24B pattern=random --
  wrote 31002 lines -> data_raw/skylark/line_size/level_524288/refine_40_off24_20260913T145558Z.csv
Wrote 31 summary rows to data_processed/skylark/line_size/level_524288/refine_40_off24_summary.csv
-- [L524288 A refine] stride=48B offset=24B pattern=random --
  wrote 31002 lines -> data_raw/skylark/line_size/level_524288/refine_48_off24_20260913T145558Z.csv
Wrote 31 summary rows to data_processed/skylark/line_size/level_524288/refine_48_off24_summary.csv
-- [L524288 A refine] stride=56B offset=24B pattern=random --
  wrote 31002 lines -> data_raw/skylark/line_size/level_524288/refine_56_off24_20260913T145558Z.csv
Wrote 31 summary rows to data_processed/skylark/line_size/level_524288/refine_56_off24_summary.csv
-- [L524288 A refine] stride=64B offset=24B pattern=random --
  wrote 31002 lines -> data_raw/skylark/line_size/level_524288/refine_64_off24_20260913T145558Z.csv
Wrote 31 summary rows to data_processed/skylark/line_size/level_524288/refine_64_off24_summary.csv
-- [L524288 A refine] stride=72B offset=24B pattern=random --
  wrote 31002 lines -> data_raw/skylark/line_size/level_524288/refine_72_off24_20260913T145558Z.csv
Wrote 31 summary rows to data_processed/skylark/line_size/level_524288/refine_72_off24_summary.csv
-- [L524288 A refine] stride=80B offset=24B pattern=random --
  wrote 31002 lines -> data_raw/skylark/line_size/level_524288/refine_80_off24_20260913T145558Z.csv
Wrote 31 summary rows to data_processed/skylark/line_size/level_524288/refine_80_off24_summary.csv
-- [L524288 A refine] stride=88B offset=24B pattern=random --
  wrote 31002 lines -> data_raw/skylark/line_size/level_524288/refine_88_off24_20260913T145558Z.csv
Wrote 31 summary rows to data_processed/skylark/line_size/level_524288/refine_88_off24_summary.csv
-- [L524288 A refine] stride=40B offset=32B pattern=random --
  wrote 31002 lines -> data_raw/skylark/line_size/level_524288/refine_40_off32_20260913T145558Z.csv
Wrote 31 summary rows to data_processed/skylark/line_size/level_524288/refine_40_off32_summary.csv
-- [L524288 A refine] stride=48B offset=32B pattern=random --
  wrote 31002 lines -> data_raw/skylark/line_size/level_524288/refine_48_off32_20260913T145558Z.csv
Wrote 31 summary rows to data_processed/skylark/line_size/level_524288/refine_48_off32_summary.csv
-- [L524288 A refine] stride=56B offset=32B pattern=random --
  wrote 31002 lines -> data_raw/skylark/line_size/level_524288/refine_56_off32_20260913T145558Z.csv
Wrote 31 summary rows to data_processed/skylark/line_size/level_524288/refine_56_off32_summary.csv
-- [L524288 A refine] stride=64B offset=32B pattern=random --
  wrote 31002 lines -> data_raw/skylark/line_size/level_524288/refine_64_off32_20260913T145558Z.csv
Wrote 31 summary rows to data_processed/skylark/line_size/level_524288/refine_64_off32_summary.csv
-- [L524288 A refine] stride=72B offset=32B pattern=random --
  wrote 31002 lines -> data_raw/skylark/line_size/level_524288/refine_72_off32_20260913T145558Z.csv
Wrote 31 summary rows to data_processed/skylark/line_size/level_524288/refine_72_off32_summary.csv
-- [L524288 A refine] stride=80B offset=32B pattern=random --
  wrote 31002 lines -> data_raw/skylark/line_size/level_524288/refine_80_off32_20260913T145558Z.csv
Wrote 31 summary rows to data_processed/skylark/line_size/level_524288/refine_80_off32_summary.csv
-- [L524288 A refine] stride=88B offset=32B pattern=random --
  wrote 31002 lines -> data_raw/skylark/line_size/level_524288/refine_88_off32_20260913T145558Z.csv
Wrote 31 summary rows to data_processed/skylark/line_size/level_524288/refine_88_off32_summary.csv
-- [L524288 A refine] stride=40B offset=40B pattern=random --
  wrote 31002 lines -> data_raw/skylark/line_size/level_524288/refine_40_off40_20260913T145558Z.csv
Wrote 31 summary rows to data_processed/skylark/line_size/level_524288/refine_40_off40_summary.csv
-- [L524288 A refine] stride=48B offset=40B pattern=random --
  wrote 31002 lines -> data_raw/skylark/line_size/level_524288/refine_48_off40_20260913T145558Z.csv
Wrote 31 summary rows to data_processed/skylark/line_size/level_524288/refine_48_off40_summary.csv
-- [L524288 A refine] stride=56B offset=40B pattern=random --
  wrote 31002 lines -> data_raw/skylark/line_size/level_524288/refine_56_off40_20260913T145558Z.csv
Wrote 31 summary rows to data_processed/skylark/line_size/level_524288/refine_56_off40_summary.csv
-- [L524288 A refine] stride=64B offset=40B pattern=random --
  wrote 31002 lines -> data_raw/skylark/line_size/level_524288/refine_64_off40_20260913T145558Z.csv
Wrote 31 summary rows to data_processed/skylark/line_size/level_524288/refine_64_off40_summary.csv
-- [L524288 A refine] stride=72B offset=40B pattern=random --
  wrote 31002 lines -> data_raw/skylark/line_size/level_524288/refine_72_off40_20260913T145558Z.csv
Wrote 31 summary rows to data_processed/skylark/line_size/level_524288/refine_72_off40_summary.csv
-- [L524288 A refine] stride=80B offset=40B pattern=random --
  wrote 31002 lines -> data_raw/skylark/line_size/level_524288/refine_80_off40_20260913T145558Z.csv
Wrote 31 summary rows to data_processed/skylark/line_size/level_524288/refine_80_off40_summary.csv
-- [L524288 A refine] stride=88B offset=40B pattern=random --
  wrote 31002 lines -> data_raw/skylark/line_size/level_524288/refine_88_off40_20260913T145558Z.csv
Wrote 31 summary rows to data_processed/skylark/line_size/level_524288/refine_88_off40_summary.csv
-- [L524288 A refine] stride=40B offset=48B pattern=random --
  wrote 31002 lines -> data_raw/skylark/line_size/level_524288/refine_40_off48_20260913T145558Z.csv
Wrote 31 summary rows to data_processed/skylark/line_size/level_524288/refine_40_off48_summary.csv
-- [L524288 A refine] stride=48B offset=48B pattern=random --
  wrote 31002 lines -> data_raw/skylark/line_size/level_524288/refine_48_off48_20260913T145558Z.csv
Wrote 31 summary rows to data_processed/skylark/line_size/level_524288/refine_48_off48_summary.csv
-- [L524288 A refine] stride=56B offset=48B pattern=random --
  wrote 31002 lines -> data_raw/skylark/line_size/level_524288/refine_56_off48_20260913T145558Z.csv
Wrote 31 summary rows to data_processed/skylark/line_size/level_524288/refine_56_off48_summary.csv
-- [L524288 A refine] stride=64B offset=48B pattern=random --
  wrote 31002 lines -> data_raw/skylark/line_size/level_524288/refine_64_off48_20260913T145558Z.csv
Wrote 31 summary rows to data_processed/skylark/line_size/level_524288/refine_64_off48_summary.csv
-- [L524288 A refine] stride=72B offset=48B pattern=random --
  wrote 31002 lines -> data_raw/skylark/line_size/level_524288/refine_72_off48_20260913T145558Z.csv
Wrote 31 summary rows to data_processed/skylark/line_size/level_524288/refine_72_off48_summary.csv
-- [L524288 A refine] stride=80B offset=48B pattern=random --
  wrote 31002 lines -> data_raw/skylark/line_size/level_524288/refine_80_off48_20260913T145558Z.csv
Wrote 31 summary rows to data_processed/skylark/line_size/level_524288/refine_80_off48_summary.csv
-- [L524288 A refine] stride=88B offset=48B pattern=random --
  wrote 31002 lines -> data_raw/skylark/line_size/level_524288/refine_88_off48_20260913T145558Z.csv
Wrote 31 summary rows to data_processed/skylark/line_size/level_524288/refine_88_off48_summary.csv
-- [L524288 A refine] stride=40B offset=56B pattern=random --
  wrote 31002 lines -> data_raw/skylark/line_size/level_524288/refine_40_off56_20260913T145558Z.csv
Wrote 31 summary rows to data_processed/skylark/line_size/level_524288/refine_40_off56_summary.csv
-- [L524288 A refine] stride=48B offset=56B pattern=random --
  wrote 31002 lines -> data_raw/skylark/line_size/level_524288/refine_48_off56_20260913T145558Z.csv
Wrote 31 summary rows to data_processed/skylark/line_size/level_524288/refine_48_off56_summary.csv
-- [L524288 A refine] stride=56B offset=56B pattern=random --
  wrote 31002 lines -> data_raw/skylark/line_size/level_524288/refine_56_off56_20260913T145558Z.csv
Wrote 31 summary rows to data_processed/skylark/line_size/level_524288/refine_56_off56_summary.csv
-- [L524288 A refine] stride=64B offset=56B pattern=random --
  wrote 31002 lines -> data_raw/skylark/line_size/level_524288/refine_64_off56_20260913T145558Z.csv
Wrote 31 summary rows to data_processed/skylark/line_size/level_524288/refine_64_off56_summary.csv
-- [L524288 A refine] stride=72B offset=56B pattern=random --
  wrote 31002 lines -> data_raw/skylark/line_size/level_524288/refine_72_off56_20260913T145558Z.csv
Wrote 31 summary rows to data_processed/skylark/line_size/level_524288/refine_72_off56_summary.csv
-- [L524288 A refine] stride=80B offset=56B pattern=random --
  wrote 31002 lines -> data_raw/skylark/line_size/level_524288/refine_80_off56_20260913T145558Z.csv
Wrote 31 summary rows to data_processed/skylark/line_size/level_524288/refine_80_off56_summary.csv
-- [L524288 A refine] stride=88B offset=56B pattern=random --
  wrote 31002 lines -> data_raw/skylark/line_size/level_524288/refine_88_off56_20260913T145558Z.csv
Wrote 31 summary rows to data_processed/skylark/line_size/level_524288/refine_88_off56_summary.csv
-- [L524288 A step 4] generating cross-alignment confirmation plots --
/home/krchen/Proj1-Cache-Reverse-Engineering/scripts/plot_line_size_offset.py:77: MatplotlibDeprecationWarning: The get_cmap function was deprecated in Matplotlib 3.7 and will be removed in 3.11. Use ``matplotlib.colormaps[name]`` or ``matplotlib.colormaps.get_cmap()`` or ``pyplot.get_cmap()`` instead.
  cmap = cm.get_cmap("plasma", max(len(offsets), 2))
Wrote data_processed/skylark/line_size/level_524288/plots/line_size_offset_elbow.pdf and .png
/home/krchen/Proj1-Cache-Reverse-Engineering/scripts/plot_line_size_offset.py:143: MatplotlibDeprecationWarning: The get_cmap function was deprecated in Matplotlib 3.7 and will be removed in 3.11. Use ``matplotlib.colormaps[name]`` or ``matplotlib.colormaps.get_cmap()`` or ``pyplot.get_cmap()`` instead.
  cmap = cm.get_cmap("plasma", max(len(offsets), 2))
Wrote data_processed/skylark/line_size/level_524288/plots/line_size_offset_boxplots.pdf and .png
-- elbow footprint by (offset, stride):
   offset=0B: {40: 934160, 48: 934128, 56: 832216, 64: 832192, 72: 832248, 80: 832240, 88: 934120}
   offset=8B: {40: 934160, 48: 934128, 56: 934136, 64: 832192, 72: 934128, 80: 934160, 88: 934120}
   offset=16B: {40: 1048560, 48: 934128, 56: 934136, 64: 832192, 72: 832248, 80: 934160, 88: 832216}
   offset=24B: {40: 934160, 48: 934128, 56: 832216, 64: 832192, 72: 832248, 80: 934160, 88: 934120}
   offset=32B: {40: 934160, 48: 934128, 56: 934136, 64: 741440, 72: 832248, 80: 832240, 88: 934120}
   offset=40B: {40: 934160, 48: 934128, 56: 832216, 64: 832192, 72: 934128, 80: 832240}
   offset=48B: {40: 934160, 48: 934128, 56: 934136, 64: 832192, 72: 832248, 80: 832240, 88: 934120}
   offset=56B: {40: 934160, 48: 934128, 56: 934136, 64: 832192, 72: 934128, 80: 934160, 88: 1048520}
-- candidate stride 64B: elbow stable across the 8/8 offsets with a detectable elbow (741440-832192 bytes, 1.12x spread) -- consistent with a genuine, alignment-independent transition, but see the gap warning above before treating this as full 8/8 agreement

############################################################
## LEVEL boundary=8388608B candidate=128B -- step4 window=[1048576,33554432] bytes
############################################################
== [L8388608 A step 4] bracket=104,112,120,128,136,144,152B (8B granularity) offsets=0,8,16,24,32,40,48,56B pattern=random ==
-- [L8388608 A refine] stride=104B offset=0B pattern=random --
  wrote 31002 lines -> data_raw/skylark/line_size/level_8388608/refine_104_off0_20260913T145558Z.csv
Wrote 31 summary rows to data_processed/skylark/line_size/level_8388608/refine_104_off0_summary.csv
-- [L8388608 A refine] stride=112B offset=0B pattern=random --
  wrote 31002 lines -> data_raw/skylark/line_size/level_8388608/refine_112_off0_20260913T145558Z.csv
Wrote 31 summary rows to data_processed/skylark/line_size/level_8388608/refine_112_off0_summary.csv
-- [L8388608 A refine] stride=120B offset=0B pattern=random --
  wrote 31002 lines -> data_raw/skylark/line_size/level_8388608/refine_120_off0_20260913T145558Z.csv
Wrote 31 summary rows to data_processed/skylark/line_size/level_8388608/refine_120_off0_summary.csv
-- [L8388608 A refine] stride=128B offset=0B pattern=random --
  wrote 31002 lines -> data_raw/skylark/line_size/level_8388608/refine_128_off0_20260913T145558Z.csv
Wrote 31 summary rows to data_processed/skylark/line_size/level_8388608/refine_128_off0_summary.csv
-- [L8388608 A refine] stride=136B offset=0B pattern=random --
  wrote 31002 lines -> data_raw/skylark/line_size/level_8388608/refine_136_off0_20260913T145558Z.csv
Wrote 31 summary rows to data_processed/skylark/line_size/level_8388608/refine_136_off0_summary.csv
-- [L8388608 A refine] stride=144B offset=0B pattern=random --
  wrote 31002 lines -> data_raw/skylark/line_size/level_8388608/refine_144_off0_20260913T145558Z.csv
Wrote 31 summary rows to data_processed/skylark/line_size/level_8388608/refine_144_off0_summary.csv
-- [L8388608 A refine] stride=152B offset=0B pattern=random --
  wrote 31002 lines -> data_raw/skylark/line_size/level_8388608/refine_152_off0_20260913T145558Z.csv
Wrote 31 summary rows to data_processed/skylark/line_size/level_8388608/refine_152_off0_summary.csv
-- [L8388608 A refine] stride=104B offset=8B pattern=random --
  wrote 31002 lines -> data_raw/skylark/line_size/level_8388608/refine_104_off8_20260913T145558Z.csv
Wrote 31 summary rows to data_processed/skylark/line_size/level_8388608/refine_104_off8_summary.csv
-- [L8388608 A refine] stride=112B offset=8B pattern=random --
  wrote 31002 lines -> data_raw/skylark/line_size/level_8388608/refine_112_off8_20260913T145558Z.csv
Wrote 31 summary rows to data_processed/skylark/line_size/level_8388608/refine_112_off8_summary.csv
-- [L8388608 A refine] stride=120B offset=8B pattern=random --
  wrote 31002 lines -> data_raw/skylark/line_size/level_8388608/refine_120_off8_20260913T145558Z.csv
Wrote 31 summary rows to data_processed/skylark/line_size/level_8388608/refine_120_off8_summary.csv
-- [L8388608 A refine] stride=128B offset=8B pattern=random --
  wrote 31002 lines -> data_raw/skylark/line_size/level_8388608/refine_128_off8_20260913T145558Z.csv
Wrote 31 summary rows to data_processed/skylark/line_size/level_8388608/refine_128_off8_summary.csv
-- [L8388608 A refine] stride=136B offset=8B pattern=random --
  wrote 31002 lines -> data_raw/skylark/line_size/level_8388608/refine_136_off8_20260913T145558Z.csv
Wrote 31 summary rows to data_processed/skylark/line_size/level_8388608/refine_136_off8_summary.csv
-- [L8388608 A refine] stride=144B offset=8B pattern=random --
  wrote 31002 lines -> data_raw/skylark/line_size/level_8388608/refine_144_off8_20260913T145558Z.csv
Wrote 31 summary rows to data_processed/skylark/line_size/level_8388608/refine_144_off8_summary.csv
-- [L8388608 A refine] stride=152B offset=8B pattern=random --
  wrote 31002 lines -> data_raw/skylark/line_size/level_8388608/refine_152_off8_20260913T145558Z.csv
Wrote 31 summary rows to data_processed/skylark/line_size/level_8388608/refine_152_off8_summary.csv
-- [L8388608 A refine] stride=104B offset=16B pattern=random --
  wrote 31002 lines -> data_raw/skylark/line_size/level_8388608/refine_104_off16_20260913T145558Z.csv
Wrote 31 summary rows to data_processed/skylark/line_size/level_8388608/refine_104_off16_summary.csv
-- [L8388608 A refine] stride=112B offset=16B pattern=random --
  wrote 31002 lines -> data_raw/skylark/line_size/level_8388608/refine_112_off16_20260913T145558Z.csv
Wrote 31 summary rows to data_processed/skylark/line_size/level_8388608/refine_112_off16_summary.csv
-- [L8388608 A refine] stride=120B offset=16B pattern=random --
  wrote 31002 lines -> data_raw/skylark/line_size/level_8388608/refine_120_off16_20260913T145558Z.csv
Wrote 31 summary rows to data_processed/skylark/line_size/level_8388608/refine_120_off16_summary.csv
-- [L8388608 A refine] stride=128B offset=16B pattern=random --
  wrote 31002 lines -> data_raw/skylark/line_size/level_8388608/refine_128_off16_20260913T145558Z.csv
Wrote 31 summary rows to data_processed/skylark/line_size/level_8388608/refine_128_off16_summary.csv
-- [L8388608 A refine] stride=136B offset=16B pattern=random --
  wrote 31002 lines -> data_raw/skylark/line_size/level_8388608/refine_136_off16_20260913T145558Z.csv
Wrote 31 summary rows to data_processed/skylark/line_size/level_8388608/refine_136_off16_summary.csv
-- [L8388608 A refine] stride=144B offset=16B pattern=random --
  wrote 31002 lines -> data_raw/skylark/line_size/level_8388608/refine_144_off16_20260913T145558Z.csv
Wrote 31 summary rows to data_processed/skylark/line_size/level_8388608/refine_144_off16_summary.csv
-- [L8388608 A refine] stride=152B offset=16B pattern=random --
  wrote 31002 lines -> data_raw/skylark/line_size/level_8388608/refine_152_off16_20260913T145558Z.csv
Wrote 31 summary rows to data_processed/skylark/line_size/level_8388608/refine_152_off16_summary.csv
-- [L8388608 A refine] stride=104B offset=24B pattern=random --
  wrote 31002 lines -> data_raw/skylark/line_size/level_8388608/refine_104_off24_20260913T145558Z.csv
Wrote 31 summary rows to data_processed/skylark/line_size/level_8388608/refine_104_off24_summary.csv
-- [L8388608 A refine] stride=112B offset=24B pattern=random --
  wrote 31002 lines -> data_raw/skylark/line_size/level_8388608/refine_112_off24_20260913T145558Z.csv
Wrote 31 summary rows to data_processed/skylark/line_size/level_8388608/refine_112_off24_summary.csv
-- [L8388608 A refine] stride=120B offset=24B pattern=random --
  wrote 31002 lines -> data_raw/skylark/line_size/level_8388608/refine_120_off24_20260913T145558Z.csv
Wrote 31 summary rows to data_processed/skylark/line_size/level_8388608/refine_120_off24_summary.csv
-- [L8388608 A refine] stride=128B offset=24B pattern=random --
  wrote 31002 lines -> data_raw/skylark/line_size/level_8388608/refine_128_off24_20260913T145558Z.csv
Wrote 31 summary rows to data_processed/skylark/line_size/level_8388608/refine_128_off24_summary.csv
-- [L8388608 A refine] stride=136B offset=24B pattern=random --
  wrote 31002 lines -> data_raw/skylark/line_size/level_8388608/refine_136_off24_20260913T145558Z.csv
Wrote 31 summary rows to data_processed/skylark/line_size/level_8388608/refine_136_off24_summary.csv
-- [L8388608 A refine] stride=144B offset=24B pattern=random --
  wrote 31002 lines -> data_raw/skylark/line_size/level_8388608/refine_144_off24_20260913T145558Z.csv
Wrote 31 summary rows to data_processed/skylark/line_size/level_8388608/refine_144_off24_summary.csv
-- [L8388608 A refine] stride=152B offset=24B pattern=random --
  wrote 31002 lines -> data_raw/skylark/line_size/level_8388608/refine_152_off24_20260913T145558Z.csv
Wrote 31 summary rows to data_processed/skylark/line_size/level_8388608/refine_152_off24_summary.csv
-- [L8388608 A refine] stride=104B offset=32B pattern=random --
  wrote 31002 lines -> data_raw/skylark/line_size/level_8388608/refine_104_off32_20260913T145558Z.csv
Wrote 31 summary rows to data_processed/skylark/line_size/level_8388608/refine_104_off32_summary.csv
-- [L8388608 A refine] stride=112B offset=32B pattern=random --
  wrote 31002 lines -> data_raw/skylark/line_size/level_8388608/refine_112_off32_20260913T145558Z.csv
Wrote 31 summary rows to data_processed/skylark/line_size/level_8388608/refine_112_off32_summary.csv
-- [L8388608 A refine] stride=120B offset=32B pattern=random --
  wrote 31002 lines -> data_raw/skylark/line_size/level_8388608/refine_120_off32_20260913T145558Z.csv
Wrote 31 summary rows to data_processed/skylark/line_size/level_8388608/refine_120_off32_summary.csv
-- [L8388608 A refine] stride=128B offset=32B pattern=random --
  wrote 31002 lines -> data_raw/skylark/line_size/level_8388608/refine_128_off32_20260913T145558Z.csv
Wrote 31 summary rows to data_processed/skylark/line_size/level_8388608/refine_128_off32_summary.csv
-- [L8388608 A refine] stride=136B offset=32B pattern=random --
  wrote 31002 lines -> data_raw/skylark/line_size/level_8388608/refine_136_off32_20260913T145558Z.csv
Wrote 31 summary rows to data_processed/skylark/line_size/level_8388608/refine_136_off32_summary.csv
-- [L8388608 A refine] stride=144B offset=32B pattern=random --
  wrote 31002 lines -> data_raw/skylark/line_size/level_8388608/refine_144_off32_20260913T145558Z.csv
Wrote 31 summary rows to data_processed/skylark/line_size/level_8388608/refine_144_off32_summary.csv
-- [L8388608 A refine] stride=152B offset=32B pattern=random --
  wrote 31002 lines -> data_raw/skylark/line_size/level_8388608/refine_152_off32_20260913T145558Z.csv
Wrote 31 summary rows to data_processed/skylark/line_size/level_8388608/refine_152_off32_summary.csv
-- [L8388608 A refine] stride=104B offset=40B pattern=random --
  wrote 31002 lines -> data_raw/skylark/line_size/level_8388608/refine_104_off40_20260913T145558Z.csv
Wrote 31 summary rows to data_processed/skylark/line_size/level_8388608/refine_104_off40_summary.csv
-- [L8388608 A refine] stride=112B offset=40B pattern=random --
  wrote 31002 lines -> data_raw/skylark/line_size/level_8388608/refine_112_off40_20260913T145558Z.csv
Wrote 31 summary rows to data_processed/skylark/line_size/level_8388608/refine_112_off40_summary.csv
-- [L8388608 A refine] stride=120B offset=40B pattern=random --
  wrote 31002 lines -> data_raw/skylark/line_size/level_8388608/refine_120_off40_20260913T145558Z.csv
Wrote 31 summary rows to data_processed/skylark/line_size/level_8388608/refine_120_off40_summary.csv
-- [L8388608 A refine] stride=128B offset=40B pattern=random --
  wrote 31002 lines -> data_raw/skylark/line_size/level_8388608/refine_128_off40_20260913T145558Z.csv
Wrote 31 summary rows to data_processed/skylark/line_size/level_8388608/refine_128_off40_summary.csv
-- [L8388608 A refine] stride=136B offset=40B pattern=random --
  wrote 31002 lines -> data_raw/skylark/line_size/level_8388608/refine_136_off40_20260913T145558Z.csv
Wrote 31 summary rows to data_processed/skylark/line_size/level_8388608/refine_136_off40_summary.csv
-- [L8388608 A refine] stride=144B offset=40B pattern=random --
  wrote 31002 lines -> data_raw/skylark/line_size/level_8388608/refine_144_off40_20260913T145558Z.csv
Wrote 31 summary rows to data_processed/skylark/line_size/level_8388608/refine_144_off40_summary.csv
-- [L8388608 A refine] stride=152B offset=40B pattern=random --
  wrote 31002 lines -> data_raw/skylark/line_size/level_8388608/refine_152_off40_20260913T145558Z.csv
Wrote 31 summary rows to data_processed/skylark/line_size/level_8388608/refine_152_off40_summary.csv
-- [L8388608 A refine] stride=104B offset=48B pattern=random --
  wrote 31002 lines -> data_raw/skylark/line_size/level_8388608/refine_104_off48_20260913T145558Z.csv
Wrote 31 summary rows to data_processed/skylark/line_size/level_8388608/refine_104_off48_summary.csv
-- [L8388608 A refine] stride=112B offset=48B pattern=random --
  wrote 31002 lines -> data_raw/skylark/line_size/level_8388608/refine_112_off48_20260913T145558Z.csv
Wrote 31 summary rows to data_processed/skylark/line_size/level_8388608/refine_112_off48_summary.csv
-- [L8388608 A refine] stride=120B offset=48B pattern=random --
  wrote 31002 lines -> data_raw/skylark/line_size/level_8388608/refine_120_off48_20260913T145558Z.csv
Wrote 31 summary rows to data_processed/skylark/line_size/level_8388608/refine_120_off48_summary.csv
-- [L8388608 A refine] stride=128B offset=48B pattern=random --
  wrote 31002 lines -> data_raw/skylark/line_size/level_8388608/refine_128_off48_20260913T145558Z.csv
Wrote 31 summary rows to data_processed/skylark/line_size/level_8388608/refine_128_off48_summary.csv
-- [L8388608 A refine] stride=136B offset=48B pattern=random --
  wrote 31002 lines -> data_raw/skylark/line_size/level_8388608/refine_136_off48_20260913T145558Z.csv
Wrote 31 summary rows to data_processed/skylark/line_size/level_8388608/refine_136_off48_summary.csv
-- [L8388608 A refine] stride=144B offset=48B pattern=random --
  wrote 31002 lines -> data_raw/skylark/line_size/level_8388608/refine_144_off48_20260913T145558Z.csv
Wrote 31 summary rows to data_processed/skylark/line_size/level_8388608/refine_144_off48_summary.csv
-- [L8388608 A refine] stride=152B offset=48B pattern=random --
  wrote 31002 lines -> data_raw/skylark/line_size/level_8388608/refine_152_off48_20260913T145558Z.csv
Wrote 31 summary rows to data_processed/skylark/line_size/level_8388608/refine_152_off48_summary.csv
-- [L8388608 A refine] stride=104B offset=56B pattern=random --
  wrote 31002 lines -> data_raw/skylark/line_size/level_8388608/refine_104_off56_20260913T145558Z.csv
Wrote 31 summary rows to data_processed/skylark/line_size/level_8388608/refine_104_off56_summary.csv
-- [L8388608 A refine] stride=112B offset=56B pattern=random --
  wrote 31002 lines -> data_raw/skylark/line_size/level_8388608/refine_112_off56_20260913T145558Z.csv
Wrote 31 summary rows to data_processed/skylark/line_size/level_8388608/refine_112_off56_summary.csv
-- [L8388608 A refine] stride=120B offset=56B pattern=random --
  wrote 31002 lines -> data_raw/skylark/line_size/level_8388608/refine_120_off56_20260913T145558Z.csv
Wrote 31 summary rows to data_processed/skylark/line_size/level_8388608/refine_120_off56_summary.csv
-- [L8388608 A refine] stride=128B offset=56B pattern=random --
  wrote 31002 lines -> data_raw/skylark/line_size/level_8388608/refine_128_off56_20260913T145558Z.csv
Wrote 31 summary rows to data_processed/skylark/line_size/level_8388608/refine_128_off56_summary.csv
-- [L8388608 A refine] stride=136B offset=56B pattern=random --
  wrote 31002 lines -> data_raw/skylark/line_size/level_8388608/refine_136_off56_20260913T145558Z.csv
Wrote 31 summary rows to data_processed/skylark/line_size/level_8388608/refine_136_off56_summary.csv
-- [L8388608 A refine] stride=144B offset=56B pattern=random --
  wrote 31002 lines -> data_raw/skylark/line_size/level_8388608/refine_144_off56_20260913T145558Z.csv
Wrote 31 summary rows to data_processed/skylark/line_size/level_8388608/refine_144_off56_summary.csv
-- [L8388608 A refine] stride=152B offset=56B pattern=random --
  wrote 31002 lines -> data_raw/skylark/line_size/level_8388608/refine_152_off56_20260913T145558Z.csv
Wrote 31 summary rows to data_processed/skylark/line_size/level_8388608/refine_152_off56_summary.csv
-- [L8388608 A step 4] generating cross-alignment confirmation plots --
/home/krchen/Proj1-Cache-Reverse-Engineering/scripts/plot_line_size_offset.py:77: MatplotlibDeprecationWarning: The get_cmap function was deprecated in Matplotlib 3.7 and will be removed in 3.11. Use ``matplotlib.colormaps[name]`` or ``matplotlib.colormaps.get_cmap()`` or ``pyplot.get_cmap()`` instead.
  cmap = cm.get_cmap("plasma", max(len(offsets), 2))
Wrote data_processed/skylark/line_size/level_8388608/plots/line_size_offset_elbow.pdf and .png
/home/krchen/Proj1-Cache-Reverse-Engineering/scripts/plot_line_size_offset.py:143: MatplotlibDeprecationWarning: The get_cmap function was deprecated in Matplotlib 3.7 and will be removed in 3.11. Use ``matplotlib.colormaps[name]`` or ``matplotlib.colormaps.get_cmap()`` or ``pyplot.get_cmap()`` instead.
  cmap = cm.get_cmap("plasma", max(len(offsets), 2))
Wrote data_processed/skylark/line_size/level_8388608/plots/line_size_offset_boxplots.pdf and .png
-- elbow footprint by (offset, stride):
   offset=0B: {104: 23726560, 112: 23726528, 120: 23726520, 128: 23726464, 136: 26632064, 144: 26632080, 152: 26632072}
   offset=8B: {104: 23726560, 112: 23726528, 120: 23726520, 128: 23726464, 136: 26632064, 144: 26632080, 152: 26632072}
   offset=16B: {104: 23726560, 112: 23726528, 120: 23726520, 128: 23726464, 136: 26632064, 144: 26632080, 152: 26632072}
   offset=24B: {104: 23726560, 112: 23726528, 120: 23726520, 128: 23726464, 136: 26632064, 144: 26632080, 152: 26632072}
   offset=32B: {104: 23726560, 112: 23726528, 120: 23726520, 128: 23726464, 136: 26632064, 144: 26632080, 152: 26632072}
   offset=40B: {104: 23726560, 112: 23726528, 120: 23726520, 128: 23726464, 136: 26632064, 144: 26632080, 152: 26632072}
   offset=48B: {104: 23726560, 112: 23726528, 120: 23726520, 128: 23726464, 136: 26632064, 144: 26632080, 152: 26632072}
   offset=56B: {104: 23726560, 112: 23726528, 120: 23726520, 128: 23726464, 136: 26632064, 144: 26632080, 152: 26632072}
-- candidate stride 128B: elbow stable across the 8/8 offsets with a detectable elbow (23726464-23726464 bytes, 1.00x spread) -- consistent with a genuine, alignment-independent transition, but see the gap warning above before treating this as full 8/8 agreement

== done: Method A step 4 only, all 3 levels ==
== plots per level: data_processed/skylark/line_size/level_<boundary>/plots/line_size_offset_{elbow,boxplots}.{png,pdf} ==
== full transcript saved to: data_raw/skylark/line_size/run_line_size_step4only_20260913T145558Z.log ==
