== run_family_only (Method A steps 1-3 ONLY, no Method B/step4): machine=skylark core=10 seed=12345 ==
== timestamp=20260913T141424Z boundaries=32768 strides=8 16 32 64 128 256 ==
== boundaries given directly by user: L1=32768 (32 KiB), L2=524288 (512 KiB), L3=8388608 (8 MiB) -- vendor/spec-style sizes, not re-derived from this machine's own capacity sweep ==

############################################################
## LEVEL boundary=32768B -- Method A window=[4096,131072] bytes
############################################################
-- [L32768 A coarse] stride=8B pattern=random offset=0B --
  wrote 31002 lines -> data_raw/skylark/line_size/level_32768/family_8_random_20260913T141424Z.csv
Wrote 31 summary rows to data_processed/skylark/line_size/level_32768/family_8_random_summary.csv
-- [L32768 A coarse] stride=8B pattern=sequential offset=0B --
  wrote 31002 lines -> data_raw/skylark/line_size/level_32768/family_8_sequential_20260913T141424Z.csv
Wrote 31 summary rows to data_processed/skylark/line_size/level_32768/family_8_sequential_summary.csv
-- [L32768 A coarse] stride=16B pattern=random offset=0B --
  wrote 31002 lines -> data_raw/skylark/line_size/level_32768/family_16_random_20260913T141424Z.csv
Wrote 31 summary rows to data_processed/skylark/line_size/level_32768/family_16_random_summary.csv
-- [L32768 A coarse] stride=16B pattern=sequential offset=0B --
  wrote 31002 lines -> data_raw/skylark/line_size/level_32768/family_16_sequential_20260913T141424Z.csv
Wrote 31 summary rows to data_processed/skylark/line_size/level_32768/family_16_sequential_summary.csv
-- [L32768 A coarse] stride=32B pattern=random offset=0B --
  wrote 31002 lines -> data_raw/skylark/line_size/level_32768/family_32_random_20260913T141424Z.csv
Wrote 31 summary rows to data_processed/skylark/line_size/level_32768/family_32_random_summary.csv
-- [L32768 A coarse] stride=32B pattern=sequential offset=0B --
  wrote 31002 lines -> data_raw/skylark/line_size/level_32768/family_32_sequential_20260913T141424Z.csv
Wrote 31 summary rows to data_processed/skylark/line_size/level_32768/family_32_sequential_summary.csv
-- [L32768 A coarse] stride=64B pattern=random offset=0B --
  wrote 31002 lines -> data_raw/skylark/line_size/level_32768/family_64_random_20260913T141424Z.csv
Wrote 31 summary rows to data_processed/skylark/line_size/level_32768/family_64_random_summary.csv
-- [L32768 A coarse] stride=64B pattern=sequential offset=0B --
  wrote 31002 lines -> data_raw/skylark/line_size/level_32768/family_64_sequential_20260913T141424Z.csv
Wrote 31 summary rows to data_processed/skylark/line_size/level_32768/family_64_sequential_summary.csv
-- [L32768 A coarse] stride=128B pattern=random offset=0B --
  wrote 31002 lines -> data_raw/skylark/line_size/level_32768/family_128_random_20260913T141424Z.csv
Wrote 31 summary rows to data_processed/skylark/line_size/level_32768/family_128_random_summary.csv
-- [L32768 A coarse] stride=128B pattern=sequential offset=0B --
  wrote 31002 lines -> data_raw/skylark/line_size/level_32768/family_128_sequential_20260913T141424Z.csv
Wrote 31 summary rows to data_processed/skylark/line_size/level_32768/family_128_sequential_summary.csv
-- [L32768 A coarse] stride=256B pattern=random offset=0B --
  wrote 31002 lines -> data_raw/skylark/line_size/level_32768/family_256_random_20260913T141424Z.csv
Wrote 31 summary rows to data_processed/skylark/line_size/level_32768/family_256_random_summary.csv
-- [L32768 A coarse] stride=256B pattern=sequential offset=0B --
  wrote 31002 lines -> data_raw/skylark/line_size/level_32768/family_256_sequential_20260913T141424Z.csv
Wrote 31 summary rows to data_processed/skylark/line_size/level_32768/family_256_sequential_summary.csv
-- [L32768 A steps 1-3] generating coarse family-of-curves plots --
/home/krchen/Proj1-Cache-Reverse-Engineering/scripts/plot_line_size_family.py:163: MatplotlibDeprecationWarning: The get_cmap function was deprecated in Matplotlib 3.7 and will be removed in 3.11. Use ``matplotlib.colormaps[name]`` or ``matplotlib.colormaps.get_cmap()`` or ``pyplot.get_cmap()`` instead.
  cmap = cm.get_cmap("viridis", max(len(strides), 2))
Wrote data_processed/skylark/line_size/level_32768/plots/line_size_family_curve.pdf and .png
-- per-stride elbow (bytes): {8B: 58384, 16B: 58384, 32B: 52000, 64B: 36736, 128B: 58368, 256B: 51968}
-- line-size estimate: smallest candidate stride whose elbow agrees with largest tested stride (~51968 bytes) is 8B -- see infer_line_size's docstring caveat on the fixed grid resolution before citing this as a clean line-size number on its own
/home/krchen/Proj1-Cache-Reverse-Engineering/scripts/plot_line_size_family.py:277: MatplotlibDeprecationWarning: The get_cmap function was deprecated in Matplotlib 3.7 and will be removed in 3.11. Use ``matplotlib.colormaps[name]`` or ``matplotlib.colormaps.get_cmap()`` or ``pyplot.get_cmap()`` instead.
  cmap = cm.get_cmap("viridis", max(len(strides), 2))
Wrote data_processed/skylark/line_size/level_32768/plots/line_size_family_boxplots.pdf and .png

== done: family-of-curves (Method A steps 1-3) only, all 3 levels ==
== plots per level: data_processed/skylark/line_size/level_<boundary>/plots/line_size_family_{curve,boxplots}.{png,pdf} ==
== full transcript saved to: data_raw/skylark/line_size/run_line_size_familyonly_20260913T141424Z.log ==
