== run_inclusion_policy_full: machine=hazel_skylake/phase1_v2 core=16 base_seed=12345 ==
== assumed_line_size_bytes=64 (confirmed for Sunbird 2026-09-11; verify for other machines) ==
== timestamp=20260916T054613Z ==

== L1_vs_L2: target_bytes=32768 lower_level_bytes=1048576 -> evict_bytes=67108864 (scaled 4096/64x) ==
-- survived-class calibration (evict_bytes=target_bytes, nothing evicted) --
  survived-class (single-shot, calibrated here): 60.452 ticks
  invalidated-class (from data_processed/hazel_skylake/phase1_v2/latency/miss/L1_to_L2/base_random_summary_20260916T044049Z.csv): 54.0 ticks
-- base (seed=12345) --
  wrote 402 lines -> data_raw/hazel_skylake/phase1_v2/inclusion_policy/L1_vs_L2/inclusion_policy_base_random_20260916T054613Z.csv (pattern=random seed=12345)
Wrote 2 summary rows to data_processed/hazel_skylake/phase1_v2/inclusion_policy/L1_vs_L2/base_random_summary_20260916T054613Z.csv
  wrote 402 lines -> data_raw/hazel_skylake/phase1_v2/inclusion_policy/L1_vs_L2/inclusion_policy_base_sequential_20260916T054613Z.csv (pattern=sequential seed=12345)
Wrote 2 summary rows to data_processed/hazel_skylake/phase1_v2/inclusion_policy/L1_vs_L2/base_sequential_summary_20260916T054613Z.csv
-- rep1 (seed=12346) --
  wrote 402 lines -> data_raw/hazel_skylake/phase1_v2/inclusion_policy/L1_vs_L2/inclusion_policy_rep1_random_20260916T054613Z.csv (pattern=random seed=12346)
Wrote 2 summary rows to data_processed/hazel_skylake/phase1_v2/inclusion_policy/L1_vs_L2/rep1_random_summary_20260916T054613Z.csv
  wrote 402 lines -> data_raw/hazel_skylake/phase1_v2/inclusion_policy/L1_vs_L2/inclusion_policy_rep1_sequential_20260916T054613Z.csv (pattern=sequential seed=12346)
Wrote 2 summary rows to data_processed/hazel_skylake/phase1_v2/inclusion_policy/L1_vs_L2/rep1_sequential_summary_20260916T054613Z.csv
-- rep2 (seed=12347) --
  wrote 402 lines -> data_raw/hazel_skylake/phase1_v2/inclusion_policy/L1_vs_L2/inclusion_policy_rep2_random_20260916T054613Z.csv (pattern=random seed=12347)
Wrote 2 summary rows to data_processed/hazel_skylake/phase1_v2/inclusion_policy/L1_vs_L2/rep2_random_summary_20260916T054613Z.csv
  wrote 402 lines -> data_raw/hazel_skylake/phase1_v2/inclusion_policy/L1_vs_L2/inclusion_policy_rep2_sequential_20260916T054613Z.csv (pattern=sequential seed=12347)
Wrote 2 summary rows to data_processed/hazel_skylake/phase1_v2/inclusion_policy/L1_vs_L2/rep2_sequential_summary_20260916T054613Z.csv
WARNING: invalidated-class median (54.0) is not clearly above survived-class median (60.5) -- classification below will be unreliable; check you picked the right hit_latency summaries.
Survived-class (upper-level hit) median:       60.45 ticks
Invalidated-class (beyond-lower-level) median: 54.00 ticks
Classification boundary (geometric mean):      57.13 ticks

TARGET channel  (n=200): median=46.0 mean=47.0 ticks -- 188 survived-like (94.0%), 12 ambiguous, 0 invalidated-like (0.0%)
CONTROL channel (n=200): median=48.0 mean=47.1 ticks -- 198 survived-like (99.0%), 2 ambiguous, 0 invalidated-like (0.0%)
Paired check: target read slower than its own trial's control in 21.5% of trials (distribution-free, independent of the class boundary above)

VERDICT: EXCLUSIVE / NON-INCLUSIVE (upper-level copy consistently survived lower-level eviction)
-- generating plots for L1_vs_L2 --
Wrote data_processed/hazel_skylake/phase1_v2/inclusion_policy/L1_vs_L2/plots/inclusion_policy_boxplots.pdf and .png
-- compressing raw CSVs for L1_vs_L2 --

== L2_vs_LLC: target_bytes=1048576 lower_level_bytes=23726560 -> evict_bytes=1518499840 (scaled 4096/64x) ==
-- survived-class calibration (evict_bytes=target_bytes, nothing evicted) --
  survived-class (single-shot, calibrated here): 47.236 ticks
  invalidated-class (from data_processed/hazel_skylake/phase1_v2/latency/miss/L2_to_LLC/base_random_summary_20260916T044049Z.csv): 362.0 ticks
-- base (seed=12345) --
  wrote 402 lines -> data_raw/hazel_skylake/phase1_v2/inclusion_policy/L2_vs_LLC/inclusion_policy_base_random_20260916T054613Z.csv (pattern=random seed=12345)
Wrote 2 summary rows to data_processed/hazel_skylake/phase1_v2/inclusion_policy/L2_vs_LLC/base_random_summary_20260916T054613Z.csv
  wrote 402 lines -> data_raw/hazel_skylake/phase1_v2/inclusion_policy/L2_vs_LLC/inclusion_policy_base_sequential_20260916T054613Z.csv (pattern=sequential seed=12345)
Wrote 2 summary rows to data_processed/hazel_skylake/phase1_v2/inclusion_policy/L2_vs_LLC/base_sequential_summary_20260916T054613Z.csv
-- rep1 (seed=12346) --
  wrote 402 lines -> data_raw/hazel_skylake/phase1_v2/inclusion_policy/L2_vs_LLC/inclusion_policy_rep1_random_20260916T054613Z.csv (pattern=random seed=12346)
Wrote 2 summary rows to data_processed/hazel_skylake/phase1_v2/inclusion_policy/L2_vs_LLC/rep1_random_summary_20260916T054613Z.csv
  wrote 402 lines -> data_raw/hazel_skylake/phase1_v2/inclusion_policy/L2_vs_LLC/inclusion_policy_rep1_sequential_20260916T054613Z.csv (pattern=sequential seed=12346)
Wrote 2 summary rows to data_processed/hazel_skylake/phase1_v2/inclusion_policy/L2_vs_LLC/rep1_sequential_summary_20260916T054613Z.csv
-- rep2 (seed=12347) --
  wrote 402 lines -> data_raw/hazel_skylake/phase1_v2/inclusion_policy/L2_vs_LLC/inclusion_policy_rep2_random_20260916T054613Z.csv (pattern=random seed=12347)
Wrote 2 summary rows to data_processed/hazel_skylake/phase1_v2/inclusion_policy/L2_vs_LLC/rep2_random_summary_20260916T054613Z.csv
  wrote 402 lines -> data_raw/hazel_skylake/phase1_v2/inclusion_policy/L2_vs_LLC/inclusion_policy_rep2_sequential_20260916T054613Z.csv (pattern=sequential seed=12347)
Wrote 2 summary rows to data_processed/hazel_skylake/phase1_v2/inclusion_policy/L2_vs_LLC/rep2_sequential_summary_20260916T054613Z.csv
Survived-class (upper-level hit) median:       47.24 ticks
Invalidated-class (beyond-lower-level) median: 362.00 ticks
Classification boundary (geometric mean):      130.76 ticks

TARGET channel  (n=200): median=126.0 mean=130.7 ticks -- 20 survived-like (10.0%), 149 ambiguous, 31 invalidated-like (15.5%)
CONTROL channel (n=200): median=48.0 mean=49.9 ticks -- 200 survived-like (100.0%), 0 ambiguous, 0 invalidated-like (0.0%)
Paired check: target read slower than its own trial's control in 100.0% of trials (distribution-free, independent of the class boundary above)

VERDICT: UNCERTAIN (mixed result -- do not claim a global policy from this alone)
-- generating plots for L2_vs_LLC --
  note: ('target', 'random') has 3 overlapping summary rows with medians [126.0, 131.0, 182.0] (spread 56.0 ticks, 38.3%) -- averaging, widening whiskers to the union
  note: ('target', 'sequential') has 3 overlapping summary rows with medians [96.0, 108.0, 82.0] (spread 26.0 ticks, 27.3%) -- averaging, widening whiskers to the union
  note: ('control', 'sequential') has 3 overlapping summary rows with medians [86.0, 52.0, 52.0] (spread 34.0 ticks, 53.7%) -- averaging, widening whiskers to the union
Wrote data_processed/hazel_skylake/phase1_v2/inclusion_policy/L2_vs_LLC/plots/inclusion_policy_boxplots.pdf and .png
-- compressing raw CSVs for L2_vs_LLC --

== L1_vs_LLC: target_bytes=32768 lower_level_bytes=23726560 -> evict_bytes=1518499840 (scaled 4096/64x) ==
-- survived-class calibration (evict_bytes=target_bytes, nothing evicted) --
  survived-class (single-shot, calibrated here): 54.884 ticks
  invalidated-class (from data_processed/hazel_skylake/phase1_v2/latency/miss/LLC_to_DRAM/base_random_summary_20260916T044049Z.csv): 791.0 ticks
-- base (seed=12345) --
  wrote 402 lines -> data_raw/hazel_skylake/phase1_v2/inclusion_policy/L1_vs_LLC/inclusion_policy_base_random_20260916T054613Z.csv (pattern=random seed=12345)
Wrote 2 summary rows to data_processed/hazel_skylake/phase1_v2/inclusion_policy/L1_vs_LLC/base_random_summary_20260916T054613Z.csv
  wrote 402 lines -> data_raw/hazel_skylake/phase1_v2/inclusion_policy/L1_vs_LLC/inclusion_policy_base_sequential_20260916T054613Z.csv (pattern=sequential seed=12345)
Wrote 2 summary rows to data_processed/hazel_skylake/phase1_v2/inclusion_policy/L1_vs_LLC/base_sequential_summary_20260916T054613Z.csv
-- rep1 (seed=12346) --
  wrote 402 lines -> data_raw/hazel_skylake/phase1_v2/inclusion_policy/L1_vs_LLC/inclusion_policy_rep1_random_20260916T054613Z.csv (pattern=random seed=12346)
Wrote 2 summary rows to data_processed/hazel_skylake/phase1_v2/inclusion_policy/L1_vs_LLC/rep1_random_summary_20260916T054613Z.csv
  wrote 402 lines -> data_raw/hazel_skylake/phase1_v2/inclusion_policy/L1_vs_LLC/inclusion_policy_rep1_sequential_20260916T054613Z.csv (pattern=sequential seed=12346)
Wrote 2 summary rows to data_processed/hazel_skylake/phase1_v2/inclusion_policy/L1_vs_LLC/rep1_sequential_summary_20260916T054613Z.csv
-- rep2 (seed=12347) --
  wrote 402 lines -> data_raw/hazel_skylake/phase1_v2/inclusion_policy/L1_vs_LLC/inclusion_policy_rep2_random_20260916T054613Z.csv (pattern=random seed=12347)
Wrote 2 summary rows to data_processed/hazel_skylake/phase1_v2/inclusion_policy/L1_vs_LLC/rep2_random_summary_20260916T054613Z.csv
  wrote 402 lines -> data_raw/hazel_skylake/phase1_v2/inclusion_policy/L1_vs_LLC/inclusion_policy_rep2_sequential_20260916T054613Z.csv (pattern=sequential seed=12347)
Wrote 2 summary rows to data_processed/hazel_skylake/phase1_v2/inclusion_policy/L1_vs_LLC/rep2_sequential_summary_20260916T054613Z.csv
Survived-class (upper-level hit) median:       54.88 ticks
Invalidated-class (beyond-lower-level) median: 791.00 ticks
Classification boundary (geometric mean):      208.36 ticks

TARGET channel  (n=200): median=52.0 mean=57.1 ticks -- 200 survived-like (100.0%), 0 ambiguous, 0 invalidated-like (0.0%)
CONTROL channel (n=200): median=48.0 mean=52.3 ticks -- 200 survived-like (100.0%), 0 ambiguous, 0 invalidated-like (0.0%)
Paired check: target read slower than its own trial's control in 87.5% of trials (distribution-free, independent of the class boundary above)

VERDICT: EXCLUSIVE / NON-INCLUSIVE (upper-level copy consistently survived lower-level eviction)
-- generating plots for L1_vs_LLC --
Wrote data_processed/hazel_skylake/phase1_v2/inclusion_policy/L1_vs_LLC/plots/inclusion_policy_boxplots.pdf and .png
-- compressing raw CSVs for L1_vs_LLC --

== done ==
== L1_vs_L2: VERDICT: EXCLUSIVE / NON-INCLUSIVE (upper-level copy consistently survived lower-level eviction) ==
== L2_vs_LLC: VERDICT: UNCERTAIN (mixed result -- do not claim a global policy from this alone) ==
== L1_vs_LLC: VERDICT: EXCLUSIVE / NON-INCLUSIVE (upper-level copy consistently survived lower-level eviction) ==
== record in data_raw/hazel_skylake/phase1_v2/README.md: core=16, base_seed=12345 (repeats use base_seed+index), trials=200, assumed_line_size_bytes=64, timestamp=20260916T054613Z ==
== full transcript saved to: data_raw/hazel_skylake/phase1_v2/inclusion_policy/run_inclusion_policy_full_20260916T054613Z.log ==
