== run_associativity_full: machine=sunbird core=6 base_seed=12345 max_ways=40 ==
== timestamp=20260912T215021Z ==
-- using explicit cache_bytes override: 32768 262144 31457280 --

== level L1: cache_bytes=32768 ==
-- base sweep num_ways=2-40 --
  wrote 39002 lines -> data_raw/sunbird/associativity/L1/associativity_base_random_20260912T215021Z.csv (seed=12345)
  wrote 39002 lines -> data_raw/sunbird/associativity/L1/associativity_base_sequential_20260912T215021Z.csv (seed=12345)
Wrote 39 summary rows to data_processed/sunbird/associativity/L1/base_random_summary_20260912T215021Z.csv
Wrote 39 summary rows to data_processed/sunbird/associativity/L1/base_sequential_summary_20260912T215021Z.csv
-- detected associativity estimate: 8 --
  -- repeat 1/2 (seed=12346) --
  wrote 39002 lines -> data_raw/sunbird/associativity/L1/associativity_rep1_random_20260912T215021Z.csv (seed=12346)
  wrote 39002 lines -> data_raw/sunbird/associativity/L1/associativity_rep1_sequential_20260912T215021Z.csv (seed=12346)
Wrote 39 summary rows to data_processed/sunbird/associativity/L1/rep1_random_summary_20260912T215021Z.csv
Wrote 39 summary rows to data_processed/sunbird/associativity/L1/rep1_sequential_summary_20260912T215021Z.csv
     repeat 1 detected estimate: 8
  -- repeat 2/2 (seed=12347) --
  wrote 39002 lines -> data_raw/sunbird/associativity/L1/associativity_rep2_random_20260912T215021Z.csv (seed=12347)
  wrote 39002 lines -> data_raw/sunbird/associativity/L1/associativity_rep2_sequential_20260912T215021Z.csv (seed=12347)
Wrote 39 summary rows to data_processed/sunbird/associativity/L1/rep2_random_summary_20260912T215021Z.csv
Wrote 39 summary rows to data_processed/sunbird/associativity/L1/rep2_sequential_summary_20260912T215021Z.csv
     repeat 2 detected estimate: 8
-- generating plots for L1 --
  note: num_ways=30 (random) has 3 overlapping summary rows with medians [25.0, 25.0, 35.1] (spread 10.1 ticks, 35.5%) -- averaging, widening whiskers to the union
  note: num_ways=31 (random) has 3 overlapping summary rows with medians [25.1, 25.1, 34.9] (spread 9.8 ticks, 34.6%) -- averaging, widening whiskers to the union
  note: num_ways=32 (random) has 3 overlapping summary rows with medians [25.1, 25.1, 33.8] (spread 8.7 ticks, 31.1%) -- averaging, widening whiskers to the union
  note: num_ways=33 (random) has 3 overlapping summary rows with medians [25.0, 25.1, 34.1] (spread 9.1 ticks, 32.6%) -- averaging, widening whiskers to the union
  note: num_ways=34 (random) has 3 overlapping summary rows with medians [25.1, 25.1, 33.9] (spread 8.8 ticks, 31.6%) -- averaging, widening whiskers to the union
  note: num_ways=35 (random) has 3 overlapping summary rows with medians [25.0, 25.1, 33.7] (spread 8.7 ticks, 31.3%) -- averaging, widening whiskers to the union
  note: num_ways=36 (random) has 3 overlapping summary rows with medians [25.1, 25.1, 33.4] (spread 8.3 ticks, 29.9%) -- averaging, widening whiskers to the union
  note: num_ways=37 (random) has 3 overlapping summary rows with medians [25.0, 25.1, 32.4] (spread 7.4 ticks, 26.8%) -- averaging, widening whiskers to the union
  note: num_ways=38 (random) has 3 overlapping summary rows with medians [25.1, 25.1, 32.9] (spread 7.9 ticks, 28.5%) -- averaging, widening whiskers to the union
  note: num_ways=39 (random) has 3 overlapping summary rows with medians [25.1, 25.1, 33.9] (spread 8.9 ticks, 31.6%) -- averaging, widening whiskers to the union
  note: num_ways=40 (random) has 3 overlapping summary rows with medians [25.0, 25.1, 33.7] (spread 8.7 ticks, 31.0%) -- averaging, widening whiskers to the union
  note: num_ways=36 (sequential) has 3 overlapping summary rows with medians [25.1, 32.5, 25.0] (spread 7.5 ticks, 27.2%) -- averaging, widening whiskers to the union
  note: num_ways=37 (sequential) has 3 overlapping summary rows with medians [25.1, 32.9, 25.0] (spread 7.9 ticks, 28.5%) -- averaging, widening whiskers to the union
  note: num_ways=38 (sequential) has 3 overlapping summary rows with medians [25.0, 32.0, 25.1] (spread 7.0 ticks, 25.7%) -- averaging, widening whiskers to the union
  note: num_ways=39 (sequential) has 3 overlapping summary rows with medians [25.1, 32.4, 25.1] (spread 7.3 ticks, 26.6%) -- averaging, widening whiskers to the union
  note: num_ways=40 (sequential) has 3 overlapping summary rows with medians [25.1, 33.3, 25.1] (spread 8.2 ticks, 29.6%) -- averaging, widening whiskers to the union
Wrote data_processed/sunbird/associativity/L1/plots/associativity_curve.pdf and .png
Wrote data_processed/sunbird/associativity/L1/plots/associativity_boxplots.pdf and .png
-- compressing raw CSVs for L1 --

== level L2: cache_bytes=262144 ==
-- base sweep num_ways=2-40 --
  wrote 39002 lines -> data_raw/sunbird/associativity/L2/associativity_base_random_20260912T215021Z.csv (seed=12345)
  wrote 39002 lines -> data_raw/sunbird/associativity/L2/associativity_base_sequential_20260912T215021Z.csv (seed=12345)
Wrote 39 summary rows to data_processed/sunbird/associativity/L2/base_random_summary_20260912T215021Z.csv
Wrote 39 summary rows to data_processed/sunbird/associativity/L2/base_sequential_summary_20260912T215021Z.csv
-- detected associativity estimate: 3 --
  -- repeat 1/2 (seed=12346) --
  wrote 39002 lines -> data_raw/sunbird/associativity/L2/associativity_rep1_random_20260912T215021Z.csv (seed=12346)
  wrote 39002 lines -> data_raw/sunbird/associativity/L2/associativity_rep1_sequential_20260912T215021Z.csv (seed=12346)
Wrote 39 summary rows to data_processed/sunbird/associativity/L2/rep1_random_summary_20260912T215021Z.csv
Wrote 39 summary rows to data_processed/sunbird/associativity/L2/rep1_sequential_summary_20260912T215021Z.csv
     repeat 1 detected estimate: 4
  -- repeat 2/2 (seed=12347) --
  wrote 39002 lines -> data_raw/sunbird/associativity/L2/associativity_rep2_random_20260912T215021Z.csv (seed=12347)
  wrote 39002 lines -> data_raw/sunbird/associativity/L2/associativity_rep2_sequential_20260912T215021Z.csv (seed=12347)
Wrote 39 summary rows to data_processed/sunbird/associativity/L2/rep2_random_summary_20260912T215021Z.csv
Wrote 39 summary rows to data_processed/sunbird/associativity/L2/rep2_sequential_summary_20260912T215021Z.csv
     repeat 2 detected estimate: 4
WARNING: repeat(s) disagree with the base estimate (base=3,
         repeats=4 4) -- do NOT treat this level's
         associativity as resolved; investigate before citing a number.
-- generating plots for L2 --
  note: num_ways=4 (random) has 3 overlapping summary rows with medians [19.2, 12.6, 12.6] (spread 6.6 ticks, 44.4%) -- averaging, widening whiskers to the union
  note: num_ways=9 (random) has 3 overlapping summary rows with medians [12.2, 12.2, 39.9] (spread 27.7 ticks, 129.1%) -- averaging, widening whiskers to the union
  note: num_ways=10 (random) has 3 overlapping summary rows with medians [46.6, 17.1, 43.9] (spread 29.4 ticks, 82.0%) -- averaging, widening whiskers to the union
  note: num_ways=11 (random) has 3 overlapping summary rows with medians [46.4, 17.2, 42.1] (spread 29.2 ticks, 83.1%) -- averaging, widening whiskers to the union
  note: num_ways=12 (random) has 3 overlapping summary rows with medians [45.1, 17.2, 40.1] (spread 27.9 ticks, 81.8%) -- averaging, widening whiskers to the union
  note: num_ways=10 (sequential) has 3 overlapping summary rows with medians [17.1, 17.2, 44.7] (spread 27.5 ticks, 104.6%) -- averaging, widening whiskers to the union
  note: num_ways=11 (sequential) has 3 overlapping summary rows with medians [43.7, 17.2, 43.0] (spread 26.5 ticks, 76.6%) -- averaging, widening whiskers to the union
  note: num_ways=12 (sequential) has 3 overlapping summary rows with medians [41.4, 17.2, 41.3] (spread 24.2 ticks, 72.7%) -- averaging, widening whiskers to the union
  note: num_ways=13 (sequential) has 3 overlapping summary rows with medians [41.5, 20.1, 42.2] (spread 22.0 ticks, 63.6%) -- averaging, widening whiskers to the union
  note: num_ways=14 (sequential) has 3 overlapping summary rows with medians [43.1, 20.5, 40.8] (spread 22.6 ticks, 64.9%) -- averaging, widening whiskers to the union
  note: num_ways=15 (sequential) has 3 overlapping summary rows with medians [43.0, 20.8, 39.1] (spread 22.3 ticks, 64.9%) -- averaging, widening whiskers to the union
  note: num_ways=16 (sequential) has 3 overlapping summary rows with medians [41.0, 21.1, 39.5] (spread 19.9 ticks, 58.7%) -- averaging, widening whiskers to the union
Wrote data_processed/sunbird/associativity/L2/plots/associativity_curve.pdf and .png
Wrote data_processed/sunbird/associativity/L2/plots/associativity_boxplots.pdf and .png
-- compressing raw CSVs for L2 --

== level L3_LLC: cache_bytes=31457280 ==
-- base sweep num_ways=2-40 --
  wrote 39002 lines -> data_raw/sunbird/associativity/L3_LLC/associativity_base_random_20260912T215021Z.csv (seed=12345)
  wrote 39002 lines -> data_raw/sunbird/associativity/L3_LLC/associativity_base_sequential_20260912T215021Z.csv (seed=12345)
Wrote 39 summary rows to data_processed/sunbird/associativity/L3_LLC/base_random_summary_20260912T215021Z.csv
Wrote 39 summary rows to data_processed/sunbird/associativity/L3_LLC/base_sequential_summary_20260912T215021Z.csv
-- detected associativity estimate: 9 --
  -- repeat 1/2 (seed=12346) --
  wrote 39002 lines -> data_raw/sunbird/associativity/L3_LLC/associativity_rep1_random_20260912T215021Z.csv (seed=12346)
  wrote 39002 lines -> data_raw/sunbird/associativity/L3_LLC/associativity_rep1_sequential_20260912T215021Z.csv (seed=12346)
Wrote 39 summary rows to data_processed/sunbird/associativity/L3_LLC/rep1_random_summary_20260912T215021Z.csv
Wrote 39 summary rows to data_processed/sunbird/associativity/L3_LLC/rep1_sequential_summary_20260912T215021Z.csv
     repeat 1 detected estimate: 9
  -- repeat 2/2 (seed=12347) --
  wrote 39002 lines -> data_raw/sunbird/associativity/L3_LLC/associativity_rep2_random_20260912T215021Z.csv (seed=12347)
  wrote 39002 lines -> data_raw/sunbird/associativity/L3_LLC/associativity_rep2_sequential_20260912T215021Z.csv (seed=12347)
Wrote 39 summary rows to data_processed/sunbird/associativity/L3_LLC/rep2_random_summary_20260912T215021Z.csv
Wrote 39 summary rows to data_processed/sunbird/associativity/L3_LLC/rep2_sequential_summary_20260912T215021Z.csv
     repeat 2 detected estimate: 9
-- generating plots for L3_LLC --
Wrote data_processed/sunbird/associativity/L3_LLC/plots/associativity_curve.pdf and .png
Wrote data_processed/sunbird/associativity/L3_LLC/plots/associativity_boxplots.pdf and .png
-- compressing raw CSVs for L3_LLC --

== done ==
== L1: cache_bytes=32768 -> associativity=8 (repeats: 8 8) ==
== L2: cache_bytes=262144 -> associativity=3 (repeats: 4 4) ==
== L3_LLC: cache_bytes=31457280 -> associativity=9 (repeats: 9 9) ==
== record in data_raw/sunbird/README.md: core=6, base_seed=12345 (repeats use base_seed+index), samples=1000000, max_ways=40, timestamp=20260912T215021Z ==
== full transcript saved to: data_raw/sunbird/associativity/run_associativity_full_20260912T215021Z.log ==
