== run_associativity_full: machine=sunbird core=2 seed=12345 ==
== timestamp=20260910T170145Z ==
-- using explicit cache_bytes override: 32768 --

== level L1: cache_bytes=32768 ==
-- base sweep num_ways=2-64 --
  wrote 63002 lines -> data_raw/sunbird/associativity/L1/associativity_base_random_20260910T170145Z.csv
  wrote 63002 lines -> data_raw/sunbird/associativity/L1/associativity_base_sequential_20260910T170145Z.csv
Wrote 63 summary rows to data_processed/sunbird/associativity/L1/base_random_summary.csv
Wrote 63 summary rows to data_processed/sunbird/associativity/L1/base_sequential_summary.csv
-- detected associativity estimate: 8 --
  -- repeat 1/2 --
  wrote 63002 lines -> data_raw/sunbird/associativity/L1/associativity_rep1_random_20260910T170145Z.csv
  wrote 63002 lines -> data_raw/sunbird/associativity/L1/associativity_rep1_sequential_20260910T170145Z.csv
Wrote 63 summary rows to data_processed/sunbird/associativity/L1/rep1_random_summary.csv
Wrote 63 summary rows to data_processed/sunbird/associativity/L1/rep1_sequential_summary.csv
  -- repeat 2/2 --
  wrote 63002 lines -> data_raw/sunbird/associativity/L1/associativity_rep2_random_20260910T170145Z.csv
  wrote 63002 lines -> data_raw/sunbird/associativity/L1/associativity_rep2_sequential_20260910T170145Z.csv
Wrote 63 summary rows to data_processed/sunbird/associativity/L1/rep2_random_summary.csv
Wrote 63 summary rows to data_processed/sunbird/associativity/L1/rep2_sequential_summary.csv
-- generating plots for L1 --
  note: num_ways=2 (random) has 3 overlapping summary rows with medians [10.1, 10.1, 14.8] (spread 4.7 ticks, 40.6%) -- averaging, widening whiskers to the union
  note: num_ways=3 (random) has 3 overlapping summary rows with medians [10.1, 10.1, 13.3] (spread 3.2 ticks, 28.6%) -- averaging, widening whiskers to the union
  note: num_ways=4 (random) has 3 overlapping summary rows with medians [10.1, 10.1, 12.6] (spread 2.5 ticks, 23.1%) -- averaging, widening whiskers to the union
  note: num_ways=29 (random) has 3 overlapping summary rows with medians [25.0, 25.0, 35.7] (spread 10.7 ticks, 37.6%) -- averaging, widening whiskers to the union
  note: num_ways=30 (random) has 3 overlapping summary rows with medians [25.1, 25.1, 34.6] (spread 9.5 ticks, 33.7%) -- averaging, widening whiskers to the union
  note: num_ways=31 (random) has 3 overlapping summary rows with medians [25.1, 25.1, 36.3] (spread 11.3 ticks, 39.1%) -- averaging, widening whiskers to the union
  note: num_ways=32 (random) has 3 overlapping summary rows with medians [25.1, 25.1, 36.1] (spread 11.0 ticks, 38.3%) -- averaging, widening whiskers to the union
  note: num_ways=33 (random) has 3 overlapping summary rows with medians [25.1, 25.1, 35.5] (spread 10.5 ticks, 36.7%) -- averaging, widening whiskers to the union
  note: num_ways=34 (random) has 3 overlapping summary rows with medians [25.1, 25.1, 34.9] (spread 9.8 ticks, 34.7%) -- averaging, widening whiskers to the union
  note: num_ways=35 (random) has 3 overlapping summary rows with medians [25.1, 25.1, 34.9] (spread 9.9 ticks, 34.8%) -- averaging, widening whiskers to the union
  note: num_ways=36 (random) has 3 overlapping summary rows with medians [25.1, 25.1, 34.2] (spread 9.2 ticks, 32.6%) -- averaging, widening whiskers to the union
  note: num_ways=37 (random) has 3 overlapping summary rows with medians [25.1, 25.1, 35.5] (spread 10.4 ticks, 36.5%) -- averaging, widening whiskers to the union
  note: num_ways=38 (random) has 3 overlapping summary rows with medians [32.4, 25.1, 35.0] (spread 9.9 ticks, 32.2%) -- averaging, widening whiskers to the union
  note: num_ways=39 (random) has 3 overlapping summary rows with medians [32.1, 25.1, 34.8] (spread 9.7 ticks, 31.6%) -- averaging, widening whiskers to the union
  note: num_ways=40 (random) has 3 overlapping summary rows with medians [31.9, 25.1, 34.6] (spread 9.5 ticks, 31.2%) -- averaging, widening whiskers to the union
  note: num_ways=41 (random) has 3 overlapping summary rows with medians [31.2, 25.0, 34.3] (spread 9.3 ticks, 30.7%) -- averaging, widening whiskers to the union
  note: num_ways=42 (random) has 3 overlapping summary rows with medians [31.5, 25.1, 34.3] (spread 9.3 ticks, 30.6%) -- averaging, widening whiskers to the union
  note: num_ways=43 (random) has 3 overlapping summary rows with medians [31.4, 25.1, 34.0] (spread 8.9 ticks, 29.7%) -- averaging, widening whiskers to the union
  note: num_ways=44 (random) has 3 overlapping summary rows with medians [31.3, 25.1, 33.8] (spread 8.8 ticks, 29.1%) -- averaging, widening whiskers to the union
  note: num_ways=45 (random) has 3 overlapping summary rows with medians [31.1, 25.1, 33.5] (spread 8.4 ticks, 28.2%) -- averaging, widening whiskers to the union
  note: num_ways=46 (random) has 3 overlapping summary rows with medians [31.0, 25.1, 33.3] (spread 8.3 ticks, 27.7%) -- averaging, widening whiskers to the union
  note: num_ways=47 (random) has 3 overlapping summary rows with medians [30.7, 25.1, 33.9] (spread 8.8 ticks, 29.5%) -- averaging, widening whiskers to the union
  note: num_ways=48 (random) has 3 overlapping summary rows with medians [30.8, 25.1, 34.4] (spread 9.4 ticks, 31.2%) -- averaging, widening whiskers to the union
  note: num_ways=49 (random) has 3 overlapping summary rows with medians [30.6, 25.1, 34.2] (spread 9.1 ticks, 30.4%) -- averaging, widening whiskers to the union
  note: num_ways=50 (random) has 3 overlapping summary rows with medians [36.6, 25.0, 34.1] (spread 11.6 ticks, 36.4%) -- averaging, widening whiskers to the union
  note: num_ways=51 (random) has 3 overlapping summary rows with medians [37.6, 25.1, 33.7] (spread 12.5 ticks, 39.0%) -- averaging, widening whiskers to the union
  note: num_ways=54 (random) has 3 overlapping summary rows with medians [37.6, 30.6, 34.0] (spread 6.9 ticks, 20.3%) -- averaging, widening whiskers to the union
  note: num_ways=56 (random) has 3 overlapping summary rows with medians [37.1, 31.0, 38.6] (spread 7.6 ticks, 21.3%) -- averaging, widening whiskers to the union
  note: num_ways=57 (random) has 3 overlapping summary rows with medians [36.9, 30.9, 38.5] (spread 7.6 ticks, 21.5%) -- averaging, widening whiskers to the union
  note: num_ways=58 (random) has 3 overlapping summary rows with medians [41.4, 31.4, 41.8] (spread 10.3 ticks, 27.1%) -- averaging, widening whiskers to the union
  note: num_ways=60 (random) has 3 overlapping summary rows with medians [34.8, 36.3, 43.1] (spread 8.3 ticks, 21.8%) -- averaging, widening whiskers to the union
  note: num_ways=61 (random) has 3 overlapping summary rows with medians [35.4, 41.1, 45.9] (spread 10.5 ticks, 25.6%) -- averaging, widening whiskers to the union
  note: num_ways=62 (random) has 3 overlapping summary rows with medians [35.0, 40.9, 47.0] (spread 12.0 ticks, 29.2%) -- averaging, widening whiskers to the union
  note: num_ways=43 (sequential) has 3 overlapping summary rows with medians [25.1, 32.2, 25.1] (spread 7.1 ticks, 25.9%) -- averaging, widening whiskers to the union
  note: num_ways=44 (sequential) has 3 overlapping summary rows with medians [25.1, 32.1, 25.1] (spread 7.0 ticks, 25.6%) -- averaging, widening whiskers to the union
  note: num_ways=45 (sequential) has 3 overlapping summary rows with medians [25.1, 32.0, 25.1] (spread 7.0 ticks, 25.5%) -- averaging, widening whiskers to the union
  note: num_ways=46 (sequential) has 3 overlapping summary rows with medians [25.0, 31.8, 25.1] (spread 6.8 ticks, 24.9%) -- averaging, widening whiskers to the union
  note: num_ways=48 (sequential) has 3 overlapping summary rows with medians [37.6, 31.3, 29.8] (spread 7.8 ticks, 23.7%) -- averaging, widening whiskers to the union
  note: num_ways=49 (sequential) has 3 overlapping summary rows with medians [41.4, 31.3, 34.3] (spread 10.1 ticks, 28.4%) -- averaging, widening whiskers to the union
Wrote data_processed/sunbird/associativity/L1/plots/associativity_curve.pdf and .png
Wrote data_processed/sunbird/associativity/L1/plots/associativity_boxplots.pdf and .png
-- compressing raw CSVs for L1 --

== done ==
== L1: cache_bytes=32768 -> associativity=8 ==
== record in data_raw/sunbird/README.md: core=2, seed=12345, samples=1000000, timestamp=20260910T170145Z ==
== full transcript saved to: data_raw/sunbird/associativity/run_associativity_full_20260910T170145Z.log ==
