== run_associativity_full: machine=sunbird core=2 seed=12345 ==
== timestamp=20260910T181912Z ==
-- using explicit cache_bytes override: 33554432 --

== level L1: cache_bytes=33554432 ==
-- base sweep num_ways=2-64 --
  wrote 63002 lines -> data_raw/sunbird/associativity/L1/associativity_base_random_20260910T181912Z.csv
  wrote 63002 lines -> data_raw/sunbird/associativity/L1/associativity_base_sequential_20260910T181912Z.csv
Wrote 63 summary rows to data_processed/sunbird/associativity/L1/base_random_summary.csv
Wrote 63 summary rows to data_processed/sunbird/associativity/L1/base_sequential_summary.csv
-- detected associativity estimate: 5 --
  -- repeat 1/2 --
  wrote 63002 lines -> data_raw/sunbird/associativity/L1/associativity_rep1_random_20260910T181912Z.csv
  wrote 63002 lines -> data_raw/sunbird/associativity/L1/associativity_rep1_sequential_20260910T181912Z.csv
Wrote 63 summary rows to data_processed/sunbird/associativity/L1/rep1_random_summary.csv
Wrote 63 summary rows to data_processed/sunbird/associativity/L1/rep1_sequential_summary.csv
  -- repeat 2/2 --
  wrote 63002 lines -> data_raw/sunbird/associativity/L1/associativity_rep2_random_20260910T181912Z.csv
  wrote 63002 lines -> data_raw/sunbird/associativity/L1/associativity_rep2_sequential_20260910T181912Z.csv
Wrote 63 summary rows to data_processed/sunbird/associativity/L1/rep2_random_summary.csv
Wrote 63 summary rows to data_processed/sunbird/associativity/L1/rep2_sequential_summary.csv
-- generating plots for L1 --
  note: num_ways=2 (random) has 3 overlapping summary rows with medians [10.1, 14.0, 10.6] (spread 3.9 ticks, 33.9%) -- averaging, widening whiskers to the union
  note: num_ways=3 (random) has 3 overlapping summary rows with medians [10.1, 13.2, 10.5] (spread 3.2 ticks, 28.1%) -- averaging, widening whiskers to the union
Wrote data_processed/sunbird/associativity/L1/plots/associativity_curve.pdf and .png
Wrote data_processed/sunbird/associativity/L1/plots/associativity_boxplots.pdf and .png
-- compressing raw CSVs for L1 --

== done ==
== L1: cache_bytes=33554432 -> associativity=5 ==
== record in data_raw/sunbird/README.md: core=2, seed=12345, samples=1000000, timestamp=20260910T181912Z ==
== full transcript saved to: data_raw/sunbird/associativity/run_associativity_full_20260910T181912Z.log ==
