== run_associativity_full: machine=sunbird core=2 seed=12345 ==
== timestamp=20260910T181751Z ==
-- using explicit cache_bytes override: 16777216 --

== level L1: cache_bytes=16777216 ==
-- base sweep num_ways=2-64 --
  wrote 63002 lines -> data_raw/sunbird/associativity/L1/associativity_base_random_20260910T181751Z.csv
  wrote 63002 lines -> data_raw/sunbird/associativity/L1/associativity_base_sequential_20260910T181751Z.csv
Wrote 63 summary rows to data_processed/sunbird/associativity/L1/base_random_summary.csv
Wrote 63 summary rows to data_processed/sunbird/associativity/L1/base_sequential_summary.csv
-- detected associativity estimate: 6 --
  -- repeat 1/2 --
  wrote 63002 lines -> data_raw/sunbird/associativity/L1/associativity_rep1_random_20260910T181751Z.csv
  wrote 63002 lines -> data_raw/sunbird/associativity/L1/associativity_rep1_sequential_20260910T181751Z.csv
Wrote 63 summary rows to data_processed/sunbird/associativity/L1/rep1_random_summary.csv
Wrote 63 summary rows to data_processed/sunbird/associativity/L1/rep1_sequential_summary.csv
  -- repeat 2/2 --
  wrote 63002 lines -> data_raw/sunbird/associativity/L1/associativity_rep2_random_20260910T181751Z.csv
  wrote 63002 lines -> data_raw/sunbird/associativity/L1/associativity_rep2_sequential_20260910T181751Z.csv
Wrote 63 summary rows to data_processed/sunbird/associativity/L1/rep2_random_summary.csv
Wrote 63 summary rows to data_processed/sunbird/associativity/L1/rep2_sequential_summary.csv
-- generating plots for L1 --
  note: num_ways=2 (random) has 3 overlapping summary rows with medians [10.1, 13.2, 10.1] (spread 3.2 ticks, 28.5%) -- averaging, widening whiskers to the union
  note: num_ways=3 (random) has 3 overlapping summary rows with medians [10.1, 12.6, 10.1] (spread 2.5 ticks, 22.9%) -- averaging, widening whiskers to the union
  note: num_ways=7 (random) has 3 overlapping summary rows with medians [13.3, 10.1, 10.1] (spread 3.2 ticks, 28.7%) -- averaging, widening whiskers to the union
  note: num_ways=8 (random) has 3 overlapping summary rows with medians [12.6, 10.1, 10.1] (spread 2.5 ticks, 23.0%) -- averaging, widening whiskers to the union
Wrote data_processed/sunbird/associativity/L1/plots/associativity_curve.pdf and .png
Wrote data_processed/sunbird/associativity/L1/plots/associativity_boxplots.pdf and .png
-- compressing raw CSVs for L1 --

== done ==
== L1: cache_bytes=16777216 -> associativity=6 ==
== record in data_raw/sunbird/README.md: core=2, seed=12345, samples=1000000, timestamp=20260910T181751Z ==
== full transcript saved to: data_raw/sunbird/associativity/run_associativity_full_20260910T181751Z.log ==
