== run_associativity_full: machine=sunbird core=2 seed=12345 ==
== timestamp=20260910T211947Z ==
-- using explicit cache_bytes override: 262144 --

== level L1: cache_bytes=262144 ==
-- base sweep num_ways=2-64 --
  wrote 63002 lines -> data_raw/sunbird/associativity/L1/associativity_base_random_20260910T211947Z.csv
  wrote 63002 lines -> data_raw/sunbird/associativity/L1/associativity_base_sequential_20260910T211947Z.csv
Wrote 63 summary rows to data_processed/sunbird/associativity/L1/base_random_summary.csv
Wrote 63 summary rows to data_processed/sunbird/associativity/L1/base_sequential_summary.csv
-- detected associativity estimate: 4 --
  -- repeat 1/2 --
  wrote 63002 lines -> data_raw/sunbird/associativity/L1/associativity_rep1_random_20260910T211947Z.csv
  wrote 63002 lines -> data_raw/sunbird/associativity/L1/associativity_rep1_sequential_20260910T211947Z.csv
Wrote 63 summary rows to data_processed/sunbird/associativity/L1/rep1_random_summary.csv
Wrote 63 summary rows to data_processed/sunbird/associativity/L1/rep1_sequential_summary.csv
  -- repeat 2/2 --
  wrote 63002 lines -> data_raw/sunbird/associativity/L1/associativity_rep2_random_20260910T211947Z.csv
  wrote 63002 lines -> data_raw/sunbird/associativity/L1/associativity_rep2_sequential_20260910T211947Z.csv
Wrote 63 summary rows to data_processed/sunbird/associativity/L1/rep2_random_summary.csv
Wrote 63 summary rows to data_processed/sunbird/associativity/L1/rep2_sequential_summary.csv
-- generating plots for L1 --
  note: num_ways=9 (random) has 3 overlapping summary rows with medians [12.1, 12.1, 25.1] (spread 13.0 ticks, 79.1%) -- averaging, widening whiskers to the union
  note: num_ways=10 (random) has 3 overlapping summary rows with medians [25.0, 17.2, 25.1] (spread 7.9 ticks, 35.3%) -- averaging, widening whiskers to the union
  note: num_ways=11 (random) has 3 overlapping summary rows with medians [25.0, 17.1, 25.1] (spread 7.9 ticks, 35.3%) -- averaging, widening whiskers to the union
  note: num_ways=12 (random) has 3 overlapping summary rows with medians [25.1, 17.1, 25.0] (spread 7.9 ticks, 35.4%) -- averaging, widening whiskers to the union
  note: num_ways=13 (random) has 3 overlapping summary rows with medians [25.1, 20.1, 25.1] (spread 4.9 ticks, 21.0%) -- averaging, widening whiskers to the union
  note: num_ways=14 (random) has 3 overlapping summary rows with medians [25.1, 40.0, 25.0] (spread 15.0 ticks, 50.0%) -- averaging, widening whiskers to the union
  note: num_ways=15 (random) has 3 overlapping summary rows with medians [25.0, 41.1, 25.1] (spread 16.1 ticks, 53.1%) -- averaging, widening whiskers to the union
  note: num_ways=16 (random) has 3 overlapping summary rows with medians [25.1, 40.6, 25.1] (spread 15.5 ticks, 51.3%) -- averaging, widening whiskers to the union
  note: num_ways=17 (random) has 3 overlapping summary rows with medians [29.2, 47.1, 21.3] (spread 25.8 ticks, 79.3%) -- averaging, widening whiskers to the union
  note: num_ways=18 (random) has 3 overlapping summary rows with medians [33.0, 45.1, 33.1] (spread 12.1 ticks, 32.7%) -- averaging, widening whiskers to the union
  note: num_ways=19 (random) has 3 overlapping summary rows with medians [33.0, 43.8, 33.1] (spread 10.8 ticks, 29.6%) -- averaging, widening whiskers to the union
  note: num_ways=20 (random) has 3 overlapping summary rows with medians [33.0, 42.6, 33.1] (spread 9.6 ticks, 26.4%) -- averaging, widening whiskers to the union
  note: num_ways=21 (random) has 3 overlapping summary rows with medians [33.0, 43.2, 33.1] (spread 10.2 ticks, 28.1%) -- averaging, widening whiskers to the union
  note: num_ways=22 (random) has 3 overlapping summary rows with medians [33.1, 42.3, 33.1] (spread 9.3 ticks, 25.6%) -- averaging, widening whiskers to the union
  note: num_ways=23 (random) has 3 overlapping summary rows with medians [33.1, 41.8, 33.1] (spread 8.7 ticks, 24.3%) -- averaging, widening whiskers to the union
  note: num_ways=24 (random) has 3 overlapping summary rows with medians [33.9, 40.7, 33.1] (spread 7.6 ticks, 21.3%) -- averaging, widening whiskers to the union
  note: num_ways=25 (random) has 3 overlapping summary rows with medians [33.1, 48.0, 33.0] (spread 15.1 ticks, 39.6%) -- averaging, widening whiskers to the union
  note: num_ways=26 (random) has 3 overlapping summary rows with medians [33.7, 47.0, 33.0] (spread 14.0 ticks, 37.0%) -- averaging, widening whiskers to the union
  note: num_ways=27 (random) has 3 overlapping summary rows with medians [33.1, 46.0, 33.1] (spread 12.9 ticks, 34.6%) -- averaging, widening whiskers to the union
  note: num_ways=28 (random) has 3 overlapping summary rows with medians [33.1, 46.1, 33.1] (spread 13.1 ticks, 34.9%) -- averaging, widening whiskers to the union
  note: num_ways=29 (random) has 3 overlapping summary rows with medians [33.0, 46.2, 33.0] (spread 13.2 ticks, 35.3%) -- averaging, widening whiskers to the union
  note: num_ways=30 (random) has 3 overlapping summary rows with medians [33.0, 45.3, 33.0] (spread 12.3 ticks, 33.1%) -- averaging, widening whiskers to the union
  note: num_ways=31 (random) has 3 overlapping summary rows with medians [33.1, 44.7, 33.0] (spread 11.7 ticks, 31.7%) -- averaging, widening whiskers to the union
  note: num_ways=32 (random) has 3 overlapping summary rows with medians [33.1, 44.4, 33.1] (spread 11.3 ticks, 30.7%) -- averaging, widening whiskers to the union
  note: num_ways=33 (random) has 3 overlapping summary rows with medians [33.0, 47.9, 33.1] (spread 14.9 ticks, 39.2%) -- averaging, widening whiskers to the union
  note: num_ways=34 (random) has 3 overlapping summary rows with medians [33.1, 43.8, 33.0] (spread 10.8 ticks, 29.6%) -- averaging, widening whiskers to the union
  note: num_ways=35 (random) has 3 overlapping summary rows with medians [40.3, 44.6, 33.1] (spread 11.6 ticks, 29.4%) -- averaging, widening whiskers to the union
  note: num_ways=36 (random) has 3 overlapping summary rows with medians [33.1, 43.7, 39.9] (spread 10.6 ticks, 27.4%) -- averaging, widening whiskers to the union
  note: num_ways=40 (random) has 3 overlapping summary rows with medians [40.3, 41.8, 33.1] (spread 8.8 ticks, 22.8%) -- averaging, widening whiskers to the union
  note: num_ways=64 (random) has 3 overlapping summary rows with medians [53.1, 41.3, 44.4] (spread 11.8 ticks, 25.5%) -- averaging, widening whiskers to the union
  note: num_ways=9 (sequential) has 3 overlapping summary rows with medians [25.1, 12.1, 25.0] (spread 12.9 ticks, 62.4%) -- averaging, widening whiskers to the union
  note: num_ways=10 (sequential) has 3 overlapping summary rows with medians [25.1, 17.1, 25.0] (spread 7.9 ticks, 35.4%) -- averaging, widening whiskers to the union
  note: num_ways=11 (sequential) has 3 overlapping summary rows with medians [25.1, 17.1, 25.1] (spread 7.9 ticks, 35.3%) -- averaging, widening whiskers to the union
  note: num_ways=12 (sequential) has 3 overlapping summary rows with medians [25.1, 40.4, 25.1] (spread 15.4 ticks, 50.9%) -- averaging, widening whiskers to the union
  note: num_ways=13 (sequential) has 3 overlapping summary rows with medians [25.1, 43.0, 25.1] (spread 18.0 ticks, 57.8%) -- averaging, widening whiskers to the union
  note: num_ways=14 (sequential) has 3 overlapping summary rows with medians [25.1, 45.7, 25.1] (spread 20.7 ticks, 64.7%) -- averaging, widening whiskers to the union
  note: num_ways=15 (sequential) has 3 overlapping summary rows with medians [25.1, 43.4, 25.1] (spread 18.4 ticks, 58.9%) -- averaging, widening whiskers to the union
  note: num_ways=16 (sequential) has 3 overlapping summary rows with medians [25.1, 43.2, 25.1] (spread 18.2 ticks, 58.4%) -- averaging, widening whiskers to the union
  note: num_ways=17 (sequential) has 3 overlapping summary rows with medians [29.3, 46.9, 29.3] (spread 17.6 ticks, 50.0%) -- averaging, widening whiskers to the union
  note: num_ways=18 (sequential) has 3 overlapping summary rows with medians [33.1, 44.7, 33.0] (spread 11.7 ticks, 31.7%) -- averaging, widening whiskers to the union
  note: num_ways=19 (sequential) has 3 overlapping summary rows with medians [33.1, 43.3, 33.0] (spread 10.3 ticks, 28.2%) -- averaging, widening whiskers to the union
  note: num_ways=20 (sequential) has 3 overlapping summary rows with medians [33.1, 44.0, 33.4] (spread 10.9 ticks, 29.6%) -- averaging, widening whiskers to the union
  note: num_ways=21 (sequential) has 3 overlapping summary rows with medians [33.0, 45.8, 33.1] (spread 12.8 ticks, 34.4%) -- averaging, widening whiskers to the union
  note: num_ways=22 (sequential) has 3 overlapping summary rows with medians [33.1, 47.1, 33.1] (spread 14.0 ticks, 37.2%) -- averaging, widening whiskers to the union
  note: num_ways=23 (sequential) has 3 overlapping summary rows with medians [33.1, 46.1, 33.1] (spread 13.0 ticks, 34.8%) -- averaging, widening whiskers to the union
  note: num_ways=24 (sequential) has 3 overlapping summary rows with medians [33.1, 45.1, 33.0] (spread 12.1 ticks, 32.6%) -- averaging, widening whiskers to the union
  note: num_ways=25 (sequential) has 3 overlapping summary rows with medians [33.1, 47.6, 48.0] (spread 15.0 ticks, 34.9%) -- averaging, widening whiskers to the union
  note: num_ways=26 (sequential) has 3 overlapping summary rows with medians [33.1, 46.4, 46.8] (spread 13.8 ticks, 32.7%) -- averaging, widening whiskers to the union
  note: num_ways=27 (sequential) has 3 overlapping summary rows with medians [33.1, 45.6, 45.6] (spread 12.6 ticks, 30.4%) -- averaging, widening whiskers to the union
  note: num_ways=28 (sequential) has 3 overlapping summary rows with medians [33.1, 45.7, 44.3] (spread 12.6 ticks, 30.8%) -- averaging, widening whiskers to the union
  note: num_ways=29 (sequential) has 3 overlapping summary rows with medians [33.1, 46.9, 44.9] (spread 13.9 ticks, 33.3%) -- averaging, widening whiskers to the union
  note: num_ways=30 (sequential) has 3 overlapping summary rows with medians [33.1, 48.1, 44.1] (spread 15.0 ticks, 36.0%) -- averaging, widening whiskers to the union
  note: num_ways=31 (sequential) has 3 overlapping summary rows with medians [33.1, 47.2, 43.6] (spread 14.1 ticks, 34.2%) -- averaging, widening whiskers to the union
  note: num_ways=32 (sequential) has 3 overlapping summary rows with medians [33.0, 46.6, 42.9] (spread 13.6 ticks, 33.3%) -- averaging, widening whiskers to the union
  note: num_ways=33 (sequential) has 3 overlapping summary rows with medians [33.1, 48.2, 48.2] (spread 15.2 ticks, 35.2%) -- averaging, widening whiskers to the union
  note: num_ways=34 (sequential) has 3 overlapping summary rows with medians [33.1, 44.7, 48.4] (spread 15.3 ticks, 36.5%) -- averaging, widening whiskers to the union
  note: num_ways=35 (sequential) has 3 overlapping summary rows with medians [33.0, 44.0, 47.5] (spread 14.5 ticks, 34.9%) -- averaging, widening whiskers to the union
  note: num_ways=36 (sequential) has 3 overlapping summary rows with medians [34.0, 44.5, 46.3] (spread 12.3 ticks, 29.5%) -- averaging, widening whiskers to the union
  note: num_ways=37 (sequential) has 3 overlapping summary rows with medians [34.0, 44.7, 47.1] (spread 13.1 ticks, 31.2%) -- averaging, widening whiskers to the union
  note: num_ways=38 (sequential) has 3 overlapping summary rows with medians [33.0, 45.5, 46.2] (spread 13.2 ticks, 31.7%) -- averaging, widening whiskers to the union
  note: num_ways=39 (sequential) has 3 overlapping summary rows with medians [34.0, 44.5, 45.8] (spread 11.8 ticks, 28.6%) -- averaging, widening whiskers to the union
  note: num_ways=40 (sequential) has 3 overlapping summary rows with medians [33.1, 44.3, 45.3] (spread 12.2 ticks, 29.9%) -- averaging, widening whiskers to the union
  note: num_ways=41 (sequential) has 3 overlapping summary rows with medians [33.1, 43.6, 48.4] (spread 15.3 ticks, 36.7%) -- averaging, widening whiskers to the union
  note: num_ways=42 (sequential) has 3 overlapping summary rows with medians [33.9, 45.1, 47.7] (spread 13.8 ticks, 32.7%) -- averaging, widening whiskers to the union
  note: num_ways=43 (sequential) has 3 overlapping summary rows with medians [33.9, 44.7, 46.8] (spread 12.9 ticks, 31.0%) -- averaging, widening whiskers to the union
  note: num_ways=44 (sequential) has 3 overlapping summary rows with medians [33.8, 45.8, 46.4] (spread 12.6 ticks, 30.0%) -- averaging, widening whiskers to the union
  note: num_ways=45 (sequential) has 3 overlapping summary rows with medians [33.1, 45.4, 46.3] (spread 13.3 ticks, 31.9%) -- averaging, widening whiskers to the union
  note: num_ways=46 (sequential) has 3 overlapping summary rows with medians [33.9, 46.4, 46.1] (spread 12.5 ticks, 29.7%) -- averaging, widening whiskers to the union
  note: num_ways=47 (sequential) has 3 overlapping summary rows with medians [33.8, 45.7, 45.7] (spread 11.9 ticks, 28.6%) -- averaging, widening whiskers to the union
  note: num_ways=48 (sequential) has 3 overlapping summary rows with medians [33.1, 45.9, 45.2] (spread 12.8 ticks, 30.9%) -- averaging, widening whiskers to the union
  note: num_ways=49 (sequential) has 3 overlapping summary rows with medians [33.8, 44.2, 48.4] (spread 14.6 ticks, 34.8%) -- averaging, widening whiskers to the union
  note: num_ways=50 (sequential) has 3 overlapping summary rows with medians [34.0, 44.0, 47.8] (spread 13.9 ticks, 33.0%) -- averaging, widening whiskers to the union
  note: num_ways=51 (sequential) has 3 overlapping summary rows with medians [33.8, 43.6, 47.1] (spread 13.3 ticks, 32.0%) -- averaging, widening whiskers to the union
  note: num_ways=52 (sequential) has 3 overlapping summary rows with medians [33.9, 44.2, 46.2] (spread 12.4 ticks, 29.8%) -- averaging, widening whiskers to the union
  note: num_ways=53 (sequential) has 3 overlapping summary rows with medians [33.9, 44.6, 46.8] (spread 12.9 ticks, 31.0%) -- averaging, widening whiskers to the union
  note: num_ways=57 (sequential) has 3 overlapping summary rows with medians [38.8, 42.7, 48.5] (spread 9.8 ticks, 22.5%) -- averaging, widening whiskers to the union
  note: num_ways=58 (sequential) has 3 overlapping summary rows with medians [38.8, 42.7, 48.2] (spread 9.3 ticks, 21.6%) -- averaging, widening whiskers to the union
  note: num_ways=59 (sequential) has 3 overlapping summary rows with medians [38.7, 42.4, 48.3] (spread 9.7 ticks, 22.4%) -- averaging, widening whiskers to the union
Wrote data_processed/sunbird/associativity/L1/plots/associativity_curve.pdf and .png
Wrote data_processed/sunbird/associativity/L1/plots/associativity_boxplots.pdf and .png
-- compressing raw CSVs for L1 --

== done ==
== L1: cache_bytes=262144 -> associativity=4 ==
== record in data_raw/sunbird/README.md: core=2, seed=12345, samples=1000000, timestamp=20260910T211947Z ==
== full transcript saved to: data_raw/sunbird/associativity/run_associativity_full_20260910T211947Z.log ==
